1	exp	-8/1	8	0
2	exp	-8/1	24	0
3	exp	-8/1	64	0
4	exp	-4/1	8	0
5	exp	-4/1	24	0
6	exp	-4/1	64	0
7	exp	-1/1	8	0
8	exp	-1/1	24	0
9	exp	-1/1	64	0
10	exp	-1/2	8	0
11	exp	-1/2	24	0
12	exp	-1/2	64	0
13	exp	0/1	8	0
14	exp	0/1	24	0
15	exp	0/1	64	0
16	exp	1/2	8	0
17	exp	1/2	24	0
18	exp	1/2	64	0
19	exp	1/1	8	0
20	exp	1/1	24	0
21	exp	1/1	64	0
22	exp	4/1	8	0
23	exp	4/1	24	0
24	exp	4/1	64	0
25	exp	8/1	8	0
26	exp	8/1	24	0
27	exp	8/1	64	0
28	sin	-4/1	8	0
29	sin	-4/1	24	0
30	sin	-4/1	64	0
31	sin	-1/1	8	0
32	sin	-1/1	24	0
33	sin	-1/1	64	0
34	sin	-1/2	8	0
35	sin	-1/2	24	0
36	sin	-1/2	64	0
37	sin	0/1	8	251
38	sin	0/1	24	251
39	sin	0/1	64	251
40	sin	1/2	8	0
41	sin	1/2	24	0
42	sin	1/2	64	0
43	sin	1/1	8	0
44	sin	1/1	24	0
45	sin	1/1	64	0
46	sin	4/1	8	0
47	sin	4/1	24	0
48	sin	4/1	64	0
49	cos	-4/1	8	0
50	cos	-4/1	24	0
51	cos	-4/1	64	0
52	cos	-1/1	8	0
53	cos	-1/1	24	0
54	cos	-1/1	64	0
55	cos	-1/2	8	0
56	cos	-1/2	24	0
57	cos	-1/2	64	0
58	cos	0/1	8	0
59	cos	0/1	24	0
60	cos	0/1	64	0
61	cos	1/2	8	0
62	cos	1/2	24	0
63	cos	1/2	64	0
64	cos	1/1	8	0
65	cos	1/1	24	0
66	cos	1/1	64	0
67	cos	4/1	8	0
68	cos	4/1	24	0
69	cos	4/1	64	0
70	ln	1/16	8	0
71	ln	1/16	24	0
72	ln	1/16	64	0
73	ln	1/4	8	0
74	ln	1/4	24	0
75	ln	1/4	64	0
76	ln	1/2	8	0
77	ln	1/2	24	0
78	ln	1/2	64	0
79	ln	1/1	8	0
80	ln	1/1	24	0
81	ln	1/1	64	0
82	ln	3/2	8	0
83	ln	3/2	24	0
84	ln	3/2	64	0
85	ln	2/1	8	0
86	ln	2/1	24	0
87	ln	2/1	64	0
88	ln	8/1	8	0
89	ln	8/1	24	0
90	ln	8/1	64	0
91	atan	-1/1	8	0
92	atan	-1/1	24	0
93	atan	-1/1	64	0
94	atan	-1/2	8	0
95	atan	-1/2	24	0
96	atan	-1/2	64	0
97	atan	0/1	8	251
98	atan	0/1	24	251
99	atan	0/1	64	251
100	atan	1/2	8	0
101	atan	1/2	24	0
102	atan	1/2	64	0
103	atan	1/1	8	0
104	atan	1/1	24	ETIMEDOUT
105	atan	1/1	64	ETIMEDOUT
106	pi	0/1	8	0
107	pi	0/1	24	0
108	pi	0/1	64	0
completed 108 requests; 100 returned finite prefixes
