1/42	logistic sb-float decimal-0.1 1 10 10 32	prefix
2/42	logistic sb-float decimal-0.1 1 10 40 32	prefix
3/42	logistic sb-float decimal-0.1 1 10 60 32	prefix
4/42	logistic sb-float decimal-0.5467 5467 10000 10 32	prefix
5/42	logistic sb-float decimal-0.5467 5467 10000 40 32	prefix
6/42	logistic sb-float decimal-0.5467 5467 10000 60 32	prefix
7/42	logistic cross-float decimal-0.1 1 10 10 32	prefix
8/42	logistic cross-float decimal-0.1 1 10 40 32	prefix
9/42	logistic cross-float decimal-0.1 1 10 60 32	prefix
10/42	logistic cross-float decimal-0.5467 5467 10000 10 32	prefix
11/42	logistic cross-float decimal-0.5467 5467 10000 40 32	prefix
12/42	logistic cross-float decimal-0.5467 5467 10000 60 32	prefix
13/42	logistic dy-float decimal-0.1 1 10 10 32	prefix
14/42	logistic dy-float decimal-0.1 1 10 40 32	ETIMEDOUT
15/42	logistic dy-float decimal-0.1 1 10 60 32	ETIMEDOUT
16/42	logistic dy-float decimal-0.5467 5467 10000 10 32	prefix
17/42	logistic dy-float decimal-0.5467 5467 10000 40 32	ETIMEDOUT
18/42	logistic dy-float decimal-0.5467 5467 10000 60 32	ETIMEDOUT
19/42	logistic sb-unnormalized decimal-0.1 1 10 10 32	prefix
20/42	logistic sb-unnormalized decimal-0.1 1 10 40 32	prefix
21/42	logistic sb-unnormalized decimal-0.1 1 10 60 32	prefix
22/42	logistic sb-unnormalized decimal-0.5467 5467 10000 10 32	prefix
23/42	logistic sb-unnormalized decimal-0.5467 5467 10000 40 32	prefix
24/42	logistic sb-unnormalized decimal-0.5467 5467 10000 60 32	prefix
25/42	logistic sb-stream decimal-0.1 1 10 10 32	prefix
26/42	logistic sb-stream decimal-0.1 1 10 40 32	prefix
27/42	logistic sb-stream decimal-0.1 1 10 60 32	prefix
28/42	logistic sb-stream decimal-0.5467 5467 10000 10 32	prefix
29/42	logistic sb-stream decimal-0.5467 5467 10000 40 32	prefix
30/42	logistic sb-stream decimal-0.5467 5467 10000 60 32	prefix
31/42	logistic cross-stream decimal-0.1 1 10 10 32	prefix
32/42	logistic cross-stream decimal-0.1 1 10 40 32	prefix
33/42	logistic cross-stream decimal-0.1 1 10 60 32	prefix
34/42	logistic cross-stream decimal-0.5467 5467 10000 10 32	prefix
35/42	logistic cross-stream decimal-0.5467 5467 10000 40 32	prefix
36/42	logistic cross-stream decimal-0.5467 5467 10000 60 32	prefix
37/42	logistic dy-stream decimal-0.1 1 10 10 32	prefix
38/42	logistic dy-stream decimal-0.1 1 10 40 32	ETIMEDOUT
39/42	logistic dy-stream decimal-0.1 1 10 60 32	ETIMEDOUT
40/42	logistic dy-stream decimal-0.5467 5467 10000 10 32	prefix
41/42	logistic dy-stream decimal-0.5467 5467 10000 40 32	ETIMEDOUT
42/42	logistic dy-stream decimal-0.5467 5467 10000 60 32	ETIMEDOUT
Requests 42; finite results 34; numerical qualification is separate.
