0	0.1	4
0	0.1	8
0	0.1	10
0	0.5467	4
0	0.5467	8
0	0.5467	10
1	0.1	4
1	0.1	8
1	0.1	10
1	0.5467	4
1	0.5467	8
1	0.5467	10
2	0.1	4
2	0.1	8
2	0.1	10
2	0.5467	4
2	0.5467	8
2	0.5467	10
3	0.1	4
3	0.1	8
3	0.1	10
3	0.5467	4
3	0.5467	8
3	0.5467	10
4	0.1	4
4	0.1	8
4	0.1	10
4	0.5467	4
4	0.5467	8
4	0.5467	10
5	0.1	4
5	0.1	8
5	0.1	10
5	0.5467	4
5	0.5467	8
5	0.5467	10
6	0.1	4
6	0.1	8
6	0.1	10
6	0.5467	4
6	0.5467	8
6	0.5467	10
7	0.1	4
7	0.1	8
7	0.1	10
7	0.5467	4
7	0.5467	8
7	0.5467	10
8	0.1	4
8	0.1	8
8	0.1	10
8	0.5467	4
8	0.5467	8
8	0.5467	10
PASS observations=108; discard round0 warmups before analysis
