[ 1 of 12] Compiling DyDigit          ( /home/tim/Documents/GitHub/workspace/.audit-plume.SZHOs8/compat/DyDigit.hs, .audit-plume-late.4Yth3g/bench-build/DyDigit.o )

/home/tim/Documents/GitHub/workspace/.audit-plume.SZHOs8/compat/DyDigit.hs:79:1: warning: [GHC-94817] [-Wtabs]
    Tab character found here, and in 33 further locations.
    Suggested fix: Please use spaces instead.
   |
79 |                    | otherwise = dydNormalise (a `div` 2, b - 1)
   | ^^^^^^^^
[ 2 of 12] Compiling DyStream         ( /home/tim/Documents/GitHub/workspace/.audit-plume.SZHOs8/compat/DyStream.hs, .audit-plume-late.4Yth3g/bench-build/DyStream.o )

/home/tim/Documents/GitHub/workspace/.audit-plume.SZHOs8/compat/DyStream.hs:51:1: warning: [GHC-53633] [-Woverlapping-patterns]
    Pattern match is redundant
    In an equation for ‘dysDigAdd’: dysDigAdd d (h : x) = ...
   |
51 | dysDigAdd d    (h:x) = (a:dysDigAdd b x)
   | ^^^^^^^^^^^^^^^^^^^^^^^^^^^^^^^^^^^^^^^^...

/home/tim/Documents/GitHub/workspace/.audit-plume.SZHOs8/compat/DyStream.hs:77:1: warning: [GHC-94817] [-Wtabs]
    Tab character found here, and in 8 further locations.
    Suggested fix: Please use spaces instead.
   |
77 |                           else (n,x)
   | ^^^^^^^^
[ 3 of 12] Compiling DyFloat          ( /home/tim/Documents/GitHub/workspace/.audit-plume.SZHOs8/compat/DyFloat.hs, .audit-plume-late.4Yth3g/bench-build/DyFloat.o )

/home/tim/Documents/GitHub/workspace/.audit-plume.SZHOs8/compat/DyFloat.hs:43:35: warning: [GHC-94817] [-Wtabs]
    Tab character found here, and in 11 further locations.
    Suggested fix: Please use spaces instead.
   |
43 | dyf_Half           = (0, dys_Half)         :: DyFloat
   |                                   ^^^^^^
[ 4 of 12] Compiling Utils            ( /home/tim/Documents/GitHub/workspace/.audit-plume.SZHOs8/compat/Utils.hs, .audit-plume-late.4Yth3g/bench-build/Utils.o )

/home/tim/Documents/GitHub/workspace/.audit-plume.SZHOs8/compat/Utils.hs:7:1: warning: [GHC-94817] [-Wtabs]
    Tab character found here.
    Suggested fix: Please use spaces instead.
  |
7 |          where
  | ^^^^^^^^
[ 5 of 12] Compiling SBinStream       ( /home/tim/Documents/GitHub/workspace/.audit-plume.SZHOs8/compat/SBinStream.hs, .audit-plume-late.4Yth3g/bench-build/SBinStream.o )

/home/tim/Documents/GitHub/workspace/.audit-plume.SZHOs8/compat/SBinStream.hs:38:1: warning: [GHC-94817] [-Wtabs]
    Tab character found here, and in 59 further locations.
    Suggested fix: Please use spaces instead.
   |
38 |         where
   | ^^^^^^^^
[ 6 of 12] Compiling SBinFloat        ( /home/tim/Documents/GitHub/workspace/.audit-plume.SZHOs8/compat/SBinFloat.hs, .audit-plume-late.4Yth3g/bench-build/SBinFloat.o )

/home/tim/Documents/GitHub/workspace/.audit-plume.SZHOs8/compat/SBinFloat.hs:24:2: warning: [GHC-94817] [-Wtabs]
    Tab character found here, and in three further locations.
    Suggested fix: Please use spaces instead.
   |
24 | )       where
   |  ^^^^^^^
[ 7 of 12] Compiling Convert          ( /home/tim/Documents/GitHub/workspace/.audit-plume.SZHOs8/compat/Convert.hs, .audit-plume-late.4Yth3g/bench-build/Convert.o )

/home/tim/Documents/GitHub/workspace/.audit-plume.SZHOs8/compat/Convert.hs:27:1: warning: [GHC-94817] [-Wtabs]
    Tab character found here, and in 7 further locations.
    Suggested fix: Please use spaces instead.
   |
27 |         | dydGTE c dyd_Quarter      =
   | ^^^^^^^^
[ 8 of 12] Compiling SBinDec          ( /home/tim/Documents/GitHub/workspace/.audit-plume.SZHOs8/compat/SBinDec.hs, .audit-plume-late.4Yth3g/bench-build/SBinDec.o )

/home/tim/Documents/GitHub/workspace/.audit-plume.SZHOs8/compat/SBinDec.hs:20:1: warning: [GHC-94817] [-Wtabs]
    Tab character found here, and in 87 further locations.
    Suggested fix: Please use spaces instead.
   |
20 |             if (two_r <= -1.0) then (-1:(sbGen (two_r+1.0))) else
   | ^^^^^^^^
[ 9 of 12] Compiling X_Repn           ( /home/tim/Documents/GitHub/workspace/.audit-plume.SZHOs8/compat/X_Repn.hs, .audit-plume-late.4Yth3g/bench-build/X_Repn.o )

/home/tim/Documents/GitHub/workspace/.audit-plume.SZHOs8/compat/X_Repn.hs:31:1: warning: [GHC-53633] [-Woverlapping-patterns]
    Pattern match is redundant
    In an equation for ‘sbDiv’: sbDiv _ (1 : -1 : _) = ...
   |
31 | sbDiv _ ( 1: -1: _) = undefined
   | ^^^^^^^^^^^^^^^^^^^^^^^^^^^^^^^

/home/tim/Documents/GitHub/workspace/.audit-plume.SZHOs8/compat/X_Repn.hs:32:1: warning: [GHC-53633] [-Woverlapping-patterns]
    Pattern match is redundant
    In an equation for ‘sbDiv’: sbDiv _ (-1 : 1 : _) = ...
   |
32 | sbDiv _ (-1:  1: _) = undefined
   | ^^^^^^^^^^^^^^^^^^^^^^^^^^^^^^^

/home/tim/Documents/GitHub/workspace/.audit-plume.SZHOs8/compat/X_Repn.hs:57:1: warning: [GHC-94817] [-Wtabs]
    Tab character found here, and in 19 further locations.
    Suggested fix: Please use spaces instead.
   |
57 |         (-1) -> if (a'==1) then  (sbDiv_emit 2 (-1:r'') y) else
   | ^^^^^^^^
[10 of 12] Compiling Tests            ( /home/tim/Documents/GitHub/workspace/.audit-plume-late.4Yth3g/overlay/Tests.hs, .audit-plume-late.4Yth3g/bench-build/Tests.o )

/home/tim/Documents/GitHub/workspace/.audit-plume-late.4Yth3g/overlay/Tests.hs:84:1: warning: [GHC-94817] [-Wtabs]
    Tab character found here, and in one further location.
    Suggested fix: Please use spaces instead.
   |
84 |         where x' = log_mapSB' x
   | ^^^^^^^^
[11 of 12] Compiling Main             ( exact-real-references/plume-qualification/LateBenchmark.hs, .audit-plume-late.4Yth3g/bench-build/Main.o )
[12 of 12] Linking .audit-plume-late.4Yth3g/late-benchmark
