constructed 1
constructed 2
constructed 3
constructed 4
constructed 5
constructed 6
constructed 7
constructed 8
constructed 9
constructed 10
PASS Hyper logistic k=10, four precision/history queries
	Command being timed: "timeout 10s prlimit --as=536870912 .audit-targets/ireal-derivative-18555/release/late_oracle hyper 1 10 10 32"
	User time (seconds): 0.00
	System time (seconds): 0.00
	Percent of CPU this job got: 66%
	Elapsed (wall clock) time (h:mm:ss or m:ss): 0:00.00
	Average shared text size (kbytes): 0
	Average unshared data size (kbytes): 0
	Average stack size (kbytes): 0
	Average total size (kbytes): 0
	Maximum resident set size (kbytes): 3716
	Average resident set size (kbytes): 0
	Major (requiring I/O) page faults: 1
	Minor (reclaiming a frame) page faults: 335
	Voluntary context switches: 6
	Involuntary context switches: 1
	Swaps: 0
	File system inputs: 88
	File system outputs: 8
	Socket messages sent: 0
	Socket messages received: 0
	Signals delivered: 0
	Page size (bytes): 4096
	Exit status: 0
