==9== Memcheck, a memory error detector
==9== Copyright (C) 2002-2026, and GNU GPL'd, by Julian Seward et al.
==9== Using Valgrind-3.27.1 and LibVEX; rerun with -h for copyright info
==9== Command: .audit-plume.SZHOs8/kernel-probe extra +RTS -M512m -RTS
==9== 
FAIL	int-div-overflow	(-4,-9223372036854775808,64)	Right False
FAIL	int-div-overflow	(-4,-9223372036854775808,80)	Right False
FAIL	int-div-overflow	(-4,-9223372036854775808,128)	Right False
FAIL	float-int-div-overflow	(-3,9223372036854775807,64)	Right False
FAIL	float-int-div-overflow	(-3,9223372036854775807,80)	Right False
FAIL	float-int-div-overflow	(-3,9223372036854775807,128)	Right False
operation	checks	failures	exceptions
decimal-import 195 0 0
dy-average 11250 0 0
dy-average-neg 11250 0 0
dy-convert 150 0 0
dy-digit-mul 4950 0 0
dy-multiply 11250 0 0
dy-negate 150 0 0
float-int-div-overflow 135 40 0
int-div-overflow 135 67 0
TOTAL (39465,107,0)
==9== 
==9== HEAP SUMMARY:
==9==     in use at exit: 4,195,904 bytes in 14 blocks
==9==   total heap usage: 4,717 allocs, 4,703 frees, 4,300,711 bytes allocated
==9== 
==9== For a detailed leak analysis, rerun with: --leak-check=full
==9== 
==9== For lists of detected and suppressed errors, rerun with: -s
==9== ERROR SUMMARY: 0 errors from 0 contexts (suppressed: 0 from 0)
