Calculator version 1.0:

==> Digits:=30
Digits = 30

==> x := 77617
Okay.

==> y := 33096
Okay.

==> 333.75*y*y*y*y*y*y + x*x*(11*x*x*y*y-y*y*y*y*y*y-121*y*y*y*y-2)+5.5*y*y*y*y*y*y*y*y+x/(2*y)
2^(144) * 0.  0 0 0 0 0 0 0 0 0 0 0 0 0 0 0 0 0 0 0 0 0 0 0 0 0 0 0 0 0 0 0 0 0 0 0 0 0 0 0 0 0 0 0 -4 3 -1 0 -2 3 -2 -2 -5 0 -2 -2 6 0 -3 -2 -2 -2 -2 -5 -4 -2 0
= -0.827396059946821368141165095480

==> exit
Exiting ...
	Command being timed: "timeout 15s .audit-plume.SZHOs8/plume-calc"
	User time (seconds): 0.01
	System time (seconds): 0.00
	Percent of CPU this job got: 86%
	Elapsed (wall clock) time (h:mm:ss or m:ss): 0:00.02
	Average shared text size (kbytes): 0
	Average unshared data size (kbytes): 0
	Average stack size (kbytes): 0
	Average total size (kbytes): 0
	Maximum resident set size (kbytes): 11716
	Average resident set size (kbytes): 0
	Major (requiring I/O) page faults: 0
	Minor (reclaiming a frame) page faults: 2138
	Voluntary context switches: 9
	Involuntary context switches: 3
	Swaps: 0
	File system inputs: 48
	File system outputs: 8
	Socket messages sent: 0
	Socket messages received: 0
	Signals delivered: 0
	Page size (bytes): 4096
	Exit status: 0
