0	before	rational	256	704881	710721	9217	413344	18293516286343228101
0	after	rational	256	710160	715271	9217	413344	18293516286343228101
0	before	known-small	256	948491	953395	15747	947512	3400081804486582336
0	after	known-small	256	983568	988692	15747	947512	3400081804486582336
0	before	known-negative	256	1240787	1245745	21892	1673632	8449262134780621760
0	after	known-negative	256	1317340	1322769	21892	1673632	8449262134780621760
0	before	opaque-small	256	1201160	1206557	15035	693440	2443589875691863452
0	after	opaque-small	256	1204811	1209757	15035	693440	2443589875691863452
0	before	opaque-positive	256	3354631	3375178	39097	1795424	11910428518729275200
0	after	opaque-positive	256	3978959	3995075	45333	2071824	11910428518729275200
0	before	warm-negative	256	2204816	2213778	34498	1878224	10637894588566977728
0	after	warm-negative	256	2665700	2674857	39174	2131712	10637894588566977728
0	before	hint-small	256	2688836	2699145	36613	1824336	5837398773739874048
0	after	hint-small	256	2712785	2723383	36613	1824336	5837398773739874048
1	after	rational	256	734279	739819	9217	413344	18293516286343228101
1	before	rational	256	759367	761558	9217	413344	18293516286343228101
1	after	known-small	256	1049382	1056478	15747	947512	3400081804486582336
1	before	known-small	256	1015415	1023669	15747	947512	3400081804486582336
1	after	known-negative	256	1387515	1398024	21892	1673632	8449262134780621760
1	before	known-negative	256	1410302	1414713	21892	1673632	8449262134780621760
1	after	opaque-small	256	1203019	1208407	15035	693440	2443589875691863452
1	before	opaque-small	256	1206969	1212807	15035	693440	2443589875691863452
1	after	opaque-positive	256	3996307	4014964	45333	2071824	11910428518729275200
1	before	opaque-positive	256	3344871	3360999	39097	1795424	11910428518729275200
1	after	warm-negative	256	2588335	2597131	39174	2131712	10637894588566977728
1	before	warm-negative	256	2217536	2226147	34498	1878224	10637894588566977728
1	after	hint-small	256	2607803	2617261	36613	1824336	5837398773739874048
1	before	hint-small	256	2376282	2389566	36613	1824336	5837398773739874048
2	before	rational	256	689033	694043	9217	413344	18293516286343228101
2	after	rational	256	685802	690763	9217	413344	18293516286343228101
2	before	known-small	256	977578	982443	15747	947512	3400081804486582336
2	after	known-small	256	987558	992452	15747	947512	3400081804486582336
2	before	known-negative	256	1254356	1259524	21892	1673632	8449262134780621760
2	after	known-negative	256	1283384	1288791	21892	1673632	8449262134780621760
2	before	opaque-small	256	1218808	1227026	15035	693440	2443589875691863452
2	after	opaque-small	256	1238338	1244475	15035	693440	2443589875691863452
2	before	opaque-positive	256	3382639	3395057	39097	1795424	11910428518729275200
2	after	opaque-positive	256	4083100	4099418	45333	2071824	11910428518729275200
2	before	warm-negative	256	2279309	2290413	34498	1878224	10637894588566977728
2	after	warm-negative	256	2573216	2585143	39174	2131712	10637894588566977728
2	before	hint-small	256	2477233	2487729	36613	1824336	5837398773739874048
2	after	hint-small	256	3003599	3018073	36613	1824336	5837398773739874048
3	after	rational	256	1130327	1137412	9217	413344	18293516286343228101
3	before	rational	256	713820	718700	9217	413344	18293516286343228101
3	after	known-small	256	1002177	1008230	15747	947512	3400081804486582336
3	before	known-small	256	964051	969554	15747	947512	3400081804486582336
3	after	known-negative	256	1867714	1876842	21892	1673632	8449262134780621760
3	before	known-negative	256	2155670	2166271	21892	1673632	8449262134780621760
3	after	opaque-small	256	1195132	1203678	15035	693440	2443589875691863452
3	before	opaque-small	256	1315361	1321049	15035	693440	2443589875691863452
3	after	opaque-positive	256	3992048	4007715	45333	2071824	11910428518729275200
3	before	opaque-positive	256	3347393	3359479	39097	1795424	11910428518729275200
3	after	warm-negative	256	2642261	2658288	39174	2131712	10637894588566977728
3	before	warm-negative	256	3343702	3366329	34498	1878224	10637894588566977728
3	after	hint-small	256	2773141	2790489	36613	1824336	5837398773739874048
3	before	hint-small	256	2465886	2475710	36613	1824336	5837398773739874048
4	before	rational	256	692472	697252	9217	413344	18293516286343228101
4	after	rational	256	707301	708651	9217	413344	18293516286343228101
4	before	known-small	256	942592	944045	15747	947512	3400081804486582336
4	after	known-small	256	994087	999211	15747	947512	3400081804486582336
4	before	known-negative	256	1248126	1253474	21892	1673632	8449262134780621760
4	after	known-negative	256	1289763	1294351	21892	1673632	8449262134780621760
4	before	opaque-small	256	1197390	1203448	15035	693440	2443589875691863452
4	after	opaque-small	256	1211759	1217147	15035	693440	2443589875691863452
4	before	opaque-positive	256	3384178	3396577	39097	1795424	11910428518729275200
4	after	opaque-positive	256	3990967	4007655	45333	2071824	11910428518729275200
4	before	warm-negative	256	2196357	2207409	34498	1878224	10637894588566977728
4	after	warm-negative	256	2551058	2564124	39174	2131712	10637894588566977728
4	before	hint-small	256	2394941	2407775	36613	1824336	5837398773739874048
4	after	hint-small	256	2642710	2653418	36613	1824336	5837398773739874048
5	after	rational	256	701271	705992	9217	413344	18293516286343228101
5	before	rational	256	699702	701062	9217	413344	18293516286343228101
5	after	known-small	256	990887	995812	15747	947512	3400081804486582336
5	before	known-small	256	943691	949695	15747	947512	3400081804486582336
5	after	known-negative	256	1304841	1310340	21892	1673632	8449262134780621760
5	before	known-negative	256	1261326	1267213	21892	1673632	8449262134780621760
5	after	opaque-small	256	1196221	1201778	15035	693440	2443589875691863452
5	before	opaque-small	256	1208340	1213756	15035	693440	2443589875691863452
5	after	opaque-positive	256	3999067	4016185	45333	2071824	11910428518729275200
5	before	opaque-positive	256	3381089	3393467	39097	1795424	11910428518729275200
5	after	warm-negative	256	2556408	2566754	39174	2131712	10637894588566977728
5	before	warm-negative	256	2266281	2276183	34498	1878224	10637894588566977728
5	after	hint-small	256	2662477	2673786	36613	1824336	5837398773739874048
5	before	hint-small	256	2396909	2406875	36613	1824336	5837398773739874048
6	before	rational	256	704671	709811	9217	413344	18293516286343228101
6	after	rational	256	697052	702592	9217	413344	18293516286343228101
6	before	known-small	256	948652	954124	15747	947512	3400081804486582336
6	after	known-small	256	992697	998231	15747	947512	3400081804486582336
6	before	known-negative	256	1233367	1238795	21892	1673632	8449262134780621760
6	after	known-negative	256	1290403	1298680	21892	1673632	8449262134780621760
6	before	opaque-small	256	1205369	1215386	15035	693440	2443589875691863452
6	after	opaque-small	256	1250286	1259084	15035	693440	2443589875691863452
6	before	opaque-positive	256	3360159	3378328	39097	1795424	11910428518729275200
6	after	opaque-positive	256	4031464	4048712	45333	2071824	11910428518729275200
6	before	warm-negative	256	2213465	2227127	34498	1878224	10637894588566977728
6	after	warm-negative	256	2546068	2561005	39174	2131712	10637894588566977728
6	before	hint-small	256	2367313	2376987	36613	1824336	5837398773739874048
6	after	hint-small	256	2597234	2605991	36613	1824336	5837398773739874048
7	after	rational	256	701861	708162	9217	413344	18293516286343228101
7	before	rational	256	702082	707202	9217	413344	18293516286343228101
7	after	known-small	256	994487	999682	15747	947512	3400081804486582336
7	before	known-small	256	938772	943926	15747	947512	3400081804486582336
7	after	known-negative	256	1285982	1294051	21892	1673632	8449262134780621760
7	before	known-negative	256	1299272	1309140	21892	1673632	8449262134780621760
7	after	opaque-small	256	1234907	1241065	15035	693440	2443589875691863452
7	before	opaque-small	256	1230908	1239085	15035	693440	2443589875691863452
7	after	opaque-positive	256	4030835	4048982	45333	2071824	11910428518729275200
7	before	opaque-positive	256	3426815	3443494	39097	1795424	11910428518729275200
7	after	warm-negative	256	2577416	2589292	39174	2131712	10637894588566977728
7	before	warm-negative	256	2222746	2251836	34498	1878224	10637894588566977728
7	after	hint-small	256	2625422	2639219	36613	1824336	5837398773739874048
7	before	hint-small	256	2381691	2390366	36613	1824336	5837398773739874048
8	before	rational	256	701252	706441	9217	413344	18293516286343228101
8	after	rational	256	701263	707522	9217	413344	18293516286343228101
8	before	known-small	256	987358	993402	15747	947512	3400081804486582336
8	after	known-small	256	1003376	1008331	15747	947512	3400081804486582336
8	before	known-negative	256	1231087	1235615	21892	1673632	8449262134780621760
8	after	known-negative	256	1273704	1278752	21892	1673632	8449262134780621760
8	before	opaque-small	256	1212109	1217027	15035	693440	2443589875691863452
8	after	opaque-small	256	1202449	1208267	15035	693440	2443589875691863452
8	before	opaque-positive	256	3360980	3372979	39097	1795424	11910428518729275200
8	after	opaque-positive	256	4014855	4036633	45333	2071824	11910428518729275200
8	before	warm-negative	256	2201008	2211338	34498	1878224	10637894588566977728
8	after	warm-negative	256	2549828	2559314	39174	2131712	10637894588566977728
8	before	hint-small	256	2381293	2393466	36613	1824336	5837398773739874048
8	after	hint-small	256	2619343	2632439	36613	1824336	5837398773739874048
PASS 126 numerically qualified CPU6 process observations; pilot is not final evidence, round0 excluded from final analysis.
