==10== Memcheck, a memory error detector
==10== Copyright (C) 2002-2026, and GNU GPL'd, by Julian Seward et al.
==10== Using Valgrind-3.27.1 and LibVEX; rerun with -h for copyright info
==10== Command: .audit-targets/ireal-derivative-18555/release/deps/hyperreal-1cc0b97c8fd55e9c series_wide_coefficients --test-threads=1
==10== 

running 4 tests
test computable::node::tests::asin_computable_series_wide_coefficients ... ok
test computable::node::tests::asin_rational_series_wide_coefficients ... ok
test computable::node::tests::asinh_computable_series_wide_coefficients ... ok
test computable::node::tests::asinh_rational_series_wide_coefficients ... ok

test result: ok. 4 passed; 0 failed; 0 ignored; 0 measured; 750 filtered out; finished in 119.04s

==10== 
==10== HEAP SUMMARY:
==10==     in use at exit: 99,376 bytes in 54 blocks
==10==   total heap usage: 504,871 allocs, 504,817 frees, 7,720,359,047 bytes allocated
==10== 
==10== For a detailed leak analysis, rerun with: --leak-check=full
==10== 
==10== For lists of detected and suppressed errors, rerun with: -s
==10== ERROR SUMMARY: 0 errors from 0 contexts (suppressed: 0 from 0)
