{"index":1,"args":["elementary","sqrt","0","1","8"],"status":0,"bytes":13}
{"index":2,"args":["elementary","sqrt","0","1","32"],"status":0,"bytes":14}
{"index":3,"args":["elementary","sqrt","0","1","80"],"status":0,"bytes":14}
{"index":4,"args":["elementary","sqrt","0","1","160"],"status":0,"bytes":15}
{"index":5,"args":["elementary","sqrt","1","16","8"],"status":0,"bytes":15}
{"index":6,"args":["elementary","sqrt","1","16","32"],"status":0,"bytes":24}
{"index":7,"args":["elementary","sqrt","1","16","80"],"status":0,"bytes":38}
{"index":8,"args":["elementary","sqrt","1","16","160"],"status":0,"bytes":63}
{"index":9,"args":["elementary","sqrt","2","1","8"],"status":0,"bytes":15}
{"index":10,"args":["elementary","sqrt","2","1","32"],"status":0,"bytes":23}
{"index":11,"args":["elementary","sqrt","2","1","80"],"status":0,"bytes":38}
{"index":12,"args":["elementary","sqrt","2","1","160"],"status":0,"bytes":63}
{"index":13,"args":["elementary","sqrt","9","4","8"],"status":0,"bytes":15}
{"index":14,"args":["elementary","sqrt","9","4","32"],"status":0,"bytes":23}
{"index":15,"args":["elementary","sqrt","9","4","80"],"status":0,"bytes":38}
{"index":16,"args":["elementary","sqrt","9","4","160"],"status":0,"bytes":63}
{"index":17,"args":["elementary","sqrt","1000","1","8"],"status":0,"bytes":19}
{"index":18,"args":["elementary","sqrt","1000","1","32"],"status":0,"bytes":28}
{"index":19,"args":["elementary","sqrt","1000","1","80"],"status":0,"bytes":42}
{"index":20,"args":["elementary","sqrt","1000","1","160"],"status":0,"bytes":67}
{"index":21,"args":["elementary","exp","-16","1","8"],"status":0,"bytes":14}
{"index":22,"args":["elementary","exp","-16","1","32"],"status":0,"bytes":17}
{"index":23,"args":["elementary","exp","-16","1","80"],"status":0,"bytes":32}
{"index":24,"args":["elementary","exp","-16","1","160"],"status":0,"bytes":57}
{"index":25,"args":["elementary","exp","-2","1","8"],"status":0,"bytes":14}
{"index":26,"args":["elementary","exp","-2","1","32"],"status":0,"bytes":22}
{"index":27,"args":["elementary","exp","-2","1","80"],"status":0,"bytes":37}
{"index":28,"args":["elementary","exp","-2","1","160"],"status":0,"bytes":62}
{"index":29,"args":["elementary","exp","-1","4","8"],"status":0,"bytes":15}
{"index":30,"args":["elementary","exp","-1","4","32"],"status":0,"bytes":23}
{"index":31,"args":["elementary","exp","-1","4","80"],"status":0,"bytes":37}
{"index":32,"args":["elementary","exp","-1","4","160"],"status":0,"bytes":63}
{"index":33,"args":["elementary","exp","0","1","8"],"status":0,"bytes":14}
{"index":34,"args":["elementary","exp","0","1","32"],"status":0,"bytes":22}
{"index":35,"args":["elementary","exp","0","1","80"],"status":0,"bytes":37}
{"index":36,"args":["elementary","exp","0","1","160"],"status":0,"bytes":62}
{"index":37,"args":["elementary","exp","1","2","8"],"status":0,"bytes":14}
{"index":38,"args":["elementary","exp","1","2","32"],"status":0,"bytes":22}
{"index":39,"args":["elementary","exp","1","2","80"],"status":0,"bytes":37}
{"index":40,"args":["elementary","exp","1","2","160"],"status":0,"bytes":62}
{"index":41,"args":["elementary","exp","2","1","8"],"status":0,"bytes":15}
{"index":42,"args":["elementary","exp","2","1","32"],"status":0,"bytes":23}
{"index":43,"args":["elementary","exp","2","1","80"],"status":0,"bytes":37}
{"index":44,"args":["elementary","exp","2","1","160"],"status":0,"bytes":63}
{"index":45,"args":["elementary","exp","16","1","8"],"status":0,"bytes":22}
{"index":46,"args":["elementary","exp","16","1","32"],"status":0,"bytes":30}
{"index":47,"args":["elementary","exp","16","1","80"],"status":0,"bytes":45}
{"index":48,"args":["elementary","exp","16","1","160"],"status":0,"bytes":70}
{"index":49,"args":["elementary","log","1","1024","8"],"status":0,"bytes":19}
{"index":50,"args":["elementary","log","1","1024","32"],"status":0,"bytes":27}
{"index":51,"args":["elementary","log","1","1024","80"],"status":0,"bytes":41}
{"index":52,"args":["elementary","log","1","1024","160"],"status":0,"bytes":67}
{"index":53,"args":["elementary","log","1","2","8"],"status":0,"bytes":15}
{"index":54,"args":["elementary","log","1","2","32"],"status":0,"bytes":23}
{"index":55,"args":["elementary","log","1","2","80"],"status":0,"bytes":37}
{"index":56,"args":["elementary","log","1","2","160"],"status":0,"bytes":63}
{"index":57,"args":["elementary","log","7","8","8"],"status":0,"bytes":14}
{"index":58,"args":["elementary","log","7","8","32"],"status":0,"bytes":22}
{"index":59,"args":["elementary","log","7","8","80"],"status":0,"bytes":37}
{"index":60,"args":["elementary","log","7","8","160"],"status":0,"bytes":62}
{"index":61,"args":["elementary","log","1","1","8"],"status":0,"bytes":12}
{"index":62,"args":["elementary","log","1","1","32"],"status":0,"bytes":13}
{"index":63,"args":["elementary","log","1","1","80"],"status":0,"bytes":13}
{"index":64,"args":["elementary","log","1","1","160"],"status":0,"bytes":14}
{"index":65,"args":["elementary","log","9","8","8"],"status":0,"bytes":13}
{"index":66,"args":["elementary","log","9","8","32"],"status":0,"bytes":21}
{"index":67,"args":["elementary","log","9","8","80"],"status":0,"bytes":36}
{"index":68,"args":["elementary","log","9","8","160"],"status":0,"bytes":61}
{"index":69,"args":["elementary","log","2","1","8"],"status":0,"bytes":14}
{"index":70,"args":["elementary","log","2","1","32"],"status":0,"bytes":22}
{"index":71,"args":["elementary","log","2","1","80"],"status":0,"bytes":36}
{"index":72,"args":["elementary","log","2","1","160"],"status":0,"bytes":62}
{"index":73,"args":["elementary","log","1000","1","8"],"status":0,"bytes":18}
{"index":74,"args":["elementary","log","1000","1","32"],"status":0,"bytes":26}
{"index":75,"args":["elementary","log","1000","1","80"],"status":0,"bytes":40}
{"index":76,"args":["elementary","log","1000","1","160"],"status":0,"bytes":66}
{"index":77,"args":["elementary","sin","-1000","1","8"],"status":0,"bytes":19}
{"index":78,"args":["elementary","sin","-1000","1","32"],"status":0,"bytes":27}
{"index":79,"args":["elementary","sin","-1000","1","80"],"status":0,"bytes":41}
{"index":80,"args":["elementary","sin","-1000","1","160"],"status":0,"bytes":67}
{"index":81,"args":["elementary","sin","-2","1","8"],"status":0,"bytes":16}
{"index":82,"args":["elementary","sin","-2","1","32"],"status":0,"bytes":24}
{"index":83,"args":["elementary","sin","-2","1","80"],"status":0,"bytes":39}
{"index":84,"args":["elementary","sin","-2","1","160"],"status":0,"bytes":64}
{"index":85,"args":["elementary","sin","-1","2","8"],"status":0,"bytes":16}
{"index":86,"args":["elementary","sin","-1","2","32"],"status":0,"bytes":24}
{"index":87,"args":["elementary","sin","-1","2","80"],"status":0,"bytes":38}
{"index":88,"args":["elementary","sin","-1","2","160"],"status":0,"bytes":63}
{"index":89,"args":["elementary","sin","0","1","8"],"status":0,"bytes":12}
{"index":90,"args":["elementary","sin","0","1","32"],"status":0,"bytes":13}
{"index":91,"args":["elementary","sin","0","1","80"],"status":0,"bytes":13}
{"index":92,"args":["elementary","sin","0","1","160"],"status":0,"bytes":14}
{"index":93,"args":["elementary","sin","1","2","8"],"status":0,"bytes":14}
{"index":94,"args":["elementary","sin","1","2","32"],"status":0,"bytes":22}
{"index":95,"args":["elementary","sin","1","2","80"],"status":0,"bytes":36}
{"index":96,"args":["elementary","sin","1","2","160"],"status":0,"bytes":61}
{"index":97,"args":["elementary","sin","2","1","8"],"status":0,"bytes":14}
{"index":98,"args":["elementary","sin","2","1","32"],"status":0,"bytes":22}
{"index":99,"args":["elementary","sin","2","1","80"],"status":0,"bytes":37}
{"index":100,"args":["elementary","sin","2","1","160"],"status":0,"bytes":62}
{"index":101,"args":["elementary","sin","1000","1","8"],"status":0,"bytes":17}
{"index":102,"args":["elementary","sin","1000","1","32"],"status":0,"bytes":25}
{"index":103,"args":["elementary","sin","1000","1","80"],"status":0,"bytes":39}
{"index":104,"args":["elementary","sin","1000","1","160"],"status":0,"bytes":65}
{"index":105,"args":["elementary","cos","-1000","1","8"],"status":0,"bytes":18}
{"index":106,"args":["elementary","cos","-1000","1","32"],"status":0,"bytes":26}
{"index":107,"args":["elementary","cos","-1000","1","80"],"status":0,"bytes":40}
{"index":108,"args":["elementary","cos","-1000","1","160"],"status":0,"bytes":65}
{"index":109,"args":["elementary","cos","-2","1","8"],"status":0,"bytes":16}
{"index":110,"args":["elementary","cos","-2","1","32"],"status":0,"bytes":24}
{"index":111,"args":["elementary","cos","-2","1","80"],"status":0,"bytes":38}
{"index":112,"args":["elementary","cos","-2","1","160"],"status":0,"bytes":63}
{"index":113,"args":["elementary","cos","-1","2","8"],"status":0,"bytes":15}
{"index":114,"args":["elementary","cos","-1","2","32"],"status":0,"bytes":23}
{"index":115,"args":["elementary","cos","-1","2","80"],"status":0,"bytes":38}
{"index":116,"args":["elementary","cos","-1","2","160"],"status":0,"bytes":63}
{"index":117,"args":["elementary","cos","0","1","8"],"status":0,"bytes":14}
{"index":118,"args":["elementary","cos","0","1","32"],"status":0,"bytes":22}
{"index":119,"args":["elementary","cos","0","1","80"],"status":0,"bytes":37}
{"index":120,"args":["elementary","cos","0","1","160"],"status":0,"bytes":62}
{"index":121,"args":["elementary","cos","1","2","8"],"status":0,"bytes":14}
{"index":122,"args":["elementary","cos","1","2","32"],"status":0,"bytes":22}
{"index":123,"args":["elementary","cos","1","2","80"],"status":0,"bytes":37}
{"index":124,"args":["elementary","cos","1","2","160"],"status":0,"bytes":62}
{"index":125,"args":["elementary","cos","2","1","8"],"status":0,"bytes":15}
{"index":126,"args":["elementary","cos","2","1","32"],"status":0,"bytes":23}
{"index":127,"args":["elementary","cos","2","1","80"],"status":0,"bytes":37}
{"index":128,"args":["elementary","cos","2","1","160"],"status":0,"bytes":62}
{"index":129,"args":["elementary","cos","1000","1","8"],"status":0,"bytes":17}
{"index":130,"args":["elementary","cos","1000","1","32"],"status":0,"bytes":25}
{"index":131,"args":["elementary","cos","1000","1","80"],"status":0,"bytes":39}
{"index":132,"args":["elementary","cos","1000","1","160"],"status":0,"bytes":64}
{"index":133,"args":["elementary","atan","-10","1","8"],"status":0,"bytes":18}
{"index":134,"args":["elementary","atan","-10","1","32"],"status":0,"bytes":26}
{"index":135,"args":["elementary","atan","-10","1","80"],"status":0,"bytes":41}
{"index":136,"args":["elementary","atan","-10","1","160"],"status":0,"bytes":66}
{"index":137,"args":["elementary","atan","-11","8","8"],"status":0,"bytes":18}
{"index":138,"args":["elementary","atan","-11","8","32"],"status":0,"bytes":26}
{"index":139,"args":["elementary","atan","-11","8","80"],"status":0,"bytes":41}
{"index":140,"args":["elementary","atan","-11","8","160"],"status":0,"bytes":66}
{"index":141,"args":["elementary","atan","-21","16","8"],"status":0,"bytes":19}
{"index":142,"args":["elementary","atan","-21","16","32"],"status":0,"bytes":27}
{"index":143,"args":["elementary","atan","-21","16","80"],"status":0,"bytes":42}
{"index":144,"args":["elementary","atan","-21","16","160"],"status":0,"bytes":67}
{"index":145,"args":["elementary","atan","-5","4","8"],"status":0,"bytes":17}
{"index":146,"args":["elementary","atan","-5","4","32"],"status":0,"bytes":25}
{"index":147,"args":["elementary","atan","-5","4","80"],"status":0,"bytes":40}
{"index":148,"args":["elementary","atan","-5","4","160"],"status":0,"bytes":65}
{"index":149,"args":["elementary","atan","-19","16","8"],"status":0,"bytes":19}
{"index":150,"args":["elementary","atan","-19","16","32"],"status":0,"bytes":27}
{"index":151,"args":["elementary","atan","-19","16","80"],"status":0,"bytes":42}
{"index":152,"args":["elementary","atan","-19","16","160"],"status":0,"bytes":67}
{"index":153,"args":["elementary","atan","-9","8","8"],"status":0,"bytes":17}
{"index":154,"args":["elementary","atan","-9","8","32"],"status":0,"bytes":25}
{"index":155,"args":["elementary","atan","-9","8","80"],"status":0,"bytes":40}
{"index":156,"args":["elementary","atan","-9","8","160"],"status":0,"bytes":65}
{"index":157,"args":["elementary","atan","-1","1","8"],"status":0,"bytes":17}
{"index":158,"args":["elementary","atan","-1","1","32"],"status":0,"bytes":25}
{"index":159,"args":["elementary","atan","-1","1","80"],"status":0,"bytes":39}
{"index":160,"args":["elementary","atan","-1","1","160"],"status":0,"bytes":65}
{"index":161,"args":["elementary","atan","-1","2","8"],"status":0,"bytes":17}
{"index":162,"args":["elementary","atan","-1","2","32"],"status":0,"bytes":25}
{"index":163,"args":["elementary","atan","-1","2","80"],"status":0,"bytes":39}
{"index":164,"args":["elementary","atan","-1","2","160"],"status":0,"bytes":64}
{"index":165,"args":["elementary","atan","0","1","8"],"status":0,"bytes":13}
{"index":166,"args":["elementary","atan","0","1","32"],"status":0,"bytes":14}
{"index":167,"args":["elementary","atan","0","1","80"],"status":0,"bytes":14}
{"index":168,"args":["elementary","atan","0","1","160"],"status":0,"bytes":15}
{"index":169,"args":["elementary","atan","1","2","8"],"status":0,"bytes":15}
{"index":170,"args":["elementary","atan","1","2","32"],"status":0,"bytes":23}
{"index":171,"args":["elementary","atan","1","2","80"],"status":0,"bytes":37}
{"index":172,"args":["elementary","atan","1","2","160"],"status":0,"bytes":62}
{"index":173,"args":["elementary","atan","1","1","8"],"status":0,"bytes":15}
{"index":174,"args":["elementary","atan","1","1","32"],"status":0,"bytes":23}
{"index":175,"args":["elementary","atan","1","1","80"],"status":0,"bytes":37}
{"index":176,"args":["elementary","atan","1","1","160"],"status":0,"bytes":63}
{"index":177,"args":["elementary","atan","5","4","8"],"status":0,"bytes":15}
{"index":178,"args":["elementary","atan","5","4","32"],"status":0,"bytes":23}
{"index":179,"args":["elementary","atan","5","4","80"],"status":0,"bytes":38}
{"index":180,"args":["elementary","atan","5","4","160"],"status":0,"bytes":63}
{"index":181,"args":["elementary","atan","10","1","8"],"status":0,"bytes":16}
{"index":182,"args":["elementary","atan","10","1","32"],"status":0,"bytes":24}
{"index":183,"args":["elementary","atan","10","1","80"],"status":0,"bytes":39}
{"index":184,"args":["elementary","atan","10","1","160"],"status":0,"bytes":64}
{"index":185,"args":["elementary","asin","-1","1","8"],"status":0,"bytes":17}
{"index":186,"args":["elementary","asin","-1","1","32"],"status":0,"bytes":25}
{"index":187,"args":["elementary","asin","-1","1","80"],"status":0,"bytes":40}
{"index":188,"args":["elementary","asin","-1","1","160"],"status":0,"bytes":65}
{"index":189,"args":["elementary","asin","-7","8","8"],"status":0,"bytes":17}
{"index":190,"args":["elementary","asin","-7","8","32"],"status":0,"bytes":25}
{"index":191,"args":["elementary","asin","-7","8","80"],"status":0,"bytes":40}
{"index":192,"args":["elementary","asin","-7","8","160"],"status":0,"bytes":65}
{"index":193,"args":["elementary","asin","-1","2","8"],"status":0,"bytes":17}
{"index":194,"args":["elementary","asin","-1","2","32"],"status":0,"bytes":25}
{"index":195,"args":["elementary","asin","-1","2","80"],"status":0,"bytes":39}
{"index":196,"args":["elementary","asin","-1","2","160"],"status":0,"bytes":64}
{"index":197,"args":["elementary","asin","0","1","8"],"status":0,"bytes":13}
{"index":198,"args":["elementary","asin","0","1","32"],"status":0,"bytes":14}
{"index":199,"args":["elementary","asin","0","1","80"],"status":0,"bytes":14}
{"index":200,"args":["elementary","asin","0","1","160"],"status":0,"bytes":15}
{"index":201,"args":["elementary","asin","1","2","8"],"status":0,"bytes":15}
{"index":202,"args":["elementary","asin","1","2","32"],"status":0,"bytes":23}
{"index":203,"args":["elementary","asin","1","2","80"],"status":0,"bytes":37}
{"index":204,"args":["elementary","asin","1","2","160"],"status":0,"bytes":62}
{"index":205,"args":["elementary","asin","7","8","8"],"status":0,"bytes":15}
{"index":206,"args":["elementary","asin","7","8","32"],"status":0,"bytes":23}
{"index":207,"args":["elementary","asin","7","8","80"],"status":0,"bytes":38}
{"index":208,"args":["elementary","asin","7","8","160"],"status":0,"bytes":63}
{"index":209,"args":["elementary","asin","1","1","8"],"status":0,"bytes":15}
{"index":210,"args":["elementary","asin","1","1","32"],"status":0,"bytes":23}
{"index":211,"args":["elementary","asin","1","1","80"],"status":0,"bytes":38}
{"index":212,"args":["elementary","asin","1","1","160"],"status":0,"bytes":63}
{"index":213,"args":["elementary","acos","-1","1","8"],"status":0,"bytes":16}
{"index":214,"args":["elementary","acos","-1","1","32"],"status":0,"bytes":25}
{"index":215,"args":["elementary","acos","-1","1","80"],"status":0,"bytes":39}
{"index":216,"args":["elementary","acos","-1","1","160"],"status":0,"bytes":64}
{"index":217,"args":["elementary","acos","-7","8","8"],"status":0,"bytes":16}
{"index":218,"args":["elementary","acos","-7","8","32"],"status":0,"bytes":25}
{"index":219,"args":["elementary","acos","-7","8","80"],"status":0,"bytes":39}
{"index":220,"args":["elementary","acos","-7","8","160"],"status":0,"bytes":64}
{"index":221,"args":["elementary","acos","-1","2","8"],"status":0,"bytes":16}
{"index":222,"args":["elementary","acos","-1","2","32"],"status":0,"bytes":24}
{"index":223,"args":["elementary","acos","-1","2","80"],"status":0,"bytes":39}
{"index":224,"args":["elementary","acos","-1","2","160"],"status":0,"bytes":64}
{"index":225,"args":["elementary","acos","0","1","8"],"status":0,"bytes":15}
{"index":226,"args":["elementary","acos","0","1","32"],"status":0,"bytes":23}
{"index":227,"args":["elementary","acos","0","1","80"],"status":0,"bytes":38}
{"index":228,"args":["elementary","acos","0","1","160"],"status":0,"bytes":63}
{"index":229,"args":["elementary","acos","1","2","8"],"status":0,"bytes":15}
{"index":230,"args":["elementary","acos","1","2","32"],"status":0,"bytes":23}
{"index":231,"args":["elementary","acos","1","2","80"],"status":0,"bytes":38}
{"index":232,"args":["elementary","acos","1","2","160"],"status":0,"bytes":63}
{"index":233,"args":["elementary","acos","7","8","8"],"status":0,"bytes":15}
{"index":234,"args":["elementary","acos","7","8","32"],"status":0,"bytes":23}
{"index":235,"args":["elementary","acos","7","8","80"],"status":0,"bytes":37}
{"index":236,"args":["elementary","acos","7","8","160"],"status":0,"bytes":62}
{"index":237,"args":["elementary","acos","1","1","8"],"status":0,"bytes":13}
{"index":238,"args":["elementary","acos","1","1","32"],"status":0,"bytes":14}
{"index":239,"args":["elementary","acos","1","1","80"],"status":0,"bytes":14}
{"index":240,"args":["elementary","acos","1","1","160"],"status":0,"bytes":15}
{"index":241,"args":["elementary","asinh","-10","1","8"],"status":0,"bytes":19}
{"index":242,"args":["elementary","asinh","-10","1","32"],"status":0,"bytes":28}
{"index":243,"args":["elementary","asinh","-10","1","80"],"status":0,"bytes":42}
{"index":244,"args":["elementary","asinh","-10","1","160"],"status":0,"bytes":67}
{"index":245,"args":["elementary","asinh","-1","1","8"],"status":0,"bytes":18}
{"index":246,"args":["elementary","asinh","-1","1","32"],"status":0,"bytes":26}
{"index":247,"args":["elementary","asinh","-1","1","80"],"status":0,"bytes":41}
{"index":248,"args":["elementary","asinh","-1","1","160"],"status":0,"bytes":66}
{"index":249,"args":["elementary","asinh","0","1","8"],"status":0,"bytes":14}
{"index":250,"args":["elementary","asinh","0","1","32"],"status":0,"bytes":15}
{"index":251,"args":["elementary","asinh","0","1","80"],"status":0,"bytes":15}
{"index":252,"args":["elementary","asinh","0","1","160"],"status":0,"bytes":16}
{"index":253,"args":["elementary","asinh","1","1","8"],"status":0,"bytes":16}
{"index":254,"args":["elementary","asinh","1","1","32"],"status":0,"bytes":24}
{"index":255,"args":["elementary","asinh","1","1","80"],"status":0,"bytes":39}
{"index":256,"args":["elementary","asinh","1","1","160"],"status":0,"bytes":64}
{"index":257,"args":["elementary","asinh","10","1","8"],"status":0,"bytes":17}
{"index":258,"args":["elementary","asinh","10","1","32"],"status":0,"bytes":26}
{"index":259,"args":["elementary","asinh","10","1","80"],"status":0,"bytes":40}
{"index":260,"args":["elementary","asinh","10","1","160"],"status":0,"bytes":65}
{"index":261,"args":["elementary","acosh","1","1","8"],"status":0,"bytes":14}
{"index":262,"args":["elementary","acosh","1","1","32"],"status":0,"bytes":15}
{"index":263,"args":["elementary","acosh","1","1","80"],"status":0,"bytes":15}
{"index":264,"args":["elementary","acosh","1","1","160"],"status":0,"bytes":16}
{"index":265,"args":["elementary","acosh","9","8","8"],"status":0,"bytes":16}
{"index":266,"args":["elementary","acosh","9","8","32"],"status":0,"bytes":24}
{"index":267,"args":["elementary","acosh","9","8","80"],"status":0,"bytes":38}
{"index":268,"args":["elementary","acosh","9","8","160"],"status":0,"bytes":63}
{"index":269,"args":["elementary","acosh","2","1","8"],"status":0,"bytes":16}
{"index":270,"args":["elementary","acosh","2","1","32"],"status":0,"bytes":24}
{"index":271,"args":["elementary","acosh","2","1","80"],"status":0,"bytes":39}
{"index":272,"args":["elementary","acosh","2","1","160"],"status":0,"bytes":64}
{"index":273,"args":["elementary","acosh","100","1","8"],"status":0,"bytes":19}
{"index":274,"args":["elementary","acosh","100","1","32"],"status":0,"bytes":27}
{"index":275,"args":["elementary","acosh","100","1","80"],"status":0,"bytes":41}
{"index":276,"args":["elementary","acosh","100","1","160"],"status":0,"bytes":66}
{"index":277,"args":["elementary","atanh","-7","8","8"],"status":0,"bytes":18}
{"index":278,"args":["elementary","atanh","-7","8","32"],"status":0,"bytes":26}
{"index":279,"args":["elementary","atanh","-7","8","80"],"status":0,"bytes":41}
{"index":280,"args":["elementary","atanh","-7","8","160"],"status":0,"bytes":66}
{"index":281,"args":["elementary","atanh","-1","2","8"],"status":0,"bytes":18}
{"index":282,"args":["elementary","atanh","-1","2","32"],"status":0,"bytes":26}
{"index":283,"args":["elementary","atanh","-1","2","80"],"status":0,"bytes":40}
{"index":284,"args":["elementary","atanh","-1","2","160"],"status":0,"bytes":65}
{"index":285,"args":["elementary","atanh","0","1","8"],"status":0,"bytes":14}
{"index":286,"args":["elementary","atanh","0","1","32"],"status":0,"bytes":15}
{"index":287,"args":["elementary","atanh","0","1","80"],"status":0,"bytes":15}
{"index":288,"args":["elementary","atanh","0","1","160"],"status":0,"bytes":16}
{"index":289,"args":["elementary","atanh","1","2","8"],"status":0,"bytes":16}
{"index":290,"args":["elementary","atanh","1","2","32"],"status":0,"bytes":24}
{"index":291,"args":["elementary","atanh","1","2","80"],"status":0,"bytes":38}
{"index":292,"args":["elementary","atanh","1","2","160"],"status":0,"bytes":63}
{"index":293,"args":["elementary","atanh","7","8","8"],"status":0,"bytes":16}
{"index":294,"args":["elementary","atanh","7","8","32"],"status":0,"bytes":24}
{"index":295,"args":["elementary","atanh","7","8","80"],"status":0,"bytes":39}
{"index":296,"args":["elementary","atanh","7","8","160"],"status":0,"bytes":64}
Complete elementary/O2: 296 requests; finite 296. Numeric qualification is separate.
