sqrt 0 1 8 0 1
sqrt 0 1 32 0 1
sqrt 0 1 80 0 1
sqrt 0 1 160 0 1
sqrt 1 16 8 1 4
sqrt 1 16 32 1 4
sqrt 1 16 80 1 4
sqrt 1 16 160 1 4
sqrt 2 1 8 17 12
sqrt 2 1 32 114243 80782
sqrt 2 1 80 1254027132096 886731088897
sqrt 2 1 160 1572584048032918633353217 1111984844349868137938112
sqrt 9 4 8 3 2
sqrt 9 4 32 3 2
sqrt 9 4 80 3 2
sqrt 9 4 160 3 2
sqrt 1000 1 8 253 8
sqrt 1000 1 32 702247 22207
sqrt 1000 1 80 22320379072324 705832361069
sqrt 1000 1 160 31075918980013868603341437 982706843597003856536285
exp -16 1 8 33232930569601 288441413567621167681
exp -16 1 32 131411369163139023596097012750377847664049493209376806178871412242561 1167735951936436576985797420905454913086887436973723382578326431535254534721
exp -16 1 80 503189941442213721787157197388750850799155612658296413547991671870365591391727433390387678493991332986032187255403520378777580461942337903086868849466457247964658815183234858434723748481 4471401432463395727614091697875708527514562066754835854383680296824732855180588456012916968023214527507349721471845483556401391408018205567250789737217824057165368302374211356982247810661782081
exp -16 1 160 16027430546463491523248489873603356347299887206024695373413174187742553007039321733137156783637876589499874545445115982977051292335772456736372016483160222627319461228246501403885883207085838352854103001986474825262091044014155863017888688754858408016303076355957883655109970020331022111436679414545702376555332281651360708138916039139064274496438887741173331947407599121228981761 142421519195638474232837874368293579278704027301765509880609136957200463624163696232563020076210321029453167085048853414422940833513298956488487409942027789122050530668902191847457422823482548065544479530155458541904077740589254503734904799560814347430616270100250763304083232138956458721412086588775336827387510169053830399259162132978167594660508218639638119341328159298132451105523521
exp -2 1 8 49 361
exp -2 1 32 327211921 2417787241
exp -2 1 80 163198624447511691690961 1205883791310978983341161
exp -2 1 160 251540539441082503785086917143013055075892212929 1858647157085436446502812299583997087863858232841
exp -1 4 8 7 9
exp -1 4 32 132041 169544
exp -1 4 80 249948171871 320939805537
exp -1 4 160 1850094099046066776462192 2375567846439157557164065
exp 0 1 8 1 1
exp 0 1 32 1 1
exp 0 1 80 1 1
exp 0 1 160 1 1
exp 1 2 8 28 17
exp 1 2 32 34361 20841
exp 1 2 80 4512221392763 2736800618122
exp 1 2 160 4005500470453314811055727 2429458842823312574589866
exp 2 1 8 4624 625
exp 2 1 32 103023024784 13942650241
exp 2 1 80 1205883791310978983341161 163198624447511691690961
exp 2 1 160 1858647157085436446502812299583997087863858232841 251540539441082503785086917143013055075892212929
exp 16 1 8 208998227690370098316628197376 23283064365386962890625
exp 16 1 32 12690372610321038275536192199012487940689354885110892084121635321987563768754873246416896 1428113300564970179303337242874441664935891082744389328337515117499251412838558721
exp 16 1 80 4471401432463395727614091697875708527514562066754835854383680296824732855180588456012916968023214527507349721471845483556401391408018205567250789737217824057165368302374211356982247810661782081 503189941442213721787157197388750850799155612658296413547991671870365591391727433390387678493991332986032187255403520378777580461942337903086868849466457247964658815183234858434723748481
exp 16 1 160 142421519195638474232837874368293579278704027301765509880609136957200463624163696232563020076210321029453167085048853414422940833513298956488487409942027789122050530668902191847457422823482548065544479530155458541904077740589254503734904799560814347430616270100250763304083232138956458721412086588775336827387510169053830399259162132978167594660508218639638119341328159298132451105523521 16027430546463491523248489873603356347299887206024695373413174187742553007039321733137156783637876589499874545445115982977051292335772456736372016483160222627319461228246501403885883207085838352854103001986474825262091044014155863017888688754858408016303076355957883655109970020331022111436679414545702376555332281651360708138916039139064274496438887741173331947407599121228981761
log 1 1024 8 -90 13
log 1 1024 32 -127345 18372
log 1 1024 80 -6985260633890 1007760087583
log 1 1024 160 -4504419917522734121109510 649850427709152208182437
log 1 2 8 -9 13
log 1 2 32 -25469 36744
log 1 2 80 -698526063389 1007760087583
log 1 2 160 -450441991752273412110951 649850427709152208182437
log 7 8 8 -2 15
log 7 8 32 -11776 88189
log 7 8 80 -94488369352 707611652173
log 7 8 160 -155858447912253377765151 1167204541560592251756085
log 1 1 8 0 1
log 1 1 32 0 1
log 1 1 80 0 1
log 1 1 160 0 1
log 9 8 8 2 17
log 9 8 32 4331 36771
log 9 8 80 128429616053 1090391458645
log 9 8 160 344247662236897259613232 2922727032110079296249253
log 2 1 8 9 13
log 2 1 32 25469 36744
log 2 1 80 698526063389 1007760087583
log 2 1 160 450441991752273412110951 649850427709152208182437
log 1000 1 8 269 39
log 1000 1 32 800966769 115951816
log 1000 1 80 3775963610526792067706936 546626719973088443330727
log 1000 1 160 18260454002646523656586030248515678022685513771011 2643471470132511023173699080103031613559165035805
sin -1000 1 8 -56 65
sin -1000 1 32 -814876313 985483705
sin -1000 1 80 -451343878924417383728528 545839940161089411007697
sin -1000 1 160 -446634685396889355853836688921549746928567469971 540144801635230856570698825608621686039211147829
sin -2 1 8 -252 277
sin -2 1 32 -15266084496 16788879025
sin -2 1 80 -24182265655529791298805584 26594450772778543086529985
sin -2 1 160 -50370097191124324122998606188785620236693393916136 55394522963695358010043314438122607356464077091825
sin -1 2 8 -496 1025
sin -1 2 32 -349510960 729020321
sin -1 2 80 -11000482677170030487645224 22945132854617586882107345
sin -1 2 160 -13938032677938467820408720231857345880172860058996 29072361723819684469638264678561212135330657555285
sin 0 1 8 0 1
sin 0 1 32 0 1
sin 0 1 80 0 1
sin 0 1 160 0 1
sin 1 2 8 496 1025
sin 1 2 32 349510960 729020321
sin 1 2 80 11000482677170030487645224 22945132854617586882107345
sin 1 2 160 13938032677938467820408720231857345880172860058996 29072361723819684469638264678561212135330657555285
sin 2 1 8 252 277
sin 2 1 32 15266084496 16788879025
sin 2 1 80 24182265655529791298805584 26594450772778543086529985
sin 2 1 160 50370097191124324122998606188785620236693393916136 55394522963695358010043314438122607356464077091825
sin 1000 1 8 56 65
sin 1000 1 32 814876313 985483705
sin 1000 1 80 451343878924417383728528 545839940161089411007697
sin 1000 1 160 446634685396889355853836688921549746928567469971 540144801635230856570698825608621686039211147829
cos -1000 1 8 33 65
cos -1000 1 32 554215416 985483705
cos -1000 1 80 306968961350366057370705 545839940161089411007697
cos -1000 1 160 303766134606846127615647348183537787305257975820 540144801635230856570698825608621686039211147829
cos -2 1 8 -115 277
cos -2 1 32 -6986638897 16788879025
cos -2 1 80 -11067196558800496910856513 26594450772778543086529985
cos -2 1 160 -23052255493379857624714667282050044062428478286127 55394522963695358010043314438122607356464077091825
cos -1 2 8 897 1025
cos -1 2 32 639775521 729020321
cos -1 2 80 20136248473470262833054543 22945132854617586882107345
cos -1 2 160 25513397681793291071029429646979185655504805177203 29072361723819684469638264678561212135330657555285
cos 0 1 8 1 1
cos 0 1 32 1 1
cos 0 1 80 1 1
cos 0 1 160 1 1
cos 1 2 8 897 1025
cos 1 2 32 639775521 729020321
cos 1 2 80 20136248473470262833054543 22945132854617586882107345
cos 1 2 160 25513397681793291071029429646979185655504805177203 29072361723819684469638264678561212135330657555285
cos 2 1 8 -115 277
cos 2 1 32 -6986638897 16788879025
cos 2 1 80 -11067196558800496910856513 26594450772778543086529985
cos 2 1 160 -23052255493379857624714667282050044062428478286127 55394522963695358010043314438122607356464077091825
cos 1000 1 8 33 65
cos 1000 1 32 554215416 985483705
cos 1000 1 80 306968961350366057370705 545839940161089411007697
cos 1000 1 160 303766134606846127615647348183537787305257975820 540144801635230856570698825608621686039211147829
atan -10 1 8 -31142 21175
atan -10 1 32 -6508380607156003 4424075979566540
atan -10 1 80 -71961126804338936464609562483514067677 48915623070171113956056319139773857961
atan -10 1 160 -1245617232981814871695647774669865622422363469024670854987291758914800859 846709129832221496043962358855069086246005802592901177804276615070392060
atan -11 8 8 -160201 169400
atan -11 8 32 -4050545285655653 4299941731629180
atan -11 8 80 -25984941137169517524894271230592053197 27584862020496373536572658004497801372
atan -11 8 160 -419001077866044001112572835409700062263584154616097553089320407842227893 444799426651042159830731108741330484858195657091028467693401262121197361
atan -21 16 8 -664973 719950
atan -21 16 32 -350337274266725 380917479914316
atan -21 16 80 -25675951130574213493994902723439758835 27917151032995077106051832665175676866
atan -21 16 160 -837682871441487386164333063322328038852995996200620661278746102080962765 910802451712798804491207209799610196336243917159998183386364600395942434
atan -5 4 8 -1172739 1312850
atan -5 4 32 -461867833809058 515445631903215
atan -5 4 80 -9281238409285182353058662289235373197 10357884757006568578787606469761844137
atan -5 4 160 -916330850387379311768251426093600042957832417966860750664878272547887872 1022627469423371365731202810570097742449098478534994062839850173429841791
atan -19 16 8 -18437 21175
atan -19 16 32 -1140983985414569 1310115347891660
atan -19 16 80 -11727849500733748469297749056739734534 13466302614200075346186495609723502769
atan -19 16 160 -381893142666859243883165820378544010002707462693903153948206058293385351 438502269756962570212168513183986432594591778228430654791763668164738604
atan -9 8 8 -35719 42350
atan -9 8 32 -9416345361185413 11154772136572140
atan -9 8 80 -20352066755254042690833046945148846077 24109424453426148905622274754291179508
atan -9 8 160 -1523947949454790180044553757034735325989021478416238714116196094932756293 1805296159853094626970540435287906403150103325350472275416730347697908748
atan -1 1 8 -11 14
atan -1 1 32 -26087 33215
atan -1 1 80 -451104889918 574364584667
atan -1 1 160 -932640369378349329279771 1187474599308923462649995
atan -1 2 8 -6 13
atan -1 2 32 -49850 107517
atan -1 2 80 -573151272792 1236178644439
atan -1 2 160 -739808102521893100395902 1595625833413079976736603
atan 0 1 8 0 1
atan 0 1 32 0 1
atan 0 1 80 0 1
atan 0 1 160 0 1
atan 1 2 8 6 13
atan 1 2 32 49850 107517
atan 1 2 80 573151272792 1236178644439
atan 1 2 160 739808102521893100395902 1595625833413079976736603
atan 1 1 8 11 14
atan 1 1 32 26087 33215
atan 1 1 80 451104889918 574364584667
atan 1 1 160 932640369378349329279771 1187474599308923462649995
atan 5 4 8 1172739 1312850
atan 5 4 32 461867833809058 515445631903215
atan 5 4 80 9281238409285182353058662289235373197 10357884757006568578787606469761844137
atan 5 4 160 916330850387379311768251426093600042957832417966860750664878272547887872 1022627469423371365731202810570097742449098478534994062839850173429841791
atan 10 1 8 31142 21175
atan 10 1 32 6508380607156003 4424075979566540
atan 10 1 80 71961126804338936464609562483514067677 48915623070171113956056319139773857961
atan 10 1 160 1245617232981814871695647774669865622422363469024670854987291758914800859 846709129832221496043962358855069086246005802592901177804276615070392060
asin -1 1 8 -66519 42350
asin -1 1 32 -244961835037 155947547660
asin -1 1 80 -35579066222853061413329370 22650337039843818094025473
asin -1 1 160 -1183412116029177987881541861962807450389463329155 753383551923533051014432112627798864615575164151
asin -7 8 8 -2563433 2413950
asin -7 8 32 -6431581745122313 6036573622370940
asin -7 8 80 -21794192649613930231762556117943255030 20455659845366434152721841861535255647
asin -7 8 160 -622567116818215418308657164154355160705574656740219266715326712172632965 584330944361433625442584375878487602105646793599097746858797324968298658
asin -1 2 8 -10 19
asin -1 2 32 -17273 32989
asin -1 2 80 -881156436695 1682884830447
asin -1 2 160 -621760246252232886186514 1187474599308923462649995
asin 0 1 8 0 1
asin 0 1 32 0 1
asin 0 1 80 0 1
asin 0 1 160 0 1
asin 1 2 8 10 19
asin 1 2 32 17273 32989
asin 1 2 80 881156436695 1682884830447
asin 1 2 160 621760246252232886186514 1187474599308923462649995
asin 7 8 8 2563433 2413950
asin 7 8 32 6431581745122313 6036573622370940
asin 7 8 80 21794192649613930231762556117943255030 20455659845366434152721841861535255647
asin 7 8 160 622567116818215418308657164154355160705574656740219266715326712172632965 584330944361433625442584375878487602105646793599097746858797324968298658
asin 1 1 8 66519 42350
asin 1 1 32 244961835037 155947547660
asin 1 1 80 35579066222853061413329370 22650337039843818094025473
asin 1 1 160 1183412116029177987881541861962807450389463329155 753383551923533051014432112627798864615575164151
acos -1 1 8 66519 21175
acos -1 1 32 244961835037 77973773830
acos -1 1 80 71158132445706122826658740 22650337039843818094025473
acos -1 1 160 2366824232058355975763083723925614900778926658310 753383551923533051014432112627798864615575164151
acos -7 8 8 -29 57
acos -7 8 32 -19562 38709
acos -7 8 80 -456394210800 903106201439
acos -7 8 160 -391962080222438640666275 775608842095801511742958
acos -1 2 8 -840361 804650
acos -1 2 32 -5387363985304413 5144553649755740
acos -1 2 80 -39916980551939105982110422760973396655 38117908608864967696525168833303976431
acos -1 2 160 -936847885532715581389968064949962422795986503995572699740867495291644611 894623831446330943980379447378756138703114750948786802285545989584329245
acos 0 1 8 66519 42350
acos 0 1 32 244961835037 155947547660
acos 0 1 80 35579066222853061413329370 22650337039843818094025473
acos 0 1 160 1183412116029177987881541861962807450389463329155 753383551923533051014432112627798864615575164151
acos 1 2 8 840361 804650
acos 1 2 32 5387363985304413 5144553649755740
acos 1 2 80 39916980551939105982110422760973396655 38117908608864967696525168833303976431
acos 1 2 160 936847885532715581389968064949962422795986503995572699740867495291644611 894623831446330943980379447378756138703114750948786802285545989584329245
acos 7 8 8 29 57
acos 7 8 32 19562 38709
acos 7 8 80 456394210800 903106201439
acos 7 8 160 391962080222438640666275 775608842095801511742958
acos 1 1 8 0 1
acos 1 1 32 0 1
acos 1 1 80 0 1
acos 1 1 160 0 1
asinh -10 1 8 -880 299
asinh -10 1 32 -2078983417 693405210
asinh -10 1 80 -5961556976861453937285929 1988363465855326667629208
asinh -10 1 160 -623844183331228680266356556363138909829539651056 208071312131484326650581373759281415250309514679
asinh -1 1 8 -125 143
asinh -1 1 32 -11610091 13172724
asinh -1 1 80 -407473988701255596204784 462316995542346021648405
asinh -1 1 160 -1480787186249590913192002492107237820114854698802 1680090268256197319748373918854763813385714838677
asinh 0 1 8 0 1
asinh 0 1 32 0 1
asinh 0 1 80 0 1
asinh 0 1 160 0 1
asinh 1 1 8 183 208
asinh 1 1 32 11610091 13172724
asinh 1 1 80 709704054963397001212403 805225009480185918634981
asinh 1 1 160 1058884991864329137591663631370541133270697426510 1201403136489555462229562211881738022766883433897
asinh 10 1 8 350 117
asinh 10 1 32 249334793 83160858
asinh 10 1 80 3594552190105894351385911 1198894228245654697323580
asinh 10 1 160 975796991266901756627613988466973887531638239186 325458449035594563627451338481042828209225854147
acosh 1 1 8 0 1
acosh 1 1 32 0 1
acosh 1 1 80 0 1
acosh 1 1 160 0 1
acosh 9 8 8 29 59
acosh 9 8 32 28961 58515
acosh 9 8 80 818137148538 1653026320057
acosh 9 8 160 148903051731374507934993 300855014454020498242940
acosh 2 1 8 137 104
acosh 2 1 32 3670452719 2787069144
acosh 2 1 80 946876698012278421799432 718987828102400067216955
acosh 2 1 160 861410056508311472319366952488155243022949196617 654090809220067399174142695397975199221786392130
acosh 100 1 8 619 117
acosh 100 1 32 1324930281 250067416
acosh 100 1 80 6591287728959879665767473 1244040017825707963676831
acosh 100 1 160 1649007049259628609732380788743407429248317300436 311233683509578324646202069393161874199411820707
atanh -7 8 8 -281 208
atanh -7 8 32 -2138121603 1579085648
atanh -7 8 80 -1927510754260286937446112 1423541375618344239454603
atanh -7 8 160 -1452090431804418009611971330958754342188263148494 1072425046783400964144993322711660902450396585117
atanh -1 2 8 -315 572
atanh -1 2 32 -193400261 352081008
atanh -1 2 80 -367608123314535162203800 669222667735131116968153
atanh -1 2 160 -1009510236103114176611776058682261189000344002789 1837791633164749339069005293050425286342380726252
atanh 0 1 8 0 1
atanh 0 1 32 0 1
atanh 0 1 80 0 1
atanh 0 1 160 0 1
atanh 1 2 8 315 572
atanh 1 2 32 193400261 352081008
atanh 1 2 80 367608123314535162203800 669222667735131116968153
atanh 1 2 160 1009510236103114176611776058682261189000344002789 1837791633164749339069005293050425286342380726252
atanh 7 8 8 281 208
atanh 7 8 32 2138121603 1579085648
atanh 7 8 80 1927510754260286937446112 1423541375618344239454603
atanh 7 8 160 1452090431804418009611971330958754342188263148494 1072425046783400964144993322711660902450396585117
