{"index":1,"args":["fixed","sqrt","0","1","8"],"status":0,"bytes":15}
{"index":2,"args":["fixed","sqrt","0","1","32"],"status":0,"bytes":16}
{"index":3,"args":["fixed","sqrt","0","1","80"],"status":0,"bytes":16}
{"index":4,"args":["fixed","sqrt","0","1","160"],"status":0,"bytes":17}
{"index":5,"args":["fixed","sqrt","1","16","8"],"status":0,"bytes":16}
{"index":6,"args":["fixed","sqrt","1","16","32"],"status":0,"bytes":17}
{"index":7,"args":["fixed","sqrt","1","16","80"],"status":0,"bytes":17}
{"index":8,"args":["fixed","sqrt","1","16","160"],"status":0,"bytes":18}
{"index":9,"args":["fixed","sqrt","2","1","8"],"status":0,"bytes":17}
{"index":10,"args":["fixed","sqrt","2","1","32"],"status":0,"bytes":25}
{"index":11,"args":["fixed","sqrt","2","1","80"],"status":0,"bytes":39}
{"index":12,"args":["fixed","sqrt","2","1","160"],"status":0,"bytes":65}
{"index":13,"args":["fixed","sqrt","9","4","8"],"status":0,"bytes":15}
{"index":14,"args":["fixed","sqrt","9","4","32"],"status":0,"bytes":16}
{"index":15,"args":["fixed","sqrt","9","4","80"],"status":0,"bytes":16}
{"index":16,"args":["fixed","sqrt","9","4","160"],"status":0,"bytes":17}
{"index":17,"args":["fixed","sqrt","1000","1","8"],"status":0,"bytes":20}
{"index":18,"args":["fixed","sqrt","1000","1","32"],"status":0,"bytes":28}
{"index":19,"args":["fixed","sqrt","1000","1","80"],"status":0,"bytes":43}
{"index":20,"args":["fixed","sqrt","1000","1","160"],"status":0,"bytes":68}
{"index":21,"args":["fixed","exp","-16","1","8"],"status":0,"bytes":49}
{"index":22,"args":["fixed","exp","-16","1","32"],"status":0,"bytes":160}
{"index":23,"args":["fixed","exp","-16","1","80"],"status":0,"bytes":394}
{"index":24,"args":["fixed","exp","-16","1","160"],"status":0,"bytes":783}
{"index":25,"args":["fixed","exp","-2","1","8"],"status":0,"bytes":18}
{"index":26,"args":["fixed","exp","-2","1","32"],"status":0,"bytes":33}
{"index":27,"args":["fixed","exp","-2","1","80"],"status":0,"bytes":63}
{"index":28,"args":["fixed","exp","-2","1","160"],"status":0,"bytes":112}
{"index":29,"args":["fixed","exp","-1","4","8"],"status":0,"bytes":15}
{"index":30,"args":["fixed","exp","-1","4","32"],"status":0,"bytes":26}
{"index":31,"args":["fixed","exp","-1","4","80"],"status":0,"bytes":38}
{"index":32,"args":["fixed","exp","-1","4","160"],"status":0,"bytes":65}
{"index":33,"args":["fixed","exp","0","1","8"],"status":0,"bytes":14}
{"index":34,"args":["fixed","exp","0","1","32"],"status":0,"bytes":15}
{"index":35,"args":["fixed","exp","0","1","80"],"status":0,"bytes":15}
{"index":36,"args":["fixed","exp","0","1","160"],"status":0,"bytes":16}
{"index":37,"args":["fixed","exp","1","2","8"],"status":0,"bytes":16}
{"index":38,"args":["fixed","exp","1","2","32"],"status":0,"bytes":23}
{"index":39,"args":["fixed","exp","1","2","80"],"status":0,"bytes":39}
{"index":40,"args":["fixed","exp","1","2","160"],"status":0,"bytes":64}
{"index":41,"args":["fixed","exp","2","1","8"],"status":0,"bytes":19}
{"index":42,"args":["fixed","exp","2","1","32"],"status":0,"bytes":36}
{"index":43,"args":["fixed","exp","2","1","80"],"status":0,"bytes":62}
{"index":44,"args":["fixed","exp","2","1","160"],"status":0,"bytes":111}
{"index":45,"args":["fixed","exp","16","1","8"],"status":0,"bytes":66}
{"index":46,"args":["fixed","exp","16","1","32"],"status":0,"bytes":185}
{"index":47,"args":["fixed","exp","16","1","80"],"status":0,"bytes":393}
{"index":48,"args":["fixed","exp","16","1","160"],"status":0,"bytes":782}
{"index":49,"args":["fixed","log","1","1024","8"],"status":0,"bytes":20}
{"index":50,"args":["fixed","log","1","1024","32"],"status":0,"bytes":28}
{"index":51,"args":["fixed","log","1","1024","80"],"status":0,"bytes":43}
{"index":52,"args":["fixed","log","1","1024","160"],"status":0,"bytes":67}
{"index":53,"args":["fixed","log","1","2","8"],"status":0,"bytes":16}
{"index":54,"args":["fixed","log","1","2","32"],"status":0,"bytes":24}
{"index":55,"args":["fixed","log","1","2","80"],"status":0,"bytes":39}
{"index":56,"args":["fixed","log","1","2","160"],"status":0,"bytes":63}
{"index":57,"args":["fixed","log","7","8","8"],"status":0,"bytes":16}
{"index":58,"args":["fixed","log","7","8","32"],"status":0,"bytes":24}
{"index":59,"args":["fixed","log","7","8","80"],"status":0,"bytes":37}
{"index":60,"args":["fixed","log","7","8","160"],"status":0,"bytes":64}
{"index":61,"args":["fixed","log","1","1","8"],"status":0,"bytes":14}
{"index":62,"args":["fixed","log","1","1","32"],"status":0,"bytes":15}
{"index":63,"args":["fixed","log","1","1","80"],"status":0,"bytes":15}
{"index":64,"args":["fixed","log","1","1","160"],"status":0,"bytes":16}
{"index":65,"args":["fixed","log","9","8","8"],"status":0,"bytes":15}
{"index":66,"args":["fixed","log","9","8","32"],"status":0,"bytes":22}
{"index":67,"args":["fixed","log","9","8","80"],"status":0,"bytes":38}
{"index":68,"args":["fixed","log","9","8","160"],"status":0,"bytes":63}
{"index":69,"args":["fixed","log","2","1","8"],"status":0,"bytes":15}
{"index":70,"args":["fixed","log","2","1","32"],"status":0,"bytes":23}
{"index":71,"args":["fixed","log","2","1","80"],"status":0,"bytes":38}
{"index":72,"args":["fixed","log","2","1","160"],"status":0,"bytes":62}
{"index":73,"args":["fixed","log","1000","1","8"],"status":0,"bytes":20}
{"index":74,"args":["fixed","log","1000","1","32"],"status":0,"bytes":34}
{"index":75,"args":["fixed","log","1000","1","80"],"status":0,"bytes":65}
{"index":76,"args":["fixed","log","1000","1","160"],"status":0,"bytes":116}
{"index":77,"args":["fixed","sin","-1000","1","8"],"status":0,"bytes":21}
{"index":78,"args":["fixed","sin","-1000","1","32"],"status":0,"bytes":36}
{"index":79,"args":["fixed","sin","-1000","1","80"],"status":0,"bytes":66}
{"index":80,"args":["fixed","sin","-1000","1","160"],"status":0,"bytes":115}
{"index":81,"args":["fixed","sin","-2","1","8"],"status":0,"bytes":20}
{"index":82,"args":["fixed","sin","-2","1","32"],"status":0,"bytes":37}
{"index":83,"args":["fixed","sin","-2","1","80"],"status":0,"bytes":67}
{"index":84,"args":["fixed","sin","-2","1","160"],"status":0,"bytes":116}
{"index":85,"args":["fixed","sin","-1","2","8"],"status":0,"bytes":21}
{"index":86,"args":["fixed","sin","-1","2","32"],"status":0,"bytes":33}
{"index":87,"args":["fixed","sin","-1","2","80"],"status":0,"bytes":67}
{"index":88,"args":["fixed","sin","-1","2","160"],"status":0,"bytes":116}
{"index":89,"args":["fixed","sin","0","1","8"],"status":0,"bytes":14}
{"index":90,"args":["fixed","sin","0","1","32"],"status":0,"bytes":15}
{"index":91,"args":["fixed","sin","0","1","80"],"status":0,"bytes":15}
{"index":92,"args":["fixed","sin","0","1","160"],"status":0,"bytes":16}
{"index":93,"args":["fixed","sin","1","2","8"],"status":0,"bytes":19}
{"index":94,"args":["fixed","sin","1","2","32"],"status":0,"bytes":31}
{"index":95,"args":["fixed","sin","1","2","80"],"status":0,"bytes":65}
{"index":96,"args":["fixed","sin","1","2","160"],"status":0,"bytes":114}
{"index":97,"args":["fixed","sin","2","1","8"],"status":0,"bytes":18}
{"index":98,"args":["fixed","sin","2","1","32"],"status":0,"bytes":35}
{"index":99,"args":["fixed","sin","2","1","80"],"status":0,"bytes":65}
{"index":100,"args":["fixed","sin","2","1","160"],"status":0,"bytes":114}
{"index":101,"args":["fixed","sin","1000","1","8"],"status":0,"bytes":19}
{"index":102,"args":["fixed","sin","1000","1","32"],"status":0,"bytes":34}
{"index":103,"args":["fixed","sin","1000","1","80"],"status":0,"bytes":64}
{"index":104,"args":["fixed","sin","1000","1","160"],"status":0,"bytes":113}
{"index":105,"args":["fixed","cos","-1000","1","8"],"status":0,"bytes":20}
{"index":106,"args":["fixed","cos","-1000","1","32"],"status":0,"bytes":35}
{"index":107,"args":["fixed","cos","-1000","1","80"],"status":0,"bytes":65}
{"index":108,"args":["fixed","cos","-1000","1","160"],"status":0,"bytes":114}
{"index":109,"args":["fixed","cos","-2","1","8"],"status":0,"bytes":20}
{"index":110,"args":["fixed","cos","-2","1","32"],"status":0,"bytes":36}
{"index":111,"args":["fixed","cos","-2","1","80"],"status":0,"bytes":67}
{"index":112,"args":["fixed","cos","-2","1","160"],"status":0,"bytes":116}
{"index":113,"args":["fixed","cos","-1","2","8"],"status":0,"bytes":20}
{"index":114,"args":["fixed","cos","-1","2","32"],"status":0,"bytes":32}
{"index":115,"args":["fixed","cos","-1","2","80"],"status":0,"bytes":66}
{"index":116,"args":["fixed","cos","-1","2","160"],"status":0,"bytes":115}
{"index":117,"args":["fixed","cos","0","1","8"],"status":0,"bytes":14}
{"index":118,"args":["fixed","cos","0","1","32"],"status":0,"bytes":15}
{"index":119,"args":["fixed","cos","0","1","80"],"status":0,"bytes":15}
{"index":120,"args":["fixed","cos","0","1","160"],"status":0,"bytes":16}
{"index":121,"args":["fixed","cos","1","2","8"],"status":0,"bytes":19}
{"index":122,"args":["fixed","cos","1","2","32"],"status":0,"bytes":31}
{"index":123,"args":["fixed","cos","1","2","80"],"status":0,"bytes":65}
{"index":124,"args":["fixed","cos","1","2","160"],"status":0,"bytes":114}
{"index":125,"args":["fixed","cos","2","1","8"],"status":0,"bytes":19}
{"index":126,"args":["fixed","cos","2","1","32"],"status":0,"bytes":35}
{"index":127,"args":["fixed","cos","2","1","80"],"status":0,"bytes":66}
{"index":128,"args":["fixed","cos","2","1","160"],"status":0,"bytes":115}
{"index":129,"args":["fixed","cos","1000","1","8"],"status":0,"bytes":19}
{"index":130,"args":["fixed","cos","1000","1","32"],"status":0,"bytes":34}
{"index":131,"args":["fixed","cos","1000","1","80"],"status":0,"bytes":64}
{"index":132,"args":["fixed","cos","1000","1","160"],"status":0,"bytes":113}
{"index":133,"args":["fixed","atan","-10","1","8"],"status":0,"bytes":26}
{"index":134,"args":["fixed","atan","-10","1","32"],"status":0,"bytes":49}
{"index":135,"args":["fixed","atan","-10","1","80"],"status":0,"bytes":93}
{"index":136,"args":["fixed","atan","-10","1","160"],"status":0,"bytes":163}
{"index":137,"args":["fixed","atan","-11","8","8"],"status":0,"bytes":28}
{"index":138,"args":["fixed","atan","-11","8","32"],"status":0,"bytes":49}
{"index":139,"args":["fixed","atan","-11","8","80"],"status":0,"bytes":93}
{"index":140,"args":["fixed","atan","-11","8","160"],"status":0,"bytes":162}
{"index":141,"args":["fixed","atan","-21","16","8"],"status":0,"bytes":29}
{"index":142,"args":["fixed","atan","-21","16","32"],"status":0,"bytes":48}
{"index":143,"args":["fixed","atan","-21","16","80"],"status":0,"bytes":94}
{"index":144,"args":["fixed","atan","-21","16","160"],"status":0,"bytes":163}
{"index":145,"args":["fixed","atan","-5","4","8"],"status":0,"bytes":29}
{"index":146,"args":["fixed","atan","-5","4","32"],"status":0,"bytes":46}
{"index":147,"args":["fixed","atan","-5","4","80"],"status":0,"bytes":91}
{"index":148,"args":["fixed","atan","-5","4","160"],"status":0,"bytes":162}
{"index":149,"args":["fixed","atan","-19","16","8"],"status":0,"bytes":27}
{"index":150,"args":["fixed","atan","-19","16","32"],"status":0,"bytes":50}
{"index":151,"args":["fixed","atan","-19","16","80"],"status":0,"bytes":94}
{"index":152,"args":["fixed","atan","-19","16","160"],"status":0,"bytes":163}
{"index":153,"args":["fixed","atan","-9","8","8"],"status":0,"bytes":25}
{"index":154,"args":["fixed","atan","-9","8","32"],"status":0,"bytes":49}
{"index":155,"args":["fixed","atan","-9","8","80"],"status":0,"bytes":92}
{"index":156,"args":["fixed","atan","-9","8","160"],"status":0,"bytes":163}
{"index":157,"args":["fixed","atan","-1","1","8"],"status":0,"bytes":19}
{"index":158,"args":["fixed","atan","-1","1","32"],"status":0,"bytes":26}
{"index":159,"args":["fixed","atan","-1","1","80"],"status":0,"bytes":40}
{"index":160,"args":["fixed","atan","-1","1","160"],"status":0,"bytes":66}
{"index":161,"args":["fixed","atan","-1","2","8"],"status":0,"bytes":18}
{"index":162,"args":["fixed","atan","-1","2","32"],"status":0,"bytes":27}
{"index":163,"args":["fixed","atan","-1","2","80"],"status":0,"bytes":41}
{"index":164,"args":["fixed","atan","-1","2","160"],"status":0,"bytes":66}
{"index":165,"args":["fixed","atan","0","1","8"],"status":0,"bytes":15}
{"index":166,"args":["fixed","atan","0","1","32"],"status":0,"bytes":16}
{"index":167,"args":["fixed","atan","0","1","80"],"status":0,"bytes":16}
{"index":168,"args":["fixed","atan","0","1","160"],"status":0,"bytes":17}
{"index":169,"args":["fixed","atan","1","2","8"],"status":0,"bytes":16}
{"index":170,"args":["fixed","atan","1","2","32"],"status":0,"bytes":25}
{"index":171,"args":["fixed","atan","1","2","80"],"status":0,"bytes":39}
{"index":172,"args":["fixed","atan","1","2","160"],"status":0,"bytes":64}
{"index":173,"args":["fixed","atan","1","1","8"],"status":0,"bytes":17}
{"index":174,"args":["fixed","atan","1","1","32"],"status":0,"bytes":24}
{"index":175,"args":["fixed","atan","1","1","80"],"status":0,"bytes":38}
{"index":176,"args":["fixed","atan","1","1","160"],"status":0,"bytes":64}
{"index":177,"args":["fixed","atan","5","4","8"],"status":0,"bytes":27}
{"index":178,"args":["fixed","atan","5","4","32"],"status":0,"bytes":44}
{"index":179,"args":["fixed","atan","5","4","80"],"status":0,"bytes":89}
{"index":180,"args":["fixed","atan","5","4","160"],"status":0,"bytes":160}
{"index":181,"args":["fixed","atan","10","1","8"],"status":0,"bytes":24}
{"index":182,"args":["fixed","atan","10","1","32"],"status":0,"bytes":47}
{"index":183,"args":["fixed","atan","10","1","80"],"status":0,"bytes":91}
{"index":184,"args":["fixed","atan","10","1","160"],"status":0,"bytes":161}
{"index":185,"args":["fixed","asin","-1","1","8"],"status":0,"bytes":25}
{"index":186,"args":["fixed","asin","-1","1","32"],"status":0,"bytes":40}
{"index":187,"args":["fixed","asin","-1","1","80"],"status":0,"bytes":68}
{"index":188,"args":["fixed","asin","-1","1","160"],"status":0,"bytes":114}
{"index":189,"args":["fixed","asin","-7","8","8"],"status":0,"bytes":29}
{"index":190,"args":["fixed","asin","-7","8","32"],"status":0,"bytes":48}
{"index":191,"args":["fixed","asin","-7","8","80"],"status":0,"bytes":92}
{"index":192,"args":["fixed","asin","-7","8","160"],"status":0,"bytes":161}
{"index":193,"args":["fixed","asin","-1","2","8"],"status":0,"bytes":19}
{"index":194,"args":["fixed","asin","-1","2","32"],"status":0,"bytes":26}
{"index":195,"args":["fixed","asin","-1","2","80"],"status":0,"bytes":41}
{"index":196,"args":["fixed","asin","-1","2","160"],"status":0,"bytes":66}
{"index":197,"args":["fixed","asin","0","1","8"],"status":0,"bytes":15}
{"index":198,"args":["fixed","asin","0","1","32"],"status":0,"bytes":16}
{"index":199,"args":["fixed","asin","0","1","80"],"status":0,"bytes":16}
{"index":200,"args":["fixed","asin","0","1","160"],"status":0,"bytes":17}
{"index":201,"args":["fixed","asin","1","2","8"],"status":0,"bytes":17}
{"index":202,"args":["fixed","asin","1","2","32"],"status":0,"bytes":24}
{"index":203,"args":["fixed","asin","1","2","80"],"status":0,"bytes":39}
{"index":204,"args":["fixed","asin","1","2","160"],"status":0,"bytes":64}
{"index":205,"args":["fixed","asin","7","8","8"],"status":0,"bytes":27}
{"index":206,"args":["fixed","asin","7","8","32"],"status":0,"bytes":46}
{"index":207,"args":["fixed","asin","7","8","80"],"status":0,"bytes":90}
{"index":208,"args":["fixed","asin","7","8","160"],"status":0,"bytes":159}
{"index":209,"args":["fixed","asin","1","1","8"],"status":0,"bytes":23}
{"index":210,"args":["fixed","asin","1","1","32"],"status":0,"bytes":38}
{"index":211,"args":["fixed","asin","1","1","80"],"status":0,"bytes":66}
{"index":212,"args":["fixed","asin","1","1","160"],"status":0,"bytes":112}
{"index":213,"args":["fixed","acos","-1","1","8"],"status":0,"bytes":24}
{"index":214,"args":["fixed","acos","-1","1","32"],"status":0,"bytes":38}
{"index":215,"args":["fixed","acos","-1","1","80"],"status":0,"bytes":67}
{"index":216,"args":["fixed","acos","-1","1","160"],"status":0,"bytes":113}
{"index":217,"args":["fixed","acos","-7","8","8"],"status":0,"bytes":19}
{"index":218,"args":["fixed","acos","-7","8","32"],"status":0,"bytes":26}
{"index":219,"args":["fixed","acos","-7","8","80"],"status":0,"bytes":40}
{"index":220,"args":["fixed","acos","-7","8","160"],"status":0,"bytes":65}
{"index":221,"args":["fixed","acos","-1","2","8"],"status":0,"bytes":27}
{"index":222,"args":["fixed","acos","-1","2","32"],"status":0,"bytes":48}
{"index":223,"args":["fixed","acos","-1","2","80"],"status":0,"bytes":92}
{"index":224,"args":["fixed","acos","-1","2","160"],"status":0,"bytes":161}
{"index":225,"args":["fixed","acos","0","1","8"],"status":0,"bytes":23}
{"index":226,"args":["fixed","acos","0","1","32"],"status":0,"bytes":38}
{"index":227,"args":["fixed","acos","0","1","80"],"status":0,"bytes":66}
{"index":228,"args":["fixed","acos","0","1","160"],"status":0,"bytes":112}
{"index":229,"args":["fixed","acos","1","2","8"],"status":0,"bytes":25}
{"index":230,"args":["fixed","acos","1","2","32"],"status":0,"bytes":46}
{"index":231,"args":["fixed","acos","1","2","80"],"status":0,"bytes":90}
{"index":232,"args":["fixed","acos","1","2","160"],"status":0,"bytes":159}
{"index":233,"args":["fixed","acos","7","8","8"],"status":0,"bytes":17}
{"index":234,"args":["fixed","acos","7","8","32"],"status":0,"bytes":24}
{"index":235,"args":["fixed","acos","7","8","80"],"status":0,"bytes":38}
{"index":236,"args":["fixed","acos","7","8","160"],"status":0,"bytes":63}
{"index":237,"args":["fixed","acos","1","1","8"],"status":0,"bytes":15}
{"index":238,"args":["fixed","acos","1","1","32"],"status":0,"bytes":16}
{"index":239,"args":["fixed","acos","1","1","80"],"status":0,"bytes":16}
{"index":240,"args":["fixed","acos","1","1","160"],"status":0,"bytes":17}
{"index":241,"args":["fixed","asinh","-10","1","8"],"status":0,"bytes":23}
{"index":242,"args":["fixed","asinh","-10","1","32"],"status":0,"bytes":37}
{"index":243,"args":["fixed","asinh","-10","1","80"],"status":0,"bytes":68}
{"index":244,"args":["fixed","asinh","-10","1","160"],"status":0,"bytes":115}
{"index":245,"args":["fixed","asinh","-1","1","8"],"status":0,"bytes":22}
{"index":246,"args":["fixed","asinh","-1","1","32"],"status":0,"bytes":33}
{"index":247,"args":["fixed","asinh","-1","1","80"],"status":0,"bytes":65}
{"index":248,"args":["fixed","asinh","-1","1","160"],"status":0,"bytes":116}
{"index":249,"args":["fixed","asinh","0","1","8"],"status":0,"bytes":16}
{"index":250,"args":["fixed","asinh","0","1","32"],"status":0,"bytes":17}
{"index":251,"args":["fixed","asinh","0","1","80"],"status":0,"bytes":17}
{"index":252,"args":["fixed","asinh","0","1","160"],"status":0,"bytes":18}
{"index":253,"args":["fixed","asinh","1","1","8"],"status":0,"bytes":20}
{"index":254,"args":["fixed","asinh","1","1","32"],"status":0,"bytes":31}
{"index":255,"args":["fixed","asinh","1","1","80"],"status":0,"bytes":63}
{"index":256,"args":["fixed","asinh","1","1","160"],"status":0,"bytes":114}
{"index":257,"args":["fixed","asinh","10","1","8"],"status":0,"bytes":21}
{"index":258,"args":["fixed","asinh","10","1","32"],"status":0,"bytes":33}
{"index":259,"args":["fixed","asinh","10","1","80"],"status":0,"bytes":66}
{"index":260,"args":["fixed","asinh","10","1","160"],"status":0,"bytes":113}
{"index":261,"args":["fixed","acosh","1","1","8"],"status":0,"bytes":16}
{"index":262,"args":["fixed","acosh","1","1","32"],"status":0,"bytes":17}
{"index":263,"args":["fixed","acosh","1","1","80"],"status":0,"bytes":17}
{"index":264,"args":["fixed","acosh","1","1","160"],"status":0,"bytes":18}
{"index":265,"args":["fixed","acosh","9","8","8"],"status":0,"bytes":18}
{"index":266,"args":["fixed","acosh","9","8","32"],"status":0,"bytes":25}
{"index":267,"args":["fixed","acosh","9","8","80"],"status":0,"bytes":40}
{"index":268,"args":["fixed","acosh","9","8","160"],"status":0,"bytes":64}
{"index":269,"args":["fixed","acosh","2","1","8"],"status":0,"bytes":20}
{"index":270,"args":["fixed","acosh","2","1","32"],"status":0,"bytes":35}
{"index":271,"args":["fixed","acosh","2","1","80"],"status":0,"bytes":63}
{"index":272,"args":["fixed","acosh","2","1","160"],"status":0,"bytes":112}
{"index":273,"args":["fixed","acosh","100","1","8"],"status":0,"bytes":22}
{"index":274,"args":["fixed","acosh","100","1","32"],"status":0,"bytes":36}
{"index":275,"args":["fixed","acosh","100","1","80"],"status":0,"bytes":67}
{"index":276,"args":["fixed","acosh","100","1","160"],"status":0,"bytes":115}
{"index":277,"args":["fixed","atanh","-7","8","8"],"status":0,"bytes":22}
{"index":278,"args":["fixed","atanh","-7","8","32"],"status":0,"bytes":37}
{"index":279,"args":["fixed","atanh","-7","8","80"],"status":0,"bytes":67}
{"index":280,"args":["fixed","atanh","-7","8","160"],"status":0,"bytes":116}
{"index":281,"args":["fixed","atanh","-1","2","8"],"status":0,"bytes":22}
{"index":282,"args":["fixed","atanh","-1","2","32"],"status":0,"bytes":35}
{"index":283,"args":["fixed","atanh","-1","2","80"],"status":0,"bytes":65}
{"index":284,"args":["fixed","atanh","-1","2","160"],"status":0,"bytes":116}
{"index":285,"args":["fixed","atanh","0","1","8"],"status":0,"bytes":16}
{"index":286,"args":["fixed","atanh","0","1","32"],"status":0,"bytes":17}
{"index":287,"args":["fixed","atanh","0","1","80"],"status":0,"bytes":17}
{"index":288,"args":["fixed","atanh","0","1","160"],"status":0,"bytes":18}
{"index":289,"args":["fixed","atanh","1","2","8"],"status":0,"bytes":20}
{"index":290,"args":["fixed","atanh","1","2","32"],"status":0,"bytes":33}
{"index":291,"args":["fixed","atanh","1","2","80"],"status":0,"bytes":63}
{"index":292,"args":["fixed","atanh","1","2","160"],"status":0,"bytes":114}
{"index":293,"args":["fixed","atanh","7","8","8"],"status":0,"bytes":20}
{"index":294,"args":["fixed","atanh","7","8","32"],"status":0,"bytes":35}
{"index":295,"args":["fixed","atanh","7","8","80"],"status":0,"bytes":65}
{"index":296,"args":["fixed","atanh","7","8","160"],"status":0,"bytes":114}
Complete fixed/O2: 296 requests; finite 296. Numeric qualification is separate.
