FAIL asinh radical=false input=2 bits=0 error_ulps=-1.4436354751788103
PASS asinh radical=false input=2 bits=1 error_ulps=0.11272904964237931
PASS asinh radical=false input=2 bits=2 error_ulps=0.22545809928475863
PASS asinh radical=false input=2 bits=8 error_ulps=0.4293183542245523
PASS asinh radical=false input=2 bits=32 error_ulps=-0.23841017319518268
PASS asinh radical=false input=2 bits=80 error_ulps=-0.5136574854273372
PASS asinh radical=false input=2 bits=160 error_ulps=0.3851415146373189
FAIL asinh radical=false input=-2 bits=0 error_ulps=1.4436354751788103
PASS asinh radical=false input=-2 bits=1 error_ulps=-0.11272904964237931
PASS asinh radical=false input=-2 bits=2 error_ulps=-0.22545809928475863
PASS asinh radical=false input=-2 bits=8 error_ulps=-0.4293183542245523
PASS asinh radical=false input=-2 bits=32 error_ulps=0.23841017319518268
PASS asinh radical=false input=-2 bits=80 error_ulps=0.5136574854273372
PASS asinh radical=false input=-2 bits=160 error_ulps=-0.3851415146373189
FAIL asinh radical=false input=4 bits=0 error_ulps=-2.0947125472611012
PASS asinh radical=false input=4 bits=1 error_ulps=-0.18942509452220258
PASS asinh radical=false input=4 bits=2 error_ulps=-0.37885018904440515
PASS asinh radical=false input=4 bits=8 error_ulps=-0.24641209884193133
PASS asinh radical=false input=4 bits=32 error_ulps=-0.007284431724787141
PASS asinh radical=false input=4 bits=80 error_ulps=0.17572363795773796
PASS asinh radical=false input=4 bits=160 error_ulps=-0.7021913155147335
FAIL asinh radical=false input=6 bits=0 error_ulps=-2.4917798526449118
PASS asinh radical=false input=6 bits=1 error_ulps=0.016440294710176058
PASS asinh radical=false input=6 bits=2 error_ulps=0.032880589420352116
PASS asinh radical=false input=6 bits=8 error_ulps=0.10435772290253556
PASS asinh radical=false input=6 bits=32 error_ulps=0.05840398620512199
PASS asinh radical=false input=6 bits=80 error_ulps=-0.8138915072711009
PASS asinh radical=false input=6 bits=160 error_ulps=-0.11955999514893002
FAIL asinh radical=true input=2 bits=0 error_ulps=-1.1462158347805886
PASS asinh radical=true input=2 bits=1 error_ulps=-0.29243166956117767
PASS asinh radical=true input=2 bits=2 error_ulps=0.4151366608776446
PASS asinh radical=true input=2 bits=8 error_ulps=-0.431253703830744
PASS asinh radical=true input=2 bits=32 error_ulps=0.46003157982536014
PASS asinh radical=true input=2 bits=80 error_ulps=-0.460310234773141
PASS asinh radical=true input=2 bits=160 error_ulps=-0.49767163112457863
FAIL asinh radical=true input=5 bits=0 error_ulps=-1.5444849524223014
PASS asinh radical=true input=5 bits=1 error_ulps=-0.08896990484460301
PASS asinh radical=true input=5 bits=2 error_ulps=-0.17793980968920603
PASS asinh radical=true input=5 bits=8 error_ulps=-0.38814782010918625
PASS asinh radical=true input=5 bits=32 error_ulps=0.18209903797290847
PASS asinh radical=true input=5 bits=80 error_ulps=0.2782206968242728
PASS asinh radical=true input=5 bits=160 error_ulps=-0.23416279653724817
PASS asinh radical=true input=100 bits=0 error_ulps=0.0017770497020302611
PASS asinh radical=true input=100 bits=1 error_ulps=0.0035540994040605223
PASS asinh radical=true input=100 bits=2 error_ulps=0.0071081988081210445
PASS asinh radical=true input=100 bits=8 error_ulps=0.45492472371974685
PASS asinh radical=true input=100 bits=32 error_ulps=0.35358651645621136
PASS asinh radical=true input=100 bits=80 error_ulps=0.08973556438301268
PASS asinh radical=true input=100 bits=160 error_ulps=0.34773579211716454
PASS acosh radical=true input=2 bits=0 error_ulps=0.11862641298045697
PASS acosh radical=true input=2 bits=1 error_ulps=0.23725282596091393
PASS acosh radical=true input=2 bits=2 error_ulps=0.47450565192182786
PASS acosh radical=true input=2 bits=8 error_ulps=0.3683617229969855
PASS acosh radical=true input=2 bits=32 error_ulps=0.19285259376104014
PASS acosh radical=true input=2 bits=80 error_ulps=0.3806484747816945
PASS acosh radical=true input=2 bits=160 error_ulps=0.029820539637802648
FAIL acosh radical=true input=5 bits=0 error_ulps=-1.4436354751788103
PASS acosh radical=true input=5 bits=1 error_ulps=0.11272904964237931
PASS acosh radical=true input=5 bits=2 error_ulps=0.22545809928475863
PASS acosh radical=true input=5 bits=8 error_ulps=0.4293183542245523
PASS acosh radical=true input=5 bits=32 error_ulps=-0.23841017319518268
PASS acosh radical=true input=5 bits=80 error_ulps=-0.5136574854273372
PASS acosh radical=true input=5 bits=160 error_ulps=0.3851415146373189
FAIL acosh radical=true input=17 bits=0 error_ulps=-2.0947125472611012
PASS acosh radical=true input=17 bits=1 error_ulps=-0.18942509452220258
PASS acosh radical=true input=17 bits=2 error_ulps=-0.37885018904440515
PASS acosh radical=true input=17 bits=8 error_ulps=-0.24641209884193133
PASS acosh radical=true input=17 bits=32 error_ulps=-0.007284431724787141
PASS acosh radical=true input=17 bits=80 error_ulps=0.17572363795773796
PASS acosh radical=true input=17 bits=160 error_ulps=-0.7021913155147335
PASS acosh radical=true input=100 bits=0 error_ulps=0.006777153873619102
PASS acosh radical=true input=100 bits=1 error_ulps=0.013554307747238203
PASS acosh radical=true input=100 bits=2 error_ulps=0.027108615494476407
PASS acosh radical=true input=100 bits=8 error_ulps=-0.26504860835350985
PASS acosh radical=true input=100 bits=32 error_ulps=0.2471537606259775
PASS acosh radical=true input=100 bits=80 error_ulps=0.06617110390272665
PASS acosh radical=true input=100 bits=160 error_ulps=0.44225163120260175
TOTAL log-boundary checks=77 failures=8
