==9== Memcheck, a memory error detector
==9== Copyright (C) 2002-2026, and GNU GPL'd, by Julian Seward et al.
==9== Using Valgrind-3.27.1 and LibVEX; rerun with -h for copyright info
==9== Command: .audit-targets/ireal-derivative-18555/debug/deps/hyperreal-a346315a45113d5d computable::node::tests::log1p_domain_guard_ --nocapture
==9== 

running 6 tests
test computable::node::tests::log1p_domain_guard_covers_extreme_scales_and_cache_histories ... ok
test computable::node::tests::log1p_domain_guard_covers_public_residuals_outside_the_series_range ... ok
test computable::node::tests::log1p_domain_guard_does_not_trust_estimated_sum_magnitudes ... ok
test computable::node::tests::log1p_domain_guard_matches_a_public_and_opaque_residual_grid ... ok
test computable::node::tests::log1p_domain_guard_preserves_abort_and_lazy_construction ... ok
test computable::node::tests::log1p_domain_guard_rechecks_every_working_sample_boundary_rounding ... ok

test result: ok. 6 passed; 0 failed; 0 ignored; 0 measured; 658 filtered out; finished in 38.35s

==9== 
==9== HEAP SUMMARY:
==9==     in use at exit: 44,464 bytes in 763 blocks
==9==   total heap usage: 648,442 allocs, 647,679 frees, 108,193,719 bytes allocated
==9== 
==9== For a detailed leak analysis, rerun with: --leak-check=full
==9== 
==9== For lists of detected and suppressed errors, rerun with: -s
==9== ERROR SUMMARY: 0 errors from 0 contexts (suppressed: 0 from 0)
