    Blocking waiting for file lock on build directory
   Compiling hyperreal v0.13.1 (/home/tim/Documents/GitHub/workspace/hyperreal)
   Compiling hyperlattice v0.6.1 (/home/tim/Documents/GitHub/workspace/hyperlattice)
   Compiling hyperlimit v0.4.1 (/home/tim/Documents/GitHub/workspace/hyperlimit)
   Compiling hypersolve v0.3.1 (/home/tim/Documents/GitHub/workspace/hypersolve)
   Compiling hypercurve v0.3.1 (/home/tim/Documents/GitHub/workspace/hypercurve)
    Finished `test` profile [unoptimized + debuginfo] target(s) in 33.74s
     Running unittests src/lib.rs (.audit-targets/ireal-derivative-18555/debug/deps/hypercurve-9c41c5e0b21271d9)

running 898 tests
test arc_bezier::tests::arc_clones_share_sweep_and_decomposition_caches ... ok
test arc_bezier::tests::independent_algebraic_quarter_circle_recovers_minimal_center ... ok
test arc_bezier::tests::mixed_weight_conic_with_a_projective_pole_is_not_a_regular_arc ... ok
test arc_bezier::tests::mixed_weight_major_circle_is_recognized_without_a_projective_pole ... ok
test arc_bezier::tests::one_arc_decomposition_shares_exact_conic_provenance ... ok
test bezier_algebraic_image::policy_tests::arithmetic_adapter_rejects_evidence_that_does_not_replay_strictly ... ok
test bezier_algebraic_image::policy_tests::coordinate_images_preserve_native_polynomial_point_values ... ok
test bezier_algebraic_image::policy_tests::exact_real_representation_preserves_native_point_payloads ... ok
test bezier_arrangement::endpoint_adjacency_tests::certified_branch_free_traversal_defers_unused_zero_tangent ... ok
test bezier_arrangement::endpoint_adjacency_tests::certified_topology_can_close_one_fragment_at_a_self_contact ... ok
test bezier_arrangement::endpoint_adjacency_tests::complete_topology_traversal_defers_unused_endpoint_coordinates ... ok
test bezier_arrangement::endpoint_adjacency_tests::lazy_polynomial_endpoint_derivatives_match_eager_images ... ok
test bezier_arrangement::endpoint_adjacency_tests::partial_successor_evidence_rebuilds_higher_order_tangents ... ok
test bezier_arrangement::endpoint_adjacency_tests::represented_tangent_negation_accepts_an_exact_real_result ... ok
test bezier_arrangement::endpoint_adjacency_tests::retained_index_combines_topology_vertices_and_exact_coordinate_fallback ... ok
test bezier_arrangement::rational_quadratic_endpoint_derivative_tests::polynomial_endpoint_tangent_keeps_its_structural_zero_evidence ... ok
test bezier_arrangement::rational_quadratic_endpoint_derivative_tests::specialized_endpoint_jets_match_general_rational_quotient_derivatives ... ok
test bezier_flatten::tests::cubic_half_split_keeps_exact_de_casteljau_values ... ok
test bezier_flatten::tests::flatten_certificate_evidence_actual_depth_used ... ok
test bezier_metric::tests::degree_elevated_linear_certificate_checks_parameters_exactly ... ok
test bezier_metric::tests::inverse_length_linear_image_keeps_exact_parameter_certificate ... ok
test bezier_metric::tests::inverse_length_zero_target_returns_zero_parameter_certificate ... ok
test bezier_metric::tests::metric_subdivision_rejects_empty_controls ... ok
test bezier_moment::tests::arbitrary_degree_split_weight_moments_are_exactly_additive ... ok
test bezier_moment::tests::area_moments_accept_constant_control ... ok
test bezier_moment::tests::area_moments_reject_empty_controls ... ok
test bezier_moment::tests::bernstein_to_power_handles_supported_higher_degree ... ok
test bezier_moment::tests::cubic_weight_moments_with_one_real_root_are_exactly_additive ... ok
test bezier_moment::tests::cubic_weight_moments_with_three_real_roots_are_exactly_additive ... ok
test bezier_moment::tests::distinct_irreducible_quadratic_weight_moments_are_exactly_additive ... ok
test bezier_moment::tests::fully_split_quartic_weight_moments_are_exactly_additive ... ok
test bezier_moment::tests::general_rational_bezier_uses_exact_polynomial_and_low_degree_weight_moments ... ok
test bezier_moment::tests::genuinely_cubic_rational_quadratic_weight_moments_are_exactly_additive ... ok
test bezier_moment::tests::mixed_linear_quadratic_quartic_weight_moments_are_exactly_additive ... ok
test bezier_moment::tests::moment_subdivision_rejects_empty_controls ... ok
test bezier_moment::tests::rational_quadratic_area_cache_reuses_equal_weight_integrals ... ok
test bezier_moment::tests::rational_quadratic_first_moments_are_exactly_additive_under_subdivision ... ok
test bezier_moment::tests::rational_quadratic_linear_weight_denominator_keeps_geometric_line_moments ... ok
test bezier_moment::tests::rational_quadratic_quarter_circle_has_exact_green_first_moments ... ok
test bezier_moment::tests::repeated_irreducible_quadratic_weight_moments_are_exactly_additive ... ok
test bezier_moment::tests::repeated_quadratic_weight_denominator_moments_reverse_exactly ... ok
test bezier_moment::tests::repeated_root_cubic_weight_moments_are_exactly_additive ... ok
test bezier_moment::tests::specialized_signed_area_matches_full_moment_evaluation ... ok
test bezier_moment::tests::triple_root_cubic_weight_moments_are_exactly_additive ... ok
test bezier_moment::tests::uniform_weight_rational_beziers_use_exact_polynomial_moments ... ok
test bezier_offset::conversion_tests::additive_cubic_three_field_zero_is_exact_in_every_axis_order ... ok
test bezier_offset::conversion_tests::algebraic_center_fixed_distance_covers_adjacent_and_incident_ray ... ok
test bezier_offset::conversion_tests::algebraic_center_fixed_distance_projects_complete_high_degree_fiber ... ok
test bezier_offset::conversion_tests::algebraic_center_fixed_distance_stops_before_speed_barrier ... ok
test bezier_offset::conversion_tests::algebraic_chord_is_one_word_and_reverses_without_rounding ... ok
test bezier_offset::conversion_tests::algebraic_chord_pair_handles_endpoint_disjoint_and_collinear_fast_paths ... ok
test bezier_offset::conversion_tests::algebraic_chord_rejects_a_certified_zero_length ... ok
test bezier_offset::conversion_tests::algebraic_chord_retains_independent_endpoint_fields_under_both_policies ... ok
test bezier_offset::conversion_tests::algebraic_chord_source_incidence_deflates_only_the_retained_contact ... ok
test bezier_offset::conversion_tests::algebraic_cusp_circle_degenerate_projection_is_filtered_at_the_selected_root ... ok
test bezier_offset::conversion_tests::algebraic_cusp_circle_rational_system_replays_shared_source_endpoint ... ok
test bezier_offset::conversion_tests::algebraic_cusp_disk_classifies_an_independent_selected_root_directly ... ok
test bezier_offset::conversion_tests::algebraic_cusp_rational_parameter_map_brackets_an_interior_contact ... ok
test bezier_offset::conversion_tests::algebraic_cusp_semicircle_certifies_exact_circle_support_relations ... ok
test bezier_offset::conversion_tests::algebraic_cusp_semicircle_conservative_bounds_contain_exact_images ... ok
test bezier_offset::conversion_tests::algebraic_cusp_semicircle_forward_ray_obeys_half_open_winding ... ok
test bezier_offset::conversion_tests::algebraic_cusp_semicircle_intersects_a_general_analytic_parallel_exactly ... ok
test bezier_offset::conversion_tests::algebraic_cusp_semicircle_intersects_exact_oblique_chords_exactly ... ok
test bezier_offset::conversion_tests::algebraic_cusp_semicircle_intersects_finite_axis_chords_exactly ... ok
test bezier_offset::conversion_tests::algebraic_cusp_semicircle_intersects_independent_field_oblique_chords_exactly ... ok
test bezier_offset::conversion_tests::algebraic_cusp_semicircle_pair_handles_tangent_disjoint_and_coincident_supports ... ok
test bezier_offset::conversion_tests::algebraic_cusp_semicircle_pair_maps_full_partial_and_endpoint_only_overlap ... ok
test bezier_offset::conversion_tests::algebraic_cusp_semicircle_pair_replays_independent_selected_roots ... ok
test bezier_offset::conversion_tests::algebraic_cusp_semicircle_parallel_endpoint_respects_reversal ... ok
test bezier_offset::conversion_tests::algebraic_cusp_semicircle_point_incidence_selects_exactly_one_half ... ok
test bezier_offset::conversion_tests::algebraic_cusp_semicircle_rational_contacts_distinguish_both_endpoints ... ok
test bezier_offset::conversion_tests::algebraic_cusp_semicircle_reoffsets_independent_field_oblique_chord_cap ... ok
test bezier_offset::conversion_tests::algebraic_cusp_semicircle_reoffsets_nested_chord_mapped_cap ... ok
test bezier_offset::conversion_tests::algebraic_cusp_semicircle_reoffsets_pair_mapped_lens ... ok
test bezier_offset::conversion_tests::algebraic_cusp_semicircle_reoffsets_two_analytic_parallel_mapped_cuts ... ok
test bezier_offset::conversion_tests::algebraic_cusp_semicircle_replays_a_selected_circle_component ... ok
test bezier_offset::conversion_tests::algebraic_cusp_semicircle_similarities_transform_the_shared_frame_exactly ... ok
test bezier_offset::conversion_tests::algebraic_incident_barrier_retains_its_exact_compact_root ... ok
test bezier_offset::conversion_tests::algebraic_parallel_incident_domain_bridges_and_stops_at_speed_barrier ... ok
test bezier_offset::conversion_tests::algebraic_selected_fiber_incident_chart_preserves_affine_authority ... ok
test bezier_offset::conversion_tests::analytic_parallel_classifies_correlated_chord_pair_points ... ok
test bezier_offset::conversion_tests::analytic_parallel_point_retains_tangent_displacement_in_one_frame ... ok
test bezier_offset::conversion_tests::analytic_parallel_self_intersection_removes_the_parameter_diagonal ... ok
test bezier_offset::conversion_tests::axis_saturation_requires_every_removed_factor_to_be_rootless ... ok
test bezier_offset::conversion_tests::bilinear_factorization_recovers_a_constant_specialized_root ... ok
test bezier_offset::conversion_tests::bilinear_factorization_retains_linear_specialization_content ... ok
test bezier_offset::conversion_tests::bilinear_factorization_tolerates_one_specialization_degree_drop ... ok
test bezier_offset::conversion_tests::bivariate_bernstein_sign_excludes_only_strict_unit_square_misses ... ok
test bezier_offset::conversion_tests::bounded_component_extraction_rejoins_the_uncapped_authority ... ok
test bezier_offset::conversion_tests::bounded_general_resultant_isolates_only_the_requested_selected_fiber_range ... ok
test bezier_offset::conversion_tests::bounded_nonic_coupled_factor_rational_three_field_zero_is_exact ... ok
test bezier_offset::conversion_tests::bounded_parameter_lifts_rejoin_the_uncapped_authority ... ok
test bezier_offset::conversion_tests::branch_zero_component_pair_suppresses_the_same_residual_candidate ... ok
test bezier_offset::conversion_tests::cardinal_algebraic_parallel_projects_source_coordinates_exactly ... ok
test bezier_offset::conversion_tests::certified_circle_tangent_remains_nontransverse_after_residual_deflation ... ok
test bezier_offset::conversion_tests::chamfer_transported_mapped_cusp_cut_inverts_on_analytic_overlap ... ok
test bezier_offset::conversion_tests::chord_normal_dense_sheet_replay_keeps_even_roots_and_zero_components ... ok
test bezier_offset::conversion_tests::chord_normal_dense_sheet_replay_rejects_conjugate_roots ... ok
test bezier_offset::conversion_tests::chord_pair_orders_support_intersections_beyond_a_finite_witness ... ok
test bezier_offset::conversion_tests::chord_parallel_extension_keeps_target_and_chord_domains_independent ... ok
test bezier_offset::conversion_tests::circle_incidence_retains_oriented_transverse_signs ... ok
test bezier_offset::conversion_tests::closed_source_diagonal_is_removed_before_residual_component_scan ... ok
test bezier_offset::conversion_tests::coefficient_precision_uses_certified_dyadic_bounds_for_signed_surds ... ok
test bezier_offset::conversion_tests::coordinate_refinement_requires_valid_terminal_bounds ... ok
test bezier_offset::conversion_tests::correlated_algebraic_point_oblique_projection_is_exact ... ok
test bezier_offset::conversion_tests::correlated_degree_fifteen_nonsquare_speed_points_project_final_images ... ok
test bezier_offset::conversion_tests::correlated_degree_fifteen_selected_square_speed_points_reduce_locally ... ok
test bezier_offset::conversion_tests::curve_region_boolean_clips_correlated_partial_cusp_overlaps ... ok
test bezier_offset::conversion_tests::curve_region_offset_transports_an_internal_correlated_circle_partition ... ok
test bezier_offset::conversion_tests::curve_region_retains_and_classifies_an_algebraic_cusp_semicircle ... ok
test bezier_offset::conversion_tests::defining_polynomial_reduction_certifies_nonlinear_three_field_zero ... ok
test bezier_offset::conversion_tests::dense_chord_normal_circle_extends_over_an_independent_analytic_speed ... ok
test bezier_offset::conversion_tests::dense_chord_normal_incident_circle_retains_its_component ... ok
test bezier_offset::conversion_tests::dense_chord_normal_independent_anchor_uses_rank_independent_fallback ... ok
test bezier_offset::conversion_tests::dense_chord_normal_rejects_disjoint_and_finitely_clipped_chords ... ok
test bezier_offset::conversion_tests::dense_chord_normal_retains_rational_contacts_and_circle_components ... ok
test bezier_offset::conversion_tests::dense_chord_normal_tangency_retains_a_finite_endpoint ... ok
test bezier_offset::conversion_tests::dense_projection_does_not_square_an_absent_radical ... ok
test bezier_offset::conversion_tests::dense_projection_keeps_roots_of_vanishing_radicands ... ok
test bezier_offset::conversion_tests::dense_projection_single_radical_replays_the_authored_sheet ... ok
test bezier_offset::conversion_tests::dense_projection_zero_set_matches_all_four_conjugates ... ok
test bezier_offset::conversion_tests::dense_two_radical_square_matches_general_field_product ... ok
test bezier_offset::conversion_tests::differently_factored_selected_roots_share_frame_axes_and_translation ... ok
test bezier_offset::conversion_tests::direct_algebraic_circle_cardinal_offsets_translate_cached_endpoint_fields ... ok
test bezier_offset::conversion_tests::direct_algebraic_circle_left_offsets_cover_collapse_crossing_and_reversal ... ok
test bezier_offset::conversion_tests::direct_algebraic_circle_similarities_retain_center_and_cardinal_evidence ... ok
test bezier_offset::conversion_tests::distinct_mapped_algebraic_cusp_endpoint_fields_classify_directly ... ok
test bezier_offset::conversion_tests::exact_parallel_is_one_word_and_distances_share_lazy_source_kernel ... ok
test bezier_offset::conversion_tests::exact_parallel_reflection_negates_scaled_left_distance ... ok
test bezier_offset::conversion_tests::exact_parallel_similarity_transports_points_derivatives_and_structure ... ok
test bezier_offset::conversion_tests::exact_radial_chord_replays_a_retained_circle_endpoint_contact ... ok
test bezier_offset::conversion_tests::exact_rational_parallel_self_intersections_reuse_rational_authority ... ok
test bezier_offset::conversion_tests::exact_real_parameter_relation_accepts_the_exact_arithmetic_status ... ok
test bezier_offset::conversion_tests::fiber_specialization_preserves_axis_order_and_ragged_zero_rows ... ok
test bezier_offset::conversion_tests::fiber_specialization_retains_native_quadratic_root_certificates ... ok
test bezier_offset::conversion_tests::general_algebraic_cusp_points_are_exact_rational_images ... ok
test bezier_offset::conversion_tests::general_algebraic_cusp_semicircle_is_exact_shared_and_oriented ... ok
test bezier_offset::conversion_tests::genuine_parallel_algebraic_ray_replays_the_unsquared_branch ... ok
test bezier_offset::conversion_tests::high_degree_quadratic_selected_center_stays_local_on_nonlinear_carrier ... ok
test bezier_offset::conversion_tests::implicit_component_discards_zero_branch_factors_and_keeps_the_quotient ... ok
test bezier_offset::conversion_tests::implicit_component_partitions_even_endpoint_and_singular_branch_zeros ... ok
test bezier_offset::conversion_tests::implicit_component_reduction_removes_mixed_factor_multiplicities ... ok
test bezier_offset::conversion_tests::implicit_parameter_cells_clip_a_cusp_on_the_domain_corner ... ok
test bezier_offset::conversion_tests::implicit_parameter_cells_defer_a_boundary_coincident_component ... ok
test bezier_offset::conversion_tests::implicit_parameter_cells_partition_an_interior_cusp ... ok
test bezier_offset::conversion_tests::implicit_parameter_cells_retain_an_isolated_singular_point ... ok
test bezier_offset::conversion_tests::implicit_parameter_cells_split_every_branch_at_an_interior_node ... ok
test bezier_offset::conversion_tests::implicit_parameter_component_transports_a_boundary_fold ... ok
test bezier_offset::conversion_tests::incident_component_charts_clip_exact_regular_barriers ... ok
test bezier_offset::conversion_tests::incident_component_charts_transport_an_isolated_selected_event ... ok
test bezier_offset::conversion_tests::incident_constraint_retains_isolated_roots_after_component_analysis ... ok
test bezier_offset::conversion_tests::incident_non_source_parallel_overlap_reaches_the_common_projection ... ok
test bezier_offset::conversion_tests::incident_pair_projection_accepts_a_non_source_radical_component ... ok
test bezier_offset::conversion_tests::incident_parabola_parallel_circle_retains_exact_and_algebraic_contacts ... ok
test bezier_offset::conversion_tests::incident_parabola_parallel_line_retains_the_regular_exterior_contact ... ok
test bezier_offset::conversion_tests::incident_rational_parabola_circle_retains_the_pre_pole_contact ... ok
test bezier_offset::conversion_tests::incident_selected_fiber_projection_honors_the_requested_resultant_schedule ... ok
test bezier_offset::conversion_tests::incident_source_circle_stops_at_the_first_projective_pole ... ok
test bezier_offset::conversion_tests::incident_source_component_with_unequal_distances_retains_its_residual_system ... ok
test bezier_offset::conversion_tests::independent_algebraic_point_oblique_projections_compare_exactly ... ok
test bezier_offset::conversion_tests::independent_cusp_chord_contacts_order_on_the_shared_axis ... ok
test bezier_offset::conversion_tests::independent_field_algebraic_chord_intersects_rational_curve_under_both_policies ... ok
test bezier_offset::conversion_tests::independent_field_chord_retains_a_third_contact_in_its_recursive_field ... ok
test bezier_offset::conversion_tests::independent_field_chord_retains_both_noninjective_endpoint_preimages ... ok
test bezier_offset::conversion_tests::independent_represented_unit_tangents_keep_exact_forward_and_reverse_relations ... ok
test bezier_offset::conversion_tests::independent_two_radical_zero_rejects_squared_conjugate ... ok
test bezier_offset::conversion_tests::independently_encoded_nonrepresented_analytic_circle_publishes_overlap ... ok
test bezier_offset::conversion_tests::independently_encoded_nonrepresented_noncircular_analytic_contact_completes ... ok
test bezier_offset::conversion_tests::independently_encoded_recursive_circles_intersect_and_recurse_exactly ... ok
test bezier_offset::conversion_tests::independently_encoded_recursive_circles_map_all_coincident_half_relations ... ok
test bezier_offset::conversion_tests::independently_encoded_rotated_recursive_circles_intersect_exactly ... ok
test bezier_offset::conversion_tests::independently_encoded_scaled_rotated_recursive_circles_intersect_exactly ... ok
test bezier_offset::conversion_tests::independently_pair_radial_circles_handle_tangent_disjoint_and_concentric_supports ... ok
test bezier_offset::conversion_tests::independently_pair_radial_circles_intersect_exactly ... ok
test bezier_offset::conversion_tests::independently_pair_radial_circles_map_all_coincident_half_relations ... ok
test bezier_offset::conversion_tests::independently_reencoded_recursive_parent_handles_exact_tangency ... ok
test bezier_offset::conversion_tests::mapped_overlap_retains_distinct_selected_inverse_keys_and_rebuilds_expired_values ... ok
test bezier_offset::conversion_tests::mapped_point_inversion_maps_every_structural_overlap_carrier_directly ... ok
test bezier_offset::conversion_tests::mapped_point_inversion_maps_zero_image_parameter_components_directly ... ok
test bezier_offset::conversion_tests::multi_affine_box_sign_matches_generic_bernstein_conversion ... ok
test bezier_offset::conversion_tests::multiplicative_cubic_three_field_zero_is_exact_in_every_axis_order ... ok
test bezier_offset::conversion_tests::multiplicative_root_relation_rejects_a_different_selected_root ... ok
test bezier_offset::conversion_tests::nested_independent_cusp_disks_complete_all_region_booleans ... ok
test bezier_offset::conversion_tests::nested_procedural_chord_reversals_match_exact_side_and_winding ... ok
test bezier_offset::conversion_tests::non_source_parallel_overlap_replays_the_radical_component ... ok
test bezier_offset::conversion_tests::nonaffine_distinct_field_chord_zero_is_exact_in_strict ... ok
test bezier_offset::conversion_tests::noninjective_collinear_chord_overlap_partitions_every_monotone_branch ... ok
test bezier_offset::conversion_tests::nonlinear_parameter_component_maps_a_degree_135_selected_scalar_locally ... ok
test bezier_offset::conversion_tests::nonlinear_parameter_component_maps_and_clips_its_exact_branch ... ok
test bezier_offset::conversion_tests::nonlinear_parameter_component_maps_recursive_projective_scalars_locally ... ok
test bezier_offset::conversion_tests::nonrational_implicit_parameter_component_uses_exact_real_coefficients ... ok
test bezier_offset::conversion_tests::nonrational_rational_parameter_component_uses_exact_real_coefficients ... ok
test bezier_offset::conversion_tests::nonrepresented_center_nonrational_chamfer_inverts_with_retained_authority ... ok
test bezier_offset::conversion_tests::nonrepresented_center_transverse_chamfer_inverts_by_correlated_point ... ok
test bezier_offset::conversion_tests::nonstructural_recursive_centers_handle_exact_tangency ... ok
test bezier_offset::conversion_tests::nonuniform_rational_cusp_parallel_intersects_round_join_quarter ... ok
test bezier_offset::conversion_tests::oblique_retained_offset_chord_uses_recursive_rational_kernel ... ok
test bezier_offset::conversion_tests::octic_coupled_factor_rational_three_field_zero_is_exact ... ok
test bezier_offset::conversion_tests::odd_source_cusp_branches_do_not_saturate_a_false_source_diagonal ... ok
test bezier_offset::conversion_tests::opaque_retracing_line_uses_constant_direction_rank_component ... ok
test bezier_offset::conversion_tests::pair_radial_authored_tangency_survives_scaled_reflection ... ok
test bezier_offset::conversion_tests::pair_radial_circle_extends_over_the_regular_analytic_incident_ray ... ok
test bezier_offset::conversion_tests::pair_radial_circle_handles_aligned_and_antipodal_ordinary_overlaps ... ok
test bezier_offset::conversion_tests::pair_radial_circle_handles_ordinary_tangent_disjoint_and_concentric_supports ... ok
test bezier_offset::conversion_tests::pair_radial_circle_intersects_a_general_analytic_parallel_exactly ... ok
test bezier_offset::conversion_tests::pair_radial_circle_intersects_an_ordinary_selected_circle_exactly ... ok
test bezier_offset::conversion_tests::pair_radial_circle_intersects_independent_field_chord_exactly ... ok
test bezier_offset::conversion_tests::pair_radial_circle_maps_partial_ordinary_circle_overlap_exactly ... ok
test bezier_offset::conversion_tests::pair_radial_circle_rejects_disjoint_and_finitely_clipped_four_field_chords ... ok
test bezier_offset::conversion_tests::pair_radial_circle_retains_an_algebraic_rational_tangency ... ok
test bezier_offset::conversion_tests::pair_radial_circle_retains_independent_field_chord_tangency ... ok
test bezier_offset::conversion_tests::pair_radial_circle_retains_rational_circle_components ... ok
test bezier_offset::conversion_tests::pair_radial_incident_circle_retains_its_component ... ok
test bezier_offset::conversion_tests::parallel_pair_component_selector_owns_a_selected_tangent_event ... ok
test bezier_offset::conversion_tests::parallel_pair_selector_splits_a_reducible_boundary_factor ... ok
test bezier_offset::conversion_tests::parallel_pair_tangent_replay_selects_norm_magnitude_and_direction ... ok
test bezier_offset::conversion_tests::parallel_self_component_selector_keeps_one_ordered_half ... ok
test bezier_offset::conversion_tests::poincare_miranda_preconditions_rotated_transverse_system_exactly ... ok
test bezier_offset::conversion_tests::polynomial_square_root_preserves_even_origin_valuation ... ok
test bezier_offset::conversion_tests::polynomial_square_root_rejects_odd_origin_valuation ... ok
test bezier_offset::conversion_tests::positive_dimensional_branch_gate_distinguishes_shared_support_from_crossings ... ok
test bezier_offset::conversion_tests::power_to_bernstein_remains_exact_beyond_u64_binomials ... ok
test bezier_offset::conversion_tests::procedural_endpoint_chord_replays_complete_parallel_contacts ... ok
test bezier_offset::conversion_tests::projected_three_field_candidate_retains_selected_root_correlation ... ok
test bezier_offset::conversion_tests::provenance_support_represents_a_chord_between_correlated_cuts ... ok
test bezier_offset::conversion_tests::quadratic_affine_root_signs_cover_exact_branch_configurations ... ok
test bezier_offset::conversion_tests::quadratic_axis_factorization_rejects_a_nonsquare_discriminant ... ok
test bezier_offset::conversion_tests::quadratic_axis_factorization_replays_dense_multi_affine_products ... ok
test bezier_offset::conversion_tests::quadratic_coupled_factor_rational_three_field_zero_is_exact ... ok
test bezier_offset::conversion_tests::quadratic_factor_sign_multiplies_exact_nonzero_factor_signs ... ok
test bezier_offset::conversion_tests::quadrivariate_selected_tuple_sign_recovers_an_even_correlated_root ... ok
test bezier_offset::conversion_tests::quadrivariate_selected_tuple_sign_reduces_axis_relations_exactly ... ok
test bezier_offset::conversion_tests::quadrivariate_selected_tuple_sign_separates_an_ordinary_nonzero_value ... ok
test bezier_offset::conversion_tests::quartic_coupled_factor_rational_three_field_zero_is_exact ... ok
test bezier_offset::conversion_tests::quintic_coupled_factor_rational_three_field_zero_is_exact ... ok
test bezier_offset::conversion_tests::radical_component_saturation_retains_norm_intersections ... ok
test bezier_offset::conversion_tests::rank_independent_chord_normal_circle_partitions_folded_rational_overlap ... ok
test bezier_offset::conversion_tests::rank_independent_chord_normal_circle_partitions_rational_overlap ... ok
test bezier_offset::conversion_tests::rank_independent_chord_normal_circle_publishes_rational_overlap ... ok
test bezier_offset::conversion_tests::rank_independent_projection_crosses_the_dense_trivariate_boundary_exactly ... ok
test bezier_offset::conversion_tests::rank_independent_public_booleans_approximate_first_quarter_cusp_first ... ok
test bezier_offset::conversion_tests::rank_independent_public_booleans_approximate_first_quarter_cusp_second ... ok
test bezier_offset::conversion_tests::rank_independent_public_booleans_approximate_second_quarter_cusp_first ... ok
test bezier_offset::conversion_tests::rank_independent_public_booleans_approximate_second_quarter_cusp_second ... ok
test bezier_offset::conversion_tests::rank_independent_public_booleans_strict_first_quarter_cusp_first ... ok
test bezier_offset::conversion_tests::rank_independent_public_booleans_strict_first_quarter_cusp_second ... ok
test bezier_offset::conversion_tests::rank_independent_public_booleans_strict_second_quarter_cusp_first ... ok
test bezier_offset::conversion_tests::rank_independent_public_booleans_strict_second_quarter_cusp_second ... ok
test bezier_offset::conversion_tests::rank_independent_quadrivariate_projection_crosses_the_old_dense_boundary_exactly ... ok
test bezier_offset::conversion_tests::rational_circle_tangent_dot_follows_both_traversals ... ok
test bezier_offset::conversion_tests::rational_component_certificate_replays_equations_branch_and_poles ... ok
test bezier_offset::conversion_tests::rational_component_domain_clips_increasing_and_decreasing_maps_exactly ... ok
test bezier_offset::conversion_tests::rational_component_domains_retain_isolated_closed_square_touches ... ok
test bezier_offset::conversion_tests::rational_component_domains_split_noninjective_and_pole_separated_maps ... ok
test bezier_offset::conversion_tests::rational_component_monotonicity_allows_stationary_points_without_sign_reversal ... ok
test bezier_offset::conversion_tests::rational_component_partitions_odd_even_and_endpoint_branch_zeros ... ok
test bezier_offset::conversion_tests::rational_component_probe_is_not_an_authoritative_negative ... ok
test bezier_offset::conversion_tests::rational_component_range_checks_reject_only_relevant_roots ... ok
test bezier_offset::conversion_tests::rational_component_system_deduplicates_repeated_components ... ok
test bezier_offset::conversion_tests::rational_component_system_deduplicates_triple_cubic_fibers ... ok
test bezier_offset::conversion_tests::rational_component_system_discards_only_the_identically_zero_branch ... ok
test bezier_offset::conversion_tests::rational_component_system_enumerates_repeated_cubic_fibers ... ok
test bezier_offset::conversion_tests::rational_component_system_enumerates_split_quadratic_components ... ok
test bezier_offset::conversion_tests::rational_component_system_filters_split_components_independently ... ok
test bezier_offset::conversion_tests::rational_component_system_retains_residual_isolated_candidates ... ok
test bezier_offset::conversion_tests::rational_incidence_derivative_is_the_exact_tangent_cross_sign_authority ... ok
test bezier_offset::conversion_tests::rational_multi_affine_axis_factorization_reaches_the_balanced_resource_boundary ... ok
test bezier_offset::conversion_tests::rational_multi_affine_axis_factorization_recovers_one_cubic_factor ... ok
test bezier_offset::conversion_tests::rational_multi_affine_axis_factorization_recovers_one_octic_factor ... ok
test bezier_offset::conversion_tests::rational_multi_affine_axis_factorization_recovers_one_quartic_factor ... ok
test bezier_offset::conversion_tests::rational_multi_affine_axis_factorization_recovers_one_quintic_factor ... ok
test bezier_offset::conversion_tests::rational_multi_affine_axis_factorization_recovers_one_septic_factor ... ok
test bezier_offset::conversion_tests::rational_multi_affine_axis_factorization_recovers_one_sextic_factor ... ok
test bezier_offset::conversion_tests::rational_multi_affine_axis_factorization_rejects_an_unfactored_bounded_nonic ... ok
test bezier_offset::conversion_tests::rational_multi_affine_axis_factorization_rejects_an_unfactored_cubic ... ok
test bezier_offset::conversion_tests::rational_multi_affine_axis_factorization_rejects_an_unfactored_octic ... ok
test bezier_offset::conversion_tests::rational_multi_affine_axis_factorization_rejects_an_unfactored_quartic ... ok
test bezier_offset::conversion_tests::rational_multi_affine_axis_factorization_rejects_an_unfactored_quintic ... ok
test bezier_offset::conversion_tests::rational_multi_affine_axis_factorization_rejects_an_unfactored_septic ... ok
test bezier_offset::conversion_tests::rational_multi_affine_axis_factorization_rejects_an_unfactored_sextic ... ok
test bezier_offset::conversion_tests::rational_multi_affine_axis_factorization_replays_bounded_nonic_multiplicity ... ok
test bezier_offset::conversion_tests::rational_multi_affine_axis_factorization_replays_eight_distinct_factors ... ok
test bezier_offset::conversion_tests::rational_multi_affine_axis_factorization_replays_five_distinct_factors ... ok
test bezier_offset::conversion_tests::rational_multi_affine_axis_factorization_replays_four_distinct_factors ... ok
test bezier_offset::conversion_tests::rational_multi_affine_axis_factorization_replays_nine_distinct_factors ... ok
test bezier_offset::conversion_tests::rational_multi_affine_axis_factorization_replays_octic_multiplicity ... ok
test bezier_offset::conversion_tests::rational_multi_affine_axis_factorization_replays_quartic_multiplicity ... ok
test bezier_offset::conversion_tests::rational_multi_affine_axis_factorization_replays_quintic_multiplicity ... ok
test bezier_offset::conversion_tests::rational_multi_affine_axis_factorization_replays_septic_multiplicity ... ok
test bezier_offset::conversion_tests::rational_multi_affine_axis_factorization_replays_seven_distinct_factors ... ok
test bezier_offset::conversion_tests::rational_multi_affine_axis_factorization_replays_sextic_multiplicity ... ok
test bezier_offset::conversion_tests::rational_multi_affine_axis_factorization_replays_six_distinct_factors ... ok
test bezier_offset::conversion_tests::rational_multi_affine_axis_factorization_replays_three_distinct_factors ... ok
test bezier_offset::conversion_tests::rational_parallel_endpoint_uses_transverse_tangent_before_exterior_germs ... ok
test bezier_offset::conversion_tests::recursive_circle_contact_tangent_sign_follows_root_branch ... ok
test bezier_offset::conversion_tests::recursive_field_shares_zero_towers_and_folds_identities ... ok
test bezier_offset::conversion_tests::recursive_line_contact_circles_publish_tangent_contacts_without_flattening ... ok
test bezier_offset::conversion_tests::recursive_line_contact_circles_publish_transverse_contacts_without_flattening ... ok
test bezier_offset::conversion_tests::recursive_line_contact_circles_reject_disjoint_supports_without_flattening ... ok
test bezier_offset::conversion_tests::recursive_projective_bounds_enclose_scaled_nested_radicals ... ok
test bezier_offset::conversion_tests::recursive_projective_bounds_keep_unwitnessed_source_fallback ... ok
test bezier_offset::conversion_tests::recursive_projective_bounds_reuse_positive_denominator_certificate ... ok
test bezier_offset::conversion_tests::recursive_projective_center_projects_complete_nonlinear_fixed_distance ... ok
test bezier_offset::conversion_tests::recursive_projective_chord_handles_finite_contact_multiplicities ... ok
test bezier_offset::conversion_tests::recursive_projective_chord_partitions_collinear_rational_images ... ok
test bezier_offset::conversion_tests::recursive_projective_chord_rejects_constant_conjugate_norm_component ... ok
test bezier_offset::conversion_tests::recursive_projective_chord_replays_identically_zero_norm_sheet ... ok
test bezier_offset::conversion_tests::recursive_projective_chord_replays_nonzero_analytic_parallel ... ok
test bezier_offset::conversion_tests::recursive_projective_chord_retains_positive_degree_selected_conjugate_fiber ... ok
test bezier_offset::conversion_tests::recursive_projective_kernel_imports_similarity_of_algebraic_endpoints ... ok
test bezier_offset::conversion_tests::recursive_projective_oblique_chord_handles_even_contact_multiplicity ... ok
test bezier_offset::conversion_tests::recursive_radial_closure_chords_sign_a_shared_exact_vertex ... ok
test bezier_offset::conversion_tests::recursive_rational_contact_orients_a_retained_radial_endpoint ... ok
test bezier_offset::conversion_tests::recursive_scalar_native_replay_preserves_selected_source_authority ... ok
test bezier_offset::conversion_tests::recursive_selected_radial_diameter_chord_intersects_a_rational_quadratic_approximate ... ok
test bezier_offset::conversion_tests::recursive_selected_radial_diameter_chord_intersects_a_rational_quadratic_strict ... ok
test bezier_offset::conversion_tests::recursive_selected_radial_line_image_preserves_target_orientation ... ok
test bezier_offset::conversion_tests::recursive_selected_radial_rational_kernel_retains_singular_circle_contacts ... ok
test bezier_offset::conversion_tests::recursively_pair_radial_cap_offsets_exactly ... ok
test bezier_offset::conversion_tests::recursively_pair_radial_center_retains_exact_point ... ok
test bezier_offset::conversion_tests::recursively_pair_radial_circle_intersects_a_genuine_analytic_parallel ... error: test failed, to rerun pass `--lib`

Caused by:
  process didn't exit successfully: `/home/tim/Documents/GitHub/workspace/.audit-targets/ireal-derivative-18555/debug/deps/hypercurve-9c41c5e0b21271d9` (signal: 15, SIGTERM: termination signal)
