[ 1 of 10] Compiling AuditCReal       ( .audit-numbers.rjcbha/AuditCReal.hs, .audit-numbers.rjcbha/O0/AuditCReal.o )
ccache: error: Read-only file system

<no location info>: error:
    `gcc' failed in phase `Assembler'. (Exit code: 1)
[ 2 of 10] Compiling Data.Number.CReal ( exact-real-references/numbers/Data/Number/CReal.hs, .audit-numbers.rjcbha/O0/Data/Number/CReal.o )
ccache: error: Read-only file system

<no location info>: error:
    `gcc' failed in phase `Assembler'. (Exit code: 1)
[ 3 of 10] Compiling Data.Number.Dif  ( exact-real-references/numbers/Data/Number/Dif.hs, .audit-numbers.rjcbha/O0/Data/Number/Dif.o )
ccache: error: Read-only file system

<no location info>: error:
    `gcc' failed in phase `Assembler'. (Exit code: 1)
[ 4 of 10] Compiling Data.Number.FixedFunctions ( exact-real-references/numbers/Data/Number/FixedFunctions.hs, .audit-numbers.rjcbha/O0/Data/Number/FixedFunctions.o )
ccache: error: Read-only file system

<no location info>: error:
    `gcc' failed in phase `Assembler'. (Exit code: 1)
[ 7 of 10] Compiling Data.Number.Interval ( exact-real-references/numbers/Data/Number/Interval.hs, .audit-numbers.rjcbha/O0/Data/Number/Interval.o )
ccache: error: Read-only file system

<no location info>: error:
    `gcc' failed in phase `Assembler'. (Exit code: 1)
[ 8 of 10] Compiling Data.Number.Symbolic ( exact-real-references/numbers/Data/Number/Symbolic.hs, .audit-numbers.rjcbha/O0/Data/Number/Symbolic.o )
ccache: error: Read-only file system

<no location info>: error:
    `gcc' failed in phase `Assembler'. (Exit code: 1)
