INPUT	64	64	32	sparse	false
CALIBRATE	baseline	2048	0.166376711	0.166944474
CALIBRATE	k8	2048	0.152125487	0.152698561
CALIBRATE	k16	2048	0.149562373	0.150131307
CALIBRATE	k32	2048	0.152199000	0.152759746
CALIBRATE	gated	2048	0.168275703	0.169059169
WARMUP	0	0	baseline	2048	0.165383544	0.165934064
WARMUP	0	1	k8	2048	0.150462389	0.150974139
WARMUP	0	2	k16	2048	0.149193121	0.149700666
WARMUP	0	3	k32	2048	0.153598946	0.154195948
WARMUP	0	4	gated	2048	0.168751272	0.169358748
WARMUP	1	0	k8	2048	0.150302177	0.150875215
WARMUP	1	1	k16	2048	0.149381865	0.149918951
WARMUP	1	2	k32	2048	0.152422270	0.152921765
WARMUP	1	3	gated	2048	0.168953828	0.169496709
WARMUP	1	4	baseline	2048	0.164629919	0.165116070
MEASURE	2	0	k16	2048	0.148307536	0.148777310
MEASURE	2	1	k32	2048	0.150499847	0.151166706
MEASURE	2	2	gated	2048	0.166651971	0.167162749
MEASURE	2	3	baseline	2048	0.178606877	0.179162557
MEASURE	2	4	k8	2048	0.159675280	0.160179958
MEASURE	3	0	k32	2048	0.148950573	0.149349981
MEASURE	3	1	gated	2048	0.168584022	0.169076048
MEASURE	3	2	baseline	2048	0.172794649	0.173469766
MEASURE	3	3	k8	2048	0.158151108	0.158771254
MEASURE	3	4	k16	2048	0.154609662	0.155177431
MEASURE	4	0	gated	2048	0.177840346	0.178470944
MEASURE	4	1	baseline	2048	0.172457521	0.173048536
MEASURE	4	2	k8	2048	0.156326634	0.156864685
MEASURE	4	3	k16	2048	0.151624900	0.152126660
MEASURE	4	4	k32	2048	0.155296869	0.155977506
PASS	bench
