INPUT	16	16	512	sparse	false
CALIBRATE	baseline	32768	0.166968958	0.167420442
CALIBRATE	k8	32768	0.176253574	0.176910901
CALIBRATE	k16	32768	0.174965223	0.175446431
CALIBRATE	k32	32768	0.176209273	0.176761721
CALIBRATE	gated	32768	0.175149239	0.175663036
WARMUP	0	0	baseline	32768	0.174819791	0.175324800
WARMUP	0	1	k8	32768	0.178828358	0.179386741
WARMUP	0	2	k16	32768	0.175494905	0.176019661
WARMUP	0	3	k32	32768	0.176246426	0.176960867
WARMUP	0	4	gated	32768	0.174927018	0.175447211
WARMUP	1	0	k8	32768	0.181146585	0.181705552
WARMUP	1	1	k16	32768	0.174938057	0.175449991
WARMUP	1	2	k32	32768	0.176246932	0.176791229
WARMUP	1	3	gated	32768	0.175051958	0.175587822
WARMUP	1	4	baseline	32768	0.175855109	0.176395516
MEASURE	2	0	k16	32768	0.175385631	0.175921378
MEASURE	2	1	k32	32768	0.175046672	0.175558293
MEASURE	2	2	gated	32768	0.174753377	0.175260303
MEASURE	2	3	baseline	32768	0.175826908	0.176363968
MEASURE	2	4	k8	32768	0.184454747	0.185176854
MEASURE	3	0	k32	32768	0.174479426	0.174967474
MEASURE	3	1	gated	32768	0.174556419	0.175034219
MEASURE	3	2	baseline	32768	0.181864728	0.182384525
MEASURE	3	3	k8	32768	0.185632487	0.186213302
MEASURE	3	4	k16	32768	0.180574686	0.181096944
MEASURE	4	0	gated	32768	0.174693452	0.175177319
MEASURE	4	1	baseline	32768	0.175046669	0.175556083
MEASURE	4	2	k8	32768	0.179173694	0.179683610
MEASURE	4	3	k16	32768	0.175110354	0.175597840
MEASURE	4	4	k32	32768	0.175671765	0.176205099
PASS	bench
