INPUT	128	128	2048	dense	true
CALIBRATE	baseline	8	0.152569550	0.153019059
CALIBRATE	k8	16	0.122803774	0.123243430
CALIBRATE	k16	16	0.145962559	0.146472058
CALIBRATE	k32	16	0.186185928	0.186837200
CALIBRATE	gated	16	0.145373531	0.146075775
WARMUP	0	0	baseline	8	0.155712873	0.156214690
WARMUP	0	1	k8	16	0.119496442	0.119924567
WARMUP	0	2	k16	16	0.146705163	0.147184968
WARMUP	0	3	k32	16	0.186576411	0.187144329
WARMUP	0	4	gated	16	0.148850812	0.149336391
WARMUP	1	0	k8	16	0.118700373	0.119074596
WARMUP	1	1	k16	16	0.145960461	0.146434830
WARMUP	1	2	k32	16	0.184854044	0.185425377
WARMUP	1	3	gated	16	0.145618009	0.146082044
WARMUP	1	4	baseline	8	0.159473517	0.159989331
MEASURE	2	0	k16	16	0.148946824	0.149440694
MEASURE	2	1	k32	16	0.185055544	0.185623594
MEASURE	2	2	gated	16	0.145554981	0.146205756
MEASURE	2	3	baseline	8	0.155636405	0.156099718
MEASURE	2	4	k8	16	0.118638606	0.119040279
MEASURE	3	0	k32	16	0.203969345	0.204684577
MEASURE	3	1	gated	16	0.153256246	0.153772267
MEASURE	3	2	baseline	8	0.156115717	0.156623372
MEASURE	3	3	k8	16	0.118136587	0.118529914
MEASURE	3	4	k16	16	0.145940273	0.146447960
MEASURE	4	0	gated	16	0.146418669	0.146891109
MEASURE	4	1	baseline	8	0.159995460	0.160561402
MEASURE	4	2	k8	16	0.120641550	0.121037542
MEASURE	4	3	k16	16	0.150125514	0.150615944
MEASURE	4	4	k32	16	0.185396699	0.185967940
PASS	bench
