INPUT	16	16	2048	dense	false
CALIBRATE	baseline	512	0.110188541	0.110531491
CALIBRATE	k8	512	0.102683383	0.103011118
CALIBRATE	k16	512	0.110572314	0.110949123
CALIBRATE	k32	512	0.110964120	0.111341997
CALIBRATE	gated	512	0.121032865	0.121503530
WARMUP	0	0	baseline	512	0.114053166	0.114487610
WARMUP	0	1	k8	512	0.107606105	0.108040202
WARMUP	0	2	k16	512	0.119646671	0.120130184
WARMUP	0	3	k32	512	0.115067081	0.115414807
WARMUP	0	4	gated	512	0.120006189	0.120606691
WARMUP	1	0	k8	512	0.134203337	0.134730892
WARMUP	1	1	k16	512	0.112077358	0.112410733
WARMUP	1	2	k32	512	0.111601611	0.111971623
WARMUP	1	3	gated	512	0.117690073	0.118074585
WARMUP	1	4	baseline	512	0.146449962	0.146963804
MEASURE	2	0	k16	512	0.111414844	0.111751998
MEASURE	2	1	k32	512	0.112675049	0.113056489
MEASURE	2	2	gated	512	0.112324502	0.112706033
MEASURE	2	3	baseline	512	0.110672447	0.111077504
MEASURE	2	4	k8	512	0.101250381	0.101591095
MEASURE	3	0	k32	512	0.110834745	0.111167688
MEASURE	3	1	gated	512	0.110315219	0.110674252
MEASURE	3	2	baseline	512	0.123412266	0.123859708
MEASURE	3	3	k8	512	0.101722822	0.102052353
MEASURE	3	4	k16	512	0.110548330	0.110925785
MEASURE	4	0	gated	512	0.112196608	0.112591671
MEASURE	4	1	baseline	512	0.115337457	0.115976069
MEASURE	4	2	k8	512	0.104592583	0.104980772
MEASURE	4	3	k16	512	0.121704559	0.122170204
MEASURE	4	4	k32	512	0.119060969	0.119456560
PASS	bench
