INPUT	64	64	512	fraction	true
CALIBRATE	baseline	64	0.182222664	0.182717043
CALIBRATE	k8	64	0.111732938	0.112107464
CALIBRATE	k16	64	0.121522028	0.121916381
CALIBRATE	k32	64	0.145094902	0.145574459
CALIBRATE	gated	64	0.122132576	0.122722276
WARMUP	0	0	baseline	64	0.184565223	0.185152466
WARMUP	0	1	k8	64	0.112469960	0.112834924
WARMUP	0	2	k16	64	0.123563610	0.123959431
WARMUP	0	3	k32	64	0.148404614	0.148900511
WARMUP	0	4	gated	64	0.129117146	0.129639932
WARMUP	1	0	k8	64	0.118967761	0.119465529
WARMUP	1	1	k16	64	0.126870547	0.127377476
WARMUP	1	2	k32	64	0.152896829	0.153485677
WARMUP	1	3	gated	64	0.127409136	0.127915400
WARMUP	1	4	baseline	64	0.183960277	0.184559147
MEASURE	2	0	k16	64	0.124453865	0.124894167
MEASURE	2	1	k32	64	0.152267985	0.152858339
MEASURE	2	2	gated	64	0.126065934	0.126540334
MEASURE	2	3	baseline	64	0.186447762	0.187293329
MEASURE	2	4	k8	64	0.121996124	0.122479742
MEASURE	3	0	k32	64	0.144091938	0.144537420
MEASURE	3	1	gated	64	0.122971623	0.123364012
MEASURE	3	2	baseline	64	0.181799123	0.185625563
MEASURE	3	3	k8	64	0.113101191	0.113488879
MEASURE	3	4	k16	64	0.121700559	0.122125487
MEASURE	4	0	gated	64	0.122551042	0.122961270
MEASURE	4	1	baseline	64	0.182507930	0.183037971
MEASURE	4	2	k8	64	0.112259138	0.112630988
MEASURE	4	3	k16	64	0.121398146	0.121749063
MEASURE	4	4	k32	64	0.144374542	0.144804092
PASS	bench
