INPUT	64	64	512	sparse	false
CALIBRATE	baseline	2048	0.186820429	0.187426870
CALIBRATE	k8	2048	0.192513922	0.193320175
CALIBRATE	k16	2048	0.184321152	0.184879945
CALIBRATE	k32	2048	0.179865259	0.180463507
CALIBRATE	gated	2048	0.185342560	0.185898694
WARMUP	0	0	baseline	2048	0.182314403	0.182854843
WARMUP	0	1	k8	2048	0.184261676	0.184852616
WARMUP	0	2	k16	2048	0.176329163	0.177070070
WARMUP	0	3	k32	2048	0.177978117	0.178500162
WARMUP	0	4	gated	2048	0.188201836	0.188764059
WARMUP	1	0	k8	2048	0.185305003	0.185896325
WARMUP	1	1	k16	2048	0.177382647	0.177955709
WARMUP	1	2	k32	2048	0.180129266	0.180708710
WARMUP	1	3	gated	2048	0.187454129	0.188017739
WARMUP	1	4	baseline	2048	0.197993800	0.198675379
MEASURE	2	0	k16	2048	0.177496044	0.178048593
MEASURE	2	1	k32	2048	0.180092947	0.180633006
MEASURE	2	2	gated	2048	0.187651444	0.188205707
MEASURE	2	3	baseline	2048	0.186705397	0.187433489
MEASURE	2	4	k8	2048	0.186600853	0.187218004
MEASURE	3	0	k32	2048	0.188256032	0.188888219
MEASURE	3	1	gated	2048	0.188729562	0.189327859
MEASURE	3	2	baseline	2048	0.186178097	0.186747816
MEASURE	3	3	k8	2048	0.186711827	0.187352425
MEASURE	3	4	k16	2048	0.180150095	0.180756137
MEASURE	4	0	gated	2048	0.188602748	0.189198338
MEASURE	4	1	baseline	2048	0.186493716	0.187059134
MEASURE	4	2	k8	2048	0.186626876	0.187243682
MEASURE	4	3	k16	2048	0.181242490	0.181883140
MEASURE	4	4	k32	2048	0.181469534	0.182227366
PASS	bench
