INPUT	32	32	2048	sparse	false
CALIBRATE	baseline	4096	0.106094949	0.106501548
CALIBRATE	k8	2048	0.121197143	0.121677467
CALIBRATE	k16	4096	0.128353686	0.128811288
CALIBRATE	k32	4096	0.104203066	0.104534494
CALIBRATE	gated	4096	0.181702887	0.182721263
WARMUP	0	0	baseline	4096	0.180849581	0.181885089
WARMUP	0	1	k8	2048	0.125003194	0.125712691
WARMUP	0	2	k16	4096	0.213049759	0.214299888
WARMUP	0	3	k32	4096	0.172232404	0.173062724
WARMUP	0	4	gated	4096	0.112579362	0.112998433
WARMUP	1	0	k8	2048	0.076696110	0.076998151
WARMUP	1	1	k16	4096	0.131963824	0.132439840
WARMUP	1	2	k32	4096	0.109085341	0.109501273
WARMUP	1	3	gated	4096	0.110337977	0.110737948
WARMUP	1	4	baseline	4096	0.113795006	0.114415875
MEASURE	2	0	k16	4096	0.131486058	0.131900307
MEASURE	2	1	k32	4096	0.103492487	0.103823602
MEASURE	2	2	gated	4096	0.103806998	0.104151499
MEASURE	2	3	baseline	4096	0.104721771	0.105050128
MEASURE	2	4	k8	2048	0.076145870	0.076400222
MEASURE	3	0	k32	4096	0.103656732	0.103957102
MEASURE	3	1	gated	4096	0.104661827	0.105020450
MEASURE	3	2	baseline	4096	0.103551353	0.103885908
MEASURE	3	3	k8	2048	0.074740347	0.075022416
MEASURE	3	4	k16	4096	0.185419064	0.186412679
MEASURE	4	0	gated	4096	0.180650318	0.181710812
MEASURE	4	1	baseline	4096	0.182252851	0.183287353
MEASURE	4	2	k8	2048	0.126796031	0.127553755
MEASURE	4	3	k16	4096	0.215690716	0.216918208
MEASURE	4	4	k32	4096	0.181136193	0.182362487
PASS	bench
