INPUT	64	31	2048	dense	false
CALIBRATE	baseline	64	0.138040132	0.138485095
CALIBRATE	k8	64	0.151563623	0.152093372
CALIBRATE	k16	64	0.138830763	0.139238433
CALIBRATE	k32	64	0.141142354	0.141619260
CALIBRATE	gated	64	0.138941418	0.139359235
WARMUP	0	0	baseline	64	0.139646733	0.140077116
WARMUP	0	1	k8	64	0.139098663	0.139683173
WARMUP	0	2	k16	64	0.137950107	0.138332026
WARMUP	0	3	k32	64	0.139441662	0.139830823
WARMUP	0	4	gated	64	0.139839603	0.140230185
WARMUP	1	0	k8	64	0.138437007	0.138797934
WARMUP	1	1	k16	64	0.139869860	0.140318549
WARMUP	1	2	k32	64	0.141196047	0.141603851
WARMUP	1	3	gated	64	0.140963831	0.141420204
WARMUP	1	4	baseline	64	0.140644709	0.141056359
MEASURE	2	0	k16	64	0.144501353	0.144962251
MEASURE	2	1	k32	64	0.140603254	0.141042200
MEASURE	2	2	gated	64	0.150763552	0.151300516
MEASURE	2	3	baseline	64	0.160376868	0.160922277
MEASURE	2	4	k8	64	0.140755463	0.141172581
MEASURE	3	0	k32	64	0.148739930	0.149456693
MEASURE	3	1	gated	64	0.141513062	0.141959817
MEASURE	3	2	baseline	64	0.145302987	0.145759467
MEASURE	3	3	k8	64	0.161955148	0.162511108
MEASURE	3	4	k16	64	0.140105598	0.140509656
MEASURE	4	0	gated	64	0.143046010	0.143474533
MEASURE	4	1	baseline	64	0.141945647	0.142356040
MEASURE	4	2	k8	64	0.141278560	0.141702664
MEASURE	4	3	k16	64	0.141184908	0.141600382
MEASURE	4	4	k32	64	0.141806127	0.142265946
PASS	bench
