INPUT	64	64	2048	dense	true
CALIBRATE	baseline	32	0.157164867	0.157751415
CALIBRATE	k8	64	0.173186936	0.173870269
CALIBRATE	k16	64	0.183360617	0.184189582
CALIBRATE	k32	32	0.115280564	0.115631923
CALIBRATE	gated	64	0.184719337	0.185362841
WARMUP	0	0	baseline	32	0.148119331	0.148605562
WARMUP	0	1	k8	64	0.151292967	0.151895566
WARMUP	0	2	k16	64	0.184982761	0.185674640
WARMUP	0	3	k32	32	0.116562217	0.116949002
WARMUP	0	4	gated	64	0.203426927	0.204249256
WARMUP	1	0	k8	64	0.159899329	0.160480977
WARMUP	1	1	k16	64	0.190962784	0.191654840
WARMUP	1	2	k32	32	0.124375100	0.125012349
WARMUP	1	3	gated	64	0.199682741	0.200460037
WARMUP	1	4	baseline	32	0.152685114	0.153213045
MEASURE	2	0	k16	64	0.195470949	0.196179299
MEASURE	2	1	k32	32	0.114820365	0.115149466
MEASURE	2	2	gated	64	0.224189504	0.225051210
MEASURE	2	3	baseline	32	0.197155214	0.201676753
MEASURE	2	4	k8	64	0.159610924	0.160229425
MEASURE	3	0	k32	32	0.133533545	0.134021611
MEASURE	3	1	gated	64	0.191900470	0.192578056
MEASURE	3	2	baseline	32	0.146062281	0.146475218
MEASURE	3	3	k8	64	0.160809918	0.161433972
MEASURE	3	4	k16	64	0.183846818	0.184627311
MEASURE	4	0	gated	64	0.185092955	0.185712297
MEASURE	4	1	baseline	32	0.151925381	0.152369373
MEASURE	4	2	k8	64	0.152903346	0.153416091
MEASURE	4	3	k16	64	0.182979153	0.183555965
MEASURE	4	4	k32	32	0.118908759	0.119363197
PASS	bench
