INPUT	128	128	2048	sparse	false
CALIBRATE	baseline	256	0.144108055	0.144535501
CALIBRATE	k8	256	0.110144718	0.110549810
CALIBRATE	k16	256	0.111193752	0.111583580
CALIBRATE	k32	256	0.115299632	0.115702477
CALIBRATE	gated	256	0.157501487	0.158079312
WARMUP	0	0	baseline	256	0.153521219	0.154237976
WARMUP	0	1	k8	256	0.105468100	0.105808306
WARMUP	0	2	k16	256	0.107547397	0.107904952
WARMUP	0	3	k32	256	0.115760623	0.116126008
WARMUP	0	4	gated	256	0.144447766	0.144890156
WARMUP	1	0	k8	256	0.106003867	0.106343830
WARMUP	1	1	k16	256	0.111781303	0.112168559
WARMUP	1	2	k32	256	0.119318619	0.119706483
WARMUP	1	3	gated	256	0.152435260	0.152937164
WARMUP	1	4	baseline	256	0.143949238	0.144382351
MEASURE	2	0	k16	256	0.107800417	0.108154915
MEASURE	2	1	k32	256	0.116755659	0.117121660
MEASURE	2	2	gated	256	0.145221584	0.145666343
MEASURE	2	3	baseline	256	0.148895115	0.149361939
MEASURE	2	4	k8	256	0.108435014	0.108784341
MEASURE	3	0	k32	256	0.120466713	0.120892811
MEASURE	3	1	gated	256	0.158344022	0.159101351
MEASURE	3	2	baseline	256	0.149174314	0.149606143
MEASURE	3	3	k8	256	0.108919943	0.109256009
MEASURE	3	4	k16	256	0.112834148	0.113171301
MEASURE	4	0	gated	256	0.147337776	0.147786448
MEASURE	4	1	baseline	256	0.147568789	0.148044310
MEASURE	4	2	k8	256	0.106552922	0.106905881
MEASURE	4	3	k16	256	0.108476448	0.108835098
MEASURE	4	4	k32	256	0.117063877	0.117467636
PASS	bench
