INPUT	64	8	2048	dense	false
CALIBRATE	baseline	256	0.105319492	0.105623488
CALIBRATE	k8	256	0.107004296	0.107339140
CALIBRATE	k16	256	0.106541088	0.106890592
CALIBRATE	k32	256	0.106196102	0.106532256
CALIBRATE	gated	256	0.106672723	0.107015953
WARMUP	0	0	baseline	256	0.105145708	0.105468039
WARMUP	0	1	k8	256	0.105621591	0.105969865
WARMUP	0	2	k16	256	0.106042515	0.106381517
WARMUP	0	3	k32	256	0.106999524	0.107375648
WARMUP	0	4	gated	256	0.107073147	0.107418056
WARMUP	1	0	k8	256	0.113190989	0.113588252
WARMUP	1	1	k16	256	0.117567810	0.117995570
WARMUP	1	2	k32	256	0.114020300	0.114408276
WARMUP	1	3	gated	256	0.106487544	0.106834385
WARMUP	1	4	baseline	256	0.105885445	0.106237576
MEASURE	2	0	k16	256	0.106617376	0.107156023
MEASURE	2	1	k32	256	0.107492753	0.107846606
MEASURE	2	2	gated	256	0.106554359	0.106910050
MEASURE	2	3	baseline	256	0.106692418	0.107027882
MEASURE	2	4	k8	256	0.106351349	0.106664787
MEASURE	3	0	k32	256	0.106323849	0.106654247
MEASURE	3	1	gated	256	0.106267014	0.106595921
MEASURE	3	2	baseline	256	0.106379486	0.106702244
MEASURE	3	3	k8	256	0.105729510	0.106039540
MEASURE	3	4	k16	256	0.106674943	0.107015813
MEASURE	4	0	gated	256	0.106046373	0.106378816
MEASURE	4	1	baseline	256	0.106956440	0.107305662
MEASURE	4	2	k8	256	0.106876743	0.107251957
MEASURE	4	3	k16	256	0.106710863	0.107053530
MEASURE	4	4	k32	256	0.107035729	0.107383407
PASS	bench
