INPUT	128	128	32	sparse	false
CALIBRATE	baseline	512	0.167274815	0.167851362
CALIBRATE	k8	512	0.124390748	0.124752227
CALIBRATE	k16	512	0.136264700	0.136672000
CALIBRATE	k32	512	0.133411784	0.133776308
CALIBRATE	gated	512	0.173123747	0.173588858
WARMUP	0	0	baseline	512	0.176386240	0.176894612
WARMUP	0	1	k8	512	0.127865818	0.128251657
WARMUP	0	2	k16	512	0.140132287	0.140570252
WARMUP	0	3	k32	512	0.135907045	0.136301355
WARMUP	0	4	gated	512	0.172036437	0.172509033
WARMUP	1	0	k8	512	0.125080620	0.125457609
WARMUP	1	1	k16	512	0.137194498	0.137562468
WARMUP	1	2	k32	512	0.132811033	0.133176679
WARMUP	1	3	gated	512	0.173451862	0.173944244
WARMUP	1	4	baseline	512	0.171755838	0.172255740
MEASURE	2	0	k16	512	0.138379444	0.138998270
MEASURE	2	1	k32	512	0.133138327	0.133529525
MEASURE	2	2	gated	512	0.172621431	0.173100232
MEASURE	2	3	baseline	512	0.171272425	0.171734996
MEASURE	2	4	k8	512	0.124982813	0.125331127
MEASURE	3	0	k32	512	0.132911405	0.133296371
MEASURE	3	1	gated	512	0.172792496	0.173302828
MEASURE	3	2	baseline	512	0.171710457	0.172207963
MEASURE	3	3	k8	512	0.125249855	0.125620428
MEASURE	3	4	k16	512	0.137622259	0.138037216
MEASURE	4	0	gated	512	0.172245531	0.172723118
MEASURE	4	1	baseline	512	0.171306574	0.171812930
MEASURE	4	2	k8	512	0.126582748	0.126984534
MEASURE	4	3	k16	512	0.138125627	0.138582359
MEASURE	4	4	k32	512	0.154886667	0.155631700
PASS	bench
