INPUT	64	33	2048	dense	true
CALIBRATE	baseline	64	0.148087656	0.148725643
CALIBRATE	k8	64	0.106569841	0.106922379
CALIBRATE	k16	64	0.127274662	0.127696765
CALIBRATE	k32	64	0.158134046	0.158679570
CALIBRATE	gated	64	0.127083740	0.127508598
WARMUP	0	0	baseline	64	0.153061867	0.153518834
WARMUP	0	1	k8	64	0.109144279	0.109519161
WARMUP	0	2	k16	64	0.125828488	0.126234545
WARMUP	0	3	k32	64	0.157137470	0.157646751
WARMUP	0	4	gated	64	0.126346155	0.126936647
WARMUP	1	0	k8	64	0.105592758	0.105963005
WARMUP	1	1	k16	64	0.127600058	0.128006403
WARMUP	1	2	k32	64	0.157613852	0.158101450
WARMUP	1	3	gated	64	0.128992676	0.129439025
WARMUP	1	4	baseline	64	0.153250553	0.153745469
MEASURE	2	0	k16	64	0.126834594	0.127230177
MEASURE	2	1	k32	64	0.157967540	0.158476554
MEASURE	2	2	gated	64	0.127795411	0.128265636
MEASURE	2	3	baseline	64	0.151129100	0.151639223
MEASURE	2	4	k8	64	0.105454095	0.105802816
MEASURE	3	0	k32	64	0.160314800	0.160930576
MEASURE	3	1	gated	64	0.126707496	0.127140133
MEASURE	3	2	baseline	64	0.150177608	0.150631152
MEASURE	3	3	k8	64	0.105371649	0.105924628
MEASURE	3	4	k16	64	0.126245518	0.126689024
MEASURE	4	0	gated	64	0.126438886	0.126868121
MEASURE	4	1	baseline	64	0.148960379	0.149417165
MEASURE	4	2	k8	64	0.101669031	0.102027385
MEASURE	4	3	k16	64	0.123647924	0.124064764
MEASURE	4	4	k32	64	0.155690241	0.156210660
PASS	bench
