INPUT	64	1	2048	dense	false
CALIBRATE	baseline	32768	0.144275792	0.144883077
CALIBRATE	k8	32768	0.144150983	0.144546870
CALIBRATE	k16	32768	0.155044246	0.155499019
CALIBRATE	k32	32768	0.144463069	0.144884937
CALIBRATE	gated	32768	0.140283052	0.140739071
WARMUP	0	0	baseline	32768	0.142936852	0.143334203
WARMUP	0	1	k8	32768	0.141448118	0.141841406
WARMUP	0	2	k16	32768	0.141700507	0.142307553
WARMUP	0	3	k32	32768	0.141897523	0.142307933
WARMUP	0	4	gated	32768	0.142017921	0.142432455
WARMUP	1	0	k8	32768	0.141075465	0.141486870
WARMUP	1	1	k16	32768	0.142900665	0.143320714
WARMUP	1	2	k32	32768	0.142458559	0.142866635
WARMUP	1	3	gated	32768	0.144989682	0.145438108
WARMUP	1	4	baseline	32768	0.145042305	0.145492535
MEASURE	2	0	k16	32768	0.147036032	0.147505256
MEASURE	2	1	k32	32768	0.140562539	0.140960645
MEASURE	2	2	gated	32768	0.139960268	0.140346617
MEASURE	2	3	baseline	32768	0.142062129	0.142449113
MEASURE	2	4	k8	32768	0.140814510	0.141203399
MEASURE	3	0	k32	32768	0.141835086	0.142255767
MEASURE	3	1	gated	32768	0.140361320	0.140954376
MEASURE	3	2	baseline	32768	0.142319395	0.142733404
MEASURE	3	3	k8	32768	0.140441151	0.140816446
MEASURE	3	4	k16	32768	0.140675599	0.141058229
MEASURE	4	0	gated	32768	0.140417883	0.140963026
MEASURE	4	1	baseline	32768	0.141022784	0.141423254
MEASURE	4	2	k8	32768	0.141015762	0.141399725
MEASURE	4	3	k16	32768	0.142893116	0.143326014
MEASURE	4	4	k32	32768	0.139664524	0.140054098
PASS	bench
