INPUT	128	128	512	sparse	false
CALIBRATE	baseline	512	0.210620503	0.211290553
CALIBRATE	k8	512	0.152505035	0.153191327
CALIBRATE	k16	512	0.148884474	0.149305643
CALIBRATE	k32	512	0.153262134	0.153721150
CALIBRATE	gated	512	0.195186932	0.195765508
WARMUP	0	0	baseline	512	0.198269507	0.198901163
WARMUP	0	1	k8	512	0.153909034	0.154450821
WARMUP	0	2	k16	512	0.152005557	0.152479045
WARMUP	0	3	k32	512	0.156581804	0.157293826
WARMUP	0	4	gated	512	0.195087251	0.195676444
WARMUP	1	0	k8	512	0.151761339	0.152226533
WARMUP	1	1	k16	512	0.151035706	0.151495133
WARMUP	1	2	k32	512	0.155305946	0.155841525
WARMUP	1	3	gated	512	0.196139937	0.196766309
WARMUP	1	4	baseline	512	0.196656887	0.197263325
MEASURE	2	0	k16	512	0.151328127	0.151816652
MEASURE	2	1	k32	512	0.153917389	0.154384835
MEASURE	2	2	gated	512	0.194771931	0.195352577
MEASURE	2	3	baseline	512	0.205932704	0.206587346
MEASURE	2	4	k8	512	0.158102149	0.158662632
MEASURE	3	0	k32	512	0.184376842	0.185275398
MEASURE	3	1	gated	512	0.211883691	0.212550487
MEASURE	3	2	baseline	512	0.219349108	0.220038694
MEASURE	3	3	k8	512	0.163817494	0.164352712
MEASURE	3	4	k16	512	0.160710367	0.161210067
MEASURE	4	0	gated	512	0.198705392	0.199252809
MEASURE	4	1	baseline	512	0.194575068	0.195116472
MEASURE	4	2	k8	512	0.151095433	0.151521942
MEASURE	4	3	k16	512	0.156788882	0.157295716
MEASURE	4	4	k32	512	0.162711808	0.163253847
PASS	bench
