INPUT	32	32	2048	fraction	true
CALIBRATE	baseline	64	0.118817302	0.119191288
CALIBRATE	k8	128	0.173324357	0.173951203
CALIBRATE	k16	64	0.100760000	0.101078150
CALIBRATE	k32	64	0.123375328	0.123779174
CALIBRATE	gated	64	0.116603131	0.117074803
WARMUP	0	0	baseline	64	0.119259621	0.119610849
WARMUP	0	1	k8	128	0.167243787	0.167787536
WARMUP	0	2	k16	64	0.097984627	0.098301980
WARMUP	0	3	k32	64	0.120842203	0.121211730
WARMUP	0	4	gated	64	0.099222021	0.099528966
WARMUP	1	0	k8	128	0.170316359	0.170894413
WARMUP	1	1	k16	64	0.099225682	0.099537906
WARMUP	1	2	k32	64	0.122759778	0.123140517
WARMUP	1	3	gated	64	0.102286237	0.102818831
WARMUP	1	4	baseline	64	0.127212324	0.127600962
MEASURE	2	0	k16	64	0.102688902	0.103029137
MEASURE	2	1	k32	64	0.122303011	0.122671319
MEASURE	2	2	gated	64	0.098339782	0.098646916
MEASURE	2	3	baseline	64	0.119905674	0.120258095
MEASURE	2	4	k8	128	0.167540347	0.168103425
MEASURE	3	0	k32	64	0.121087826	0.121439134
MEASURE	3	1	gated	64	0.104719738	0.105105064
MEASURE	3	2	baseline	64	0.122788959	0.123205633
MEASURE	3	3	k8	128	0.169761748	0.170323632
MEASURE	3	4	k16	64	0.100017767	0.100330341
MEASURE	4	0	gated	64	0.099826703	0.100145814
MEASURE	4	1	baseline	64	0.121699621	0.122066111
MEASURE	4	2	k8	128	0.176696081	0.177328803
MEASURE	4	3	k16	64	0.100629521	0.100952008
MEASURE	4	4	k32	64	0.121424040	0.121978527
PASS	bench
