INPUT	64	64	2048	fraction	true
CALIBRATE	baseline	16	0.130896174	0.131233573
CALIBRATE	k8	32	0.143118816	0.143584185
CALIBRATE	k16	32	0.165269972	0.165832380
CALIBRATE	k32	16	0.101642087	0.101962009
CALIBRATE	gated	32	0.166270081	0.166846660
WARMUP	0	0	baseline	16	0.135530726	0.136368490
WARMUP	0	1	k8	32	0.145776235	0.146290230
WARMUP	0	2	k16	32	0.179610513	0.180224854
WARMUP	0	3	k32	16	0.107168891	0.107521228
WARMUP	0	4	gated	32	0.175183855	0.175780128
WARMUP	1	0	k8	32	0.151169475	0.151696370
WARMUP	1	1	k16	32	0.171500203	0.172119189
WARMUP	1	2	k32	16	0.103558349	0.103868999
WARMUP	1	3	gated	32	0.169768345	0.170305534
WARMUP	1	4	baseline	16	0.137119851	0.137554959
MEASURE	2	0	k16	32	0.179342635	0.179971680
MEASURE	2	1	k32	16	0.103644806	0.103958232
MEASURE	2	2	gated	32	0.170170091	0.170763402
MEASURE	2	3	baseline	16	0.134794271	0.135418446
MEASURE	2	4	k8	32	0.143493478	0.143944461
MEASURE	3	0	k32	16	0.105769956	0.106067108
MEASURE	3	1	gated	32	0.171853736	0.172399700
MEASURE	3	2	baseline	16	0.135708379	0.136146036
MEASURE	3	3	k8	32	0.143800643	0.144311346
MEASURE	3	4	k16	32	0.168830918	0.169403825
MEASURE	4	0	gated	32	0.168892691	0.169488020
MEASURE	4	1	baseline	16	0.135417336	0.135867595
MEASURE	4	2	k8	32	0.142125600	0.142582104
MEASURE	4	3	k16	32	0.168837564	0.169390956
MEASURE	4	4	k32	16	0.103965217	0.104290360
PASS	bench
