INPUT	128	128	32	dense	false
CALIBRATE	baseline	64	0.135067598	0.135502150
CALIBRATE	k8	128	0.169818736	0.170426805
CALIBRATE	k16	128	0.168480247	0.169127595
CALIBRATE	k32	128	0.182950982	0.183770991
CALIBRATE	gated	64	0.136520250	0.136928142
WARMUP	0	0	baseline	64	0.136342021	0.136744164
WARMUP	0	1	k8	128	0.167548621	0.168148131
WARMUP	0	2	k16	128	0.167464457	0.168028740
WARMUP	0	3	k32	128	0.181717541	0.182320380
WARMUP	0	4	gated	64	0.136040626	0.136478383
WARMUP	1	0	k8	128	0.167690898	0.168298161
WARMUP	1	1	k16	128	0.167173773	0.167752818
WARMUP	1	2	k32	128	0.183751262	0.184424645
WARMUP	1	3	gated	64	0.139715473	0.140256234
WARMUP	1	4	baseline	64	0.140038921	0.140623279
MEASURE	2	0	k16	128	0.175544947	0.176454582
MEASURE	2	1	k32	128	0.186756650	0.187465017
MEASURE	2	2	gated	64	0.135519715	0.135949499
MEASURE	2	3	baseline	64	0.135949092	0.136402558
MEASURE	2	4	k8	128	0.168205539	0.168865193
MEASURE	3	0	k32	128	0.184663040	0.185369291
MEASURE	3	1	gated	64	0.137164384	0.137655802
MEASURE	3	2	baseline	64	0.136104841	0.136601105
MEASURE	3	3	k8	128	0.166336994	0.166900957
MEASURE	3	4	k16	128	0.164217106	0.164768473
MEASURE	4	0	gated	64	0.134030020	0.134473840
MEASURE	4	1	baseline	64	0.141471905	0.141904751
MEASURE	4	2	k8	128	0.170401746	0.171153136
MEASURE	4	3	k16	128	0.164803784	0.165335754
MEASURE	4	4	k32	128	0.178769684	0.179331654
PASS	bench
