INPUT	128	128	512	dense	true
CALIBRATE	baseline	32	0.178148103	0.178749285
CALIBRATE	k8	64	0.175316977	0.175919559
CALIBRATE	k16	64	0.192662781	0.193364492
CALIBRATE	k32	32	0.113941016	0.114306023
CALIBRATE	gated	64	0.198012724	0.198733895
WARMUP	0	0	baseline	32	0.178912370	0.179517412
WARMUP	0	1	k8	64	0.174342366	0.174991263
WARMUP	0	2	k16	64	0.191977343	0.192686809
WARMUP	0	3	k32	32	0.113955272	0.114378038
WARMUP	0	4	gated	64	0.195425717	0.196143782
WARMUP	1	0	k8	64	0.176820671	0.177493790
WARMUP	1	1	k16	64	0.192765866	0.193483614
WARMUP	1	2	k32	32	0.114383349	0.115169804
WARMUP	1	3	gated	64	0.197038699	0.197752682
WARMUP	1	4	baseline	32	0.205633105	0.206349343
MEASURE	2	0	k16	64	0.192561640	0.193239141
MEASURE	2	1	k32	32	0.115377324	0.115787741
MEASURE	2	2	gated	64	0.194326438	0.195038168
MEASURE	2	3	baseline	32	0.179915606	0.180553460
MEASURE	2	4	k8	64	0.175730183	0.176419884
MEASURE	3	0	k32	32	0.115307541	0.115743145
MEASURE	3	1	gated	64	0.209674300	0.210486209
MEASURE	3	2	baseline	32	0.179010464	0.179639493
MEASURE	3	3	k8	64	0.175434894	0.176277125
MEASURE	3	4	k16	64	0.192875269	0.193549410
MEASURE	4	0	gated	64	0.197981994	0.198676558
MEASURE	4	1	baseline	32	0.181476951	0.182035439
MEASURE	4	2	k8	64	0.182882788	0.183492360
MEASURE	4	3	k16	64	0.206871762	0.207618875
MEASURE	4	4	k32	32	0.115904969	0.116278877
PASS	bench
