INPUT	16	16	2048	sparse	false
CALIBRATE	baseline	32768	0.182656907	0.183333381
CALIBRATE	k8	32768	0.190513833	0.191243198
CALIBRATE	k16	16384	0.111304828	0.111741029
CALIBRATE	k32	32768	0.177554135	0.178271508
CALIBRATE	gated	32768	0.196170299	0.196895651
WARMUP	0	0	baseline	32768	0.177661559	0.178246939
WARMUP	0	1	k8	32768	0.185378943	0.186019946
WARMUP	0	2	k16	16384	0.090181483	0.090479216
WARMUP	0	3	k32	32768	0.176561825	0.177085748
WARMUP	0	4	gated	32768	0.177233192	0.177774311
WARMUP	1	0	k8	32768	0.183227727	0.183813738
WARMUP	1	1	k16	16384	0.092060314	0.092366017
WARMUP	1	2	k32	32768	0.176512419	0.177063341
WARMUP	1	3	gated	32768	0.178475746	0.179112630
WARMUP	1	4	baseline	32768	0.177097108	0.177794000
MEASURE	2	0	k16	16384	0.087382719	0.087620383
MEASURE	2	1	k32	32768	0.178407169	0.178933231
MEASURE	2	2	gated	32768	0.180407208	0.180950424
MEASURE	2	3	baseline	32768	0.193685832	0.194348035
MEASURE	2	4	k8	32768	0.190451346	0.191041322
MEASURE	3	0	k32	32768	0.181379429	0.182020090
MEASURE	3	1	gated	32768	0.179048958	0.179649823
MEASURE	3	2	baseline	32768	0.177874514	0.181699693
MEASURE	3	3	k8	32768	0.207752447	0.208589209
MEASURE	3	4	k16	16384	0.085242786	0.085526666
MEASURE	4	0	gated	32768	0.186551627	0.187392682
MEASURE	4	1	baseline	32768	0.172917704	0.173439618
MEASURE	4	2	k8	32768	0.182059824	0.182649737
MEASURE	4	3	k16	16384	0.087832111	0.088135627
MEASURE	4	4	k32	32768	0.179104134	0.179703139
PASS	bench
