INPUT	16	16	32	dense	false
CALIBRATE	baseline	4096	0.109486687	0.109828620
CALIBRATE	k8	4096	0.109187029	0.109563228
CALIBRATE	k16	4096	0.108122562	0.108449004
CALIBRATE	k32	4096	0.108275878	0.108580776
CALIBRATE	gated	4096	0.164464830	0.165154736
WARMUP	0	0	baseline	4096	0.185123944	0.185810161
WARMUP	0	1	k8	4096	0.127602592	0.128034182
WARMUP	0	2	k16	4096	0.109819068	0.110186725
WARMUP	0	3	k32	4096	0.112574237	0.112932637
WARMUP	0	4	gated	4096	0.114003525	0.114407036
WARMUP	1	0	k8	4096	0.111451173	0.111844211
WARMUP	1	1	k16	4096	0.107431688	0.107777790
WARMUP	1	2	k32	4096	0.107441067	0.107775621
WARMUP	1	3	gated	4096	0.111410077	0.111761297
WARMUP	1	4	baseline	4096	0.120740659	0.121122806
MEASURE	2	0	k16	4096	0.118388318	0.118770017
MEASURE	2	1	k32	4096	0.106748824	0.107021443
MEASURE	2	2	gated	4096	0.112221989	0.112544944
MEASURE	2	3	baseline	4096	0.107175909	0.107485431
MEASURE	2	4	k8	4096	0.108464381	0.108935471
MEASURE	3	0	k32	4096	0.107832475	0.108136956
MEASURE	3	1	gated	4096	0.109723216	0.110020886
MEASURE	3	2	baseline	4096	0.108388419	0.108687118
MEASURE	3	3	k8	4096	0.109211901	0.109519891
MEASURE	3	4	k16	4096	0.106783672	0.107077289
MEASURE	4	0	gated	4096	0.108258067	0.108563677
MEASURE	4	1	baseline	4096	0.108637976	0.108953201
MEASURE	4	2	k8	4096	0.109033486	0.109357042
MEASURE	4	3	k16	4096	0.107738501	0.108050162
MEASURE	4	4	k32	4096	0.108153738	0.108460934
PASS	bench
