INPUT	32	32	32	dense	false
CALIBRATE	baseline	1024	0.125993467	0.126407484
CALIBRATE	k8	1024	0.113031815	0.113438002
CALIBRATE	k16	1024	0.113007251	0.113367427
CALIBRATE	k32	1024	0.133687989	0.134367668
CALIBRATE	gated	1024	0.126907937	0.127367237
WARMUP	0	0	baseline	1024	0.127697050	0.128158133
WARMUP	0	1	k8	1024	0.112978705	0.113362258
WARMUP	0	2	k16	1024	0.118897911	0.119328759
WARMUP	0	3	k32	1024	0.126515490	0.126934427
WARMUP	0	4	gated	1024	0.127476976	0.127942299
WARMUP	1	0	k8	1024	0.113308418	0.113725702
WARMUP	1	1	k16	1024	0.125361262	0.125880719
WARMUP	1	2	k32	1024	0.138415812	0.138950253
WARMUP	1	3	gated	1024	0.137862920	0.138347444
WARMUP	1	4	baseline	1024	0.139170588	0.139679083
MEASURE	2	0	k16	1024	0.126362491	0.126863252
MEASURE	2	1	k32	1024	0.139336360	0.139842213
MEASURE	2	2	gated	1024	0.133697242	0.134345299
MEASURE	2	3	baseline	1024	0.128635136	0.129035653
MEASURE	2	4	k8	1024	0.112294350	0.112650796
MEASURE	3	0	k32	1024	0.126457763	0.126842264
MEASURE	3	1	gated	1024	0.127028568	0.127455462
MEASURE	3	2	baseline	1024	0.127833072	0.128274805
MEASURE	3	3	k8	1024	0.114019738	0.114386697
MEASURE	3	4	k16	1024	0.126844805	0.127317251
MEASURE	4	0	gated	1024	0.126077194	0.126493338
MEASURE	4	1	baseline	1024	0.126543944	0.126988394
MEASURE	4	2	k8	1024	0.112322502	0.112665365
MEASURE	4	3	k16	1024	0.112957145	0.113311281
MEASURE	4	4	k32	1024	0.127025336	0.127471461
PASS	bench
