INPUT	32	32	512	sparse	false
CALIBRATE	baseline	8192	0.173400018	0.173937905
CALIBRATE	k8	4096	0.102418905	0.102799612
CALIBRATE	k16	8192	0.181435259	0.181931697
CALIBRATE	k32	8192	0.169734871	0.170237019
CALIBRATE	gated	8192	0.178031121	0.178648782
WARMUP	0	0	baseline	8192	0.186632355	0.187299259
WARMUP	0	1	k8	4096	0.108899804	0.109290827
WARMUP	0	2	k16	8192	0.186332378	0.186871298
WARMUP	0	3	k32	8192	0.170533667	0.171195182
WARMUP	0	4	gated	8192	0.178899538	0.179383891
WARMUP	1	0	k8	4096	0.101333838	0.101618973
WARMUP	1	1	k16	8192	0.189972537	0.190521278
WARMUP	1	2	k32	8192	0.179095507	0.179629944
WARMUP	1	3	gated	8192	0.181825117	0.182366816
WARMUP	1	4	baseline	8192	0.182630297	0.183255515
MEASURE	2	0	k16	8192	0.187773307	0.188449360
MEASURE	2	1	k32	8192	0.180510991	0.181176269
MEASURE	2	2	gated	8192	0.179392838	0.179996609
MEASURE	2	3	baseline	8192	0.178805212	0.179449847
MEASURE	2	4	k8	4096	0.100997156	0.101322393
MEASURE	3	0	k32	8192	0.187884970	0.188762108
MEASURE	3	1	gated	8192	0.180000488	0.180564610
MEASURE	3	2	baseline	8192	0.179206904	0.179756815
MEASURE	3	3	k8	4096	0.100399724	0.100729184
MEASURE	3	4	k16	8192	0.187334737	0.187949953
MEASURE	4	0	gated	8192	0.179112203	0.179702389
MEASURE	4	1	baseline	8192	0.189295613	0.190002083
MEASURE	4	2	k8	4096	0.099801134	0.100116335
MEASURE	4	3	k16	8192	0.188630356	0.189246405
MEASURE	4	4	k32	8192	0.180472343	0.181109863
PASS	bench
