PASS	quadratic	root-2-1--3--3	EQ	54376
PASS	quadratic	sign-2-1--3--3	LT	1820
PASS	quadratic	inverse-2-1--3--3	EQ	23919
PASS	quadratic	root-2-1--3--2	EQ	11890
PASS	quadratic	sign-2-1--3--2	LT	1390
PASS	quadratic	inverse-2-1--3--2	EQ	7270
PASS	quadratic	root-2-1--3--1	EQ	7509
PASS	quadratic	sign-2-1--3--1	LT	1160
PASS	quadratic	inverse-2-1--3--1	EQ	15179
PASS	quadratic	root-2-1--3-0	EQ	1800
PASS	quadratic	sign-2-1--3-0	LT	640
PASS	quadratic	inverse-2-1--3-0	EQ	1490
PASS	quadratic	root-2-1--3-1	EQ	16509
PASS	quadratic	sign-2-1--3-1	LT	1709
PASS	quadratic	inverse-2-1--3-1	EQ	7010
PASS	quadratic	root-2-1--3-2	EQ	18838
PASS	quadratic	sign-2-1--3-2	LT	2120
PASS	quadratic	inverse-2-1--3-2	EQ	6520
PASS	quadratic	root-2-1--3-3	EQ	11260
PASS	quadratic	sign-2-1--3-3	GT	2119
PASS	quadratic	inverse-2-1--3-3	EQ	6870
PASS	quadratic	root-2-1--2--3	EQ	10389
PASS	quadratic	sign-2-1--2--3	LT	1110
PASS	quadratic	inverse-2-1--2--3	EQ	13319
PASS	quadratic	root-2-1--2--2	EQ	8199
PASS	quadratic	sign-2-1--2--2	LT	1140
PASS	quadratic	inverse-2-1--2--2	EQ	10269
PASS	quadratic	root-2-1--2--1	EQ	6289
PASS	quadratic	sign-2-1--2--1	LT	1190
PASS	quadratic	inverse-2-1--2--1	EQ	6040
PASS	quadratic	root-2-1--2-0	EQ	1429
PASS	quadratic	sign-2-1--2-0	LT	520
PASS	quadratic	inverse-2-1--2-0	EQ	1360
PASS	quadratic	root-2-1--2-1	EQ	8519
PASS	quadratic	sign-2-1--2-1	LT	1660
PASS	quadratic	inverse-2-1--2-1	EQ	5880
PASS	quadratic	root-2-1--2-2	EQ	12600
PASS	quadratic	sign-2-1--2-2	GT	1880
PASS	quadratic	inverse-2-1--2-2	EQ	5990
PASS	quadratic	root-2-1--2-3	EQ	9729
PASS	quadratic	sign-2-1--2-3	GT	2010
PASS	quadratic	inverse-2-1--2-3	EQ	6509
PASS	quadratic	root-2-1--1--3	EQ	7400
PASS	quadratic	sign-2-1--1--3	LT	1070
PASS	quadratic	inverse-2-1--1--3	EQ	10559
PASS	quadratic	root-2-1--1--2	EQ	7110
PASS	quadratic	sign-2-1--1--2	LT	1130
PASS	quadratic	inverse-2-1--1--2	EQ	6469
PASS	quadratic	root-2-1--1--1	EQ	5450
PASS	quadratic	sign-2-1--1--1	LT	1050
PASS	quadratic	inverse-2-1--1--1	EQ	4520
PASS	quadratic	root-2-1--1-0	EQ	1370
PASS	quadratic	sign-2-1--1-0	LT	520
PASS	quadratic	inverse-2-1--1-0	EQ	1210
PASS	quadratic	root-2-1--1-1	EQ	6970
PASS	quadratic	sign-2-1--1-1	GT	1510
PASS	quadratic	inverse-2-1--1-1	EQ	4360
PASS	quadratic	root-2-1--1-2	EQ	9579
PASS	quadratic	sign-2-1--1-2	GT	1890
PASS	quadratic	inverse-2-1--1-2	EQ	9299
PASS	quadratic	root-2-1--1-3	EQ	9780
PASS	quadratic	sign-2-1--1-3	GT	1970
PASS	quadratic	inverse-2-1--1-3	EQ	6310
PASS	quadratic	root-2-1-0--3	EQ	1709
PASS	quadratic	sign-2-1-0--3	LT	760
PASS	quadratic	inverse-2-1-0--3	EQ	2350
PASS	quadratic	root-2-1-0--2	EQ	1330
PASS	quadratic	sign-2-1-0--2	LT	680
PASS	quadratic	inverse-2-1-0--2	EQ	1589
PASS	quadratic	root-2-1-0--1	EQ	1480
PASS	quadratic	sign-2-1-0--1	LT	780
PASS	quadratic	inverse-2-1-0--1	EQ	1990
PASS	quadratic	root-2-1-0-0	EQ	1120
PASS	quadratic	sign-2-1-0-0	EQ	489
PASS	quadratic	root-2-1-0-1	EQ	1340
PASS	quadratic	sign-2-1-0-1	GT	770
PASS	quadratic	inverse-2-1-0-1	EQ	1940
PASS	quadratic	root-2-1-0-2	EQ	1280
PASS	quadratic	sign-2-1-0-2	GT	680
PASS	quadratic	inverse-2-1-0-2	EQ	1830
PASS	quadratic	root-2-1-0-3	EQ	1240
PASS	quadratic	sign-2-1-0-3	GT	630
PASS	quadratic	inverse-2-1-0-3	EQ	1750
PASS	quadratic	root-2-1-1--3	EQ	9359
PASS	quadratic	sign-2-1-1--3	LT	2020
PASS	quadratic	inverse-2-1-1--3	EQ	6429
PASS	quadratic	root-2-1-1--2	EQ	8799
PASS	quadratic	sign-2-1-1--2	LT	1880
PASS	quadratic	inverse-2-1-1--2	EQ	5630
PASS	quadratic	root-2-1-1--1	EQ	7700
PASS	quadratic	sign-2-1-1--1	LT	1660
PASS	quadratic	inverse-2-1-1--1	EQ	4139
PASS	quadratic	root-2-1-1-0	EQ	1240
PASS	quadratic	sign-2-1-1-0	GT	520
PASS	quadratic	inverse-2-1-1-0	EQ	1180
PASS	quadratic	root-2-1-1-1	EQ	4199
PASS	quadratic	sign-2-1-1-1	GT	860
PASS	quadratic	inverse-2-1-1-1	EQ	4040
PASS	quadratic	root-2-1-1-2	EQ	6679
PASS	quadratic	sign-2-1-1-2	GT	980
PASS	quadratic	inverse-2-1-1-2	EQ	5949
PASS	quadratic	root-2-1-1-3	EQ	6930
PASS	quadratic	sign-2-1-1-3	GT	1000
PASS	quadratic	inverse-2-1-1-3	EQ	13239
PASS	quadratic	root-2-1-2--3	EQ	10300
PASS	quadratic	sign-2-1-2--3	LT	2040
PASS	quadratic	inverse-2-1-2--3	EQ	6610
PASS	quadratic	root-2-1-2--2	EQ	8749
PASS	quadratic	sign-2-1-2--2	LT	2229
PASS	quadratic	inverse-2-1-2--2	EQ	6080
PASS	quadratic	root-2-1-2--1	EQ	5309
PASS	quadratic	sign-2-1-2--1	GT	1900
PASS	quadratic	inverse-2-1-2--1	EQ	5900
PASS	quadratic	root-2-1-2-0	EQ	1230
PASS	quadratic	sign-2-1-2-0	GT	490
PASS	quadratic	inverse-2-1-2-0	EQ	1260
PASS	quadratic	root-2-1-2-1	EQ	3700
PASS	quadratic	sign-2-1-2-1	GT	890
PASS	quadratic	inverse-2-1-2-1	EQ	5570
PASS	quadratic	root-2-1-2-2	EQ	7029
PASS	quadratic	sign-2-1-2-2	GT	1000
PASS	quadratic	inverse-2-1-2-2	EQ	5710
PASS	quadratic	root-2-1-2-3	EQ	7019
PASS	quadratic	sign-2-1-2-3	GT	1020
PASS	quadratic	inverse-2-1-2-3	EQ	6249
PASS	quadratic	root-2-1-3--3	EQ	8550
PASS	quadratic	sign-2-1-3--3	LT	2120
PASS	quadratic	inverse-2-1-3--3	EQ	5840
PASS	quadratic	root-2-1-3--2	EQ	9969
PASS	quadratic	sign-2-1-3--2	GT	1970
PASS	quadratic	inverse-2-1-3--2	EQ	5969
PASS	quadratic	root-2-1-3--1	EQ	5130
PASS	quadratic	sign-2-1-3--1	GT	1889
PASS	quadratic	inverse-2-1-3--1	EQ	6010
PASS	quadratic	root-2-1-3-0	EQ	1200
PASS	quadratic	sign-2-1-3-0	GT	510
PASS	quadratic	inverse-2-1-3-0	EQ	1230
PASS	quadratic	root-2-1-3-1	EQ	3690
PASS	quadratic	sign-2-1-3-1	GT	870
PASS	quadratic	inverse-2-1-3-1	EQ	5529
PASS	quadratic	root-2-1-3-2	EQ	7140
PASS	quadratic	sign-2-1-3-2	GT	1000
PASS	quadratic	inverse-2-1-3-2	EQ	9090
PASS	quadratic	root-2-1-3-3	EQ	7139
PASS	quadratic	sign-2-1-3-3	GT	1050
PASS	quadratic	inverse-2-1-3-3	EQ	6019
PASS	quadratic	root-2-2--3--3	EQ	8920
PASS	quadratic	sign-2-2--3--3	LT	1030
PASS	quadratic	inverse-2-2--3--3	EQ	6970
PASS	quadratic	root-2-2--3--2	EQ	10379
PASS	quadratic	sign-2-2--3--2	LT	1180
PASS	quadratic	inverse-2-2--3--2	EQ	6089
PASS	quadratic	root-2-2--3--1	EQ	14629
PASS	quadratic	sign-2-2--3--1	LT	1190
PASS	quadratic	inverse-2-2--3--1	EQ	8019
PASS	quadratic	root-2-2--3-0	EQ	1400
PASS	quadratic	sign-2-2--3-0	LT	540
PASS	quadratic	inverse-2-2--3-0	EQ	1300
PASS	quadratic	root-2-2--3-1	EQ	10309
PASS	quadratic	sign-2-2--3-1	LT	1910
PASS	quadratic	inverse-2-2--3-1	EQ	6809
PASS	quadratic	root-2-2--3-2	EQ	8649
PASS	quadratic	sign-2-2--3-2	LT	1550
PASS	quadratic	inverse-2-2--3-2	EQ	7969
PASS	quadratic	root-2-2--3-3	EQ	10520
PASS	quadratic	sign-2-2--3-3	GT	1970
PASS	quadratic	inverse-2-2--3-3	EQ	6040
PASS	quadratic	root-2-2--2--3	EQ	7109
PASS	quadratic	sign-2-2--2--3	LT	1180
PASS	quadratic	inverse-2-2--2--3	EQ	6729
PASS	quadratic	root-2-2--2--2	EQ	6080
PASS	quadratic	sign-2-2--2--2	LT	1170
PASS	quadratic	inverse-2-2--2--2	EQ	5310
PASS	quadratic	root-2-2--2--1	EQ	7060
PASS	quadratic	sign-2-2--2--1	LT	1220
PASS	quadratic	inverse-2-2--2--1	EQ	6880
PASS	quadratic	root-2-2--2-0	EQ	1419
PASS	quadratic	sign-2-2--2-0	LT	560
PASS	quadratic	inverse-2-2--2-0	EQ	1290
PASS	quadratic	root-2-2--2-1	EQ	8779
PASS	quadratic	sign-2-2--2-1	LT	2050
PASS	quadratic	inverse-2-2--2-1	EQ	6300
PASS	quadratic	root-2-2--2-2	EQ	7280
PASS	quadratic	sign-2-2--2-2	GT	1530
PASS	quadratic	inverse-2-2--2-2	EQ	4949
PASS	quadratic	root-2-2--2-3	EQ	9450
PASS	quadratic	sign-2-2--2-3	GT	2060
PASS	quadratic	inverse-2-2--2-3	EQ	6410
PASS	quadratic	root-2-2--1--3	EQ	7429
PASS	quadratic	sign-2-2--1--3	LT	1020
PASS	quadratic	inverse-2-2--1--3	EQ	12349
PASS	quadratic	root-2-2--1--2	EQ	6439
PASS	quadratic	sign-2-2--1--2	LT	1170
PASS	quadratic	inverse-2-2--1--2	EQ	6450
PASS	quadratic	root-2-2--1--1	EQ	7820
PASS	quadratic	sign-2-2--1--1	LT	1150
PASS	quadratic	inverse-2-2--1--1	EQ	5649
PASS	quadratic	root-2-2--1-0	EQ	1390
PASS	quadratic	sign-2-2--1-0	LT	530
PASS	quadratic	inverse-2-2--1-0	EQ	1340
PASS	quadratic	root-2-2--1-1	EQ	12340
PASS	quadratic	sign-2-2--1-1	GT	1990
PASS	quadratic	inverse-2-2--1-1	EQ	5880
PASS	quadratic	root-2-2--1-2	EQ	7019
PASS	quadratic	sign-2-2--1-2	GT	1540
PASS	quadratic	inverse-2-2--1-2	EQ	5899
PASS	quadratic	root-2-2--1-3	EQ	9330
PASS	quadratic	sign-2-2--1-3	GT	1989
PASS	quadratic	inverse-2-2--1-3	EQ	5850
PASS	quadratic	root-2-2-0--3	EQ	1600
PASS	quadratic	sign-2-2-0--3	LT	809
PASS	quadratic	inverse-2-2-0--3	EQ	1960
PASS	quadratic	root-2-2-0--2	EQ	1660
PASS	quadratic	sign-2-2-0--2	LT	820
PASS	quadratic	inverse-2-2-0--2	EQ	2060
PASS	quadratic	root-2-2-0--1	EQ	1580
PASS	quadratic	sign-2-2-0--1	LT	770
PASS	quadratic	inverse-2-2-0--1	EQ	1600
PASS	quadratic	root-2-2-0-0	EQ	1040
PASS	quadratic	sign-2-2-0-0	EQ	520
PASS	quadratic	root-2-2-0-1	EQ	1640
PASS	quadratic	sign-2-2-0-1	GT	730
PASS	quadratic	inverse-2-2-0-1	EQ	1770
PASS	quadratic	root-2-2-0-2	EQ	1460
PASS	quadratic	sign-2-2-0-2	GT	760
PASS	quadratic	inverse-2-2-0-2	EQ	1750
PASS	quadratic	root-2-2-0-3	EQ	1330
PASS	quadratic	sign-2-2-0-3	GT	680
PASS	quadratic	inverse-2-2-0-3	EQ	1690
PASS	quadratic	root-2-2-1--3	EQ	8900
PASS	quadratic	sign-2-2-1--3	LT	1860
PASS	quadratic	inverse-2-2-1--3	EQ	5910
PASS	quadratic	root-2-2-1--2	EQ	7569
PASS	quadratic	sign-2-2-1--2	LT	1820
PASS	quadratic	inverse-2-2-1--2	EQ	5540
PASS	quadratic	root-2-2-1--1	EQ	8660
PASS	quadratic	sign-2-2-1--1	LT	2100
PASS	quadratic	inverse-2-2-1--1	EQ	5539
PASS	quadratic	root-2-2-1-0	EQ	1200
PASS	quadratic	sign-2-2-1-0	GT	530
PASS	quadratic	inverse-2-2-1-0	EQ	1380
PASS	quadratic	root-2-2-1-1	EQ	7250
PASS	quadratic	sign-2-2-1-1	GT	1110
PASS	quadratic	inverse-2-2-1-1	EQ	5819
PASS	quadratic	root-2-2-1-2	EQ	4270
PASS	quadratic	sign-2-2-1-2	GT	980
PASS	quadratic	inverse-2-2-1-2	EQ	5589
PASS	quadratic	root-2-2-1-3	EQ	6990
PASS	quadratic	sign-2-2-1-3	GT	1040
PASS	quadratic	inverse-2-2-1-3	EQ	6010
PASS	quadratic	root-2-2-2--3	EQ	8969
PASS	quadratic	sign-2-2-2--3	LT	1850
PASS	quadratic	inverse-2-2-2--3	EQ	6039
PASS	quadratic	root-2-2-2--2	EQ	7950
PASS	quadratic	sign-2-2-2--2	LT	1700
PASS	quadratic	inverse-2-2-2--2	EQ	4790
PASS	quadratic	root-2-2-2--1	EQ	9299
PASS	quadratic	sign-2-2-2--1	GT	1990
PASS	quadratic	inverse-2-2-2--1	EQ	6629
PASS	quadratic	root-2-2-2-0	EQ	1250
PASS	quadratic	sign-2-2-2-0	GT	550
PASS	quadratic	inverse-2-2-2-0	EQ	1230
PASS	quadratic	root-2-2-2-1	EQ	6889
PASS	quadratic	sign-2-2-2-1	GT	1100
PASS	quadratic	inverse-2-2-2-1	EQ	6249
PASS	quadratic	root-2-2-2-2	EQ	4460
PASS	quadratic	sign-2-2-2-2	GT	940
PASS	quadratic	inverse-2-2-2-2	EQ	5990
PASS	quadratic	root-2-2-2-3	EQ	7719
PASS	quadratic	sign-2-2-2-3	GT	1100
PASS	quadratic	inverse-2-2-2-3	EQ	6409
PASS	quadratic	root-2-2-3--3	EQ	8510
PASS	quadratic	sign-2-2-3--3	LT	1850
PASS	quadratic	inverse-2-2-3--3	EQ	5630
PASS	quadratic	root-2-2-3--2	EQ	5389
PASS	quadratic	sign-2-2-3--2	GT	1930
PASS	quadratic	inverse-2-2-3--2	EQ	8739
PASS	quadratic	root-2-2-3--1	EQ	9770
PASS	quadratic	sign-2-2-3--1	GT	2110
PASS	quadratic	inverse-2-2-3--1	EQ	7090
PASS	quadratic	root-2-2-3-0	EQ	1279
PASS	quadratic	sign-2-2-3-0	GT	510
PASS	quadratic	inverse-2-2-3-0	EQ	1250
PASS	quadratic	root-2-2-3-1	EQ	7020
PASS	quadratic	sign-2-2-3-1	GT	1040
PASS	quadratic	inverse-2-2-3-1	EQ	6300
PASS	quadratic	root-2-2-3-2	EQ	3909
PASS	quadratic	sign-2-2-3-2	GT	920
PASS	quadratic	inverse-2-2-3-2	EQ	5420
PASS	quadratic	root-2-2-3-3	EQ	6769
PASS	quadratic	sign-2-2-3-3	GT	970
PASS	quadratic	inverse-2-2-3-3	EQ	5729
PASS	quadratic	root-3-1--3--3	EQ	7590
PASS	quadratic	sign-3-1--3--3	LT	1070
PASS	quadratic	inverse-3-1--3--3	EQ	6860
PASS	quadratic	root-3-1--3--2	EQ	6239
PASS	quadratic	sign-3-1--3--2	LT	1130
PASS	quadratic	inverse-3-1--3--2	EQ	6220
PASS	quadratic	root-3-1--3--1	EQ	5809
PASS	quadratic	sign-3-1--3--1	LT	1050
PASS	quadratic	inverse-3-1--3--1	EQ	5939
PASS	quadratic	root-3-1--3-0	EQ	1310
PASS	quadratic	sign-3-1--3-0	LT	510
PASS	quadratic	inverse-3-1--3-0	EQ	1230
PASS	quadratic	root-3-1--3-1	EQ	10939
PASS	quadratic	sign-3-1--3-1	LT	1650
PASS	quadratic	inverse-3-1--3-1	EQ	5909
PASS	quadratic	root-3-1--3-2	EQ	8140
PASS	quadratic	sign-3-1--3-2	GT	1690
PASS	quadratic	inverse-3-1--3-2	EQ	5890
PASS	quadratic	root-3-1--3-3	EQ	7829
PASS	quadratic	sign-3-1--3-3	GT	2030
PASS	quadratic	inverse-3-1--3-3	EQ	5889
PASS	quadratic	root-3-1--2--3	EQ	5900
PASS	quadratic	sign-3-1--2--3	LT	970
PASS	quadratic	inverse-3-1--2--3	EQ	12819
PASS	quadratic	root-3-1--2--2	EQ	6049
PASS	quadratic	sign-3-1--2--2	LT	1090
PASS	quadratic	inverse-3-1--2--2	EQ	13239
PASS	quadratic	root-3-1--2--1	EQ	6259
PASS	quadratic	sign-3-1--2--1	LT	1070
PASS	quadratic	inverse-3-1--2--1	EQ	4990
PASS	quadratic	root-3-1--2-0	EQ	1289
PASS	quadratic	sign-3-1--2-0	LT	500
PASS	quadratic	inverse-3-1--2-0	EQ	1290
PASS	quadratic	root-3-1--2-1	EQ	8269
PASS	quadratic	sign-3-1--2-1	LT	1550
PASS	quadratic	inverse-3-1--2-1	EQ	4739
PASS	quadratic	root-3-1--2-2	EQ	7800
PASS	quadratic	sign-3-1--2-2	GT	1810
PASS	quadratic	inverse-3-1--2-2	EQ	5720
PASS	quadratic	root-3-1--2-3	EQ	8009
PASS	quadratic	sign-3-1--2-3	GT	1990
PASS	quadratic	inverse-3-1--2-3	EQ	6270
PASS	quadratic	root-3-1--1--3	EQ	5920
PASS	quadratic	sign-3-1--1--3	LT	1040
PASS	quadratic	inverse-3-1--1--3	EQ	9959
PASS	quadratic	root-3-1--1--2	EQ	6050
PASS	quadratic	sign-3-1--1--2	LT	1110
PASS	quadratic	inverse-3-1--1--2	EQ	6420
PASS	quadratic	root-3-1--1--1	EQ	5029
PASS	quadratic	sign-3-1--1--1	LT	1040
PASS	quadratic	inverse-3-1--1--1	EQ	5070
PASS	quadratic	root-3-1--1-0	EQ	1249
PASS	quadratic	sign-3-1--1-0	LT	490
PASS	quadratic	inverse-3-1--1-0	EQ	1170
PASS	quadratic	root-3-1--1-1	EQ	6360
PASS	quadratic	sign-3-1--1-1	GT	1470
PASS	quadratic	inverse-3-1--1-1	EQ	4760
PASS	quadratic	root-3-1--1-2	EQ	7179
PASS	quadratic	sign-3-1--1-2	GT	1710
PASS	quadratic	inverse-3-1--1-2	EQ	6010
PASS	quadratic	root-3-1--1-3	EQ	7840
PASS	quadratic	sign-3-1--1-3	GT	2030
PASS	quadratic	inverse-3-1--1-3	EQ	8920
PASS	quadratic	root-3-1-0--3	EQ	1610
PASS	quadratic	sign-3-1-0--3	LT	769
PASS	quadratic	inverse-3-1-0--3	EQ	1810
PASS	quadratic	root-3-1-0--2	EQ	1330
PASS	quadratic	sign-3-1-0--2	LT	680
PASS	quadratic	inverse-3-1-0--2	EQ	1610
PASS	quadratic	root-3-1-0--1	EQ	1469
PASS	quadratic	sign-3-1-0--1	LT	750
PASS	quadratic	inverse-3-1-0--1	EQ	1980
PASS	quadratic	root-3-1-0-0	EQ	980
PASS	quadratic	sign-3-1-0-0	EQ	480
PASS	quadratic	root-3-1-0-1	EQ	1380
PASS	quadratic	sign-3-1-0-1	GT	730
PASS	quadratic	inverse-3-1-0-1	EQ	1840
PASS	quadratic	root-3-1-0-2	EQ	1330
PASS	quadratic	sign-3-1-0-2	GT	700
PASS	quadratic	inverse-3-1-0-2	EQ	1670
PASS	quadratic	root-3-1-0-3	EQ	1320
PASS	quadratic	sign-3-1-0-3	GT	650
PASS	quadratic	inverse-3-1-0-3	EQ	1720
PASS	quadratic	root-3-1-1--3	EQ	9019
PASS	quadratic	sign-3-1-1--3	LT	1870
PASS	quadratic	inverse-3-1-1--3	EQ	6089
PASS	quadratic	root-3-1-1--2	EQ	8330
PASS	quadratic	sign-3-1-1--2	LT	1889
PASS	quadratic	inverse-3-1-1--2	EQ	5490
PASS	quadratic	root-3-1-1--1	EQ	7249
PASS	quadratic	sign-3-1-1--1	LT	1570
PASS	quadratic	inverse-3-1-1--1	EQ	4460
PASS	quadratic	root-3-1-1-0	EQ	1109
PASS	quadratic	sign-3-1-1-0	GT	500
PASS	quadratic	inverse-3-1-1-0	EQ	1100
PASS	quadratic	root-3-1-1-1	EQ	3960
PASS	quadratic	sign-3-1-1-1	GT	890
PASS	quadratic	inverse-3-1-1-1	EQ	4930
PASS	quadratic	root-3-1-1-2	EQ	4480
PASS	quadratic	sign-3-1-1-2	GT	930
PASS	quadratic	inverse-3-1-1-2	EQ	5670
PASS	quadratic	root-3-1-1-3	EQ	4510
PASS	quadratic	sign-3-1-1-3	GT	950
PASS	quadratic	inverse-3-1-1-3	EQ	5670
PASS	quadratic	root-3-1-2--3	EQ	8789
PASS	quadratic	sign-3-1-2--3	LT	2010
PASS	quadratic	inverse-3-1-2--3	EQ	6059
PASS	quadratic	root-3-1-2--2	EQ	8280
PASS	quadratic	sign-3-1-2--2	LT	2009
PASS	quadratic	inverse-3-1-2--2	EQ	5600
PASS	quadratic	root-3-1-2--1	EQ	4949
PASS	quadratic	sign-3-1-2--1	GT	1830
PASS	quadratic	inverse-3-1-2--1	EQ	4920
PASS	quadratic	root-3-1-2-0	EQ	1130
PASS	quadratic	sign-3-1-2-0	GT	480
PASS	quadratic	inverse-3-1-2-0	EQ	1290
PASS	quadratic	root-3-1-2-1	EQ	3560
PASS	quadratic	sign-3-1-2-1	GT	910
PASS	quadratic	inverse-3-1-2-1	EQ	4539
PASS	quadratic	root-3-1-2-2	EQ	4290
PASS	quadratic	sign-3-1-2-2	GT	950
PASS	quadratic	inverse-3-1-2-2	EQ	5439
PASS	quadratic	root-3-1-2-3	EQ	4470
PASS	quadratic	sign-3-1-2-3	GT	1000
PASS	quadratic	inverse-3-1-2-3	EQ	5770
PASS	quadratic	root-3-1-3--3	EQ	8269
PASS	quadratic	sign-3-1-3--3	LT	2020
PASS	quadratic	inverse-3-1-3--3	EQ	5540
PASS	quadratic	root-3-1-3--2	EQ	7579
PASS	quadratic	sign-3-1-3--2	LT	1940
PASS	quadratic	inverse-3-1-3--2	EQ	5359
PASS	quadratic	root-3-1-3--1	EQ	4590
PASS	quadratic	sign-3-1-3--1	GT	1710
PASS	quadratic	inverse-3-1-3--1	EQ	5639
PASS	quadratic	root-3-1-3-0	EQ	1050
PASS	quadratic	sign-3-1-3-0	GT	460
PASS	quadratic	inverse-3-1-3-0	EQ	1150
PASS	quadratic	root-3-1-3-1	EQ	3459
PASS	quadratic	sign-3-1-3-1	GT	870
PASS	quadratic	inverse-3-1-3-1	EQ	5050
PASS	quadratic	root-3-1-3-2	EQ	4239
PASS	quadratic	sign-3-1-3-2	GT	890
PASS	quadratic	inverse-3-1-3-2	EQ	5909
PASS	quadratic	root-3-1-3-3	EQ	4230
PASS	quadratic	sign-3-1-3-3	GT	940
PASS	quadratic	inverse-3-1-3-3	EQ	5489
PASS	quadratic	root-3-2--3--3	EQ	6610
PASS	quadratic	sign-3-2--3--3	LT	939
PASS	quadratic	inverse-3-2--3--3	EQ	6040
PASS	quadratic	root-3-2--3--2	EQ	5419
PASS	quadratic	sign-3-2--3--2	LT	1050
PASS	quadratic	inverse-3-2--3--2	EQ	14519
PASS	quadratic	root-3-2--3--1	EQ	7099
PASS	quadratic	sign-3-2--3--1	LT	1110
PASS	quadratic	inverse-3-2--3--1	EQ	6520
PASS	quadratic	root-3-2--3-0	EQ	1199
PASS	quadratic	sign-3-2--3-0	LT	470
PASS	quadratic	inverse-3-2--3-0	EQ	1160
PASS	quadratic	root-3-2--3-1	EQ	12659
PASS	quadratic	sign-3-2--3-1	LT	1850
PASS	quadratic	inverse-3-2--3-1	EQ	6209
PASS	quadratic	root-3-2--3-2	EQ	7140
PASS	quadratic	sign-3-2--3-2	GT	1490
PASS	quadratic	inverse-3-2--3-2	EQ	5780
PASS	quadratic	root-3-2--3-3	EQ	7949
PASS	quadratic	sign-3-2--3-3	GT	1840
PASS	quadratic	inverse-3-2--3-3	EQ	5490
PASS	quadratic	root-3-2--2--3	EQ	6000
PASS	quadratic	sign-3-2--2--3	LT	1060
PASS	quadratic	inverse-3-2--2--3	EQ	6319
PASS	quadratic	root-3-2--2--2	EQ	5210
PASS	quadratic	sign-3-2--2--2	LT	1120
PASS	quadratic	inverse-3-2--2--2	EQ	5409
PASS	quadratic	root-3-2--2--1	EQ	5880
PASS	quadratic	sign-3-2--2--1	LT	1109
PASS	quadratic	inverse-3-2--2--1	EQ	5900
PASS	quadratic	root-3-2--2-0	EQ	1320
PASS	quadratic	sign-3-2--2-0	LT	510
PASS	quadratic	inverse-3-2--2-0	EQ	1200
PASS	quadratic	root-3-2--2-1	EQ	8740
PASS	quadratic	sign-3-2--2-1	LT	1909
PASS	quadratic	inverse-3-2--2-1	EQ	5850
PASS	quadratic	root-3-2--2-2	EQ	6449
PASS	quadratic	sign-3-2--2-2	GT	1400
PASS	quadratic	inverse-3-2--2-2	EQ	4970
PASS	quadratic	root-3-2--2-3	EQ	7499
PASS	quadratic	sign-3-2--2-3	GT	1790
PASS	quadratic	inverse-3-2--2-3	EQ	5779
PASS	quadratic	root-3-2--1--3	EQ	6030
PASS	quadratic	sign-3-2--1--3	LT	950
PASS	quadratic	inverse-3-2--1--3	EQ	6600
PASS	quadratic	root-3-2--1--2	EQ	5340
PASS	quadratic	sign-3-2--1--2	LT	1120
PASS	quadratic	inverse-3-2--1--2	EQ	8870
PASS	quadratic	root-3-2--1--1	EQ	6399
PASS	quadratic	sign-3-2--1--1	LT	1100
PASS	quadratic	inverse-3-2--1--1	EQ	5699
PASS	quadratic	root-3-2--1-0	EQ	1220
PASS	quadratic	sign-3-2--1-0	LT	480
PASS	quadratic	inverse-3-2--1-0	EQ	1260
PASS	quadratic	root-3-2--1-1	EQ	7859
PASS	quadratic	sign-3-2--1-1	GT	1870
PASS	quadratic	inverse-3-2--1-1	EQ	5339
PASS	quadratic	root-3-2--1-2	EQ	6190
PASS	quadratic	sign-3-2--1-2	GT	1410
PASS	quadratic	inverse-3-2--1-2	EQ	5399
PASS	quadratic	root-3-2--1-3	EQ	7080
PASS	quadratic	sign-3-2--1-3	GT	1700
PASS	quadratic	inverse-3-2--1-3	EQ	5630
PASS	quadratic	root-3-2-0--3	EQ	1500
PASS	quadratic	sign-3-2-0--3	LT	719
PASS	quadratic	inverse-3-2-0--3	EQ	1870
PASS	quadratic	root-3-2-0--2	EQ	1470
PASS	quadratic	sign-3-2-0--2	LT	810
PASS	quadratic	inverse-3-2-0--2	EQ	1800
PASS	quadratic	root-3-2-0--1	EQ	1389
PASS	quadratic	sign-3-2-0--1	LT	690
PASS	quadratic	inverse-3-2-0--1	EQ	1590
PASS	quadratic	root-3-2-0-0	EQ	910
PASS	quadratic	sign-3-2-0-0	EQ	480
PASS	quadratic	root-3-2-0-1	EQ	1430
PASS	quadratic	sign-3-2-0-1	GT	660
PASS	quadratic	inverse-3-2-0-1	EQ	1710
PASS	quadratic	root-3-2-0-2	EQ	1380
PASS	quadratic	sign-3-2-0-2	GT	710
PASS	quadratic	inverse-3-2-0-2	EQ	1580
PASS	quadratic	root-3-2-0-3	EQ	1259
PASS	quadratic	sign-3-2-0-3	GT	660
PASS	quadratic	inverse-3-2-0-3	EQ	1740
PASS	quadratic	root-3-2-1--3	EQ	7999
PASS	quadratic	sign-3-2-1--3	LT	1760
PASS	quadratic	inverse-3-2-1--3	EQ	8179
PASS	quadratic	root-3-2-1--2	EQ	7210
PASS	quadratic	sign-3-2-1--2	LT	1740
PASS	quadratic	inverse-3-2-1--2	EQ	5499
PASS	quadratic	root-3-2-1--1	EQ	8779
PASS	quadratic	sign-3-2-1--1	LT	1980
PASS	quadratic	inverse-3-2-1--1	EQ	5490
PASS	quadratic	root-3-2-1-0	EQ	1119
PASS	quadratic	sign-3-2-1-0	GT	500
PASS	quadratic	inverse-3-2-1-0	EQ	1270
PASS	quadratic	root-3-2-1-1	EQ	4760
PASS	quadratic	sign-3-2-1-1	GT	990
PASS	quadratic	inverse-3-2-1-1	EQ	5660
PASS	quadratic	root-3-2-1-2	EQ	3920
PASS	quadratic	sign-3-2-1-2	GT	889
PASS	quadratic	inverse-3-2-1-2	EQ	5540
PASS	quadratic	root-3-2-1-3	EQ	4840
PASS	quadratic	sign-3-2-1-3	GT	1050
PASS	quadratic	inverse-3-2-1-3	EQ	5960
PASS	quadratic	root-3-2-2--3	EQ	8940
PASS	quadratic	sign-3-2-2--3	LT	1830
PASS	quadratic	inverse-3-2-2--3	EQ	5900
PASS	quadratic	root-3-2-2--2	EQ	7639
PASS	quadratic	sign-3-2-2--2	LT	1580
PASS	quadratic	inverse-3-2-2--2	EQ	5010
PASS	quadratic	root-3-2-2--1	EQ	5079
PASS	quadratic	sign-3-2-2--1	GT	1950
PASS	quadratic	inverse-3-2-2--1	EQ	5899
PASS	quadratic	root-3-2-2-0	EQ	1190
PASS	quadratic	sign-3-2-2-0	GT	510
PASS	quadratic	inverse-3-2-2-0	EQ	1210
PASS	quadratic	root-3-2-2-1	EQ	3920
PASS	quadratic	sign-3-2-2-1	GT	1040
PASS	quadratic	inverse-3-2-2-1	EQ	5590
PASS	quadratic	root-3-2-2-2	EQ	4119
PASS	quadratic	sign-3-2-2-2	GT	890
PASS	quadratic	inverse-3-2-2-2	EQ	5530
PASS	quadratic	root-3-2-2-3	EQ	4749
PASS	quadratic	sign-3-2-2-3	GT	950
PASS	quadratic	inverse-3-2-2-3	EQ	5870
PASS	quadratic	root-3-2-3--3	EQ	8349
PASS	quadratic	sign-3-2-3--3	LT	1680
PASS	quadratic	inverse-3-2-3--3	EQ	5349
PASS	quadratic	root-3-2-3--2	EQ	7180
PASS	quadratic	sign-3-2-3--2	LT	1739
PASS	quadratic	inverse-3-2-3--2	EQ	5200
PASS	quadratic	root-3-2-3--1	EQ	5189
PASS	quadratic	sign-3-2-3--1	GT	1990
PASS	quadratic	inverse-3-2-3--1	EQ	6050
PASS	quadratic	root-3-2-3-0	EQ	1119
PASS	quadratic	sign-3-2-3-0	GT	470
PASS	quadratic	inverse-3-2-3-0	EQ	1150
PASS	quadratic	root-3-2-3-1	EQ	3990
PASS	quadratic	sign-3-2-3-1	GT	1000
PASS	quadratic	inverse-3-2-3-1	EQ	5869
PASS	quadratic	root-3-2-3-2	EQ	4100
PASS	quadratic	sign-3-2-3-2	GT	920
PASS	quadratic	inverse-3-2-3-2	EQ	5290
PASS	quadratic	root-3-2-3-3	EQ	4500
PASS	quadratic	sign-3-2-3-3	GT	879
PASS	quadratic	inverse-3-2-3-3	EQ	5540
PASS	quadratic	root-5-1--3--3	EQ	6149
PASS	quadratic	sign-5-1--3--3	LT	1020
PASS	quadratic	inverse-5-1--3--3	EQ	10399
PASS	quadratic	root-5-1--3--2	EQ	6180
PASS	quadratic	sign-5-1--3--2	LT	1080
PASS	quadratic	inverse-5-1--3--2	EQ	5879
PASS	quadratic	root-5-1--3--1	EQ	8149
PASS	quadratic	sign-5-1--3--1	LT	1040
PASS	quadratic	inverse-5-1--3--1	EQ	5750
PASS	quadratic	root-5-1--3-0	EQ	1210
PASS	quadratic	sign-5-1--3-0	LT	470
PASS	quadratic	inverse-5-1--3-0	EQ	1130
PASS	quadratic	root-5-1--3-1	EQ	7660
PASS	quadratic	sign-5-1--3-1	LT	1450
PASS	quadratic	inverse-5-1--3-1	EQ	5510
PASS	quadratic	root-5-1--3-2	EQ	7629
PASS	quadratic	sign-5-1--3-2	GT	1630
PASS	quadratic	inverse-5-1--3-2	EQ	5560
PASS	quadratic	root-5-1--3-3	EQ	7500
PASS	quadratic	sign-5-1--3-3	GT	1800
PASS	quadratic	inverse-5-1--3-3	EQ	5409
PASS	quadratic	root-5-1--2--3	EQ	5450
PASS	quadratic	sign-5-1--2--3	LT	990
PASS	quadratic	inverse-5-1--2--3	EQ	11820
PASS	quadratic	root-5-1--2--2	EQ	7900
PASS	quadratic	sign-5-1--2--2	LT	1040
PASS	quadratic	inverse-5-1--2--2	EQ	5959
PASS	quadratic	root-5-1--2--1	EQ	5340
PASS	quadratic	sign-5-1--2--1	LT	1040
PASS	quadratic	inverse-5-1--2--1	EQ	4360
PASS	quadratic	root-5-1--2-0	EQ	1180
PASS	quadratic	sign-5-1--2-0	LT	470
PASS	quadratic	inverse-5-1--2-0	EQ	1180
PASS	quadratic	root-5-1--2-1	EQ	6329
PASS	quadratic	sign-5-1--2-1	GT	1440
PASS	quadratic	inverse-5-1--2-1	EQ	4180
PASS	quadratic	root-5-1--2-2	EQ	6560
PASS	quadratic	sign-5-1--2-2	GT	1540
PASS	quadratic	inverse-5-1--2-2	EQ	4919
PASS	quadratic	root-5-1--2-3	EQ	6930
PASS	quadratic	sign-5-1--2-3	GT	7759
PASS	quadratic	inverse-5-1--2-3	EQ	6309
PASS	quadratic	root-5-1--1--3	EQ	6020
PASS	quadratic	sign-5-1--1--3	LT	920
PASS	quadratic	inverse-5-1--1--3	EQ	11979
PASS	quadratic	root-5-1--1--2	EQ	5629
PASS	quadratic	sign-5-1--1--2	LT	1000
PASS	quadratic	inverse-5-1--1--2	EQ	5890
PASS	quadratic	root-5-1--1--1	EQ	4800
PASS	quadratic	sign-5-1--1--1	LT	990
PASS	quadratic	inverse-5-1--1--1	EQ	7099
PASS	quadratic	root-5-1--1-0	EQ	1220
PASS	quadratic	sign-5-1--1-0	LT	460
PASS	quadratic	inverse-5-1--1-0	EQ	1110
PASS	quadratic	root-5-1--1-1	EQ	6309
PASS	quadratic	sign-5-1--1-1	GT	1400
PASS	quadratic	inverse-5-1--1-1	EQ	4820
PASS	quadratic	root-5-1--1-2	EQ	6679
PASS	quadratic	sign-5-1--1-2	GT	1730
PASS	quadratic	inverse-5-1--1-2	EQ	5579
PASS	quadratic	root-5-1--1-3	EQ	7120
PASS	quadratic	sign-5-1--1-3	GT	1799
PASS	quadratic	inverse-5-1--1-3	EQ	5520
PASS	quadratic	root-5-1-0--3	EQ	1390
PASS	quadratic	sign-5-1-0--3	LT	680
PASS	quadratic	inverse-5-1-0--3	EQ	1929
PASS	quadratic	root-5-1-0--2	EQ	1210
PASS	quadratic	sign-5-1-0--2	LT	640
PASS	quadratic	inverse-5-1-0--2	EQ	1630
PASS	quadratic	root-5-1-0--1	EQ	1360
PASS	quadratic	sign-5-1-0--1	LT	740
PASS	quadratic	inverse-5-1-0--1	EQ	1930
PASS	quadratic	root-5-1-0-0	EQ	890
PASS	quadratic	sign-5-1-0-0	EQ	470
PASS	quadratic	root-5-1-0-1	EQ	1280
PASS	quadratic	sign-5-1-0-1	GT	690
PASS	quadratic	inverse-5-1-0-1	EQ	1720
PASS	quadratic	root-5-1-0-2	EQ	1160
PASS	quadratic	sign-5-1-0-2	GT	610
PASS	quadratic	inverse-5-1-0-2	EQ	1660
PASS	quadratic	root-5-1-0-3	EQ	1140
PASS	quadratic	sign-5-1-0-3	GT	600
PASS	quadratic	inverse-5-1-0-3	EQ	1620
PASS	quadratic	root-5-1-1--3	EQ	8469
PASS	quadratic	sign-5-1-1--3	LT	1780
PASS	quadratic	inverse-5-1-1--3	EQ	5710
PASS	quadratic	root-5-1-1--2	EQ	7679
PASS	quadratic	sign-5-1-1--2	LT	1710
PASS	quadratic	inverse-5-1-1--2	EQ	5129
PASS	quadratic	root-5-1-1--1	EQ	6580
PASS	quadratic	sign-5-1-1--1	LT	1460
PASS	quadratic	inverse-5-1-1--1	EQ	4110
PASS	quadratic	root-5-1-1-0	EQ	1040
PASS	quadratic	sign-5-1-1-0	GT	480
PASS	quadratic	inverse-5-1-1-0	EQ	1040
PASS	quadratic	root-5-1-1-1	EQ	3779
PASS	quadratic	sign-5-1-1-1	GT	840
PASS	quadratic	inverse-5-1-1-1	EQ	4480
PASS	quadratic	root-5-1-1-2	EQ	4029
PASS	quadratic	sign-5-1-1-2	GT	830
PASS	quadratic	inverse-5-1-1-2	EQ	5320
PASS	quadratic	root-5-1-1-3	EQ	4259
PASS	quadratic	sign-5-1-1-3	GT	900
PASS	quadratic	inverse-5-1-1-3	EQ	4950
PASS	quadratic	root-5-1-2--3	EQ	11199
PASS	quadratic	sign-5-1-2--3	LT	1840
PASS	quadratic	inverse-5-1-2--3	EQ	5550
PASS	quadratic	root-5-1-2--2	EQ	7639
PASS	quadratic	sign-5-1-2--2	LT	1920
PASS	quadratic	inverse-5-1-2--2	EQ	5160
PASS	quadratic	root-5-1-2--1	EQ	7189
PASS	quadratic	sign-5-1-2--1	LT	1690
PASS	quadratic	inverse-5-1-2--1	EQ	4359
PASS	quadratic	root-5-1-2-0	EQ	1060
PASS	quadratic	sign-5-1-2-0	GT	460
PASS	quadratic	inverse-5-1-2-0	EQ	1200
PASS	quadratic	root-5-1-2-1	EQ	3940
PASS	quadratic	sign-5-1-2-1	GT	859
PASS	quadratic	inverse-5-1-2-1	EQ	4360
PASS	quadratic	root-5-1-2-2	EQ	4150
PASS	quadratic	sign-5-1-2-2	GT	939
PASS	quadratic	inverse-5-1-2-2	EQ	5190
PASS	quadratic	root-5-1-2-3	EQ	4400
PASS	quadratic	sign-5-1-2-3	GT	940
PASS	quadratic	inverse-5-1-2-3	EQ	5370
PASS	quadratic	root-5-1-3--3	EQ	7679
PASS	quadratic	sign-5-1-3--3	LT	1920
PASS	quadratic	inverse-5-1-3--3	EQ	5400
PASS	quadratic	root-5-1-3--2	EQ	7640
PASS	quadratic	sign-5-1-3--2	LT	1820
PASS	quadratic	inverse-5-1-3--2	EQ	5349
PASS	quadratic	root-5-1-3--1	EQ	4570
PASS	quadratic	sign-5-1-3--1	GT	1700
PASS	quadratic	inverse-5-1-3--1	EQ	5490
PASS	quadratic	root-5-1-3-0	EQ	1050
PASS	quadratic	sign-5-1-3-0	GT	450
PASS	quadratic	inverse-5-1-3-0	EQ	1130
PASS	quadratic	root-5-1-3-1	EQ	3359
PASS	quadratic	sign-5-1-3-1	GT	820
PASS	quadratic	inverse-5-1-3-1	EQ	5050
PASS	quadratic	root-5-1-3-2	EQ	4349
PASS	quadratic	sign-5-1-3-2	GT	910
PASS	quadratic	inverse-5-1-3-2	EQ	5450
PASS	quadratic	root-5-1-3-3	EQ	4260
PASS	quadratic	sign-5-1-3-3	GT	910
PASS	quadratic	inverse-5-1-3-3	EQ	5430
PASS	quadratic	root-5-2--3--3	EQ	6180
PASS	quadratic	sign-5-2--3--3	LT	900
PASS	quadratic	inverse-5-2--3--3	EQ	5729
PASS	quadratic	root-5-2--3--2	EQ	5240
PASS	quadratic	sign-5-2--3--2	LT	1090
PASS	quadratic	inverse-5-2--3--2	EQ	5519
PASS	quadratic	root-5-2--3--1	EQ	6240
PASS	quadratic	sign-5-2--3--1	LT	1050
PASS	quadratic	inverse-5-2--3--1	EQ	5950
PASS	quadratic	root-5-2--3-0	EQ	1210
PASS	quadratic	sign-5-2--3-0	LT	450
PASS	quadratic	inverse-5-2--3-0	EQ	1160
PASS	quadratic	root-5-2--3-1	EQ	8400
PASS	quadratic	sign-5-2--3-1	LT	1729
PASS	quadratic	inverse-5-2--3-1	EQ	5330
PASS	quadratic	root-5-2--3-2	EQ	6329
PASS	quadratic	sign-5-2--3-2	GT	1480
PASS	quadratic	inverse-5-2--3-2	EQ	7410
PASS	quadratic	root-5-2--3-3	EQ	7000
PASS	quadratic	sign-5-2--3-3	GT	1610
PASS	quadratic	inverse-5-2--3-3	EQ	5269
PASS	quadratic	root-5-2--2--3	EQ	5980
PASS	quadratic	sign-5-2--2--3	LT	1090
PASS	quadratic	inverse-5-2--2--3	EQ	8970
PASS	quadratic	root-5-2--2--2	EQ	5379
PASS	quadratic	sign-5-2--2--2	LT	1120
PASS	quadratic	inverse-5-2--2--2	EQ	5460
PASS	quadratic	root-5-2--2--1	EQ	5549
PASS	quadratic	sign-5-2--2--1	LT	1140
PASS	quadratic	inverse-5-2--2--1	EQ	5179
PASS	quadratic	root-5-2--2-0	EQ	1340
PASS	quadratic	sign-5-2--2-0	LT	530
PASS	quadratic	inverse-5-2--2-0	EQ	1140
PASS	quadratic	root-5-2--2-1	EQ	7590
PASS	quadratic	sign-5-2--2-1	GT	1840
PASS	quadratic	inverse-5-2--2-1	EQ	5359
PASS	quadratic	root-5-2--2-2	EQ	6200
PASS	quadratic	sign-5-2--2-2	GT	1339
PASS	quadratic	inverse-5-2--2-2	EQ	4850
PASS	quadratic	root-5-2--2-3	EQ	7369
PASS	quadratic	sign-5-2--2-3	GT	1790
PASS	quadratic	inverse-5-2--2-3	EQ	5730
PASS	quadratic	root-5-2--1--3	EQ	5719
PASS	quadratic	sign-5-2--1--3	LT	930
PASS	quadratic	inverse-5-2--1--3	EQ	6149
PASS	quadratic	root-5-2--1--2	EQ	4880
PASS	quadratic	sign-5-2--1--2	LT	1070
PASS	quadratic	inverse-5-2--1--2	EQ	5489
PASS	quadratic	root-5-2--1--1	EQ	5740
PASS	quadratic	sign-5-2--1--1	LT	1040
PASS	quadratic	inverse-5-2--1--1	EQ	5520
PASS	quadratic	root-5-2--1-0	EQ	1170
PASS	quadratic	sign-5-2--1-0	LT	470
PASS	quadratic	inverse-5-2--1-0	EQ	1120
PASS	quadratic	root-5-2--1-1	EQ	7060
PASS	quadratic	sign-5-2--1-1	GT	1650
PASS	quadratic	inverse-5-2--1-1	EQ	5109
PASS	quadratic	root-5-2--1-2	EQ	5660
PASS	quadratic	sign-5-2--1-2	GT	1380
PASS	quadratic	inverse-5-2--1-2	EQ	4950
PASS	quadratic	root-5-2--1-3	EQ	6550
PASS	quadratic	sign-5-2--1-3	GT	1680
PASS	quadratic	inverse-5-2--1-3	EQ	7980
PASS	quadratic	root-5-2-0--3	EQ	1459
PASS	quadratic	sign-5-2-0--3	LT	720
PASS	quadratic	inverse-5-2-0--3	EQ	1860
PASS	quadratic	root-5-2-0--2	EQ	1520
PASS	quadratic	sign-5-2-0--2	LT	780
PASS	quadratic	inverse-5-2-0--2	EQ	1779
PASS	quadratic	root-5-2-0--1	EQ	1310
PASS	quadratic	sign-5-2-0--1	LT	700
PASS	quadratic	inverse-5-2-0--1	EQ	1630
PASS	quadratic	root-5-2-0-0	EQ	870
PASS	quadratic	sign-5-2-0-0	EQ	470
PASS	quadratic	root-5-2-0-1	EQ	1309
PASS	quadratic	sign-5-2-0-1	GT	670
PASS	quadratic	inverse-5-2-0-1	EQ	1740
PASS	quadratic	root-5-2-0-2	EQ	1330
PASS	quadratic	sign-5-2-0-2	GT	690
PASS	quadratic	inverse-5-2-0-2	EQ	1529
PASS	quadratic	root-5-2-0-3	EQ	1180
PASS	quadratic	sign-5-2-0-3	GT	640
PASS	quadratic	inverse-5-2-0-3	EQ	1660
PASS	quadratic	root-5-2-1--3	EQ	7469
PASS	quadratic	sign-5-2-1--3	LT	1720
PASS	quadratic	inverse-5-2-1--3	EQ	5390
PASS	quadratic	root-5-2-1--2	EQ	6400
PASS	quadratic	sign-5-2-1--2	LT	1680
PASS	quadratic	inverse-5-2-1--2	EQ	4949
PASS	quadratic	root-5-2-1--1	EQ	7900
PASS	quadratic	sign-5-2-1--1	LT	1899
PASS	quadratic	inverse-5-2-1--1	EQ	11520
PASS	quadratic	root-5-2-1-0	EQ	1420
PASS	quadratic	sign-5-2-1-0	GT	480
PASS	quadratic	inverse-5-2-1-0	EQ	1360
PASS	quadratic	root-5-2-1-1	EQ	5489
PASS	quadratic	sign-5-2-1-1	GT	950
PASS	quadratic	inverse-5-2-1-1	EQ	6240
PASS	quadratic	root-5-2-1-2	EQ	3899
PASS	quadratic	sign-5-2-1-2	GT	940
PASS	quadratic	inverse-5-2-1-2	EQ	5500
PASS	quadratic	root-5-2-1-3	EQ	4280
PASS	quadratic	sign-5-2-1-3	GT	880
PASS	quadratic	inverse-5-2-1-3	EQ	5560
PASS	quadratic	root-5-2-2--3	EQ	8150
PASS	quadratic	sign-5-2-2--3	LT	1720
PASS	quadratic	inverse-5-2-2--3	EQ	5480
PASS	quadratic	root-5-2-2--2	EQ	7339
PASS	quadratic	sign-5-2-2--2	LT	1570
PASS	quadratic	inverse-5-2-2--2	EQ	4630
PASS	quadratic	root-5-2-2--1	EQ	7669
PASS	quadratic	sign-5-2-2--1	LT	1870
PASS	quadratic	inverse-5-2-2--1	EQ	5080
PASS	quadratic	root-5-2-2-0	EQ	1130
PASS	quadratic	sign-5-2-2-0	GT	480
PASS	quadratic	inverse-5-2-2-0	EQ	1120
PASS	quadratic	root-5-2-2-1	EQ	4350
PASS	quadratic	sign-5-2-2-1	GT	1039
PASS	quadratic	inverse-5-2-2-1	EQ	5080
PASS	quadratic	root-5-2-2-2	EQ	3960
PASS	quadratic	sign-5-2-2-2	GT	860
PASS	quadratic	inverse-5-2-2-2	EQ	5030
PASS	quadratic	root-5-2-2-3	EQ	4490
PASS	quadratic	sign-5-2-2-3	GT	930
PASS	quadratic	inverse-5-2-2-3	EQ	5410
PASS	quadratic	root-5-2-3--3	EQ	7589
PASS	quadratic	sign-5-2-3--3	LT	1620
PASS	quadratic	inverse-5-2-3--3	EQ	5210
PASS	quadratic	root-5-2-3--2	EQ	7000
PASS	quadratic	sign-5-2-3--2	LT	1620
PASS	quadratic	inverse-5-2-3--2	EQ	4919
PASS	quadratic	root-5-2-3--1	EQ	4720
PASS	quadratic	sign-5-2-3--1	GT	1920
PASS	quadratic	inverse-5-2-3--1	EQ	5929
PASS	quadratic	root-5-2-3-0	EQ	1050
PASS	quadratic	sign-5-2-3-0	GT	460
PASS	quadratic	inverse-5-2-3-0	EQ	1110
PASS	quadratic	root-5-2-3-1	EQ	3760
PASS	quadratic	sign-5-2-3-1	GT	930
PASS	quadratic	inverse-5-2-3-1	EQ	5849
PASS	quadratic	root-5-2-3-2	EQ	4120
PASS	quadratic	sign-5-2-3-2	GT	890
PASS	quadratic	inverse-5-2-3-2	EQ	5229
PASS	quadratic	root-5-2-3-3	EQ	4350
PASS	quadratic	sign-5-2-3-3	GT	870
PASS	quadratic	inverse-5-2-3-3	EQ	5369
PASS	quadratic	root-7-1--3--3	EQ	8869
PASS	quadratic	sign-7-1--3--3	LT	1050
PASS	quadratic	inverse-7-1--3--3	EQ	9749
PASS	quadratic	root-7-1--3--2	EQ	6050
PASS	quadratic	sign-7-1--3--2	LT	1070
PASS	quadratic	inverse-7-1--3--2	EQ	5749
PASS	quadratic	root-7-1--3--1	EQ	5420
PASS	quadratic	sign-7-1--3--1	LT	990
PASS	quadratic	inverse-7-1--3--1	EQ	5280
PASS	quadratic	root-7-1--3-0	EQ	1130
PASS	quadratic	sign-7-1--3-0	LT	450
PASS	quadratic	inverse-7-1--3-0	EQ	1170
PASS	quadratic	root-7-1--3-1	EQ	7470
PASS	quadratic	sign-7-1--3-1	LT	1520
PASS	quadratic	inverse-7-1--3-1	EQ	5269
PASS	quadratic	root-7-1--3-2	EQ	7310
PASS	quadratic	sign-7-1--3-2	GT	1739
PASS	quadratic	inverse-7-1--3-2	EQ	5510
PASS	quadratic	root-7-1--3-3	EQ	9949
PASS	quadratic	sign-7-1--3-3	GT	1890
PASS	quadratic	inverse-7-1--3-3	EQ	5639
PASS	quadratic	root-7-1--2--3	EQ	5630
PASS	quadratic	sign-7-1--2--3	LT	950
PASS	quadratic	inverse-7-1--2--3	EQ	11649
PASS	quadratic	root-7-1--2--2	EQ	5639
PASS	quadratic	sign-7-1--2--2	LT	1040
PASS	quadratic	inverse-7-1--2--2	EQ	5600
PASS	quadratic	root-7-1--2--1	EQ	4869
PASS	quadratic	sign-7-1--2--1	LT	1000
PASS	quadratic	inverse-7-1--2--1	EQ	4820
PASS	quadratic	root-7-1--2-0	EQ	1190
PASS	quadratic	sign-7-1--2-0	LT	460
PASS	quadratic	inverse-7-1--2-0	EQ	1140
PASS	quadratic	root-7-1--2-1	EQ	6090
PASS	quadratic	sign-7-1--2-1	GT	1460
PASS	quadratic	inverse-7-1--2-1	EQ	4960
PASS	quadratic	root-7-1--2-2	EQ	6579
PASS	quadratic	sign-7-1--2-2	GT	1540
PASS	quadratic	inverse-7-1--2-2	EQ	5170
PASS	quadratic	root-7-1--2-3	EQ	6959
PASS	quadratic	sign-7-1--2-3	GT	1760
PASS	quadratic	inverse-7-1--2-3	EQ	5259
PASS	quadratic	root-7-1--1--3	EQ	7870
PASS	quadratic	sign-7-1--1--3	LT	920
PASS	quadratic	inverse-7-1--1--3	EQ	11050
PASS	quadratic	root-7-1--1--2	EQ	5419
PASS	quadratic	sign-7-1--1--2	LT	1000
PASS	quadratic	inverse-7-1--1--2	EQ	5749
PASS	quadratic	root-7-1--1--1	EQ	4580
PASS	quadratic	sign-7-1--1--1	LT	930
PASS	quadratic	inverse-7-1--1--1	EQ	4769
PASS	quadratic	root-7-1--1-0	EQ	1090
PASS	quadratic	sign-7-1--1-0	LT	510
PASS	quadratic	inverse-7-1--1-0	EQ	1030
PASS	quadratic	root-7-1--1-1	EQ	5769
PASS	quadratic	sign-7-1--1-1	GT	1320
PASS	quadratic	inverse-7-1--1-1	EQ	4500
PASS	quadratic	root-7-1--1-2	EQ	6519
PASS	quadratic	sign-7-1--1-2	GT	1570
PASS	quadratic	inverse-7-1--1-2	EQ	5140
PASS	quadratic	root-7-1--1-3	EQ	6850
PASS	quadratic	sign-7-1--1-3	GT	1710
PASS	quadratic	inverse-7-1--1-3	EQ	5259
PASS	quadratic	root-7-1-0--3	EQ	1370
PASS	quadratic	sign-7-1-0--3	LT	660
PASS	quadratic	inverse-7-1-0--3	EQ	1790
PASS	quadratic	root-7-1-0--2	EQ	1260
PASS	quadratic	sign-7-1-0--2	LT	650
PASS	quadratic	inverse-7-1-0--2	EQ	1420
PASS	quadratic	root-7-1-0--1	EQ	1340
PASS	quadratic	sign-7-1-0--1	LT	710
PASS	quadratic	inverse-7-1-0--1	EQ	1800
PASS	quadratic	root-7-1-0-0	EQ	890
PASS	quadratic	sign-7-1-0-0	EQ	460
PASS	quadratic	root-7-1-0-1	EQ	1210
PASS	quadratic	sign-7-1-0-1	GT	680
PASS	quadratic	inverse-7-1-0-1	EQ	1650
PASS	quadratic	root-7-1-0-2	EQ	1200
PASS	quadratic	sign-7-1-0-2	GT	610
PASS	quadratic	inverse-7-1-0-2	EQ	1550
PASS	quadratic	root-7-1-0-3	EQ	1170
PASS	quadratic	sign-7-1-0-3	GT	600
PASS	quadratic	inverse-7-1-0-3	EQ	1570
PASS	quadratic	root-7-1-1--3	EQ	10659
PASS	quadratic	sign-7-1-1--3	LT	1740
PASS	quadratic	inverse-7-1-1--3	EQ	5520
PASS	quadratic	root-7-1-1--2	EQ	7669
PASS	quadratic	sign-7-1-1--2	LT	1730
PASS	quadratic	inverse-7-1-1--2	EQ	5100
PASS	quadratic	root-7-1-1--1	EQ	6529
PASS	quadratic	sign-7-1-1--1	LT	1510
PASS	quadratic	inverse-7-1-1--1	EQ	4240
PASS	quadratic	root-7-1-1-0	EQ	1070
PASS	quadratic	sign-7-1-1-0	GT	460
PASS	quadratic	inverse-7-1-1-0	EQ	1070
PASS	quadratic	root-7-1-1-1	EQ	3930
PASS	quadratic	sign-7-1-1-1	GT	880
PASS	quadratic	inverse-7-1-1-1	EQ	4590
PASS	quadratic	root-7-1-1-2	EQ	4090
PASS	quadratic	sign-7-1-1-2	GT	920
PASS	quadratic	inverse-7-1-1-2	EQ	5280
PASS	quadratic	root-7-1-1-3	EQ	4619
PASS	quadratic	sign-7-1-1-3	GT	910
PASS	quadratic	inverse-7-1-1-3	EQ	5490
PASS	quadratic	root-7-1-2--3	EQ	8139
PASS	quadratic	sign-7-1-2--3	LT	1840
PASS	quadratic	inverse-7-1-2--3	EQ	5579
PASS	quadratic	root-7-1-2--2	EQ	7490
PASS	quadratic	sign-7-1-2--2	LT	1850
PASS	quadratic	inverse-7-1-2--2	EQ	5160
PASS	quadratic	root-7-1-2--1	EQ	6760
PASS	quadratic	sign-7-1-2--1	LT	1670
PASS	quadratic	inverse-7-1-2--1	EQ	4650
PASS	quadratic	root-7-1-2-0	EQ	1040
PASS	quadratic	sign-7-1-2-0	GT	450
PASS	quadratic	inverse-7-1-2-0	EQ	1150
PASS	quadratic	root-7-1-2-1	EQ	3830
PASS	quadratic	sign-7-1-2-1	GT	810
PASS	quadratic	inverse-7-1-2-1	EQ	4699
PASS	quadratic	root-7-1-2-2	EQ	3930
PASS	quadratic	sign-7-1-2-2	GT	870
PASS	quadratic	inverse-7-1-2-2	EQ	5159
PASS	quadratic	root-7-1-2-3	EQ	4290
PASS	quadratic	sign-7-1-2-3	GT	910
PASS	quadratic	inverse-7-1-2-3	EQ	5099
PASS	quadratic	root-7-1-3--3	EQ	7610
PASS	quadratic	sign-7-1-3--3	LT	1859
PASS	quadratic	inverse-7-1-3--3	EQ	5360
PASS	quadratic	root-7-1-3--2	EQ	7319
PASS	quadratic	sign-7-1-3--2	LT	1840
PASS	quadratic	inverse-7-1-3--2	EQ	4990
PASS	quadratic	root-7-1-3--1	EQ	4429
PASS	quadratic	sign-7-1-3--1	GT	1640
PASS	quadratic	inverse-7-1-3--1	EQ	5280
PASS	quadratic	root-7-1-3-0	EQ	1000
PASS	quadratic	sign-7-1-3-0	GT	450
PASS	quadratic	inverse-7-1-3-0	EQ	1080
PASS	quadratic	root-7-1-3-1	EQ	3230
PASS	quadratic	sign-7-1-3-1	GT	830
PASS	quadratic	inverse-7-1-3-1	EQ	10599
PASS	quadratic	root-7-1-3-2	EQ	4489
PASS	quadratic	sign-7-1-3-2	GT	900
PASS	quadratic	inverse-7-1-3-2	EQ	5450
PASS	quadratic	root-7-1-3-3	EQ	4200
PASS	quadratic	sign-7-1-3-3	GT	910
PASS	quadratic	inverse-7-1-3-3	EQ	5160
PASS	quadratic	root-7-2--3--3	EQ	6040
PASS	quadratic	sign-7-2--3--3	LT	900
PASS	quadratic	inverse-7-2--3--3	EQ	6019
PASS	quadratic	root-7-2--3--2	EQ	5270
PASS	quadratic	sign-7-2--3--2	LT	1080
PASS	quadratic	inverse-7-2--3--2	EQ	5409
PASS	quadratic	root-7-2--3--1	EQ	6170
PASS	quadratic	sign-7-2--3--1	LT	1030
PASS	quadratic	inverse-7-2--3--1	EQ	6130
PASS	quadratic	root-7-2--3-0	EQ	1160
PASS	quadratic	sign-7-2--3-0	LT	460
PASS	quadratic	inverse-7-2--3-0	EQ	1140
PASS	quadratic	root-7-2--3-1	EQ	8710
PASS	quadratic	sign-7-2--3-1	LT	1769
PASS	quadratic	inverse-7-2--3-1	EQ	8770
PASS	quadratic	root-7-2--3-2	EQ	6489
PASS	quadratic	sign-7-2--3-2	GT	1460
PASS	quadratic	inverse-7-2--3-2	EQ	5219
PASS	quadratic	root-7-2--3-3	EQ	7150
PASS	quadratic	sign-7-2--3-3	GT	1690
PASS	quadratic	inverse-7-2--3-3	EQ	5349
PASS	quadratic	root-7-2--2--3	EQ	5670
PASS	quadratic	sign-7-2--2--3	LT	1039
PASS	quadratic	inverse-7-2--2--3	EQ	6200
PASS	quadratic	root-7-2--2--2	EQ	5099
PASS	quadratic	sign-7-2--2--2	LT	1070
PASS	quadratic	inverse-7-2--2--2	EQ	5330
PASS	quadratic	root-7-2--2--1	EQ	5209
PASS	quadratic	sign-7-2--2--1	LT	1100
PASS	quadratic	inverse-7-2--2--1	EQ	5640
PASS	quadratic	root-7-2--2-0	EQ	1209
PASS	quadratic	sign-7-2--2-0	LT	490
PASS	quadratic	inverse-7-2--2-0	EQ	1180
PASS	quadratic	root-7-2--2-1	EQ	6890
PASS	quadratic	sign-7-2--2-1	GT	1720
PASS	quadratic	inverse-7-2--2-1	EQ	5610
PASS	quadratic	root-7-2--2-2	EQ	6039
PASS	quadratic	sign-7-2--2-2	GT	1390
PASS	quadratic	inverse-7-2--2-2	EQ	4900
PASS	quadratic	root-7-2--2-3	EQ	6969
PASS	quadratic	sign-7-2--2-3	GT	1800
PASS	quadratic	inverse-7-2--2-3	EQ	5359
PASS	quadratic	root-7-2--1--3	EQ	5530
PASS	quadratic	sign-7-2--1--3	LT	930
PASS	quadratic	inverse-7-2--1--3	EQ	11919
PASS	quadratic	root-7-2--1--2	EQ	5119
PASS	quadratic	sign-7-2--1--2	LT	1050
PASS	quadratic	inverse-7-2--1--2	EQ	5610
PASS	quadratic	root-7-2--1--1	EQ	5740
PASS	quadratic	sign-7-2--1--1	LT	1040
PASS	quadratic	inverse-7-2--1--1	EQ	5639
PASS	quadratic	root-7-2--1-0	EQ	1180
PASS	quadratic	sign-7-2--1-0	LT	470
PASS	quadratic	inverse-7-2--1-0	EQ	1130
PASS	quadratic	root-7-2--1-1	EQ	7199
PASS	quadratic	sign-7-2--1-1	GT	1670
PASS	quadratic	inverse-7-2--1-1	EQ	7909
PASS	quadratic	root-7-2--1-2	EQ	5730
PASS	quadratic	sign-7-2--1-2	GT	1380
PASS	quadratic	inverse-7-2--1-2	EQ	4959
PASS	quadratic	root-7-2--1-3	EQ	6750
PASS	quadratic	sign-7-2--1-3	GT	1669
PASS	quadratic	inverse-7-2--1-3	EQ	5400
PASS	quadratic	root-7-2-0--3	EQ	1439
PASS	quadratic	sign-7-2-0--3	LT	700
PASS	quadratic	inverse-7-2-0--3	EQ	1770
PASS	quadratic	root-7-2-0--2	EQ	1470
PASS	quadratic	sign-7-2-0--2	LT	760
PASS	quadratic	inverse-7-2-0--2	EQ	1720
PASS	quadratic	root-7-2-0--1	EQ	1280
PASS	quadratic	sign-7-2-0--1	LT	640
PASS	quadratic	inverse-7-2-0--1	EQ	1550
PASS	quadratic	root-7-2-0-0	EQ	850
PASS	quadratic	sign-7-2-0-0	EQ	430
PASS	quadratic	root-7-2-0-1	EQ	1279
PASS	quadratic	sign-7-2-0-1	GT	680
PASS	quadratic	inverse-7-2-0-1	EQ	1780
PASS	quadratic	root-7-2-0-2	EQ	1290
PASS	quadratic	sign-7-2-0-2	GT	710
PASS	quadratic	inverse-7-2-0-2	EQ	1560
PASS	quadratic	root-7-2-0-3	EQ	1190
PASS	quadratic	sign-7-2-0-3	GT	620
PASS	quadratic	inverse-7-2-0-3	EQ	1680
PASS	quadratic	root-7-2-1--3	EQ	7879
PASS	quadratic	sign-7-2-1--3	LT	1720
PASS	quadratic	inverse-7-2-1--3	EQ	5490
PASS	quadratic	root-7-2-1--2	EQ	6389
PASS	quadratic	sign-7-2-1--2	LT	1630
PASS	quadratic	inverse-7-2-1--2	EQ	4859
PASS	quadratic	root-7-2-1--1	EQ	8060
PASS	quadratic	sign-7-2-1--1	LT	1899
PASS	quadratic	inverse-7-2-1--1	EQ	5420
PASS	quadratic	root-7-2-1-0	EQ	1090
PASS	quadratic	sign-7-2-1-0	GT	500
PASS	quadratic	inverse-7-2-1-0	EQ	1190
PASS	quadratic	root-7-2-1-1	EQ	4480
PASS	quadratic	sign-7-2-1-1	GT	980
PASS	quadratic	inverse-7-2-1-1	EQ	5589
PASS	quadratic	root-7-2-1-2	EQ	3580
PASS	quadratic	sign-7-2-1-2	GT	880
PASS	quadratic	inverse-7-2-1-2	EQ	5189
PASS	quadratic	root-7-2-1-3	EQ	4400
PASS	quadratic	sign-7-2-1-3	GT	900
PASS	quadratic	inverse-7-2-1-3	EQ	5409
PASS	quadratic	root-7-2-2--3	EQ	7930
PASS	quadratic	sign-7-2-2--3	LT	1729
PASS	quadratic	inverse-7-2-2--3	EQ	5350
PASS	quadratic	root-7-2-2--2	EQ	6999
PASS	quadratic	sign-7-2-2--2	LT	1530
PASS	quadratic	inverse-7-2-2--2	EQ	4650
PASS	quadratic	root-7-2-2--1	EQ	7429
PASS	quadratic	sign-7-2-2--1	LT	1830
PASS	quadratic	inverse-7-2-2--1	EQ	5449
PASS	quadratic	root-7-2-2-0	EQ	1150
PASS	quadratic	sign-7-2-2-0	GT	490
PASS	quadratic	inverse-7-2-2-0	EQ	1110
PASS	quadratic	root-7-2-2-1	EQ	4220
PASS	quadratic	sign-7-2-2-1	GT	970
PASS	quadratic	inverse-7-2-2-1	EQ	5690
PASS	quadratic	root-7-2-2-2	EQ	3879
PASS	quadratic	sign-7-2-2-2	GT	880
PASS	quadratic	inverse-7-2-2-2	EQ	5450
PASS	quadratic	root-7-2-2-3	EQ	4739
PASS	quadratic	sign-7-2-2-3	GT	1000
PASS	quadratic	inverse-7-2-2-3	EQ	8270
PASS	quadratic	root-7-2-3--3	EQ	8370
PASS	quadratic	sign-7-2-3--3	LT	1850
PASS	quadratic	inverse-7-2-3--3	EQ	5290
PASS	quadratic	root-7-2-3--2	EQ	7289
PASS	quadratic	sign-7-2-3--2	LT	1750
PASS	quadratic	inverse-7-2-3--2	EQ	5070
PASS	quadratic	root-7-2-3--1	EQ	5159
PASS	quadratic	sign-7-2-3--1	GT	2010
PASS	quadratic	inverse-7-2-3--1	EQ	6260
PASS	quadratic	root-7-2-3-0	EQ	1100
PASS	quadratic	sign-7-2-3-0	GT	490
PASS	quadratic	inverse-7-2-3-0	EQ	1110
PASS	quadratic	root-7-2-3-1	EQ	3820
PASS	quadratic	sign-7-2-3-1	GT	939
PASS	quadratic	inverse-7-2-3-1	EQ	5700
PASS	quadratic	root-7-2-3-2	EQ	4020
PASS	quadratic	sign-7-2-3-2	GT	910
PASS	quadratic	inverse-7-2-3-2	EQ	5290
PASS	quadratic	root-7-2-3-3	EQ	4540
PASS	quadratic	sign-7-2-3-3	GT	860
PASS	quadratic	inverse-7-2-3-3	EQ	5430
PASS	tower-1	expanded--3--1	EQ	5419
PASS	tower-1	inverse--3--1	EQ	5830
PASS	tower-1	expanded--3-1	EQ	7399
PASS	tower-1	inverse--3-1	EQ	5500
PASS	tower-1	expanded--2--1	EQ	4789
PASS	tower-1	inverse--2--1	EQ	5000
PASS	tower-1	expanded--2-1	EQ	7009
PASS	tower-1	inverse--2-1	EQ	5120
PASS	tower-1	expanded--1--1	EQ	4989
PASS	tower-1	inverse--1--1	EQ	4410
PASS	tower-1	expanded--1-1	EQ	5889
PASS	tower-1	inverse--1-1	EQ	7770
PASS	tower-1	expanded-0--1	EQ	2639
PASS	tower-1	inverse-0--1	EQ	4150
PASS	tower-1	expanded-0-1	EQ	2270
PASS	tower-1	inverse-0-1	EQ	3380
PASS	tower-1	expanded-1--1	EQ	10249
PASS	tower-1	inverse-1--1	EQ	4730
PASS	tower-1	expanded-1-1	EQ	4189
PASS	tower-1	inverse-1-1	EQ	4150
PASS	tower-1	expanded-2--1	EQ	6140
PASS	tower-1	inverse-2--1	EQ	9630
PASS	tower-1	expanded-2-1	EQ	6269
PASS	tower-1	inverse-2-1	EQ	8439
PASS	tower-1	expanded-3--1	EQ	5260
PASS	tower-1	inverse-3--1	EQ	9659
PASS	tower-1	expanded-3-1	EQ	7289
PASS	tower-1	inverse-3-1	EQ	6759
PASS	tower-2	expanded--3--1	EQ	48277
PASS	tower-2	inverse--3--1	EQ	36588
PASS	tower-2	expanded--3-1	EQ	26918
PASS	tower-2	inverse--3-1	EQ	32088
PASS	tower-2	expanded--2--1	EQ	23239
PASS	tower-2	inverse--2--1	EQ	24258
PASS	tower-2	expanded--2-1	EQ	24568
PASS	tower-2	inverse--2-1	EQ	25728
PASS	tower-2	expanded--1--1	EQ	22758
PASS	tower-2	inverse--1--1	EQ	24829
PASS	tower-2	expanded--1-1	EQ	23789
PASS	tower-2	inverse--1-1	EQ	24368
PASS	tower-2	expanded-0--1	EQ	5059
PASS	tower-2	inverse-0--1	EQ	17979
PASS	tower-2	expanded-0-1	EQ	4670
PASS	tower-2	inverse-0-1	EQ	17128
PASS	tower-2	expanded-1--1	EQ	24189
PASS	tower-2	inverse-1--1	EQ	24279
PASS	tower-2	expanded-1-1	EQ	21588
PASS	tower-2	inverse-1-1	EQ	23268
PASS	tower-2	expanded-2--1	EQ	23599
PASS	tower-2	inverse-2--1	EQ	24599
PASS	tower-2	expanded-2-1	EQ	20798
PASS	tower-2	inverse-2-1	EQ	22678
PASS	tower-2	expanded-3--1	EQ	23969
PASS	tower-2	inverse-3--1	EQ	28198
PASS	tower-2	expanded-3-1	EQ	21829
PASS	tower-2	inverse-3-1	EQ	26648
PASS	tower-3	expanded--3--1	EQ	42617
PASS	tower-3	inverse--3--1	EQ	74285
PASS	tower-3	expanded--3-1	EQ	38188
PASS	tower-3	inverse--3-1	EQ	73675
PASS	tower-3	expanded--2--1	EQ	44627
PASS	tower-3	inverse--2--1	EQ	58546
PASS	tower-3	expanded--2-1	EQ	36397
PASS	tower-3	inverse--2-1	EQ	56266
PASS	tower-3	expanded--1--1	EQ	35378
PASS	tower-3	inverse--1--1	EQ	56736
PASS	tower-3	expanded--1-1	EQ	43637
PASS	tower-3	inverse--1-1	EQ	87834
PASS	tower-3	expanded-0--1	EQ	12979
PASS	tower-3	inverse-0--1	EQ	57606
PASS	tower-3	expanded-0-1	EQ	11469
PASS	tower-3	inverse-0-1	EQ	61665
PASS	tower-3	expanded-1--1	EQ	43487
PASS	tower-3	inverse-1--1	EQ	58306
PASS	tower-3	expanded-1-1	EQ	35627
PASS	tower-3	inverse-1-1	EQ	56856
PASS	tower-3	expanded-2--1	EQ	37507
PASS	tower-3	inverse-2--1	EQ	55746
PASS	tower-3	expanded-2-1	EQ	34718
PASS	tower-3	inverse-2-1	EQ	54486
PASS	tower-3	expanded-3--1	EQ	48007
PASS	tower-3	inverse-3--1	EQ	69965
PASS	tower-3	expanded-3-1	EQ	35378
PASS	tower-3	inverse-3-1	EQ	68035
PASS	tower-4	expanded--3--1	EQ	63725
UNKNOWN	tower-4	inverse--3--1	UNKNOWN	137351
PASS	tower-4	expanded--3-1	EQ	67815
UNKNOWN	tower-4	inverse--3-1	UNKNOWN	123391
PASS	tower-4	expanded--2--1	EQ	62366
UNKNOWN	tower-4	inverse--2--1	UNKNOWN	121411
PASS	tower-4	expanded--2-1	EQ	64736
UNKNOWN	tower-4	inverse--2-1	UNKNOWN	130542
PASS	tower-4	expanded--1--1	EQ	63536
UNKNOWN	tower-4	inverse--1--1	UNKNOWN	159129
PASS	tower-4	expanded--1-1	EQ	66586
UNKNOWN	tower-4	inverse--1-1	UNKNOWN	122821
PASS	tower-4	expanded-0--1	EQ	10219
UNKNOWN	tower-4	inverse-0--1	UNKNOWN	111733
PASS	tower-4	expanded-0-1	EQ	9820
UNKNOWN	tower-4	inverse-0-1	UNKNOWN	108702
PASS	tower-4	expanded-1--1	EQ	63336
UNKNOWN	tower-4	inverse-1--1	UNKNOWN	120622
PASS	tower-4	expanded-1-1	EQ	61506
UNKNOWN	tower-4	inverse-1-1	UNKNOWN	128221
PASS	tower-4	expanded-2--1	EQ	66736
UNKNOWN	tower-4	inverse-2--1	UNKNOWN	125231
PASS	tower-4	expanded-2-1	EQ	63275
UNKNOWN	tower-4	inverse-2-1	UNKNOWN	120472
PASS	tower-4	expanded-3--1	EQ	67265
UNKNOWN	tower-4	inverse-3--1	UNKNOWN	119562
PASS	tower-4	expanded-3-1	EQ	67305
UNKNOWN	tower-4	inverse-3-1	UNKNOWN	119422
PASS	tower-5	expanded--3--1	EQ	132011
UNKNOWN	tower-5	inverse--3--1	UNKNOWN	166739
PASS	tower-5	expanded--3-1	EQ	133521
UNKNOWN	tower-5	inverse--3-1	UNKNOWN	157389
PASS	tower-5	expanded--2--1	EQ	124931
UNKNOWN	tower-5	inverse--2--1	UNKNOWN	156609
PASS	tower-5	expanded--2-1	EQ	132791
UNKNOWN	tower-5	inverse--2-1	UNKNOWN	171958
PASS	tower-5	expanded--1--1	EQ	107062
UNKNOWN	tower-5	inverse--1--1	UNKNOWN	161139
PASS	tower-5	expanded--1-1	EQ	104463
UNKNOWN	tower-5	inverse--1-1	UNKNOWN	155319
PASS	tower-5	expanded-0--1	EQ	13459
UNKNOWN	tower-5	inverse-0--1	UNKNOWN	145150
PASS	tower-5	expanded-0-1	EQ	12699
UNKNOWN	tower-5	inverse-0-1	UNKNOWN	142190
PASS	tower-5	expanded-1--1	EQ	110622
UNKNOWN	tower-5	inverse-1--1	UNKNOWN	156709
PASS	tower-5	expanded-1-1	EQ	102283
UNKNOWN	tower-5	inverse-1-1	UNKNOWN	159190
PASS	tower-5	expanded-2--1	EQ	134921
UNKNOWN	tower-5	inverse-2--1	UNKNOWN	160969
PASS	tower-5	expanded-2-1	EQ	123941
UNKNOWN	tower-5	inverse-2-1	UNKNOWN	162369
PASS	tower-5	expanded-3--1	EQ	132751
UNKNOWN	tower-5	inverse-3--1	UNKNOWN	157049
PASS	tower-5	expanded-3-1	EQ	127901
UNKNOWN	tower-5	inverse-3-1	UNKNOWN	157039
PASS	independent	surd-2-3--1--1	EQ	15629
PASS	independent	surd-2-3--1-1	EQ	8369
PASS	independent	surd-2-3-1--1	EQ	13819
PASS	independent	surd-2-3-1-1	EQ	4380
PASS	independent	surd-2-5--1--1	EQ	12790
PASS	independent	surd-2-5--1-1	EQ	6480
PASS	independent	surd-2-5-1--1	EQ	13219
PASS	independent	surd-2-5-1-1	EQ	3780
PASS	independent	surd-3-7--1--1	EQ	11770
PASS	independent	surd-3-7--1-1	EQ	6190
PASS	independent	surd-3-7-1--1	EQ	12939
PASS	independent	surd-3-7-1-1	EQ	3730
PASS	independent	surd-5-7--1--1	EQ	11709
PASS	independent	surd-5-7--1-1	EQ	6029
PASS	independent	surd-5-7-1--1	EQ	13399
PASS	independent	surd-5-7-1-1	EQ	3830
SUMMARY	1296	28	0	1324
