PASS	quadratic	root-2-1--3--3	EQ	158949
PASS	quadratic	sign-2-1--3--3	LT	12769
PASS	quadratic	inverse-2-1--3--3	EQ	78865
PASS	quadratic	root-2-1--3--2	EQ	61616
PASS	quadratic	sign-2-1--3--2	LT	9989
PASS	quadratic	inverse-2-1--3--2	EQ	54176
PASS	quadratic	root-2-1--3--1	EQ	45767
PASS	quadratic	sign-2-1--3--1	LT	8520
PASS	quadratic	inverse-2-1--3--1	EQ	50176
PASS	quadratic	root-2-1--3-0	EQ	12049
PASS	quadratic	sign-2-1--3-0	LT	4090
PASS	quadratic	inverse-2-1--3-0	EQ	9980
PASS	quadratic	root-2-1--3-1	EQ	69605
PASS	quadratic	sign-2-1--3-1	LT	12420
PASS	quadratic	inverse-2-1--3-1	EQ	41938
PASS	quadratic	root-2-1--3-2	EQ	80395
PASS	quadratic	sign-2-1--3-2	LT	15579
PASS	quadratic	inverse-2-1--3-2	EQ	40167
PASS	quadratic	root-2-1--3-3	EQ	69965
PASS	quadratic	sign-2-1--3-3	GT	16619
PASS	quadratic	inverse-2-1--3-3	EQ	42878
PASS	quadratic	root-2-1--2--3	EQ	72975
PASS	quadratic	sign-2-1--2--3	LT	13739
PASS	quadratic	inverse-2-1--2--3	EQ	77804
PASS	quadratic	root-2-1--2--2	EQ	56596
PASS	quadratic	sign-2-1--2--2	LT	9429
PASS	quadratic	inverse-2-1--2--2	EQ	56886
PASS	quadratic	root-2-1--2--1	EQ	44927
PASS	quadratic	sign-2-1--2--1	LT	8189
PASS	quadratic	inverse-2-1--2--1	EQ	48337
PASS	quadratic	root-2-1--2-0	EQ	12119
PASS	quadratic	sign-2-1--2-0	LT	3930
PASS	quadratic	inverse-2-1--2-0	EQ	9719
PASS	quadratic	root-2-1--2-1	EQ	57346
PASS	quadratic	sign-2-1--2-1	LT	11839
PASS	quadratic	inverse-2-1--2-1	EQ	39497
PASS	quadratic	root-2-1--2-2	EQ	72865
PASS	quadratic	sign-2-1--2-2	GT	15509
PASS	quadratic	inverse-2-1--2-2	EQ	39917
PASS	quadratic	root-2-1--2-3	EQ	66856
PASS	quadratic	sign-2-1--2-3	GT	16089
PASS	quadratic	inverse-2-1--2-3	EQ	42567
PASS	quadratic	root-2-1--1--3	EQ	48666
PASS	quadratic	sign-2-1--1--3	LT	8160
PASS	quadratic	inverse-2-1--1--3	EQ	54407
PASS	quadratic	root-2-1--1--2	EQ	76195
PASS	quadratic	sign-2-1--1--2	LT	17338
PASS	quadratic	inverse-2-1--1--2	EQ	75135
PASS	quadratic	root-2-1--1--1	EQ	61906
PASS	quadratic	sign-2-1--1--1	LT	13299
PASS	quadratic	inverse-2-1--1--1	EQ	48946
PASS	quadratic	root-2-1--1-0	EQ	18569
PASS	quadratic	sign-2-1--1-0	LT	6930
PASS	quadratic	inverse-2-1--1-0	EQ	15399
PASS	quadratic	root-2-1--1-1	EQ	87464
PASS	quadratic	sign-2-1--1-1	GT	19668
PASS	quadratic	inverse-2-1--1-1	EQ	49447
PASS	quadratic	root-2-1--1-2	EQ	108433
PASS	quadratic	sign-2-1--1-2	GT	25499
PASS	quadratic	inverse-2-1--1-2	EQ	79345
PASS	quadratic	root-2-1--1-3	EQ	110663
PASS	quadratic	sign-2-1--1-3	GT	27048
PASS	quadratic	inverse-2-1--1-3	EQ	73625
PASS	quadratic	root-2-1-0--3	EQ	22088
PASS	quadratic	sign-2-1-0--3	LT	9529
PASS	quadratic	inverse-2-1-0--3	EQ	22138
PASS	quadratic	root-2-1-0--2	EQ	19809
PASS	quadratic	sign-2-1-0--2	LT	9130
PASS	quadratic	inverse-2-1-0--2	EQ	20128
PASS	quadratic	root-2-1-0--1	EQ	19449
PASS	quadratic	sign-2-1-0--1	LT	10190
PASS	quadratic	inverse-2-1-0--1	EQ	22799
PASS	quadratic	root-2-1-0-0	EQ	14369
PASS	quadratic	sign-2-1-0-0	EQ	6830
PASS	quadratic	root-2-1-0-1	EQ	18938
PASS	quadratic	sign-2-1-0-1	GT	9649
PASS	quadratic	inverse-2-1-0-1	EQ	21589
PASS	quadratic	root-2-1-0-2	EQ	19049
PASS	quadratic	sign-2-1-0-2	GT	9069
PASS	quadratic	inverse-2-1-0-2	EQ	21408
PASS	quadratic	root-2-1-0-3	EQ	18569
PASS	quadratic	sign-2-1-0-3	GT	9039
PASS	quadratic	inverse-2-1-0-3	EQ	28688
PASS	quadratic	root-2-1-1--3	EQ	107483
PASS	quadratic	sign-2-1-1--3	LT	25388
PASS	quadratic	inverse-2-1-1--3	EQ	69626
PASS	quadratic	root-2-1-1--2	EQ	105903
PASS	quadratic	sign-2-1-1--2	LT	26019
PASS	quadratic	inverse-2-1-1--2	EQ	70665
PASS	quadratic	root-2-1-1--1	EQ	87674
PASS	quadratic	sign-2-1-1--1	LT	19868
PASS	quadratic	inverse-2-1-1--1	EQ	47457
PASS	quadratic	root-2-1-1-0	EQ	17029
PASS	quadratic	sign-2-1-1-0	GT	7139
PASS	quadratic	inverse-2-1-1-0	EQ	15299
PASS	quadratic	root-2-1-1-1	EQ	49976
PASS	quadratic	sign-2-1-1-1	GT	11349
PASS	quadratic	inverse-2-1-1-1	EQ	47417
PASS	quadratic	root-2-1-1-2	EQ	81225
PASS	quadratic	sign-2-1-1-2	GT	14309
PASS	quadratic	inverse-2-1-1-2	EQ	69385
PASS	quadratic	root-2-1-1-3	EQ	90824
PASS	quadratic	sign-2-1-1-3	GT	15189
PASS	quadratic	inverse-2-1-1-3	EQ	68965
PASS	quadratic	root-2-1-2--3	EQ	105652
PASS	quadratic	sign-2-1-2--3	LT	26388
PASS	quadratic	inverse-2-1-2--3	EQ	74545
PASS	quadratic	root-2-1-2--2	EQ	107982
PASS	quadratic	sign-2-1-2--2	LT	19658
PASS	quadratic	inverse-2-1-2--2	EQ	42407
PASS	quadratic	root-2-1-2--1	EQ	37767
PASS	quadratic	sign-2-1-2--1	GT	13309
PASS	quadratic	inverse-2-1-2--1	EQ	38037
PASS	quadratic	root-2-1-2-0	EQ	10479
PASS	quadratic	sign-2-1-2-0	GT	3950
PASS	quadratic	inverse-2-1-2-0	EQ	9659
PASS	quadratic	root-2-1-2-1	EQ	26358
PASS	quadratic	sign-2-1-2-1	GT	6600
PASS	quadratic	inverse-2-1-2-1	EQ	39278
PASS	quadratic	root-2-1-2-2	EQ	51647
PASS	quadratic	sign-2-1-2-2	GT	8799
PASS	quadratic	inverse-2-1-2-2	EQ	41217
PASS	quadratic	root-2-1-2-3	EQ	51806
PASS	quadratic	sign-2-1-2-3	GT	8549
PASS	quadratic	inverse-2-1-2-3	EQ	52886
PASS	quadratic	root-2-1-3--3	EQ	64255
PASS	quadratic	sign-2-1-3--3	LT	15669
PASS	quadratic	inverse-2-1-3--3	EQ	41277
PASS	quadratic	root-2-1-3--2	EQ	70195
PASS	quadratic	sign-2-1-3--2	GT	17138
PASS	quadratic	inverse-2-1-3--2	EQ	39807
PASS	quadratic	root-2-1-3--1	EQ	37598
PASS	quadratic	sign-2-1-3--1	GT	13259
PASS	quadratic	inverse-2-1-3--1	EQ	40807
PASS	quadratic	root-2-1-3-0	EQ	10409
PASS	quadratic	sign-2-1-3-0	GT	3950
PASS	quadratic	inverse-2-1-3-0	EQ	9619
PASS	quadratic	root-2-1-3-1	EQ	27038
PASS	quadratic	sign-2-1-3-1	GT	6569
PASS	quadratic	inverse-2-1-3-1	EQ	38988
PASS	quadratic	root-2-1-3-2	EQ	53617
PASS	quadratic	sign-2-1-3-2	GT	8570
PASS	quadratic	inverse-2-1-3-2	EQ	43837
PASS	quadratic	root-2-1-3-3	EQ	52827
PASS	quadratic	sign-2-1-3-3	GT	8740
PASS	quadratic	inverse-2-1-3-3	EQ	42077
PASS	quadratic	root-2-2--3--3	EQ	54587
PASS	quadratic	sign-2-2--3--3	LT	8270
PASS	quadratic	inverse-2-2--3--3	EQ	44766
PASS	quadratic	root-2-2--3--2	EQ	44217
PASS	quadratic	sign-2-2--3--2	LT	9249
PASS	quadratic	inverse-2-2--3--2	EQ	40217
PASS	quadratic	root-2-2--3--1	EQ	70375
PASS	quadratic	sign-2-2--3--1	LT	10519
PASS	quadratic	inverse-2-2--3--1	EQ	51516
PASS	quadratic	root-2-2--3-0	EQ	12059
PASS	quadratic	sign-2-2--3-0	LT	4179
PASS	quadratic	inverse-2-2--3-0	EQ	9870
PASS	quadratic	root-2-2--3-1	EQ	68656
PASS	quadratic	sign-2-2--3-1	LT	16069
PASS	quadratic	inverse-2-2--3-1	EQ	46747
PASS	quadratic	root-2-2--3-2	EQ	58796
PASS	quadratic	sign-2-2--3-2	LT	13039
PASS	quadratic	inverse-2-2--3-2	EQ	42347
PASS	quadratic	root-2-2--3-3	EQ	69545
PASS	quadratic	sign-2-2--3-3	GT	15739
PASS	quadratic	inverse-2-2--3-3	EQ	40058
PASS	quadratic	root-2-2--2--3	EQ	51457
PASS	quadratic	sign-2-2--2--3	LT	8900
PASS	quadratic	inverse-2-2--2--3	EQ	45946
PASS	quadratic	root-2-2--2--2	EQ	40957
PASS	quadratic	sign-2-2--2--2	LT	8689
PASS	quadratic	inverse-2-2--2--2	EQ	36758
PASS	quadratic	root-2-2--2--1	EQ	50837
PASS	quadratic	sign-2-2--2--1	LT	10369
PASS	quadratic	inverse-2-2--2--1	EQ	46246
PASS	quadratic	root-2-2--2-0	EQ	12319
PASS	quadratic	sign-2-2--2-0	LT	4420
PASS	quadratic	inverse-2-2--2-0	EQ	9379
PASS	quadratic	root-2-2--2-1	EQ	72355
PASS	quadratic	sign-2-2--2-1	LT	18329
PASS	quadratic	inverse-2-2--2-1	EQ	46797
PASS	quadratic	root-2-2--2-2	EQ	50127
PASS	quadratic	sign-2-2--2-2	GT	11910
PASS	quadratic	inverse-2-2--2-2	EQ	34398
PASS	quadratic	root-2-2--2-3	EQ	68015
PASS	quadratic	sign-2-2--2-3	GT	16429
PASS	quadratic	inverse-2-2--2-3	EQ	43927
PASS	quadratic	root-2-2--1--3	EQ	214745
PASS	quadratic	sign-2-2--1--3	LT	8519
PASS	quadratic	inverse-2-2--1--3	EQ	49747
PASS	quadratic	root-2-2--1--2	EQ	41948
PASS	quadratic	sign-2-2--1--2	LT	8950
PASS	quadratic	inverse-2-2--1--2	EQ	43117
PASS	quadratic	root-2-2--1--1	EQ	54366
PASS	quadratic	sign-2-2--1--1	LT	9789
PASS	quadratic	inverse-2-2--1--1	EQ	41097
PASS	quadratic	root-2-2--1-0	EQ	11739
PASS	quadratic	sign-2-2--1-0	LT	4160
PASS	quadratic	inverse-2-2--1-0	EQ	9759
PASS	quadratic	root-2-2--1-1	EQ	296790
PASS	quadratic	sign-2-2--1-1	GT	18229
PASS	quadratic	inverse-2-2--1-1	EQ	41658
PASS	quadratic	root-2-2--1-2	EQ	48837
PASS	quadratic	sign-2-2--1-2	GT	12299
PASS	quadratic	inverse-2-2--1-2	EQ	41317
PASS	quadratic	root-2-2--1-3	EQ	65996
PASS	quadratic	sign-2-2--1-3	GT	15459
PASS	quadratic	inverse-2-2--1-3	EQ	40857
PASS	quadratic	root-2-2-0--3	EQ	13409
PASS	quadratic	sign-2-2-0--3	LT	5660
PASS	quadratic	inverse-2-2-0--3	EQ	13519
PASS	quadratic	root-2-2-0--2	EQ	12859
PASS	quadratic	sign-2-2-0--2	LT	6339
PASS	quadratic	inverse-2-2-0--2	EQ	13249
PASS	quadratic	root-2-2-0--1	EQ	13069
PASS	quadratic	sign-2-2-0--1	LT	5540
PASS	quadratic	inverse-2-2-0--1	EQ	10659
PASS	quadratic	root-2-2-0-0	EQ	8099
PASS	quadratic	sign-2-2-0-0	EQ	3810
PASS	quadratic	root-2-2-0-1	EQ	12539
PASS	quadratic	sign-2-2-0-1	GT	5529
PASS	quadratic	inverse-2-2-0-1	EQ	10809
PASS	quadratic	root-2-2-0-2	EQ	11369
PASS	quadratic	sign-2-2-0-2	GT	5910
PASS	quadratic	inverse-2-2-0-2	EQ	11769
PASS	quadratic	root-2-2-0-3	EQ	10679
PASS	quadratic	sign-2-2-0-3	GT	5359
PASS	quadratic	inverse-2-2-0-3	EQ	11889
PASS	quadratic	root-2-2-1--3	EQ	62896
PASS	quadratic	sign-2-2-1--3	LT	15198
PASS	quadratic	inverse-2-2-1--3	EQ	40068
PASS	quadratic	root-2-2-1--2	EQ	55276
PASS	quadratic	sign-2-2-1--2	LT	14539
PASS	quadratic	inverse-2-2-1--2	EQ	50656
PASS	quadratic	root-2-2-1--1	EQ	69465
PASS	quadratic	sign-2-2-1--1	LT	17508
PASS	quadratic	inverse-2-2-1--1	EQ	41607
PASS	quadratic	root-2-2-1-0	EQ	10789
PASS	quadratic	sign-2-2-1-0	GT	4100
PASS	quadratic	inverse-2-2-1-0	EQ	9829
PASS	quadratic	root-2-2-1-1	EQ	52876
PASS	quadratic	sign-2-2-1-1	GT	9409
PASS	quadratic	inverse-2-2-1-1	EQ	41587
PASS	quadratic	root-2-2-1-2	EQ	31748
PASS	quadratic	sign-2-2-1-2	GT	7390
PASS	quadratic	inverse-2-2-1-2	EQ	42537
PASS	quadratic	root-2-2-1-3	EQ	52006
PASS	quadratic	sign-2-2-1-3	GT	8929
PASS	quadratic	inverse-2-2-1-3	EQ	42127
PASS	quadratic	root-2-2-2--3	EQ	64735
PASS	quadratic	sign-2-2-2--3	LT	15209
PASS	quadratic	inverse-2-2-2--3	EQ	41758
PASS	quadratic	root-2-2-2--2	EQ	56686
PASS	quadratic	sign-2-2-2--2	LT	12789
PASS	quadratic	inverse-2-2-2--2	EQ	49707
PASS	quadratic	root-2-2-2--1	EQ	84274
PASS	quadratic	sign-2-2-2--1	GT	19829
PASS	quadratic	inverse-2-2-2--1	EQ	46817
PASS	quadratic	root-2-2-2-0	EQ	11629
PASS	quadratic	sign-2-2-2-0	GT	9879
PASS	quadratic	inverse-2-2-2-0	EQ	10379
PASS	quadratic	root-2-2-2-1	EQ	53826
PASS	quadratic	sign-2-2-2-1	GT	9979
PASS	quadratic	inverse-2-2-2-1	EQ	45987
PASS	quadratic	root-2-2-2-2	EQ	32807
PASS	quadratic	sign-2-2-2-2	GT	7260
PASS	quadratic	inverse-2-2-2-2	EQ	39438
PASS	quadratic	root-2-2-2-3	EQ	52397
PASS	quadratic	sign-2-2-2-3	GT	9269
PASS	quadratic	inverse-2-2-2-3	EQ	44137
PASS	quadratic	root-2-2-3--3	EQ	61946
PASS	quadratic	sign-2-2-3--3	LT	15039
PASS	quadratic	inverse-2-2-3--3	EQ	39298
PASS	quadratic	root-2-2-3--2	EQ	40918
PASS	quadratic	sign-2-2-3--2	GT	14059
PASS	quadratic	inverse-2-2-3--2	EQ	66856
PASS	quadratic	root-2-2-3--1	EQ	70495
PASS	quadratic	sign-2-2-3--1	GT	17899
PASS	quadratic	inverse-2-2-3--1	EQ	47887
PASS	quadratic	root-2-2-3-0	EQ	10839
PASS	quadratic	sign-2-2-3-0	GT	4110
PASS	quadratic	inverse-2-2-3-0	EQ	9809
PASS	quadratic	root-2-2-3-1	EQ	52606
PASS	quadratic	sign-2-2-3-1	GT	9269
PASS	quadratic	inverse-2-2-3-1	EQ	45377
PASS	quadratic	root-2-2-3-2	EQ	29627
PASS	quadratic	sign-2-2-3-2	GT	7270
PASS	quadratic	inverse-2-2-3-2	EQ	46376
PASS	quadratic	root-2-2-3-3	EQ	54796
PASS	quadratic	sign-2-2-3-3	GT	8839
PASS	quadratic	inverse-2-2-3-3	EQ	41847
PASS	quadratic	root-3-1--3--3	EQ	46007
PASS	quadratic	sign-3-1--3--3	LT	7830
PASS	quadratic	inverse-3-1--3--3	EQ	45006
PASS	quadratic	root-3-1--3--2	EQ	45137
PASS	quadratic	sign-3-1--3--2	LT	8669
PASS	quadratic	inverse-3-1--3--2	EQ	42897
PASS	quadratic	root-3-1--3--1	EQ	40897
PASS	quadratic	sign-3-1--3--1	LT	7849
PASS	quadratic	inverse-3-1--3--1	EQ	40447
PASS	quadratic	root-3-1--3-0	EQ	10819
PASS	quadratic	sign-3-1--3-0	LT	3900
PASS	quadratic	inverse-3-1--3-0	EQ	9469
PASS	quadratic	root-3-1--3-1	EQ	61436
PASS	quadratic	sign-3-1--3-1	LT	11909
PASS	quadratic	inverse-3-1--3-1	EQ	40208
PASS	quadratic	root-3-1--3-2	EQ	56836
PASS	quadratic	sign-3-1--3-2	GT	14489
PASS	quadratic	inverse-3-1--3-2	EQ	41337
PASS	quadratic	root-3-1--3-3	EQ	56796
PASS	quadratic	sign-3-1--3-3	GT	14789
PASS	quadratic	inverse-3-1--3-3	EQ	40497
PASS	quadratic	root-3-1--2--3	EQ	42317
PASS	quadratic	sign-3-1--2--3	LT	7819
PASS	quadratic	inverse-3-1--2--3	EQ	55726
PASS	quadratic	root-3-1--2--2	EQ	53136
PASS	quadratic	sign-3-1--2--2	LT	9289
PASS	quadratic	inverse-3-1--2--2	EQ	50366
PASS	quadratic	root-3-1--2--1	EQ	42157
PASS	quadratic	sign-3-1--2--1	LT	7709
PASS	quadratic	inverse-3-1--2--1	EQ	32268
PASS	quadratic	root-3-1--2-0	EQ	10689
PASS	quadratic	sign-3-1--2-0	LT	3820
PASS	quadratic	inverse-3-1--2-0	EQ	9620
PASS	quadratic	root-3-1--2-1	EQ	56156
PASS	quadratic	sign-3-1--2-1	LT	11489
PASS	quadratic	inverse-3-1--2-1	EQ	31477
PASS	quadratic	root-3-1--2-2	EQ	54516
PASS	quadratic	sign-3-1--2-2	GT	14079
PASS	quadratic	inverse-3-1--2-2	EQ	40867
PASS	quadratic	root-3-1--2-3	EQ	55106
PASS	quadratic	sign-3-1--2-3	GT	14709
PASS	quadratic	inverse-3-1--2-3	EQ	43117
PASS	quadratic	root-3-1--1--3	EQ	41957
PASS	quadratic	sign-3-1--1--3	LT	7780
PASS	quadratic	inverse-3-1--1--3	EQ	44607
PASS	quadratic	root-3-1--1--2	EQ	43887
PASS	quadratic	sign-3-1--1--2	LT	8699
PASS	quadratic	inverse-3-1--1--2	EQ	49737
PASS	quadratic	root-3-1--1--1	EQ	39668
PASS	quadratic	sign-3-1--1--1	LT	7570
PASS	quadratic	inverse-3-1--1--1	EQ	35687
PASS	quadratic	root-3-1--1-0	EQ	10569
PASS	quadratic	sign-3-1--1-0	LT	3830
PASS	quadratic	inverse-3-1--1-0	EQ	8559
PASS	quadratic	root-3-1--1-1	EQ	46527
PASS	quadratic	sign-3-1--1-1	GT	10520
PASS	quadratic	inverse-3-1--1-1	EQ	46916
PASS	quadratic	root-3-1--1-2	EQ	56126
PASS	quadratic	sign-3-1--1-2	GT	13899
PASS	quadratic	inverse-3-1--1-2	EQ	43807
PASS	quadratic	root-3-1--1-3	EQ	55196
PASS	quadratic	sign-3-1--1-3	GT	14539
PASS	quadratic	inverse-3-1--1-3	EQ	47167
PASS	quadratic	root-3-1-0--3	EQ	13149
PASS	quadratic	sign-3-1-0--3	LT	5350
PASS	quadratic	inverse-3-1-0--3	EQ	11649
PASS	quadratic	root-3-1-0--2	EQ	10719
PASS	quadratic	sign-3-1-0--2	LT	5320
PASS	quadratic	inverse-3-1-0--2	EQ	11060
PASS	quadratic	root-3-1-0--1	EQ	10510
PASS	quadratic	sign-3-1-0--1	LT	5459
PASS	quadratic	inverse-3-1-0--1	EQ	12559
PASS	quadratic	root-3-1-0-0	EQ	7909
PASS	quadratic	sign-3-1-0-0	EQ	3760
PASS	quadratic	root-3-1-0-1	EQ	9919
PASS	quadratic	sign-3-1-0-1	GT	5270
PASS	quadratic	inverse-3-1-0-1	EQ	11369
PASS	quadratic	root-3-1-0-2	EQ	10249
PASS	quadratic	sign-3-1-0-2	GT	5209
PASS	quadratic	inverse-3-1-0-2	EQ	11059
PASS	quadratic	root-3-1-0-3	EQ	10050
PASS	quadratic	sign-3-1-0-3	GT	4860
PASS	quadratic	inverse-3-1-0-3	EQ	11619
PASS	quadratic	root-3-1-1--3	EQ	62526
PASS	quadratic	sign-3-1-1--3	LT	14369
PASS	quadratic	inverse-3-1-1--3	EQ	40697
PASS	quadratic	root-3-1-1--2	EQ	61976
PASS	quadratic	sign-3-1-1--2	LT	14939
PASS	quadratic	inverse-3-1-1--2	EQ	41357
PASS	quadratic	root-3-1-1--1	EQ	52427
PASS	quadratic	sign-3-1-1--1	LT	11200
PASS	quadratic	inverse-3-1-1--1	EQ	32408
PASS	quadratic	root-3-1-1-0	EQ	9849
PASS	quadratic	sign-3-1-1-0	GT	3930
PASS	quadratic	inverse-3-1-1-0	EQ	8519
PASS	quadratic	root-3-1-1-1	EQ	29538
PASS	quadratic	sign-3-1-1-1	GT	6199
PASS	quadratic	inverse-3-1-1-1	EQ	41937
PASS	quadratic	root-3-1-1-2	EQ	37887
PASS	quadratic	sign-3-1-1-2	GT	7149
PASS	quadratic	inverse-3-1-1-2	EQ	43427
PASS	quadratic	root-3-1-1-3	EQ	34497
PASS	quadratic	sign-3-1-1-3	GT	7230
PASS	quadratic	inverse-3-1-1-3	EQ	41008
PASS	quadratic	root-3-1-2--3	EQ	64066
PASS	quadratic	sign-3-1-2--3	LT	15169
PASS	quadratic	inverse-3-1-2--3	EQ	42508
PASS	quadratic	root-3-1-2--2	EQ	63476
PASS	quadratic	sign-3-1-2--2	LT	17828
PASS	quadratic	inverse-3-1-2--2	EQ	41687
PASS	quadratic	root-3-1-2--1	EQ	37517
PASS	quadratic	sign-3-1-2--1	GT	12949
PASS	quadratic	inverse-3-1-2--1	EQ	33008
PASS	quadratic	root-3-1-2-0	EQ	10040
PASS	quadratic	sign-3-1-2-0	GT	3879
PASS	quadratic	inverse-3-1-2-0	EQ	9520
PASS	quadratic	root-3-1-2-1	EQ	27019
PASS	quadratic	sign-3-1-2-1	GT	6500
PASS	quadratic	inverse-3-1-2-1	EQ	33028
PASS	quadratic	root-3-1-2-2	EQ	33548
PASS	quadratic	sign-3-1-2-2	GT	7299
PASS	quadratic	inverse-3-1-2-2	EQ	41857
PASS	quadratic	root-3-1-2-3	EQ	34348
PASS	quadratic	sign-3-1-2-3	GT	7300
PASS	quadratic	inverse-3-1-2-3	EQ	43137
PASS	quadratic	root-3-1-3--3	EQ	61366
PASS	quadratic	sign-3-1-3--3	LT	15039
PASS	quadratic	inverse-3-1-3--3	EQ	64385
PASS	quadratic	root-3-1-3--2	EQ	95723
PASS	quadratic	sign-3-1-3--2	LT	18168
PASS	quadratic	inverse-3-1-3--2	EQ	42627
PASS	quadratic	root-3-1-3--1	EQ	37537
PASS	quadratic	sign-3-1-3--1	GT	14689
PASS	quadratic	inverse-3-1-3--1	EQ	41327
PASS	quadratic	root-3-1-3-0	EQ	9970
PASS	quadratic	sign-3-1-3-0	GT	3870
PASS	quadratic	inverse-3-1-3-0	EQ	9439
PASS	quadratic	root-3-1-3-1	EQ	26678
PASS	quadratic	sign-3-1-3-1	GT	6450
PASS	quadratic	inverse-3-1-3-1	EQ	39447
PASS	quadratic	root-3-1-3-2	EQ	34807
PASS	quadratic	sign-3-1-3-2	GT	7339
PASS	quadratic	inverse-3-1-3-2	EQ	42237
PASS	quadratic	root-3-1-3-3	EQ	33778
PASS	quadratic	sign-3-1-3-3	GT	7550
PASS	quadratic	inverse-3-1-3-3	EQ	42167
PASS	quadratic	root-3-2--3--3	EQ	45716
PASS	quadratic	sign-3-2--3--3	LT	8010
PASS	quadratic	inverse-3-2--3--3	EQ	43537
PASS	quadratic	root-3-2--3--2	EQ	41257
PASS	quadratic	sign-3-2--3--2	LT	8529
PASS	quadratic	inverse-3-2--3--2	EQ	43417
PASS	quadratic	root-3-2--3--1	EQ	48057
PASS	quadratic	sign-3-2--3--1	LT	9400
PASS	quadratic	inverse-3-2--3--1	EQ	46877
PASS	quadratic	root-3-2--3-0	EQ	11189
PASS	quadratic	sign-3-2--3-0	LT	3970
PASS	quadratic	inverse-3-2--3-0	EQ	9549
PASS	quadratic	root-3-2--3-1	EQ	89964
PASS	quadratic	sign-3-2--3-1	LT	16529
PASS	quadratic	inverse-3-2--3-1	EQ	46196
PASS	quadratic	root-3-2--3-2	EQ	50127
PASS	quadratic	sign-3-2--3-2	GT	11990
PASS	quadratic	inverse-3-2--3-2	EQ	41008
PASS	quadratic	root-3-2--3-3	EQ	56086
PASS	quadratic	sign-3-2--3-3	GT	13699
PASS	quadratic	inverse-3-2--3-3	EQ	40127
PASS	quadratic	root-3-2--2--3	EQ	45057
PASS	quadratic	sign-3-2--2--3	LT	8660
PASS	quadratic	inverse-3-2--2--3	EQ	45396
PASS	quadratic	root-3-2--2--2	EQ	40657
PASS	quadratic	sign-3-2--2--2	LT	8449
PASS	quadratic	inverse-3-2--2--2	EQ	40778
PASS	quadratic	root-3-2--2--1	EQ	43607
PASS	quadratic	sign-3-2--2--1	LT	9789
PASS	quadratic	inverse-3-2--2--1	EQ	41937
PASS	quadratic	root-3-2--2-0	EQ	11779
PASS	quadratic	sign-3-2--2-0	LT	4260
PASS	quadratic	inverse-3-2--2-0	EQ	9060
PASS	quadratic	root-3-2--2-1	EQ	62065
PASS	quadratic	sign-3-2--2-1	LT	15989
PASS	quadratic	inverse-3-2--2-1	EQ	42507
PASS	quadratic	root-3-2--2-2	EQ	49046
PASS	quadratic	sign-3-2--2-2	GT	11669
PASS	quadratic	inverse-3-2--2-2	EQ	37607
PASS	quadratic	root-3-2--2-3	EQ	76555
PASS	quadratic	sign-3-2--2-3	GT	16099
PASS	quadratic	inverse-3-2--2-3	EQ	44867
PASS	quadratic	root-3-2--1--3	EQ	44597
PASS	quadratic	sign-3-2--1--3	LT	8170
PASS	quadratic	inverse-3-2--1--3	EQ	44957
PASS	quadratic	root-3-2--1--2	EQ	39097
PASS	quadratic	sign-3-2--1--2	LT	8699
PASS	quadratic	inverse-3-2--1--2	EQ	47967
PASS	quadratic	root-3-2--1--1	EQ	47696
PASS	quadratic	sign-3-2--1--1	LT	9359
PASS	quadratic	inverse-3-2--1--1	EQ	41797
PASS	quadratic	root-3-2--1-0	EQ	11239
PASS	quadratic	sign-3-2--1-0	LT	4060
PASS	quadratic	inverse-3-2--1-0	EQ	9349
PASS	quadratic	root-3-2--1-1	EQ	56166
PASS	quadratic	sign-3-2--1-1	GT	14719
PASS	quadratic	inverse-3-2--1-1	EQ	39588
PASS	quadratic	root-3-2--1-2	EQ	45087
PASS	quadratic	sign-3-2--1-2	GT	11999
PASS	quadratic	inverse-3-2--1-2	EQ	40667
PASS	quadratic	root-3-2--1-3	EQ	54256
PASS	quadratic	sign-3-2--1-3	GT	13869
PASS	quadratic	inverse-3-2--1-3	EQ	41437
PASS	quadratic	root-3-2-0--3	EQ	13020
PASS	quadratic	sign-3-2-0--3	LT	5450
PASS	quadratic	inverse-3-2-0--3	EQ	12019
PASS	quadratic	root-3-2-0--2	EQ	12169
PASS	quadratic	sign-3-2-0--2	LT	5939
PASS	quadratic	inverse-3-2-0--2	EQ	12979
PASS	quadratic	root-3-2-0--1	EQ	11279
PASS	quadratic	sign-3-2-0--1	LT	5370
PASS	quadratic	inverse-3-2-0--1	EQ	11929
PASS	quadratic	root-3-2-0-0	EQ	7979
PASS	quadratic	sign-3-2-0-0	EQ	3660
PASS	quadratic	root-3-2-0-1	EQ	10739
PASS	quadratic	sign-3-2-0-1	GT	5369
PASS	quadratic	inverse-3-2-0-1	EQ	11519
PASS	quadratic	root-3-2-0-2	EQ	17839
PASS	quadratic	sign-3-2-0-2	GT	6219
PASS	quadratic	inverse-3-2-0-2	EQ	11969
PASS	quadratic	root-3-2-0-3	EQ	10839
PASS	quadratic	sign-3-2-0-3	GT	5290
PASS	quadratic	inverse-3-2-0-3	EQ	12189
PASS	quadratic	root-3-2-1--3	EQ	62105
PASS	quadratic	sign-3-2-1--3	LT	14629
PASS	quadratic	inverse-3-2-1--3	EQ	45377
PASS	quadratic	root-3-2-1--2	EQ	54227
PASS	quadratic	sign-3-2-1--2	LT	14439
PASS	quadratic	inverse-3-2-1--2	EQ	39407
PASS	quadratic	root-3-2-1--1	EQ	65646
PASS	quadratic	sign-3-2-1--1	LT	16619
PASS	quadratic	inverse-3-2-1--1	EQ	40637
PASS	quadratic	root-3-2-1-0	EQ	10910
PASS	quadratic	sign-3-2-1-0	GT	4029
PASS	quadratic	inverse-3-2-1-0	EQ	9629
PASS	quadratic	root-3-2-1-1	EQ	37078
PASS	quadratic	sign-3-2-1-1	GT	7730
PASS	quadratic	inverse-3-2-1-1	EQ	42517
PASS	quadratic	root-3-2-1-2	EQ	30237
PASS	quadratic	sign-3-2-1-2	GT	7070
PASS	quadratic	inverse-3-2-1-2	EQ	41427
PASS	quadratic	root-3-2-1-3	EQ	35208
PASS	quadratic	sign-3-2-1-3	GT	7429
PASS	quadratic	inverse-3-2-1-3	EQ	42877
PASS	quadratic	root-3-2-2--3	EQ	62076
PASS	quadratic	sign-3-2-2--3	LT	14649
PASS	quadratic	inverse-3-2-2--3	EQ	41217
PASS	quadratic	root-3-2-2--2	EQ	55966
PASS	quadratic	sign-3-2-2--2	LT	12409
PASS	quadratic	inverse-3-2-2--2	EQ	40657
PASS	quadratic	root-3-2-2--1	EQ	39307
PASS	quadratic	sign-3-2-2--1	GT	16269
PASS	quadratic	inverse-3-2-2--1	EQ	42587
PASS	quadratic	root-3-2-2-0	EQ	11200
PASS	quadratic	sign-3-2-2-0	GT	4300
PASS	quadratic	inverse-3-2-2-0	EQ	9199
PASS	quadratic	root-3-2-2-1	EQ	29678
PASS	quadratic	sign-3-2-2-1	GT	7819
PASS	quadratic	inverse-3-2-2-1	EQ	42707
PASS	quadratic	root-3-2-2-2	EQ	32178
PASS	quadratic	sign-3-2-2-2	GT	7000
PASS	quadratic	inverse-3-2-2-2	EQ	41397
PASS	quadratic	root-3-2-2-3	EQ	36997
PASS	quadratic	sign-3-2-2-3	GT	7569
PASS	quadratic	inverse-3-2-2-3	EQ	43497
PASS	quadratic	root-3-2-3--3	EQ	60026
PASS	quadratic	sign-3-2-3--3	LT	13959
PASS	quadratic	inverse-3-2-3--3	EQ	39637
PASS	quadratic	root-3-2-3--2	EQ	55006
PASS	quadratic	sign-3-2-3--2	LT	14299
PASS	quadratic	inverse-3-2-3--2	EQ	39277
PASS	quadratic	root-3-2-3--1	EQ	41297
PASS	quadratic	sign-3-2-3--1	GT	16239
PASS	quadratic	inverse-3-2-3--1	EQ	44597
PASS	quadratic	root-3-2-3-0	EQ	10139
PASS	quadratic	sign-3-2-3-0	GT	4090
PASS	quadratic	inverse-3-2-3-0	EQ	9469
PASS	quadratic	root-3-2-3-1	EQ	31328
PASS	quadratic	sign-3-2-3-1	GT	7540
PASS	quadratic	inverse-3-2-3-1	EQ	45167
PASS	quadratic	root-3-2-3-2	EQ	37298
PASS	quadratic	sign-3-2-3-2	GT	8020
PASS	quadratic	inverse-3-2-3-2	EQ	43787
PASS	quadratic	root-3-2-3-3	EQ	35018
PASS	quadratic	sign-3-2-3-3	GT	7089
PASS	quadratic	inverse-3-2-3-3	EQ	42527
PASS	quadratic	root-5-1--3--3	EQ	43797
PASS	quadratic	sign-5-1--3--3	LT	7950
PASS	quadratic	inverse-5-1--3--3	EQ	52566
PASS	quadratic	root-5-1--3--2	EQ	45137
PASS	quadratic	sign-5-1--3--2	LT	8860
PASS	quadratic	inverse-5-1--3--2	EQ	44446
PASS	quadratic	root-5-1--3--1	EQ	46057
PASS	quadratic	sign-5-1--3--1	LT	7729
PASS	quadratic	inverse-5-1--3--1	EQ	40817
PASS	quadratic	root-5-1--3-0	EQ	10799
PASS	quadratic	sign-5-1--3-0	LT	3960
PASS	quadratic	inverse-5-1--3-0	EQ	9509
PASS	quadratic	root-5-1--3-1	EQ	56336
PASS	quadratic	sign-5-1--3-1	LT	11819
PASS	quadratic	inverse-5-1--3-1	EQ	39997
PASS	quadratic	root-5-1--3-2	EQ	55436
PASS	quadratic	sign-5-1--3-2	GT	14139
PASS	quadratic	inverse-5-1--3-2	EQ	42827
PASS	quadratic	root-5-1--3-3	EQ	56266
PASS	quadratic	sign-5-1--3-3	GT	14789
PASS	quadratic	inverse-5-1--3-3	EQ	40777
PASS	quadratic	root-5-1--2--3	EQ	42127
PASS	quadratic	sign-5-1--2--3	LT	7920
PASS	quadratic	inverse-5-1--2--3	EQ	60946
PASS	quadratic	root-5-1--2--2	EQ	50257
PASS	quadratic	sign-5-1--2--2	LT	8850
PASS	quadratic	inverse-5-1--2--2	EQ	44347
PASS	quadratic	root-5-1--2--1	EQ	40117
PASS	quadratic	sign-5-1--2--1	LT	7650
PASS	quadratic	inverse-5-1--2--1	EQ	32138
PASS	quadratic	root-5-1--2-0	EQ	10909
PASS	quadratic	sign-5-1--2-0	LT	3900
PASS	quadratic	inverse-5-1--2-0	EQ	9599
PASS	quadratic	root-5-1--2-1	EQ	49376
PASS	quadratic	sign-5-1--2-1	GT	11389
PASS	quadratic	inverse-5-1--2-1	EQ	32148
PASS	quadratic	root-5-1--2-2	EQ	53536
PASS	quadratic	sign-5-1--2-2	GT	13949
PASS	quadratic	inverse-5-1--2-2	EQ	40477
PASS	quadratic	root-5-1--2-3	EQ	55736
PASS	quadratic	sign-5-1--2-3	GT	14769
PASS	quadratic	inverse-5-1--2-3	EQ	43227
PASS	quadratic	root-5-1--1--3	EQ	42557
PASS	quadratic	sign-5-1--1--3	LT	7789
PASS	quadratic	inverse-5-1--1--3	EQ	50937
PASS	quadratic	root-5-1--1--2	EQ	43497
PASS	quadratic	sign-5-1--1--2	LT	8809
PASS	quadratic	inverse-5-1--1--2	EQ	50677
PASS	quadratic	root-5-1--1--1	EQ	39238
PASS	quadratic	sign-5-1--1--1	LT	7570
PASS	quadratic	inverse-5-1--1--1	EQ	39837
PASS	quadratic	root-5-1--1-0	EQ	10979
PASS	quadratic	sign-5-1--1-0	LT	4140
PASS	quadratic	inverse-5-1--1-0	EQ	8789
PASS	quadratic	root-5-1--1-1	EQ	56126
PASS	quadratic	sign-5-1--1-1	GT	11249
PASS	quadratic	inverse-5-1--1-1	EQ	36997
PASS	quadratic	root-5-1--1-2	EQ	54386
PASS	quadratic	sign-5-1--1-2	GT	13979
PASS	quadratic	inverse-5-1--1-2	EQ	44067
PASS	quadratic	root-5-1--1-3	EQ	55756
PASS	quadratic	sign-5-1--1-3	GT	14749
PASS	quadratic	inverse-5-1--1-3	EQ	43187
PASS	quadratic	root-5-1-0--3	EQ	12529
PASS	quadratic	sign-5-1-0--3	LT	5380
PASS	quadratic	inverse-5-1-0--3	EQ	12810
PASS	quadratic	root-5-1-0--2	EQ	10630
PASS	quadratic	sign-5-1-0--2	LT	5349
PASS	quadratic	inverse-5-1-0--2	EQ	11929
PASS	quadratic	root-5-1-0--1	EQ	10649
PASS	quadratic	sign-5-1-0--1	LT	5640
PASS	quadratic	inverse-5-1-0--1	EQ	12689
PASS	quadratic	root-5-1-0-0	EQ	7989
PASS	quadratic	sign-5-1-0-0	EQ	3700
PASS	quadratic	root-5-1-0-1	EQ	10010
PASS	quadratic	sign-5-1-0-1	GT	5289
PASS	quadratic	inverse-5-1-0-1	EQ	11729
PASS	quadratic	root-5-1-0-2	EQ	10229
PASS	quadratic	sign-5-1-0-2	GT	5180
PASS	quadratic	inverse-5-1-0-2	EQ	11539
PASS	quadratic	root-5-1-0-3	EQ	9949
PASS	quadratic	sign-5-1-0-3	GT	4910
PASS	quadratic	inverse-5-1-0-3	EQ	11700
PASS	quadratic	root-5-1-1--3	EQ	62805
PASS	quadratic	sign-5-1-1--3	LT	14649
PASS	quadratic	inverse-5-1-1--3	EQ	41097
PASS	quadratic	root-5-1-1--2	EQ	61255
PASS	quadratic	sign-5-1-1--2	LT	14979
PASS	quadratic	inverse-5-1-1--2	EQ	41237
PASS	quadratic	root-5-1-1--1	EQ	52696
PASS	quadratic	sign-5-1-1--1	LT	11449
PASS	quadratic	inverse-5-1-1--1	EQ	32568
PASS	quadratic	root-5-1-1-0	EQ	9720
PASS	quadratic	sign-5-1-1-0	GT	3840
PASS	quadratic	inverse-5-1-1-0	EQ	8459
PASS	quadratic	root-5-1-1-1	EQ	29338
PASS	quadratic	sign-5-1-1-1	GT	6180
PASS	quadratic	inverse-5-1-1-1	EQ	37168
PASS	quadratic	root-5-1-1-2	EQ	34458
PASS	quadratic	sign-5-1-1-2	GT	6920
PASS	quadratic	inverse-5-1-1-2	EQ	42097
PASS	quadratic	root-5-1-1-3	EQ	34457
PASS	quadratic	sign-5-1-1-3	GT	7110
PASS	quadratic	inverse-5-1-1-3	EQ	40808
PASS	quadratic	root-5-1-2--3	EQ	68676
PASS	quadratic	sign-5-1-2--3	LT	15419
PASS	quadratic	inverse-5-1-2--3	EQ	42567
PASS	quadratic	root-5-1-2--2	EQ	62455
PASS	quadratic	sign-5-1-2--2	LT	15899
PASS	quadratic	inverse-5-1-2--2	EQ	41317
PASS	quadratic	root-5-1-2--1	EQ	55866
PASS	quadratic	sign-5-1-2--1	LT	13129
PASS	quadratic	inverse-5-1-2--1	EQ	32298
PASS	quadratic	root-5-1-2-0	EQ	9999
PASS	quadratic	sign-5-1-2-0	GT	3830
PASS	quadratic	inverse-5-1-2-0	EQ	9629
PASS	quadratic	root-5-1-2-1	EQ	30948
PASS	quadratic	sign-5-1-2-1	GT	6369
PASS	quadratic	inverse-5-1-2-1	EQ	33138
PASS	quadratic	root-5-1-2-2	EQ	33328
PASS	quadratic	sign-5-1-2-2	GT	7139
PASS	quadratic	inverse-5-1-2-2	EQ	41757
PASS	quadratic	root-5-1-2-3	EQ	34638
PASS	quadratic	sign-5-1-2-3	GT	7399
PASS	quadratic	inverse-5-1-2-3	EQ	42957
PASS	quadratic	root-5-1-3--3	EQ	62155
PASS	quadratic	sign-5-1-3--3	LT	15029
PASS	quadratic	inverse-5-1-3--3	EQ	43187
PASS	quadratic	root-5-1-3--2	EQ	62996
PASS	quadratic	sign-5-1-3--2	LT	16139
PASS	quadratic	inverse-5-1-3--2	EQ	42327
PASS	quadratic	root-5-1-3--1	EQ	37097
PASS	quadratic	sign-5-1-3--1	GT	13229
PASS	quadratic	inverse-5-1-3--1	EQ	41417
PASS	quadratic	root-5-1-3-0	EQ	10339
PASS	quadratic	sign-5-1-3-0	GT	3860
PASS	quadratic	inverse-5-1-3-0	EQ	9430
PASS	quadratic	root-5-1-3-1	EQ	26768
PASS	quadratic	sign-5-1-3-1	GT	6559
PASS	quadratic	inverse-5-1-3-1	EQ	41037
PASS	quadratic	root-5-1-3-2	EQ	33818
PASS	quadratic	sign-5-1-3-2	GT	7130
PASS	quadratic	inverse-5-1-3-2	EQ	42857
PASS	quadratic	root-5-1-3-3	EQ	34068
PASS	quadratic	sign-5-1-3-3	GT	7369
PASS	quadratic	inverse-5-1-3-3	EQ	41697
PASS	quadratic	root-5-2--3--3	EQ	44867
PASS	quadratic	sign-5-2--3--3	LT	7839
PASS	quadratic	inverse-5-2--3--3	EQ	42177
PASS	quadratic	root-5-2--3--2	EQ	40637
PASS	quadratic	sign-5-2--3--2	LT	8519
PASS	quadratic	inverse-5-2--3--2	EQ	41457
PASS	quadratic	root-5-2--3--1	EQ	47396
PASS	quadratic	sign-5-2--3--1	LT	9300
PASS	quadratic	inverse-5-2--3--1	EQ	45977
PASS	quadratic	root-5-2--3-0	EQ	11279
PASS	quadratic	sign-5-2--3-0	LT	4010
PASS	quadratic	inverse-5-2--3-0	EQ	9590
PASS	quadratic	root-5-2--3-1	EQ	71685
PASS	quadratic	sign-5-2--3-1	LT	30558
PASS	quadratic	inverse-5-2--3-1	EQ	48747
PASS	quadratic	root-5-2--3-2	EQ	62295
PASS	quadratic	sign-5-2--3-2	GT	11989
PASS	quadratic	inverse-5-2--3-2	EQ	40287
PASS	quadratic	root-5-2--3-3	EQ	64055
PASS	quadratic	sign-5-2--3-3	GT	16159
PASS	quadratic	inverse-5-2--3-3	EQ	40417
PASS	quadratic	root-5-2--2--3	EQ	45416
PASS	quadratic	sign-5-2--2--3	LT	8600
PASS	quadratic	inverse-5-2--2--3	EQ	50077
PASS	quadratic	root-5-2--2--2	EQ	42057
PASS	quadratic	sign-5-2--2--2	LT	8740
PASS	quadratic	inverse-5-2--2--2	EQ	41587
PASS	quadratic	root-5-2--2--1	EQ	44217
PASS	quadratic	sign-5-2--2--1	LT	9789
PASS	quadratic	inverse-5-2--2--1	EQ	43457
PASS	quadratic	root-5-2--2-0	EQ	12119
PASS	quadratic	sign-5-2--2-0	LT	4310
PASS	quadratic	inverse-5-2--2-0	EQ	9270
PASS	quadratic	root-5-2--2-1	EQ	53736
PASS	quadratic	sign-5-2--2-1	GT	15419
PASS	quadratic	inverse-5-2--2-1	EQ	40838
PASS	quadratic	root-5-2--2-2	EQ	49077
PASS	quadratic	sign-5-2--2-2	GT	11719
PASS	quadratic	inverse-5-2--2-2	EQ	37617
PASS	quadratic	root-5-2--2-3	EQ	64975
PASS	quadratic	sign-5-2--2-3	GT	16049
PASS	quadratic	inverse-5-2--2-3	EQ	44187
PASS	quadratic	root-5-2--1--3	EQ	43757
PASS	quadratic	sign-5-2--1--3	LT	8099
PASS	quadratic	inverse-5-2--1--3	EQ	44437
PASS	quadratic	root-5-2--1--2	EQ	38607
PASS	quadratic	sign-5-2--1--2	LT	8639
PASS	quadratic	inverse-5-2--1--2	EQ	43057
PASS	quadratic	root-5-2--1--1	EQ	47126
PASS	quadratic	sign-5-2--1--1	LT	9509
PASS	quadratic	inverse-5-2--1--1	EQ	43767
PASS	quadratic	root-5-2--1-0	EQ	11519
PASS	quadratic	sign-5-2--1-0	LT	3990
PASS	quadratic	inverse-5-2--1-0	EQ	9439
PASS	quadratic	root-5-2--1-1	EQ	55566
PASS	quadratic	sign-5-2--1-1	GT	14659
PASS	quadratic	inverse-5-2--1-1	EQ	42947
PASS	quadratic	root-5-2--1-2	EQ	45327
PASS	quadratic	sign-5-2--1-2	GT	12239
PASS	quadratic	inverse-5-2--1-2	EQ	40667
PASS	quadratic	root-5-2--1-3	EQ	52826
PASS	quadratic	sign-5-2--1-3	GT	13969
PASS	quadratic	inverse-5-2--1-3	EQ	46327
PASS	quadratic	root-5-2-0--3	EQ	13459
PASS	quadratic	sign-5-2-0--3	LT	5559
PASS	quadratic	inverse-5-2-0--3	EQ	12999
PASS	quadratic	root-5-2-0--2	EQ	12529
PASS	quadratic	sign-5-2-0--2	LT	5970
PASS	quadratic	inverse-5-2-0--2	EQ	13019
PASS	quadratic	root-5-2-0--1	EQ	11440
PASS	quadratic	sign-5-2-0--1	LT	5559
PASS	quadratic	inverse-5-2-0--1	EQ	12009
PASS	quadratic	root-5-2-0-0	EQ	7939
PASS	quadratic	sign-5-2-0-0	EQ	3670
PASS	quadratic	root-5-2-0-1	EQ	10769
PASS	quadratic	sign-5-2-0-1	GT	5470
PASS	quadratic	inverse-5-2-0-1	EQ	18209
PASS	quadratic	root-5-2-0-2	EQ	11549
PASS	quadratic	sign-5-2-0-2	GT	6080
PASS	quadratic	inverse-5-2-0-2	EQ	11660
PASS	quadratic	root-5-2-0-3	EQ	10660
PASS	quadratic	sign-5-2-0-3	GT	5200
PASS	quadratic	inverse-5-2-0-3	EQ	11789
PASS	quadratic	root-5-2-1--3	EQ	60806
PASS	quadratic	sign-5-2-1--3	LT	14739
PASS	quadratic	inverse-5-2-1--3	EQ	41347
PASS	quadratic	root-5-2-1--2	EQ	52636
PASS	quadratic	sign-5-2-1--2	LT	14479
PASS	quadratic	inverse-5-2-1--2	EQ	39187
PASS	quadratic	root-5-2-1--1	EQ	64865
PASS	quadratic	sign-5-2-1--1	LT	16919
PASS	quadratic	inverse-5-2-1--1	EQ	43337
PASS	quadratic	root-5-2-1-0	EQ	10600
PASS	quadratic	sign-5-2-1-0	GT	4029
PASS	quadratic	inverse-5-2-1-0	EQ	9449
PASS	quadratic	root-5-2-1-1	EQ	35538
PASS	quadratic	sign-5-2-1-1	GT	7809
PASS	quadratic	inverse-5-2-1-1	EQ	44827
PASS	quadratic	root-5-2-1-2	EQ	30428
PASS	quadratic	sign-5-2-1-2	GT	7230
PASS	quadratic	inverse-5-2-1-2	EQ	42168
PASS	quadratic	root-5-2-1-3	EQ	34118
PASS	quadratic	sign-5-2-1-3	GT	7329
PASS	quadratic	inverse-5-2-1-3	EQ	42727
PASS	quadratic	root-5-2-2--3	EQ	61895
PASS	quadratic	sign-5-2-2--3	LT	14749
PASS	quadratic	inverse-5-2-2--3	EQ	41197
PASS	quadratic	root-5-2-2--2	EQ	56256
PASS	quadratic	sign-5-2-2--2	LT	18298
PASS	quadratic	inverse-5-2-2--2	EQ	40657
PASS	quadratic	root-5-2-2--1	EQ	61346
PASS	quadratic	sign-5-2-2--1	LT	16639
PASS	quadratic	inverse-5-2-2--1	EQ	40127
PASS	quadratic	root-5-2-2-0	EQ	11009
PASS	quadratic	sign-5-2-2-0	GT	4270
PASS	quadratic	inverse-5-2-2-0	EQ	9040
PASS	quadratic	root-5-2-2-1	EQ	33147
PASS	quadratic	sign-5-2-2-1	GT	7920
PASS	quadratic	inverse-5-2-2-1	EQ	40208
PASS	quadratic	root-5-2-2-2	EQ	33918
PASS	quadratic	sign-5-2-2-2	GT	7010
PASS	quadratic	inverse-5-2-2-2	EQ	42027
PASS	quadratic	root-5-2-2-3	EQ	36397
PASS	quadratic	sign-5-2-2-3	GT	7669
PASS	quadratic	inverse-5-2-2-3	EQ	43207
PASS	quadratic	root-5-2-3--3	EQ	58176
PASS	quadratic	sign-5-2-3--3	LT	14190
PASS	quadratic	inverse-5-2-3--3	EQ	38768
PASS	quadratic	root-5-2-3--2	EQ	54637
PASS	quadratic	sign-5-2-3--2	LT	14149
PASS	quadratic	inverse-5-2-3--2	EQ	38507
PASS	quadratic	root-5-2-3--1	EQ	38747
PASS	quadratic	sign-5-2-3--1	GT	15859
PASS	quadratic	inverse-5-2-3--1	EQ	45097
PASS	quadratic	root-5-2-3-0	EQ	10510
PASS	quadratic	sign-5-2-3-0	GT	3919
PASS	quadratic	inverse-5-2-3-0	EQ	9629
PASS	quadratic	root-5-2-3-1	EQ	47017
PASS	quadratic	sign-5-2-3-1	GT	7879
PASS	quadratic	inverse-5-2-3-1	EQ	79214
PASS	quadratic	root-5-2-3-2	EQ	36237
PASS	quadratic	sign-5-2-3-2	GT	7160
PASS	quadratic	inverse-5-2-3-2	EQ	43108
PASS	quadratic	root-5-2-3-3	EQ	34318
PASS	quadratic	sign-5-2-3-3	GT	7279
PASS	quadratic	inverse-5-2-3-3	EQ	41697
PASS	quadratic	root-7-1--3--3	EQ	49256
PASS	quadratic	sign-7-1--3--3	LT	7879
PASS	quadratic	inverse-7-1--3--3	EQ	51147
PASS	quadratic	root-7-1--3--2	EQ	45257
PASS	quadratic	sign-7-1--3--2	LT	8619
PASS	quadratic	inverse-7-1--3--2	EQ	44207
PASS	quadratic	root-7-1--3--1	EQ	41107
PASS	quadratic	sign-7-1--3--1	LT	7849
PASS	quadratic	inverse-7-1--3--1	EQ	39717
PASS	quadratic	root-7-1--3-0	EQ	11029
PASS	quadratic	sign-7-1--3-0	LT	3890
PASS	quadratic	inverse-7-1--3-0	EQ	9519
PASS	quadratic	root-7-1--3-1	EQ	56676
PASS	quadratic	sign-7-1--3-1	LT	11679
PASS	quadratic	inverse-7-1--3-1	EQ	38997
PASS	quadratic	root-7-1--3-2	EQ	55626
PASS	quadratic	sign-7-1--3-2	GT	14219
PASS	quadratic	inverse-7-1--3-2	EQ	42987
PASS	quadratic	root-7-1--3-3	EQ	61726
PASS	quadratic	sign-7-1--3-3	GT	14849
PASS	quadratic	inverse-7-1--3-3	EQ	41248
PASS	quadratic	root-7-1--2--3	EQ	54317
PASS	quadratic	sign-7-1--2--3	LT	8380
PASS	quadratic	inverse-7-1--2--3	EQ	59426
PASS	quadratic	root-7-1--2--2	EQ	45347
PASS	quadratic	sign-7-1--2--2	LT	8769
PASS	quadratic	inverse-7-1--2--2	EQ	44087
PASS	quadratic	root-7-1--2--1	EQ	39098
PASS	quadratic	sign-7-1--2--1	LT	7630
PASS	quadratic	inverse-7-1--2--1	EQ	35627
PASS	quadratic	root-7-1--2-0	EQ	11039
PASS	quadratic	sign-7-1--2-0	LT	3850
PASS	quadratic	inverse-7-1--2-0	EQ	9579
PASS	quadratic	root-7-1--2-1	EQ	48617
PASS	quadratic	sign-7-1--2-1	GT	11120
PASS	quadratic	inverse-7-1--2-1	EQ	37768
PASS	quadratic	root-7-1--2-2	EQ	54796
PASS	quadratic	sign-7-1--2-2	GT	13939
PASS	quadratic	inverse-7-1--2-2	EQ	42257
PASS	quadratic	root-7-1--2-3	EQ	55246
PASS	quadratic	sign-7-1--2-3	GT	14569
PASS	quadratic	inverse-7-1--2-3	EQ	42407
PASS	quadratic	root-7-1--1--3	EQ	47676
PASS	quadratic	sign-7-1--1--3	LT	7659
PASS	quadratic	inverse-7-1--1--3	EQ	44667
PASS	quadratic	root-7-1--1--2	EQ	42887
PASS	quadratic	sign-7-1--1--2	LT	8739
PASS	quadratic	inverse-7-1--1--2	EQ	50067
PASS	quadratic	root-7-1--1--1	EQ	38808
PASS	quadratic	sign-7-1--1--1	LT	7700
PASS	quadratic	inverse-7-1--1--1	EQ	45356
PASS	quadratic	root-7-1--1-0	EQ	11359
PASS	quadratic	sign-7-1--1-0	LT	3870
PASS	quadratic	inverse-7-1--1-0	EQ	8779
PASS	quadratic	root-7-1--1-1	EQ	49106
PASS	quadratic	sign-7-1--1-1	GT	10589
PASS	quadratic	inverse-7-1--1-1	EQ	35818
PASS	quadratic	root-7-1--1-2	EQ	54316
PASS	quadratic	sign-7-1--1-2	GT	13729
PASS	quadratic	inverse-7-1--1-2	EQ	43687
PASS	quadratic	root-7-1--1-3	EQ	55306
PASS	quadratic	sign-7-1--1-3	GT	14469
PASS	quadratic	inverse-7-1--1-3	EQ	42437
PASS	quadratic	root-7-1-0--3	EQ	12679
PASS	quadratic	sign-7-1-0--3	LT	5199
PASS	quadratic	inverse-7-1-0--3	EQ	12639
PASS	quadratic	root-7-1-0--2	EQ	10519
PASS	quadratic	sign-7-1-0--2	LT	5440
PASS	quadratic	inverse-7-1-0--2	EQ	10879
PASS	quadratic	root-7-1-0--1	EQ	10809
PASS	quadratic	sign-7-1-0--1	LT	5539
PASS	quadratic	inverse-7-1-0--1	EQ	12449
PASS	quadratic	root-7-1-0-0	EQ	7860
PASS	quadratic	sign-7-1-0-0	EQ	3659
PASS	quadratic	root-7-1-0-1	EQ	9899
PASS	quadratic	sign-7-1-0-1	GT	5310
PASS	quadratic	inverse-7-1-0-1	EQ	11639
PASS	quadratic	root-7-1-0-2	EQ	10119
PASS	quadratic	sign-7-1-0-2	GT	5200
PASS	quadratic	inverse-7-1-0-2	EQ	12259
PASS	quadratic	root-7-1-0-3	EQ	10099
PASS	quadratic	sign-7-1-0-3	GT	4990
PASS	quadratic	inverse-7-1-0-3	EQ	11589
PASS	quadratic	root-7-1-1--3	EQ	67705
PASS	quadratic	sign-7-1-1--3	LT	14259
PASS	quadratic	inverse-7-1-1--3	EQ	40907
PASS	quadratic	root-7-1-1--2	EQ	60945
PASS	quadratic	sign-7-1-1--2	LT	14979
PASS	quadratic	inverse-7-1-1--2	EQ	41097
PASS	quadratic	root-7-1-1--1	EQ	52366
PASS	quadratic	sign-7-1-1--1	LT	11339
PASS	quadratic	inverse-7-1-1--1	EQ	47637
PASS	quadratic	root-7-1-1-0	EQ	18679
PASS	quadratic	sign-7-1-1-0	GT	4070
PASS	quadratic	inverse-7-1-1-0	EQ	16679
PASS	quadratic	root-7-1-1-1	EQ	42577
PASS	quadratic	sign-7-1-1-1	GT	6350
PASS	quadratic	inverse-7-1-1-1	EQ	38237
PASS	quadratic	root-7-1-1-2	EQ	34067
PASS	quadratic	sign-7-1-1-2	GT	7010
PASS	quadratic	inverse-7-1-1-2	EQ	41467
PASS	quadratic	root-7-1-1-3	EQ	34788
PASS	quadratic	sign-7-1-1-3	GT	7309
PASS	quadratic	inverse-7-1-1-3	EQ	40807
PASS	quadratic	root-7-1-2--3	EQ	63616
PASS	quadratic	sign-7-1-2--3	LT	15119
PASS	quadratic	inverse-7-1-2--3	EQ	41867
PASS	quadratic	root-7-1-2--2	EQ	62536
PASS	quadratic	sign-7-1-2--2	LT	15759
PASS	quadratic	inverse-7-1-2--2	EQ	43487
PASS	quadratic	root-7-1-2--1	EQ	55216
PASS	quadratic	sign-7-1-2--1	LT	13109
PASS	quadratic	inverse-7-1-2--1	EQ	35787
PASS	quadratic	root-7-1-2-0	EQ	10219
PASS	quadratic	sign-7-1-2-0	GT	3870
PASS	quadratic	inverse-7-1-2-0	EQ	9549
PASS	quadratic	root-7-1-2-1	EQ	30208
PASS	quadratic	sign-7-1-2-1	GT	6220
PASS	quadratic	inverse-7-1-2-1	EQ	37317
PASS	quadratic	root-7-1-2-2	EQ	33148
PASS	quadratic	sign-7-1-2-2	GT	7249
PASS	quadratic	inverse-7-1-2-2	EQ	43867
PASS	quadratic	root-7-1-2-3	EQ	34207
PASS	quadratic	sign-7-1-2-3	GT	13639
PASS	quadratic	inverse-7-1-2-3	EQ	44597
PASS	quadratic	root-7-1-3--3	EQ	61386
PASS	quadratic	sign-7-1-3--3	LT	15049
PASS	quadratic	inverse-7-1-3--3	EQ	40477
PASS	quadratic	root-7-1-3--2	EQ	61005
PASS	quadratic	sign-7-1-3--2	LT	16109
PASS	quadratic	inverse-7-1-3--2	EQ	42377
PASS	quadratic	root-7-1-3--1	EQ	37127
PASS	quadratic	sign-7-1-3--1	GT	13149
PASS	quadratic	inverse-7-1-3--1	EQ	41327
PASS	quadratic	root-7-1-3-0	EQ	10140
PASS	quadratic	sign-7-1-3-0	GT	3839
PASS	quadratic	inverse-7-1-3-0	EQ	9500
PASS	quadratic	root-7-1-3-1	EQ	26869
PASS	quadratic	sign-7-1-3-1	GT	6570
PASS	quadratic	inverse-7-1-3-1	EQ	40687
PASS	quadratic	root-7-1-3-2	EQ	33577
PASS	quadratic	sign-7-1-3-2	GT	7190
PASS	quadratic	inverse-7-1-3-2	EQ	42918
PASS	quadratic	root-7-1-3-3	EQ	33898
PASS	quadratic	sign-7-1-3-3	GT	7309
PASS	quadratic	inverse-7-1-3-3	EQ	41377
PASS	quadratic	root-7-2--3--3	EQ	44967
PASS	quadratic	sign-7-2--3--3	LT	7980
PASS	quadratic	inverse-7-2--3--3	EQ	43617
PASS	quadratic	root-7-2--3--2	EQ	41258
PASS	quadratic	sign-7-2--3--2	LT	8500
PASS	quadratic	inverse-7-2--3--2	EQ	41617
PASS	quadratic	root-7-2--3--1	EQ	47257
PASS	quadratic	sign-7-2--3--1	LT	15179
PASS	quadratic	inverse-7-2--3--1	EQ	49627
PASS	quadratic	root-7-2--3-0	EQ	11209
PASS	quadratic	sign-7-2--3-0	LT	3989
PASS	quadratic	inverse-7-2--3-0	EQ	9730
PASS	quadratic	root-7-2--3-1	EQ	65686
PASS	quadratic	sign-7-2--3-1	LT	15099
PASS	quadratic	inverse-7-2--3-1	EQ	47487
PASS	quadratic	root-7-2--3-2	EQ	49676
PASS	quadratic	sign-7-2--3-2	GT	11759
PASS	quadratic	inverse-7-2--3-2	EQ	39067
PASS	quadratic	root-7-2--3-3	EQ	55006
PASS	quadratic	sign-7-2--3-3	GT	13719
PASS	quadratic	inverse-7-2--3-3	EQ	38487
PASS	quadratic	root-7-2--2--3	EQ	44317
PASS	quadratic	sign-7-2--2--3	LT	8520
PASS	quadratic	inverse-7-2--2--3	EQ	44867
PASS	quadratic	root-7-2--2--2	EQ	40217
PASS	quadratic	sign-7-2--2--2	LT	8610
PASS	quadratic	inverse-7-2--2--2	EQ	42168
PASS	quadratic	root-7-2--2--1	EQ	43727
PASS	quadratic	sign-7-2--2--1	LT	9759
PASS	quadratic	inverse-7-2--2--1	EQ	44757
PASS	quadratic	root-7-2--2-0	EQ	11839
PASS	quadratic	sign-7-2--2-0	LT	4309
PASS	quadratic	inverse-7-2--2-0	EQ	9100
PASS	quadratic	root-7-2--2-1	EQ	53806
PASS	quadratic	sign-7-2--2-1	GT	15558
PASS	quadratic	inverse-7-2--2-1	EQ	45477
PASS	quadratic	root-7-2--2-2	EQ	63755
PASS	quadratic	sign-7-2--2-2	GT	24638
PASS	quadratic	inverse-7-2--2-2	EQ	68895
PASS	quadratic	root-7-2--2-3	EQ	94514
PASS	quadratic	sign-7-2--2-3	GT	25818
PASS	quadratic	inverse-7-2--2-3	EQ	73875
PASS	quadratic	root-7-2--1--3	EQ	73165
PASS	quadratic	sign-7-2--1--3	LT	14119
PASS	quadratic	inverse-7-2--1--3	EQ	91373
PASS	quadratic	root-7-2--1--2	EQ	65725
PASS	quadratic	sign-7-2--1--2	LT	14939
PASS	quadratic	inverse-7-2--1--2	EQ	71705
PASS	quadratic	root-7-2--1--1	EQ	77875
PASS	quadratic	sign-7-2--1--1	LT	15859
PASS	quadratic	inverse-7-2--1--1	EQ	75155
PASS	quadratic	root-7-2--1-0	EQ	19299
PASS	quadratic	sign-7-2--1-0	LT	7229
PASS	quadratic	inverse-7-2--1-0	EQ	16639
PASS	quadratic	root-7-2--1-1	EQ	105242
PASS	quadratic	sign-7-2--1-1	GT	26348
PASS	quadratic	inverse-7-2--1-1	EQ	80854
PASS	quadratic	root-7-2--1-2	EQ	75524
PASS	quadratic	sign-7-2--1-2	GT	21449
PASS	quadratic	inverse-7-2--1-2	EQ	67976
PASS	quadratic	root-7-2--1-3	EQ	89644
PASS	quadratic	sign-7-2--1-3	GT	23829
PASS	quadratic	inverse-7-2--1-3	EQ	70446
PASS	quadratic	root-7-2-0--3	EQ	22449
PASS	quadratic	sign-7-2-0--3	LT	9170
PASS	quadratic	inverse-7-2-0--3	EQ	22459
PASS	quadratic	root-7-2-0--2	EQ	21869
PASS	quadratic	sign-7-2-0--2	LT	11029
PASS	quadratic	inverse-7-2-0--2	EQ	22948
PASS	quadratic	root-7-2-0--1	EQ	20568
PASS	quadratic	sign-7-2-0--1	LT	9749
PASS	quadratic	inverse-7-2-0--1	EQ	21259
PASS	quadratic	root-7-2-0-0	EQ	14479
PASS	quadratic	sign-7-2-0-0	EQ	6660
PASS	quadratic	root-7-2-0-1	EQ	19768
PASS	quadratic	sign-7-2-0-1	GT	9129
PASS	quadratic	inverse-7-2-0-1	EQ	22059
PASS	quadratic	root-7-2-0-2	EQ	20819
PASS	quadratic	sign-7-2-0-2	GT	10159
PASS	quadratic	inverse-7-2-0-2	EQ	21368
PASS	quadratic	root-7-2-0-3	EQ	18849
PASS	quadratic	sign-7-2-0-3	GT	9540
PASS	quadratic	inverse-7-2-0-3	EQ	21469
PASS	quadratic	root-7-2-1--3	EQ	105973
PASS	quadratic	sign-7-2-1--3	LT	26148
PASS	quadratic	inverse-7-2-1--3	EQ	69895
PASS	quadratic	root-7-2-1--2	EQ	88404
PASS	quadratic	sign-7-2-1--2	LT	24248
PASS	quadratic	inverse-7-2-1--2	EQ	65976
PASS	quadratic	root-7-2-1--1	EQ	114002
PASS	quadratic	sign-7-2-1--1	LT	28888
PASS	quadratic	inverse-7-2-1--1	EQ	75005
PASS	quadratic	root-7-2-1-0	EQ	18488
PASS	quadratic	sign-7-2-1-0	GT	6950
PASS	quadratic	inverse-7-2-1-0	EQ	16558
PASS	quadratic	root-7-2-1-1	EQ	61306
PASS	quadratic	sign-7-2-1-1	GT	13959
PASS	quadratic	inverse-7-2-1-1	EQ	77205
PASS	quadratic	root-7-2-1-2	EQ	35538
PASS	quadratic	sign-7-2-1-2	GT	7239
PASS	quadratic	inverse-7-2-1-2	EQ	44617
PASS	quadratic	root-7-2-1-3	EQ	45077
PASS	quadratic	sign-7-2-1-3	GT	7860
PASS	quadratic	inverse-7-2-1-3	EQ	44777
PASS	quadratic	root-7-2-2--3	EQ	66255
PASS	quadratic	sign-7-2-2--3	LT	22648
PASS	quadratic	inverse-7-2-2--3	EQ	43347
PASS	quadratic	root-7-2-2--2	EQ	57926
PASS	quadratic	sign-7-2-2--2	LT	12590
PASS	quadratic	inverse-7-2-2--2	EQ	38348
PASS	quadratic	root-7-2-2--1	EQ	61876
PASS	quadratic	sign-7-2-2--1	LT	16709
PASS	quadratic	inverse-7-2-2--1	EQ	44547
PASS	quadratic	root-7-2-2-0	EQ	11439
PASS	quadratic	sign-7-2-2-0	GT	4260
PASS	quadratic	inverse-7-2-2-0	EQ	9099
PASS	quadratic	root-7-2-2-1	EQ	33658
PASS	quadratic	sign-7-2-2-1	GT	7830
PASS	quadratic	inverse-7-2-2-1	EQ	45657
PASS	quadratic	root-7-2-2-2	EQ	32998
PASS	quadratic	sign-7-2-2-2	GT	7129
PASS	quadratic	inverse-7-2-2-2	EQ	43337
PASS	quadratic	root-7-2-2-3	EQ	36917
PASS	quadratic	sign-7-2-2-3	GT	7679
PASS	quadratic	inverse-7-2-2-3	EQ	48647
PASS	quadratic	root-7-2-3--3	EQ	94973
PASS	quadratic	sign-7-2-3--3	LT	20228
PASS	quadratic	inverse-7-2-3--3	EQ	47237
PASS	quadratic	root-7-2-3--2	EQ	58586
PASS	quadratic	sign-7-2-3--2	LT	14369
PASS	quadratic	inverse-7-2-3--2	EQ	39157
PASS	quadratic	root-7-2-3--1	EQ	40917
PASS	quadratic	sign-7-2-3--1	GT	16289
PASS	quadratic	inverse-7-2-3--1	EQ	45527
PASS	quadratic	root-7-2-3-0	EQ	10479
PASS	quadratic	sign-7-2-3-0	GT	4039
PASS	quadratic	inverse-7-2-3-0	EQ	9760
PASS	quadratic	root-7-2-3-1	EQ	31267
PASS	quadratic	sign-7-2-3-1	GT	7650
PASS	quadratic	inverse-7-2-3-1	EQ	44947
PASS	quadratic	root-7-2-3-2	EQ	32678
PASS	quadratic	sign-7-2-3-2	GT	7029
PASS	quadratic	inverse-7-2-3-2	EQ	42137
PASS	quadratic	root-7-2-3-3	EQ	34897
PASS	quadratic	sign-7-2-3-3	GT	7369
PASS	quadratic	inverse-7-2-3-3	EQ	43497
PASS	tower-1	expanded--3--1	EQ	40737
PASS	tower-1	inverse--3--1	EQ	41447
PASS	tower-1	expanded--3-1	EQ	56057
PASS	tower-1	inverse--3-1	EQ	41797
PASS	tower-1	expanded--2--1	EQ	39577
PASS	tower-1	inverse--2--1	EQ	39777
PASS	tower-1	expanded--2-1	EQ	55396
PASS	tower-1	inverse--2-1	EQ	41657
PASS	tower-1	expanded--1--1	EQ	45357
PASS	tower-1	inverse--1--1	EQ	33498
PASS	tower-1	expanded--1-1	EQ	46446
PASS	tower-1	inverse--1-1	EQ	36378
PASS	tower-1	expanded-0--1	EQ	11950
PASS	tower-1	inverse-0--1	EQ	15569
PASS	tower-1	expanded-0-1	EQ	10429
PASS	tower-1	inverse-0-1	EQ	13089
PASS	tower-1	expanded-1--1	EQ	52377
PASS	tower-1	inverse-1--1	EQ	31088
PASS	tower-1	expanded-1-1	EQ	29338
PASS	tower-1	inverse-1-1	EQ	30558
PASS	tower-1	expanded-2--1	EQ	37938
PASS	tower-1	inverse-2--1	EQ	40358
PASS	tower-1	expanded-2-1	EQ	26869
PASS	tower-1	inverse-2-1	EQ	41248
PASS	tower-1	expanded-3--1	EQ	37857
PASS	tower-1	inverse-3--1	EQ	41567
PASS	tower-1	expanded-3-1	EQ	27718
PASS	tower-1	inverse-3-1	EQ	58226
PASS	tower-2	expanded--3--1	EQ	249353
PASS	tower-2	inverse--3--1	EQ	238543
PASS	tower-2	expanded--3-1	EQ	231594
PASS	tower-2	inverse--3-1	EQ	241354
PASS	tower-2	expanded--2--1	EQ	209026
PASS	tower-2	inverse--2--1	EQ	227365
PASS	tower-2	expanded--2-1	EQ	221125
PASS	tower-2	inverse--2-1	EQ	234724
PASS	tower-2	expanded--1--1	EQ	205476
PASS	tower-2	inverse--1--1	EQ	233384
PASS	tower-2	expanded--1-1	EQ	223114
PASS	tower-2	inverse--1-1	EQ	231934
PASS	tower-2	expanded-0--1	EQ	43287
PASS	tower-2	inverse-0--1	EQ	179978
PASS	tower-2	expanded-0-1	EQ	43717
PASS	tower-2	inverse-0-1	EQ	166499
PASS	tower-2	expanded-1--1	EQ	225095
PASS	tower-2	inverse-1--1	EQ	234264
PASS	tower-2	expanded-1-1	EQ	200436
PASS	tower-2	inverse-1-1	EQ	220264
PASS	tower-2	expanded-2--1	EQ	231864
PASS	tower-2	inverse-2--1	EQ	229605
PASS	tower-2	expanded-2-1	EQ	201336
PASS	tower-2	inverse-2-1	EQ	209885
PASS	tower-2	expanded-3--1	EQ	236624
PASS	tower-2	inverse-3--1	EQ	234134
PASS	tower-2	expanded-3-1	EQ	213145
PASS	tower-2	inverse-3-1	EQ	210536
PASS	tower-3	expanded--3--1	EQ	344366
PASS	tower-3	inverse--3--1	EQ	321748
PASS	tower-3	expanded--3-1	EQ	348856
PASS	tower-3	inverse--3-1	EQ	337537
PASS	tower-3	expanded--2--1	EQ	323738
PASS	tower-3	inverse--2--1	EQ	324057
PASS	tower-3	expanded--2-1	EQ	340067
PASS	tower-3	inverse--2-1	EQ	324358
PASS	tower-3	expanded--1--1	EQ	341307
PASS	tower-3	inverse--1--1	EQ	372404
PASS	tower-3	expanded--1-1	EQ	351216
PASS	tower-3	inverse--1-1	EQ	325838
PASS	tower-3	expanded-0--1	EQ	60396
PASS	tower-3	inverse-0--1	EQ	260662
PASS	tower-3	expanded-0-1	EQ	59036
PASS	tower-3	inverse-0-1	EQ	255253
PASS	tower-3	expanded-1--1	EQ	334437
PASS	tower-3	inverse-1--1	EQ	381004
PASS	tower-3	expanded-1-1	EQ	320598
PASS	tower-3	inverse-1-1	EQ	330007
PASS	tower-3	expanded-2--1	EQ	339077
PASS	tower-3	inverse-2--1	EQ	323158
PASS	tower-3	expanded-2-1	EQ	322568
PASS	tower-3	inverse-2-1	EQ	316598
PASS	tower-3	expanded-3--1	EQ	348646
PASS	tower-3	inverse-3--1	EQ	323118
PASS	tower-3	expanded-3-1	EQ	325048
PASS	tower-3	inverse-3-1	EQ	305879
PASS	tower-4	expanded--3--1	EQ	594629
PASS	tower-4	inverse--3--1	EQ	556442
PASS	tower-4	expanded--3-1	EQ	609579
PASS	tower-4	inverse--3-1	EQ	577640
PASS	tower-4	expanded--2--1	EQ	576521
PASS	tower-4	inverse--2--1	EQ	483937
PASS	tower-4	expanded--2-1	EQ	586950
PASS	tower-4	inverse--2-1	EQ	546142
PASS	tower-4	expanded--1--1	EQ	562602
PASS	tower-4	inverse--1--1	EQ	535883
PASS	tower-4	expanded--1-1	EQ	575000
PASS	tower-4	inverse--1-1	EQ	524444
PASS	tower-4	expanded-0--1	EQ	80284
PASS	tower-4	inverse-0--1	EQ	378324
PASS	tower-4	expanded-0-1	EQ	81824
PASS	tower-4	inverse-0-1	EQ	401612
PASS	tower-4	expanded-1--1	EQ	593009
PASS	tower-4	inverse-1--1	EQ	529124
PASS	tower-4	expanded-1-1	EQ	566412
PASS	tower-4	inverse-1-1	EQ	526644
PASS	tower-4	expanded-2--1	EQ	596719
PASS	tower-4	inverse-2--1	EQ	535793
PASS	tower-4	expanded-2-1	EQ	622687
PASS	tower-4	inverse-2-1	EQ	480547
PASS	tower-4	expanded-3--1	EQ	901228
PASS	tower-4	inverse-3--1	EQ	1001412
PASS	tower-4	expanded-3-1	EQ	1065867
PASS	tower-4	inverse-3-1	EQ	564571
PASS	tower-5	expanded--3--1	EQ	1175820
PASS	tower-5	inverse--3--1	EQ	1370366
PASS	tower-5	expanded--3-1	EQ	1199018
PASS	tower-5	inverse--3-1	EQ	1139052
PASS	tower-5	expanded--2--1	EQ	1171659
PASS	tower-5	inverse--2--1	EQ	902148
PASS	tower-5	expanded--2-1	EQ	1252704
PASS	tower-5	inverse--2-1	EQ	1071687
PASS	tower-5	expanded--1--1	EQ	996701
PASS	tower-5	inverse--1--1	EQ	914318
PASS	tower-5	expanded--1-1	EQ	1032019
PASS	tower-5	inverse--1-1	EQ	949865
PASS	tower-5	expanded-0--1	EQ	133751
PASS	tower-5	inverse-0--1	EQ	648246
PASS	tower-5	expanded-0-1	EQ	98384
PASS	tower-5	inverse-0-1	EQ	655985
PASS	tower-5	expanded-1--1	EQ	984633
PASS	tower-5	inverse-1--1	EQ	885289
PASS	tower-5	expanded-1-1	EQ	936566
PASS	tower-5	inverse-1-1	EQ	968844
PASS	tower-5	expanded-2--1	EQ	1280232
PASS	tower-5	inverse-2--1	EQ	961654
PASS	tower-5	expanded-2-1	EQ	1164490
PASS	tower-5	inverse-2-1	EQ	930056
PASS	tower-5	expanded-3--1	EQ	1248624
PASS	tower-5	inverse-3--1	EQ	1104724
PASS	tower-5	expanded-3-1	EQ	1200148
PASS	tower-5	inverse-3-1	EQ	1106104
PASS	independent	surd-2-3--1--1	EQ	122732
PASS	independent	surd-2-3--1-1	EQ	55307
PASS	independent	surd-2-3-1--1	EQ	121712
PASS	independent	surd-2-3-1-1	EQ	35657
PASS	independent	surd-2-5--1--1	EQ	111732
PASS	independent	surd-2-5--1-1	EQ	73165
PASS	independent	surd-2-5-1--1	EQ	130661
PASS	independent	surd-2-5-1-1	EQ	36137
PASS	independent	surd-3-7--1--1	EQ	107533
PASS	independent	surd-3-7--1-1	EQ	75555
PASS	independent	surd-3-7-1--1	EQ	124191
PASS	independent	surd-3-7-1-1	EQ	36087
PASS	independent	surd-5-7--1--1	EQ	133041
PASS	independent	surd-5-7--1-1	EQ	96654
PASS	independent	surd-5-7-1--1	EQ	224265
PASS	independent	surd-5-7-1-1	EQ	62276
SUMMARY	1324	0	0	1324
