PASS	quadratic	root-2-1--3--3	EQ	63706
PASS	quadratic	sign-2-1--3--3	LT	3479
PASS	quadratic	inverse-2-1--3--3	EQ	36258
PASS	quadratic	root-2-1--3--2	EQ	20099
PASS	quadratic	sign-2-1--3--2	LT	2449
PASS	quadratic	inverse-2-1--3--2	EQ	13399
PASS	quadratic	root-2-1--3--1	EQ	12349
PASS	quadratic	sign-2-1--3--1	LT	2170
PASS	quadratic	inverse-2-1--3--1	EQ	13279
PASS	quadratic	root-2-1--3-0	EQ	2859
PASS	quadratic	sign-2-1--3-0	LT	1050
PASS	quadratic	inverse-2-1--3-0	EQ	2670
PASS	quadratic	root-2-1--3-1	EQ	27768
PASS	quadratic	sign-2-1--3-1	LT	3170
PASS	quadratic	inverse-2-1--3-1	EQ	12339
PASS	quadratic	root-2-1--3-2	EQ	35298
PASS	quadratic	sign-2-1--3-2	LT	3680
PASS	quadratic	inverse-2-1--3-2	EQ	11509
PASS	quadratic	root-2-1--3-3	EQ	19868
PASS	quadratic	sign-2-1--3-3	GT	4030
PASS	quadratic	inverse-2-1--3-3	EQ	12019
PASS	quadratic	root-2-1--2--3	EQ	18958
PASS	quadratic	sign-2-1--2--3	LT	2010
PASS	quadratic	inverse-2-1--2--3	EQ	22868
PASS	quadratic	root-2-1--2--2	EQ	15629
PASS	quadratic	sign-2-1--2--2	LT	2349
PASS	quadratic	inverse-2-1--2--2	EQ	18549
PASS	quadratic	root-2-1--2--1	EQ	12519
PASS	quadratic	sign-2-1--2--1	LT	2170
PASS	quadratic	inverse-2-1--2--1	EQ	11150
PASS	quadratic	root-2-1--2-0	EQ	2750
PASS	quadratic	sign-2-1--2-0	LT	1110
PASS	quadratic	inverse-2-1--2-0	EQ	2600
PASS	quadratic	root-2-1--2-1	EQ	16169
PASS	quadratic	sign-2-1--2-1	LT	2850
PASS	quadratic	inverse-2-1--2-1	EQ	11259
PASS	quadratic	root-2-1--2-2	EQ	23458
PASS	quadratic	sign-2-1--2-2	GT	3790
PASS	quadratic	inverse-2-1--2-2	EQ	11050
PASS	quadratic	root-2-1--2-3	EQ	18449
PASS	quadratic	sign-2-1--2-3	GT	3990
PASS	quadratic	inverse-2-1--2-3	EQ	12350
PASS	quadratic	root-2-1--1--3	EQ	13489
PASS	quadratic	sign-2-1--1--3	LT	2020
PASS	quadratic	inverse-2-1--1--3	EQ	18249
PASS	quadratic	root-2-1--1--2	EQ	14519
PASS	quadratic	sign-2-1--1--2	LT	2150
PASS	quadratic	inverse-2-1--1--2	EQ	13089
PASS	quadratic	root-2-1--1--1	EQ	10709
PASS	quadratic	sign-2-1--1--1	LT	1960
PASS	quadratic	inverse-2-1--1--1	EQ	8630
PASS	quadratic	root-2-1--1-0	EQ	2589
PASS	quadratic	sign-2-1--1-0	LT	1090
PASS	quadratic	inverse-2-1--1-0	EQ	2520
PASS	quadratic	root-2-1--1-1	EQ	13689
PASS	quadratic	sign-2-1--1-1	GT	2769
PASS	quadratic	inverse-2-1--1-1	EQ	8260
PASS	quadratic	root-2-1--1-2	EQ	18289
PASS	quadratic	sign-2-1--1-2	GT	3390
PASS	quadratic	inverse-2-1--1-2	EQ	17129
PASS	quadratic	root-2-1--1-3	EQ	29408
PASS	quadratic	sign-2-1--1-3	GT	4960
PASS	quadratic	inverse-2-1--1-3	EQ	14699
PASS	quadratic	root-2-1-0--3	EQ	3909
PASS	quadratic	sign-2-1-0--3	LT	1410
PASS	quadratic	inverse-2-1-0--3	EQ	4640
PASS	quadratic	root-2-1-0--2	EQ	3120
PASS	quadratic	sign-2-1-0--2	LT	1390
PASS	quadratic	inverse-2-1-0--2	EQ	3519
PASS	quadratic	root-2-1-0--1	EQ	3100
PASS	quadratic	sign-2-1-0--1	LT	1610
PASS	quadratic	inverse-2-1-0--1	EQ	3899
PASS	quadratic	root-2-1-0-0	EQ	2040
PASS	quadratic	sign-2-1-0-0	EQ	990
PASS	quadratic	root-2-1-0-1	EQ	2859
PASS	quadratic	sign-2-1-0-1	GT	1560
PASS	quadratic	inverse-2-1-0-1	EQ	3890
PASS	quadratic	root-2-1-0-2	EQ	2940
PASS	quadratic	sign-2-1-0-2	GT	1500
PASS	quadratic	inverse-2-1-0-2	EQ	3739
PASS	quadratic	root-2-1-0-3	EQ	2710
PASS	quadratic	sign-2-1-0-3	GT	1440
PASS	quadratic	inverse-2-1-0-3	EQ	4020
PASS	quadratic	root-2-1-1--3	EQ	21288
PASS	quadratic	sign-2-1-1--3	LT	3910
PASS	quadratic	inverse-2-1-1--3	EQ	12750
PASS	quadratic	root-2-1-1--2	EQ	19159
PASS	quadratic	sign-2-1-1--2	LT	3800
PASS	quadratic	inverse-2-1-1--2	EQ	11840
PASS	quadratic	root-2-1-1--1	EQ	15259
PASS	quadratic	sign-2-1-1--1	LT	3140
PASS	quadratic	inverse-2-1-1--1	EQ	8159
PASS	quadratic	root-2-1-1-0	EQ	2360
PASS	quadratic	sign-2-1-1-0	GT	1239
PASS	quadratic	inverse-2-1-1-0	EQ	2310
PASS	quadratic	root-2-1-1-1	EQ	8849
PASS	quadratic	sign-2-1-1-1	GT	1710
PASS	quadratic	inverse-2-1-1-1	EQ	8429
PASS	quadratic	root-2-1-1-2	EQ	13859
PASS	quadratic	sign-2-1-1-2	GT	2060
PASS	quadratic	inverse-2-1-1-2	EQ	11949
PASS	quadratic	root-2-1-1-3	EQ	14210
PASS	quadratic	sign-2-1-1-3	GT	2050
PASS	quadratic	inverse-2-1-1-3	EQ	11909
PASS	quadratic	root-2-1-2--3	EQ	17789
PASS	quadratic	sign-2-1-2--3	LT	3860
PASS	quadratic	inverse-2-1-2--3	EQ	11929
PASS	quadratic	root-2-1-2--2	EQ	19229
PASS	quadratic	sign-2-1-2--2	LT	3910
PASS	quadratic	inverse-2-1-2--2	EQ	11650
PASS	quadratic	root-2-1-2--1	EQ	10240
PASS	quadratic	sign-2-1-2--1	GT	3530
PASS	quadratic	inverse-2-1-2--1	EQ	10829
PASS	quadratic	root-2-1-2-0	EQ	2470
PASS	quadratic	sign-2-1-2-0	GT	960
PASS	quadratic	inverse-2-1-2-0	EQ	2560
PASS	quadratic	root-2-1-2-1	EQ	7360
PASS	quadratic	sign-2-1-2-1	GT	1710
PASS	quadratic	inverse-2-1-2-1	EQ	11089
PASS	quadratic	root-2-1-2-2	EQ	13689
PASS	quadratic	sign-2-1-2-2	GT	1890
PASS	quadratic	inverse-2-1-2-2	EQ	11689
PASS	quadratic	root-2-1-2-3	EQ	14019
PASS	quadratic	sign-2-1-2-3	GT	2020
PASS	quadratic	inverse-2-1-2-3	EQ	11959
PASS	quadratic	root-2-1-3--3	EQ	16779
PASS	quadratic	sign-2-1-3--3	LT	3939
PASS	quadratic	inverse-2-1-3--3	EQ	11309
PASS	quadratic	root-2-1-3--2	EQ	18969
PASS	quadratic	sign-2-1-3--2	GT	3989
PASS	quadratic	inverse-2-1-3--2	EQ	10909
PASS	quadratic	root-2-1-3--1	EQ	9920
PASS	quadratic	sign-2-1-3--1	GT	3510
PASS	quadratic	inverse-2-1-3--1	EQ	11479
PASS	quadratic	root-2-1-3-0	EQ	2510
PASS	quadratic	sign-2-1-3-0	GT	1000
PASS	quadratic	inverse-2-1-3-0	EQ	2470
PASS	quadratic	root-2-1-3-1	EQ	8030
PASS	quadratic	sign-2-1-3-1	GT	1710
PASS	quadratic	inverse-2-1-3-1	EQ	11379
PASS	quadratic	root-2-1-3-2	EQ	14159
PASS	quadratic	sign-2-1-3-2	GT	1940
PASS	quadratic	inverse-2-1-3-2	EQ	15988
PASS	quadratic	root-2-1-3-3	EQ	14729
PASS	quadratic	sign-2-1-3-3	GT	2080
PASS	quadratic	inverse-2-1-3-3	EQ	12079
PASS	quadratic	root-2-2--3--3	EQ	15809
PASS	quadratic	sign-2-2--3--3	LT	2010
PASS	quadratic	inverse-2-2--3--3	EQ	13229
PASS	quadratic	root-2-2--3--2	EQ	18749
PASS	quadratic	sign-2-2--3--2	LT	2280
PASS	quadratic	inverse-2-2--3--2	EQ	11979
PASS	quadratic	root-2-2--3--1	EQ	20558
PASS	quadratic	sign-2-2--3--1	LT	2340
PASS	quadratic	inverse-2-2--3--1	EQ	15369
PASS	quadratic	root-2-2--3-0	EQ	2919
PASS	quadratic	sign-2-2--3-0	LT	1210
PASS	quadratic	inverse-2-2--3-0	EQ	2730
PASS	quadratic	root-2-2--3-1	EQ	19558
PASS	quadratic	sign-2-2--3-1	LT	3550
PASS	quadratic	inverse-2-2--3-1	EQ	13009
PASS	quadratic	root-2-2--3-2	EQ	15969
PASS	quadratic	sign-2-2--3-2	LT	3729
PASS	quadratic	inverse-2-2--3-2	EQ	28218
PASS	quadratic	root-2-2--3-3	EQ	22958
PASS	quadratic	sign-2-2--3-3	GT	3770
PASS	quadratic	inverse-2-2--3-3	EQ	11799
PASS	quadratic	root-2-2--2--3	EQ	13979
PASS	quadratic	sign-2-2--2--3	LT	2200
PASS	quadratic	inverse-2-2--2--3	EQ	13609
PASS	quadratic	root-2-2--2--2	EQ	11689
PASS	quadratic	sign-2-2--2--2	LT	2210
PASS	quadratic	inverse-2-2--2--2	EQ	10580
PASS	quadratic	root-2-2--2--1	EQ	14139
PASS	quadratic	sign-2-2--2--1	LT	2190
PASS	quadratic	inverse-2-2--2--1	EQ	13319
PASS	quadratic	root-2-2--2-0	EQ	2900
PASS	quadratic	sign-2-2--2-0	LT	1210
PASS	quadratic	inverse-2-2--2-0	EQ	2460
PASS	quadratic	root-2-2--2-1	EQ	18329
PASS	quadratic	sign-2-2--2-1	LT	3830
PASS	quadratic	inverse-2-2--2-1	EQ	12399
PASS	quadratic	root-2-2--2-2	EQ	13879
PASS	quadratic	sign-2-2--2-2	GT	2819
PASS	quadratic	inverse-2-2--2-2	EQ	9570
PASS	quadratic	root-2-2--2-3	EQ	19399
PASS	quadratic	sign-2-2--2-3	GT	3680
PASS	quadratic	inverse-2-2--2-3	EQ	12420
PASS	quadratic	root-2-2--1--3	EQ	14149
PASS	quadratic	sign-2-2--1--3	LT	2030
PASS	quadratic	inverse-2-2--1--3	EQ	18478
PASS	quadratic	root-2-2--1--2	EQ	12339
PASS	quadratic	sign-2-2--1--2	LT	2190
PASS	quadratic	inverse-2-2--1--2	EQ	12809
PASS	quadratic	root-2-2--1--1	EQ	15029
PASS	quadratic	sign-2-2--1--1	LT	2240
PASS	quadratic	inverse-2-2--1--1	EQ	11729
PASS	quadratic	root-2-2--1-0	EQ	2780
PASS	quadratic	sign-2-2--1-0	LT	1020
PASS	quadratic	inverse-2-2--1-0	EQ	2759
PASS	quadratic	root-2-2--1-1	EQ	24458
PASS	quadratic	sign-2-2--1-1	GT	4240
PASS	quadratic	inverse-2-2--1-1	EQ	11039
PASS	quadratic	root-2-2--1-2	EQ	13609
PASS	quadratic	sign-2-2--1-2	GT	2789
PASS	quadratic	inverse-2-2--1-2	EQ	11679
PASS	quadratic	root-2-2--1-3	EQ	17999
PASS	quadratic	sign-2-2--1-3	GT	3599
PASS	quadratic	inverse-2-2--1-3	EQ	11659
PASS	quadratic	root-2-2-0--3	EQ	3270
PASS	quadratic	sign-2-2-0--3	LT	1540
PASS	quadratic	inverse-2-2-0--3	EQ	3759
PASS	quadratic	root-2-2-0--2	EQ	2980
PASS	quadratic	sign-2-2-0--2	LT	1810
PASS	quadratic	inverse-2-2-0--2	EQ	4110
PASS	quadratic	root-2-2-0--1	EQ	3369
PASS	quadratic	sign-2-2-0--1	LT	1290
PASS	quadratic	inverse-2-2-0--1	EQ	3190
PASS	quadratic	root-2-2-0-0	EQ	2090
PASS	quadratic	sign-2-2-0-0	EQ	1000
PASS	quadratic	root-2-2-0-1	EQ	3280
PASS	quadratic	sign-2-2-0-1	GT	1419
PASS	quadratic	inverse-2-2-0-1	EQ	3350
PASS	quadratic	root-2-2-0-2	EQ	2790
PASS	quadratic	sign-2-2-0-2	GT	1510
PASS	quadratic	inverse-2-2-0-2	EQ	3430
PASS	quadratic	root-2-2-0-3	EQ	2770
PASS	quadratic	sign-2-2-0-3	GT	1350
PASS	quadratic	inverse-2-2-0-3	EQ	3320
PASS	quadratic	root-2-2-1--3	EQ	18358
PASS	quadratic	sign-2-2-1--3	LT	3830
PASS	quadratic	inverse-2-2-1--3	EQ	11629
PASS	quadratic	root-2-2-1--2	EQ	15169
PASS	quadratic	sign-2-2-1--2	LT	3440
PASS	quadratic	inverse-2-2-1--2	EQ	10719
PASS	quadratic	root-2-2-1--1	EQ	16909
PASS	quadratic	sign-2-2-1--1	LT	3839
PASS	quadratic	inverse-2-2-1--1	EQ	10939
PASS	quadratic	root-2-2-1-0	EQ	2650
PASS	quadratic	sign-2-2-1-0	GT	1100
PASS	quadratic	inverse-2-2-1-0	EQ	2589
PASS	quadratic	root-2-2-1-1	EQ	14469
PASS	quadratic	sign-2-2-1-1	GT	2150
PASS	quadratic	inverse-2-2-1-1	EQ	11669
PASS	quadratic	root-2-2-1-2	EQ	8579
PASS	quadratic	sign-2-2-1-2	GT	1860
PASS	quadratic	inverse-2-2-1-2	EQ	12259
PASS	quadratic	root-2-2-1-3	EQ	14009
PASS	quadratic	sign-2-2-1-3	GT	2050
PASS	quadratic	inverse-2-2-1-3	EQ	12209
PASS	quadratic	root-2-2-2--3	EQ	17369
PASS	quadratic	sign-2-2-2--3	LT	3809
PASS	quadratic	inverse-2-2-2--3	EQ	11519
PASS	quadratic	root-2-2-2--2	EQ	15669
PASS	quadratic	sign-2-2-2--2	LT	3280
PASS	quadratic	inverse-2-2-2--2	EQ	17469
PASS	quadratic	root-2-2-2--1	EQ	19728
PASS	quadratic	sign-2-2-2--1	GT	3860
PASS	quadratic	inverse-2-2-2--1	EQ	12389
PASS	quadratic	root-2-2-2-0	EQ	2529
PASS	quadratic	sign-2-2-2-0	GT	1160
PASS	quadratic	inverse-2-2-2-0	EQ	2430
PASS	quadratic	root-2-2-2-1	EQ	14369
PASS	quadratic	sign-2-2-2-1	GT	2160
PASS	quadratic	inverse-2-2-2-1	EQ	12819
PASS	quadratic	root-2-2-2-2	EQ	8969
PASS	quadratic	sign-2-2-2-2	GT	1850
PASS	quadratic	inverse-2-2-2-2	EQ	10389
PASS	quadratic	root-2-2-2-3	EQ	14029
PASS	quadratic	sign-2-2-2-3	GT	2130
PASS	quadratic	inverse-2-2-2-3	EQ	12730
PASS	quadratic	root-2-2-3--3	EQ	16599
PASS	quadratic	sign-2-2-3--3	LT	3450
PASS	quadratic	inverse-2-2-3--3	EQ	11119
PASS	quadratic	root-2-2-3--2	EQ	10499
PASS	quadratic	sign-2-2-3--2	GT	3749
PASS	quadratic	inverse-2-2-3--2	EQ	14979
PASS	quadratic	root-2-2-3--1	EQ	19589
PASS	quadratic	sign-2-2-3--1	GT	4090
PASS	quadratic	inverse-2-2-3--1	EQ	19009
PASS	quadratic	root-2-2-3-0	EQ	2740
PASS	quadratic	sign-2-2-3-0	GT	960
PASS	quadratic	inverse-2-2-3-0	EQ	2690
PASS	quadratic	root-2-2-3-1	EQ	15269
PASS	quadratic	sign-2-2-3-1	GT	2050
PASS	quadratic	inverse-2-2-3-1	EQ	13029
PASS	quadratic	root-2-2-3-2	EQ	8029
PASS	quadratic	sign-2-2-3-2	GT	1660
PASS	quadratic	inverse-2-2-3-2	EQ	11279
PASS	quadratic	root-2-2-3-3	EQ	13939
PASS	quadratic	sign-2-2-3-3	GT	2040
PASS	quadratic	inverse-2-2-3-3	EQ	11879
PASS	quadratic	root-3-1--3--3	EQ	13939
PASS	quadratic	sign-3-1--3--3	LT	1990
PASS	quadratic	inverse-3-1--3--3	EQ	19048
PASS	quadratic	root-3-1--3--2	EQ	12809
PASS	quadratic	sign-3-1--3--2	LT	2150
PASS	quadratic	inverse-3-1--3--2	EQ	12029
PASS	quadratic	root-3-1--3--1	EQ	11080
PASS	quadratic	sign-3-1--3--1	LT	2079
PASS	quadratic	inverse-3-1--3--1	EQ	11649
PASS	quadratic	root-3-1--3-0	EQ	2710
PASS	quadratic	sign-3-1--3-0	LT	1060
PASS	quadratic	inverse-3-1--3-0	EQ	2699
PASS	quadratic	root-3-1--3-1	EQ	20639
PASS	quadratic	sign-3-1--3-1	LT	2989
PASS	quadratic	inverse-3-1--3-1	EQ	11279
PASS	quadratic	root-3-1--3-2	EQ	15909
PASS	quadratic	sign-3-1--3-2	GT	3400
PASS	quadratic	inverse-3-1--3-2	EQ	11690
PASS	quadratic	root-3-1--3-3	EQ	15369
PASS	quadratic	sign-3-1--3-3	GT	3590
PASS	quadratic	inverse-3-1--3-3	EQ	11639
PASS	quadratic	root-3-1--2--3	EQ	11289
PASS	quadratic	sign-3-1--2--3	LT	1850
PASS	quadratic	inverse-3-1--2--3	EQ	22619
PASS	quadratic	root-3-1--2--2	EQ	12309
PASS	quadratic	sign-3-1--2--2	LT	2039
PASS	quadratic	inverse-3-1--2--2	EQ	23609
PASS	quadratic	root-3-1--2--1	EQ	12229
PASS	quadratic	sign-3-1--2--1	LT	1970
PASS	quadratic	inverse-3-1--2--1	EQ	10399
PASS	quadratic	root-3-1--2-0	EQ	2699
PASS	quadratic	sign-3-1--2-0	LT	1040
PASS	quadratic	inverse-3-1--2-0	EQ	2720
PASS	quadratic	root-3-1--2-1	EQ	16249
PASS	quadratic	sign-3-1--2-1	LT	3120
PASS	quadratic	inverse-3-1--2-1	EQ	9159
PASS	quadratic	root-3-1--2-2	EQ	14849
PASS	quadratic	sign-3-1--2-2	GT	3400
PASS	quadratic	inverse-3-1--2-2	EQ	10820
PASS	quadratic	root-3-1--2-3	EQ	15549
PASS	quadratic	sign-3-1--2-3	GT	3580
PASS	quadratic	inverse-3-1--2-3	EQ	12089
PASS	quadratic	root-3-1--1--3	EQ	11569
PASS	quadratic	sign-3-1--1--3	LT	2010
PASS	quadratic	inverse-3-1--1--3	EQ	19329
PASS	quadratic	root-3-1--1--2	EQ	2808207
PASS	quadratic	sign-3-1--1--2	LT	2729
PASS	quadratic	inverse-3-1--1--2	EQ	22599
PASS	quadratic	root-3-1--1--1	EQ	11930
PASS	quadratic	sign-3-1--1--1	LT	1920
PASS	quadratic	inverse-3-1--1--1	EQ	10499
PASS	quadratic	root-3-1--1-0	EQ	2800
PASS	quadratic	sign-3-1--1-0	LT	970
PASS	quadratic	inverse-3-1--1-0	EQ	2440
PASS	quadratic	root-3-1--1-1	EQ	13949
PASS	quadratic	sign-3-1--1-1	GT	2700
PASS	quadratic	inverse-3-1--1-1	EQ	9599
PASS	quadratic	root-3-1--1-2	EQ	15059
PASS	quadratic	sign-3-1--1-2	GT	3420
PASS	quadratic	inverse-3-1--1-2	EQ	12819
PASS	quadratic	root-3-1--1-3	EQ	15609
PASS	quadratic	sign-3-1--1-3	GT	3769
PASS	quadratic	inverse-3-1--1-3	EQ	33978
PASS	quadratic	root-3-1-0--3	EQ	4570
PASS	quadratic	sign-3-1-0--3	LT	1670
PASS	quadratic	inverse-3-1-0--3	EQ	3799
PASS	quadratic	root-3-1-0--2	EQ	2690
PASS	quadratic	sign-3-1-0--2	LT	1460
PASS	quadratic	inverse-3-1-0--2	EQ	3300
PASS	quadratic	root-3-1-0--1	EQ	2980
PASS	quadratic	sign-3-1-0--1	LT	1540
PASS	quadratic	inverse-3-1-0--1	EQ	3550
PASS	quadratic	root-3-1-0-0	EQ	2170
PASS	quadratic	sign-3-1-0-0	EQ	960
PASS	quadratic	root-3-1-0-1	EQ	2880
PASS	quadratic	sign-3-1-0-1	GT	1680
PASS	quadratic	inverse-3-1-0-1	EQ	3749
PASS	quadratic	root-3-1-0-2	EQ	2990
PASS	quadratic	sign-3-1-0-2	GT	1360
PASS	quadratic	inverse-3-1-0-2	EQ	3439
PASS	quadratic	root-3-1-0-3	EQ	2790
PASS	quadratic	sign-3-1-0-3	GT	1380
PASS	quadratic	inverse-3-1-0-3	EQ	3469
PASS	quadratic	root-3-1-1--3	EQ	20329
PASS	quadratic	sign-3-1-1--3	LT	3690
PASS	quadratic	inverse-3-1-1--3	EQ	12159
PASS	quadratic	root-3-1-1--2	EQ	17599
PASS	quadratic	sign-3-1-1--2	LT	3759
PASS	quadratic	inverse-3-1-1--2	EQ	11649
PASS	quadratic	root-3-1-1--1	EQ	14759
PASS	quadratic	sign-3-1-1--1	LT	3070
PASS	quadratic	inverse-3-1-1--1	EQ	8990
PASS	quadratic	root-3-1-1-0	EQ	2369
PASS	quadratic	sign-3-1-1-0	GT	1050
PASS	quadratic	inverse-3-1-1-0	EQ	2380
PASS	quadratic	root-3-1-1-1	EQ	8789
PASS	quadratic	sign-3-1-1-1	GT	1730
PASS	quadratic	inverse-3-1-1-1	EQ	10119
PASS	quadratic	root-3-1-1-2	EQ	9059
PASS	quadratic	sign-3-1-1-2	GT	1750
PASS	quadratic	inverse-3-1-1-2	EQ	11999
PASS	quadratic	root-3-1-1-3	EQ	9279
PASS	quadratic	sign-3-1-1-3	GT	1970
PASS	quadratic	inverse-3-1-1-3	EQ	11710
PASS	quadratic	root-3-1-2--3	EQ	17669
PASS	quadratic	sign-3-1-2--3	LT	3890
PASS	quadratic	inverse-3-1-2--3	EQ	11750
PASS	quadratic	root-3-1-2--2	EQ	16839
PASS	quadratic	sign-3-1-2--2	LT	3900
PASS	quadratic	inverse-3-1-2--2	EQ	11009
PASS	quadratic	root-3-1-2--1	EQ	9839
PASS	quadratic	sign-3-1-2--1	GT	3430
PASS	quadratic	inverse-3-1-2--1	EQ	9130
PASS	quadratic	root-3-1-2-0	EQ	2549
PASS	quadratic	sign-3-1-2-0	GT	1060
PASS	quadratic	inverse-3-1-2-0	EQ	2740
PASS	quadratic	root-3-1-2-1	EQ	7469
PASS	quadratic	sign-3-1-2-1	GT	1720
PASS	quadratic	inverse-3-1-2-1	EQ	9639
PASS	quadratic	root-3-1-2-2	EQ	8929
PASS	quadratic	sign-3-1-2-2	GT	1780
PASS	quadratic	inverse-3-1-2-2	EQ	11819
PASS	quadratic	root-3-1-2-3	EQ	11549
PASS	quadratic	sign-3-1-2-3	GT	2170
PASS	quadratic	inverse-3-1-2-3	EQ	13079
PASS	quadratic	root-3-1-3--3	EQ	16739
PASS	quadratic	sign-3-1-3--3	LT	3779
PASS	quadratic	inverse-3-1-3--3	EQ	11469
PASS	quadratic	root-3-1-3--2	EQ	16089
PASS	quadratic	sign-3-1-3--2	LT	3680
PASS	quadratic	inverse-3-1-3--2	EQ	11590
PASS	quadratic	root-3-1-3--1	EQ	9490
PASS	quadratic	sign-3-1-3--1	GT	3510
PASS	quadratic	inverse-3-1-3--1	EQ	11379
PASS	quadratic	root-3-1-3-0	EQ	2450
PASS	quadratic	sign-3-1-3-0	GT	1080
PASS	quadratic	inverse-3-1-3-0	EQ	2700
PASS	quadratic	root-3-1-3-1	EQ	7939
PASS	quadratic	sign-3-1-3-1	GT	2060
PASS	quadratic	inverse-3-1-3-1	EQ	12149
PASS	quadratic	root-3-1-3-2	EQ	9519
PASS	quadratic	sign-3-1-3-2	GT	1770
PASS	quadratic	inverse-3-1-3-2	EQ	12000
PASS	quadratic	root-3-1-3-3	EQ	8930
PASS	quadratic	sign-3-1-3-3	GT	1949
PASS	quadratic	inverse-3-1-3-3	EQ	11869
PASS	quadratic	root-3-2--3--3	EQ	12659
PASS	quadratic	sign-3-2--3--3	LT	1890
PASS	quadratic	inverse-3-2--3--3	EQ	12409
PASS	quadratic	root-3-2--3--2	EQ	10979
PASS	quadratic	sign-3-2--3--2	LT	2070
PASS	quadratic	inverse-3-2--3--2	EQ	12300
PASS	quadratic	root-3-2--3--1	EQ	13689
PASS	quadratic	sign-3-2--3--1	LT	2040
PASS	quadratic	inverse-3-2--3--1	EQ	13509
PASS	quadratic	root-3-2--3-0	EQ	2700
PASS	quadratic	sign-3-2--3-0	LT	950
PASS	quadratic	inverse-3-2--3-0	EQ	2580
PASS	quadratic	root-3-2--3-1	EQ	24818
PASS	quadratic	sign-3-2--3-1	LT	3800
PASS	quadratic	inverse-3-2--3-1	EQ	29618
PASS	quadratic	root-3-2--3-2	EQ	16759
PASS	quadratic	sign-3-2--3-2	GT	2930
PASS	quadratic	inverse-3-2--3-2	EQ	12419
PASS	quadratic	root-3-2--3-3	EQ	15989
PASS	quadratic	sign-3-2--3-3	GT	3349
PASS	quadratic	inverse-3-2--3-3	EQ	11709
PASS	quadratic	root-3-2--2--3	EQ	12369
PASS	quadratic	sign-3-2--2--3	LT	2010
PASS	quadratic	inverse-3-2--2--3	EQ	13499
PASS	quadratic	root-3-2--2--2	EQ	11279
PASS	quadratic	sign-3-2--2--2	LT	1960
PASS	quadratic	inverse-3-2--2--2	EQ	11490
PASS	quadratic	root-3-2--2--1	EQ	11850
PASS	quadratic	sign-3-2--2--1	LT	2380
PASS	quadratic	inverse-3-2--2--1	EQ	12299
PASS	quadratic	root-3-2--2-0	EQ	2800
PASS	quadratic	sign-3-2--2-0	LT	1089
PASS	quadratic	inverse-3-2--2-0	EQ	2530
PASS	quadratic	root-3-2--2-1	EQ	18099
PASS	quadratic	sign-3-2--2-1	LT	3820
PASS	quadratic	inverse-3-2--2-1	EQ	11359
PASS	quadratic	root-3-2--2-2	EQ	13159
PASS	quadratic	sign-3-2--2-2	GT	2620
PASS	quadratic	inverse-3-2--2-2	EQ	10200
PASS	quadratic	root-3-2--2-3	EQ	15798
PASS	quadratic	sign-3-2--2-3	GT	3610
PASS	quadratic	inverse-3-2--2-3	EQ	11869
PASS	quadratic	root-3-2--1--3	EQ	12229
PASS	quadratic	sign-3-2--1--3	LT	2010
PASS	quadratic	inverse-3-2--1--3	EQ	13539
PASS	quadratic	root-3-2--1--2	EQ	10919
PASS	quadratic	sign-3-2--1--2	LT	2270
PASS	quadratic	inverse-3-2--1--2	EQ	17919
PASS	quadratic	root-3-2--1--1	EQ	13560
PASS	quadratic	sign-3-2--1--1	LT	1920
PASS	quadratic	inverse-3-2--1--1	EQ	12079
PASS	quadratic	root-3-2--1-0	EQ	2720
PASS	quadratic	sign-3-2--1-0	LT	1049
PASS	quadratic	inverse-3-2--1-0	EQ	2390
PASS	quadratic	root-3-2--1-1	EQ	16439
PASS	quadratic	sign-3-2--1-1	GT	3249
PASS	quadratic	inverse-3-2--1-1	EQ	10959
PASS	quadratic	root-3-2--1-2	EQ	12489
PASS	quadratic	sign-3-2--1-2	GT	3020
PASS	quadratic	inverse-3-2--1-2	EQ	11579
PASS	quadratic	root-3-2--1-3	EQ	15069
PASS	quadratic	sign-3-2--1-3	GT	3300
PASS	quadratic	inverse-3-2--1-3	EQ	11809
PASS	quadratic	root-3-2-0--3	EQ	3540
PASS	quadratic	sign-3-2-0--3	LT	1410
PASS	quadratic	inverse-3-2-0--3	EQ	3920
PASS	quadratic	root-3-2-0--2	EQ	3060
PASS	quadratic	sign-3-2-0--2	LT	1619
PASS	quadratic	inverse-3-2-0--2	EQ	3750
PASS	quadratic	root-3-2-0--1	EQ	3070
PASS	quadratic	sign-3-2-0--1	LT	1400
PASS	quadratic	inverse-3-2-0--1	EQ	3340
PASS	quadratic	root-3-2-0-0	EQ	2260
PASS	quadratic	sign-3-2-0-0	EQ	940
PASS	quadratic	root-3-2-0-1	EQ	2930
PASS	quadratic	sign-3-2-0-1	GT	1560
PASS	quadratic	inverse-3-2-0-1	EQ	3610
PASS	quadratic	root-3-2-0-2	EQ	2940
PASS	quadratic	sign-3-2-0-2	GT	1460
PASS	quadratic	inverse-3-2-0-2	EQ	3510
PASS	quadratic	root-3-2-0-3	EQ	2820
PASS	quadratic	sign-3-2-0-3	GT	1369
PASS	quadratic	inverse-3-2-0-3	EQ	3760
PASS	quadratic	root-3-2-1--3	EQ	18369
PASS	quadratic	sign-3-2-1--3	LT	3660
PASS	quadratic	inverse-3-2-1--3	EQ	16979
PASS	quadratic	root-3-2-1--2	EQ	15588
PASS	quadratic	sign-3-2-1--2	LT	3480
PASS	quadratic	inverse-3-2-1--2	EQ	10869
PASS	quadratic	root-3-2-1--1	EQ	17819
PASS	quadratic	sign-3-2-1--1	LT	3870
PASS	quadratic	inverse-3-2-1--1	EQ	10899
PASS	quadratic	root-3-2-1-0	EQ	2510
PASS	quadratic	sign-3-2-1-0	GT	980
PASS	quadratic	inverse-3-2-1-0	EQ	2680
PASS	quadratic	root-3-2-1-1	EQ	10079
PASS	quadratic	sign-3-2-1-1	GT	2050
PASS	quadratic	inverse-3-2-1-1	EQ	11870
PASS	quadratic	root-3-2-1-2	EQ	7920
PASS	quadratic	sign-3-2-1-2	GT	1879
PASS	quadratic	inverse-3-2-1-2	EQ	11440
PASS	quadratic	root-3-2-1-3	EQ	9840
PASS	quadratic	sign-3-2-1-3	GT	1900
PASS	quadratic	inverse-3-2-1-3	EQ	12129
PASS	quadratic	root-3-2-2--3	EQ	16749
PASS	quadratic	sign-3-2-2--3	LT	3419
PASS	quadratic	inverse-3-2-2--3	EQ	11359
PASS	quadratic	root-3-2-2--2	EQ	14739
PASS	quadratic	sign-3-2-2--2	LT	4119
PASS	quadratic	inverse-3-2-2--2	EQ	10869
PASS	quadratic	root-3-2-2--1	EQ	10949
PASS	quadratic	sign-3-2-2--1	GT	3950
PASS	quadratic	inverse-3-2-2--1	EQ	11379
PASS	quadratic	root-3-2-2-0	EQ	2579
PASS	quadratic	sign-3-2-2-0	GT	1120
PASS	quadratic	inverse-3-2-2-0	EQ	2560
PASS	quadratic	root-3-2-2-1	EQ	8019
PASS	quadratic	sign-3-2-2-1	GT	1880
PASS	quadratic	inverse-3-2-2-1	EQ	11429
PASS	quadratic	root-3-2-2-2	EQ	8339
PASS	quadratic	sign-3-2-2-2	GT	1840
PASS	quadratic	inverse-3-2-2-2	EQ	10870
PASS	quadratic	root-3-2-2-3	EQ	9630
PASS	quadratic	sign-3-2-2-3	GT	1919
PASS	quadratic	inverse-3-2-2-3	EQ	12179
PASS	quadratic	root-3-2-3--3	EQ	17079
PASS	quadratic	sign-3-2-3--3	LT	3590
PASS	quadratic	inverse-3-2-3--3	EQ	11340
PASS	quadratic	root-3-2-3--2	EQ	15359
PASS	quadratic	sign-3-2-3--2	LT	3650
PASS	quadratic	inverse-3-2-3--2	EQ	11269
PASS	quadratic	root-3-2-3--1	EQ	11199
PASS	quadratic	sign-3-2-3--1	GT	4099
PASS	quadratic	inverse-3-2-3--1	EQ	12499
PASS	quadratic	root-3-2-3-0	EQ	2620
PASS	quadratic	sign-3-2-3-0	GT	1150
PASS	quadratic	inverse-3-2-3-0	EQ	2490
PASS	quadratic	root-3-2-3-1	EQ	9330
PASS	quadratic	sign-3-2-3-1	GT	2020
PASS	quadratic	inverse-3-2-3-1	EQ	13059
PASS	quadratic	root-3-2-3-2	EQ	8889
PASS	quadratic	sign-3-2-3-2	GT	1870
PASS	quadratic	inverse-3-2-3-2	EQ	12049
PASS	quadratic	root-3-2-3-3	EQ	9969
PASS	quadratic	sign-3-2-3-3	GT	1790
PASS	quadratic	inverse-3-2-3-3	EQ	12320
PASS	quadratic	root-5-1--3--3	EQ	12649
PASS	quadratic	sign-5-1--3--3	LT	2040
PASS	quadratic	inverse-5-1--3--3	EQ	20539
PASS	quadratic	root-5-1--3--2	EQ	13039
PASS	quadratic	sign-5-1--3--2	LT	2230
PASS	quadratic	inverse-5-1--3--2	EQ	12729
PASS	quadratic	root-5-1--3--1	EQ	16799
PASS	quadratic	sign-5-1--3--1	LT	2150
PASS	quadratic	inverse-5-1--3--1	EQ	12549
PASS	quadratic	root-5-1--3-0	EQ	2630
PASS	quadratic	sign-5-1--3-0	LT	1079
PASS	quadratic	inverse-5-1--3-0	EQ	2880
PASS	quadratic	root-5-1--3-1	EQ	16709
PASS	quadratic	sign-5-1--3-1	LT	3009
PASS	quadratic	inverse-5-1--3-1	EQ	11769
PASS	quadratic	root-5-1--3-2	EQ	15929
PASS	quadratic	sign-5-1--3-2	GT	3410
PASS	quadratic	inverse-5-1--3-2	EQ	11890
PASS	quadratic	root-5-1--3-3	EQ	15719
PASS	quadratic	sign-5-1--3-3	GT	3830
PASS	quadratic	inverse-5-1--3-3	EQ	12109
PASS	quadratic	root-5-1--2--3	EQ	11609
PASS	quadratic	sign-5-1--2--3	LT	1989
PASS	quadratic	inverse-5-1--2--3	EQ	24488
PASS	quadratic	root-5-1--2--2	EQ	16099
PASS	quadratic	sign-5-1--2--2	LT	2170
PASS	quadratic	inverse-5-1--2--2	EQ	12739
PASS	quadratic	root-5-1--2--1	EQ	11070
PASS	quadratic	sign-5-1--2--1	LT	2130
PASS	quadratic	inverse-5-1--2--1	EQ	9359
PASS	quadratic	root-5-1--2-0	EQ	2570
PASS	quadratic	sign-5-1--2-0	LT	1050
PASS	quadratic	inverse-5-1--2-0	EQ	2699
PASS	quadratic	root-5-1--2-1	EQ	13749
PASS	quadratic	sign-5-1--2-1	GT	3040
PASS	quadratic	inverse-5-1--2-1	EQ	9179
PASS	quadratic	root-5-1--2-2	EQ	14279
PASS	quadratic	sign-5-1--2-2	GT	3479
PASS	quadratic	inverse-5-1--2-2	EQ	10840
PASS	quadratic	root-5-1--2-3	EQ	15039
PASS	quadratic	sign-5-1--2-3	GT	3590
PASS	quadratic	inverse-5-1--2-3	EQ	12239
PASS	quadratic	root-5-1--1--3	EQ	11939
PASS	quadratic	sign-5-1--1--3	LT	2149
PASS	quadratic	inverse-5-1--1--3	EQ	23149
PASS	quadratic	root-5-1--1--2	EQ	12709
PASS	quadratic	sign-5-1--1--2	LT	2350
PASS	quadratic	inverse-5-1--1--2	EQ	13309
PASS	quadratic	root-5-1--1--1	EQ	1034109
PASS	quadratic	sign-5-1--1--1	LT	2430
PASS	quadratic	inverse-5-1--1--1	EQ	17569
PASS	quadratic	root-5-1--1-0	EQ	3220
PASS	quadratic	sign-5-1--1-0	LT	1090
PASS	quadratic	inverse-5-1--1-0	EQ	2540
PASS	quadratic	root-5-1--1-1	EQ	15379
PASS	quadratic	sign-5-1--1-1	GT	2830
PASS	quadratic	inverse-5-1--1-1	EQ	10709
PASS	quadratic	root-5-1--1-2	EQ	15769
PASS	quadratic	sign-5-1--1-2	GT	4020
PASS	quadratic	inverse-5-1--1-2	EQ	13169
PASS	quadratic	root-5-1--1-3	EQ	16449
PASS	quadratic	sign-5-1--1-3	GT	3780
PASS	quadratic	inverse-5-1--1-3	EQ	12599
PASS	quadratic	root-5-1-0--3	EQ	3430
PASS	quadratic	sign-5-1-0--3	LT	1350
PASS	quadratic	inverse-5-1-0--3	EQ	4400
PASS	quadratic	root-5-1-0--2	EQ	3020
PASS	quadratic	sign-5-1-0--2	LT	1460
PASS	quadratic	inverse-5-1-0--2	EQ	3749
PASS	quadratic	root-5-1-0--1	EQ	3100
PASS	quadratic	sign-5-1-0--1	LT	1520
PASS	quadratic	inverse-5-1-0--1	EQ	4129
PASS	quadratic	root-5-1-0-0	EQ	1980
PASS	quadratic	sign-5-1-0-0	EQ	1060
PASS	quadratic	root-5-1-0-1	EQ	2689
PASS	quadratic	sign-5-1-0-1	GT	1460
PASS	quadratic	inverse-5-1-0-1	EQ	3820
PASS	quadratic	root-5-1-0-2	EQ	2760
PASS	quadratic	sign-5-1-0-2	GT	1460
PASS	quadratic	inverse-5-1-0-2	EQ	3930
PASS	quadratic	root-5-1-0-3	EQ	2710
PASS	quadratic	sign-5-1-0-3	GT	1410
PASS	quadratic	inverse-5-1-0-3	EQ	3879
PASS	quadratic	root-5-1-1--3	EQ	18979
PASS	quadratic	sign-5-1-1--3	LT	3549
PASS	quadratic	inverse-5-1-1--3	EQ	12289
PASS	quadratic	root-5-1-1--2	EQ	17319
PASS	quadratic	sign-5-1-1--2	LT	3670
PASS	quadratic	inverse-5-1-1--2	EQ	11450
PASS	quadratic	root-5-1-1--1	EQ	1906620
PASS	quadratic	sign-5-1-1--1	LT	4510
PASS	quadratic	inverse-5-1-1--1	EQ	10609
PASS	quadratic	root-5-1-1-0	EQ	2639
PASS	quadratic	sign-5-1-1-0	GT	1070
PASS	quadratic	inverse-5-1-1-0	EQ	2410
PASS	quadratic	root-5-1-1-1	EQ	10669
PASS	quadratic	sign-5-1-1-1	GT	1659
PASS	quadratic	inverse-5-1-1-1	EQ	10840
PASS	quadratic	root-5-1-1-2	EQ	9220
PASS	quadratic	sign-5-1-1-2	GT	1819
PASS	quadratic	inverse-5-1-1-2	EQ	13019
PASS	quadratic	root-5-1-1-3	EQ	10009
PASS	quadratic	sign-5-1-1-3	GT	1890
PASS	quadratic	inverse-5-1-1-3	EQ	12009
PASS	quadratic	root-5-1-2--3	EQ	23978
PASS	quadratic	sign-5-1-2--3	LT	3870
PASS	quadratic	inverse-5-1-2--3	EQ	12390
PASS	quadratic	root-5-1-2--2	EQ	17109
PASS	quadratic	sign-5-1-2--2	LT	3740
PASS	quadratic	inverse-5-1-2--2	EQ	11349
PASS	quadratic	root-5-1-2--1	EQ	15588
PASS	quadratic	sign-5-1-2--1	LT	3410
PASS	quadratic	inverse-5-1-2--1	EQ	9289
PASS	quadratic	root-5-1-2-0	EQ	2490
PASS	quadratic	sign-5-1-2-0	GT	970
PASS	quadratic	inverse-5-1-2-0	EQ	2760
PASS	quadratic	root-5-1-2-1	EQ	8649
PASS	quadratic	sign-5-1-2-1	GT	1750
PASS	quadratic	inverse-5-1-2-1	EQ	9969
PASS	quadratic	root-5-1-2-2	EQ	9039
PASS	quadratic	sign-5-1-2-2	GT	1890
PASS	quadratic	inverse-5-1-2-2	EQ	11589
PASS	quadratic	root-5-1-2-3	EQ	9429
PASS	quadratic	sign-5-1-2-3	GT	1760
PASS	quadratic	inverse-5-1-2-3	EQ	12549
PASS	quadratic	root-5-1-3--3	EQ	16509
PASS	quadratic	sign-5-1-3--3	LT	3790
PASS	quadratic	inverse-5-1-3--3	EQ	11659
PASS	quadratic	root-5-1-3--2	EQ	16349
PASS	quadratic	sign-5-1-3--2	LT	3880
PASS	quadratic	inverse-5-1-3--2	EQ	11279
PASS	quadratic	root-5-1-3--1	EQ	10209
PASS	quadratic	sign-5-1-3--1	GT	3520
PASS	quadratic	inverse-5-1-3--1	EQ	11679
PASS	quadratic	root-5-1-3-0	EQ	2479
PASS	quadratic	sign-5-1-3-0	GT	1040
PASS	quadratic	inverse-5-1-3-0	EQ	2710
PASS	quadratic	root-5-1-3-1	EQ	7859
PASS	quadratic	sign-5-1-3-1	GT	1680
PASS	quadratic	inverse-5-1-3-1	EQ	11629
PASS	quadratic	root-5-1-3-2	EQ	9349
PASS	quadratic	sign-5-1-3-2	GT	2120
PASS	quadratic	inverse-5-1-3-2	EQ	12110
PASS	quadratic	root-5-1-3-3	EQ	9430
PASS	quadratic	sign-5-1-3-3	GT	1869
PASS	quadratic	inverse-5-1-3-3	EQ	12059
PASS	quadratic	root-5-2--3--3	EQ	13139
PASS	quadratic	sign-5-2--3--3	LT	1950
PASS	quadratic	inverse-5-2--3--3	EQ	12339
PASS	quadratic	root-5-2--3--2	EQ	11199
PASS	quadratic	sign-5-2--3--2	LT	2080
PASS	quadratic	inverse-5-2--3--2	EQ	12350
PASS	quadratic	root-5-2--3--1	EQ	13159
PASS	quadratic	sign-5-2--3--1	LT	2360
PASS	quadratic	inverse-5-2--3--1	EQ	16679
PASS	quadratic	root-5-2--3-0	EQ	2910
PASS	quadratic	sign-5-2--3-0	LT	1130
PASS	quadratic	inverse-5-2--3-0	EQ	2749
PASS	quadratic	root-5-2--3-1	EQ	19539
PASS	quadratic	sign-5-2--3-1	LT	3719
PASS	quadratic	inverse-5-2--3-1	EQ	11649
PASS	quadratic	root-5-2--3-2	EQ	14269
PASS	quadratic	sign-5-2--3-2	GT	3030
PASS	quadratic	inverse-5-2--3-2	EQ	10969
PASS	quadratic	root-5-2--3-3	EQ	15139
PASS	quadratic	sign-5-2--3-3	GT	4729
PASS	quadratic	inverse-5-2--3-3	EQ	13009
PASS	quadratic	root-5-2--2--3	EQ	12709
PASS	quadratic	sign-5-2--2--3	LT	2040
PASS	quadratic	inverse-5-2--2--3	EQ	19099
PASS	quadratic	root-5-2--2--2	EQ	12209
PASS	quadratic	sign-5-2--2--2	LT	2200
PASS	quadratic	inverse-5-2--2--2	EQ	11639
PASS	quadratic	root-5-2--2--1	EQ	12259
PASS	quadratic	sign-5-2--2--1	LT	2240
PASS	quadratic	inverse-5-2--2--1	EQ	11619
PASS	quadratic	root-5-2--2-0	EQ	2850
PASS	quadratic	sign-5-2--2-0	LT	1190
PASS	quadratic	inverse-5-2--2-0	EQ	2460
PASS	quadratic	root-5-2--2-1	EQ	15679
PASS	quadratic	sign-5-2--2-1	GT	3760
PASS	quadratic	inverse-5-2--2-1	EQ	10780
PASS	quadratic	root-5-2--2-2	EQ	13619
PASS	quadratic	sign-5-2--2-2	GT	2730
PASS	quadratic	inverse-5-2--2-2	EQ	10269
PASS	quadratic	root-5-2--2-3	EQ	15859
PASS	quadratic	sign-5-2--2-3	GT	3639
PASS	quadratic	inverse-5-2--2-3	EQ	11869
PASS	quadratic	root-5-2--1--3	EQ	12119
PASS	quadratic	sign-5-2--1--3	LT	1940
PASS	quadratic	inverse-5-2--1--3	EQ	13199
PASS	quadratic	root-5-2--1--2	EQ	10539
PASS	quadratic	sign-5-2--1--2	LT	2070
PASS	quadratic	inverse-5-2--1--2	EQ	11890
PASS	quadratic	root-5-2--1--1	EQ	12240
PASS	quadratic	sign-5-2--1--1	LT	2260
PASS	quadratic	inverse-5-2--1--1	EQ	12389
PASS	quadratic	root-5-2--1-0	EQ	2710
PASS	quadratic	sign-5-2--1-0	LT	1049
PASS	quadratic	inverse-5-2--1-0	EQ	2690
PASS	quadratic	root-5-2--1-1	EQ	15639
PASS	quadratic	sign-5-2--1-1	GT	3439
PASS	quadratic	inverse-5-2--1-1	EQ	11149
PASS	quadratic	root-5-2--1-2	EQ	12559
PASS	quadratic	sign-5-2--1-2	GT	2730
PASS	quadratic	inverse-5-2--1-2	EQ	11029
PASS	quadratic	root-5-2--1-3	EQ	14199
PASS	quadratic	sign-5-2--1-3	GT	3489
PASS	quadratic	inverse-5-2--1-3	EQ	16499
PASS	quadratic	root-5-2-0--3	EQ	3649
PASS	quadratic	sign-5-2-0--3	LT	1480
PASS	quadratic	inverse-5-2-0--3	EQ	4380
PASS	quadratic	root-5-2-0--2	EQ	3319
PASS	quadratic	sign-5-2-0--2	LT	1620
PASS	quadratic	inverse-5-2-0--2	EQ	4030
PASS	quadratic	root-5-2-0--1	EQ	2980
PASS	quadratic	sign-5-2-0--1	LT	1370
PASS	quadratic	inverse-5-2-0--1	EQ	3559
PASS	quadratic	root-5-2-0-0	EQ	2020
PASS	quadratic	sign-5-2-0-0	EQ	970
PASS	quadratic	root-5-2-0-1	EQ	3050
PASS	quadratic	sign-5-2-0-1	GT	1420
PASS	quadratic	inverse-5-2-0-1	EQ	3920
PASS	quadratic	root-5-2-0-2	EQ	2889
PASS	quadratic	sign-5-2-0-2	GT	1460
PASS	quadratic	inverse-5-2-0-2	EQ	3410
PASS	quadratic	root-5-2-0-3	EQ	2929
PASS	quadratic	sign-5-2-0-3	GT	1400
PASS	quadratic	inverse-5-2-0-3	EQ	3680
PASS	quadratic	root-5-2-1--3	EQ	17389
PASS	quadratic	sign-5-2-1--3	LT	3670
PASS	quadratic	inverse-5-2-1--3	EQ	11799
PASS	quadratic	root-5-2-1--2	EQ	14619
PASS	quadratic	sign-5-2-1--2	LT	3530
PASS	quadratic	inverse-5-2-1--2	EQ	10799
PASS	quadratic	root-5-2-1--1	EQ	17289
PASS	quadratic	sign-5-2-1--1	LT	3990
PASS	quadratic	inverse-5-2-1--1	EQ	11829
PASS	quadratic	root-5-2-1-0	EQ	2590
PASS	quadratic	sign-5-2-1-0	GT	1140
PASS	quadratic	inverse-5-2-1-0	EQ	2550
PASS	quadratic	root-5-2-1-1	EQ	10159
PASS	quadratic	sign-5-2-1-1	GT	1950
PASS	quadratic	inverse-5-2-1-1	EQ	12799
PASS	quadratic	root-5-2-1-2	EQ	7859
PASS	quadratic	sign-5-2-1-2	GT	1730
PASS	quadratic	inverse-5-2-1-2	EQ	11979
PASS	quadratic	root-5-2-1-3	EQ	9139
PASS	quadratic	sign-5-2-1-3	GT	9479
PASS	quadratic	inverse-5-2-1-3	EQ	14109
PASS	quadratic	root-5-2-2--3	EQ	17898
PASS	quadratic	sign-5-2-2--3	LT	3400
PASS	quadratic	inverse-5-2-2--3	EQ	11459
PASS	quadratic	root-5-2-2--2	EQ	15469
PASS	quadratic	sign-5-2-2--2	LT	3170
PASS	quadratic	inverse-5-2-2--2	EQ	9709
PASS	quadratic	root-5-2-2--1	EQ	16529
PASS	quadratic	sign-5-2-2--1	LT	3949
PASS	quadratic	inverse-5-2-2--1	EQ	10480
PASS	quadratic	root-5-2-2-0	EQ	2640
PASS	quadratic	sign-5-2-2-0	GT	1110
PASS	quadratic	inverse-5-2-2-0	EQ	2520
PASS	quadratic	root-5-2-2-1	EQ	10520
PASS	quadratic	sign-5-2-2-1	GT	2120
PASS	quadratic	inverse-5-2-2-1	EQ	12239
PASS	quadratic	root-5-2-2-2	EQ	8719
PASS	quadratic	sign-5-2-2-2	GT	1820
PASS	quadratic	inverse-5-2-2-2	EQ	11499
PASS	quadratic	root-5-2-2-3	EQ	9919
PASS	quadratic	sign-5-2-2-3	GT	1960
PASS	quadratic	inverse-5-2-2-3	EQ	12769
PASS	quadratic	root-5-2-3--3	EQ	16459
PASS	quadratic	sign-5-2-3--3	LT	4070
PASS	quadratic	inverse-5-2-3--3	EQ	11620
PASS	quadratic	root-5-2-3--2	EQ	15639
PASS	quadratic	sign-5-2-3--2	LT	3500
PASS	quadratic	inverse-5-2-3--2	EQ	10849
PASS	quadratic	root-5-2-3--1	EQ	10599
PASS	quadratic	sign-5-2-3--1	GT	3959
PASS	quadratic	inverse-5-2-3--1	EQ	12079
PASS	quadratic	root-5-2-3-0	EQ	2340
PASS	quadratic	sign-5-2-3-0	GT	1060
PASS	quadratic	inverse-5-2-3-0	EQ	2619
PASS	quadratic	root-5-2-3-1	EQ	8610
PASS	quadratic	sign-5-2-3-1	GT	2000
PASS	quadratic	inverse-5-2-3-1	EQ	12789
PASS	quadratic	root-5-2-3-2	EQ	8789
PASS	quadratic	sign-5-2-3-2	GT	1780
PASS	quadratic	inverse-5-2-3-2	EQ	11519
PASS	quadratic	root-5-2-3-3	EQ	9159
PASS	quadratic	sign-5-2-3-3	GT	1890
PASS	quadratic	inverse-5-2-3-3	EQ	11989
PASS	quadratic	root-7-1--3--3	EQ	18138
PASS	quadratic	sign-7-1--3--3	LT	1880
PASS	quadratic	inverse-7-1--3--3	EQ	19109
PASS	quadratic	root-7-1--3--2	EQ	12929
PASS	quadratic	sign-7-1--3--2	LT	2110
PASS	quadratic	inverse-7-1--3--2	EQ	12959
PASS	quadratic	root-7-1--3--1	EQ	11349
PASS	quadratic	sign-7-1--3--1	LT	2060
PASS	quadratic	inverse-7-1--3--1	EQ	11379
PASS	quadratic	root-7-1--3-0	EQ	2739
PASS	quadratic	sign-7-1--3-0	LT	1060
PASS	quadratic	inverse-7-1--3-0	EQ	2670
PASS	quadratic	root-7-1--3-1	EQ	16318
PASS	quadratic	sign-7-1--3-1	LT	3080
PASS	quadratic	inverse-7-1--3-1	EQ	11109
PASS	quadratic	root-7-1--3-2	EQ	15409
PASS	quadratic	sign-7-1--3-2	GT	3439
PASS	quadratic	inverse-7-1--3-2	EQ	11819
PASS	quadratic	root-7-1--3-3	EQ	21009
PASS	quadratic	sign-7-1--3-3	GT	3800
PASS	quadratic	inverse-7-1--3-3	EQ	11979
PASS	quadratic	root-7-1--2--3	EQ	11719
PASS	quadratic	sign-7-1--2--3	LT	1960
PASS	quadratic	inverse-7-1--2--3	EQ	22058
PASS	quadratic	root-7-1--2--2	EQ	12389
PASS	quadratic	sign-7-1--2--2	LT	1970
PASS	quadratic	inverse-7-1--2--2	EQ	12430
PASS	quadratic	root-7-1--2--1	EQ	10590
PASS	quadratic	sign-7-1--2--1	LT	1940
PASS	quadratic	inverse-7-1--2--1	EQ	10779
PASS	quadratic	root-7-1--2-0	EQ	2590
PASS	quadratic	sign-7-1--2-0	LT	1060
PASS	quadratic	inverse-7-1--2-0	EQ	2609
PASS	quadratic	root-7-1--2-1	EQ	13449
PASS	quadratic	sign-7-1--2-1	GT	2650
PASS	quadratic	inverse-7-1--2-1	EQ	10679
PASS	quadratic	root-7-1--2-2	EQ	14389
PASS	quadratic	sign-7-1--2-2	GT	3559
PASS	quadratic	inverse-7-1--2-2	EQ	11539
PASS	quadratic	root-7-1--2-3	EQ	15109
PASS	quadratic	sign-7-1--2-3	GT	3640
PASS	quadratic	inverse-7-1--2-3	EQ	11770
PASS	quadratic	root-7-1--1--3	EQ	23669
PASS	quadratic	sign-7-1--1--3	LT	2130
PASS	quadratic	inverse-7-1--1--3	EQ	24208
PASS	quadratic	root-7-1--1--2	EQ	12759
PASS	quadratic	sign-7-1--1--2	LT	2050
PASS	quadratic	inverse-7-1--1--2	EQ	12979
PASS	quadratic	root-7-1--1--1	EQ	10469
PASS	quadratic	sign-7-1--1--1	LT	1980
PASS	quadratic	inverse-7-1--1--1	EQ	1905280
PASS	quadratic	root-7-1--1-0	EQ	3960
PASS	quadratic	sign-7-1--1-0	LT	1110
PASS	quadratic	inverse-7-1--1-0	EQ	2560
PASS	quadratic	root-7-1--1-1	EQ	18289
PASS	quadratic	sign-7-1--1-1	GT	2869
PASS	quadratic	inverse-7-1--1-1	EQ	11389
PASS	quadratic	root-7-1--1-2	EQ	15169
PASS	quadratic	sign-7-1--1-2	GT	3330
PASS	quadratic	inverse-7-1--1-2	EQ	12460
PASS	quadratic	root-7-1--1-3	EQ	15809
PASS	quadratic	sign-7-1--1-3	GT	3750
PASS	quadratic	inverse-7-1--1-3	EQ	12289
PASS	quadratic	root-7-1-0--3	EQ	3309
PASS	quadratic	sign-7-1-0--3	LT	1240
PASS	quadratic	inverse-7-1-0--3	EQ	4290
PASS	quadratic	root-7-1-0--2	EQ	2730
PASS	quadratic	sign-7-1-0--2	LT	1480
PASS	quadratic	inverse-7-1-0--2	EQ	3270
PASS	quadratic	root-7-1-0--1	EQ	3050
PASS	quadratic	sign-7-1-0--1	LT	1450
PASS	quadratic	inverse-7-1-0--1	EQ	3939
PASS	quadratic	root-7-1-0-0	EQ	2120
PASS	quadratic	sign-7-1-0-0	EQ	1000
PASS	quadratic	root-7-1-0-1	EQ	2710
PASS	quadratic	sign-7-1-0-1	GT	1470
PASS	quadratic	inverse-7-1-0-1	EQ	3620
PASS	quadratic	root-7-1-0-2	EQ	2640
PASS	quadratic	sign-7-1-0-2	GT	1220
PASS	quadratic	inverse-7-1-0-2	EQ	3750
PASS	quadratic	root-7-1-0-3	EQ	2579
PASS	quadratic	sign-7-1-0-3	GT	1270
PASS	quadratic	inverse-7-1-0-3	EQ	3520
PASS	quadratic	root-7-1-1--3	EQ	24228
PASS	quadratic	sign-7-1-1--3	LT	3499
PASS	quadratic	inverse-7-1-1--3	EQ	12059
PASS	quadratic	root-7-1-1--2	EQ	16769
PASS	quadratic	sign-7-1-1--2	LT	4370
PASS	quadratic	inverse-7-1-1--2	EQ	11729
PASS	quadratic	root-7-1-1--1	EQ	14509
PASS	quadratic	sign-7-1-1--1	LT	2939
PASS	quadratic	inverse-7-1-1--1	EQ	9670
PASS	quadratic	root-7-1-1-0	EQ	2370
PASS	quadratic	sign-7-1-1-0	GT	930
PASS	quadratic	inverse-7-1-1-0	EQ	2380
PASS	quadratic	root-7-1-1-1	EQ	8809
PASS	quadratic	sign-7-1-1-1	GT	1650
PASS	quadratic	inverse-7-1-1-1	EQ	10050
PASS	quadratic	root-7-1-1-2	EQ	8589
PASS	quadratic	sign-7-1-1-2	GT	1840
PASS	quadratic	inverse-7-1-1-2	EQ	11420
PASS	quadratic	root-7-1-1-3	EQ	9090
PASS	quadratic	sign-7-1-1-3	GT	1869
PASS	quadratic	inverse-7-1-1-3	EQ	11040
PASS	quadratic	root-7-1-2--3	EQ	16759
PASS	quadratic	sign-7-1-2--3	LT	3650
PASS	quadratic	inverse-7-1-2--3	EQ	11439
PASS	quadratic	root-7-1-2--2	EQ	15738
PASS	quadratic	sign-7-1-2--2	LT	3750
PASS	quadratic	inverse-7-1-2--2	EQ	11009
PASS	quadratic	root-7-1-2--1	EQ	13879
PASS	quadratic	sign-7-1-2--1	LT	3219
PASS	quadratic	inverse-7-1-2--1	EQ	9530
PASS	quadratic	root-7-1-2-0	EQ	2270
PASS	quadratic	sign-7-1-2-0	GT	1040
PASS	quadratic	inverse-7-1-2-0	EQ	2630
PASS	quadratic	root-7-1-2-1	EQ	7970
PASS	quadratic	sign-7-1-2-1	GT	1830
PASS	quadratic	inverse-7-1-2-1	EQ	9950
PASS	quadratic	root-7-1-2-2	EQ	8259
PASS	quadratic	sign-7-1-2-2	GT	1920
PASS	quadratic	inverse-7-1-2-2	EQ	11470
PASS	quadratic	root-7-1-2-3	EQ	8829
PASS	quadratic	sign-7-1-2-3	GT	1910
PASS	quadratic	inverse-7-1-2-3	EQ	11050
PASS	quadratic	root-7-1-3--3	EQ	15709
PASS	quadratic	sign-7-1-3--3	LT	3730
PASS	quadratic	inverse-7-1-3--3	EQ	10869
PASS	quadratic	root-7-1-3--2	EQ	15569
PASS	quadratic	sign-7-1-3--2	LT	3540
PASS	quadratic	inverse-7-1-3--2	EQ	10529
PASS	quadratic	root-7-1-3--1	EQ	9369
PASS	quadratic	sign-7-1-3--1	GT	3300
PASS	quadratic	inverse-7-1-3--1	EQ	11499
PASS	quadratic	root-7-1-3-0	EQ	2440
PASS	quadratic	sign-7-1-3-0	GT	1159
PASS	quadratic	inverse-7-1-3-0	EQ	2560
PASS	quadratic	root-7-1-3-1	EQ	8019
PASS	quadratic	sign-7-1-3-1	GT	1860
PASS	quadratic	inverse-7-1-3-1	EQ	11539
PASS	quadratic	root-7-1-3-2	EQ	8989
PASS	quadratic	sign-7-1-3-2	GT	1820
PASS	quadratic	inverse-7-1-3-2	EQ	11869
PASS	quadratic	root-7-1-3-3	EQ	9309
PASS	quadratic	sign-7-1-3-3	GT	2000
PASS	quadratic	inverse-7-1-3-3	EQ	11509
PASS	quadratic	root-7-2--3--3	EQ	13049
PASS	quadratic	sign-7-2--3--3	LT	2100
PASS	quadratic	inverse-7-2--3--3	EQ	13089
PASS	quadratic	root-7-2--3--2	EQ	11449
PASS	quadratic	sign-7-2--3--2	LT	2100
PASS	quadratic	inverse-7-2--3--2	EQ	19018
PASS	quadratic	root-7-2--3--1	EQ	13959
PASS	quadratic	sign-7-2--3--1	LT	2209
PASS	quadratic	inverse-7-2--3--1	EQ	13489
PASS	quadratic	root-7-2--3-0	EQ	2740
PASS	quadratic	sign-7-2--3-0	LT	1050
PASS	quadratic	inverse-7-2--3-0	EQ	2670
PASS	quadratic	root-7-2--3-1	EQ	19109
PASS	quadratic	sign-7-2--3-1	LT	3869
PASS	quadratic	inverse-7-2--3-1	EQ	17489
PASS	quadratic	root-7-2--3-2	EQ	14599
PASS	quadratic	sign-7-2--3-2	GT	3110
PASS	quadratic	inverse-7-2--3-2	EQ	11399
PASS	quadratic	root-7-2--3-3	EQ	15589
PASS	quadratic	sign-7-2--3-3	GT	3589
PASS	quadratic	inverse-7-2--3-3	EQ	11399
PASS	quadratic	root-7-2--2--3	EQ	11999
PASS	quadratic	sign-7-2--2--3	LT	2110
PASS	quadratic	inverse-7-2--2--3	EQ	13279
PASS	quadratic	root-7-2--2--2	EQ	11359
PASS	quadratic	sign-7-2--2--2	LT	2100
PASS	quadratic	inverse-7-2--2--2	EQ	12000
PASS	quadratic	root-7-2--2--1	EQ	12030
PASS	quadratic	sign-7-2--2--1	LT	2310
PASS	quadratic	inverse-7-2--2--1	EQ	12239
PASS	quadratic	root-7-2--2-0	EQ	2760
PASS	quadratic	sign-7-2--2-0	LT	1099
PASS	quadratic	inverse-7-2--2-0	EQ	2460
PASS	quadratic	root-7-2--2-1	EQ	15179
PASS	quadratic	sign-7-2--2-1	GT	3589
PASS	quadratic	inverse-7-2--2-1	EQ	12369
PASS	quadratic	root-7-2--2-2	EQ	13499
PASS	quadratic	sign-7-2--2-2	GT	2830
PASS	quadratic	inverse-7-2--2-2	EQ	10569
PASS	quadratic	root-7-2--2-3	EQ	14889
PASS	quadratic	sign-7-2--2-3	GT	3800
PASS	quadratic	inverse-7-2--2-3	EQ	11829
PASS	quadratic	root-7-2--1--3	EQ	11629
PASS	quadratic	sign-7-2--1--3	LT	2000
PASS	quadratic	inverse-7-2--1--3	EQ	23458
PASS	quadratic	root-7-2--1--2	EQ	11409
PASS	quadratic	sign-7-2--1--2	LT	2190
PASS	quadratic	inverse-7-2--1--2	EQ	12210
PASS	quadratic	root-7-2--1--1	EQ	13589
PASS	quadratic	sign-7-2--1--1	LT	2270
PASS	quadratic	inverse-7-2--1--1	EQ	12480
PASS	quadratic	root-7-2--1-0	EQ	2720
PASS	quadratic	sign-7-2--1-0	LT	1060
PASS	quadratic	inverse-7-2--1-0	EQ	2650
PASS	quadratic	root-7-2--1-1	EQ	16589
PASS	quadratic	sign-7-2--1-1	GT	3550
PASS	quadratic	inverse-7-2--1-1	EQ	17208
PASS	quadratic	root-7-2--1-2	EQ	12629
PASS	quadratic	sign-7-2--1-2	GT	2920
PASS	quadratic	inverse-7-2--1-2	EQ	11149
PASS	quadratic	root-7-2--1-3	EQ	14769
PASS	quadratic	sign-7-2--1-3	GT	3450
PASS	quadratic	inverse-7-2--1-3	EQ	11649
PASS	quadratic	root-7-2-0--3	EQ	3320
PASS	quadratic	sign-7-2-0--3	LT	1480
PASS	quadratic	inverse-7-2-0--3	EQ	4010
PASS	quadratic	root-7-2-0--2	EQ	3240
PASS	quadratic	sign-7-2-0--2	LT	1560
PASS	quadratic	inverse-7-2-0--2	EQ	4070
PASS	quadratic	root-7-2-0--1	EQ	2919
PASS	quadratic	sign-7-2-0--1	LT	1430
PASS	quadratic	inverse-7-2-0--1	EQ	3450
PASS	quadratic	root-7-2-0-0	EQ	2039
PASS	quadratic	sign-7-2-0-0	EQ	1040
PASS	quadratic	root-7-2-0-1	EQ	3010
PASS	quadratic	sign-7-2-0-1	GT	1479
PASS	quadratic	inverse-7-2-0-1	EQ	3880
PASS	quadratic	root-7-2-0-2	EQ	2870
PASS	quadratic	sign-7-2-0-2	GT	1460
PASS	quadratic	inverse-7-2-0-2	EQ	3370
PASS	quadratic	root-7-2-0-3	EQ	2750
PASS	quadratic	sign-7-2-0-3	GT	1340
PASS	quadratic	inverse-7-2-0-3	EQ	3680
PASS	quadratic	root-7-2-1--3	EQ	17848
PASS	quadratic	sign-7-2-1--3	LT	3610
PASS	quadratic	inverse-7-2-1--3	EQ	11679
PASS	quadratic	root-7-2-1--2	EQ	14799
PASS	quadratic	sign-7-2-1--2	LT	3700
PASS	quadratic	inverse-7-2-1--2	EQ	10549
PASS	quadratic	root-7-2-1--1	EQ	17069
PASS	quadratic	sign-7-2-1--1	LT	3869
PASS	quadratic	inverse-7-2-1--1	EQ	11849
PASS	quadratic	root-7-2-1-0	EQ	2490
PASS	quadratic	sign-7-2-1-0	GT	1060
PASS	quadratic	inverse-7-2-1-0	EQ	2729
PASS	quadratic	root-7-2-1-1	EQ	10289
PASS	quadratic	sign-7-2-1-1	GT	1910
PASS	quadratic	inverse-7-2-1-1	EQ	12609
PASS	quadratic	root-7-2-1-2	EQ	8129
PASS	quadratic	sign-7-2-1-2	GT	1970
PASS	quadratic	inverse-7-2-1-2	EQ	20639
PASS	quadratic	root-7-2-1-3	EQ	13259
PASS	quadratic	sign-7-2-1-3	GT	1940
PASS	quadratic	inverse-7-2-1-3	EQ	14079
PASS	quadratic	root-7-2-2--3	EQ	17969
PASS	quadratic	sign-7-2-2--3	LT	3620
PASS	quadratic	inverse-7-2-2--3	EQ	11880
PASS	quadratic	root-7-2-2--2	EQ	16069
PASS	quadratic	sign-7-2-2--2	LT	3220
PASS	quadratic	inverse-7-2-2--2	EQ	10819
PASS	quadratic	root-7-2-2--1	EQ	17478
PASS	quadratic	sign-7-2-2--1	LT	3890
PASS	quadratic	inverse-7-2-2--1	EQ	11919
PASS	quadratic	root-7-2-2-0	EQ	2690
PASS	quadratic	sign-7-2-2-0	GT	1180
PASS	quadratic	inverse-7-2-2-0	EQ	2520
PASS	quadratic	root-7-2-2-1	EQ	9989
PASS	quadratic	sign-7-2-2-1	GT	2050
PASS	quadratic	inverse-7-2-2-1	EQ	13339
PASS	quadratic	root-7-2-2-2	EQ	8960
PASS	quadratic	sign-7-2-2-2	GT	1849
PASS	quadratic	inverse-7-2-2-2	EQ	12449
PASS	quadratic	root-7-2-2-3	EQ	10139
PASS	quadratic	sign-7-2-2-3	GT	2050
PASS	quadratic	inverse-7-2-2-3	EQ	18049
PASS	quadratic	root-7-2-3--3	EQ	17619
PASS	quadratic	sign-7-2-3--3	LT	3660
PASS	quadratic	inverse-7-2-3--3	EQ	11449
PASS	quadratic	root-7-2-3--2	EQ	15729
PASS	quadratic	sign-7-2-3--2	LT	3560
PASS	quadratic	inverse-7-2-3--2	EQ	10909
PASS	quadratic	root-7-2-3--1	EQ	11279
PASS	quadratic	sign-7-2-3--1	GT	4369
PASS	quadratic	inverse-7-2-3--1	EQ	12789
PASS	quadratic	root-7-2-3-0	EQ	2610
PASS	quadratic	sign-7-2-3-0	GT	1050
PASS	quadratic	inverse-7-2-3-0	EQ	2789
PASS	quadratic	root-7-2-3-1	EQ	9140
PASS	quadratic	sign-7-2-3-1	GT	2000
PASS	quadratic	inverse-7-2-3-1	EQ	12879
PASS	quadratic	root-7-2-3-2	EQ	9199
PASS	quadratic	sign-7-2-3-2	GT	1930
PASS	quadratic	inverse-7-2-3-2	EQ	11979
PASS	quadratic	root-7-2-3-3	EQ	10159
PASS	quadratic	sign-7-2-3-3	GT	1870
PASS	quadratic	inverse-7-2-3-3	EQ	12109
PASS	tower-1	expanded--3--1	EQ	11140
PASS	tower-1	inverse--3--1	EQ	12180
PASS	tower-1	expanded--3-1	EQ	14989
PASS	tower-1	inverse--3-1	EQ	10919
PASS	tower-1	expanded--2--1	EQ	10469
PASS	tower-1	inverse--2--1	EQ	10570
PASS	tower-1	expanded--2-1	EQ	14079
PASS	tower-1	inverse--2-1	EQ	10809
PASS	tower-1	expanded--1--1	EQ	10299
PASS	tower-1	inverse--1--1	EQ	9020
PASS	tower-1	expanded--1-1	EQ	13759
PASS	tower-1	inverse--1-1	EQ	8989
PASS	tower-1	expanded-0--1	EQ	3110
PASS	tower-1	inverse-0--1	EQ	4669
PASS	tower-1	expanded-0-1	EQ	2550
PASS	tower-1	inverse-0-1	EQ	4099
PASS	tower-1	expanded-1--1	EQ	15039
PASS	tower-1	inverse-1--1	EQ	8779
PASS	tower-1	expanded-1-1	EQ	8180
PASS	tower-1	inverse-1-1	EQ	15689
PASS	tower-1	expanded-2--1	EQ	13419
PASS	tower-1	inverse-2--1	EQ	12089
PASS	tower-1	expanded-2-1	EQ	7599
PASS	tower-1	inverse-2-1	EQ	11179
PASS	tower-1	expanded-3--1	EQ	10819
PASS	tower-1	inverse-3--1	EQ	11899
PASS	tower-1	expanded-3-1	EQ	7610
PASS	tower-1	inverse-3-1	EQ	11510
PASS	tower-2	expanded--3--1	EQ	77015
PASS	tower-2	inverse--3--1	EQ	59796
PASS	tower-2	expanded--3-1	EQ	53617
PASS	tower-2	inverse--3-1	EQ	56496
PASS	tower-2	expanded--2--1	EQ	49767
PASS	tower-2	inverse--2--1	EQ	51667
PASS	tower-2	expanded--2-1	EQ	50757
PASS	tower-2	inverse--2-1	EQ	56346
PASS	tower-2	expanded--1--1	EQ	48037
PASS	tower-2	inverse--1--1	EQ	52186
PASS	tower-2	expanded--1-1	EQ	50336
PASS	tower-2	inverse--1-1	EQ	53346
PASS	tower-2	expanded-0--1	EQ	11769
PASS	tower-2	inverse-0--1	EQ	38387
PASS	tower-2	expanded-0-1	EQ	10739
PASS	tower-2	inverse-0-1	EQ	36628
PASS	tower-2	expanded-1--1	EQ	59516
PASS	tower-2	inverse-1--1	EQ	63336
PASS	tower-2	expanded-1-1	EQ	47167
PASS	tower-2	inverse-1-1	EQ	52476
PASS	tower-2	expanded-2--1	EQ	51676
PASS	tower-2	inverse-2--1	EQ	53336
PASS	tower-2	expanded-2-1	EQ	53026
PASS	tower-2	inverse-2-1	EQ	53176
PASS	tower-2	expanded-3--1	EQ	53006
PASS	tower-2	inverse-3--1	EQ	58186
PASS	tower-2	expanded-3-1	EQ	50167
PASS	tower-2	inverse-3-1	EQ	50116
PASS	tower-3	expanded--3--1	EQ	82414
PASS	tower-3	inverse--3--1	EQ	76375
PASS	tower-3	expanded--3-1	EQ	75895
PASS	tower-3	inverse--3-1	EQ	77724
PASS	tower-3	expanded--2--1	EQ	73025
PASS	tower-3	inverse--2--1	EQ	2923450
PASS	tower-3	expanded--2-1	EQ	85375
PASS	tower-3	inverse--2-1	EQ	80165
PASS	tower-3	expanded--1--1	EQ	72625
PASS	tower-3	inverse--1--1	EQ	75655
PASS	tower-3	expanded--1-1	EQ	79155
PASS	tower-3	inverse--1-1	EQ	73965
PASS	tower-3	expanded-0--1	EQ	15559
PASS	tower-3	inverse-0--1	EQ	59866
PASS	tower-3	expanded-0-1	EQ	21758
PASS	tower-3	inverse-0-1	EQ	59746
PASS	tower-3	expanded-1--1	EQ	74325
PASS	tower-3	inverse-1--1	EQ	72825
PASS	tower-3	expanded-1-1	EQ	72215
PASS	tower-3	inverse-1-1	EQ	72345
PASS	tower-3	expanded-2--1	EQ	74285
PASS	tower-3	inverse-2--1	EQ	81104
PASS	tower-3	expanded-2-1	EQ	70735
PASS	tower-3	inverse-2-1	EQ	71225
PASS	tower-3	expanded-3--1	EQ	84555
PASS	tower-3	inverse-3--1	EQ	71345
PASS	tower-3	expanded-3-1	EQ	73865
PASS	tower-3	inverse-3-1	EQ	73545
PASS	tower-4	expanded--3--1	EQ	130141
PASS	tower-4	inverse--3--1	EQ	129021
PASS	tower-4	expanded--3-1	EQ	132870
PASS	tower-4	inverse--3-1	EQ	125331
PASS	tower-4	expanded--2--1	EQ	126501
PASS	tower-4	inverse--2--1	EQ	2952738
PASS	tower-4	expanded--2-1	EQ	141900
PASS	tower-4	inverse--2-1	EQ	113662
PASS	tower-4	expanded--1--1	EQ	115412
PASS	tower-4	inverse--1--1	EQ	122562
PASS	tower-4	expanded--1-1	EQ	132151
PASS	tower-4	inverse--1-1	EQ	119002
PASS	tower-4	expanded-0--1	EQ	21959
PASS	tower-4	inverse-0--1	EQ	86395
PASS	tower-4	expanded-0-1	EQ	20609
PASS	tower-4	inverse-0-1	EQ	91834
PASS	tower-4	expanded-1--1	EQ	139740
PASS	tower-4	inverse-1--1	EQ	119511
PASS	tower-4	expanded-1-1	EQ	128261
PASS	tower-4	inverse-1-1	EQ	116252
PASS	tower-4	expanded-2--1	EQ	130121
PASS	tower-4	inverse-2--1	EQ	119432
PASS	tower-4	expanded-2-1	EQ	151579
PASS	tower-4	inverse-2-1	EQ	119422
PASS	tower-4	expanded-3--1	EQ	138720
PASS	tower-4	inverse-3--1	EQ	126191
PASS	tower-4	expanded-3-1	EQ	129061
PASS	tower-4	inverse-3-1	EQ	128861
PASS	tower-5	expanded--3--1	EQ	257913
PASS	tower-5	inverse--3--1	EQ	282761
PASS	tower-5	expanded--3-1	EQ	279541
PASS	tower-5	inverse--3-1	EQ	254392
PASS	tower-5	expanded--2--1	EQ	3102607
PASS	tower-5	inverse--2--1	EQ	219395
PASS	tower-5	expanded--2-1	EQ	277521
PASS	tower-5	inverse--2-1	EQ	214665
PASS	tower-5	expanded--1--1	EQ	212495
PASS	tower-5	inverse--1--1	EQ	205806
PASS	tower-5	expanded--1-1	EQ	223215
PASS	tower-5	inverse--1-1	EQ	197447
PASS	tower-5	expanded-0--1	EQ	27178
PASS	tower-5	inverse-0--1	EQ	147780
PASS	tower-5	expanded-0-1	EQ	26568
PASS	tower-5	inverse-0-1	EQ	143090
PASS	tower-5	expanded-1--1	EQ	216765
PASS	tower-5	inverse-1--1	EQ	197817
PASS	tower-5	expanded-1-1	EQ	2647578
PASS	tower-5	inverse-1-1	EQ	200276
PASS	tower-5	expanded-2--1	EQ	275211
PASS	tower-5	inverse-2--1	EQ	214285
PASS	tower-5	expanded-2-1	EQ	257712
PASS	tower-5	inverse-2-1	EQ	209585
PASS	tower-5	expanded-3--1	EQ	268771
PASS	tower-5	inverse-3--1	EQ	249103
PASS	tower-5	expanded-3-1	EQ	258522
PASS	tower-5	inverse-3-1	EQ	260472
PASS	independent	surd-2-3--1--1	EQ	31648
PASS	independent	surd-2-3--1-1	EQ	15479
PASS	independent	surd-2-3-1--1	EQ	27668
PASS	independent	surd-2-3-1-1	EQ	8839
PASS	independent	surd-2-5--1--1	EQ	25318
PASS	independent	surd-2-5--1-1	EQ	13329
PASS	independent	surd-2-5-1--1	EQ	26988
PASS	independent	surd-2-5-1-1	EQ	8389
PASS	independent	surd-3-7--1--1	EQ	23518
PASS	independent	surd-3-7--1-1	EQ	14069
PASS	independent	surd-3-7-1--1	EQ	27888
PASS	independent	surd-3-7-1-1	EQ	9109
PASS	independent	surd-5-7--1--1	EQ	25808
PASS	independent	surd-5-7--1-1	EQ	13959
PASS	independent	surd-5-7-1--1	EQ	29169
PASS	independent	surd-5-7-1-1	EQ	8950
SUMMARY	1324	0	0	1324
