INPUT	0	32	dense	fresh
MEMORY	baseline	16	1744	1640	1448	560	0
MEMORY	control	16	1744	1640	1448	560	0
MEMORY	diagonal	16	1744	1640	1448	560	0
INPUT	0	32	dense	reused
MEMORY	baseline	5	240	240	48	0	0
MEMORY	control	5	240	240	48	0	0
MEMORY	diagonal	5	240	240	48	0	0
INPUT	0	32	sparse	fresh
MEMORY	baseline	16	1744	1640	1448	560	0
MEMORY	control	16	1744	1640	1448	560	0
MEMORY	diagonal	16	1744	1640	1448	560	0
INPUT	0	32	sparse	reused
MEMORY	baseline	5	240	240	48	0	0
MEMORY	control	5	240	240	48	0	0
MEMORY	diagonal	5	240	240	48	0	0
INPUT	0	32	fraction	fresh
MEMORY	baseline	16	1744	1640	1448	560	0
MEMORY	control	16	1744	1640	1448	560	0
MEMORY	diagonal	16	1744	1640	1448	560	0
INPUT	0	32	fraction	reused
MEMORY	baseline	5	240	240	48	0	0
MEMORY	control	5	240	240	48	0	0
MEMORY	diagonal	5	240	240	48	0	0
INPUT	0	256	dense	fresh
MEMORY	baseline	51	3560	2048	1728	624	0
MEMORY	control	51	3560	2048	1728	624	0
MEMORY	diagonal	51	3560	2048	1728	624	0
INPUT	0	256	dense	reused
MEMORY	baseline	5	240	240	48	0	0
MEMORY	control	5	240	240	48	0	0
MEMORY	diagonal	5	240	240	48	0	0
INPUT	0	256	sparse	fresh
MEMORY	baseline	51	3560	2048	1728	624	0
MEMORY	control	51	3560	2048	1728	624	0
MEMORY	diagonal	51	3560	2048	1728	624	0
INPUT	0	256	sparse	reused
MEMORY	baseline	5	240	240	48	0	0
MEMORY	control	5	240	240	48	0	0
MEMORY	diagonal	5	240	240	48	0	0
INPUT	0	256	fraction	fresh
MEMORY	baseline	49	3496	2048	1728	624	0
MEMORY	control	49	3496	2048	1728	624	0
MEMORY	diagonal	49	3496	2048	1728	624	0
INPUT	0	256	fraction	reused
MEMORY	baseline	5	240	240	48	0	0
MEMORY	control	5	240	240	48	0	0
MEMORY	diagonal	5	240	240	48	0	0
INPUT	1	32	dense	fresh
MEMORY	baseline	29	4000	3752	3176	2448	0
MEMORY	control	29	4000	3752	3176	2448	0
MEMORY	diagonal	28	3856	3752	3176	2448	0
INPUT	1	32	dense	reused
MEMORY	baseline	6	816	672	96	0	0
MEMORY	control	6	816	672	96	0	0
MEMORY	diagonal	5	672	672	96	0	0
INPUT	1	32	sparse	fresh
MEMORY	baseline	29	4000	3752	3176	2448	0
MEMORY	control	29	4000	3752	3176	2448	0
MEMORY	diagonal	28	3856	3752	3176	2448	0
INPUT	1	32	sparse	reused
MEMORY	baseline	6	816	672	96	0	0
MEMORY	control	6	816	672	96	0	0
MEMORY	diagonal	5	672	672	96	0	0
INPUT	1	32	fraction	fresh
MEMORY	baseline	29	4000	3752	3176	2448	0
MEMORY	control	29	4000	3752	3176	2448	0
MEMORY	diagonal	28	3856	3752	3176	2448	0
INPUT	1	32	fraction	reused
MEMORY	baseline	6	816	672	96	0	0
MEMORY	control	6	816	672	96	0	0
MEMORY	diagonal	5	672	672	96	0	0
INPUT	1	256	dense	fresh
MEMORY	baseline	88	7184	4616	3896	2952	0
MEMORY	control	88	7184	4616	3896	2952	0
MEMORY	diagonal	87	7040	4616	3896	2952	0
INPUT	1	256	dense	reused
MEMORY	baseline	6	816	672	96	0	0
MEMORY	control	6	816	672	96	0	0
MEMORY	diagonal	5	672	672	96	0	0
INPUT	1	256	sparse	fresh
MEMORY	baseline	88	7184	4616	3896	2952	0
MEMORY	control	88	7184	4616	3896	2952	0
MEMORY	diagonal	87	7040	4616	3896	2952	0
INPUT	1	256	sparse	reused
MEMORY	baseline	6	816	672	96	0	0
MEMORY	control	6	816	672	96	0	0
MEMORY	diagonal	5	672	672	96	0	0
INPUT	1	256	fraction	fresh
MEMORY	baseline	99	7704	4544	3840	2896	0
MEMORY	control	99	7704	4544	3840	2896	0
MEMORY	diagonal	98	7560	4544	3840	2896	0
INPUT	1	256	fraction	reused
MEMORY	baseline	6	816	672	96	0	0
MEMORY	control	6	816	672	96	0	0
MEMORY	diagonal	5	672	672	96	0	0
INPUT	2	32	dense	fresh
MEMORY	baseline	50	7248	6560	5600	4088	0
MEMORY	control	50	7248	6560	5600	4088	0
MEMORY	diagonal	48	6768	6560	5600	4088	0
INPUT	2	32	dense	reused
MEMORY	baseline	7	1584	1104	144	0	0
MEMORY	control	7	1584	1104	144	0	0
MEMORY	diagonal	5	1104	1104	144	0	0
INPUT	2	32	sparse	fresh
MEMORY	baseline	30	4768	4184	3224	2448	0
MEMORY	control	30	4768	4184	3224	2448	0
MEMORY	diagonal	28	4288	4184	3224	2448	0
INPUT	2	32	sparse	reused
MEMORY	baseline	7	1584	1104	144	0	0
MEMORY	control	7	1584	1104	144	0	0
MEMORY	diagonal	5	1104	1104	144	0	0
INPUT	2	32	fraction	fresh
MEMORY	baseline	51	7264	6576	5616	4104	0
MEMORY	control	51	7264	6576	5616	4104	0
MEMORY	diagonal	49	6784	6576	5616	4104	0
INPUT	2	32	fraction	reused
MEMORY	baseline	7	1584	1104	144	0	0
MEMORY	control	7	1584	1104	144	0	0
MEMORY	diagonal	5	1104	1104	144	0	0
INPUT	2	256	dense	fresh
MEMORY	baseline	143	12720	8032	6928	4696	0
MEMORY	control	143	12720	8032	6928	4696	0
MEMORY	diagonal	141	12240	8032	6928	4696	0
INPUT	2	256	dense	reused
MEMORY	baseline	7	1584	1104	144	0	0
MEMORY	control	7	1584	1104	144	0	0
MEMORY	diagonal	5	1104	1104	144	0	0
INPUT	2	256	sparse	fresh
MEMORY	baseline	89	7952	5048	3944	2952	0
MEMORY	control	89	7952	5048	3944	2952	0
MEMORY	diagonal	87	7472	5048	3944	2952	0
INPUT	2	256	sparse	reused
MEMORY	baseline	7	1584	1104	144	0	0
MEMORY	control	7	1584	1104	144	0	0
MEMORY	diagonal	5	1104	1104	144	0	0
INPUT	2	256	fraction	fresh
MEMORY	baseline	151	13528	8056	6952	4776	0
MEMORY	control	151	13528	8056	6952	4776	0
MEMORY	diagonal	149	13048	8056	6952	4776	0
INPUT	2	256	fraction	reused
MEMORY	baseline	7	1584	1104	144	0	0
MEMORY	control	7	1584	1104	144	0	0
MEMORY	diagonal	5	1104	1104	144	0	0
INPUT	4	32	dense	fresh
MEMORY	baseline	117	16448	14032	12288	6832	0
MEMORY	control	117	16448	14032	12288	6832	0
MEMORY	diagonal	108	14288	13808	12080	6832	0
INPUT	4	32	dense	reused
MEMORY	baseline	38	6560	3744	1792	504	0
MEMORY	control	38	6560	3744	1792	504	0
MEMORY	diagonal	36	5112	4024	1968	680	0
INPUT	4	32	sparse	fresh
MEMORY	baseline	32	6880	5048	3320	2448	0
MEMORY	control	32	6880	5048	3320	2448	0
MEMORY	diagonal	28	5152	5048	3320	2448	0
INPUT	4	32	sparse	reused
MEMORY	baseline	9	3696	1968	240	0	0
MEMORY	control	9	3696	1968	240	0	0
MEMORY	diagonal	5	1968	1968	240	0	0
INPUT	4	32	fraction	fresh
MEMORY	baseline	129	16640	14192	12448	6912	0
MEMORY	control	129	16640	14192	12448	6912	0
MEMORY	diagonal	118	14448	13952	12224	6912	0
INPUT	4	32	fraction	reused
MEMORY	baseline	41	6608	3776	1808	520	0
MEMORY	control	41	6608	3776	1808	520	0
MEMORY	diagonal	39	5160	4056	1984	696	0
INPUT	4	256	dense	fresh
MEMORY	baseline	306	27920	17272	15336	7904	0
MEMORY	control	306	27920	17272	15336	7904	0
MEMORY	diagonal	289	25256	17008	15064	7904	0
INPUT	4	256	dense	reused
MEMORY	baseline	103	10744	4688	2472	680	0
MEMORY	control	103	10744	4688	2472	680	0
MEMORY	diagonal	108	9688	5024	2648	856	0
INPUT	4	256	sparse	fresh
MEMORY	baseline	91	10064	5912	4040	2952	0
MEMORY	control	91	10064	5912	4040	2952	0
MEMORY	diagonal	87	8336	5912	4040	2952	0
INPUT	4	256	sparse	reused
MEMORY	baseline	9	3696	1968	240	0	0
MEMORY	control	9	3696	1968	240	0	0
MEMORY	diagonal	5	1968	1968	240	0	0
INPUT	4	256	fraction	fresh
MEMORY	baseline	368	33224	17912	15912	7984	0
MEMORY	control	368	33224	17912	15912	7984	0
MEMORY	diagonal	351	30352	17456	15512	7984	0
INPUT	4	256	fraction	reused
MEMORY	baseline	119	12592	4816	2480	744	0
MEMORY	control	119	12592	4816	2480	744	0
MEMORY	diagonal	122	11488	5168	2656	920	0
INPUT	8	32	dense	fresh
MEMORY	baseline	485	57328	29496	26152	11672	0
MEMORY	control	485	57328	29496	26152	11672	0
MEMORY	diagonal	295	35320	27824	24496	11344	0
INPUT	8	32	dense	reused
MEMORY	baseline	389	44376	14208	9824	0	0
MEMORY	control	389	44376	14208	9824	0	0
MEMORY	diagonal	205	23064	13816	9120	296	0
INPUT	8	32	sparse	fresh
MEMORY	baseline	56	15888	9152	5888	4088	0
MEMORY	control	56	15888	9152	5888	4088	0
MEMORY	diagonal	48	9360	9152	5888	4088	0
INPUT	8	32	sparse	reused
MEMORY	baseline	13	10224	3696	432	0	0
MEMORY	control	13	10224	3696	432	0	0
MEMORY	diagonal	5	3696	3696	432	0	0
INPUT	8	32	fraction	fresh
MEMORY	baseline	578	58816	29928	26504	11816	0
MEMORY	control	578	58816	29928	26504	11816	0
MEMORY	diagonal	345	36120	28304	24912	11488	0
INPUT	8	32	fraction	reused
MEMORY	baseline	474	45736	14416	9952	0	0
MEMORY	control	474	45736	14416	9952	0	0
MEMORY	diagonal	251	23800	14120	9312	296	0
INPUT	8	256	dense	fresh
MEMORY	baseline	1309	108624	36736	32584	13384	0
MEMORY	control	1309	108624	36736	32584	13384	0
MEMORY	diagonal	807	66544	34856	30712	12936	0
INPUT	8	256	dense	reused
MEMORY	baseline	1108	89072	17992	12800	0	0
MEMORY	control	1108	89072	17992	12800	0	0
MEMORY	diagonal	627	48840	17976	12208	344	0
INPUT	8	256	sparse	fresh
MEMORY	baseline	149	21360	10624	7216	4696	0
MEMORY	control	149	21360	10624	7216	4696	0
MEMORY	diagonal	141	14832	10624	7216	4696	0
INPUT	8	256	sparse	reused
MEMORY	baseline	13	10224	3696	432	0	0
MEMORY	control	13	10224	3696	432	0	0
MEMORY	diagonal	5	3696	3696	432	0	0
INPUT	8	256	fraction	fresh
MEMORY	baseline	1497	133384	38352	33832	13504	0
MEMORY	control	1497	133384	38352	33832	13504	0
MEMORY	diagonal	958	82360	36016	31568	13056	0
INPUT	8	256	fraction	reused
MEMORY	baseline	1252	111088	19080	13520	0	0
MEMORY	control	1252	111088	19080	13520	0	0
MEMORY	diagonal	758	63512	18840	12640	344	0
INPUT	16	32	dense	fresh
MEMORY	baseline	3449	337424	60088	53416	20888	0
MEMORY	control	3449	337424	60088	53416	20888	0
MEMORY	diagonal	1055	108344	56736	50112	20592	0
INPUT	16	32	dense	reused
MEMORY	baseline	3298	318472	37184	27808	0	0
MEMORY	control	3298	318472	37184	27808	0	0
MEMORY	diagonal	900	88520	35128	25424	280	0
INPUT	16	32	sparse	fresh
MEMORY	baseline	136	45784	19512	13160	6832	0
MEMORY	control	136	45784	19512	13160	6832	0
MEMORY	diagonal	108	19472	18992	12656	6832	0
INPUT	16	32	sparse	reused
MEMORY	baseline	34	33640	7728	1272	456	0
MEMORY	control	34	33640	7728	1272	456	0
MEMORY	diagonal	36	10296	9208	2544	680	0
INPUT	16	32	fraction	fresh
MEMORY	baseline	4041	346896	60664	53912	20984	0
MEMORY	control	4041	346896	60664	53912	20984	0
MEMORY	diagonal	1215	110904	57408	50704	20672	0
INPUT	16	32	fraction	reused
MEMORY	baseline	3888	327912	37616	28160	0	0
MEMORY	control	3888	327912	37616	28160	0	0
MEMORY	diagonal	1057	91032	35688	25904	296	0
INPUT	16	256	dense	fresh
MEMORY	baseline	9562	722456	75328	66744	23416	0
MEMORY	control	9562	722456	75328	66744	23416	0
MEMORY	diagonal	2845	219800	71304	62784	23040	0
INPUT	16	256	dense	reused
MEMORY	baseline	9357	697896	47984	36696	0	0
MEMORY	control	9357	697896	47984	36696	0	0
MEMORY	diagonal	2599	193552	45920	34048	344	0
INPUT	16	256	sparse	fresh
MEMORY	baseline	330	57848	22864	16320	7904	0
MEMORY	control	330	57848	22864	16320	7904	0
MEMORY	diagonal	289	30440	22192	15640	7904	0
INPUT	16	256	sparse	reused
MEMORY	baseline	53	35032	8032	1400	584	0
MEMORY	control	53	35032	8032	1400	584	0
MEMORY	diagonal	108	14872	10208	3224	856	0
INPUT	16	256	fraction	fresh
MEMORY	baseline	10736	894744	78168	68696	23512	0
MEMORY	control	10736	894744	78168	68696	23512	0
MEMORY	diagonal	3265	274448	74576	65232	23080	0
INPUT	16	256	fraction	reused
MEMORY	baseline	10519	869088	50512	38336	0	0
MEMORY	control	10519	869088	50512	38336	0	0
MEMORY	diagonal	3002	247264	49064	36360	408	0
INPUT	32	32	dense	fresh
MEMORY	baseline	27468	2468608	120456	107320	39128	0
MEMORY	control	27468	2468608	120456	107320	39128	0
MEMORY	diagonal	4056	379464	114112	100992	38832	0
INPUT	32	32	dense	reused
MEMORY	baseline	27238	2438152	82736	63568	0	0
MEMORY	control	27238	2438152	82736	63568	0	0
MEMORY	diagonal	3786	344744	77656	58160	280	0
INPUT	32	32	sparse	fresh
MEMORY	baseline	1069	209120	41488	28928	11656	0
MEMORY	control	1069	209120	41488	28928	11656	0
MEMORY	diagonal	295	45688	38192	25648	11344	0
INPUT	32	32	sparse	reused
MEMORY	baseline	905	189464	20616	7016	0	0
MEMORY	control	905	189464	20616	7016	0	0
MEMORY	diagonal	205	33432	24184	10272	296	0
INPUT	32	32	fraction	fresh
MEMORY	baseline	32408	2547648	122328	108920	39464	0
MEMORY	control	32408	2547648	122328	108920	39464	0
MEMORY	diagonal	4714	389992	116032	102656	39136	0
INPUT	32	32	fraction	reused
MEMORY	baseline	32155	2516824	84112	64672	0	0
MEMORY	control	32155	2516824	84112	64672	0	0
MEMORY	diagonal	4426	354984	79176	59392	296	0
INPUT	32	256	dense	fresh
MEMORY	baseline	76159	5464672	151592	134656	43504	0
MEMORY	control	76159	5464672	151592	134656	43504	0
MEMORY	diagonal	11021	808880	142360	125512	43136	0
INPUT	32	256	dense	reused
MEMORY	baseline	75949	5430792	107672	84704	0	0
MEMORY	control	75949	5430792	107672	84704	0	0
MEMORY	diagonal	10639	765184	100360	76880	408	0
INPUT	32	256	sparse	fresh
MEMORY	baseline	2849	322600	49144	35776	13328	0
MEMORY	control	2849	322600	49144	35776	13328	0
MEMORY	diagonal	807	76912	45224	31864	12936	0
INPUT	32	256	sparse	reused
MEMORY	baseline	2470	289368	23160	8752	0	0
MEMORY	control	2470	289368	23160	8752	0	0
MEMORY	diagonal	627	59208	28344	13360	344	0
INPUT	32	256	fraction	fresh
MEMORY	baseline	81992	6993080	157784	139360	43768	0
MEMORY	control	81992	6993080	157784	139360	43768	0
MEMORY	diagonal	12267	1035408	149696	131344	43328	0
INPUT	32	256	fraction	reused
MEMORY	baseline	81632	6952496	113216	88760	0	0
MEMORY	control	81632	6952496	113216	88760	0	0
MEMORY	diagonal	11847	989640	107264	82224	352	0
INPUT	64	32	dense	fresh
MEMORY	baseline	233040	19423936	242920	216488	75992	0
MEMORY	control	233040	19423936	242920	216488	75992	0
MEMORY	diagonal	17005	1438360	230640	204256	75680	0
INPUT	64	32	dense	reused
MEMORY	baseline	232615	19369880	174928	135808	0	0
MEMORY	control	232615	19369880	174928	135808	0	0
MEMORY	diagonal	16480	1373448	163928	124480	280	0
INPUT	64	32	sparse	fresh
MEMORY	baseline	11028	1376848	84768	59664	20888	0
MEMORY	control	11028	1376848	84768	59664	20888	0
MEMORY	diagonal	1055	129080	77472	52416	20592	0
INPUT	64	32	sparse	reused
MEMORY	baseline	10798	1349608	56328	28520	0	0
MEMORY	control	10798	1349608	56328	28520	0	0
MEMORY	diagonal	900	109256	55864	27728	280	0
INPUT	64	32	fraction	fresh
MEMORY	baseline	259926	19854112	245320	218616	76312	0
MEMORY	control	259926	19854112	245320	218616	76312	0
MEMORY	diagonal	18611	1464056	233040	206368	75984	0
INPUT	64	32	fraction	reused
MEMORY	baseline	259483	19799768	176976	137584	0	0
MEMORY	control	259483	19799768	176976	137584	0	0
MEMORY	diagonal	18068	1398856	166008	126272	280	0
INPUT	64	256	dense	fresh
MEMORY	baseline	612201	42959064	303424	269296	84048	0
MEMORY	control	612201	42959064	303424	269296	84048	0
MEMORY	diagonal	43529	3096320	287344	253296	83672	0
INPUT	64	256	dense	reused
MEMORY	baseline	611999	42907232	225464	178648	0	0
MEMORY	control	611999	42907232	225464	178648	0	0
MEMORY	diagonal	42901	3019592	211320	163984	344	0
INPUT	64	256	sparse	fresh
MEMORY	baseline	30807	2626400	100648	73632	23416	0
MEMORY	control	30807	2626400	100648	73632	23416	0
MEMORY	diagonal	2845	240536	92040	65088	23040	0
INPUT	64	256	sparse	reused
MEMORY	baseline	30363	2584728	66168	36448	0	0
MEMORY	control	30363	2584728	66168	36448	0	0
MEMORY	diagonal	2599	214288	66656	36352	344	0
INPUT	64	256	fraction	fresh
MEMORY	baseline	671208	55533736	314976	278536	84344	0
MEMORY	control	671208	55533736	314976	278536	84344	0
MEMORY	diagonal	48711	4020552	302264	265896	83848	0
INPUT	64	256	fraction	reused
MEMORY	baseline	670731	55471368	236344	187216	0	0
MEMORY	control	670731	55471368	236344	187216	0	0
MEMORY	diagonal	48046	3941736	225904	176136	408	0
SUMMARY	288
