INPUT	32	32	dense	fresh	square	137
CALIBRATE	diagonal	1024	0.258054482	0.259072794
CALIBRATE	baseline	128	0.266120030	0.266901560
CALIBRATE	control	128	0.269437556	0.270383732
WARMUP	0	0	diagonal	1024	0.255162309	0.256236660
WARMUP	0	1	baseline	128	0.266077277	0.266973805
WARMUP	0	2	control	128	0.265525773	0.266571359
WARMUP	1	0	baseline	128	0.265688885	0.266537413
WARMUP	1	1	control	128	0.262401017	0.263232409
WARMUP	1	2	diagonal	1024	0.249813745	0.250811876
MEASURE	2	0	control	128	0.264617397	0.265444898
MEASURE	2	1	diagonal	1024	0.249882982	0.250853227
MEASURE	2	2	baseline	128	0.262694791	0.263490122
MEASURE	3	0	diagonal	1024	0.249357176	0.250355255
MEASURE	3	1	baseline	128	0.263406592	0.264327372
MEASURE	3	2	control	128	0.262884959	0.263647759
MEASURE	4	0	baseline	128	0.263823055	0.264636511
MEASURE	4	1	control	128	0.267763501	0.268744612
MEASURE	4	2	diagonal	1024	0.249469283	0.250448357
MEASURE	5	0	control	128	0.270685106	0.271695858
MEASURE	5	1	diagonal	1024	0.253869012	0.254950381
MEASURE	5	2	baseline	128	0.264243406	0.265265597
MEASURE	6	0	diagonal	1024	0.251815871	0.252956000
MEASURE	6	1	baseline	128	0.265050700	0.266070235
MEASURE	6	2	control	128	0.274883014	0.275806936
MEASURE	7	0	baseline	128	0.285837136	0.286827303
MEASURE	7	1	control	128	0.279014611	0.280085854
MEASURE	7	2	diagonal	1024	0.272453288	0.273654760
PASS	bench
