INPUT	16	256	sparse	fresh	square	149
CALIBRATE	diagonal	16384	0.404302064	0.407369686
CALIBRATE	baseline	2048	0.254946734	0.256055563
CALIBRATE	control	4096	0.486168550	0.488388124
WARMUP	0	0	diagonal	16384	0.403399614	0.406212393
WARMUP	0	1	baseline	2048	0.244074192	0.245106659
WARMUP	0	2	control	4096	0.485990849	0.488041716
WARMUP	1	0	baseline	2048	0.253408903	0.254515275
WARMUP	1	1	control	4096	0.505240168	0.507793958
WARMUP	1	2	diagonal	16384	0.405461142	0.408444611
MEASURE	2	0	control	4096	0.489160008	0.491213004
MEASURE	2	1	diagonal	16384	0.404115680	0.407078333
MEASURE	2	2	baseline	2048	0.243820566	0.244864777
MEASURE	3	0	diagonal	16384	0.405197511	0.408258720
MEASURE	3	1	baseline	2048	0.243061623	0.244199983
MEASURE	3	2	control	4096	0.487104583	0.489103216
MEASURE	4	0	baseline	2048	0.243324591	0.244359786
MEASURE	4	1	control	4096	0.486874290	0.488885133
MEASURE	4	2	diagonal	16384	0.405946996	0.409092970
MEASURE	5	0	control	4096	0.496399890	0.498459877
MEASURE	5	1	diagonal	16384	0.445330308	0.448873023
MEASURE	5	2	baseline	2048	0.244529683	0.245567971
MEASURE	6	0	diagonal	16384	0.406178984	0.409204655
MEASURE	6	1	baseline	2048	0.244416655	0.245439725
MEASURE	6	2	control	4096	0.496875486	0.499041234
MEASURE	7	0	baseline	2048	0.261875483	0.263028248
MEASURE	7	1	control	4096	0.495490137	0.497541685
MEASURE	7	2	diagonal	16384	0.441603455	0.445021431
PASS	bench
