INPUT	16	256	sparse	fresh	square	163
CALIBRATE	control	2048	0.252097615	0.253474846
CALIBRATE	diagonal	16384	0.403216424	0.406259104
CALIBRATE	baseline	2048	0.256722470	0.258158328
WARMUP	0	0	control	2048	0.251036347	0.252151118
WARMUP	0	1	diagonal	16384	0.429767541	0.437431821
WARMUP	0	2	baseline	2048	0.246464321	0.247669009
WARMUP	1	0	diagonal	16384	0.403055321	0.406218610
WARMUP	1	1	baseline	2048	0.244251384	0.245341908
WARMUP	1	2	control	2048	0.244887689	0.246188901
MEASURE	2	0	baseline	2048	0.254804757	0.255938644
MEASURE	2	1	control	2048	0.252040728	0.253224461
MEASURE	2	2	diagonal	16384	0.407044232	0.410139899
MEASURE	3	0	control	2048	0.249403470	0.250497059
MEASURE	3	1	diagonal	16384	0.398617286	0.401720095
MEASURE	3	2	baseline	2048	0.246816715	0.248074035
MEASURE	4	0	diagonal	16384	0.405550891	0.408866955
MEASURE	4	1	baseline	2048	0.246811635	0.247905403
MEASURE	4	2	control	2048	0.245472739	0.246575530
MEASURE	5	0	baseline	2048	0.244426229	0.245501678
MEASURE	5	1	control	2048	0.244895980	0.246015690
MEASURE	5	2	diagonal	16384	0.401928349	0.405204227
MEASURE	6	0	control	2048	0.249611812	0.251001853
MEASURE	6	1	diagonal	16384	0.413014343	0.416305220
MEASURE	6	2	baseline	2048	0.243215747	0.244231664
MEASURE	7	0	diagonal	16384	0.397488884	0.400554470
MEASURE	7	1	baseline	2048	0.277700398	0.279213160
MEASURE	7	2	control	2048	0.251448477	0.252803089
PASS	bench
