INPUT	8	32	dense	reused	square	137
CALIBRATE	diagonal	16384	0.305538334	0.308722490
CALIBRATE	baseline	8192	0.318426816	0.320345489
CALIBRATE	control	8192	0.331391063	0.333638483
WARMUP	0	0	diagonal	16384	0.239724583	0.242323703
WARMUP	0	1	baseline	8192	0.329679296	0.331701597
WARMUP	0	2	control	8192	0.349901264	0.352016135
WARMUP	1	0	baseline	8192	0.333679276	0.335799227
WARMUP	1	1	control	8192	0.346786889	0.348846272
WARMUP	1	2	diagonal	16384	0.236901945	0.239907397
MEASURE	2	0	control	8192	0.316714111	0.318954641
MEASURE	2	1	diagonal	16384	0.235090296	0.237485015
MEASURE	2	2	baseline	8192	0.318433917	0.320921875
MEASURE	3	0	diagonal	16384	0.247898276	0.250901497
MEASURE	3	1	baseline	8192	0.317830873	0.319707747
MEASURE	3	2	control	8192	0.348793211	0.350864093
MEASURE	4	0	baseline	8192	0.332917083	0.334979260
MEASURE	4	1	control	8192	0.316032550	0.318077708
MEASURE	4	2	diagonal	16384	0.235853916	0.238483224
MEASURE	5	0	control	8192	0.340830939	0.342859844
MEASURE	5	1	diagonal	16384	0.235975284	0.238774134
MEASURE	5	2	baseline	8192	0.320016496	0.322276145
MEASURE	6	0	diagonal	16384	0.241107560	0.243674952
MEASURE	6	1	baseline	8192	0.337902345	0.339988630
MEASURE	6	2	control	8192	0.320991991	0.322997054
MEASURE	7	0	baseline	8192	0.320461199	0.322560383
MEASURE	7	1	control	8192	0.329865561	0.332202394
MEASURE	7	2	diagonal	16384	0.235020148	0.237651652
PASS	bench
