INPUT	8	256	fraction	reused	nonsquare	137
CALIBRATE	diagonal	8192	0.403889073	0.406155437
CALIBRATE	baseline	4096	0.409054751	0.410746039
CALIBRATE	control	4096	0.423887951	0.425680186
WARMUP	0	0	diagonal	8192	0.406480904	0.408658593
WARMUP	0	1	baseline	4096	0.423477239	0.425349520
WARMUP	0	2	control	4096	0.423294782	0.425141712
WARMUP	1	0	baseline	4096	0.423433541	0.425473434
WARMUP	1	1	control	4096	0.419542933	0.421361242
WARMUP	1	2	diagonal	8192	0.408071828	0.410337589
MEASURE	2	0	control	4096	0.414337100	0.416096934
MEASURE	2	1	diagonal	8192	0.393702684	0.395692591
MEASURE	2	2	baseline	4096	0.416366245	0.421435876
MEASURE	3	0	diagonal	8192	0.398407323	0.400663981
MEASURE	3	1	baseline	4096	0.416325247	0.418068178
MEASURE	3	2	control	4096	0.415353268	0.417059758
MEASURE	4	0	baseline	4096	0.413901296	0.415581650
MEASURE	4	1	control	4096	0.413688561	0.415675723
MEASURE	4	2	diagonal	8192	0.395766192	0.397715714
MEASURE	5	0	control	4096	0.414603347	0.416286900
MEASURE	5	1	diagonal	8192	0.411186730	0.413424857
MEASURE	5	2	baseline	4096	0.425995252	0.427840169
MEASURE	6	0	diagonal	8192	0.399597910	0.401820342
MEASURE	6	1	baseline	4096	0.426365952	0.428187856
MEASURE	6	2	control	4096	0.426764690	0.428560980
MEASURE	7	0	baseline	4096	0.425720341	0.427570686
MEASURE	7	1	control	4096	0.424460570	0.426399629
MEASURE	7	2	diagonal	8192	0.404601121	0.406624232
PASS	bench
