INPUT	4	32	dense	fresh	square	163
CALIBRATE	control	32768	0.323943795	0.327992543
CALIBRATE	diagonal	65536	0.409403754	0.416787816
CALIBRATE	baseline	32768	0.306636809	0.310643187
WARMUP	0	0	control	32768	0.306098457	0.310401491
WARMUP	0	1	diagonal	65536	0.422366854	0.430175908
WARMUP	0	2	baseline	32768	0.304938595	0.308946752
WARMUP	1	0	diagonal	65536	0.419937073	0.428249093
WARMUP	1	1	baseline	32768	0.307324126	0.311612449
WARMUP	1	2	control	32768	0.304603167	0.308840307
MEASURE	2	0	baseline	32768	0.314782535	0.319058145
MEASURE	2	1	control	32768	0.304298268	0.308332315
MEASURE	2	2	diagonal	65536	0.420401911	0.428009825
MEASURE	3	0	control	32768	0.305224906	0.309115662
MEASURE	3	1	diagonal	65536	0.447737555	0.455619367
MEASURE	3	2	baseline	32768	0.310489835	0.314926535
MEASURE	4	0	diagonal	65536	0.477390948	0.485941237
MEASURE	4	1	baseline	32768	0.316524174	0.320894784
MEASURE	4	2	control	32768	0.335078774	0.339500954
MEASURE	5	0	baseline	32768	0.316487943	0.321087560
MEASURE	5	1	control	32768	0.362017796	0.367199746
MEASURE	5	2	diagonal	65536	0.432192130	0.439851174
MEASURE	6	0	control	32768	0.306528074	0.310918025
MEASURE	6	1	diagonal	65536	0.414522089	0.421807570
MEASURE	6	2	baseline	32768	0.304378576	0.308600738
MEASURE	7	0	diagonal	65536	0.420927822	0.428517318
MEASURE	7	1	baseline	32768	0.309640247	0.314324969
MEASURE	7	2	control	32768	0.311070799	0.315554684
PASS	bench
