INPUT	8	256	fraction	fresh	nonsquare	163
CALIBRATE	control	2048	0.376417674	0.378450162
CALIBRATE	diagonal	4096	0.460011841	0.463485638
CALIBRATE	baseline	4096	0.462376077	0.464859239
WARMUP	0	0	control	2048	0.238093725	0.239393632
WARMUP	0	1	diagonal	4096	0.268878627	0.270764355
WARMUP	0	2	baseline	4096	0.472911734	0.475668205
WARMUP	1	0	diagonal	4096	0.243336013	0.244686379
WARMUP	1	1	baseline	4096	0.471647498	0.474061183
WARMUP	1	2	control	2048	0.287675611	0.289371718
MEASURE	2	0	baseline	4096	0.507647198	0.510464810
MEASURE	2	1	control	2048	0.245430588	0.246846076
MEASURE	2	2	diagonal	4096	0.256818789	0.258401354
MEASURE	3	0	control	2048	0.231799203	0.232961503
MEASURE	3	1	diagonal	4096	0.249942937	0.251378873
MEASURE	3	2	baseline	4096	0.672667613	0.676895629
MEASURE	4	0	diagonal	4096	0.439219561	0.442543053
MEASURE	4	1	baseline	4096	0.462933268	0.465511997
MEASURE	4	2	control	2048	0.229606530	0.230732327
MEASURE	5	0	baseline	4096	0.458000160	0.460273059
MEASURE	5	1	control	2048	0.231432411	0.232676867
MEASURE	5	2	diagonal	4096	0.244669969	0.246336310
MEASURE	6	0	control	2048	0.232981375	0.234208936
MEASURE	6	1	diagonal	4096	0.249595320	0.251281446
MEASURE	6	2	baseline	4096	0.462180935	0.464462033
MEASURE	7	0	diagonal	4096	0.242788104	0.244312300
MEASURE	7	1	baseline	4096	0.474625820	0.477246215
MEASURE	7	2	control	2048	0.234590696	0.236027494
PASS	bench
