INPUT	8	32	dense	fresh	square	137
CALIBRATE	diagonal	16384	0.315772674	0.318846890
CALIBRATE	baseline	8192	0.399600788	0.401954891
CALIBRATE	control	8192	0.368228363	0.370334354
WARMUP	0	0	diagonal	16384	0.317682774	0.320310993
WARMUP	0	1	baseline	8192	0.400905240	0.403359180
WARMUP	0	2	control	8192	0.367954061	0.370027259
WARMUP	1	0	baseline	8192	0.377282167	0.379418008
WARMUP	1	1	control	8192	0.371249762	0.373312280
WARMUP	1	2	diagonal	16384	0.314006852	0.316623741
MEASURE	2	0	control	8192	0.374199350	0.376339236
MEASURE	2	1	diagonal	16384	0.347193563	0.350285780
MEASURE	2	2	baseline	8192	0.383340624	0.385581883
MEASURE	3	0	diagonal	16384	0.327265851	0.330055076
MEASURE	3	1	baseline	8192	0.385959449	0.388231670
MEASURE	3	2	control	8192	0.386093148	0.388672087
MEASURE	4	0	baseline	8192	0.371446297	0.373580794
MEASURE	4	1	control	8192	0.371097893	0.373243681
MEASURE	4	2	diagonal	16384	0.313911182	0.316532261
MEASURE	5	0	control	8192	0.372068701	0.374222684
MEASURE	5	1	diagonal	16384	0.324508494	0.327448228
MEASURE	5	2	baseline	8192	0.374639987	0.376853153
MEASURE	6	0	diagonal	16384	0.316239175	0.319009707
MEASURE	6	1	baseline	8192	0.379781348	0.382030308
MEASURE	6	2	control	8192	0.373639826	0.375846955
MEASURE	7	0	baseline	8192	0.372174545	0.374347567
MEASURE	7	1	control	8192	0.375916371	0.378119772
MEASURE	7	2	diagonal	16384	0.315031961	0.317800492
PASS	bench
