INPUT	1	32	dense	fresh	square	163
CALIBRATE	control	262144	0.495758122	0.520405726
CALIBRATE	diagonal	262144	0.471180310	0.495242567
CALIBRATE	baseline	131072	0.251328322	0.263373012
WARMUP	0	0	control	262144	0.500399530	0.524809155
WARMUP	0	1	diagonal	262144	0.470508302	0.495131211
WARMUP	0	2	baseline	131072	0.249837994	0.261931933
WARMUP	1	0	diagonal	262144	0.470466266	0.495222354
WARMUP	1	1	baseline	131072	0.249725493	0.261939550
WARMUP	1	2	control	262144	0.500226017	0.524882043
MEASURE	2	0	baseline	131072	0.251799930	0.263963635
MEASURE	2	1	control	262144	0.509531368	0.535108512
MEASURE	2	2	diagonal	262144	0.482045446	0.506856417
MEASURE	3	0	control	262144	0.503766996	0.528561313
MEASURE	3	1	diagonal	262144	0.501715491	0.526939804
MEASURE	3	2	baseline	131072	0.257160964	0.269690721
MEASURE	4	0	diagonal	262144	0.491825537	0.516374263
MEASURE	4	1	baseline	131072	0.254555809	0.266978161
MEASURE	4	2	control	262144	0.500869350	0.526057670
MEASURE	5	0	baseline	131072	0.260190090	0.272638039
MEASURE	5	1	control	262144	0.510354774	0.535917803
MEASURE	5	2	diagonal	262144	0.478880670	0.503573466
MEASURE	6	0	control	262144	0.511290204	0.536910013
MEASURE	6	1	diagonal	262144	0.473292048	0.497436550
MEASURE	6	2	baseline	131072	0.255311830	0.267508746
MEASURE	7	0	diagonal	262144	0.475725634	0.500374291
MEASURE	7	1	baseline	131072	0.252664667	0.265053615
MEASURE	7	2	control	262144	0.505519579	0.530471857
PASS	bench
