INPUT	16	256	dense	fresh	square	149
CALIBRATE	diagonal	2048	0.301492674	0.303117181
CALIBRATE	baseline	512	0.269328993	0.270328090
CALIBRATE	control	512	0.267681380	0.268666597
WARMUP	0	0	diagonal	2048	0.279965424	0.281236687
WARMUP	0	1	baseline	512	0.250090922	0.251121259
WARMUP	0	2	control	512	0.251449550	0.252281523
WARMUP	1	0	baseline	512	0.250322131	0.251176944
WARMUP	1	1	control	512	0.249647583	0.250491464
WARMUP	1	2	diagonal	2048	0.265278372	0.266411365
MEASURE	2	0	control	512	0.250131624	0.250969515
MEASURE	2	1	diagonal	2048	0.265962416	0.267094249
MEASURE	2	2	baseline	512	0.265263876	0.266255649
MEASURE	3	0	diagonal	2048	0.265082152	0.266196111
MEASURE	3	1	baseline	512	0.249885565	0.250688147
MEASURE	3	2	control	512	0.250096078	0.254074761
MEASURE	4	0	baseline	512	0.251612531	0.252443516
MEASURE	4	1	control	512	0.250398860	0.251249079
MEASURE	4	2	diagonal	2048	0.265570714	0.266626485
MEASURE	5	0	control	512	0.249818663	0.250634630
MEASURE	5	1	diagonal	2048	0.275249589	0.276658435
MEASURE	5	2	baseline	512	0.253499552	0.254415033
MEASURE	6	0	diagonal	2048	0.264940913	0.266045967
MEASURE	6	1	baseline	512	0.251335330	0.252173024
MEASURE	6	2	control	512	0.255635390	0.256578315
MEASURE	7	0	baseline	512	0.251457099	0.252387683
MEASURE	7	1	control	512	0.252364270	0.253270028
MEASURE	7	2	diagonal	2048	0.279135518	0.280359897
PASS	bench
