INPUT	1	32	dense	fresh	square	149
CALIBRATE	diagonal	262144	0.477521090	0.503966825
CALIBRATE	baseline	131072	0.253955176	0.266103208
CALIBRATE	control	262144	0.498653335	0.524194325
WARMUP	0	0	diagonal	262144	0.475316052	0.500187044
WARMUP	0	1	baseline	131072	0.257144493	0.269660780
WARMUP	0	2	control	262144	0.512558315	0.537647715
WARMUP	1	0	baseline	131072	0.254823060	0.267266878
WARMUP	1	1	control	262144	0.512422581	0.537126926
WARMUP	1	2	diagonal	262144	0.473207316	0.497317360
MEASURE	2	0	control	262144	0.512202097	0.536857575
MEASURE	2	1	diagonal	262144	0.491486662	0.516118315
MEASURE	2	2	baseline	131072	0.278639838	0.291458321
MEASURE	3	0	diagonal	262144	0.496226586	0.521326552
MEASURE	3	1	baseline	131072	0.253248575	0.264929266
MEASURE	3	2	control	262144	0.514441594	0.540031795
MEASURE	4	0	baseline	131072	0.255638290	0.268432608
MEASURE	4	1	control	262144	0.511057281	0.536107668
MEASURE	4	2	diagonal	262144	0.480573954	0.504869271
MEASURE	5	0	control	262144	0.501830475	0.526601138
MEASURE	5	1	diagonal	262144	0.478812106	0.503850719
MEASURE	5	2	baseline	131072	0.256420493	0.268443634
MEASURE	6	0	diagonal	262144	0.476834267	0.501246320
MEASURE	6	1	baseline	131072	0.255724590	0.267911434
MEASURE	6	2	control	262144	0.512066540	0.536965463
MEASURE	7	0	baseline	131072	0.255684731	0.267748017
MEASURE	7	1	control	262144	0.512785790	0.537190367
MEASURE	7	2	diagonal	262144	0.522921123	0.549634187
PASS	bench
