INPUT	4	32	dense	reused	square	137
CALIBRATE	diagonal	131072	0.409250265	0.422702665
CALIBRATE	baseline	65536	0.381052966	0.388141593
CALIBRATE	control	65536	0.376281309	0.383466593
WARMUP	0	0	diagonal	131072	0.418790216	0.432282121
WARMUP	0	1	baseline	65536	0.380092075	0.387497969
WARMUP	0	2	control	65536	0.404062105	0.411601155
WARMUP	1	0	baseline	65536	0.411717063	0.419125622
WARMUP	1	1	control	65536	0.530420767	0.540011469
WARMUP	1	2	diagonal	131072	0.771029139	0.791936053
MEASURE	2	0	control	65536	0.680924270	0.694139965
MEASURE	2	1	diagonal	131072	0.777812050	0.799309631
MEASURE	2	2	baseline	65536	0.678441412	0.691522582
MEASURE	3	0	diagonal	131072	0.769676432	0.790948687
MEASURE	3	1	baseline	65536	0.638491123	0.650441836
MEASURE	3	2	control	65536	0.640548007	0.652841338
MEASURE	4	0	baseline	65536	0.681929249	0.695139686
MEASURE	4	1	control	65536	0.674969510	0.688109123
MEASURE	4	2	diagonal	131072	0.764162380	0.786284352
MEASURE	5	0	control	65536	0.377514012	0.385482735
MEASURE	5	1	diagonal	131072	0.415483523	0.428142440
MEASURE	5	2	baseline	65536	0.383109095	0.390923131
MEASURE	6	0	diagonal	131072	0.494983143	0.509908986
MEASURE	6	1	baseline	65536	0.398136325	0.406355768
MEASURE	6	2	control	65536	0.377470739	0.385328388
MEASURE	7	0	baseline	65536	0.378977752	0.386092073
MEASURE	7	1	control	65536	0.388182500	0.395612839
MEASURE	7	2	diagonal	131072	0.411421825	0.424053096
PASS	bench
