INPUT	8	256	fraction	fresh	nonsquare	149
CALIBRATE	diagonal	8192	0.472954755	0.475420885
CALIBRATE	baseline	4096	0.456442130	0.458743902
CALIBRATE	control	4096	0.456284157	0.458355424
WARMUP	0	0	diagonal	8192	0.482307873	0.484923841
WARMUP	0	1	baseline	4096	0.454047787	0.456231014
WARMUP	0	2	control	4096	0.456902433	0.459028117
WARMUP	1	0	baseline	4096	0.457889145	0.459918044
WARMUP	1	1	control	4096	0.462647927	0.464764251
WARMUP	1	2	diagonal	8192	0.516957093	0.520196140
MEASURE	2	0	control	4096	0.460783915	0.462856490
MEASURE	2	1	diagonal	8192	0.474439615	0.476930819
MEASURE	2	2	baseline	4096	0.452002286	0.454086744
MEASURE	3	0	diagonal	8192	0.482153808	0.484971898
MEASURE	3	1	baseline	4096	0.451672732	0.453686892
MEASURE	3	2	control	4096	0.476936429	0.479192206
MEASURE	4	0	baseline	4096	0.474368742	0.476626638
MEASURE	4	1	control	4096	0.478408902	0.480839041
MEASURE	4	2	diagonal	8192	0.481843870	0.484375764
MEASURE	5	0	control	4096	0.477716150	0.480162101
MEASURE	5	1	diagonal	8192	0.495881595	0.498773961
MEASURE	5	2	baseline	4096	0.486250882	0.488898314
MEASURE	6	0	diagonal	8192	0.498621341	0.501389451
MEASURE	6	1	baseline	4096	0.457284273	0.459466047
MEASURE	6	2	control	4096	0.468473150	0.470757017
MEASURE	7	0	baseline	4096	0.480879125	0.483390438
MEASURE	7	1	control	4096	0.501523318	0.504024962
MEASURE	7	2	diagonal	8192	0.494245340	0.497064482
PASS	bench
