INPUT	16	256	dense	reused	square	137
CALIBRATE	diagonal	4096	0.489174811	0.491155170
CALIBRATE	baseline	1024	0.491772982	0.493457974
CALIBRATE	control	1024	0.498192099	0.499845475
WARMUP	0	0	diagonal	4096	0.487468932	0.489398349
WARMUP	0	1	baseline	1024	0.504262491	0.505920078
WARMUP	0	2	control	1024	0.505234755	0.506902130
WARMUP	1	0	baseline	1024	0.527066936	0.528923632
WARMUP	1	1	control	1024	0.508638209	0.510291949
WARMUP	1	2	diagonal	4096	0.497006914	0.498901310
MEASURE	2	0	control	1024	0.512136764	0.513742841
MEASURE	2	1	diagonal	4096	0.494853026	0.496699370
MEASURE	2	2	baseline	1024	0.511851368	0.513636209
MEASURE	3	0	diagonal	4096	0.494318326	0.496249690
MEASURE	3	1	baseline	1024	0.505538726	0.507127304
MEASURE	3	2	control	1024	0.505819609	0.507440953
MEASURE	4	0	baseline	1024	0.498536374	0.500252536
MEASURE	4	1	control	1024	0.496274706	0.497867609
MEASURE	4	2	diagonal	4096	0.482164258	0.484180609
MEASURE	5	0	control	1024	0.536735860	0.538619646
MEASURE	5	1	diagonal	4096	0.479969411	0.481785923
MEASURE	5	2	baseline	1024	0.496796964	0.498388534
MEASURE	6	0	diagonal	4096	0.526195243	0.528548796
MEASURE	6	1	baseline	1024	0.544407994	0.546419641
MEASURE	6	2	control	1024	0.515965910	0.517820342
MEASURE	7	0	baseline	1024	0.495653102	0.497496106
MEASURE	7	1	control	1024	0.517834427	0.519684053
MEASURE	7	2	diagonal	4096	0.483571460	0.485454530
PASS	bench
