INPUT	32	32	dense	reused	square	163
CALIBRATE	control	128	0.272504050	0.273524043
CALIBRATE	diagonal	2048	0.499331866	0.501532536
CALIBRATE	baseline	128	0.272577749	0.273475116
WARMUP	0	0	control	128	0.271416719	0.272298297
WARMUP	0	1	diagonal	2048	0.482801866	0.484703370
WARMUP	0	2	baseline	128	0.274673013	0.275711103
WARMUP	1	0	diagonal	2048	0.479965660	0.481924208
WARMUP	1	1	baseline	128	0.269742212	0.270579406
WARMUP	1	2	control	128	0.269704367	0.270515779
MEASURE	2	0	baseline	128	0.277834952	0.278786063
MEASURE	2	1	control	128	0.271502177	0.272322906
MEASURE	2	2	diagonal	2048	0.484382469	0.486085384
MEASURE	3	0	control	128	0.272311942	0.273361214
MEASURE	3	1	diagonal	2048	0.477890001	0.479520125
MEASURE	3	2	baseline	128	0.271828548	0.272731117
MEASURE	4	0	diagonal	2048	0.512282009	0.514517126
MEASURE	4	1	baseline	128	0.310854703	0.311966399
MEASURE	4	2	control	128	0.287382875	0.288630667
MEASURE	5	0	baseline	128	0.291268506	0.292398970
MEASURE	5	1	control	128	0.325144163	0.326378630
MEASURE	5	2	diagonal	2048	0.531762580	0.533988972
MEASURE	6	0	control	128	0.342212576	0.343566893
MEASURE	6	1	diagonal	2048	0.482395000	0.484503074
MEASURE	6	2	baseline	128	0.272095695	0.272951393
MEASURE	7	0	diagonal	2048	0.535985201	0.538187103
MEASURE	7	1	baseline	128	0.287532142	0.288615239
MEASURE	7	2	control	128	0.280019832	0.281097504
PASS	bench
