INPUT	8	32	dense	reused	square	163
CALIBRATE	control	8192	0.328908640	0.330867292
CALIBRATE	diagonal	32768	0.473762168	0.479526600
CALIBRATE	baseline	8192	0.319319207	0.321190884
WARMUP	0	0	control	8192	0.322284241	0.324422753
WARMUP	0	1	diagonal	32768	0.513758902	0.518703666
WARMUP	0	2	baseline	8192	0.330242972	0.332180022
WARMUP	1	0	diagonal	32768	0.464971295	0.470496884
WARMUP	1	1	baseline	8192	0.320548643	0.322583539
WARMUP	1	2	control	8192	0.317757351	0.319843900
MEASURE	2	0	baseline	8192	0.318824556	0.320701121
MEASURE	2	1	control	8192	0.331370607	0.333379961
MEASURE	2	2	diagonal	32768	0.479642705	0.485077550
MEASURE	3	0	control	8192	0.321621030	0.323545147
MEASURE	3	1	diagonal	32768	0.481910938	0.487312252
MEASURE	3	2	baseline	8192	0.370772612	0.373023563
MEASURE	4	0	diagonal	32768	0.487524418	0.493386195
MEASURE	4	1	baseline	8192	0.322362559	0.324349190
MEASURE	4	2	control	8192	0.314265399	0.316248093
MEASURE	5	0	baseline	8192	0.327513386	0.329720602
MEASURE	5	1	control	8192	0.324121038	0.326162755
MEASURE	5	2	diagonal	32768	0.463674525	0.468920160
MEASURE	6	0	control	8192	0.330190587	0.332166005
MEASURE	6	1	diagonal	32768	0.479357596	0.484064870
MEASURE	6	2	baseline	8192	0.322718605	0.324606643
MEASURE	7	0	diagonal	32768	0.466872293	0.472937509
MEASURE	7	1	baseline	8192	0.322489853	0.324608171
MEASURE	7	2	control	8192	0.333991306	0.336088707
PASS	bench
