INPUT	8	256	fraction	fresh	nonsquare	137
CALIBRATE	diagonal	8192	0.499379108	0.502002123
CALIBRATE	baseline	4096	0.466322681	0.468610512
CALIBRATE	control	4096	0.456490890	0.458506387
WARMUP	0	0	diagonal	8192	0.491153281	0.493833902
WARMUP	0	1	baseline	4096	0.467231069	0.469566864
WARMUP	0	2	control	4096	0.473290112	0.475419210
WARMUP	1	0	baseline	4096	0.473614366	0.475829507
WARMUP	1	1	control	4096	0.467313537	0.469398754
WARMUP	1	2	diagonal	8192	0.497247476	0.500015727
MEASURE	2	0	control	4096	0.464286629	0.466280367
MEASURE	2	1	diagonal	8192	0.497688386	0.500232160
MEASURE	2	2	baseline	4096	0.464310261	0.466404179
MEASURE	3	0	diagonal	8192	0.500379476	0.503231981
MEASURE	3	1	baseline	4096	0.465966918	0.468023809
MEASURE	3	2	control	4096	0.458976047	0.461076088
MEASURE	4	0	baseline	4096	0.456703582	0.458758118
MEASURE	4	1	control	4096	0.457847668	0.460141508
MEASURE	4	2	diagonal	8192	0.499776719	0.502317470
MEASURE	5	0	control	4096	0.460733811	0.462781822
MEASURE	5	1	diagonal	8192	0.488352207	0.490961996
MEASURE	5	2	baseline	4096	0.454987363	0.457138298
MEASURE	6	0	diagonal	8192	0.490553126	0.493051828
MEASURE	6	1	baseline	4096	0.455104636	0.457067575
MEASURE	6	2	control	4096	0.458666181	0.460693823
MEASURE	7	0	baseline	4096	0.457219836	0.459419271
MEASURE	7	1	control	4096	0.458943415	0.460933022
MEASURE	7	2	diagonal	8192	0.489469143	0.492058298
PASS	bench
