INPUT	8	256	fraction	reused	nonsquare	163
CALIBRATE	control	4096	0.409009907	0.410904318
CALIBRATE	diagonal	8192	0.379713860	0.382121873
CALIBRATE	baseline	4096	0.412185925	0.414274625
WARMUP	0	0	control	4096	0.422157459	0.424539433
WARMUP	0	1	diagonal	8192	0.396912977	0.399252836
WARMUP	0	2	baseline	4096	0.419780006	0.422178665
WARMUP	1	0	diagonal	8192	0.376844713	0.379156284
WARMUP	1	1	baseline	4096	0.404330426	0.406111334
WARMUP	1	2	control	4096	0.419807337	0.421704248
MEASURE	2	0	baseline	4096	0.419154827	0.421733625
MEASURE	2	1	control	4096	0.425456685	0.427780161
MEASURE	2	2	diagonal	8192	0.384156448	0.386516129
MEASURE	3	0	control	4096	0.416652750	0.418818314
MEASURE	3	1	diagonal	8192	0.394750434	0.397256635
MEASURE	3	2	baseline	4096	0.420479471	0.422772423
MEASURE	4	0	diagonal	8192	0.395313093	0.397800952
MEASURE	4	1	baseline	4096	0.413530275	0.415406890
MEASURE	4	2	control	4096	0.404068502	0.405855994
MEASURE	5	0	baseline	4096	0.405521292	0.407665608
MEASURE	5	1	control	4096	0.406988110	0.409036657
MEASURE	5	2	diagonal	8192	0.373292127	0.375563159
MEASURE	6	0	control	4096	0.446822407	0.448878334
MEASURE	6	1	diagonal	8192	0.371917012	0.373958951
MEASURE	6	2	baseline	4096	0.419786507	0.421665201
MEASURE	7	0	diagonal	8192	0.400418307	0.402745435
MEASURE	7	1	baseline	4096	0.414522341	0.416553372
MEASURE	7	2	control	4096	0.407034348	0.408760643
PASS	bench
