INPUT	2	32	dense	reused	square	137
CALIBRATE	diagonal	262144	0.304210107	0.326539021
CALIBRATE	baseline	262144	0.474726955	0.498368480
CALIBRATE	control	262144	0.457347460	0.480771488
WARMUP	0	0	diagonal	262144	0.316223809	0.339665305
WARMUP	0	1	baseline	262144	0.456708788	0.479938892
WARMUP	0	2	control	262144	0.453760602	0.477049418
WARMUP	1	0	baseline	262144	0.458175369	0.482143609
WARMUP	1	1	control	262144	0.456246160	0.480009572
WARMUP	1	2	diagonal	262144	0.313435567	0.337099611
MEASURE	2	0	control	262144	0.463072563	0.486976361
MEASURE	2	1	diagonal	262144	0.324414750	0.347630444
MEASURE	2	2	baseline	262144	0.459739803	0.483560332
MEASURE	3	0	diagonal	262144	0.322419555	0.345846089
MEASURE	3	1	baseline	262144	0.454082318	0.477365468
MEASURE	3	2	control	262144	0.454796094	0.478224854
MEASURE	4	0	baseline	262144	0.463381847	0.487252239
MEASURE	4	1	control	262144	0.458066972	0.481805104
MEASURE	4	2	diagonal	262144	0.324901672	0.348168110
MEASURE	5	0	control	262144	0.457883277	0.481428981
MEASURE	5	1	diagonal	262144	0.321350336	0.344614947
MEASURE	5	2	baseline	262144	0.463014022	0.487381096
MEASURE	6	0	diagonal	262144	0.343520780	0.367339986
MEASURE	6	1	baseline	262144	0.457554218	0.480765600
MEASURE	6	2	control	262144	0.455470850	0.478564385
MEASURE	7	0	baseline	262144	0.465039015	0.488615282
MEASURE	7	1	control	262144	0.455464621	0.478839923
MEASURE	7	2	diagonal	262144	0.331014700	0.354788517
PASS	bench
