INPUT	16	256	dense	reused	square	163
CALIBRATE	control	512	0.262619776	0.263683337
CALIBRATE	diagonal	2048	0.300466688	0.301969043
CALIBRATE	baseline	512	0.260435116	0.261355738
WARMUP	0	0	control	512	0.255435418	0.256318092
WARMUP	0	1	diagonal	2048	0.253256815	0.254361977
WARMUP	0	2	baseline	512	0.258825654	0.259875149
WARMUP	1	0	diagonal	2048	0.266293627	0.267473898
WARMUP	1	1	baseline	512	0.254676495	0.255768269
WARMUP	1	2	control	512	0.249561750	0.250391218
MEASURE	2	0	baseline	512	0.251044644	0.251882696
MEASURE	2	1	control	512	0.252983779	0.253833763
MEASURE	2	2	diagonal	2048	0.241813258	0.242738882
MEASURE	3	0	control	512	0.250250093	0.251141059
MEASURE	3	1	diagonal	2048	0.244775940	0.245778725
MEASURE	3	2	baseline	512	0.247952982	0.248753601
MEASURE	4	0	diagonal	2048	0.246424476	0.247589772
MEASURE	4	1	baseline	512	0.257824908	0.258727138
MEASURE	4	2	control	512	0.259941990	0.260869090
MEASURE	5	0	baseline	512	0.254156897	0.255021472
MEASURE	5	1	control	512	0.252677340	0.253559572
MEASURE	5	2	diagonal	2048	0.246266274	0.247318071
MEASURE	6	0	control	512	0.265743540	0.266722489
MEASURE	6	1	diagonal	2048	0.245276990	0.246433839
MEASURE	6	2	baseline	512	0.247753645	0.248534295
MEASURE	7	0	diagonal	2048	0.248283220	0.249354550
MEASURE	7	1	baseline	512	0.252513392	0.253451009
MEASURE	7	2	control	512	0.249974571	0.250841387
PASS	bench
