INPUT	8	256	fraction	reused	nonsquare	149
CALIBRATE	diagonal	8192	0.379919243	0.382125759
CALIBRATE	baseline	4096	0.401465781	0.403065914
CALIBRATE	control	4096	0.413326204	0.415279100
WARMUP	0	0	diagonal	8192	0.377745047	0.379575036
WARMUP	0	1	baseline	4096	0.399594275	0.401176175
WARMUP	0	2	control	4096	0.400453142	0.402123439
WARMUP	1	0	baseline	4096	0.403158205	0.404833813
WARMUP	1	1	control	4096	0.403043125	0.404930035
WARMUP	1	2	diagonal	8192	0.378878743	0.380770812
MEASURE	2	0	control	4096	0.401136563	0.402815311
MEASURE	2	1	diagonal	8192	0.379797817	0.381830661
MEASURE	2	2	baseline	4096	0.405119648	0.406843808
MEASURE	3	0	diagonal	8192	0.384304796	0.386759864
MEASURE	3	1	baseline	4096	0.407922300	0.409736638
MEASURE	3	2	control	4096	0.402750505	0.404453469
MEASURE	4	0	baseline	4096	0.403426112	0.405149681
MEASURE	4	1	control	4096	0.400254059	0.401867567
MEASURE	4	2	diagonal	8192	0.378676343	0.380797170
MEASURE	5	0	control	4096	0.400634257	0.402205702
MEASURE	5	1	diagonal	8192	0.378085149	0.379911021
MEASURE	5	2	baseline	4096	0.401741354	0.403353185
MEASURE	6	0	diagonal	8192	0.377824369	0.379656369
MEASURE	6	1	baseline	4096	0.401739371	0.403508854
MEASURE	6	2	control	4096	0.400518013	0.402113760
MEASURE	7	0	baseline	4096	0.402053866	0.403671053
MEASURE	7	1	control	4096	0.401689645	0.403532522
MEASURE	7	2	diagonal	8192	0.379928036	0.381962318
PASS	bench
