INPUT	16	256	sparse	reused	square	137
CALIBRATE	diagonal	32768	0.414447115	0.418405378
CALIBRATE	baseline	4096	0.423096748	0.424854213
CALIBRATE	control	4096	0.423663792	0.425236077
WARMUP	0	0	diagonal	32768	0.419256629	0.423179996
WARMUP	0	1	baseline	4096	0.425592704	0.427359634
WARMUP	0	2	control	4096	0.435443034	0.437103804
WARMUP	1	0	baseline	4096	0.430008707	0.431623272
WARMUP	1	1	control	4096	0.421174019	0.422698383
WARMUP	1	2	diagonal	32768	0.418372660	0.422373774
MEASURE	2	0	control	4096	0.423425181	0.425185372
MEASURE	2	1	diagonal	32768	0.418120510	0.422391670
MEASURE	2	2	baseline	4096	0.426167287	0.427777924
MEASURE	3	0	diagonal	32768	0.419586469	0.423776807
MEASURE	3	1	baseline	4096	0.423139552	0.424785667
MEASURE	3	2	control	4096	0.439677702	0.441703788
MEASURE	4	0	baseline	4096	0.456803530	0.458810288
MEASURE	4	1	control	4096	0.450840967	0.452835305
MEASURE	4	2	diagonal	32768	0.447900560	0.452707020
MEASURE	5	0	control	4096	0.425064237	0.426778012
MEASURE	5	1	diagonal	32768	0.423565640	0.428635495
MEASURE	5	2	baseline	4096	0.428171399	0.429712520
MEASURE	6	0	diagonal	32768	0.422950047	0.427499500
MEASURE	6	1	baseline	4096	0.448756093	0.450588838
MEASURE	6	2	control	4096	0.429923649	0.431753870
MEASURE	7	0	baseline	4096	0.420544814	0.422378743
MEASURE	7	1	control	4096	0.422052150	0.423672384
MEASURE	7	2	diagonal	32768	0.423302518	0.427347431
PASS	bench
