INPUT	16	256	dense	reused	square	149
CALIBRATE	diagonal	2048	0.267545236	0.268653477
CALIBRATE	baseline	1024	0.488525319	0.490198992
CALIBRATE	control	1024	0.492852034	0.494460370
WARMUP	0	0	diagonal	2048	0.239020758	0.239946725
WARMUP	0	1	baseline	1024	0.488993754	0.490499581
WARMUP	0	2	control	1024	0.491150652	0.492885708
WARMUP	1	0	baseline	1024	0.498404506	0.499943916
WARMUP	1	1	control	1024	0.497229404	0.498834531
WARMUP	1	2	diagonal	2048	0.238866383	0.239748268
MEASURE	2	0	control	1024	0.490879030	0.492593068
MEASURE	2	1	diagonal	2048	0.240129752	0.241021981
MEASURE	2	2	baseline	1024	0.489493623	0.491009546
MEASURE	3	0	diagonal	2048	0.240238181	0.241116794
MEASURE	3	1	baseline	1024	0.489747694	0.491298887
MEASURE	3	2	control	1024	0.488362007	0.490033944
MEASURE	4	0	baseline	1024	0.492601837	0.494210678
MEASURE	4	1	control	1024	0.492924061	0.494534715
MEASURE	4	2	diagonal	2048	0.240629040	0.241572454
MEASURE	5	0	control	1024	0.492348605	0.494009892
MEASURE	5	1	diagonal	2048	0.238681226	0.239734068
MEASURE	5	2	baseline	1024	0.490622286	0.492126160
MEASURE	6	0	diagonal	2048	0.237653817	0.238501953
MEASURE	6	1	baseline	1024	0.492571370	0.494160341
MEASURE	6	2	control	1024	0.492895384	0.494522615
MEASURE	7	0	baseline	1024	0.491121134	0.492946103
MEASURE	7	1	control	1024	0.523323694	0.525237673
MEASURE	7	2	diagonal	2048	0.237955784	0.238857599
PASS	bench
