INPUT	16	256	sparse	reused	square	149
CALIBRATE	diagonal	32768	0.423443713	0.428002894
CALIBRATE	baseline	4096	0.418560722	0.420444843
CALIBRATE	control	4096	0.418594590	0.420302012
WARMUP	0	0	diagonal	32768	0.424114552	0.428314239
WARMUP	0	1	baseline	4096	0.418157374	0.419968437
WARMUP	0	2	control	4096	0.419173840	0.420906804
WARMUP	1	0	baseline	4096	0.418117855	0.419713503
WARMUP	1	1	control	4096	0.431123621	0.432862724
WARMUP	1	2	diagonal	32768	0.452953135	0.457524068
MEASURE	2	0	control	4096	0.419578306	0.421455792
MEASURE	2	1	diagonal	32768	0.427640769	0.431680823
MEASURE	2	2	baseline	4096	0.416691821	0.418231933
MEASURE	3	0	diagonal	32768	0.450719710	0.455048274
MEASURE	3	1	baseline	4096	0.435389172	0.437242421
MEASURE	3	2	control	4096	0.415034207	0.416533192
MEASURE	4	0	baseline	4096	0.416497749	0.418092244
MEASURE	4	1	control	4096	0.416561551	0.418131522
MEASURE	4	2	diagonal	32768	0.422271241	0.426228438
MEASURE	5	0	control	4096	0.415190939	0.416922894
MEASURE	5	1	diagonal	32768	0.423174243	0.427201412
MEASURE	5	2	baseline	4096	0.415511470	0.417075755
MEASURE	6	0	diagonal	32768	0.429903141	0.434345980
MEASURE	6	1	baseline	4096	0.415240124	0.416871467
MEASURE	6	2	control	4096	0.416341368	0.421320234
MEASURE	7	0	baseline	4096	0.417047591	0.418652386
MEASURE	7	1	control	4096	0.413599442	0.415098308
MEASURE	7	2	diagonal	32768	0.421658960	0.425858019
PASS	bench
