INPUT	2	32	dense	reused	square	163
CALIBRATE	control	262144	0.449868804	0.472822234
CALIBRATE	diagonal	262144	0.313822630	0.336011308
CALIBRATE	baseline	262144	0.455612247	0.479008723
WARMUP	0	0	control	262144	0.448347848	0.471703258
WARMUP	0	1	diagonal	262144	0.312926855	0.335371931
WARMUP	0	2	baseline	262144	0.453427886	0.476370415
WARMUP	1	0	diagonal	262144	0.314191322	0.336345756
WARMUP	1	1	baseline	262144	0.457291995	0.480511928
WARMUP	1	2	control	262144	0.450258183	0.473565707
MEASURE	2	0	baseline	262144	0.453758944	0.476809763
MEASURE	2	1	control	262144	0.461826405	0.485530914
MEASURE	2	2	diagonal	262144	0.335674839	0.358677903
MEASURE	3	0	control	262144	0.484511884	0.508526096
MEASURE	3	1	diagonal	262144	0.331783550	0.354737431
MEASURE	3	2	baseline	262144	0.456539991	0.479765580
MEASURE	4	0	diagonal	262144	0.315967735	0.338484295
MEASURE	4	1	baseline	262144	0.453130770	0.475951050
MEASURE	4	2	control	262144	0.449628827	0.472803231
MEASURE	5	0	baseline	262144	0.447710998	0.470928912
MEASURE	5	1	control	262144	0.468505533	0.491947080
MEASURE	5	2	diagonal	262144	0.348395622	0.371777163
MEASURE	6	0	control	262144	0.486285939	0.510472806
MEASURE	6	1	diagonal	262144	0.336843620	0.359796082
MEASURE	6	2	baseline	262144	0.495864182	0.519986282
MEASURE	7	0	diagonal	262144	0.342594998	0.365968807
MEASURE	7	1	baseline	262144	0.482373492	0.506029429
MEASURE	7	2	control	262144	0.444095740	0.467302373
PASS	bench
