INPUT	32	32	dense	reused	square	149
CALIBRATE	diagonal	2048	0.496437132	0.498331725
CALIBRATE	baseline	128	0.266323553	0.267235514
CALIBRATE	control	128	0.266586374	0.267442260
WARMUP	0	0	diagonal	2048	0.481525352	0.483233232
WARMUP	0	1	baseline	128	0.271249978	0.272153407
WARMUP	0	2	control	128	0.273214566	0.274158189
WARMUP	1	0	baseline	128	0.275222853	0.276356049
WARMUP	1	1	control	128	0.285549762	0.286526602
WARMUP	1	2	diagonal	2048	0.517725249	0.519693721
MEASURE	2	0	control	128	0.266823045	0.267602709
MEASURE	2	1	diagonal	2048	0.484689246	0.486326229
MEASURE	2	2	baseline	128	0.288929411	0.289875933
MEASURE	3	0	diagonal	2048	0.478986400	0.480781157
MEASURE	3	1	baseline	128	0.264658750	0.265350594
MEASURE	3	2	control	128	0.267661524	0.268475839
MEASURE	4	0	baseline	128	0.296816243	0.297852326
MEASURE	4	1	control	128	0.289527729	0.290542257
MEASURE	4	2	diagonal	2048	0.519376677	0.521335320
MEASURE	5	0	control	128	0.291947939	0.293113661
MEASURE	5	1	diagonal	2048	0.495491287	0.497222821
MEASURE	5	2	baseline	128	0.266776137	0.267595219
MEASURE	6	0	diagonal	2048	0.474505480	0.476091320
MEASURE	6	1	baseline	128	0.265974632	0.266781665
MEASURE	6	2	control	128	0.264344340	0.265321826
MEASURE	7	0	baseline	128	0.266288982	0.267110702
MEASURE	7	1	control	128	0.265810977	0.266676612
MEASURE	7	2	diagonal	2048	0.476004017	0.477716507
PASS	bench
