INPUT	16	256	dense	fresh	square	137
CALIBRATE	diagonal	2048	0.292735118	0.294200103
CALIBRATE	baseline	512	0.260633150	0.261723613
CALIBRATE	control	512	0.264777269	0.265829451
WARMUP	0	0	diagonal	2048	0.298356403	0.299789825
WARMUP	0	1	baseline	512	0.256775689	0.257758331
WARMUP	0	2	control	512	0.263818936	0.264926166
WARMUP	1	0	baseline	512	0.260440395	0.261469656
WARMUP	1	1	control	512	0.281336346	0.282518267
WARMUP	1	2	diagonal	2048	0.296050045	0.297514199
MEASURE	2	0	control	512	0.259442738	0.260459721
MEASURE	2	1	diagonal	2048	0.276180896	0.277503606
MEASURE	2	2	baseline	512	0.261875793	0.262995149
MEASURE	3	0	diagonal	2048	0.277149028	0.278469134
MEASURE	3	1	baseline	512	0.259646349	0.260715087
MEASURE	3	2	control	512	0.266082359	0.267139595
MEASURE	4	0	baseline	512	0.266243178	0.267387419
MEASURE	4	1	control	512	0.260203003	0.261250438
MEASURE	4	2	diagonal	2048	0.283978535	0.285341557
MEASURE	5	0	control	512	0.263697122	0.264714342
MEASURE	5	1	diagonal	2048	0.277136181	0.278392635
MEASURE	5	2	baseline	512	0.281102924	0.282314085
MEASURE	6	0	diagonal	2048	0.297746275	0.299195430
MEASURE	6	1	baseline	512	0.259162045	0.260171980
MEASURE	6	2	control	512	0.272541622	0.273644635
MEASURE	7	0	baseline	512	0.265212516	0.266289968
MEASURE	7	1	control	512	0.259996132	0.260930377
MEASURE	7	2	diagonal	2048	0.281745570	0.283012591
PASS	bench
