==22== Memcheck, a memory error detector
==22== Copyright (C) 2002-2026, and GNU GPL'd, by Julian Seward et al.
==22== Using Valgrind-3.27.1 and LibVEX; rerun with -h for copyright info
==22== Command: /tmp/ireal-audit.Sc4TzO/hyper-sum-scaled-demand 256 0 forward once 128
==22== Parent PID: 21
==22== 
==22== 
==22== HEAP SUMMARY:
==22==     in use at exit: 1,760 bytes in 12 blocks
==22==   total heap usage: 67,733 allocs, 67,721 frees, 10,231,893 bytes allocated
==22== 
==22== LEAK SUMMARY:
==22==    definitely lost: 0 bytes in 0 blocks
==22==    indirectly lost: 0 bytes in 0 blocks
==22==      possibly lost: 0 bytes in 0 blocks
==22==    still reachable: 1,760 bytes in 12 blocks
==22==         suppressed: 0 bytes in 0 blocks
==22== Reachable blocks (those to which a pointer was found) are not shown.
==22== To see them, rerun with: --leak-check=full --show-leak-kinds=all
==22== 
==22== For lists of detected and suppressed errors, rerun with: -s
==22== ERROR SUMMARY: 0 errors from 0 contexts (suppressed: 0 from 0)
