==38== Memcheck, a memory error detector
==38== Copyright (C) 2002-2026, and GNU GPL'd, by Julian Seward et al.
==38== Using Valgrind-3.27.1 and LibVEX; rerun with -h for copyright info
==38== Command: /tmp/ireal-audit.Sc4TzO/hyper-sum-scaled-demand 512 4 reverse once 128
==38== Parent PID: 37
==38== 
==38== 
==38== HEAP SUMMARY:
==38==     in use at exit: 252,320 bytes in 2,029 blocks
==38==   total heap usage: 27,138 allocs, 25,109 frees, 14,501,805 bytes allocated
==38== 
==38== LEAK SUMMARY:
==38==    definitely lost: 0 bytes in 0 blocks
==38==    indirectly lost: 0 bytes in 0 blocks
==38==      possibly lost: 0 bytes in 0 blocks
==38==    still reachable: 252,320 bytes in 2,029 blocks
==38==         suppressed: 0 bytes in 0 blocks
==38== Reachable blocks (those to which a pointer was found) are not shown.
==38== To see them, rerun with: --leak-check=full --show-leak-kinds=all
==38== 
==38== For lists of detected and suppressed errors, rerun with: -s
==38== ERROR SUMMARY: 0 errors from 0 contexts (suppressed: 0 from 0)
