==34== Memcheck, a memory error detector
==34== Copyright (C) 2002-2026, and GNU GPL'd, by Julian Seward et al.
==34== Using Valgrind-3.27.1 and LibVEX; rerun with -h for copyright info
==34== Command: /tmp/ireal-audit.Sc4TzO/hyper-sum-scaled-baseline-qualified 512 4 reverse once 128
==34== Parent PID: 33
==34== 
==34== 
==34== HEAP SUMMARY:
==34==     in use at exit: 252,320 bytes in 2,029 blocks
==34==   total heap usage: 53,436 allocs, 51,407 frees, 15,234,513 bytes allocated
==34== 
==34== LEAK SUMMARY:
==34==    definitely lost: 0 bytes in 0 blocks
==34==    indirectly lost: 0 bytes in 0 blocks
==34==      possibly lost: 0 bytes in 0 blocks
==34==    still reachable: 252,320 bytes in 2,029 blocks
==34==         suppressed: 0 bytes in 0 blocks
==34== Reachable blocks (those to which a pointer was found) are not shown.
==34== To see them, rerun with: --leak-check=full --show-leak-kinds=all
==34== 
==34== For lists of detected and suppressed errors, rerun with: -s
==34== ERROR SUMMARY: 0 errors from 0 contexts (suppressed: 0 from 0)
