==26== Memcheck, a memory error detector
==26== Copyright (C) 2002-2026, and GNU GPL'd, by Julian Seward et al.
==26== Using Valgrind-3.27.1 and LibVEX; rerun with -h for copyright info
==26== Command: /tmp/ireal-audit.Sc4TzO/hyper-sum-scaled-baseline-qualified 512 4 forward once 128
==26== Parent PID: 25
==26== 
==26== 
==26== HEAP SUMMARY:
==26==     in use at exit: 252,320 bytes in 2,029 blocks
==26==   total heap usage: 27,102 allocs, 25,073 frees, 14,399,361 bytes allocated
==26== 
==26== LEAK SUMMARY:
==26==    definitely lost: 0 bytes in 0 blocks
==26==    indirectly lost: 0 bytes in 0 blocks
==26==      possibly lost: 0 bytes in 0 blocks
==26==    still reachable: 252,320 bytes in 2,029 blocks
==26==         suppressed: 0 bytes in 0 blocks
==26== Reachable blocks (those to which a pointer was found) are not shown.
==26== To see them, rerun with: --leak-check=full --show-leak-kinds=all
==26== 
==26== For lists of detected and suppressed errors, rerun with: -s
==26== ERROR SUMMARY: 0 errors from 0 contexts (suppressed: 0 from 0)
