==47== Memcheck, a memory error detector
==47== Copyright (C) 2002-2026, and GNU GPL'd, by Julian Seward et al.
==47== Using Valgrind-3.27.1 and LibVEX; rerun with -h for copyright info
==47== Command: /tmp/ireal-audit.Sc4TzO/derivative-bench-before dense8 32 warm once
==47== Parent PID: 12
==47== 
==47== 
==47== HEAP SUMMARY:
==47==     in use at exit: 73,480 bytes in 668 blocks
==47==   total heap usage: 3,928 allocs, 3,260 frees, 360,147 bytes allocated
==47== 
==47== LEAK SUMMARY:
==47==    definitely lost: 0 bytes in 0 blocks
==47==    indirectly lost: 0 bytes in 0 blocks
==47==      possibly lost: 0 bytes in 0 blocks
==47==    still reachable: 73,480 bytes in 668 blocks
==47==         suppressed: 0 bytes in 0 blocks
==47== Reachable blocks (those to which a pointer was found) are not shown.
==47== To see them, rerun with: --leak-check=full --show-leak-kinds=all
==47== 
==47== For lists of detected and suppressed errors, rerun with: -s
==47== ERROR SUMMARY: 0 errors from 0 contexts (suppressed: 0 from 0)
