==62== Memcheck, a memory error detector
==62== Copyright (C) 2002-2026, and GNU GPL'd, by Julian Seward et al.
==62== Using Valgrind-3.27.1 and LibVEX; rerun with -h for copyright info
==62== Command: /tmp/ireal-audit.Sc4TzO/derivative-bench-after dense32 32 warm once
==62== Parent PID: 12
==62== 
==62== 
==62== HEAP SUMMARY:
==62==     in use at exit: 176,992 bytes in 1,527 blocks
==62==   total heap usage: 17,023 allocs, 15,496 frees, 1,272,763 bytes allocated
==62== 
==62== LEAK SUMMARY:
==62==    definitely lost: 0 bytes in 0 blocks
==62==    indirectly lost: 0 bytes in 0 blocks
==62==      possibly lost: 0 bytes in 0 blocks
==62==    still reachable: 176,992 bytes in 1,527 blocks
==62==         suppressed: 0 bytes in 0 blocks
==62== Reachable blocks (those to which a pointer was found) are not shown.
==62== To see them, rerun with: --leak-check=full --show-leak-kinds=all
==62== 
==62== For lists of detected and suppressed errors, rerun with: -s
==62== ERROR SUMMARY: 0 errors from 0 contexts (suppressed: 0 from 0)
