==41== Memcheck, a memory error detector
==41== Copyright (C) 2002-2026, and GNU GPL'd, by Julian Seward et al.
==41== Using Valgrind-3.27.1 and LibVEX; rerun with -h for copyright info
==41== Command: /tmp/ireal-audit.Sc4TzO/derivative-bench-before dense8 3 cold once
==41== Parent PID: 12
==41== 
==41== 
==41== HEAP SUMMARY:
==41==     in use at exit: 13,760 bytes in 108 blocks
==41==   total heap usage: 314 allocs, 206 frees, 45,722 bytes allocated
==41== 
==41== LEAK SUMMARY:
==41==    definitely lost: 0 bytes in 0 blocks
==41==    indirectly lost: 0 bytes in 0 blocks
==41==      possibly lost: 0 bytes in 0 blocks
==41==    still reachable: 13,760 bytes in 108 blocks
==41==         suppressed: 0 bytes in 0 blocks
==41== Reachable blocks (those to which a pointer was found) are not shown.
==41== To see them, rerun with: --leak-check=full --show-leak-kinds=all
==41== 
==41== For lists of detected and suppressed errors, rerun with: -s
==41== ERROR SUMMARY: 0 errors from 0 contexts (suppressed: 0 from 0)
