==44== Memcheck, a memory error detector
==44== Copyright (C) 2002-2026, and GNU GPL'd, by Julian Seward et al.
==44== Using Valgrind-3.27.1 and LibVEX; rerun with -h for copyright info
==44== Command: /tmp/ireal-audit.Sc4TzO/derivative-bench-after dense8 3 cold once
==44== Parent PID: 12
==44== 
==44== 
==44== HEAP SUMMARY:
==44==     in use at exit: 13,760 bytes in 108 blocks
==44==   total heap usage: 314 allocs, 206 frees, 45,721 bytes allocated
==44== 
==44== LEAK SUMMARY:
==44==    definitely lost: 0 bytes in 0 blocks
==44==    indirectly lost: 0 bytes in 0 blocks
==44==      possibly lost: 0 bytes in 0 blocks
==44==    still reachable: 13,760 bytes in 108 blocks
==44==         suppressed: 0 bytes in 0 blocks
==44== Reachable blocks (those to which a pointer was found) are not shown.
==44== To see them, rerun with: --leak-check=full --show-leak-kinds=all
==44== 
==44== For lists of detected and suppressed errors, rerun with: -s
==44== ERROR SUMMARY: 0 errors from 0 contexts (suppressed: 0 from 0)
