==50== Memcheck, a memory error detector
==50== Copyright (C) 2002-2026, and GNU GPL'd, by Julian Seward et al.
==50== Using Valgrind-3.27.1 and LibVEX; rerun with -h for copyright info
==50== Command: /tmp/ireal-audit.Sc4TzO/derivative-bench-after dense8 32 warm once
==50== Parent PID: 12
==50== 
==50== 
==50== HEAP SUMMARY:
==50==     in use at exit: 73,480 bytes in 668 blocks
==50==   total heap usage: 3,424 allocs, 2,756 frees, 307,730 bytes allocated
==50== 
==50== LEAK SUMMARY:
==50==    definitely lost: 0 bytes in 0 blocks
==50==    indirectly lost: 0 bytes in 0 blocks
==50==      possibly lost: 0 bytes in 0 blocks
==50==    still reachable: 73,480 bytes in 668 blocks
==50==         suppressed: 0 bytes in 0 blocks
==50== Reachable blocks (those to which a pointer was found) are not shown.
==50== To see them, rerun with: --leak-check=full --show-leak-kinds=all
==50== 
==50== For lists of detected and suppressed errors, rerun with: -s
==50== ERROR SUMMARY: 0 errors from 0 contexts (suppressed: 0 from 0)
