==59== Memcheck, a memory error detector
==59== Copyright (C) 2002-2026, and GNU GPL'd, by Julian Seward et al.
==59== Using Valgrind-3.27.1 and LibVEX; rerun with -h for copyright info
==59== Command: /tmp/ireal-audit.Sc4TzO/derivative-bench-before dense32 32 warm once
==59== Parent PID: 12
==59== 
==59== 
==59== HEAP SUMMARY:
==59==     in use at exit: 176,992 bytes in 1,527 blocks
==59==   total heap usage: 17,023 allocs, 15,496 frees, 1,272,764 bytes allocated
==59== 
==59== LEAK SUMMARY:
==59==    definitely lost: 0 bytes in 0 blocks
==59==    indirectly lost: 0 bytes in 0 blocks
==59==      possibly lost: 0 bytes in 0 blocks
==59==    still reachable: 176,992 bytes in 1,527 blocks
==59==         suppressed: 0 bytes in 0 blocks
==59== Reachable blocks (those to which a pointer was found) are not shown.
==59== To see them, rerun with: --leak-check=full --show-leak-kinds=all
==59== 
==59== For lists of detected and suppressed errors, rerun with: -s
==59== ERROR SUMMARY: 0 errors from 0 contexts (suppressed: 0 from 0)
