==32== Memcheck, a memory error detector
==32== Copyright (C) 2002-2026, and GNU GPL'd, by Julian Seward et al.
==32== Using Valgrind-3.27.1 and LibVEX; rerun with -h for copyright info
==32== Command: /tmp/ireal-audit.Sc4TzO/derivative-bench-after cubic 3 cold once
==32== Parent PID: 12
==32== 
==32== 
==32== HEAP SUMMARY:
==32==     in use at exit: 17,352 bytes in 137 blocks
==32==   total heap usage: 274 allocs, 137 frees, 36,176 bytes allocated
==32== 
==32== LEAK SUMMARY:
==32==    definitely lost: 0 bytes in 0 blocks
==32==    indirectly lost: 0 bytes in 0 blocks
==32==      possibly lost: 0 bytes in 0 blocks
==32==    still reachable: 17,352 bytes in 137 blocks
==32==         suppressed: 0 bytes in 0 blocks
==32== Reachable blocks (those to which a pointer was found) are not shown.
==32== To see them, rerun with: --leak-check=full --show-leak-kinds=all
==32== 
==32== For lists of detected and suppressed errors, rerun with: -s
==32== ERROR SUMMARY: 0 errors from 0 contexts (suppressed: 0 from 0)
