==53== Memcheck, a memory error detector
==53== Copyright (C) 2002-2026, and GNU GPL'd, by Julian Seward et al.
==53== Using Valgrind-3.27.1 and LibVEX; rerun with -h for copyright info
==53== Command: /tmp/ireal-audit.Sc4TzO/derivative-bench-before dense32 3 cold once
==53== Parent PID: 12
==53== 
==53== 
==53== HEAP SUMMARY:
==53==     in use at exit: 107,048 bytes in 786 blocks
==53==   total heap usage: 2,024 allocs, 1,238 frees, 263,859 bytes allocated
==53== 
==53== LEAK SUMMARY:
==53==    definitely lost: 0 bytes in 0 blocks
==53==    indirectly lost: 0 bytes in 0 blocks
==53==      possibly lost: 0 bytes in 0 blocks
==53==    still reachable: 107,048 bytes in 786 blocks
==53==         suppressed: 0 bytes in 0 blocks
==53== Reachable blocks (those to which a pointer was found) are not shown.
==53== To see them, rerun with: --leak-check=full --show-leak-kinds=all
==53== 
==53== For lists of detected and suppressed errors, rerun with: -s
==53== ERROR SUMMARY: 0 errors from 0 contexts (suppressed: 0 from 0)
