==38== Memcheck, a memory error detector
==38== Copyright (C) 2002-2026, and GNU GPL'd, by Julian Seward et al.
==38== Using Valgrind-3.27.1 and LibVEX; rerun with -h for copyright info
==38== Command: /tmp/ireal-audit.Sc4TzO/derivative-bench-after cubic 32 warm once
==38== Parent PID: 12
==38== 
==38== 
==38== HEAP SUMMARY:
==38==     in use at exit: 56,648 bytes in 575 blocks
==38==   total heap usage: 23,405 allocs, 22,830 frees, 937,537 bytes allocated
==38== 
==38== LEAK SUMMARY:
==38==    definitely lost: 0 bytes in 0 blocks
==38==    indirectly lost: 0 bytes in 0 blocks
==38==      possibly lost: 0 bytes in 0 blocks
==38==    still reachable: 56,648 bytes in 575 blocks
==38==         suppressed: 0 bytes in 0 blocks
==38== Reachable blocks (those to which a pointer was found) are not shown.
==38== To see them, rerun with: --leak-check=full --show-leak-kinds=all
==38== 
==38== For lists of detected and suppressed errors, rerun with: -s
==38== ERROR SUMMARY: 0 errors from 0 contexts (suppressed: 0 from 0)
