==29== Memcheck, a memory error detector
==29== Copyright (C) 2002-2026, and GNU GPL'd, by Julian Seward et al.
==29== Using Valgrind-3.27.1 and LibVEX; rerun with -h for copyright info
==29== Command: /tmp/ireal-audit.Sc4TzO/derivative-bench-before cubic 3 cold once
==29== Parent PID: 12
==29== 
==29== 
==29== HEAP SUMMARY:
==29==     in use at exit: 17,352 bytes in 137 blocks
==29==   total heap usage: 274 allocs, 137 frees, 36,177 bytes allocated
==29== 
==29== LEAK SUMMARY:
==29==    definitely lost: 0 bytes in 0 blocks
==29==    indirectly lost: 0 bytes in 0 blocks
==29==      possibly lost: 0 bytes in 0 blocks
==29==    still reachable: 17,352 bytes in 137 blocks
==29==         suppressed: 0 bytes in 0 blocks
==29== Reachable blocks (those to which a pointer was found) are not shown.
==29== To see them, rerun with: --leak-check=full --show-leak-kinds=all
==29== 
==29== For lists of detected and suppressed errors, rerun with: -s
==29== ERROR SUMMARY: 0 errors from 0 contexts (suppressed: 0 from 0)
