==56== Memcheck, a memory error detector
==56== Copyright (C) 2002-2026, and GNU GPL'd, by Julian Seward et al.
==56== Using Valgrind-3.27.1 and LibVEX; rerun with -h for copyright info
==56== Command: /tmp/ireal-audit.Sc4TzO/derivative-bench-after dense32 3 cold once
==56== Parent PID: 12
==56== 
==56== 
==56== HEAP SUMMARY:
==56==     in use at exit: 107,048 bytes in 786 blocks
==56==   total heap usage: 2,024 allocs, 1,238 frees, 263,858 bytes allocated
==56== 
==56== LEAK SUMMARY:
==56==    definitely lost: 0 bytes in 0 blocks
==56==    indirectly lost: 0 bytes in 0 blocks
==56==      possibly lost: 0 bytes in 0 blocks
==56==    still reachable: 107,048 bytes in 786 blocks
==56==         suppressed: 0 bytes in 0 blocks
==56== Reachable blocks (those to which a pointer was found) are not shown.
==56== To see them, rerun with: --leak-check=full --show-leak-kinds=all
==56== 
==56== For lists of detected and suppressed errors, rerun with: -s
==56== ERROR SUMMARY: 0 errors from 0 contexts (suppressed: 0 from 0)
