==9== Memcheck, a memory error detector
==9== Copyright (C) 2002-2026, and GNU GPL'd, by Julian Seward et al.
==9== Using Valgrind-3.27.1 and LibVEX; rerun with -h for copyright info
==9== Command: /tmp/aern-hyper-finite.cYctjI/bench-bounded/target/release/aern-finite-bench near_max_deep time 100
==9== 
{"iterations":100,"ns":601689,"allocations":0,"requested_bytes":0}
==9== 
==9== HEAP SUMMARY:
==9==     in use at exit: 552 bytes in 2 blocks
==9==   total heap usage: 30 allocs, 28 frees, 6,324 bytes allocated
==9== 
==9== 8 bytes in 1 blocks are still reachable in loss record 1 of 2
==9==    at 0x490AAE6: malloc (vg_replace_malloc.c:447)
==9==    by 0x404AB89: <num_bigint::biguint::BigUint as num_traits::identities::One>::one (in /tmp/aern-hyper-finite.cYctjI/bench-bounded/target/release/aern-finite-bench)
==9==    by 0x40346F3: <std::sync::once::Once>::call_once_force::<<std::sync::lazy_lock::LazyLock<num_bigint::biguint::BigUint>>::force::{closure#0}>::{closure#0} (in /tmp/aern-hyper-finite.cYctjI/bench-bounded/target/release/aern-finite-bench)
==9==    by 0x406E3F8: <std::sys::sync::once::futex::Once>::call (in /tmp/aern-hyper-finite.cYctjI/bench-bounded/target/release/aern-finite-bench)
==9==    by 0x403FAB5: <hyperreal::rational::arithmetic::Rational>::from_fraction_parts_reduced (in /tmp/aern-hyper-finite.cYctjI/bench-bounded/target/release/aern-finite-bench)
==9==    by 0x403EC41: <hyperreal::rational::arithmetic::Rational>::from_bigint_fraction (in /tmp/aern-hyper-finite.cYctjI/bench-bounded/target/release/aern-finite-bench)
==9==    by 0x4030B6A: aern_finite_bench::input::{closure#1} (in /tmp/aern-hyper-finite.cYctjI/bench-bounded/target/release/aern-finite-bench)
==9==    by 0x40315FA: aern_finite_bench::main (in /tmp/aern-hyper-finite.cYctjI/bench-bounded/target/release/aern-finite-bench)
==9==    by 0x40309A2: std::sys::backtrace::__rust_begin_short_backtrace::<fn(), ()> (in /tmp/aern-hyper-finite.cYctjI/bench-bounded/target/release/aern-finite-bench)
==9==    by 0x4030A78: std::rt::lang_start::<()>::{closure#0} (in /tmp/aern-hyper-finite.cYctjI/bench-bounded/target/release/aern-finite-bench)
==9==    by 0x407BB76: std::rt::lang_start_internal (in /tmp/aern-hyper-finite.cYctjI/bench-bounded/target/release/aern-finite-bench)
==9==    by 0x40339F4: main (in /tmp/aern-hyper-finite.cYctjI/bench-bounded/target/release/aern-finite-bench)
==9== 
==9== 544 bytes in 1 blocks are still reachable in loss record 2 of 2
==9==    at 0x490AAE6: malloc (vg_replace_malloc.c:447)
==9==    by 0x407E699: std::sys::pal::unix::stack_overflow::thread_info::set_current_info (in /tmp/aern-hyper-finite.cYctjI/bench-bounded/target/release/aern-finite-bench)
==9==    by 0x407BAAF: std::rt::lang_start_internal (in /tmp/aern-hyper-finite.cYctjI/bench-bounded/target/release/aern-finite-bench)
==9==    by 0x40339F4: main (in /tmp/aern-hyper-finite.cYctjI/bench-bounded/target/release/aern-finite-bench)
==9== 
==9== LEAK SUMMARY:
==9==    definitely lost: 0 bytes in 0 blocks
==9==    indirectly lost: 0 bytes in 0 blocks
==9==      possibly lost: 0 bytes in 0 blocks
==9==    still reachable: 552 bytes in 2 blocks
==9==         suppressed: 0 bytes in 0 blocks
==9== 
==9== For lists of detected and suppressed errors, rerun with: -s
==9== ERROR SUMMARY: 0 errors from 0 contexts (suppressed: 0 from 0)
