("(0,0,1)","direct","terms",1,"maxWidth",0.0,"failures",[])
("(0,0,1)","DCT","terms",3,"maxWidth",4.440892098500626e-16,"failures",[])
("(0,0,71)","direct","terms",1,"maxWidth",0.0,"failures",[])
("(0,0,71)","DCT","terms",3,"maxWidth",1.1102230246251565e-16,"failures",[])
("(0,1,1)","direct","terms",2,"maxWidth",0.0,"failures",[])
("(0,1,1)","DCT","terms",3,"maxWidth",4.440892098500626e-16,"failures",[])
("(0,1,71)","direct","terms",2,"maxWidth",0.0,"failures",[])
("(0,1,71)","DCT","terms",3,"maxWidth",2.220446049250313e-16,"failures",[])
("(0,0,1)","direct","terms",1,"maxWidth",0.0,"failures",[])
("(0,0,1)","DCT","terms",3,"maxWidth",4.440892098500626e-16,"failures",[])
("(0,0,71)","direct","terms",1,"maxWidth",0.0,"failures",[])
("(0,0,71)","DCT","terms",3,"maxWidth",1.1102230246251565e-16,"failures",[])
("(1,0,1)","direct","terms",2,"maxWidth",0.0,"failures",[])
("(1,0,1)","DCT","terms",3,"maxWidth",7.355227538141662e-16,"failures",[])
("(1,0,71)","direct","terms",2,"maxWidth",0.0,"failures",[])
("(1,0,71)","DCT","terms",3,"maxWidth",1.1102230246251565e-16,"failures",[])
("(1,1,1)","direct","terms",3,"maxWidth",0.0,"failures",[])
("(1,1,1)","DCT","terms",5,"maxWidth",3.609145878685771e-8,"failures",[])
("(1,1,71)","direct","terms",3,"maxWidth",0.0,"failures",[])
("(1,1,71)","DCT","terms",5,"maxWidth",8.17619245224721e-9,"failures",[])
("(1,1,1)","direct","terms",3,"maxWidth",0.0,"failures",[])
("(1,1,1)","DCT","terms",5,"maxWidth",3.609145878685771e-8,"failures",[])
("(1,1,71)","direct","terms",3,"maxWidth",0.0,"failures",[])
("(1,1,71)","DCT","terms",5,"maxWidth",8.17619245224721e-9,"failures",[])
("(2,0,1)","direct","terms",3,"maxWidth",0.0,"failures",[])
("(2,0,1)","DCT","terms",5,"maxWidth",3.609145894645227e-8,"failures",[])
("(2,0,71)","direct","terms",3,"maxWidth",0.0,"failures",[])
("(2,0,71)","DCT","terms",5,"maxWidth",6.040539346496843e-9,"failures",[])
("(2,1,1)","direct","terms",4,"maxWidth",0.0,"failures",[])
("(2,1,1)","DCT","terms",5,"maxWidth",3.609145894645227e-8,"failures",[])
("(2,1,71)","direct","terms",4,"maxWidth",0.0,"failures",[])
("(2,1,71)","DCT","terms",5,"maxWidth",8.176192542452831e-9,"failures",[])
("(2,2,1)","direct","terms",5,"maxWidth",0.0,"failures",[])
("(2,2,1)","DCT","terms",9,"maxWidth",2.0935552786927047e-6,"failures",[])
("(2,2,71)","direct","terms",5,"maxWidth",0.0,"failures",[])
("(2,2,71)","DCT","terms",9,"maxWidth",3.5911598150750734e-7,"failures",[])
("(3,0,1)","direct","terms",4,"maxWidth",0.0,"failures",[])
("(3,0,1)","DCT","terms",5,"maxWidth",4.890537796953254e-8,"failures",[])
("(3,0,71)","direct","terms",4,"maxWidth",0.0,"failures",[])
("(3,0,71)","DCT","terms",5,"maxWidth",6.894800619328123e-9,"failures",[])
("(3,1,1)","direct","terms",5,"maxWidth",0.0,"failures",[])
("(3,1,1)","DCT","terms",9,"maxWidth",2.2025607694375893e-6,"failures",[])
("(3,1,71)","direct","terms",5,"maxWidth",0.0,"failures",[])
("(3,1,71)","DCT","terms",9,"maxWidth",3.5274753994174457e-7,"failures",[])
("(3,3,1)","direct","terms",7,"maxWidth",0.0,"failures",[])
("(3,3,1)","DCT","terms",9,"maxWidth",3.585428059338369e-6,"failures",[])
("(3,3,71)","direct","terms",7,"maxWidth",0.0,"failures",[])
("(3,3,71)","DCT","terms",9,"maxWidth",3.8598064198980264e-7,"failures",[])
("(4,0,1)","direct","terms",5,"maxWidth",0.0,"failures",[])
("(4,0,1)","DCT","terms",9,"maxWidth",2.2025607694375893e-6,"failures",[])
("(4,0,71)","direct","terms",5,"maxWidth",0.0,"failures",[])
("(4,0,71)","DCT","terms",9,"maxWidth",2.775511568093657e-8,"failures",[])
("(4,1,1)","direct","terms",6,"maxWidth",0.0,"failures",[])
("(4,1,1)","DCT","terms",9,"maxWidth",2.2025607694375893e-6,"failures",[])
("(4,1,71)","direct","terms",6,"maxWidth",0.0,"failures",[])
("(4,1,71)","DCT","terms",9,"maxWidth",3.5488319302667826e-7,"failures",[])
("(4,4,1)","direct","terms",9,"maxWidth",0.0,"failures",[])
("(4,4,1)","DCT","terms",17,"maxWidth",2.5693876563037676e-5,"failures",[])
("(4,4,71)","direct","terms",9,"maxWidth",0.0,"failures",[])
("(4,4,71)","DCT","terms",17,"maxWidth",6.759659821942154e-6,"failures",[])
("(7,0,1)","direct","terms",8,"maxWidth",0.0,"failures",[])
("(7,0,1)","DCT","terms",9,"maxWidth",5.012277808358334e-7,"failures",[])
("(7,0,71)","direct","terms",8,"maxWidth",0.0,"failures",[])
("(7,0,71)","DCT","terms",9,"maxWidth",3.592512102801315e-7,"failures",[])
("(7,1,1)","direct","terms",9,"maxWidth",0.0,"failures",[])
("(7,1,1)","DCT","terms",17,"maxWidth",1.8476629156216617e-5,"failures",[])
("(7,1,71)","direct","terms",9,"maxWidth",0.0,"failures",[])
("(7,1,71)","DCT","terms",17,"maxWidth",4.153411699889253e-6,"failures",[])
("(7,7,1)","direct","terms",15,"maxWidth",0.0,"failures",[])
("(7,7,1)","DCT","terms",17,"maxWidth",2.881268029975015e-5,"failures",[])
("(7,7,71)","direct","terms",15,"maxWidth",0.0,"failures",[])
("(7,7,71)","DCT","terms",17,"maxWidth",2.977791205727165e-5,"failures",[])
("(8,0,1)","direct","terms",9,"maxWidth",0.0,"failures",[])
("(8,0,1)","DCT","terms",17,"maxWidth",1.8476629156216617e-5,"failures",[])
("(8,0,71)","direct","terms",9,"maxWidth",0.0,"failures",[])
("(8,0,71)","DCT","terms",17,"maxWidth",2.4751058364827082e-6,"failures",[])
("(8,1,1)","direct","terms",10,"maxWidth",0.0,"failures",[])
("(8,1,1)","DCT","terms",17,"maxWidth",1.8476629156216617e-5,"failures",[])
("(8,1,71)","direct","terms",10,"maxWidth",0.0,"failures",[])
("(8,1,71)","DCT","terms",17,"maxWidth",4.232434704889987e-6,"failures",[])
("(8,8,1)","direct","terms",17,"maxWidth",0.0,"failures",[])
("(8,8,1)","DCT","terms",33,"maxWidth",1.7387301094329288e-4,"failures",[])
("(8,8,71)","direct","terms",17,"maxWidth",0.0,"failures",[])
("(8,8,71)","DCT","terms",33,"maxWidth",1.4332947703454835e-4,"failures",[])
("(15,0,1)","direct","terms",16,"maxWidth",0.0,"failures",[])
("(15,0,1)","DCT","terms",17,"maxWidth",2.5103240083979017e-5,"failures",[])
("(15,0,71)","direct","terms",16,"maxWidth",0.0,"failures",[])
("(15,0,71)","DCT","terms",17,"maxWidth",5.821655480423016e-6,"failures",[])
("(15,1,1)","direct","terms",17,"maxWidth",0.0,"failures",[])
("(15,1,1)","DCT","terms",33,"maxWidth",8.685119621765214e-5,"failures",[])
("(15,1,71)","direct","terms",17,"maxWidth",0.0,"failures",[])
("(15,1,71)","DCT","terms",33,"maxWidth",3.690778102144465e-5,"failures",[])
("(15,15,1)","direct","terms",31,"maxWidth",0.0,"failures",[])
("(15,15,1)","DCT","terms",33,"maxWidth",3.022081029844248e-4,"failures",[])
("(15,15,71)","direct","terms",31,"maxWidth",0.0,"failures",[])
("(15,15,71)","DCT","terms",33,"maxWidth",2.520299600374809e-4,"failures",[])
("(16,0,1)","direct","terms",17,"maxWidth",0.0,"failures",[])
("(16,0,1)","DCT","terms",33,"maxWidth",8.685119621754112e-5,"failures",[])
("(16,0,71)","direct","terms",17,"maxWidth",0.0,"failures",[])
("(16,0,71)","DCT","terms",33,"maxWidth",3.180118920668025e-5,"failures",[])
("(16,1,1)","direct","terms",18,"maxWidth",0.0,"failures",[])
("(16,1,1)","DCT","terms",33,"maxWidth",8.685119621754112e-5,"failures",[])
("(16,1,71)","direct","terms",18,"maxWidth",0.0,"failures",[])
("(16,1,71)","DCT","terms",33,"maxWidth",3.6976629434984365e-5,"failures",[])
("(16,16,1)","direct","terms",33,"maxWidth",0.0,"failures",[])
("(16,16,1)","DCT","terms",65,"maxWidth",1.697089770982707e-3,"failures",[])
("(16,16,71)","direct","terms",33,"maxWidth",0.0,"failures",[])
("(16,16,71)","DCT","terms",65,"maxWidth",8.986990948793849e-4,"failures",[])
("(31,0,1)","direct","terms",32,"maxWidth",0.0,"failures",[])
("(31,0,1)","DCT","terms",33,"maxWidth",9.362311729566031e-5,"failures",[])
("(31,0,71)","direct","terms",32,"maxWidth",0.0,"failures",[])
("(31,0,71)","DCT","terms",33,"maxWidth",3.57163499472013e-5,"failures",[])
("(31,1,1)","direct","terms",33,"maxWidth",0.0,"failures",[])
("(31,1,1)","DCT","terms",65,"maxWidth",5.796027377902302e-4,"failures",[])
("(31,1,71)","direct","terms",33,"maxWidth",0.0,"failures",[])
("(31,1,71)","DCT","terms",65,"maxWidth",2.1594266302218945e-4,"failures",[])
("(31,31,1)","direct","terms",63,"maxWidth",0.0,"failures",[])
("(31,31,1)","DCT","terms",65,"maxWidth",3.0234043741539374e-3,"failures",[])
("(31,31,71)","direct","terms",63,"maxWidth",0.0,"failures",[])
("(31,31,71)","DCT","terms",65,"maxWidth",2.5750047069589277e-3,"failures",[])
("(32,0,1)","direct","terms",33,"maxWidth",0.0,"failures",[])
("(32,0,1)","DCT","terms",65,"maxWidth",5.796027377902302e-4,"failures",[])
("(32,0,71)","direct","terms",33,"maxWidth",0.0,"failures",[])
("(32,0,71)","DCT","terms",65,"maxWidth",2.1889974655464546e-4,"failures",[])
("(32,1,1)","direct","terms",34,"maxWidth",0.0,"failures",[])
("(32,1,1)","DCT","terms",65,"maxWidth",5.796027377902302e-4,"failures",[])
("(32,1,71)","direct","terms",34,"maxWidth",0.0,"failures",[])
("(32,1,71)","DCT","terms",65,"maxWidth",2.16576079772976e-4,"failures",[])
("(32,32,1)","direct","terms",65,"maxWidth",0.0,"failures",[])
("(32,32,1)","DCT","terms",129,"maxWidth",1.2150293377647059e-2,"failures",[])
("(32,32,71)","direct","terms",65,"maxWidth",0.0,"failures",[])
("(32,32,71)","DCT","terms",129,"maxWidth",1.5724242796116117e-2,"failures",[])
("zero","direct","terms",1,"maxWidth",0.0,"failures",[])
("zero","DCT","terms",3,"maxWidth",0.0,"failures",[])
("identity","direct","terms",3,"maxWidth",0.0,"failures",[])
("identity","DCT","terms",5,"maxWidth",2.1649348980190553e-15,"failures",[])
("T4 squared","direct","terms",9,"maxWidth",0.0,"failures",[])
("T4 squared","DCT","terms",17,"maxWidth",1.7611160682315907e-7,"failures",[])
DCT-I reference overlap (2,[])
DCT-I reference overlap (4,[])
DCT-I reference overlap (8,[])
DCT-I reference overlap (16,[])
DCT-I reference overlap (32,[])
DCT-I reference overlap (64,[])
TOTAL (69,0,0)
