==9== Memcheck, a memory error detector
==9== Copyright (C) 2002-2026, and GNU GPL'd, by Julian Seward et al.
==9== Using Valgrind-3.27.1 and LibVEX; rerun with -h for copyright info
==9== Command: /tmp/aern-quadratic-fix.fsxgfP/bench-baseline multi_dense32 alloc 100
==9== 
{"iterations":100,"ns":763785468,"allocations":225000,"requested_bytes":24332800}
==9== 
==9== HEAP SUMMARY:
==9==     in use at exit: 5,248 bytes in 100 blocks
==9==   total heap usage: 243,528 allocs, 243,428 frees, 26,317,262 bytes allocated
==9== 
==9== 8 bytes in 1 blocks are still reachable in loss record 1 of 10
==9==    at 0x4A44AE6: malloc (vg_replace_malloc.c:447)
==9==    by 0x40E92EC: <hyperreal::rational::arithmetic::RATIONAL_ONE::{closure#0} as core::ops::function::FnOnce<()>>::call_once (in /tmp/aern-quadratic-fix.fsxgfP/bench-baseline)
==9==    by 0x40C7ABA: <std::sync::once::Once>::call_once_force::<<std::sync::lazy_lock::LazyLock<hyperreal::rational::arithmetic::Rational>>::force::{closure#0}>::{closure#0} (in /tmp/aern-quadratic-fix.fsxgfP/bench-baseline)
==9==    by 0x419D498: <std::sys::sync::once::futex::Once>::call (futex.rs:183)
==9==    by 0x410232F: <hyperreal::real::arithmetic::Real>::one (in /tmp/aern-quadratic-fix.fsxgfP/bench-baseline)
==9==    by 0x409F968: bench::main (in /tmp/aern-quadratic-fix.fsxgfP/bench-baseline)
==9==    by 0x40A54D2: std::sys::backtrace::__rust_begin_short_backtrace::<fn(), ()> (in /tmp/aern-quadratic-fix.fsxgfP/bench-baseline)
==9==    by 0x40A5578: std::rt::lang_start::<()>::{closure#0} (in /tmp/aern-quadratic-fix.fsxgfP/bench-baseline)
==9==    by 0x41AAC16: call_once<(), (dyn core::ops::function::Fn<(), Output=i32> + core::marker::Sync + core::panic::unwind_safe::RefUnwindSafe)> (function.rs:287)
==9==    by 0x41AAC16: do_call<&(dyn core::ops::function::Fn<(), Output=i32> + core::marker::Sync + core::panic::unwind_safe::RefUnwindSafe), i32> (panicking.rs:581)
==9==    by 0x41AAC16: catch_unwind<i32, &(dyn core::ops::function::Fn<(), Output=i32> + core::marker::Sync + core::panic::unwind_safe::RefUnwindSafe)> (panicking.rs:544)
==9==    by 0x41AAC16: catch_unwind<&(dyn core::ops::function::Fn<(), Output=i32> + core::marker::Sync + core::panic::unwind_safe::RefUnwindSafe), i32> (panic.rs:359)
==9==    by 0x41AAC16: {closure#0} (rt.rs:175)
==9==    by 0x41AAC16: do_call<std::rt::lang_start_internal::{closure_env#0}, isize> (panicking.rs:581)
==9==    by 0x41AAC16: catch_unwind<isize, std::rt::lang_start_internal::{closure_env#0}> (panicking.rs:544)
==9==    by 0x41AAC16: catch_unwind<std::rt::lang_start_internal::{closure_env#0}, isize> (panic.rs:359)
==9==    by 0x41AAC16: std::rt::lang_start_internal (rt.rs:171)
==9==    by 0x40A23C4: main (in /tmp/aern-quadratic-fix.fsxgfP/bench-baseline)
==9== 
==9== 8 bytes in 1 blocks are still reachable in loss record 2 of 10
==9==    at 0x4A44AE6: malloc (vg_replace_malloc.c:447)
==9==    by 0x40E9315: <hyperreal::rational::arithmetic::RATIONAL_ONE::{closure#0} as core::ops::function::FnOnce<()>>::call_once (in /tmp/aern-quadratic-fix.fsxgfP/bench-baseline)
==9==    by 0x40C7ABA: <std::sync::once::Once>::call_once_force::<<std::sync::lazy_lock::LazyLock<hyperreal::rational::arithmetic::Rational>>::force::{closure#0}>::{closure#0} (in /tmp/aern-quadratic-fix.fsxgfP/bench-baseline)
==9==    by 0x419D498: <std::sys::sync::once::futex::Once>::call (futex.rs:183)
==9==    by 0x410232F: <hyperreal::real::arithmetic::Real>::one (in /tmp/aern-quadratic-fix.fsxgfP/bench-baseline)
==9==    by 0x409F968: bench::main (in /tmp/aern-quadratic-fix.fsxgfP/bench-baseline)
==9==    by 0x40A54D2: std::sys::backtrace::__rust_begin_short_backtrace::<fn(), ()> (in /tmp/aern-quadratic-fix.fsxgfP/bench-baseline)
==9==    by 0x40A5578: std::rt::lang_start::<()>::{closure#0} (in /tmp/aern-quadratic-fix.fsxgfP/bench-baseline)
==9==    by 0x41AAC16: call_once<(), (dyn core::ops::function::Fn<(), Output=i32> + core::marker::Sync + core::panic::unwind_safe::RefUnwindSafe)> (function.rs:287)
==9==    by 0x41AAC16: do_call<&(dyn core::ops::function::Fn<(), Output=i32> + core::marker::Sync + core::panic::unwind_safe::RefUnwindSafe), i32> (panicking.rs:581)
==9==    by 0x41AAC16: catch_unwind<i32, &(dyn core::ops::function::Fn<(), Output=i32> + core::marker::Sync + core::panic::unwind_safe::RefUnwindSafe)> (panicking.rs:544)
==9==    by 0x41AAC16: catch_unwind<&(dyn core::ops::function::Fn<(), Output=i32> + core::marker::Sync + core::panic::unwind_safe::RefUnwindSafe), i32> (panic.rs:359)
==9==    by 0x41AAC16: {closure#0} (rt.rs:175)
==9==    by 0x41AAC16: do_call<std::rt::lang_start_internal::{closure_env#0}, isize> (panicking.rs:581)
==9==    by 0x41AAC16: catch_unwind<isize, std::rt::lang_start_internal::{closure_env#0}> (panicking.rs:544)
==9==    by 0x41AAC16: catch_unwind<std::rt::lang_start_internal::{closure_env#0}, isize> (panic.rs:359)
==9==    by 0x41AAC16: std::rt::lang_start_internal (rt.rs:171)
==9==    by 0x40A23C4: main (in /tmp/aern-quadratic-fix.fsxgfP/bench-baseline)
==9== 
==9== 8 bytes in 1 blocks are still reachable in loss record 3 of 10
==9==    at 0x4A44AE6: malloc (vg_replace_malloc.c:447)
==9==    by 0x40E8DF9: <num_bigint::biguint::BigUint as num_traits::identities::One>::one (in /tmp/aern-quadratic-fix.fsxgfP/bench-baseline)
==9==    by 0x40C7A73: <std::sync::once::Once>::call_once_force::<<std::sync::lazy_lock::LazyLock<num_bigint::biguint::BigUint>>::force::{closure#0}>::{closure#0} (in /tmp/aern-quadratic-fix.fsxgfP/bench-baseline)
==9==    by 0x419D498: <std::sys::sync::once::futex::Once>::call (futex.rs:183)
==9==    by 0x40DA3A5: <hyperreal::rational::arithmetic::Rational>::from_fraction_parts_reduced (in /tmp/aern-quadratic-fix.fsxgfP/bench-baseline)
==9==    by 0x40DC360: <hyperreal::rational::arithmetic::Rational>::fraction (in /tmp/aern-quadratic-fix.fsxgfP/bench-baseline)
==9==    by 0x409F9E5: bench::main (in /tmp/aern-quadratic-fix.fsxgfP/bench-baseline)
==9==    by 0x40A54D2: std::sys::backtrace::__rust_begin_short_backtrace::<fn(), ()> (in /tmp/aern-quadratic-fix.fsxgfP/bench-baseline)
==9==    by 0x40A5578: std::rt::lang_start::<()>::{closure#0} (in /tmp/aern-quadratic-fix.fsxgfP/bench-baseline)
==9==    by 0x41AAC16: call_once<(), (dyn core::ops::function::Fn<(), Output=i32> + core::marker::Sync + core::panic::unwind_safe::RefUnwindSafe)> (function.rs:287)
==9==    by 0x41AAC16: do_call<&(dyn core::ops::function::Fn<(), Output=i32> + core::marker::Sync + core::panic::unwind_safe::RefUnwindSafe), i32> (panicking.rs:581)
==9==    by 0x41AAC16: catch_unwind<i32, &(dyn core::ops::function::Fn<(), Output=i32> + core::marker::Sync + core::panic::unwind_safe::RefUnwindSafe)> (panicking.rs:544)
==9==    by 0x41AAC16: catch_unwind<&(dyn core::ops::function::Fn<(), Output=i32> + core::marker::Sync + core::panic::unwind_safe::RefUnwindSafe), i32> (panic.rs:359)
==9==    by 0x41AAC16: {closure#0} (rt.rs:175)
==9==    by 0x41AAC16: do_call<std::rt::lang_start_internal::{closure_env#0}, isize> (panicking.rs:581)
==9==    by 0x41AAC16: catch_unwind<isize, std::rt::lang_start_internal::{closure_env#0}> (panicking.rs:544)
==9==    by 0x41AAC16: catch_unwind<std::rt::lang_start_internal::{closure_env#0}, isize> (panic.rs:359)
==9==    by 0x41AAC16: std::rt::lang_start_internal (rt.rs:171)
==9==    by 0x40A23C4: main (in /tmp/aern-quadratic-fix.fsxgfP/bench-baseline)
==9== 
==9== 8 bytes in 1 blocks are still reachable in loss record 4 of 10
==9==    at 0x4A44AE6: malloc (vg_replace_malloc.c:447)
==9==    by 0x40E946A: <hyperreal::rational::arithmetic::RATIONAL_ZERO::{closure#0} as core::ops::function::FnOnce<()>>::call_once (in /tmp/aern-quadratic-fix.fsxgfP/bench-baseline)
==9==    by 0x40C7ABA: <std::sync::once::Once>::call_once_force::<<std::sync::lazy_lock::LazyLock<hyperreal::rational::arithmetic::Rational>>::force::{closure#0}>::{closure#0} (in /tmp/aern-quadratic-fix.fsxgfP/bench-baseline)
==9==    by 0x419D498: <std::sys::sync::once::futex::Once>::call (futex.rs:183)
==9==    by 0x41023C6: <hyperreal::real::arithmetic::Real>::zero (in /tmp/aern-quadratic-fix.fsxgfP/bench-baseline)
==9==    by 0x40BA315: hypersolve::polynomial::collect_multivariate_quadratic (in /tmp/aern-quadratic-fix.fsxgfP/bench-baseline)
==9==    by 0x40BA461: hypersolve::polynomial::collect_multivariate_quadratic (in /tmp/aern-quadratic-fix.fsxgfP/bench-baseline)
==9==    by 0x40BA461: hypersolve::polynomial::collect_multivariate_quadratic (in /tmp/aern-quadratic-fix.fsxgfP/bench-baseline)
==9==    by 0x40BA461: hypersolve::polynomial::collect_multivariate_quadratic (in /tmp/aern-quadratic-fix.fsxgfP/bench-baseline)
==9==    by 0x40BA461: hypersolve::polynomial::collect_multivariate_quadratic (in /tmp/aern-quadratic-fix.fsxgfP/bench-baseline)
==9==    by 0x40BA461: hypersolve::polynomial::collect_multivariate_quadratic (in /tmp/aern-quadratic-fix.fsxgfP/bench-baseline)
==9==    by 0x40BA461: hypersolve::polynomial::collect_multivariate_quadratic (in /tmp/aern-quadratic-fix.fsxgfP/bench-baseline)
==9== 
==9== 104 bytes in 1 blocks are still reachable in loss record 5 of 10
==9==    at 0x4A44AE6: malloc (vg_replace_malloc.c:447)
==9==    by 0x40E9398: <hyperreal::rational::arithmetic::RATIONAL_ONE::{closure#0} as core::ops::function::FnOnce<()>>::call_once (in /tmp/aern-quadratic-fix.fsxgfP/bench-baseline)
==9==    by 0x40C7ABA: <std::sync::once::Once>::call_once_force::<<std::sync::lazy_lock::LazyLock<hyperreal::rational::arithmetic::Rational>>::force::{closure#0}>::{closure#0} (in /tmp/aern-quadratic-fix.fsxgfP/bench-baseline)
==9==    by 0x419D498: <std::sys::sync::once::futex::Once>::call (futex.rs:183)
==9==    by 0x410232F: <hyperreal::real::arithmetic::Real>::one (in /tmp/aern-quadratic-fix.fsxgfP/bench-baseline)
==9==    by 0x409F968: bench::main (in /tmp/aern-quadratic-fix.fsxgfP/bench-baseline)
==9==    by 0x40A54D2: std::sys::backtrace::__rust_begin_short_backtrace::<fn(), ()> (in /tmp/aern-quadratic-fix.fsxgfP/bench-baseline)
==9==    by 0x40A5578: std::rt::lang_start::<()>::{closure#0} (in /tmp/aern-quadratic-fix.fsxgfP/bench-baseline)
==9==    by 0x41AAC16: call_once<(), (dyn core::ops::function::Fn<(), Output=i32> + core::marker::Sync + core::panic::unwind_safe::RefUnwindSafe)> (function.rs:287)
==9==    by 0x41AAC16: do_call<&(dyn core::ops::function::Fn<(), Output=i32> + core::marker::Sync + core::panic::unwind_safe::RefUnwindSafe), i32> (panicking.rs:581)
==9==    by 0x41AAC16: catch_unwind<i32, &(dyn core::ops::function::Fn<(), Output=i32> + core::marker::Sync + core::panic::unwind_safe::RefUnwindSafe)> (panicking.rs:544)
==9==    by 0x41AAC16: catch_unwind<&(dyn core::ops::function::Fn<(), Output=i32> + core::marker::Sync + core::panic::unwind_safe::RefUnwindSafe), i32> (panic.rs:359)
==9==    by 0x41AAC16: {closure#0} (rt.rs:175)
==9==    by 0x41AAC16: do_call<std::rt::lang_start_internal::{closure_env#0}, isize> (panicking.rs:581)
==9==    by 0x41AAC16: catch_unwind<isize, std::rt::lang_start_internal::{closure_env#0}> (panicking.rs:544)
==9==    by 0x41AAC16: catch_unwind<std::rt::lang_start_internal::{closure_env#0}, isize> (panic.rs:359)
==9==    by 0x41AAC16: std::rt::lang_start_internal (rt.rs:171)
==9==    by 0x40A23C4: main (in /tmp/aern-quadratic-fix.fsxgfP/bench-baseline)
==9== 
==9== 104 bytes in 1 blocks are still reachable in loss record 6 of 10
==9==    at 0x4A44AE6: malloc (vg_replace_malloc.c:447)
==9==    by 0x40E94EC: <hyperreal::rational::arithmetic::RATIONAL_ZERO::{closure#0} as core::ops::function::FnOnce<()>>::call_once (in /tmp/aern-quadratic-fix.fsxgfP/bench-baseline)
==9==    by 0x40C7ABA: <std::sync::once::Once>::call_once_force::<<std::sync::lazy_lock::LazyLock<hyperreal::rational::arithmetic::Rational>>::force::{closure#0}>::{closure#0} (in /tmp/aern-quadratic-fix.fsxgfP/bench-baseline)
==9==    by 0x419D498: <std::sys::sync::once::futex::Once>::call (futex.rs:183)
==9==    by 0x41023C6: <hyperreal::real::arithmetic::Real>::zero (in /tmp/aern-quadratic-fix.fsxgfP/bench-baseline)
==9==    by 0x40BA315: hypersolve::polynomial::collect_multivariate_quadratic (in /tmp/aern-quadratic-fix.fsxgfP/bench-baseline)
==9==    by 0x40BA461: hypersolve::polynomial::collect_multivariate_quadratic (in /tmp/aern-quadratic-fix.fsxgfP/bench-baseline)
==9==    by 0x40BA461: hypersolve::polynomial::collect_multivariate_quadratic (in /tmp/aern-quadratic-fix.fsxgfP/bench-baseline)
==9==    by 0x40BA461: hypersolve::polynomial::collect_multivariate_quadratic (in /tmp/aern-quadratic-fix.fsxgfP/bench-baseline)
==9==    by 0x40BA461: hypersolve::polynomial::collect_multivariate_quadratic (in /tmp/aern-quadratic-fix.fsxgfP/bench-baseline)
==9==    by 0x40BA461: hypersolve::polynomial::collect_multivariate_quadratic (in /tmp/aern-quadratic-fix.fsxgfP/bench-baseline)
==9==    by 0x40BA461: hypersolve::polynomial::collect_multivariate_quadratic (in /tmp/aern-quadratic-fix.fsxgfP/bench-baseline)
==9== 
==9== 248 bytes in 31 blocks are still reachable in loss record 7 of 10
==9==    at 0x4A44AE6: malloc (vg_replace_malloc.c:447)
==9==    by 0x4174321: <std::sync::once::Once>::call_once_force::<<std::sync::once_lock::OnceLock<hyperreal::rational::arithmetic::Rational>>::initialize<<std::sync::once_lock::OnceLock<hyperreal::rational::arithmetic::Rational>>::get_or_init<<hyperreal::rational::arithmetic::Rational>::small_integer::{closure#0}>::{closure#0}, !>::{closure#0}>::{closure#0} (in /tmp/aern-quadratic-fix.fsxgfP/bench-baseline)
==9==    by 0x419D498: <std::sys::sync::once::futex::Once>::call (futex.rs:183)
==9==    by 0x4173B4E: <std::sync::once_lock::OnceLock<hyperreal::rational::arithmetic::Rational>>::initialize::<<std::sync::once_lock::OnceLock<hyperreal::rational::arithmetic::Rational>>::get_or_init<<hyperreal::rational::arithmetic::Rational>::small_integer::{closure#0}>::{closure#0}, !> (in /tmp/aern-quadratic-fix.fsxgfP/bench-baseline)
==9==    by 0x40D9D46: <hyperreal::rational::arithmetic::Rational>::from_primitive_integer (in /tmp/aern-quadratic-fix.fsxgfP/bench-baseline)
==9==    by 0x409F97E: bench::main (in /tmp/aern-quadratic-fix.fsxgfP/bench-baseline)
==9==    by 0x40A54D2: std::sys::backtrace::__rust_begin_short_backtrace::<fn(), ()> (in /tmp/aern-quadratic-fix.fsxgfP/bench-baseline)
==9==    by 0x40A5578: std::rt::lang_start::<()>::{closure#0} (in /tmp/aern-quadratic-fix.fsxgfP/bench-baseline)
==9==    by 0x41AAC16: call_once<(), (dyn core::ops::function::Fn<(), Output=i32> + core::marker::Sync + core::panic::unwind_safe::RefUnwindSafe)> (function.rs:287)
==9==    by 0x41AAC16: do_call<&(dyn core::ops::function::Fn<(), Output=i32> + core::marker::Sync + core::panic::unwind_safe::RefUnwindSafe), i32> (panicking.rs:581)
==9==    by 0x41AAC16: catch_unwind<i32, &(dyn core::ops::function::Fn<(), Output=i32> + core::marker::Sync + core::panic::unwind_safe::RefUnwindSafe)> (panicking.rs:544)
==9==    by 0x41AAC16: catch_unwind<&(dyn core::ops::function::Fn<(), Output=i32> + core::marker::Sync + core::panic::unwind_safe::RefUnwindSafe), i32> (panic.rs:359)
==9==    by 0x41AAC16: {closure#0} (rt.rs:175)
==9==    by 0x41AAC16: do_call<std::rt::lang_start_internal::{closure_env#0}, isize> (panicking.rs:581)
==9==    by 0x41AAC16: catch_unwind<isize, std::rt::lang_start_internal::{closure_env#0}> (panicking.rs:544)
==9==    by 0x41AAC16: catch_unwind<std::rt::lang_start_internal::{closure_env#0}, isize> (panic.rs:359)
==9==    by 0x41AAC16: std::rt::lang_start_internal (rt.rs:171)
==9==    by 0x40A23C4: main (in /tmp/aern-quadratic-fix.fsxgfP/bench-baseline)
==9== 
==9== 544 bytes in 1 blocks are still reachable in loss record 8 of 10
==9==    at 0x4A44AE6: malloc (vg_replace_malloc.c:447)
==9==    by 0x41ADD49: alloc (alloc.rs:101)
==9==    by 0x41ADD49: alloc_impl_runtime (alloc.rs:210)
==9==    by 0x41ADD49: alloc_impl (alloc.rs:332)
==9==    by 0x41ADD49: allocate (alloc.rs:449)
==9==    by 0x41ADD49: try_new_uninit_in<alloc::collections::btree::node::LeafNode<usize, std::sys::pal::unix::stack_overflow::thread_info::ThreadInfo>, alloc::alloc::Global> (boxed.rs:614)
==9==    by 0x41ADD49: new_uninit_in<alloc::collections::btree::node::LeafNode<usize, std::sys::pal::unix::stack_overflow::thread_info::ThreadInfo>, alloc::alloc::Global> (boxed.rs:581)
==9==    by 0x41ADD49: new<usize, std::sys::pal::unix::stack_overflow::thread_info::ThreadInfo, alloc::alloc::Global> (node.rs:87)
==9==    by 0x41ADD49: new_leaf<usize, std::sys::pal::unix::stack_overflow::thread_info::ThreadInfo, alloc::alloc::Global> (node.rs:225)
==9==    by 0x41ADD49: insert_entry<usize, std::sys::pal::unix::stack_overflow::thread_info::ThreadInfo, alloc::alloc::Global> (entry.rs:386)
==9==    by 0x41ADD49: insert<usize, std::sys::pal::unix::stack_overflow::thread_info::ThreadInfo, alloc::alloc::Global> (entry.rs:360)
==9==    by 0x41ADD49: insert<usize, std::sys::pal::unix::stack_overflow::thread_info::ThreadInfo, alloc::alloc::Global> (map.rs:1052)
==9==    by 0x41ADD49: std::sys::pal::unix::stack_overflow::thread_info::set_current_info (thread_info.rs:122)
==9==    by 0x41AAB4F: init (stack_overflow.rs:179)
==9==    by 0x41AAB4F: init (mod.rs:41)
==9==    by 0x41AAB4F: init (rt.rs:118)
==9==    by 0x41AAB4F: {closure#0} (rt.rs:173)
==9==    by 0x41AAB4F: do_call<std::rt::lang_start_internal::{closure_env#0}, isize> (panicking.rs:581)
==9==    by 0x41AAB4F: catch_unwind<isize, std::rt::lang_start_internal::{closure_env#0}> (panicking.rs:544)
==9==    by 0x41AAB4F: catch_unwind<std::rt::lang_start_internal::{closure_env#0}, isize> (panic.rs:359)
==9==    by 0x41AAB4F: std::rt::lang_start_internal (rt.rs:171)
==9==    by 0x40A23C4: main (in /tmp/aern-quadratic-fix.fsxgfP/bench-baseline)
==9== 
==9== 992 bytes in 31 blocks are still reachable in loss record 9 of 10
==9==    at 0x4A44AE6: malloc (vg_replace_malloc.c:447)
==9==    by 0x4183A0C: <alloc::raw_vec::RawVecInner>::finish_grow (in /tmp/aern-quadratic-fix.fsxgfP/bench-baseline)
==9==    by 0x4183959: <alloc::raw_vec::RawVec<u64>>::grow_one (in /tmp/aern-quadratic-fix.fsxgfP/bench-baseline)
==9==    by 0x41742EE: <std::sync::once::Once>::call_once_force::<<std::sync::once_lock::OnceLock<hyperreal::rational::arithmetic::Rational>>::initialize<<std::sync::once_lock::OnceLock<hyperreal::rational::arithmetic::Rational>>::get_or_init<<hyperreal::rational::arithmetic::Rational>::small_integer::{closure#0}>::{closure#0}, !>::{closure#0}>::{closure#0} (in /tmp/aern-quadratic-fix.fsxgfP/bench-baseline)
==9==    by 0x419D498: <std::sys::sync::once::futex::Once>::call (futex.rs:183)
==9==    by 0x4173B4E: <std::sync::once_lock::OnceLock<hyperreal::rational::arithmetic::Rational>>::initialize::<<std::sync::once_lock::OnceLock<hyperreal::rational::arithmetic::Rational>>::get_or_init<<hyperreal::rational::arithmetic::Rational>::small_integer::{closure#0}>::{closure#0}, !> (in /tmp/aern-quadratic-fix.fsxgfP/bench-baseline)
==9==    by 0x40D9D46: <hyperreal::rational::arithmetic::Rational>::from_primitive_integer (in /tmp/aern-quadratic-fix.fsxgfP/bench-baseline)
==9==    by 0x409F97E: bench::main (in /tmp/aern-quadratic-fix.fsxgfP/bench-baseline)
==9==    by 0x40A54D2: std::sys::backtrace::__rust_begin_short_backtrace::<fn(), ()> (in /tmp/aern-quadratic-fix.fsxgfP/bench-baseline)
==9==    by 0x40A5578: std::rt::lang_start::<()>::{closure#0} (in /tmp/aern-quadratic-fix.fsxgfP/bench-baseline)
==9==    by 0x41AAC16: call_once<(), (dyn core::ops::function::Fn<(), Output=i32> + core::marker::Sync + core::panic::unwind_safe::RefUnwindSafe)> (function.rs:287)
==9==    by 0x41AAC16: do_call<&(dyn core::ops::function::Fn<(), Output=i32> + core::marker::Sync + core::panic::unwind_safe::RefUnwindSafe), i32> (panicking.rs:581)
==9==    by 0x41AAC16: catch_unwind<i32, &(dyn core::ops::function::Fn<(), Output=i32> + core::marker::Sync + core::panic::unwind_safe::RefUnwindSafe)> (panicking.rs:544)
==9==    by 0x41AAC16: catch_unwind<&(dyn core::ops::function::Fn<(), Output=i32> + core::marker::Sync + core::panic::unwind_safe::RefUnwindSafe), i32> (panic.rs:359)
==9==    by 0x41AAC16: {closure#0} (rt.rs:175)
==9==    by 0x41AAC16: do_call<std::rt::lang_start_internal::{closure_env#0}, isize> (panicking.rs:581)
==9==    by 0x41AAC16: catch_unwind<isize, std::rt::lang_start_internal::{closure_env#0}> (panicking.rs:544)
==9==    by 0x41AAC16: catch_unwind<std::rt::lang_start_internal::{closure_env#0}, isize> (panic.rs:359)
==9==    by 0x41AAC16: std::rt::lang_start_internal (rt.rs:171)
==9==    by 0x40A23C4: main (in /tmp/aern-quadratic-fix.fsxgfP/bench-baseline)
==9== 
==9== 3,224 bytes in 31 blocks are still reachable in loss record 10 of 10
==9==    at 0x4A44AE6: malloc (vg_replace_malloc.c:447)
==9==    by 0x417439C: <std::sync::once::Once>::call_once_force::<<std::sync::once_lock::OnceLock<hyperreal::rational::arithmetic::Rational>>::initialize<<std::sync::once_lock::OnceLock<hyperreal::rational::arithmetic::Rational>>::get_or_init<<hyperreal::rational::arithmetic::Rational>::small_integer::{closure#0}>::{closure#0}, !>::{closure#0}>::{closure#0} (in /tmp/aern-quadratic-fix.fsxgfP/bench-baseline)
==9==    by 0x419D498: <std::sys::sync::once::futex::Once>::call (futex.rs:183)
==9==    by 0x4173B4E: <std::sync::once_lock::OnceLock<hyperreal::rational::arithmetic::Rational>>::initialize::<<std::sync::once_lock::OnceLock<hyperreal::rational::arithmetic::Rational>>::get_or_init<<hyperreal::rational::arithmetic::Rational>::small_integer::{closure#0}>::{closure#0}, !> (in /tmp/aern-quadratic-fix.fsxgfP/bench-baseline)
==9==    by 0x40D9D46: <hyperreal::rational::arithmetic::Rational>::from_primitive_integer (in /tmp/aern-quadratic-fix.fsxgfP/bench-baseline)
==9==    by 0x409F97E: bench::main (in /tmp/aern-quadratic-fix.fsxgfP/bench-baseline)
==9==    by 0x40A54D2: std::sys::backtrace::__rust_begin_short_backtrace::<fn(), ()> (in /tmp/aern-quadratic-fix.fsxgfP/bench-baseline)
==9==    by 0x40A5578: std::rt::lang_start::<()>::{closure#0} (in /tmp/aern-quadratic-fix.fsxgfP/bench-baseline)
==9==    by 0x41AAC16: call_once<(), (dyn core::ops::function::Fn<(), Output=i32> + core::marker::Sync + core::panic::unwind_safe::RefUnwindSafe)> (function.rs:287)
==9==    by 0x41AAC16: do_call<&(dyn core::ops::function::Fn<(), Output=i32> + core::marker::Sync + core::panic::unwind_safe::RefUnwindSafe), i32> (panicking.rs:581)
==9==    by 0x41AAC16: catch_unwind<i32, &(dyn core::ops::function::Fn<(), Output=i32> + core::marker::Sync + core::panic::unwind_safe::RefUnwindSafe)> (panicking.rs:544)
==9==    by 0x41AAC16: catch_unwind<&(dyn core::ops::function::Fn<(), Output=i32> + core::marker::Sync + core::panic::unwind_safe::RefUnwindSafe), i32> (panic.rs:359)
==9==    by 0x41AAC16: {closure#0} (rt.rs:175)
==9==    by 0x41AAC16: do_call<std::rt::lang_start_internal::{closure_env#0}, isize> (panicking.rs:581)
==9==    by 0x41AAC16: catch_unwind<isize, std::rt::lang_start_internal::{closure_env#0}> (panicking.rs:544)
==9==    by 0x41AAC16: catch_unwind<std::rt::lang_start_internal::{closure_env#0}, isize> (panic.rs:359)
==9==    by 0x41AAC16: std::rt::lang_start_internal (rt.rs:171)
==9==    by 0x40A23C4: main (in /tmp/aern-quadratic-fix.fsxgfP/bench-baseline)
==9== 
==9== LEAK SUMMARY:
==9==    definitely lost: 0 bytes in 0 blocks
==9==    indirectly lost: 0 bytes in 0 blocks
==9==      possibly lost: 0 bytes in 0 blocks
==9==    still reachable: 5,248 bytes in 100 blocks
==9==         suppressed: 0 bytes in 0 blocks
==9== 
==9== For lists of detected and suppressed errors, rerun with: -s
==9== ERROR SUMMARY: 10 errors from 10 contexts (suppressed: 0 from 0)
