   Compiling proc-macro2 v1.0.106
   Compiling unicode-ident v1.0.24
   Compiling quote v1.0.45
   Compiling libc v0.2.186
   Compiling cfg-if v1.0.4
   Compiling autocfg v1.5.0
   Compiling serde_core v1.0.228
   Compiling serde v1.0.228
   Compiling zerocopy v0.8.48
   Compiling zmij v1.0.21
   Compiling getrandom v0.3.4
   Compiling crossbeam-utils v0.8.21
   Compiling serde_json v1.0.149
   Compiling memchr v2.8.0
   Compiling rustix v1.1.4
   Compiling getrandom v0.4.2
   Compiling itoa v1.0.18
   Compiling ciborium-io v0.2.2
   Compiling gmp-mpfr-sys v1.7.1
   Compiling linux-raw-sys v0.12.1
   Compiling either v1.15.0
   Compiling bitflags v2.11.1
   Compiling once_cell v1.21.4
   Compiling regex-syntax v0.8.10
   Compiling rayon-core v1.13.0
   Compiling plotters-backend v0.3.7
   Compiling num-traits v0.2.19
   Compiling fastrand v2.4.1
   Compiling clap_lex v1.1.0
   Compiling anstyle v1.0.14
   Compiling libm v0.2.16
   Compiling itertools v0.10.5
   Compiling clap_builder v4.6.0
   Compiling plotters-svg v0.3.7
   Compiling fnv v1.0.7
   Compiling quick-error v1.2.3
   Compiling bit-vec v0.8.0
   Compiling crossbeam-epoch v0.9.18
   Compiling cast v0.3.0
   Compiling rug v1.30.0
   Compiling same-file v1.0.6
   Compiling oorandom v11.1.5
   Compiling bit-set v0.8.0
   Compiling az v1.3.0
   Compiling unarray v0.1.4
   Compiling crossbeam-deque v0.8.6
   Compiling syn v2.0.117
   Compiling walkdir v2.5.0
   Compiling anes v0.1.6
   Compiling wait-timeout v0.2.1
   Compiling is-terminal v0.4.17
   Compiling num-integer v0.1.46
   Compiling rand_core v0.9.5
   Compiling rayon v1.12.0
   Compiling plotters v0.3.7
   Compiling criterion-plot v0.5.0
   Compiling rand_xorshift v0.4.0
   Compiling rand v0.9.4
   Compiling num-iter v0.1.45
   Compiling regex-automata v0.4.14
   Compiling tempfile v3.27.0
   Compiling clap v4.6.1
   Compiling rusty-fork v0.3.1
   Compiling regex v1.12.3
   Compiling serde_derive v1.0.228
   Compiling zerocopy-derive v0.8.48
   Compiling num-bigint v0.4.6
   Compiling num-complex v0.4.6
   Compiling tinytemplate v1.2.1
   Compiling num-rational v0.4.2
   Compiling num v0.4.3
   Compiling half v2.7.1
   Compiling ppv-lite86 v0.2.21
   Compiling ciborium-ll v0.2.2
   Compiling rand_chacha v0.9.0
   Compiling ciborium v0.2.2
   Compiling proptest v1.11.0
   Compiling hyperreal v0.13.1 (/tmp/aern-hyper-finite.cYctjI/hyperreal-baseline)
   Compiling criterion v0.5.1
    Finished `test` profile [unoptimized + debuginfo] target(s) in 16.13s
     Running unittests src/lib.rs (target/debug/deps/hyperreal-99435bbe0ce6f1f3)

running 1 test
test rational::arithmetic::tests::f64_enclosure_stays_finite_at_both_overflow_boundaries ... FAILED

failures:

---- rational::arithmetic::tests::f64_enclosure_stays_finite_at_both_overflow_boundaries stdout ----

thread 'rational::arithmetic::tests::f64_enclosure_stays_finite_at_both_overflow_boundaries' (3297) panicked at src/rational/arithmetic/tests.rs:2126:25:
finite enclosure above MAX: Some([1.7976931348623155e308, inf])
note: run with `RUST_BACKTRACE=1` environment variable to display a backtrace


failures:
    rational::arithmetic::tests::f64_enclosure_stays_finite_at_both_overflow_boundaries

test result: FAILED. 0 passed; 1 failed; 0 ignored; 0 measured; 715 filtered out; finished in 0.00s

error: test failed, to rerun pass `--lib`
