==17== Memcheck, a memory error detector
==17== Copyright (C) 2002-2026, and GNU GPL'd, by Julian Seward et al.
==17== Using Valgrind-3.27.1 and LibVEX; rerun with -h for copyright info
==17== Command: /tmp/aern2-audit/net-check +RTS -N1
==17== 
pure cache sequential: True, answers=10
stateful cache sequential: True, answers=10
uncached sequential: True, answers=10
stateful cache batch: True, answers=10
cached log [("creates",1),("queries",10),("answers",10),("hit descriptions",5)]
uncached log [("creates",1),("queries",10),("answers",10),("hit descriptions",0)]
STM serial sequential: True, answers=10
STM parallel sequential: True, answers=10
STM parallel batch: True, answers=10
STM logged sequential: True, answers=10
parallel log [("creates",1),("queries",10),("answers",10),("hit descriptions",5)]
==17== 
==17== HEAP SUMMARY:
==17==     in use at exit: 4,555,036 bytes in 11 blocks
==17==   total heap usage: 119 allocs, 108 frees, 4,690,930 bytes allocated
==17== 
==17== LEAK SUMMARY:
==17==    definitely lost: 0 bytes in 0 blocks
==17==    indirectly lost: 0 bytes in 0 blocks
==17==      possibly lost: 0 bytes in 0 blocks
==17==    still reachable: 4,555,036 bytes in 11 blocks
==17==         suppressed: 0 bytes in 0 blocks
==17== Reachable blocks (those to which a pointer was found) are not shown.
==17== To see them, rerun with: --leak-check=full --show-leak-kinds=all
==17== 
==17== For lists of detected and suppressed errors, rerun with: -s
==17== ERROR SUMMARY: 0 errors from 0 contexts (suppressed: 0 from 0)
