generic conversion initial=ToNearest checks=1400 invalid=38
((-17) % 809609013229242473409981386875669228198226599056568473427605432109721358271981387567841534805748497980748311457267247645559234949543173907468053599762954039686069697106265445457867630968372865364959070713890980274248029933698770794472413422596638225363240226049435078209333658460922010128745310034584025053230830964373979136,False,-2.0e-323,False)
((-17) % 404804506614621236704990693437834614099113299528284236713802716054860679135990693783920767402874248990374155728633623822779617474771586953734026799881477019843034848553132722728933815484186432682479535356945490137124014966849385397236206711298319112681620113024717539104666829230461005064372655017292012526615415482186989568,False,-4.0e-323,False)
((-15) % 809609013229242473409981386875669228198226599056568473427605432109721358271981387567841534805748497980748311457267247645559234949543173907468053599762954039686069697106265445457867630968372865364959070713890980274248029933698770794472413422596638225363240226049435078209333658460922010128745310034584025053230830964373979136,True,-2.0e-323,False)
((-15) % 404804506614621236704990693437834614099113299528284236713802716054860679135990693783920767402874248990374155728633623822779617474771586953734026799881477019843034848553132722728933815484186432682479535356945490137124014966849385397236206711298319112681620113024717539104666829230461005064372655017292012526615415482186989568,True,-4.0e-323,False)
((-7) % 404804506614621236704990693437834614099113299528284236713802716054860679135990693783920767402874248990374155728633623822779617474771586953734026799881477019843034848553132722728933815484186432682479535356945490137124014966849385397236206711298319112681620113024717539104666829230461005064372655017292012526615415482186989568,True,-2.0e-323,False)
((-13) % 809609013229242473409981386875669228198226599056568473427605432109721358271981387567841534805748497980748311457267247645559234949543173907468053599762954039686069697106265445457867630968372865364959070713890980274248029933698770794472413422596638225363240226049435078209333658460922010128745310034584025053230830964373979136,False,-1.5e-323,False)
((-13) % 404804506614621236704990693437834614099113299528284236713802716054860679135990693783920767402874248990374155728633623822779617474771586953734026799881477019843034848553132722728933815484186432682479535356945490137124014966849385397236206711298319112681620113024717539104666829230461005064372655017292012526615415482186989568,False,-3.0e-323,False)
((-11) % 809609013229242473409981386875669228198226599056568473427605432109721358271981387567841534805748497980748311457267247645559234949543173907468053599762954039686069697106265445457867630968372865364959070713890980274248029933698770794472413422596638225363240226049435078209333658460922010128745310034584025053230830964373979136,True,-1.5e-323,False)
((-11) % 404804506614621236704990693437834614099113299528284236713802716054860679135990693783920767402874248990374155728633623822779617474771586953734026799881477019843034848553132722728933815484186432682479535356945490137124014966849385397236206711298319112681620113024717539104666829230461005064372655017292012526615415482186989568,True,-3.0e-323,False)
((-5) % 404804506614621236704990693437834614099113299528284236713802716054860679135990693783920767402874248990374155728633623822779617474771586953734026799881477019843034848553132722728933815484186432682479535356945490137124014966849385397236206711298319112681620113024717539104666829230461005064372655017292012526615415482186989568,False,-1.0e-323,False)
((-9) % 809609013229242473409981386875669228198226599056568473427605432109721358271981387567841534805748497980748311457267247645559234949543173907468053599762954039686069697106265445457867630968372865364959070713890980274248029933698770794472413422596638225363240226049435078209333658460922010128745310034584025053230830964373979136,False,-1.0e-323,False)
((-9) % 404804506614621236704990693437834614099113299528284236713802716054860679135990693783920767402874248990374155728633623822779617474771586953734026799881477019843034848553132722728933815484186432682479535356945490137124014966849385397236206711298319112681620113024717539104666829230461005064372655017292012526615415482186989568,False,-2.0e-323,False)
direct doubleBounds initial=ToNearest checks=1400 invalid=0
setPrecOut checks=7695 invalid=0
("Int minBound downward",(-9223372036854775808) % 1,True)
expDn(1): 2.718281828459045
sqrtDn(2): 1.414213562373095
eDn: 2.718281828459045
("opposed-infinity fallback addDn/addUp",Infinity,Infinity)
