==12== Memcheck, a memory error detector
==12== Copyright (C) 2002-2026, and GNU GPL'd, by Julian Seward et al.
==12== Using Valgrind-3.27.1 and LibVEX; rerun with -h for copyright info
==12== Command: /tmp/aern2-audit/subresultant-check 0 1 2 3 4 5 6 7 8 9 10 11 12 13
==12== 
case 0 gcd/free/separable (True,True,True)
case 1 gcd/free/separable (True,True,True)
case 2 gcd/free/separable (True,True,True)
case 3 gcd/free/separable (True,True,True)
case 4 gcd/free/separable (True,True,True)
case 5 gcd/free/separable (True,True,True)
case 6 gcd/free/separable (True,True,True)
case 7 gcd/free/separable (True,True,True)
case 8 gcd/free/separable (True,True,True)
case 9 gcd/free/separable (True,True,True)
case 10 gcd/free/separable (True,True,True)
case 11 gcd/free/separable (True,True,True)
case 12 gcd/free/separable (True,True,True)
case 13 gcd/free/separable (True,True,True)
==12== 
==12== HEAP SUMMARY:
==12==     in use at exit: 4,195,808 bytes in 11 blocks
==12==   total heap usage: 93 allocs, 82 frees, 4,263,617 bytes allocated
==12== 
==12== LEAK SUMMARY:
==12==    definitely lost: 0 bytes in 0 blocks
==12==    indirectly lost: 0 bytes in 0 blocks
==12==      possibly lost: 0 bytes in 0 blocks
==12==    still reachable: 4,195,808 bytes in 11 blocks
==12==         suppressed: 0 bytes in 0 blocks
==12== Reachable blocks (those to which a pointer was found) are not shown.
==12== To see them, rerun with: --leak-check=full --show-leak-kinds=all
==12== 
==12== For lists of detected and suppressed errors, rerun with: -s
==12== ERROR SUMMARY: 0 errors from 0 contexts (suppressed: 0 from 0)
