==9== Memcheck, a memory error detector
==9== Copyright (C) 2002-2026, and GNU GPL'd, by Julian Seward et al.
==9== Using Valgrind-3.27.1 and LibVEX; rerun with -h for copyright info
==9== Command: /tmp/aern2-audit/dct-check
==9== 
DCT roundtrip p/n=(24,2) (7,7)
DCT product p/n=(24,2) (7,7)
DCT roundtrip p/n=(24,4) (7,7)
DCT product p/n=(24,4) (7,7)
DCT roundtrip p/n=(24,8) (7,7)
DCT product p/n=(24,8) (7,7)
DCT roundtrip p/n=(24,16) (7,7)
DCT product p/n=(24,16) (7,7)
DCT roundtrip p/n=(24,32) (7,7)
DCT product p/n=(24,32) (7,7)
DCT roundtrip p/n=(24,64) (7,7)
DCT product p/n=(24,64) (7,7)
DCT roundtrip p/n=(53,2) (7,7)
DCT product p/n=(53,2) (7,7)
DCT roundtrip p/n=(53,4) (7,7)
DCT product p/n=(53,4) (7,7)
DCT roundtrip p/n=(53,8) (7,7)
DCT product p/n=(53,8) (7,7)
DCT roundtrip p/n=(53,16) (7,7)
DCT product p/n=(53,16) (7,7)
DCT roundtrip p/n=(53,32) (7,7)
DCT product p/n=(53,32) (7,7)
DCT roundtrip p/n=(53,64) (7,7)
DCT product p/n=(53,64) (7,7)
DCT roundtrip p/n=(100,2) (7,7)
DCT product p/n=(100,2) (7,7)
DCT roundtrip p/n=(100,4) (7,7)
DCT product p/n=(100,4) (7,7)
DCT roundtrip p/n=(100,8) (7,7)
DCT product p/n=(100,8) (7,7)
DCT roundtrip p/n=(100,16) (7,7)
DCT product p/n=(100,16) (7,7)
DCT roundtrip p/n=(100,32) (7,7)
DCT product p/n=(100,32) (7,7)
DCT roundtrip p/n=(100,64) (7,7)
DCT product p/n=(100,64) (7,7)
==9== 
==9== HEAP SUMMARY:
==9==     in use at exit: 4,195,840 bytes in 12 blocks
==9==   total heap usage: 1,012,650 allocs, 1,012,638 frees, 31,364,447 bytes allocated
==9== 
==9== 16 bytes in 1 blocks are still reachable in loss record 1 of 12
==9==    at 0x4840AE6: malloc (vg_replace_malloc.c:447)
==9==    by 0xBC7E01: stgMallocBytes (in /tmp/aern2-audit/dct-check)
==9==    by 0xBD1C42: postInitEvent (in /tmp/aern2-audit/dct-check)
==9==    by 0xBC0B31: hs_init_ghc (in /tmp/aern2-audit/dct-check)
==9==    by 0xBC00D1: hs_main (in /tmp/aern2-audit/dct-check)
==9==    by 0x36F8E0: main (in /tmp/aern2-audit/dct-check)
==9== 
==9== 16 bytes in 1 blocks are still reachable in loss record 2 of 12
==9==    at 0x4840AE6: malloc (vg_replace_malloc.c:447)
==9==    by 0xBC7E01: stgMallocBytes (in /tmp/aern2-audit/dct-check)
==9==    by 0xBD1C42: postInitEvent (in /tmp/aern2-audit/dct-check)
==9==    by 0xBC0B3B: hs_init_ghc (in /tmp/aern2-audit/dct-check)
==9==    by 0xBC00D1: hs_main (in /tmp/aern2-audit/dct-check)
==9==    by 0x36F8E0: main (in /tmp/aern2-audit/dct-check)
==9== 
==9== 16 bytes in 1 blocks are still reachable in loss record 3 of 12
==9==    at 0x4840AE6: malloc (vg_replace_malloc.c:447)
==9==    by 0xBC7E01: stgMallocBytes (in /tmp/aern2-audit/dct-check)
==9==    by 0xBD1C42: postInitEvent (in /tmp/aern2-audit/dct-check)
==9==    by 0xBC0B45: hs_init_ghc (in /tmp/aern2-audit/dct-check)
==9==    by 0xBC00D1: hs_main (in /tmp/aern2-audit/dct-check)
==9==    by 0x36F8E0: main (in /tmp/aern2-audit/dct-check)
==9== 
==9== 16 bytes in 1 blocks are still reachable in loss record 4 of 12
==9==    at 0x4840AE6: malloc (vg_replace_malloc.c:447)
==9==    by 0xBC7E01: stgMallocBytes (in /tmp/aern2-audit/dct-check)
==9==    by 0xBD1C42: postInitEvent (in /tmp/aern2-audit/dct-check)
==9==    by 0xBC0C6C: hs_init_ghc (in /tmp/aern2-audit/dct-check)
==9==    by 0xBC00D1: hs_main (in /tmp/aern2-audit/dct-check)
==9==    by 0x36F8E0: main (in /tmp/aern2-audit/dct-check)
==9== 
==9== 24 bytes in 1 blocks are still reachable in loss record 5 of 12
==9==    at 0x4840AE6: malloc (vg_replace_malloc.c:447)
==9==    by 0xBC7E01: stgMallocBytes (in /tmp/aern2-audit/dct-check)
==9==    by 0xBBD042: initCapabilityIOManager (in /tmp/aern2-audit/dct-check)
==9==    by 0xBB1863: initCapabilities (in /tmp/aern2-audit/dct-check)
==9==    by 0xBCA896: initScheduler (in /tmp/aern2-audit/dct-check)
==9==    by 0xBC0B27: hs_init_ghc (in /tmp/aern2-audit/dct-check)
==9==    by 0xBC00D1: hs_main (in /tmp/aern2-audit/dct-check)
==9==    by 0x36F8E0: main (in /tmp/aern2-audit/dct-check)
==9== 
==9== 32 bytes in 1 blocks are still reachable in loss record 6 of 12
==9==    at 0x4840AE6: malloc (vg_replace_malloc.c:447)
==9==    by 0xBC7E01: stgMallocBytes (in /tmp/aern2-audit/dct-check)
==9==    by 0xBE757A: freeMBlocks (in /tmp/aern2-audit/dct-check)
==9==    by 0xBDC44C: returnMemoryToOS (in /tmp/aern2-audit/dct-check)
==9==    by 0xBDDD5A: GarbageCollect (in /tmp/aern2-audit/dct-check)
==9==    by 0xBC9544: scheduleDoGC.constprop.0.isra.0 (in /tmp/aern2-audit/dct-check)
==9==    by 0xBCA917: exitScheduler (in /tmp/aern2-audit/dct-check)
==9==    by 0xBC079E: hs_exit_.part.0 (in /tmp/aern2-audit/dct-check)
==9==    by 0xBC0F24: shutdownHaskellAndExit (in /tmp/aern2-audit/dct-check)
==9==    by 0xBC0136: hs_main (in /tmp/aern2-audit/dct-check)
==9==    by 0x36F8E0: main (in /tmp/aern2-audit/dct-check)
==9== 
==9== 40 bytes in 1 blocks are still reachable in loss record 7 of 12
==9==    at 0x4840AE6: malloc (vg_replace_malloc.c:447)
==9==    by 0xBC7E01: stgMallocBytes (in /tmp/aern2-audit/dct-check)
==9==    by 0xBD1C9F: initEventLogging (in /tmp/aern2-audit/dct-check)
==9==    by 0xBD0888: initTracing (in /tmp/aern2-audit/dct-check)
==9==    by 0xBC0B1D: hs_init_ghc (in /tmp/aern2-audit/dct-check)
==9==    by 0xBC00D1: hs_main (in /tmp/aern2-audit/dct-check)
==9==    by 0x36F8E0: main (in /tmp/aern2-audit/dct-check)
==9== 
==9== 48 bytes in 1 blocks are still reachable in loss record 8 of 12
==9==    at 0x4840AE6: malloc (vg_replace_malloc.c:447)
==9==    by 0xBC7E01: stgMallocBytes (in /tmp/aern2-audit/dct-check)
==9==    by 0xBF28EC: new_adjustor_pool_from_template (in /tmp/aern2-audit/dct-check)
==9==    by 0xBF246D: initAdjustors (in /tmp/aern2-audit/dct-check)
==9==    by 0xBC0B13: hs_init_ghc (in /tmp/aern2-audit/dct-check)
==9==    by 0xBC00D1: hs_main (in /tmp/aern2-audit/dct-check)
==9==    by 0x36F8E0: main (in /tmp/aern2-audit/dct-check)
==9== 
==9== 48 bytes in 1 blocks are still reachable in loss record 9 of 12
==9==    at 0x4840AE6: malloc (vg_replace_malloc.c:447)
==9==    by 0xBC7E01: stgMallocBytes (in /tmp/aern2-audit/dct-check)
==9==    by 0xBF28EC: new_adjustor_pool_from_template (in /tmp/aern2-audit/dct-check)
==9==    by 0xBF247E: initAdjustors (in /tmp/aern2-audit/dct-check)
==9==    by 0xBC0B13: hs_init_ghc (in /tmp/aern2-audit/dct-check)
==9==    by 0xBC00D1: hs_main (in /tmp/aern2-audit/dct-check)
==9==    by 0x36F8E0: main (in /tmp/aern2-audit/dct-check)
==9== 
==9== 1,280 bytes in 1 blocks are still reachable in loss record 10 of 12
==9==    at 0x4840AE6: malloc (vg_replace_malloc.c:447)
==9==    by 0xBC7E01: stgMallocBytes (in /tmp/aern2-audit/dct-check)
==9==    by 0xBB17FD: initCapabilities (in /tmp/aern2-audit/dct-check)
==9==    by 0xBCA896: initScheduler (in /tmp/aern2-audit/dct-check)
==9==    by 0xBC0B27: hs_init_ghc (in /tmp/aern2-audit/dct-check)
==9==    by 0xBC00D1: hs_main (in /tmp/aern2-audit/dct-check)
==9==    by 0x36F8E0: main (in /tmp/aern2-audit/dct-check)
==9== 
==9== 2,097,152 bytes in 1 blocks are still reachable in loss record 11 of 12
==9==    at 0x4840AE6: malloc (vg_replace_malloc.c:447)
==9==    by 0xBC7E01: stgMallocBytes (in /tmp/aern2-audit/dct-check)
==9==    by 0xBD1CB8: initEventLogging (in /tmp/aern2-audit/dct-check)
==9==    by 0xBD0888: initTracing (in /tmp/aern2-audit/dct-check)
==9==    by 0xBC0B1D: hs_init_ghc (in /tmp/aern2-audit/dct-check)
==9==    by 0xBC00D1: hs_main (in /tmp/aern2-audit/dct-check)
==9==    by 0x36F8E0: main (in /tmp/aern2-audit/dct-check)
==9== 
==9== 2,097,152 bytes in 1 blocks are still reachable in loss record 12 of 12
==9==    at 0x4840AE6: malloc (vg_replace_malloc.c:447)
==9==    by 0xBC7E01: stgMallocBytes (in /tmp/aern2-audit/dct-check)
==9==    by 0xBD1CED: initEventLogging (in /tmp/aern2-audit/dct-check)
==9==    by 0xBD0888: initTracing (in /tmp/aern2-audit/dct-check)
==9==    by 0xBC0B1D: hs_init_ghc (in /tmp/aern2-audit/dct-check)
==9==    by 0xBC00D1: hs_main (in /tmp/aern2-audit/dct-check)
==9==    by 0x36F8E0: main (in /tmp/aern2-audit/dct-check)
==9== 
==9== LEAK SUMMARY:
==9==    definitely lost: 0 bytes in 0 blocks
==9==    indirectly lost: 0 bytes in 0 blocks
==9==      possibly lost: 0 bytes in 0 blocks
==9==    still reachable: 4,195,840 bytes in 12 blocks
==9==         suppressed: 0 bytes in 0 blocks
==9== 
==9== For lists of detected and suppressed errors, rerun with: -s
==9== ERROR SUMMARY: 0 errors from 0 contexts (suppressed: 0 from 0)
