("summary","ToNearest",(-1.0,1.0),"projection",1,[("pass",1),("invalid",0),("exception",0),("timeout",0)])
("summary","ToNearest",(-1.0,1.0),"add",6,[("pass",6),("invalid",0),("exception",0),("timeout",0)])
("summary","ToNearest",(-1.0,1.0),"subtract",6,[("pass",6),("invalid",0),("exception",0),("timeout",0)])
("summary","ToNearest",(-1.0,1.0),"multiply",6,[("pass",6),("invalid",0),("exception",0),("timeout",0)])
("summary","ToNearest",(-1.0,1.0),"reduce power",48,[("pass",48),("invalid",0),("exception",0),("timeout",0)])
("summary","ToNearest",(-1.0,1.0),"reciprocal",4,[("pass",4),("invalid",0),("exception",0),("timeout",0)])
("summary","ToNearest",(-1.0,1.0),"max",16,[("pass",16),("invalid",0),("exception",0),("timeout",0)])
("summary","ToNearest",(-1.0,1.0),"min",16,[("pass",16),("invalid",0),("exception",0),("timeout",0)])
("summary","ToNearest",(0.0,1.0),"projection",1,[("pass",1),("invalid",0),("exception",0),("timeout",0)])
("summary","ToNearest",(0.0,1.0),"add",6,[("pass",6),("invalid",0),("exception",0),("timeout",0)])
("summary","ToNearest",(0.0,1.0),"subtract",6,[("pass",6),("invalid",0),("exception",0),("timeout",0)])
("summary","ToNearest",(0.0,1.0),"multiply",6,[("pass",6),("invalid",0),("exception",0),("timeout",0)])
("summary","ToNearest",(0.0,1.0),"reduce power",48,[("pass",48),("invalid",0),("exception",0),("timeout",0)])
("summary","ToNearest",(0.0,1.0),"reciprocal",4,[("pass",4),("invalid",0),("exception",0),("timeout",0)])
("summary","ToNearest",(0.0,1.0),"max",16,[("pass",16),("invalid",0),("exception",0),("timeout",0)])
("summary","ToNearest",(0.0,1.0),"min",16,[("pass",16),("invalid",0),("exception",0),("timeout",0)])
("summary","ToNearest",(2.0,4.0),"projection",1,[("pass",1),("invalid",0),("exception",0),("timeout",0)])
("summary","ToNearest",(2.0,4.0),"add",6,[("pass",6),("invalid",0),("exception",0),("timeout",0)])
("summary","ToNearest",(2.0,4.0),"subtract",6,[("pass",6),("invalid",0),("exception",0),("timeout",0)])
("summary","ToNearest",(2.0,4.0),"multiply",6,[("pass",6),("invalid",0),("exception",0),("timeout",0)])
("summary","ToNearest",(2.0,4.0),"reduce power",48,[("pass",48),("invalid",0),("exception",0),("timeout",0)])
("summary","ToNearest",(2.0,4.0),"reciprocal",4,[("pass",4),("invalid",0),("exception",0),("timeout",0)])
("summary","ToNearest",(2.0,4.0),"max",16,[("pass",16),("invalid",0),("exception",0),("timeout",0)])
("summary","ToNearest",(2.0,4.0),"min",16,[("pass",16),("invalid",0),("exception",0),("timeout",0)])
