cos/10: 21 pass, 0 fail, 0 indeterminate
cos/100: 21 pass, 0 fail, 0 indeterminate
cos/200: 21 pass, 0 fail, 0 indeterminate
cos/24: 21 pass, 0 fail, 0 indeterminate
cos/53: 21 pass, 0 fail, 0 indeterminate
exp/10: 21 pass, 0 fail, 0 indeterminate
exp/100: 21 pass, 0 fail, 0 indeterminate
exp/200: 21 pass, 0 fail, 0 indeterminate
exp/24: 21 pass, 0 fail, 0 indeterminate
exp/53: 21 pass, 0 fail, 0 indeterminate
log/10: 9 pass, 0 fail, 0 indeterminate
log/100: 9 pass, 0 fail, 0 indeterminate
log/200: 9 pass, 0 fail, 0 indeterminate
log/24: 9 pass, 0 fail, 0 indeterminate
log/53: 9 pass, 0 fail, 0 indeterminate
sin/10: 21 pass, 0 fail, 0 indeterminate
sin/100: 21 pass, 0 fail, 0 indeterminate
sin/200: 21 pass, 0 fail, 0 indeterminate
sin/24: 21 pass, 0 fail, 0 indeterminate
sin/53: 21 pass, 0 fail, 0 indeterminate
sqrt/10: 12 pass, 0 fail, 0 indeterminate
sqrt/100: 12 pass, 0 fail, 0 indeterminate
sqrt/200: 12 pass, 0 fail, 0 indeterminate
sqrt/24: 12 pass, 0 fail, 0 indeterminate
sqrt/53: 12 pass, 0 fail, 0 indeterminate
TOTAL: 420 pass, 0 fail, 0 indeterminate
