   Compiling hyperreal v0.13.1 (/home/tim/Documents/GitHub/workspace/hyperreal)
   Compiling hyperlattice v0.6.1 (/home/tim/Documents/GitHub/workspace/hyperlattice)
   Compiling hyperlimit v0.4.1 (/home/tim/Documents/GitHub/workspace/hyperlimit)
    Finished `release` profile [optimized] target(s) in 39.66s
     Running unittests src/lib.rs (target/release/deps/hyperlimit-783740ba7aa340fb)

running 242 tests
test geometry::facts::tests::aabb_facts_distinguish_point_segment_and_area_boxes ... ok
test geometry::facts::tests::structural_facts_keep_unknown_zero_status_conservative ... ok
test geometry::homogeneous::tests::three_plane_intersection_preserves_homogeneous_point ... ok
test geometry::facts::tests::segment_facts_distinguish_degenerate_axis_and_dense_segments ... ok
test geometry::homogeneous::tests::homogeneous_incidence_handles_points_at_infinity ... ok
test geometry::homogeneous::tests::symbolic_homogeneous_incidence_uses_the_generic_real_pipeline ... ok
test classify::tests::segment_intersection_policy_helpers_cover_identical_overlap ... ok
test geometry::homogeneous::tests::two_plane_line_and_line_plane_match_three_plane_intersection ... ok
test geometry::plane::tests::oriented_plane_evidence_matches_orient3d_side ... ok
test geometry::plane::tests::plane_aabb3_report_distinguishes_strict_sides_and_reversed_bounds ... ok
test geometry::plane::tests::plane_evidence_and_report_replay_cover_fallback_and_mismatch_paths ... ok
test geometry::facts::tests::point_displacement_facts_track_duplicate_and_axis_cases ... ok
test geometry::homogeneous::tests::parallel_planes_produce_point_at_infinity_without_affine_division ... ok
test geometry::plane::tests::classifies_plane_aabb3_relation_from_extreme_terms ... ok
test geometry::plane::tests::classifies_plane_segment_relation ... ok
test geometry::plane::tests::classifies_plane_triangle_relation ... ok
test predicate::tests::predicate_policy_is_one_byte_and_has_no_hidden_state ... ok
test predicates::aabb::tests::aabb3_intersection_distinguishes_disjoint_touching_and_overlap ... ok
test predicates::aabb::tests::aabb_decision_trace_rankings_are_total ... ok
test predicate::tests::boolean_outcome_combinators_preserve_certainty_and_short_circuit_unknowns ... ok
test predicates::aabb::tests::aabb_fallbacks_cover_late_axis_separation_and_unknowns ... ok
test predicates::aabb::tests::aabb_intersection_distinguishes_disjoint_touching_and_overlap ... ok
test geometry::plane::tests::plane_unknown_paths_and_helper_rankings_are_explicit ... ok
test predicates::aabb::tests::aabb_wrappers_propagate_strict_unknowns_without_boolean_coercion ... ok
test predicates::aabb::tests::borrowed_and_triangle_aabb_predicates_preserve_each_strict_unknown ... ok
test geometry::plane::tests::classifies_point_oriented_plane_from_points ... ok
test geometry::plane::tests::classifies_point_plane ... ok
test geometry::plane::tests::classifies_point_plane_with_hyperreal_structural_facts ... ok
test geometry::plane::tests::exact_rational_plane_cascade_matches_materialized_expression_signs ... ok
test geometry::plane::tests::exact_rational_plane_cascade_preserves_cancellation_and_evidence ... ok
test predicates::aabb::tests::immediate_aabb3_predicates_use_borrowed_storage ... ok
test predicates::aabb::tests::immediate_aabb_intersection_preserves_point_segment_area_cases ... ok
test predicates::aabb::tests::immediate_aabb_predicates_accept_cached_extent_facts ... ok
test geometry::facts::tests::triangle_facts_track_axis_degeneracy_and_non_degeneracy ... ok
test predicates::aabb::tests::symbolic_relative_interior_covers_zero_and_positive_extent_axes ... ok
test predicates::convex::tests::convex_planes3_classifier_uses_below_as_inside ... ok
test predicate::tests::invalid_private_policy_state_is_rejected - should panic ... ok
test predicates::convex::tests::convex_planes3_handles_empty_and_undecided_carriers ... ok
test geometry::plane::tests::plane_aabb3_report_retains_support_extrema ... ok
test geometry::plane::tests::plane_evidence_preserves_coefficient_structure ... ok
test geometry::plane::tests::oriented_plane_exact_word_evidence_falls_back_for_symbolic_queries ... ok
test geometry::plane::tests::plane_evidence_summarizes_symbolic_dependencies ... ok
test predicates::coplanar::tests::coplanar_triangle_classifier_distinguishes_disjoint_touching_and_overlap ... ok
test predicates::coplanar::tests::triangle3_degeneracy_covers_exact_boundary_and_projection_bookkeeping ... ok
test predicates::coplanar::tests::projection_helpers_cover_all_coordinate_planes_and_degenerate_cases ... ok
test predicates::coplanar::tests::triangle3_degeneracy_exercises_each_exact_representation_stage ... ok
test predicates::aabb::tests::point_aabb_classifier_distinguishes_inside_boundary_and_outside ... ok
test predicates::aabb::tests::ordered_aabb2_coordinate_predicates_cover_overlap_and_point_membership ... ok
test predicates::aabb::tests::ordered_aabb3_predicates_cover_overlap_containment_and_relative_interior ... ok
test predicates::aabb::tests::point_aabb3_classifier_distinguishes_inside_boundary_and_outside ... ok
test predicates::coplanar::tests::coplanar_completion_preserves_unknown_vertex_classifications_and_all_stage_ranks ... ok
test predicates::coplanar::tests::projected_parameters_preserve_exact_affine_ratios ... ok
test predicates::aabb::tests::point_triangle_aabb_filter_uses_exact_coordinate_bounds ... ok
test predicates::aabb::tests::symbolic_aabb3_intersections_exercise_interval_and_extent_fallbacks ... ok
test predicates::coplanar::tests::triangle3_degeneracy_replays_nonzero_underflowed_dyadic_projection ... ok
test predicates::coplanar::tests::strict_coplanar_composition_keeps_unresolved_edge_evidence ... ok
test predicates::aabb::tests::symbolic_ordered_aabb2_predicates_exercise_the_real_fallback ... ok
test predicates::distance::tests::circle_line2_relation_uses_squared_discriminant ... ok
test predicates::distance::tests::degenerate_distance_carriers_have_explicit_exact_fallbacks ... ok
test predicates::distance::tests::distance_trace_ranking_covers_all_certainties_and_stages ... ok
test predicates::distance::tests::exact_rational_distance_kernels_preserve_tangent_boundaries ... ok
test predicates::aabb::tests::symbolic_point_box_predicates_cover_every_axis_and_boundary_route ... ok
test predicates::distance::tests::exact_rational_threshold_helpers_cover_two_and_three_dimensions ... ok
test predicates::coplanar::tests::triangle3_degeneracy_preserves_terminal_approximation_evidence ... ok
test predicates::distance::tests::generic_distance_threshold_and_late_unknown_paths_are_covered ... ok
test predicates::coplanar::tests::triangle3_degeneracy_uses_projected_orientations ... ok
test predicates::convex::tests::convex_polygon2_handles_degenerate_clockwise_and_undecided_inputs ... ok
test predicates::distance::tests::point_segment3_distance_comparison_selects_endpoint_or_interior ... ok
test predicates::convex::tests::convex_polygon2_classifier_composes_edge_halfspaces ... ok
test predicates::coplanar::tests::triangle3_degeneracy_filters_rationals_beyond_word_kernel_exactly ... ok
test predicates::distance::tests::aabb3_sphere_intersection_uses_closest_box_point_distance ... ok
test predicates::distance::tests::circle_segment2_relation_respects_closed_segment_interval ... ok
test predicates::distance::tests::non_dyadic_rational_distance_kernels_cover_every_relation ... ok
test predicates::distance::tests::interval_distance_helper_propagates_lower_and_upper_order_uncertainty ... ok
test predicates::distance::tests::non_dyadic_point_triangle3_distance_uses_exact_rational_boundary ... ok
test predicates::distance::tests::exact_circle_segment_kernel_covers_endpoint_and_interval_partitions ... ok
test predicates::distance::tests::exact_distance_helpers_cover_nonrational_and_degenerate_endpoint_fallbacks ... ok
test predicates::distance::tests::point_plane_distance_comparison_uses_unnormalized_normal ... ok
test predicates::distance::tests::point_sphere3_classifier_uses_squared_radius ... ok
test predicates::coplanar::tests::projected_area_turn_and_parameter_helpers_cover_boundary_branches ... ok
test predicates::distance::tests::point_line3_distance_comparison_is_scaled_without_division ... ok
test predicates::distance::tests::point_triangle3_distance_comparison_covers_face_edges_vertices_and_degeneracy ... ok
test predicates::distance::tests::strict_distance_predicates_preserve_unresolved_input ... ok
test predicates::distance::tests::sphere3_intersection_uses_radius_sum_squared ... ok
test predicates::distance::tests::strict_distance_subpredicates_propagate_each_unresolved_comparison ... ok
test predicates::distance::tests::squared_distance3_comparison_avoids_square_roots ... ok
test predicates::distance::tests::squared_distance_comparison_avoids_square_roots ... ok
test predicates::dop::tests::aabb_report_validation_rejects_unknown_intervals_and_wrong_terminals ... ok
test predicates::dop::tests::plane_report_propagates_carrier_and_each_query_side_uncertainty ... ok
test predicates::halfspace::tests::farkas_dependency_acceptance_checks_indices_normal_and_offset ... ok
test predicates::halfspace::tests::candidate_acceptance_zero_checks_and_trace_ranking_are_total ... ok
test predicates::dop::tests::support_dop_helpers_cover_unknowns_side_relations_and_trace_ranks ... ok
test predicates::dop::tests::projection_and_overlap_helpers_cover_every_location_and_unknown_boundary ... ok
test predicates::dop::tests::strict_support_dop_classifiers_propagate_slab_and_projection_uncertainty ... ok
test predicates::dop::tests::slab_building_distinguishes_unknown_minimum_and_later_unknown_maximum ... ok
test predicates::exact::tests::exact_kernel_entry_points_cover_signs_and_decline_symbolic_inputs ... ok
test predicates::dop::tests::witnessed_slab_validation_preserves_unknown_and_inverted_bounds ... ok
test predicates::distance::tests::symbolic_translations_exercise_generic_distance_cascades ... ok
test predicates::filters::tests::interval_and_ball_filters_preserve_terminal_approximation_certainty ... ok
test predicates::interval::tests::closed_interval_intersection_distinguishes_disjoint_touching_and_overlap ... ok
test predicates::interval::tests::real_interval_classifies_ordered_and_reversed_endpoints ... ok
test predicates::halfspace::tests::multiplier_orientation_covers_both_rays_mixed_zero_and_unknown ... ok
test predicates::halfspace::tests::farkas_search_exercises_every_active_set_and_uncertainty_exit ... ok
test predicates::halfspace::tests::unresolved_farkas_certificate_components_propagate ... ok
test predicates::interval::tests::decision_trace_rankings_are_total ... ok
test predicates::interval::tests::real_interval_covers_every_location_and_boolean_result ... ok
test predicates::interval::tests::reverse_interval_separation_and_contact_are_distinguished ... ok
test predicates::interval::tests::interval_classifiers_preserve_unknowns_at_each_comparison_stage ... ok
test predicates::order::tests::point2_equal_uses_exact_coordinate_ordering ... ok
test predicates::halfspace::tests::dependency_search_covers_pair_triple_and_four_plane_bases ... ok
test predicates::order::tests::point2_lexicographic_ordering_uses_y_as_tie_breaker ... ok
test predicates::order::tests::point3_equal_uses_exact_coordinate_ordering ... ok
test predicates::order::tests::point3_lexicographic_ordering_uses_z_as_second_tie_breaker ... ok
test predicates::nd::tests::symbolic_nd_inputs_retain_generic_real_fallback ... ok
test predicates::filters::tests::certified_ball_sign_decides_strict_zero_and_crossing_balls ... ok
test predicates::nd::tests::invalid_and_unresolved_nd_inputs_remain_explicit ... ok
test predicates::order::tests::paired_signs_batch_exact_rationals_and_preserve_unknowns ... ok
test predicates::order::tests::real_min_max_clamp_and_bounds_use_order_predicates ... ok
test predicates::order::tests::reciprocal_reuses_the_policy_nonzero_decision ... ok
test predicates::filters::tests::certified_interval_sign_decides_strict_and_zero_enclosures ... ok
test predicates::orient::tests::exact_incircle_reports_boundary_for_input_site ... ok
test predicates::order::tests::exact_normal_form_precedes_terminal_approximate_equality ... ok
test predicates::orient::tests::generic_real_lifted_determinants_match_exact_rational_kernels ... ok
test predicates::order::tests::exact_normal_form_resolves_nested_parameter_replay ... ok
test predicates::orient::tests::line_orientation_facts_detect_common_reduced_denominator ... ok
test predicates::order::tests::lexicographic_unknowns_and_ranking_helpers_cover_all_stages ... ok
test predicates::orient::tests::insphere_evidence_matches_insphere3d_sign ... ok
test predicates::orient::tests::lifted_polynomial_facts_match_retained_coefficients ... ok
test predicates::orient::tests::line_orientation_facts_distinguish_mixed_denominators ... ok
test predicates::orient::tests::orient3d_classifies_simple_tetrahedron ... ok
test predicates::orient::tests::orient2d_certified_rational_filter_falls_through_on_exact_boundary ... ok
test predicates::orient::tests::orient2d_certified_rational_filter_handles_values_beyond_word_kernel ... ok
test predicates::orient::tests::orient2d_decides_strict_degenerate_reals_exactly ... ok
test predicates::orient::tests::incircle_evidence_matches_incircle2d_sign ... ok
test predicates::orient::tests::retained_exact_callbacks_cover_filter_decline_boundaries ... ok
test predicates::orient::tests::orient2d_classifies_simple_triangle ... ok
test predicates::ring::tests::decision_trace_retains_the_least_certain_and_latest_stage ... ok
test predicates::orient::tests::retained_query_and_polynomial_fallbacks_match_scalar_predicates ... ok
test predicates::orient::tests::retained_line_orientation_matches_orient2d_side ... ok
test predicates::ring::tests::indexed_ring_even_odd_report_replays_caller_topology ... ok
test predicates::orient::tests::exact_rational_predicates_do_not_need_refinement_budget ... ok
test predicates::ring::tests::degenerate_ring_reports_are_exact_and_replayable ... ok
test predicates::ring::tests::point_ring_even_odd_accepts_repeated_closing_vertex ... ok
test predicates::ring::tests::exact_rational_ring_area_uses_sign_only_accumulation ... ok
test predicates::ring::tests::indexed_ring_predicates_reuse_caller_topology ... ok
test predicates::orient::tests::exact_insphere_reports_boundary_for_input_site ... ok
test predicates::ring::tests::point_ring_even_odd_classifies_inside_outside_and_boundary ... ok
test predicates::ring::tests::point_ring_even_odd_report_handles_vertex_straddles_without_double_counting ... ok
test predicates::ring::tests::point_ring_even_odd_report_retains_collinear_outside_edge_evidence ... ok
test predicates::ring::tests::point_ring_even_odd_report_keeps_boundary_and_parity_distinct ... ok
test predicates::ring::tests::ring_report_validation_rejects_a_different_boundary_index ... ok
test predicates::order::tests::real_ordering_uses_exact_difference_sign ... ok
test predicates::ring::tests::ring_facts_count_raw_edges_but_classify_open_turns ... ok
test predicates::orient::tests::exact_orient2d_is_translation_invariant ... ok
test predicates::segment::tests::collinear_overlap_collection_covers_each_endpoint_order ... ok
test predicates::ring::tests::point_ring_even_odd_report_retains_crossing_parity ... ok
test predicates::ring::tests::ring_area_sign_classifies_winding_and_degenerate_rings ... ok
test predicates::segment::tests::fact_aware_segment_classifier_reduces_point_segment_cases ... ok
test predicates::segment::tests::fact_aware_point_segment_classifier_handles_degenerate_segments ... ok
test predicates::segment::tests::line_constructor_and_parameter_helpers_cover_general_real_and_bounds ... ok
test predicates::segment::tests::immediate_segment3_classifies_intersection ... ok
test predicates::segment::tests::immediate_segment3_predicates_use_borrowed_endpoints ... ok
test predicates::segment::tests::immediate_segment_predicates_reuse_cached_facts ... ok
test predicates::segment::tests::line_intersection_point_fuses_nondyadic_exact_rationals ... ok
test predicates::segment::tests::line_intersection_point_constructs_exact_crossing ... ok
test predicates::segment::tests::line_intersection_point_uses_wide_dyadic_carrier ... ok
test predicates::segment::tests::point_segment3_classifier_distinguishes_endpoint_inside_outside_and_offline ... ok
test predicates::segment::tests::point_segment_classifier_distinguishes_endpoint_inside_and_outside ... ok
test predicates::segment::tests::retained_line_orientation_preserves_complete_point_segment_classification ... ok
test predicates::orient::tests::exact_orient3d_is_translation_invariant ... ok
test predicates::orient::tests::sign_only_exact_orient3d_matches_wide_integer_determinants ... ok
test predicates::segment::tests::segment_classifier_reports_proper_endpoint_overlap_and_identical ... ok
test predicates::segment::tests::segment_classifier_reports_disjoint_collinear_and_skew_cases ... ok
test predicates::segment::tests::segment_decision_helpers_cover_uniqueness_signs_and_trace_ranks ... ok
test predicates::segment::tests::segment3_classifier_reports_collinear_overlap_and_identical ... ok
test predicates::segment::tests::segment3_classifier_distinguishes_skew_coplanar_and_crossing_cases ... ok
test predicates::segment_plane::tests::explicit_plane_intersection_covers_every_decided_relation ... ok
test predicates::ring::tests::strict_even_odd_classifier_propagates_unresolved_comparisons ... ok
test predicates::ring::tests::ring_report_rejects_multiple_boundaries_and_propagates_late_unknowns ... ok
test predicates::ring::tests::ring_facts_cover_empty_indexed_diagonal_and_unknown_edges ... ok
test predicates::segment::tests::strict_segment_intersection_propagates_unresolved_geometry ... ok
test predicates::ring::tests::ring_convexity_covers_turn_classes_and_unresolved_turns ... ok
test predicates::segment::tests::strict_point_segment_apis_propagate_each_unresolved_decision_class ... ok
test predicates::segment_plane::tests::segment_parameter_rejects_constant_axes_and_solves_nonconstant_axes ... ok
test predicates::segment_plane::tests::segment_plane_constructs_proper_crossing_as_ratio ... ok
test predicates::segment_plane::tests::segment_plane_classifies_endpoint_coplanar_and_disjoint_cases ... ok
test predicates::triangle::tests::classifies_degenerate_3d_triangle ... ok
test predicates::halfspace::tests::active_set_reuses_policy_certified_nonzero_triple_weight ... ok
test predicates::triangle::tests::classifies_point_on_triangle_edge ... ok
test predicates::triangle::tests::classifies_point_inside_triangle ... ok
test predicates::triangle::tests::classifies_degenerate_triangle ... ok
test predicates::triangle::tests::classifies_degenerate_tetrahedron ... ok
test predicates::triangle::tests::classifies_point_inside_3d_triangle ... ok
test predicates::triangle::tests::immediate_triangle3_classifier_reuses_orientation_evidence ... ok
test predicates::triangle::tests::ray_triangle3_report_keeps_origin_touch_and_coplanar_cases_distinct ... ok
test predicates::triangle::tests::ray_triangle3_report_retains_crossing_construction ... ok
test predicates::segment::tests::strict_segment_classifiers_propagate_each_late_uncertainty_stage ... ok
test predicates::segment_plane::tests::retained_segment_plane_validation_rejects_every_inconsistent_field_family ... ok
test predicates::triangle::tests::classifies_point_relative_to_tetrahedron ... ok
test predicates::triangle::tests::immediate_triangle_classifier_accepts_cached_orientation ... ok
test predicates::triangle::tests::ray_triangle3_intersection_distinguishes_direction_and_origin_cases ... ok
test predicates::triangle::tests::fact_aware_classifier_uses_structural_triangle_degeneracy ... ok
test predicates::halfspace::tests::active_set_candidate_construction_covers_point_skip_and_unknown ... ok
test predicates::triangle::tests::ray_triangle3_report_reuses_policy_certified_nonzero_direction ... ok
test predicates::segment::tests::strict_planar_segment_intersection_propagates_collinear_and_fact_uncertainty ... ok
test predicates::segment::tests::line_intersection_point_reuses_policy_nonzero_determinant ... ok
test predicates::triangle::tests::retained_report_fact_reduction_rejects_every_optional_field_shape ... ok
test predicates::triangle::tests::segment_triangle3_intersection_distinguishes_crossing_boundary_and_coplanar ... ok
test predicates::triangle::tests::ray_triangle3_report_validates_parallel_away_and_outside_candidates ... ok
test predicates::triangle::tests::segment_triangle3_report_keeps_endpoint_and_coplanar_cases_distinct ... ok
test predicates::triangle_triangle::tests::coplanar_segment_helper_covers_endpoint_edge_and_disjoint_paths ... ok
test predicates::triangle::tests::retained_ray_report_rejects_every_shape_and_parameter_corruption ... ok
test predicates::triangle::tests::retained_segment_triangle_report_rejects_relation_location_and_replay_corruption ... ok
test predicates::triangle::tests::segment_triangle3_report_retains_crossing_construction ... ok
test predicates::triangle_triangle::tests::retained_relation_helpers_cover_all_collapsed_outcomes ... ok
test predicates::triangle_triangle::tests::plane_triangle_helper_classifies_every_coarse_side_relation ... ok
test predicates::triangle::tests::relation_helpers_cover_all_segment_and_ray_location_collapses ... ok
test predicates::triangle::tests::strict_segment_and_ray_triangle_apis_propagate_unresolved_constructions ... ok
test predicates::triangle::tests::triangle_winding_normal_sign_classifies_reference_direction ... ok
test predicates::triangle_triangle::tests::triangle_triangle_detects_boundary_vertex_touch ... ok
test predicates::triangle_triangle::tests::triangle_triangle_can_be_disjoint_without_plane_separation ... ok
test predicates::triangle_triangle::tests::triangle_triangle_detects_noncoplanar_crossing ... ok
test predicates::triangle_triangle::tests::triangle_triangle_rejects_plane_separated_pairs ... ok
test predicates::triangle_triangle::tests::triangle_triangle_reports_degenerate_input ... ok
test predicates::triangle_triangle::tests::triangle_triangle_resolves_coplanar_positive_overlap ... ok
test predicates::triangle_triangle::tests::retained_report_rejects_false_degeneracy_and_unknown_coplanar_relation ... ok
test real::tests::real_zero_knowledge_maps_to_predicate_signs ... ok
test resolve::tests::resolve_real_sign_uses_exact_evaluation_callback ... ok
test resolve::tests::signed_term_filter_decides_same_sign_terms_without_magnitude ... ok
test predicates::triangle_triangle::tests::strict_composition_propagates_each_preconstruction_uncertainty_stage ... ok
test predicates::triangle_triangle::tests::triangle_triangle_covers_coplanar_disjoint_and_touching_relations ... ok
test resolve::tests::signed_term_filter_leaves_mixed_signs_to_exact_pipeline ... ok
test resolve::tests::terminal_approximation_is_policy_controlled_and_reports_its_certainty ... ok
test resolve::tests::general_resolver_normalizes_exact_rationals_before_approximation ... ok
test predicates::triangle::tests::strict_planar_triangle_classifier_propagates_triangle_and_each_edge_uncertainty ... ok
test predicates::nd::tests::exact_rational_orient_d_path_matches_recursive_determinant ... ok
test predicates::triangle::tests::strict_spatial_triangle_and_tetrahedron_classifiers_propagate_uncertainty ... ok
test predicates::triangle::tests::strict_triangle3_classifier_recomputes_rejected_cached_certainty ... ok
test predicates::triangle::tests::triangle_sign_and_trace_helpers_cover_unknown_positions_and_all_ranks ... ok
test predicates::nd::tests::exact_rational_insphere_d_path_matches_recursive_determinant ... ok
test predicates::segment_plane::tests::construction_failure_records_are_validated_and_preserved ... ok
test predicates::nd::tests::subset_determinant_matches_recursive_minors ... ok

test result: ok. 242 passed; 0 failed; 0 ignored; 0 measured; 0 filtered out; finished in 0.28s

