==9== Memcheck, a memory error detector
==9== Copyright (C) 2002-2026, and GNU GPL'd, by Julian Seward et al.
==9== Using Valgrind-3.27.1 and LibVEX; rerun with -h for copyright info
==9== Command: /tmp/aern2-audit/root-check
==9== 
vector initial Bernstein: 924/924
map initial Bernstein: 924/924
declared positive vector multiplier: 804/924
declared positive map multiplier: 804/924
vector exact sign variation: 924/924
map exact sign variation: 924/924
vector subdivision+extrapolation: 1848/1848
map subdivision+extrapolation: 1848/1848
nonzero-radius vector certain variations on included shifts: 2767/2772
nonzero-radius map certain variations on included shifts: 2767/2772
cover 0 interior (3,True,True,True,False,True)
cover 1 interior (4,True,True,True,True,True)
cover 2 interior (2,True,True,True,True,True)
cover 3 interior (3,True,True,True,True,True)
cover 4 interior (1,True,True,True,True,True)
cover 5 endpoint (1,False,True,True,True,False)
cover 6 endpoint (1,True,True,True,True,True)
cover 7 endpoint (2,True,True,True,True,True)
cover 8 endpoint (1,False,True,True,True,False)
cover 9 endpoint (1,True,True,True,True,True)
cover 10 endpoint (1,False,True,True,True,False)
cover 11 no real roots (0,True,True,True,True,True)
==9== 
==9== HEAP SUMMARY:
==9==     in use at exit: 4,195,808 bytes in 11 blocks
==9==   total heap usage: 19,203 allocs, 19,192 frees, 4,445,297 bytes allocated
==9== 
==9== LEAK SUMMARY:
==9==    definitely lost: 0 bytes in 0 blocks
==9==    indirectly lost: 0 bytes in 0 blocks
==9==      possibly lost: 0 bytes in 0 blocks
==9==    still reachable: 4,195,808 bytes in 11 blocks
==9==         suppressed: 0 bytes in 0 blocks
==9== Reachable blocks (those to which a pointer was found) are not shown.
==9== To see them, rerun with: --leak-check=full --show-leak-kinds=all
==9== 
==9== For lists of detected and suppressed errors, rerun with: -s
==9== ERROR SUMMARY: 0 errors from 0 contexts (suppressed: 0 from 0)
