   Compiling hyperreal v0.13.1 (/tmp/aern-hyper-finite.cYctjI/hyperreal-candidate)
    Finished `release` profile [optimized] target(s) in 14.30s
     Running unittests src/lib.rs (target/release/deps/hyperreal-1cc0b97c8fd55e9c)

running 1 test
test rational::arithmetic::tests::f64_enclosure_stays_finite_at_both_overflow_boundaries ... ok

test result: ok. 1 passed; 0 failed; 0 ignored; 0 measured; 715 filtered out; finished in 0.00s

     Running unittests src/main.rs (target/release/deps/hyperreal-43af7134f8c78351)

running 0 tests

test result: ok. 0 passed; 0 failed; 0 ignored; 0 measured; 0 filtered out; finished in 0.00s

     Running tests/adversarial_props.rs (target/release/deps/adversarial_props-0a914a6d763ae199)

running 0 tests

test result: ok. 0 passed; 0 failed; 0 ignored; 0 measured; 7 filtered out; finished in 0.00s

     Running tests/adversarial_regressions.rs (target/release/deps/adversarial_regressions-273fe10982cb5e17)

running 0 tests

test result: ok. 0 passed; 0 failed; 0 ignored; 0 measured; 10 filtered out; finished in 0.00s

     Running tests/adversarial_semantics.rs (target/release/deps/adversarial_semantics-14367dc05f578772)

running 0 tests

test result: ok. 0 passed; 0 failed; 0 ignored; 0 measured; 5 filtered out; finished in 0.00s

     Running tests/cli.rs (target/release/deps/cli-23b14ca2f4401b0f)

running 0 tests

test result: ok. 0 passed; 0 failed; 0 ignored; 0 measured; 2 filtered out; finished in 0.00s

     Running tests/gmp_api_coverage.rs (target/release/deps/gmp_api_coverage-d8df9c4bb26c1855)

running 0 tests

test result: ok. 0 passed; 0 failed; 0 ignored; 0 measured; 1 filtered out; finished in 0.00s

     Running tests/numeric_roundtrip_formats.rs (target/release/deps/numeric_roundtrip_formats-fbd426c8e2a62e26)

running 0 tests

test result: ok. 0 passed; 0 failed; 0 ignored; 0 measured; 10 filtered out; finished in 0.00s

     Running tests/numerical_cross_reference.rs (target/release/deps/numerical_cross_reference-a3ffb52df2574959)

running 0 tests

test result: ok. 0 passed; 0 failed; 0 ignored; 0 measured; 16 filtered out; finished in 0.00s

     Running tests/public_numeric_semantics.rs (target/release/deps/public_numeric_semantics-7755a5724c4f9ae4)

running 0 tests

test result: ok. 0 passed; 0 failed; 0 ignored; 0 measured; 9 filtered out; finished in 0.00s

     Running tests/rational_oracle.rs (target/release/deps/rational_oracle-f8bd4ffe9a496bb8)

running 0 tests

test result: ok. 0 passed; 0 failed; 0 ignored; 0 measured; 5 filtered out; finished in 0.00s

     Running tests/readme.rs (target/release/deps/readme-a5d82a86e474ebfb)

running 0 tests

test result: ok. 0 passed; 0 failed; 0 ignored; 0 measured; 2 filtered out; finished in 0.00s

     Running tests/readme_metadata.rs (target/release/deps/readme_metadata-1ef4b92f6e81c221)

running 0 tests

test result: ok. 0 passed; 0 failed; 0 ignored; 0 measured; 2 filtered out; finished in 0.00s

     Running tests/real_representations.rs (target/release/deps/real_representations-2c86d8dfe30d5b9f)

running 0 tests

test result: ok. 0 passed; 0 failed; 0 ignored; 0 measured; 6 filtered out; finished in 0.00s

