==9== Memcheck, a memory error detector
==9== Copyright (C) 2002-2026, and GNU GPL'd, by Julian Seward et al.
==9== Using Valgrind-3.27.1 and LibVEX; rerun with -h for copyright info
==9== Command: /tmp/aern-quadratic-fix.fsxgfP/bench-candidate multi_dense32 alloc 100
==9== 
{"iterations":100,"ns":906088660,"allocations":225000,"requested_bytes":24332800}
==9== 
==9== HEAP SUMMARY:
==9==     in use at exit: 5,248 bytes in 100 blocks
==9==   total heap usage: 243,528 allocs, 243,428 frees, 26,317,263 bytes allocated
==9== 
==9== LEAK SUMMARY:
==9==    definitely lost: 0 bytes in 0 blocks
==9==    indirectly lost: 0 bytes in 0 blocks
==9==      possibly lost: 0 bytes in 0 blocks
==9==    still reachable: 5,248 bytes in 100 blocks
==9==         suppressed: 0 bytes in 0 blocks
==9== Reachable blocks (those to which a pointer was found) are not shown.
==9== To see them, rerun with: --leak-check=full --show-leak-kinds=all
==9== 
==9== For lists of detected and suppressed errors, rerun with: -s
==9== ERROR SUMMARY: 0 errors from 0 contexts (suppressed: 0 from 0)
