DCT roundtrip p/n=(24,2) (7,7)
DCT product p/n=(24,2) (7,7)
DCT roundtrip p/n=(24,4) (7,7)
DCT product p/n=(24,4) (7,7)
DCT roundtrip p/n=(24,8) (7,7)
DCT product p/n=(24,8) (7,7)
DCT roundtrip p/n=(24,16) (7,7)
DCT product p/n=(24,16) (7,7)
DCT roundtrip p/n=(24,32) (7,7)
DCT product p/n=(24,32) (7,7)
DCT roundtrip p/n=(24,64) (7,7)
DCT product p/n=(24,64) (7,7)
DCT roundtrip p/n=(53,2) (7,7)
DCT product p/n=(53,2) (7,7)
DCT roundtrip p/n=(53,4) (7,7)
DCT product p/n=(53,4) (7,7)
DCT roundtrip p/n=(53,8) (7,7)
DCT product p/n=(53,8) (7,7)
DCT roundtrip p/n=(53,16) (7,7)
DCT product p/n=(53,16) (7,7)
DCT roundtrip p/n=(53,32) (7,7)
DCT product p/n=(53,32) (7,7)
DCT roundtrip p/n=(53,64) (7,7)
DCT product p/n=(53,64) (7,7)
DCT roundtrip p/n=(100,2) (7,7)
DCT product p/n=(100,2) (7,7)
DCT roundtrip p/n=(100,4) (7,7)
DCT product p/n=(100,4) (7,7)
DCT roundtrip p/n=(100,8) (7,7)
DCT product p/n=(100,8) (7,7)
DCT roundtrip p/n=(100,16) (7,7)
DCT product p/n=(100,16) (7,7)
DCT roundtrip p/n=(100,32) (7,7)
DCT product p/n=(100,32) (7,7)
DCT roundtrip p/n=(100,64) (7,7)
DCT product p/n=(100,64) (7,7)
