add: 32400 cases, 0 violations
multiply: 32400 cases, 0 violations
boundErrorTerm: 168 cases, 0 violations
limitSize: 672 cases, 0 violations
divAInteger positive denominator: 3591 cases, 2562 violations
  (Approx 80 (-9) 0 (-3),2,Approx 80 (-9) 0 (-3))
  (Approx 80 (-9) 0 (-3),3,Approx 80 (-6) 0 (-3))
  (Approx 80 (-9) 0 (-3),4,Approx 80 (-9) 0 (-3))
  (Approx 80 (-9) 0 (-3),5,Approx 80 (-7) 0 (-3))
  (Approx 80 (-9) 0 (-3),6,Approx 80 (-6) 0 (-3))
sqrtRec [1,9]: Approx 80 1365 685 (-11), contains reciprocal roots [(1 % 1,True),(3 % 1,True)]
sqrtRec [0,2]: Approx 80 363 363 (-10), contains reciprocal roots [(1 % 2,False),(1 % 1,False)]
sqrtRec exact 4: Approx 80 549755813888 1 (-40), contains reciprocal roots [(2 % 1,True)]
poly uncertain constant [0,2] at exact zero: Approx 80 1 0 0, contains full coefficient=False
poly x+x^2 on [1,2]: Approx 80 15 10 (-2), contains endpoint image=True
poly exact integer quadratic coefficients: 8640 cases, 1800 violations
  (-2,-2,-2,Approx 80 (-4) 1 1,Approx 80 (-114) 38 0)
  (-2,-2,-2,Approx 80 (-4) 1 4,Approx 80 (-8066) 318 0)
  (-2,-2,-2,Approx 80 (-4) 3 1,Approx 80 (-114) 162 0)
  (-2,-2,-2,Approx 80 (-4) 3 4,Approx 80 (-8066) 1338 0)
  (-2,-2,-2,Approx 80 (-3) 1 1,Approx 80 (-62) 30 0)
CR polynomial [1/3] at 0, requested 20: Approx 80 402975273204876391568726 0 (-80), contains 1/3=False
CR polynomial [0,1/3] at 3, requested 20: Approx 80 604462909807314587353089 0 (-79), contains 1=False
CR polynomial [1/3] at 0, requested 100: Approx 80 402975273204876391568726 0 (-80), contains 1/3=False
CR polynomial [0,1/3] at 3, requested 100: Approx 80 604462909807314587353089 0 (-79), contains 1=False
CR polynomial [1/3] at 0, requested 500: Approx 80 402975273204876391568726 0 (-80), contains 1/3=False
CR polynomial [0,1/3] at 3, requested 500: Approx 80 604462909807314587353089 0 (-79), contains 1=False
negate positive infinity: PosInf
abs negative infinity: NegInf
