==2== Memcheck, a memory error detector
==2== Copyright (C) 2002-2026, and GNU GPL'd, by Julian Seward et al.
==2== Using Valgrind-3.27.1 and LibVEX; rerun with -h for copyright info
==2== Command: /tmp/interval-computable-audit/target/release/numerical
==2== Parent PID: 1
==2== 
==2== 
==2== HEAP SUMMARY:
==2==     in use at exit: 5,152 bytes in 40 blocks
==2==   total heap usage: 990,395 allocs, 990,355 frees, 355,937,015 bytes allocated
==2== 
==2== 48 bytes in 1 blocks are possibly lost in loss record 2 of 38
==2==    at 0x4AADAE6: malloc (vg_replace_malloc.c:447)
==2==    by 0x420CE6E: <std::thread::thread::Thread>::new (in /tmp/interval-computable-audit/target/release/numerical)
==2==    by 0x4215639: std::thread::current::init_current (in /tmp/interval-computable-audit/target/release/numerical)
==2==    by 0x407A898: std::thread::scoped::scope::<<computable::refinement::RefinementGraph>::refine_to<192>::{closure#0}, ()> (in /tmp/interval-computable-audit/target/release/numerical)
==2==    by 0x408339D: <computable::computable::Computable>::refine_to::<192> (in /tmp/interval-computable-audit/target/release/numerical)
==2==    by 0x406E420: numerical::main (in /tmp/interval-computable-audit/target/release/numerical)
==2==    by 0x4089802: std::sys::backtrace::__rust_begin_short_backtrace::<fn(), ()> (in /tmp/interval-computable-audit/target/release/numerical)
==2==    by 0x4089848: std::rt::lang_start::<()>::{closure#0} (in /tmp/interval-computable-audit/target/release/numerical)
==2==    by 0x4214206: std::rt::lang_start_internal (in /tmp/interval-computable-audit/target/release/numerical)
==2==    by 0x40774D4: main (in /tmp/interval-computable-audit/target/release/numerical)
==2== 
==2== 304 bytes in 1 blocks are possibly lost in loss record 37 of 38
==2==    at 0x4AB56CD: calloc (vg_replace_malloc.c:1616)
==2==    by 0x427F05F: calloc (rtld-malloc.h:44)
==2==    by 0x427F05F: allocate_dtv (dl-tls.c:468)
==2==    by 0x427FAC1: _dl_allocate_tls (dl-tls.c:718)
==2==    by 0x4C9B107: pthread_create@@GLIBC_2.34 (in /usr/lib64/libc.so.6)
==2==    by 0x42063D4: <std::sys::thread::unix::Thread>::new (in /tmp/interval-computable-audit/target/release/numerical)
==2==    by 0x41B4363: std::thread::lifecycle::spawn_unchecked::<computable::refinement::spawn_refiner::{closure#0}, ()> (in /tmp/interval-computable-audit/target/release/numerical)
==2==    by 0x41CFBF7: computable::refinement::spawn_refiner (in /tmp/interval-computable-audit/target/release/numerical)
==2==    by 0x407AB32: std::thread::scoped::scope::<<computable::refinement::RefinementGraph>::refine_to<192>::{closure#0}, ()> (in /tmp/interval-computable-audit/target/release/numerical)
==2==    by 0x408339D: <computable::computable::Computable>::refine_to::<192> (in /tmp/interval-computable-audit/target/release/numerical)
==2==    by 0x4072753: numerical::refined (in /tmp/interval-computable-audit/target/release/numerical)
==2==    by 0x4070A83: numerical::main (in /tmp/interval-computable-audit/target/release/numerical)
==2==    by 0x4089802: std::sys::backtrace::__rust_begin_short_backtrace::<fn(), ()> (in /tmp/interval-computable-audit/target/release/numerical)
==2== 
==2== LEAK SUMMARY:
==2==    definitely lost: 0 bytes in 0 blocks
==2==    indirectly lost: 0 bytes in 0 blocks
==2==      possibly lost: 352 bytes in 2 blocks
==2==    still reachable: 4,800 bytes in 38 blocks
==2==                       of which reachable via heuristic:
==2==                         newarray           : 296 bytes in 1 blocks
==2==         suppressed: 0 bytes in 0 blocks
==2== Reachable blocks (those to which a pointer was found) are not shown.
==2== To see them, rerun with: --leak-check=full --show-leak-kinds=all
==2== 
==2== For lists of detected and suppressed errors, rerun with: -s
==2== ERROR SUMMARY: 2 errors from 2 contexts (suppressed: 0 from 0)
