constant-sup	checks=4	failures=0
constant-inf	checks=4	failures=0
constant-integral	checks=4	failures=0
identity-sup	checks=4	failures=0
identity-inf	checks=4	failures=0
identity-integral	checks=4	failures=0
square-sup	checks=4	failures=0
square-inf	checks=4	failures=0
square-integral	checks=4	failures=0
abs-sup	checks=4	failures=0
abs-inf	checks=4	failures=0
abs-integral	checks=4	failures=0
negative-square-sup	checks=4	failures=0
negative-square-inf	checks=4	failures=0
negative-square-integral	checks=4	failures=0
linear-quarter-sup	checks=4	failures=0
linear-quarter-inf	checks=4	failures=0
linear-quarter-integral	checks=4	failures=0
quantifier-finite-prefix	checks=48	failures=0
trisection-affine-rational-roots	checks=36	failures=0
