
compat/Data/Real/CReal.hs:1:17: warning: [-Wdeprecated-flags]
    -fglasgow-exts is deprecated: Use individual extensions instead
  |
1 | {-# OPTIONS_GHC -fglasgow-exts #-}
  |                 ^^^^^^^^^^^^^^

compat/Data/Interval.hs:1:17: warning: [-Wdeprecated-flags]
    -fglasgow-exts is deprecated: Use individual extensions instead
  |
1 | {-# OPTIONS_GHC -fglasgow-exts #-}
  |                 ^^^^^^^^^^^^^^

compat/Data/Multinomial.hs:1:17: warning: [-Wdeprecated-flags]
    -fglasgow-exts is deprecated: Use individual extensions instead
  |
1 | {-# OPTIONS_GHC -fglasgow-exts #-}
  |                 ^^^^^^^^^^^^^^

compat/Data/Real/Complete.hs:1:17: warning: [-Wdeprecated-flags]
    -fglasgow-exts is deprecated: Use individual extensions instead
  |
1 | {-# OPTIONS_GHC -fglasgow-exts #-}
  |                 ^^^^^^^^^^^^^^
[8 of 9] Compiling Main             ( FewCompressionBench.hs, compression-build/Main.o ) [Source file changed]
[9 of 9] Linking few-compressed [Objects changed]
