
compat/Data/Number/Ball.hs:1:12: warning: [-Wdeprecated-flags]
    -#include is deprecated: -#include and INCLUDE pragmas are deprecated: They no longer have any effect
  |
1 | {-# INCLUDE <mpfr.h> #-}
  |            ^^^^^^^^^^

compat/Data/Number/Ball.hs:2:12: warning: [-Wdeprecated-flags]
    -#include is deprecated: -#include and INCLUDE pragmas are deprecated: They no longer have any effect
  |
2 | {-# INCLUDE <hsmpfr.h> #-}
  |            ^^^^^^^^^^^^

compat/Data/Number/MPFR.hs:2:12: warning: [-Wdeprecated-flags]
    -#include is deprecated: -#include and INCLUDE pragmas are deprecated: They no longer have any effect
  |
2 | {-# INCLUDE <mpfr.h> #-}
  |            ^^^^^^^^^^

compat/Data/Number/MPFR.hs:3:12: warning: [-Wdeprecated-flags]
    -#include is deprecated: -#include and INCLUDE pragmas are deprecated: They no longer have any effect
  |
3 | {-# INCLUDE <hsmpfr.h> #-}
  |            ^^^^^^^^^^^^
[1 of 7] Compiling Data.Number.FFIhelper ( compat/dist/build/Data/Number/FFIhelper.hs, radius-build/Data/Number/FFIhelper.o )

Data/Number/FFIhelper.hsc:50:1: warning: [GHC-94817] [-Wtabs]
    Tab character found here, and in two further locations.
    Suggested fix: Please use spaces instead.
[2 of 7] Compiling Data.Number.MPFR ( compat/Data/Number/MPFR.hs, radius-build/Data/Number/MPFR.o )
[3 of 7] Compiling Data.Number.Dyadic ( compat/Data/Number/Dyadic.hs, radius-build/Data/Number/Dyadic.o )
[4 of 7] Compiling Data.Order       ( compat/Data/Order.hs, radius-build/Data/Order.o )
[5 of 7] Compiling Data.Number.Ball ( compat/Data/Number/Ball.hs, radius-build/Data/Number/Ball.o )
[6 of 7] Compiling Main             ( HeraRadiusBench.hs, radius-build/Main.o )
[7 of 7] Linking hera-radius-bench
