ball-add	checks=3136	failures=0
ball-sub	checks=3136	failures=0
ball-mul	checks=3136	failures=1620
  (4,[(-3) % 1,(-3) % 1],[(-7) % 1,1 % 1],[(-1) % 1,21 % 1],[21 % 1,(-3) % 1,21 % 1,(-3) % 1])
  (4,[(-3) % 1,(-3) % 1],[(-6) % 1,2 % 1],[0 % 1,18 % 1],[18 % 1,(-6) % 1,18 % 1,(-6) % 1])
  (4,[(-3) % 1,(-3) % 1],[(-5) % 1,3 % 1],[0 % 1,15 % 1],[15 % 1,(-9) % 1,15 % 1,(-9) % 1])
ball-div	checks=1792	failures=4
  (4,[(-3) % 1,(-3) % 1],[(-17) % 8,(-15) % 8],Just [45 % 32,51 % 32],[24 % 17,8 % 5,24 % 17,8 % 5])
  (4,[(-3) % 1,(-3) % 1],[15 % 8,17 % 8],Just [(-51) % 32,(-45) % 32],[(-8) % 5,(-24) % 17,(-8) % 5,(-24) % 17])
  (4,[(-25) % 8,(-23) % 8],[(-17) % 8,(-15) % 8],Just [43 % 32,53 % 32],[25 % 17,5 % 3,23 % 17,23 % 15])
ball-abs	checks=112	failures=0
ball-exp-known-zero	checks=36	failures=30
  (16,[(-7) % 1,1 % 1],[89069 % 32768,89075 % 32768])
  (16,[(-6) % 1,2 % 1],[121061 % 16384,121067 % 16384])
  (16,[(-5) % 1,3 % 1],[82269 % 4096,82275 % 4096])
ball-log-known-one	checks=9	failures=6
  (16,[7 % 8,9 % 8],Just [123501 % 1048576,123507 % 1048576])
  (16,[1 % 1,3 % 1],Just [71997 % 65536,72003 % 65536])
  (64,[7 % 8,9 % 8],Just [34763416239646596765 % 295147905179352825856,34763416239646596771 % 295147905179352825856])
named-MPFR-constants	checks=9	failures=9
  ("log2",32,1686629713 % 536870912)
  ("log2",64,14488038916154245685 % 4611686018427387904)
  ("log2",128,267257146016241686964920093290467695825 % 85070591730234615865843651857942052864)
MPFR-isZero	checks=1	failures=1
  zero predicate returned false
compose-decompose	checks=15	failures=15
  (-7) % 1024
  (-7) % 1
  (-7168) % 1
Ball-fromWord	checks=5	failures=2
  9223372036854775808
  18446744073709551615
real-import-fromInt	checks=3	failures=3
  (3,1099511627776 % 1,1099511627777 % 1)
  (8,1099511627776 % 1,1099511627777 % 1)
  (16,1099511627776 % 1,1099511627777 % 1)
real-import-fromWord	checks=3	failures=3
  (3,1099511627776 % 1,1099511627777 % 1)
  (8,1099511627776 % 1,1099511627777 % 1)
  (16,1099511627776 % 1,1099511627777 % 1)
real-import-decimal	checks=3	failures=2
  (8,51 % 512,1 % 10)
  (16,51 % 512,1 % 10)
limRec-valid-eventually-constant	checks=5	failures=1
  (1,Less)
