bezier_parameter_bernstein_32_to_power: 20000 iterations in 489.876921ms (24.493µs/iter), degree_checksum=640000
bezier_algebraic_parameter_sturm: 20000 iterations in 86.806051ms (4.34µs/iter), total=40000
bezier_algebraic_parameter_refined_ordering: 10000 iterations in 144.923509ms (14.492µs/iter), ordered=10000
bezier_algebraic_parameter_refined_even_root_ordering: 10000 iterations in 1.192091972s (119.209µs/iter), ordered=10000
bezier_parameter_quintic_unit_isolation: 2000 iterations in 98.305624ms (49.152µs/iter), isolated=10000, sturm_builds=1, interval_counts=19, bisections=9, rational_refinements=0, max_depth=5
bezier_algebraic_parameter_exact_rational_reconstruction: 500000 iterations in 18.271958ms (36ns/iter), reconstructed=500000
bezier_algebraic_point_tangent_image: 20000 iterations in 56.683566ms (2.834µs/iter), transformed=40000
rational_bezier_algebraic_point_tangent_image: 20000 iterations in 1.182929ms (59ns/iter), transformed=40000
	Command being timed: "taskset -c 7 /tmp/hypercurve-shared-refinement-benchmark-baseline"
	User time (seconds): 2.02
	System time (seconds): 0.00
	Percent of CPU this job got: 97%
	Elapsed (wall clock) time (h:mm:ss or m:ss): 0:02.09
	Average shared text size (kbytes): 0
	Average unshared data size (kbytes): 0
	Average stack size (kbytes): 0
	Average total size (kbytes): 0
	Maximum resident set size (kbytes): 4268
	Average resident set size (kbytes): 0
	Major (requiring I/O) page faults: 0
	Minor (reclaiming a frame) page faults: 305
	Voluntary context switches: 1
	Involuntary context switches: 1250
	Swaps: 0
	File system inputs: 0
	File system outputs: 0
	Socket messages sent: 0
	Socket messages received: 0
	Signals delivered: 0
	Page size (bytes): 4096
	Exit status: 0
