curve_region_clone: 1000000 iterations in 3.616512ms (3ns/iter), checksum=1000000
curve_region_empty: 1000000 iterations in 3.007944ms (3ns/iter), checksum=0
cubic_bezier_exact_area_moments: 20000 iterations in 303.966779ms (15.198µs/iter)
cubic_bezier_prefix_area_moments: 20000 iterations in 428.194225ms (21.409µs/iter)
cubic_bezier_prefix_length_bounds: 20000 iterations in 90.893261ms (4.544µs/iter)
curve_region_boolean_immediate_union: 1000 iterations in 221.294574ms (221.294µs/iter), checksum=0
curve_region_boolean_immediate_all_ops: 1000 iterations in 411.558974ms (411.558µs/iter), checksum=0
curve_region_boolean_retained_algebraic_all_ops: 100 iterations in 22.781539ms (227.815µs/iter), checksum=1100
bezier_region_algebraic_ray_classification: 2000 iterations in 116.701652ms (58.35µs/iter), checksum=4000
bezier_region_materialization: 20000 iterations in 67.795973ms (3.389µs/iter), checksum=0
curve_region_cached_classification: 2000 iterations in 77.626579ms (38.813µs/iter), checksum=4000
curve_region_immediate_native_signed_depth: 2000 iterations in 1.76186ms (880ns/iter), checksum=2000
bezier_retained_region_materialization: 20000 iterations in 255.05791ms (12.752µs/iter), checksum=0
curve_region_cached_algebraic_classification: 2000 iterations in 96.087495ms (48.043µs/iter), checksum=4000
bezier_retained_algebraic_source_envelope: 20000 iterations in 295.206309ms (14.76µs/iter), checksum=0
bezier_retained_algebraic_exact_endpoint_envelope: 20000 iterations in 122.475726ms (6.123µs/iter), checksum=0
bezier_retained_algebraic_line_authoritative_roles: 20000 iterations in 2.928840557s (146.442µs/iter), checksum=0
bezier_resolved_overlap_region_materialization: 20000 iterations in 542.596554ms (27.129µs/iter), checksum=0
bezier_conic_region_exact_area: 20000 iterations in 545.023988ms (27.251µs/iter), checksum=0
	Command being timed: "taskset -c 7 /tmp/hypercurve-native-horner-frozen-candidate-region"
	User time (seconds): 6.50
	System time (seconds): 0.00
	Percent of CPU this job got: 99%
	Elapsed (wall clock) time (h:mm:ss or m:ss): 0:06.53
	Average shared text size (kbytes): 0
	Average unshared data size (kbytes): 0
	Average stack size (kbytes): 0
	Average total size (kbytes): 0
	Maximum resident set size (kbytes): 10448
	Average resident set size (kbytes): 0
	Major (requiring I/O) page faults: 0
	Minor (reclaiming a frame) page faults: 451
	Voluntary context switches: 1
	Involuntary context switches: 226
	Swaps: 0
	File system inputs: 0
	File system outputs: 0
	Socket messages sent: 0
	Socket messages received: 0
	Signals delivered: 0
	Page size (bytes): 4096
	Exit status: 0
