   Compiling hyperreal v0.13.1 (/home/tim/Documents/GitHub/workspace/hyperreal)
    Finished `release` profile [optimized] target(s) in 10.46s
     Running unittests src/lib.rs (target/release/deps/hyperreal-f3a6d4fcdbc4d626)

running 4 tests
case=0,0,0: [Some(test real::arithmetic::tests::polynomial_evaluation_preserves_endpoint_and_zero_leading_forms ... Zerook)
, Some(Zero), Some(Zero)]
case=0,0,1: [Some(Zero), Some(Zero), Some(Zero)]
test real::arithmetic::tests::long_polynomial_evaluation_matches_exact_even_odd_decomposition ... ok

thread 'real::arithmetic::tests::polynomial_evaluation_retains_nested_quadratic_root_certificates' (111) panicked at src/real/arithmetic/tests.rs:2261:17:
assertion `left == right` failed: root=0, scale=2
  left: None
 right: Some(Zero)
note: run with `RUST_BACKTRACE=1` environment variable to display a backtrace
case=0,1,0: [None, None, None]
test real::arithmetic::tests::polynomial_evaluation_retains_nested_quadratic_root_certificates ... FAILED
case=0,1,1: [None, None, None]
case=0,2,0: [Some(Zero), Some(Zero), Some(Zero)]
case=0,2,1: [Some(Zero), Some(Zero), Some(Zero)]
case=1,0,0: [None, None, None]
case=1,0,1: [None, None, None]
case=1,1,0: [None, None, None]
case=1,1,1: [None, None, None]
case=1,2,0: [Some(Zero), Some(Zero), Some(Zero)]
case=1,2,1: [Some(Zero), Some(Zero), Some(Zero)]
case=2,0,0: [Some(Zero), Some(Zero), Some(Zero)]
case=2,0,1: [None, None, None]
case=2,1,0: [None, None, None]
case=2,1,1: [None, None, None]
case=2,2,0: [Some(Zero), Some(Zero), Some(Zero)]
case=2,2,1: [Some(Zero), Some(Zero), Some(Zero)]
case=3,0,0: [None, None, None]
case=3,0,1: [None, None, None]
case=3,1,0: [None, None, None]
case=3,1,1: [None, None, None]
case=3,2,0: [Some(Zero), Some(Zero), Some(Zero)]
case=3,2,1: [Some(Zero), Some(Zero), Some(Zero)]
case=4,0,0: [None, None, None]
case=4,0,1: [None, None, None]
case=4,1,0: [None, None, None]
case=4,1,1: [None, None, None]
case=4,2,0: [Some(Zero), Some(Zero), Some(Zero)]
case=4,2,1: [Some(Zero), Some(Zero), Some(Zero)]
certified expanded,fused,actual=[13, 13, 13]
test real::arithmetic::tests::polynomial_evaluation_preserves_factored_root_cancellation ... ok

failures:

failures:
    real::arithmetic::tests::polynomial_evaluation_retains_nested_quadratic_root_certificates

test result: FAILED. 3 passed; 1 failed; 0 ignored; 0 measured; 620 filtered out; finished in 0.00s

error: test failed, to rerun pass `--lib`
