bezier_parameter_bernstein_32_to_power: 20000 iterations in 460.083272ms (23.004µs/iter), degree_checksum=640000
bezier_algebraic_parameter_sturm: 20000 iterations in 91.153864ms (4.557µs/iter), total=40000
bezier_algebraic_parameter_refined_ordering: 10000 iterations in 148.41128ms (14.841µs/iter), ordered=10000
bezier_algebraic_parameter_refined_even_root_ordering: 10000 iterations in 762.953119ms (76.295µs/iter), ordered=10000
bezier_parameter_quintic_unit_isolation: 2000 iterations in 92.904954ms (46.452µs/iter), isolated=10000, sturm_builds=1, interval_counts=19, bisections=9, rational_refinements=0, max_depth=5
bezier_algebraic_parameter_exact_rational_reconstruction: 500000 iterations in 18.312435ms (36ns/iter), reconstructed=500000
bezier_algebraic_point_tangent_image: 20000 iterations in 52.645443ms (2.632µs/iter), transformed=40000
rational_bezier_algebraic_point_tangent_image: 20000 iterations in 1.17794ms (58ns/iter), transformed=40000
	Command being timed: "taskset -c 7 /tmp/hypercurve-shared-refinement-benchmark-candidate"
	User time (seconds): 1.57
	System time (seconds): 0.00
	Percent of CPU this job got: 97%
	Elapsed (wall clock) time (h:mm:ss or m:ss): 0:01.62
	Average shared text size (kbytes): 0
	Average unshared data size (kbytes): 0
	Average stack size (kbytes): 0
	Average total size (kbytes): 0
	Maximum resident set size (kbytes): 4688
	Average resident set size (kbytes): 0
	Major (requiring I/O) page faults: 0
	Minor (reclaiming a frame) page faults: 311
	Voluntary context switches: 1
	Involuntary context switches: 1101
	Swaps: 0
	File system inputs: 0
	File system outputs: 0
	Socket messages sent: 0
	Socket messages received: 0
	Signals delivered: 0
	Page size (bytes): 4096
	Exit status: 0
