curve_region_clone: 1000000 iterations in 3.813878ms (3ns/iter), checksum=1000000
curve_region_empty: 1000000 iterations in 3.100637ms (3ns/iter), checksum=0
cubic_bezier_exact_area_moments: 20000 iterations in 297.617022ms (14.88µs/iter)
cubic_bezier_prefix_area_moments: 20000 iterations in 387.172901ms (19.358µs/iter)
cubic_bezier_prefix_length_bounds: 20000 iterations in 84.075875ms (4.203µs/iter)
curve_region_boolean_immediate_union: 1000 iterations in 193.045333ms (193.045µs/iter), checksum=0
curve_region_boolean_immediate_all_ops: 1000 iterations in 393.351768ms (393.351µs/iter), checksum=0
curve_region_boolean_retained_algebraic_all_ops: 100 iterations in 23.022652ms (230.226µs/iter), checksum=1100
bezier_region_algebraic_ray_classification: 2000 iterations in 122.624112ms (61.312µs/iter), checksum=4000
bezier_region_materialization: 20000 iterations in 67.249568ms (3.362µs/iter), checksum=0
curve_region_cached_classification: 2000 iterations in 76.218134ms (38.109µs/iter), checksum=4000
curve_region_immediate_native_signed_depth: 2000 iterations in 1.734031ms (867ns/iter), checksum=2000
bezier_retained_region_materialization: 20000 iterations in 246.817986ms (12.34µs/iter), checksum=0
curve_region_cached_algebraic_classification: 2000 iterations in 95.483713ms (47.741µs/iter), checksum=4000
bezier_retained_algebraic_source_envelope: 20000 iterations in 282.409225ms (14.12µs/iter), checksum=0
bezier_retained_algebraic_exact_endpoint_envelope: 20000 iterations in 129.707296ms (6.485µs/iter), checksum=0
bezier_retained_algebraic_line_authoritative_roles: 20000 iterations in 2.97638643s (148.819µs/iter), checksum=0
bezier_resolved_overlap_region_materialization: 20000 iterations in 512.444462ms (25.622µs/iter), checksum=0
bezier_conic_region_exact_area: 20000 iterations in 549.930152ms (27.496µs/iter), checksum=0
	Command being timed: "taskset -c 7 /tmp/hypercurve-root-evidence-frozen-candidate-region"
	User time (seconds): 6.41
	System time (seconds): 0.00
	Percent of CPU this job got: 99%
	Elapsed (wall clock) time (h:mm:ss or m:ss): 0:06.45
	Average shared text size (kbytes): 0
	Average unshared data size (kbytes): 0
	Average stack size (kbytes): 0
	Average total size (kbytes): 0
	Maximum resident set size (kbytes): 10096
	Average resident set size (kbytes): 0
	Major (requiring I/O) page faults: 0
	Minor (reclaiming a frame) page faults: 446
	Voluntary context switches: 1
	Involuntary context switches: 378
	Swaps: 0
	File system inputs: 0
	File system outputs: 0
	Socket messages sent: 0
	Socket messages received: 0
	Signals delivered: 0
	Page size (bytes): 4096
	Exit status: 0
