curve_region_clone: 1000000 iterations in 3.640091ms (3ns/iter), checksum=1000000
curve_region_empty: 1000000 iterations in 3.097467ms (3ns/iter), checksum=0
cubic_bezier_exact_area_moments: 20000 iterations in 272.512806ms (13.625µs/iter)
cubic_bezier_prefix_area_moments: 20000 iterations in 358.373122ms (17.918µs/iter)
cubic_bezier_prefix_length_bounds: 20000 iterations in 77.430824ms (3.871µs/iter)
curve_region_boolean_immediate_union: 1000 iterations in 178.351179ms (178.351µs/iter), checksum=0
curve_region_boolean_immediate_all_ops: 1000 iterations in 352.928525ms (352.928µs/iter), checksum=0
curve_region_boolean_retained_algebraic_all_ops: 100 iterations in 21.121823ms (211.218µs/iter), checksum=1100
bezier_region_algebraic_ray_classification: 2000 iterations in 108.119431ms (54.059µs/iter), checksum=4000
bezier_region_materialization: 20000 iterations in 57.889383ms (2.894µs/iter), checksum=0
curve_region_cached_classification: 2000 iterations in 70.449522ms (35.224µs/iter), checksum=4000
curve_region_immediate_native_signed_depth: 2000 iterations in 1.711283ms (855ns/iter), checksum=2000
bezier_retained_region_materialization: 20000 iterations in 234.677908ms (11.733µs/iter), checksum=0
curve_region_cached_algebraic_classification: 2000 iterations in 89.620668ms (44.81µs/iter), checksum=4000
bezier_retained_algebraic_source_envelope: 20000 iterations in 264.034977ms (13.201µs/iter), checksum=0
bezier_retained_algebraic_exact_endpoint_envelope: 20000 iterations in 115.87105ms (5.793µs/iter), checksum=0
bezier_retained_algebraic_line_authoritative_roles: 20000 iterations in 2.733039104s (136.651µs/iter), checksum=0
bezier_resolved_overlap_region_materialization: 20000 iterations in 476.095894ms (23.804µs/iter), checksum=0
bezier_conic_region_exact_area: 20000 iterations in 515.631796ms (25.781µs/iter), checksum=0
	Command being timed: "taskset -c 7 /tmp/hypercurve-normal-form-facts-region-candidate-benchmark"
	User time (seconds): 5.78
	System time (seconds): 0.01
	Percent of CPU this job got: 97%
	Elapsed (wall clock) time (h:mm:ss or m:ss): 0:05.93
	Average shared text size (kbytes): 0
	Average unshared data size (kbytes): 0
	Average stack size (kbytes): 0
	Average total size (kbytes): 0
	Maximum resident set size (kbytes): 10012
	Average resident set size (kbytes): 0
	Major (requiring I/O) page faults: 0
	Minor (reclaiming a frame) page faults: 442
	Voluntary context switches: 1
	Involuntary context switches: 3951
	Swaps: 0
	File system inputs: 0
	File system outputs: 0
	Socket messages sent: 0
	Socket messages received: 0
	Signals delivered: 0
	Page size (bytes): 4096
	Exit status: 0
