   Compiling libm v0.2.16
   Compiling autocfg v1.5.0
   Compiling libc v0.2.186
   Compiling crossbeam-utils v0.8.21
   Compiling cfg-if v1.0.4
   Compiling rayon-core v1.13.0
   Compiling getrandom v0.3.4
   Compiling zerocopy v0.8.48
   Compiling either v1.15.0
   Compiling heapless v0.8.0
   Compiling rustix v1.1.4
   Compiling getrandom v0.4.2
   Compiling byteorder v1.5.0
   Compiling bitflags v2.11.1
   Compiling smallvec v1.15.1
   Compiling allocator-api2 v0.2.21
   Compiling equivalent v1.0.2
   Compiling foldhash v0.2.0
   Compiling stable_deref_trait v1.2.1
   Compiling hash32 v0.3.1
   Compiling linux-raw-sys v0.12.1
   Compiling rand_core v0.10.1
   Compiling once_cell v1.21.4
   Compiling robust v1.2.0
   Compiling fastrand v2.4.1
   Compiling fnv v1.0.7
   Compiling quick-error v1.2.3
   Compiling bit-vec v0.8.0
   Compiling i_tree v0.18.0
   Compiling rand v0.10.2
   Compiling rand_pcg v0.10.2
   Compiling num-traits v0.2.19
   Compiling hashbrown v0.16.1
   Compiling log v0.4.29
   Compiling unarray v0.1.4
   Compiling bit-set v0.8.0
   Compiling regex-syntax v0.8.10
   Compiling sif-itree v0.4.1
   Compiling float_next_after v2.0.0
   Compiling crossbeam-epoch v0.9.18
   Compiling crossbeam-deque v0.8.6
   Compiling i_float v1.16.0
   Compiling geographiclib-rs v0.2.7
   Compiling i_shape v1.18.0
   Compiling wait-timeout v0.2.1
   Compiling rand_core v0.9.5
   Compiling rayon v1.12.0
   Compiling rand v0.9.4
   Compiling rand_xorshift v0.4.0
   Compiling num-integer v0.1.46
   Compiling num-complex v0.4.6
   Compiling rstar v0.12.2
   Compiling approx v0.5.1
   Compiling spade v2.15.1
   Compiling earcut v0.4.5
   Compiling tempfile v3.27.0
   Compiling num-bigint v0.4.6
   Compiling num-iter v0.1.45
   Compiling rusty-fork v0.3.1
   Compiling num-rational v0.4.2
   Compiling i_key_sort v0.10.3
   Compiling geo-types v0.7.19
   Compiling num v0.4.3
   Compiling hyperreal v0.13.1 (/home/tim/Documents/GitHub/workspace/hyperreal)
   Compiling i_overlay v4.5.2
   Compiling ppv-lite86 v0.2.21
   Compiling rand_chacha v0.9.0
   Compiling proptest v1.11.0
   Compiling geo v0.33.1
   Compiling hyperlattice v0.6.1 (/home/tim/Documents/GitHub/workspace/hyperlattice)
   Compiling hyperlimit v0.4.1 (/home/tim/Documents/GitHub/workspace/hyperlimit)
   Compiling hypersolve v0.3.1 (/home/tim/Documents/GitHub/workspace/hypersolve)
   Compiling hypercurve v0.3.1 (/home/tim/Documents/GitHub/workspace/hypercurve)
    Finished `release` profile [optimized + debuginfo] target(s) in 1m 27s
