bezier_parameter_bernstein_32_to_power: 20000 iterations in 450.746995ms (22.537µs/iter), degree_checksum=640000
bezier_algebraic_parameter_sturm: 20000 iterations in 86.254164ms (4.312µs/iter), total=40000
bezier_algebraic_parameter_refined_ordering: 10000 iterations in 139.573822ms (13.957µs/iter), ordered=10000
bezier_algebraic_parameter_refined_even_root_ordering: 10000 iterations in 707.449117ms (70.744µs/iter), ordered=10000
bezier_parameter_quintic_unit_isolation: 2000 iterations in 93.145921ms (46.572µs/iter), isolated=10000, sturm_builds=1, interval_counts=19, bisections=9, rational_refinements=0, max_depth=5
bezier_parameter_boundary_root_isolation: 2000 iterations in 110.795264ms (55.397µs/iter), isolated=2000, interval_counts=263, bisections=130, max_depth=130
bezier_algebraic_parameter_exact_rational_reconstruction: 500000 iterations in 17.127407ms (34ns/iter), reconstructed=500000
bezier_algebraic_point_tangent_image: 20000 iterations in 51.799813ms (2.589µs/iter), transformed=40000
rational_bezier_algebraic_point_tangent_image: 20000 iterations in 1.17054ms (58ns/iter), transformed=40000
	Command being timed: "taskset -c 7 /tmp/hypercurve-unbounded-sturm-candidate-benchmark"
	User time (seconds): 1.60
	System time (seconds): 0.00
	Percent of CPU this job got: 96%
	Elapsed (wall clock) time (h:mm:ss or m:ss): 0:01.66
	Average shared text size (kbytes): 0
	Average unshared data size (kbytes): 0
	Average stack size (kbytes): 0
	Average total size (kbytes): 0
	Maximum resident set size (kbytes): 4592
	Average resident set size (kbytes): 0
	Major (requiring I/O) page faults: 0
	Minor (reclaiming a frame) page faults: 328
	Voluntary context switches: 1
	Involuntary context switches: 1161
	Swaps: 0
	File system inputs: 0
	File system outputs: 0
	Socket messages sent: 0
	Socket messages received: 0
	Signals delivered: 0
	Page size (bytes): 4096
	Exit status: 0
