curve_region_clone: 1000000 iterations in 3.623012ms (3ns/iter), checksum=1000000
curve_region_empty: 1000000 iterations in 3.017443ms (3ns/iter), checksum=0
cubic_bezier_exact_area_moments: 20000 iterations in 290.832033ms (14.541µs/iter)
cubic_bezier_prefix_area_moments: 20000 iterations in 386.947611ms (19.347µs/iter)
cubic_bezier_prefix_length_bounds: 20000 iterations in 83.36801ms (4.168µs/iter)
curve_region_boolean_immediate_union: 1000 iterations in 199.703914ms (199.703µs/iter), checksum=0
curve_region_boolean_immediate_all_ops: 1000 iterations in 392.614593ms (392.614µs/iter), checksum=0
curve_region_boolean_retained_algebraic_all_ops: 100 iterations in 22.995135ms (229.951µs/iter), checksum=1100
bezier_region_algebraic_ray_classification: 2000 iterations in 114.157353ms (57.078µs/iter), checksum=4000
bezier_region_materialization: 20000 iterations in 64.580848ms (3.229µs/iter), checksum=0
curve_region_cached_classification: 2000 iterations in 74.847355ms (37.423µs/iter), checksum=4000
curve_region_immediate_native_signed_depth: 2000 iterations in 1.687194ms (843ns/iter), checksum=2000
bezier_retained_region_materialization: 20000 iterations in 251.343018ms (12.567µs/iter), checksum=0
curve_region_cached_algebraic_classification: 2000 iterations in 95.709306ms (47.854µs/iter), checksum=4000
bezier_retained_algebraic_source_envelope: 20000 iterations in 278.748121ms (13.937µs/iter), checksum=0
bezier_retained_algebraic_exact_endpoint_envelope: 20000 iterations in 122.185103ms (6.109µs/iter), checksum=0
bezier_retained_algebraic_line_authoritative_roles: 20000 iterations in 3.040754336s (152.037µs/iter), checksum=0
bezier_resolved_overlap_region_materialization: 20000 iterations in 506.407931ms (25.32µs/iter), checksum=0
bezier_conic_region_exact_area: 20000 iterations in 551.113689ms (27.555µs/iter), checksum=0
	Command being timed: "taskset -c 7 /tmp/hypercurve-quotient-projection-api-region-benchmark"
	User time (seconds): 6.43
	System time (seconds): 0.00
	Percent of CPU this job got: 99%
	Elapsed (wall clock) time (h:mm:ss or m:ss): 0:06.48
	Average shared text size (kbytes): 0
	Average unshared data size (kbytes): 0
	Average stack size (kbytes): 0
	Average total size (kbytes): 0
	Maximum resident set size (kbytes): 10104
	Average resident set size (kbytes): 0
	Major (requiring I/O) page faults: 0
	Minor (reclaiming a frame) page faults: 445
	Voluntary context switches: 1
	Involuntary context switches: 821
	Swaps: 0
	File system inputs: 0
	File system outputs: 0
	Socket messages sent: 0
	Socket messages received: 0
	Signals delivered: 0
	Page size (bytes): 4096
	Exit status: 0
