bezier_parameter_bernstein_32_to_power: 20000 iterations in 1.672694619s (83.634µs/iter), degree_checksum=640000
bezier_algebraic_parameter_sturm: 20000 iterations in 177.093848ms (8.854µs/iter), total=40000
bezier_algebraic_parameter_refined_ordering: 10000 iterations in 302.397122ms (30.239µs/iter), ordered=10000
bezier_algebraic_parameter_refined_even_root_ordering: 10000 iterations in 2.502804029s (250.28µs/iter), ordered=10000
bezier_parameter_quintic_unit_isolation: 2000 iterations in 196.797063ms (98.398µs/iter), isolated=10000, sturm_builds=1, interval_counts=19, bisections=9, rational_refinements=0, max_depth=5
bezier_parameter_boundary_root_isolation: 2000 iterations in 243.870948ms (121.935µs/iter), isolated=2000, interval_counts=263, bisections=130, max_depth=130
bezier_algebraic_parameter_exact_rational_reconstruction: 500000 iterations in 21.698468ms (43ns/iter), reconstructed=500000
bezier_algebraic_point_tangent_image: 20000 iterations in 119.234969ms (5.961µs/iter), transformed=40000
rational_bezier_algebraic_point_tangent_image: 20000 iterations in 2.352659ms (117ns/iter), transformed=40000
	Command being timed: "taskset -c 7 /tmp/hypercurve-authoritative-polynomial-baseline-parameter-benchmark"
	User time (seconds): 3.10
	System time (seconds): 0.02
	Percent of CPU this job got: 59%
	Elapsed (wall clock) time (h:mm:ss or m:ss): 0:05.24
	Average shared text size (kbytes): 0
	Average unshared data size (kbytes): 0
	Average stack size (kbytes): 0
	Average total size (kbytes): 0
	Maximum resident set size (kbytes): 4576
	Average resident set size (kbytes): 0
	Major (requiring I/O) page faults: 0
	Minor (reclaiming a frame) page faults: 328
	Voluntary context switches: 1
	Involuntary context switches: 3073
	Swaps: 0
	File system inputs: 0
	File system outputs: 0
	Socket messages sent: 0
	Socket messages received: 0
	Signals delivered: 0
	Page size (bytes): 4096
	Exit status: 0
