Benchmarking matrix_ops/hyperreal/mat3 inverse_checked_abort
Benchmarking matrix_ops/hyperreal/mat3 inverse_checked_abort: Warming up for 500.00 ms
Benchmarking matrix_ops/hyperreal/mat3 inverse_checked_abort: Collecting 100 samples in estimated 2.0063 s (409k iterations)
Benchmarking matrix_ops/hyperreal/mat3 inverse_checked_abort: Analyzing
matrix_ops/hyperreal/mat3 inverse_checked_abort
                        time:   [5.0328 µs 5.1363 µs 5.2646 µs]
                        change: [−2.0084% +0.0071% +2.2869%] (p = 0.98 > 0.05)
                        No change in performance detected.
Found 17 outliers among 100 measurements (17.00%)
  13 (13.00%) high mild
  4 (4.00%) high severe
Benchmarking matrix_ops/hyperreal/mat3 div_matrix_checked_abort
Benchmarking matrix_ops/hyperreal/mat3 div_matrix_checked_abort: Warming up for 500.00 ms
Benchmarking matrix_ops/hyperreal/mat3 div_matrix_checked_abort: Collecting 100 samples in estimated 2.0617 s (86k iterations)
Benchmarking matrix_ops/hyperreal/mat3 div_matrix_checked_abort: Analyzing
matrix_ops/hyperreal/mat3 div_matrix_checked_abort
                        time:   [23.947 µs 23.978 µs 24.013 µs]
                        change: [+0.6177% +0.9762% +1.3093%] (p = 0.00 < 0.05)
                        Change within noise threshold.
Found 6 outliers among 100 measurements (6.00%)
  4 (4.00%) high mild
  2 (2.00%) high severe
Benchmarking matrix_ops/hyperreal/mat4 inverse_checked_abort
Benchmarking matrix_ops/hyperreal/mat4 inverse_checked_abort: Warming up for 500.00 ms
Benchmarking matrix_ops/hyperreal/mat4 inverse_checked_abort: Collecting 100 samples in estimated 2.0017 s (268k iterations)
Benchmarking matrix_ops/hyperreal/mat4 inverse_checked_abort: Analyzing
matrix_ops/hyperreal/mat4 inverse_checked_abort
                        time:   [7.5489 µs 7.5859 µs 7.6300 µs]
                        change: [−0.0335% +1.5298% +2.5933%] (p = 0.01 < 0.05)
                        Change within noise threshold.
Found 2 outliers among 100 measurements (2.00%)
  1 (1.00%) high mild
  1 (1.00%) high severe
Benchmarking matrix_ops/hyperreal/mat4 div_matrix_checked_abort
Benchmarking matrix_ops/hyperreal/mat4 div_matrix_checked_abort: Warming up for 500.00 ms
Benchmarking matrix_ops/hyperreal/mat4 div_matrix_checked_abort: Collecting 100 samples in estimated 2.1092 s (56k iterations)
Benchmarking matrix_ops/hyperreal/mat4 div_matrix_checked_abort: Analyzing
matrix_ops/hyperreal/mat4 div_matrix_checked_abort
                        time:   [38.771 µs 39.148 µs 39.604 µs]
                        change: [+3.7368% +4.9716% +6.0509%] (p = 0.00 < 0.05)
                        Performance has regressed.
Found 4 outliers among 100 measurements (4.00%)
  4 (4.00%) high mild
Benchmarking matrix_ops/hyperreal-rational/mat3 inverse_checked_abort
Benchmarking matrix_ops/hyperreal-rational/mat3 inverse_checked_abort: Warming up for 500.00 ms
Benchmarking matrix_ops/hyperreal-rational/mat3 inverse_checked_abort: Collecting 100 samples in estimated 2.0072 s (702k iterations)
Benchmarking matrix_ops/hyperreal-rational/mat3 inverse_checked_abort: Analyzing
matrix_ops/hyperreal-rational/mat3 inverse_checked_abort
                        time:   [2.8626 µs 2.8684 µs 2.8744 µs]
                        change: [−4.8649% −4.1821% −3.5876%] (p = 0.00 < 0.05)
                        Performance has improved.
Found 2 outliers among 100 measurements (2.00%)
  1 (1.00%) high mild
  1 (1.00%) high severe
Benchmarking matrix_ops/hyperreal-rational/mat3 div_matrix_checked_abort
Benchmarking matrix_ops/hyperreal-rational/mat3 div_matrix_checked_abort: Warming up for 500.00 ms
Benchmarking matrix_ops/hyperreal-rational/mat3 div_matrix_checked_abort: Collecting 100 samples in estimated 2.0286 s (338k iterations)
Benchmarking matrix_ops/hyperreal-rational/mat3 div_matrix_checked_abort: Analyzing
matrix_ops/hyperreal-rational/mat3 div_matrix_checked_abort
                        time:   [6.0001 µs 6.0344 µs 6.0795 µs]
                        change: [−6.9045% −6.0061% −5.1752%] (p = 0.00 < 0.05)
                        Performance has improved.
Found 4 outliers among 100 measurements (4.00%)
  2 (2.00%) high mild
  2 (2.00%) high severe
Benchmarking matrix_ops/hyperreal-rational/mat4 inverse_checked_abort
Benchmarking matrix_ops/hyperreal-rational/mat4 inverse_checked_abort: Warming up for 500.00 ms
Benchmarking matrix_ops/hyperreal-rational/mat4 inverse_checked_abort: Collecting 100 samples in estimated 2.0282 s (323k iterations)
Benchmarking matrix_ops/hyperreal-rational/mat4 inverse_checked_abort: Analyzing
matrix_ops/hyperreal-rational/mat4 inverse_checked_abort
                        time:   [6.3139 µs 6.3629 µs 6.4184 µs]
                        change: [−4.2675% −3.5359% −2.8718%] (p = 0.00 < 0.05)
                        Performance has improved.
Found 8 outliers among 100 measurements (8.00%)
  4 (4.00%) high mild
  4 (4.00%) high severe
Benchmarking matrix_ops/hyperreal-rational/mat4 div_matrix_checked_abort
Benchmarking matrix_ops/hyperreal-rational/mat4 div_matrix_checked_abort: Warming up for 500.00 ms
Benchmarking matrix_ops/hyperreal-rational/mat4 div_matrix_checked_abort: Collecting 100 samples in estimated 2.0360 s (212k iterations)
Benchmarking matrix_ops/hyperreal-rational/mat4 div_matrix_checked_abort: Analyzing
matrix_ops/hyperreal-rational/mat4 div_matrix_checked_abort
                        time:   [9.6537 µs 9.6845 µs 9.7178 µs]
                        change: [−3.2176% −2.4755% −1.8426%] (p = 0.00 < 0.05)
                        Performance has improved.
Found 4 outliers among 100 measurements (4.00%)
  4 (4.00%) high mild

