
running 1 test
approximate-512 consumed caller=src/bezier_offset.rs:88317
   0: <hypercurve::policy::CurveContext>::observe_approximate_512
   1: <hypercurve::bezier_offset::BezierAlgebraicChord2>::oriented_side_by_refinement_with_limit
   2: <hypercurve::bezier_offset::BezierAlgebraicChord2>::oriented_side_by_refinement
   3: <hypercurve::bezier_offset::BezierAlgebraicChordSupportPredicate2>::oriented_side
   4: <hypercurve::bezier_offset::BezierAlgebraicChord2>::chord_intersections_once
   5: <hypercurve::bezier_offset::BezierAlgebraicChord2>::chord_intersections
   6: <hypercurve::curve_region_boolean::CurveRegionBooleanContext>::pair_result
   7: <hypercurve::curve_region_boolean::CurveRegionBooleanContext>::build_split_topology
   8: <hypercurve::curve_region_boolean::CurveRegionBooleanContext>::build_regularized_region
   9: <hypercurve::bezier_region::CurveRegion2>::regularized_region_raw
  10: hypercurve::bezier_region::regularized_exact_offset_band_arrangement
  11: <hypercurve::bezier_region::CurveRegion2>::offset::{closure#0}
  12: <hypercurve::bezier_region::CurveRegion2>::offset
  13: hyperreal::dispatch_trace::with_recording::<core::result::Result<hypercurve::policy::CurveOutcome<hypercurve::bezier_region::CurveRegion2>, hypercurve::error::ExactCurveError>, hypercurve_curve_region_promotion::selected_algebraic_round_joins_reenter_exact_region_offsets::{closure#0}>
  14: <hypercurve_curve_region_promotion::selected_algebraic_round_joins_reenter_exact_region_offsets::{closure#0} as core::ops::function::FnOnce<()>>::call_once
  15: test::__rust_begin_short_backtrace::<core::result::Result<(), alloc::string::String>, fn() -> core::result::Result<(), alloc::string::String>>
  16: test::run_test::{closure#0}
  17: std::sys::backtrace::__rust_begin_short_backtrace::<test::run_test::{closure#1}, ()>
  18: <std::thread::lifecycle::spawn_unchecked<test::run_test::{closure#1}, ()>::{closure#1} as core::ops::function::FnOnce<()>>::call_once::{shim:vtable#0}
  19: <std::sys::thread::unix::Thread>::new::thread_start
  20: start_thread
  21: __clone3


thread 'selected_algebraic_round_joins_reenter_exact_region_offsets' (37) panicked at tests/hypercurve_curve_region_promotion.rs:2344:9:
assertion `left == right` failed
  left: Approximate512Consumed
 right: Certified
note: run with `RUST_BACKTRACE=1` environment variable to display a backtrace
test selected_algebraic_round_joins_reenter_exact_region_offsets ... FAILED

failures:

failures:
    selected_algebraic_round_joins_reenter_exact_region_offsets

test result: FAILED. 0 passed; 1 failed; 0 ignored; 0 measured; 99 filtered out; finished in 3.24s

