bezier_parameter_normal_form_zero_cold: 20000 iterations in 210.167064ms (10.508µs/iter), equal=20000
bezier_parameter_normal_form_zero_reused: 20000 iterations in 47.099734ms (2.354µs/iter), equal=20000
bezier_parameter_bernstein_32_to_power: 20000 iterations in 396.907045ms (19.845µs/iter), degree_checksum=640000
bezier_algebraic_parameter_sturm: 20000 iterations in 76.243058ms (3.812µs/iter), total=40000
bezier_algebraic_parameter_refined_ordering: 10000 iterations in 134.883461ms (13.488µs/iter), ordered=10000
bezier_algebraic_parameter_refined_even_root_ordering: 10000 iterations in 528.35ms (52.835µs/iter), ordered=10000
bezier_parameter_quintic_unit_isolation: 2000 iterations in 72.297108ms (36.148µs/iter), isolated=10000, sturm_builds=1, interval_counts=19, bisections=9, rational_refinements=0, max_depth=5
bezier_parameter_boundary_root_isolation: 2000 iterations in 88.553915ms (44.276µs/iter), isolated=2000, interval_counts=263, bisections=130, max_depth=130
bezier_algebraic_parameter_exact_rational_reconstruction: 500000 iterations in 17.267257ms (34ns/iter), reconstructed=500000
bezier_algebraic_point_tangent_image: 20000 iterations in 48.124033ms (2.406µs/iter), transformed=40000
rational_bezier_algebraic_point_tangent_image: 20000 iterations in 1.126893ms (56ns/iter), transformed=40000
	Command being timed: "taskset -c 7 /tmp/hypercurve-normal-form-facts-parameter-baseline-final-benchmark"
	User time (seconds): 1.57
	System time (seconds): 0.00
	Percent of CPU this job got: 97%
	Elapsed (wall clock) time (h:mm:ss or m:ss): 0:01.62
	Average shared text size (kbytes): 0
	Average unshared data size (kbytes): 0
	Average stack size (kbytes): 0
	Average total size (kbytes): 0
	Maximum resident set size (kbytes): 4876
	Average resident set size (kbytes): 0
	Major (requiring I/O) page faults: 0
	Minor (reclaiming a frame) page faults: 311
	Voluntary context switches: 1
	Involuntary context switches: 1128
	Swaps: 0
	File system inputs: 0
	File system outputs: 0
	Socket messages sent: 0
	Socket messages received: 0
	Signals delivered: 0
	Page size (bytes): 4096
	Exit status: 0
