Benchmarking matrix_ops/hyperreal/mat3 inverse_checked_abort
Benchmarking matrix_ops/hyperreal/mat3 inverse_checked_abort: Warming up for 500.00 ms
Benchmarking matrix_ops/hyperreal/mat3 inverse_checked_abort: Collecting 100 samples in estimated 2.0110 s (414k iterations)
Benchmarking matrix_ops/hyperreal/mat3 inverse_checked_abort: Analyzing
matrix_ops/hyperreal/mat3 inverse_checked_abort
                        time:   [4.8301 µs 4.8788 µs 4.9390 µs]
                        change: [−6.6713% −4.8270% −2.8769%] (p = 0.00 < 0.05)
                        Performance has improved.
Found 8 outliers among 100 measurements (8.00%)
  2 (2.00%) high mild
  6 (6.00%) high severe
Benchmarking matrix_ops/hyperreal/mat3 div_matrix_checked_abort
Benchmarking matrix_ops/hyperreal/mat3 div_matrix_checked_abort: Warming up for 500.00 ms
Benchmarking matrix_ops/hyperreal/mat3 div_matrix_checked_abort: Collecting 100 samples in estimated 2.0487 s (86k iterations)
Benchmarking matrix_ops/hyperreal/mat3 div_matrix_checked_abort: Analyzing
matrix_ops/hyperreal/mat3 div_matrix_checked_abort
                        time:   [23.827 µs 23.881 µs 23.946 µs]
                        change: [−0.5776% −0.2158% +0.1645%] (p = 0.26 > 0.05)
                        No change in performance detected.
Found 12 outliers among 100 measurements (12.00%)
  7 (7.00%) high mild
  5 (5.00%) high severe
Benchmarking matrix_ops/hyperreal/mat4 inverse_checked_abort
Benchmarking matrix_ops/hyperreal/mat4 inverse_checked_abort: Warming up for 500.00 ms
Benchmarking matrix_ops/hyperreal/mat4 inverse_checked_abort: Collecting 100 samples in estimated 2.0378 s (263k iterations)
Benchmarking matrix_ops/hyperreal/mat4 inverse_checked_abort: Analyzing
matrix_ops/hyperreal/mat4 inverse_checked_abort
                        time:   [7.6581 µs 7.6995 µs 7.7431 µs]
                        change: [+1.0920% +2.3892% +3.9060%] (p = 0.00 < 0.05)
                        Performance has regressed.
Found 6 outliers among 100 measurements (6.00%)
  3 (3.00%) high mild
  3 (3.00%) high severe
Benchmarking matrix_ops/hyperreal/mat4 div_matrix_checked_abort
Benchmarking matrix_ops/hyperreal/mat4 div_matrix_checked_abort: Warming up for 500.00 ms
Benchmarking matrix_ops/hyperreal/mat4 div_matrix_checked_abort: Collecting 100 samples in estimated 2.1833 s (56k iterations)
Benchmarking matrix_ops/hyperreal/mat4 div_matrix_checked_abort: Analyzing
matrix_ops/hyperreal/mat4 div_matrix_checked_abort
                        time:   [38.445 µs 38.832 µs 39.259 µs]
                        change: [−1.3438% +0.5240% +2.5360%] (p = 0.66 > 0.05)
                        No change in performance detected.
Found 9 outliers among 100 measurements (9.00%)
  4 (4.00%) high mild
  5 (5.00%) high severe
Benchmarking matrix_ops/hyperreal-rational/mat3 inverse_checked_abort
Benchmarking matrix_ops/hyperreal-rational/mat3 inverse_checked_abort: Warming up for 500.00 ms
Benchmarking matrix_ops/hyperreal-rational/mat3 inverse_checked_abort: Collecting 100 samples in estimated 2.0045 s (702k iterations)
Benchmarking matrix_ops/hyperreal-rational/mat3 inverse_checked_abort: Analyzing
matrix_ops/hyperreal-rational/mat3 inverse_checked_abort
                        time:   [2.8336 µs 2.8715 µs 2.9118 µs]
                        change: [−1.1209% +1.0424% +3.1699%] (p = 0.42 > 0.05)
                        No change in performance detected.
Found 17 outliers among 100 measurements (17.00%)
  9 (9.00%) high mild
  8 (8.00%) high severe
Benchmarking matrix_ops/hyperreal-rational/mat3 div_matrix_checked_abort
Benchmarking matrix_ops/hyperreal-rational/mat3 div_matrix_checked_abort: Warming up for 500.00 ms
Benchmarking matrix_ops/hyperreal-rational/mat3 div_matrix_checked_abort: Collecting 100 samples in estimated 2.0131 s (338k iterations)
Benchmarking matrix_ops/hyperreal-rational/mat3 div_matrix_checked_abort: Analyzing
matrix_ops/hyperreal-rational/mat3 div_matrix_checked_abort
                        time:   [6.2810 µs 6.3811 µs 6.4963 µs]
                        change: [+6.5277% +8.4701% +10.306%] (p = 0.00 < 0.05)
                        Performance has regressed.
Found 1 outliers among 100 measurements (1.00%)
  1 (1.00%) high mild
Benchmarking matrix_ops/hyperreal-rational/mat4 inverse_checked_abort
Benchmarking matrix_ops/hyperreal-rational/mat4 inverse_checked_abort: Warming up for 500.00 ms
Benchmarking matrix_ops/hyperreal-rational/mat4 inverse_checked_abort: Collecting 100 samples in estimated 2.0068 s (318k iterations)
Benchmarking matrix_ops/hyperreal-rational/mat4 inverse_checked_abort: Analyzing
matrix_ops/hyperreal-rational/mat4 inverse_checked_abort
                        time:   [6.2480 µs 6.3029 µs 6.3658 µs]
                        change: [−1.6150% −0.4066% +1.1781%] (p = 0.65 > 0.05)
                        No change in performance detected.
Found 8 outliers among 100 measurements (8.00%)
  1 (1.00%) high mild
  7 (7.00%) high severe
Benchmarking matrix_ops/hyperreal-rational/mat4 div_matrix_checked_abort
Benchmarking matrix_ops/hyperreal-rational/mat4 div_matrix_checked_abort: Warming up for 500.00 ms
Benchmarking matrix_ops/hyperreal-rational/mat4 div_matrix_checked_abort: Collecting 100 samples in estimated 2.0013 s (207k iterations)
Benchmarking matrix_ops/hyperreal-rational/mat4 div_matrix_checked_abort: Analyzing
matrix_ops/hyperreal-rational/mat4 div_matrix_checked_abort
                        time:   [9.6442 µs 9.7118 µs 9.7946 µs]
                        change: [+0.7960% +1.7042% +2.8138%] (p = 0.00 < 0.05)
                        Change within noise threshold.
Found 4 outliers among 100 measurements (4.00%)
  1 (1.00%) high mild
  3 (3.00%) high severe

