   Compiling hyperreal v0.13.1 (/home/tim/Documents/GitHub/workspace/hyperreal)
   Compiling hyperlattice v0.6.1 (/home/tim/Documents/GitHub/workspace/hyperlattice)
   Compiling hyperlimit v0.4.1 (/home/tim/Documents/GitHub/workspace/hyperlimit)
   Compiling hypertri v0.4.1 (/home/tim/Documents/GitHub/workspace/hypertri)
   Compiling hypersolve v0.3.1 (/home/tim/Documents/GitHub/workspace/hypersolve)
   Compiling hypercurve v0.3.1 (/home/tim/Documents/GitHub/workspace/hypercurve)
    Finished `release` profile [optimized] target(s) in 1m 32s
     Running unittests src/lib.rs (target/release/deps/hypercurve-6e6572a45c5b177b)

running 1 test

thread 'bezier_offset::conversion_tests::recursive_selected_radial_diameter_chord_intersects_a_rational_quadratic_strict' (290) panicked at src/bezier_offset.rs:150905:9:
assertion `left == right` failed
  left: 0
 right: 1
note: run with `RUST_BACKTRACE=1` environment variable to display a backtrace
test bezier_offset::conversion_tests::recursive_selected_radial_diameter_chord_intersects_a_rational_quadratic_strict ... FAILED

failures:

failures:
    bezier_offset::conversion_tests::recursive_selected_radial_diameter_chord_intersects_a_rational_quadratic_strict

test result: FAILED. 0 passed; 1 failed; 0 ignored; 0 measured; 890 filtered out; finished in 0.29s

error: test failed, to rerun pass `--lib`
