nested_midpoint_conversion,100000,1054.8757,1005822192715632416
opaque_midpoint_conversion,100000,754.19421,15592348946051803328
unrelated_symbols,100000,652.63058,14127170764991393440
unrelated_affine_bases,100000,622.73322,173030917332500000
	Command being timed: "taskset -c 7 /tmp/hyperreal-affine-offset-bounded-micro-candidate 100000"
	User time (seconds): 0.30
	System time (seconds): 0.00
	Percent of CPU this job got: 97%
	Elapsed (wall clock) time (h:mm:ss or m:ss): 0:00.31
	Average shared text size (kbytes): 0
	Average unshared data size (kbytes): 0
	Average stack size (kbytes): 0
	Average total size (kbytes): 0
	Maximum resident set size (kbytes): 3588
	Average resident set size (kbytes): 0
	Major (requiring I/O) page faults: 0
	Minor (reclaiming a frame) page faults: 221
	Voluntary context switches: 1
	Involuntary context switches: 223
	Swaps: 0
	File system inputs: 0
	File system outputs: 0
	Socket messages sent: 0
	Socket messages received: 0
	Signals delivered: 0
	Page size (bytes): 4096
	Exit status: 0
