curve_region_clone: 1000000 iterations in 3.65408ms (3ns/iter), checksum=1000000
curve_region_empty: 1000000 iterations in 3.973848ms (3ns/iter), checksum=0
cubic_bezier_exact_area_moments: 20000 iterations in 323.556141ms (16.177µs/iter)
cubic_bezier_prefix_area_moments: 20000 iterations in 392.368089ms (19.618µs/iter)
cubic_bezier_prefix_length_bounds: 20000 iterations in 83.848958ms (4.192µs/iter)
curve_region_boolean_immediate_union: 1000 iterations in 202.507772ms (202.507µs/iter), checksum=0
curve_region_boolean_immediate_all_ops: 1000 iterations in 409.521284ms (409.521µs/iter), checksum=0
curve_region_boolean_retained_algebraic_all_ops: 100 iterations in 23.019724ms (230.197µs/iter), checksum=1100
bezier_region_algebraic_ray_classification: 2000 iterations in 118.244972ms (59.122µs/iter), checksum=4000
bezier_region_materialization: 20000 iterations in 65.995931ms (3.299µs/iter), checksum=0
curve_region_cached_classification: 2000 iterations in 78.578469ms (39.289µs/iter), checksum=4000
curve_region_immediate_native_signed_depth: 2000 iterations in 1.760179ms (880ns/iter), checksum=2000
bezier_retained_region_materialization: 20000 iterations in 255.327604ms (12.766µs/iter), checksum=0
curve_region_cached_algebraic_classification: 2000 iterations in 98.818033ms (49.409µs/iter), checksum=4000
bezier_retained_algebraic_source_envelope: 20000 iterations in 288.214662ms (14.41µs/iter), checksum=0
bezier_retained_algebraic_exact_endpoint_envelope: 20000 iterations in 125.373144ms (6.268µs/iter), checksum=0
bezier_retained_algebraic_line_authoritative_roles: 20000 iterations in 3.342866346s (167.143µs/iter), checksum=0
bezier_resolved_overlap_region_materialization: 20000 iterations in 520.872778ms (26.043µs/iter), checksum=0
bezier_conic_region_exact_area: 20000 iterations in 550.271035ms (27.513µs/iter), checksum=0
	Command being timed: "taskset -c 7 /tmp/hypercurve-native-constant-sign-region-baseline-benchmark"
	User time (seconds): 6.83
	System time (seconds): 0.00
	Percent of CPU this job got: 99%
	Elapsed (wall clock) time (h:mm:ss or m:ss): 0:06.89
	Average shared text size (kbytes): 0
	Average unshared data size (kbytes): 0
	Average stack size (kbytes): 0
	Average total size (kbytes): 0
	Maximum resident set size (kbytes): 10308
	Average resident set size (kbytes): 0
	Major (requiring I/O) page faults: 0
	Minor (reclaiming a frame) page faults: 446
	Voluntary context switches: 1
	Involuntary context switches: 373
	Swaps: 0
	File system inputs: 0
	File system outputs: 0
	Socket messages sent: 0
	Socket messages received: 0
	Signals delivered: 0
	Page size (bytes): 4096
	Exit status: 0
