curve_region_clone: 1000000 iterations in 3.584104ms (3ns/iter), checksum=1000000
curve_region_empty: 1000000 iterations in 3.091979ms (3ns/iter), checksum=0
cubic_bezier_exact_area_moments: 20000 iterations in 300.29151ms (15.014µs/iter)
cubic_bezier_prefix_area_moments: 20000 iterations in 387.70602ms (19.385µs/iter)
cubic_bezier_prefix_length_bounds: 20000 iterations in 82.907188ms (4.145µs/iter)
curve_region_boolean_immediate_union: 1000 iterations in 195.443655ms (195.443µs/iter), checksum=0
curve_region_boolean_immediate_all_ops: 1000 iterations in 398.78138ms (398.781µs/iter), checksum=0
curve_region_boolean_retained_algebraic_all_ops: 100 iterations in 23.111956ms (231.119µs/iter), checksum=1100
bezier_region_algebraic_ray_classification: 2000 iterations in 120.395299ms (60.197µs/iter), checksum=4000
bezier_region_materialization: 20000 iterations in 64.555525ms (3.227µs/iter), checksum=0
curve_region_cached_classification: 2000 iterations in 77.504578ms (38.752µs/iter), checksum=4000
curve_region_immediate_native_signed_depth: 2000 iterations in 1.698373ms (849ns/iter), checksum=2000
bezier_retained_region_materialization: 20000 iterations in 248.20973ms (12.41µs/iter), checksum=0
curve_region_cached_algebraic_classification: 2000 iterations in 99.07345ms (49.536µs/iter), checksum=4000
bezier_retained_algebraic_source_envelope: 20000 iterations in 290.533619ms (14.526µs/iter), checksum=0
bezier_retained_algebraic_exact_endpoint_envelope: 20000 iterations in 123.431641ms (6.171µs/iter), checksum=0
bezier_retained_algebraic_line_authoritative_roles: 20000 iterations in 2.984231311s (149.211µs/iter), checksum=0
bezier_resolved_overlap_region_materialization: 20000 iterations in 519.88971ms (25.994µs/iter), checksum=0
bezier_conic_region_exact_area: 20000 iterations in 545.441599ms (27.272µs/iter), checksum=0
	Command being timed: "taskset -c 7 /tmp/hypercurve-affine-offset-bounded-frozen-candidate-region"
	User time (seconds): 6.42
	System time (seconds): 0.00
	Percent of CPU this job got: 99%
	Elapsed (wall clock) time (h:mm:ss or m:ss): 0:06.47
	Average shared text size (kbytes): 0
	Average unshared data size (kbytes): 0
	Average stack size (kbytes): 0
	Average total size (kbytes): 0
	Maximum resident set size (kbytes): 10176
	Average resident set size (kbytes): 0
	Major (requiring I/O) page faults: 0
	Minor (reclaiming a frame) page faults: 449
	Voluntary context switches: 1
	Involuntary context switches: 586
	Swaps: 0
	File system inputs: 0
	File system outputs: 0
	Socket messages sent: 0
	Socket messages received: 0
	Signals delivered: 0
	Page size (bytes): 4096
	Exit status: 0
