   Compiling hyperreal v0.13.1 (/home/tim/Documents/GitHub/workspace/hyperreal)
   Compiling hyperlattice v0.6.1 (/home/tim/Documents/GitHub/workspace/hyperlattice)
   Compiling hyperlimit v0.4.1 (/home/tim/Documents/GitHub/workspace/hyperlimit)
   Compiling hypertri v0.4.1 (/home/tim/Documents/GitHub/workspace/hypertri)
    Finished `release` profile [optimized] target(s) in 18.39s
     Running unittests src/lib.rs (target/release/deps/hypertri-6456a5623a448a63)

running 3 tests
test context::tests::policy_context_and_certainty_remain_one_byte ... ok
test types::tests::polygon_input_facts_carry_exact_coordinate_summary ... ok
test types::tests::polygon_input_facts_carry_symbolic_dependencies_without_exact_claims ... ok

test result: ok. 3 passed; 0 failed; 0 ignored; 0 measured; 0 filtered out; finished in 0.00s

     Running tests/adversarial.rs (target/release/deps/adversarial-92762d7a781e4645)

running 0 tests

test result: ok. 0 passed; 0 failed; 0 ignored; 0 measured; 0 filtered out; finished in 0.00s

     Running tests/api_surface_coverage.rs (target/release/deps/api_surface_coverage-52a927a1eca81537)

running 0 tests

test result: ok. 0 passed; 0 failed; 0 ignored; 0 measured; 0 filtered out; finished in 0.00s

     Running tests/earcutr_differential.rs (target/release/deps/earcutr_differential-bd303a7b1820c31b)

running 0 tests

test result: ok. 0 passed; 0 failed; 0 ignored; 0 measured; 0 filtered out; finished in 0.00s

     Running tests/fuzz_properties.rs (target/release/deps/fuzz_properties-c60c53816b30800e)

running 0 tests

test result: ok. 0 passed; 0 failed; 0 ignored; 0 measured; 0 filtered out; finished in 0.00s

     Running tests/predicate_policy.rs (target/release/deps/predicate_policy-64afa598dc4afd3d)

running 0 tests

test result: ok. 0 passed; 0 failed; 0 ignored; 0 measured; 0 filtered out; finished in 0.00s

     Running tests/readme.rs (target/release/deps/readme-715bff5bf1226dd5)

running 2 tests
test readme_quickstart_matches_the_runnable_example ... ok
test readme_release_metadata_matches_the_manifest ... ok

test result: ok. 2 passed; 0 failed; 0 ignored; 0 measured; 0 filtered out; finished in 0.00s

     Running tests/real_representations.rs (target/release/deps/real_representations-e51eb98ea5a8a0f7)

running 2 tests
test unresolved_opaque_terminal_form_still_crosses_policy_boundary ... ok
test finite_real_certificate_inventory_is_current ... ok

test result: ok. 2 passed; 0 failed; 0 ignored; 0 measured; 0 filtered out; finished in 0.00s

   Doc-tests hypertri

running 0 tests

test result: ok. 0 passed; 0 failed; 0 ignored; 0 measured; 0 filtered out; finished in 0.00s

