curve_region_clone: 1000000 iterations in 3.593935ms (3ns/iter), checksum=1000000
curve_region_empty: 1000000 iterations in 3.087559ms (3ns/iter), checksum=0
cubic_bezier_exact_area_moments: 20000 iterations in 272.330083ms (13.616µs/iter)
cubic_bezier_prefix_area_moments: 20000 iterations in 354.087308ms (17.704µs/iter)
cubic_bezier_prefix_length_bounds: 20000 iterations in 77.744938ms (3.887µs/iter)
curve_region_boolean_immediate_union: 1000 iterations in 179.905358ms (179.905µs/iter), checksum=0
curve_region_boolean_immediate_all_ops: 1000 iterations in 355.235169ms (355.235µs/iter), checksum=0
curve_region_boolean_retained_algebraic_all_ops: 100 iterations in 20.766661ms (207.666µs/iter), checksum=1100
bezier_region_algebraic_ray_classification: 2000 iterations in 110.048911ms (55.024µs/iter), checksum=4000
bezier_region_materialization: 20000 iterations in 58.818502ms (2.94µs/iter), checksum=0
curve_region_cached_classification: 2000 iterations in 69.573016ms (34.786µs/iter), checksum=4000
curve_region_immediate_native_signed_depth: 2000 iterations in 1.691115ms (845ns/iter), checksum=2000
bezier_retained_region_materialization: 20000 iterations in 240.714174ms (12.035µs/iter), checksum=0
curve_region_cached_algebraic_classification: 2000 iterations in 88.359423ms (44.179µs/iter), checksum=4000
bezier_retained_algebraic_source_envelope: 20000 iterations in 266.626684ms (13.331µs/iter), checksum=0
bezier_retained_algebraic_exact_endpoint_envelope: 20000 iterations in 118.273079ms (5.913µs/iter), checksum=0
bezier_retained_algebraic_line_authoritative_roles: 20000 iterations in 2.791655928s (139.582µs/iter), checksum=0
bezier_resolved_overlap_region_materialization: 20000 iterations in 481.768704ms (24.088µs/iter), checksum=0
bezier_conic_region_exact_area: 20000 iterations in 510.500492ms (25.525µs/iter), checksum=0
	Command being timed: "taskset -c 7 /tmp/hypercurve-dyadic-bernstein-region-candidate-benchmark"
	User time (seconds): 5.82
	System time (seconds): 0.01
	Percent of CPU this job got: 97%
	Elapsed (wall clock) time (h:mm:ss or m:ss): 0:06.00
	Average shared text size (kbytes): 0
	Average unshared data size (kbytes): 0
	Average stack size (kbytes): 0
	Average total size (kbytes): 0
	Maximum resident set size (kbytes): 10036
	Average resident set size (kbytes): 0
	Major (requiring I/O) page faults: 0
	Minor (reclaiming a frame) page faults: 438
	Voluntary context switches: 1
	Involuntary context switches: 3899
	Swaps: 0
	File system inputs: 0
	File system outputs: 0
	Socket messages sent: 0
	Socket messages received: 0
	Signals delivered: 0
	Page size (bytes): 4096
	Exit status: 0
