bezier_parameter_bernstein_32_to_power: 20000 iterations in 458.824832ms (22.941µs/iter), degree_checksum=640000
bezier_algebraic_parameter_sturm: 20000 iterations in 89.618663ms (4.48µs/iter), total=40000
bezier_algebraic_parameter_refined_ordering: 10000 iterations in 138.718651ms (13.871µs/iter), ordered=10000
bezier_algebraic_parameter_refined_even_root_ordering: 10000 iterations in 722.88268ms (72.288µs/iter), ordered=10000
bezier_parameter_quintic_unit_isolation: 2000 iterations in 92.772567ms (46.386µs/iter), isolated=10000, sturm_builds=1, interval_counts=19, bisections=9, rational_refinements=0, max_depth=5
bezier_parameter_boundary_root_isolation: 2000 iterations in 111.2694ms (55.634µs/iter), isolated=2000, interval_counts=263, bisections=130, max_depth=130
bezier_algebraic_parameter_exact_rational_reconstruction: 500000 iterations in 17.160585ms (34ns/iter), reconstructed=500000
bezier_algebraic_point_tangent_image: 20000 iterations in 54.296142ms (2.714µs/iter), transformed=40000
rational_bezier_algebraic_point_tangent_image: 20000 iterations in 1.262313ms (63ns/iter), transformed=40000
	Command being timed: "taskset -c 7 /tmp/hypercurve-unbounded-sturm-candidate-benchmark"
	User time (seconds): 1.62
	System time (seconds): 0.00
	Percent of CPU this job got: 96%
	Elapsed (wall clock) time (h:mm:ss or m:ss): 0:01.68
	Average shared text size (kbytes): 0
	Average unshared data size (kbytes): 0
	Average stack size (kbytes): 0
	Average total size (kbytes): 0
	Maximum resident set size (kbytes): 4572
	Average resident set size (kbytes): 0
	Major (requiring I/O) page faults: 0
	Minor (reclaiming a frame) page faults: 330
	Voluntary context switches: 1
	Involuntary context switches: 1240
	Swaps: 0
	File system inputs: 0
	File system outputs: 0
	Socket messages sent: 0
	Socket messages received: 0
	Signals delivered: 0
	Page size (bytes): 4096
	Exit status: 0
