   Compiling zerocopy-derive v0.8.48
   Compiling serde_derive v1.0.228
   Compiling serde_json v1.0.149
   Compiling simba v0.9.1
   Compiling getrandom v0.4.2
   Compiling anyhow v1.0.102
   Compiling hashbrown v0.15.5
   Compiling num-rational v0.4.2
   Compiling rug v1.30.0
   Compiling rustix v1.1.4
   Compiling alloc-stdlib v0.2.2
   Compiling libmimalloc-sys v0.1.47
   Compiling tracing-attributes v0.1.31
   Compiling smartstring v1.0.1
   Compiling itertools v0.14.0
   Compiling anstyle v1.0.14
   Compiling log v0.4.29
   Compiling allocator-api2 v0.2.21
   Compiling ciborium-io v0.2.2
   Compiling pin-project-lite v0.2.17
   Compiling fixedbitset v0.5.7
   Compiling foldhash v0.2.0
   Compiling dyn-clone v1.0.20
   Compiling plotters-backend v0.3.7
   Compiling clap_lex v1.1.0
   Compiling bitflags v1.3.2
   Compiling lazy_static v1.5.0
   Compiling colored v3.1.1
   Compiling fastrand v2.4.1
   Compiling petgraph v0.8.3
   Compiling plotters-svg v0.3.7
   Compiling sharded-slab v0.1.7
   Compiling clap_builder v4.6.0
   Compiling region v3.0.2
   Compiling hashbrown v0.16.1
   Compiling tracing v0.1.44
   Compiling num v0.4.3
   Compiling tracing-log v0.2.0
   Compiling wasmtime-jit-icache-coherence v34.0.2
   Compiling brotli-decompressor v5.0.0
   Compiling matchers v0.2.0
   Compiling zerocopy v0.8.48
   Compiling wait-timeout v0.2.1
   Compiling itertools v0.13.0
   Compiling thread_local v1.1.9
   Compiling nu-ansi-term v0.50.3
   Compiling tempfile v3.27.0
   Compiling same-file v1.0.6
   Compiling quick-error v1.2.3
   Compiling bit-vec v0.8.0
   Compiling static_assertions v1.1.0
   Compiling symbolica v1.5.1
   Compiling cast v0.3.0
   Compiling fnv v1.0.7
   Compiling spec_math v0.1.6
   Compiling rusty-fork v0.3.1
   Compiling bit-set v0.8.0
   Compiling brotli v8.0.2
   Compiling walkdir v2.5.0
   Compiling tracing-subscriber v0.3.23
   Compiling clap v4.6.1
   Compiling hyperreal v0.13.1 (/tmp/hyperlattice-native-scalar-control.bZA3IR/hyperreal)
   Compiling plotters v0.3.7
   Compiling serde v1.0.228
   Compiling criterion-plot v0.6.0
   Compiling rand_xorshift v0.4.0
   Compiling regex v1.12.3
   Compiling libloading v0.9.0
   Compiling byteorder v1.5.0
   Compiling tinytemplate v1.2.1
   Compiling self_cell v1.2.2
   Compiling unarray v0.1.4
   Compiling append-only-vec v0.1.8
   Compiling anes v0.1.6
   Compiling bytes v1.11.1
   Compiling oorandom v11.1.5
   Compiling tinyjson v2.5.1
   Compiling xprec v0.2.2
   Compiling mimalloc v0.1.50
   Compiling ppv-lite86 v0.2.21
   Compiling ahash v0.8.12
   Compiling half v2.7.1
   Compiling ciborium-ll v0.2.2
   Compiling rand_chacha v0.9.0
   Compiling ciborium v0.2.2
   Compiling rand v0.9.4
   Compiling criterion v0.7.0
   Compiling symjit v2.14.9
   Compiling proptest v1.11.0
   Compiling hyperlattice v0.6.1 (/tmp/hyperlattice-native-scalar-control.bZA3IR/hyperlattice)
   Compiling numerica v1.4.3
   Compiling graphica v1.2.1
    Finished `bench` profile [optimized] target(s) in 3m 12s
