   Compiling hyperreal v0.13.1 (/home/tim/Documents/GitHub/workspace/hyperreal)
    Finished `release` profile [optimized] target(s) in 10.01s
     Running unittests src/lib.rs (target/release/deps/hyperreal-f3a6d4fcdbc4d626)

running 4 tests
test real::arithmetic::tests::polynomial_evaluation_preserves_endpoint_and_zero_leading_forms ... ok
test real::arithmetic::tests::long_polynomial_evaluation_matches_exact_even_odd_decomposition ... ok

thread 'real::arithmetic::tests::polynomial_evaluation_preserves_factored_root_cancellation' (110) panicked at src/real/arithmetic/tests.rs:2294:21:
assertion `left == right` failed: root=Real { rational: Rational { sign: Plus, numerator: 1, denominator: 1 }, class: Pi, computable: Some(Computable { internal: Node { facts: AtomicFacts(4294969143), approximation: Constant(Pi), cache: None }, signal: None }), primitive_approx_cache: Empty }, leading=Real { rational: Rational { sign: Plus, numerator: 1, denominator: 1 }, class: One, computable: None, primitive_approx_cache: Empty }, linear=Real { rational: Rational { sign: Plus, numerator: 1, denominator: 1 }, class: One, computable: None, primitive_approx_cache: Empty }
  left: None
 right: Some(Zero)
note: run with `RUST_BACKTRACE=1` environment variable to display a backtrace
test real::arithmetic::tests::polynomial_evaluation_preserves_factored_root_cancellation ... FAILED

thread 'real::arithmetic::tests::polynomial_evaluation_retains_nested_quadratic_root_certificates' (111) panicked at src/real/arithmetic/tests.rs:2260:17:
assertion `left == right` failed: a represented nested-radical root must replay exactly
  left: None
 right: Some(Zero)
test real::arithmetic::tests::polynomial_evaluation_retains_nested_quadratic_root_certificates ... FAILED

failures:

failures:
    real::arithmetic::tests::polynomial_evaluation_preserves_factored_root_cancellation
    real::arithmetic::tests::polynomial_evaluation_retains_nested_quadratic_root_certificates

test result: FAILED. 2 passed; 2 failed; 0 ignored; 0 measured; 620 filtered out; finished in 0.00s

error: test failed, to rerun pass `--lib`
