bezier_parameter_bernstein_32_to_power: 20000 iterations in 468.895276ms (23.444µs/iter), degree_checksum=640000
bezier_algebraic_parameter_sturm: 20000 iterations in 101.508774ms (5.075µs/iter), total=40000
bezier_algebraic_parameter_refined_ordering: 10000 iterations in 137.359987ms (13.735µs/iter), ordered=10000
bezier_algebraic_parameter_refined_even_root_ordering: 10000 iterations in 503.56389ms (50.356µs/iter), ordered=10000
bezier_parameter_quintic_unit_isolation: 2000 iterations in 64.976976ms (32.488µs/iter), isolated=10000, sturm_builds=1, interval_counts=19, bisections=9, rational_refinements=0, max_depth=5
bezier_parameter_boundary_root_isolation: 2000 iterations in 95.9879ms (47.993µs/iter), isolated=2000, interval_counts=263, bisections=130, max_depth=130
bezier_algebraic_parameter_exact_rational_reconstruction: 500000 iterations in 18.594491ms (37ns/iter), reconstructed=500000
bezier_algebraic_point_tangent_image: 20000 iterations in 53.306443ms (2.665µs/iter), transformed=40000
rational_bezier_algebraic_point_tangent_image: 20000 iterations in 1.147982ms (57ns/iter), transformed=40000
	Command being timed: "taskset -c 7 /tmp/hypercurve-authoritative-polynomial-candidate-parameter-benchmark"
	User time (seconds): 1.39
	System time (seconds): 0.00
	Percent of CPU this job got: 97%
	Elapsed (wall clock) time (h:mm:ss or m:ss): 0:01.44
	Average shared text size (kbytes): 0
	Average unshared data size (kbytes): 0
	Average stack size (kbytes): 0
	Average total size (kbytes): 0
	Maximum resident set size (kbytes): 4452
	Average resident set size (kbytes): 0
	Major (requiring I/O) page faults: 0
	Minor (reclaiming a frame) page faults: 307
	Voluntary context switches: 1
	Involuntary context switches: 895
	Swaps: 0
	File system inputs: 0
	File system outputs: 0
	Socket messages sent: 0
	Socket messages received: 0
	Signals delivered: 0
	Page size (bytes): 4096
	Exit status: 0
