   Compiling libm v0.2.16
   Compiling proc-macro2 v1.0.106
   Compiling autocfg v1.5.0
   Compiling unicode-ident v1.0.24
   Compiling quote v1.0.45
   Compiling cfg-if v1.0.4
   Compiling serde_core v1.0.228
   Compiling serde v1.0.228
   Compiling libc v0.2.186
   Compiling zerocopy v0.8.48
   Compiling crossbeam-utils v0.8.21
   Compiling getrandom v0.3.4
   Compiling rayon-core v1.13.0
   Compiling rand_core v0.10.1
   Compiling either v1.15.0
   Compiling zmij v1.0.21
   Compiling getrandom v0.4.2
   Compiling serde_json v1.0.149
   Compiling smallvec v1.15.1
   Compiling paste v1.0.15
   Compiling ciborium-io v0.2.2
   Compiling equivalent v1.0.2
   Compiling itoa v1.0.18
   Compiling heapless v0.8.0
   Compiling foldhash v0.2.0
   Compiling byteorder v1.5.0
   Compiling allocator-api2 v0.2.21
   Compiling memchr v2.8.0
   Compiling stable_deref_trait v1.2.1
   Compiling thiserror v2.0.18
   Compiling bytemuck v1.25.1
   Compiling num-traits v0.2.19
   Compiling hash32 v0.3.1
   Compiling anyhow v1.0.102
   Compiling matrixmultiply v0.3.11
   Compiling rustix v1.1.4
   Compiling safe_arch v1.0.0
   Compiling hashbrown v0.16.1
   Compiling typenum v1.20.1
   Compiling cpufeatures v0.3.0
   Compiling robust v1.2.0
   Compiling crossbeam-epoch v0.9.18
   Compiling chacha20 v0.10.1
   Compiling bitflags v2.11.1
   Compiling arrayvec v0.7.8
   Compiling syn v2.0.117
   Compiling crossbeam-deque v0.8.6
   Compiling wide v1.5.0
   Compiling rawpointer v0.2.1
   Compiling i_tree v0.18.0
   Compiling linux-raw-sys v0.12.1
   Compiling polycool v0.4.0
   Compiling i_float v1.16.0
   Compiling i_float v3.0.0
   Compiling geographiclib-rs v0.2.7
   Compiling rand_core v0.9.5
   Compiling rand v0.10.2
   Compiling rand_pcg v0.10.2
   Compiling i_shape v1.18.0
   Compiling fastrand v2.4.1
   Compiling float_next_after v2.0.0
   Compiling web-time v1.1.0
   Compiling rayon v1.12.0
   Compiling rand_xoshiro v0.7.0
   Compiling sif-itree v0.4.1
   Compiling log v0.4.29
   Compiling once_cell v1.21.4
   Compiling i_shape v3.0.0
   Compiling num-integer v0.1.46
   Compiling approx v0.5.1
   Compiling spade v2.15.1
   Compiling rstar v0.12.2
   Compiling earcut v0.4.5
   Compiling static_aabb2d_index v2.0.0
   Compiling ordered-float v5.3.0
   Compiling num-iter v0.1.45
   Compiling kurbo v0.13.1
   Compiling wait-timeout v0.2.1
   Compiling hashbrown v0.17.1
   Compiling itertools v0.15.0
   Compiling quick-error v1.2.3
   Compiling bit-vec v0.8.0
   Compiling siphasher v1.0.3
   Compiling i_tree v0.19.0
   Compiling fnv v1.0.7
   Compiling cavalier_contours v0.7.0
   Compiling rand_xorshift v0.4.0
   Compiling bit-set v0.8.0
   Compiling regex-syntax v0.8.10
   Compiling svg v0.18.0
   Compiling unarray v0.1.4
   Compiling tempfile v3.27.0
   Compiling rusty-fork v0.3.1
   Compiling svgtypes v0.16.1
   Compiling serde_derive v1.0.228
   Compiling zerocopy-derive v0.8.48
   Compiling thiserror-impl v2.0.18
   Compiling nalgebra-macros v0.3.0
   Compiling i_key_sort v0.10.3
   Compiling geo-types v0.7.19
   Compiling i_overlay v4.5.2
   Compiling i_overlay v7.0.2
   Compiling geo v0.33.1
   Compiling num-complex v0.4.6
   Compiling num-bigint v0.4.6
   Compiling simba v0.9.1
   Compiling simba v0.10.0
   Compiling half v2.7.1
   Compiling ppv-lite86 v0.2.21
   Compiling num-rational v0.4.2
   Compiling rand_chacha v0.9.0
   Compiling rand v0.9.4
   Compiling ciborium-ll v0.2.2
   Compiling ciborium v0.2.2
   Compiling num v0.4.3
   Compiling argmin-math v0.5.1
   Compiling proptest v1.11.0
   Compiling argmin v0.11.0
   Compiling hyperreal v0.13.1 (/home/tim/Documents/GitHub/workspace/hyperreal)
   Compiling nalgebra v0.34.2
   Compiling nalgebra v0.35.0
   Compiling hyperlattice v0.6.1 (/home/tim/Documents/GitHub/workspace/hyperlattice)
   Compiling hyperlimit v0.4.1 (/home/tim/Documents/GitHub/workspace/hyperlimit)
   Compiling gauss-quad v0.3.1
   Compiling hypersolve v0.3.1 (/home/tim/Documents/GitHub/workspace/hypersolve)
   Compiling hypertri v0.4.1 (/home/tim/Documents/GitHub/workspace/hypertri)
   Compiling curvo v0.1.91
   Compiling hypercurve v0.3.1 (/tmp/hypercurve-aabb-baseline.FfueBu)
    Finished `release` profile [optimized] target(s) in 1m 42s
