heaptrack output will be written to "/tmp/hypercurve-normal-form-facts-candidate-final.heap.zst"
starting application, this might take some time...
NOTE: heaptrack detected DEBUGINFOD_URLS but will disable it to prevent 
unintended network delays during recording
If you really want to use DEBUGINFOD, export HEAPTRACK_ENABLE_DEBUGINFOD=1
bezier_parameter_normal_form_zero_cold: 20000 iterations in 1.154727078s (57.736µs/iter), equal=20000
bezier_parameter_normal_form_zero_reused: 20000 iterations in 923.567µs (46ns/iter), equal=20000
bezier_parameter_bernstein_32_to_power: 20000 iterations in 1.917870566s (95.893µs/iter), degree_checksum=640000
bezier_algebraic_parameter_sturm: 20000 iterations in 700.281324ms (35.014µs/iter), total=40000
bezier_algebraic_parameter_refined_ordering: 10000 iterations in 766.085017ms (76.608µs/iter), ordered=10000
bezier_algebraic_parameter_refined_even_root_ordering: 10000 iterations in 3.169087264s (316.908µs/iter), ordered=10000
bezier_parameter_quintic_unit_isolation: 2000 iterations in 586.841484ms (293.42µs/iter), isolated=10000, sturm_builds=1, interval_counts=19, bisections=9, rational_refinements=0, max_depth=5
bezier_parameter_boundary_root_isolation: 2000 iterations in 669.502773ms (334.751µs/iter), isolated=2000, interval_counts=263, bisections=130, max_depth=130
bezier_algebraic_parameter_exact_rational_reconstruction: 500000 iterations in 17.197592ms (34ns/iter), reconstructed=500000
bezier_algebraic_point_tangent_image: 20000 iterations in 117.515091ms (5.875µs/iter), transformed=40000
rational_bezier_algebraic_point_tangent_image: 20000 iterations in 4.747344ms (237ns/iter), transformed=40000
heaptrack stats:
	allocations:          	33595169
	leaked allocations:   	1558
	temporary allocations:	1682449
Heaptrack finished! Now run the following to investigate the data:

  heaptrack --analyze "/tmp/hypercurve-normal-form-facts-candidate-final.heap.zst"
