curve_region_clone: 1000000 iterations in 3.674699ms (3ns/iter), checksum=1000000
curve_region_empty: 1000000 iterations in 3.044011ms (3ns/iter), checksum=0
cubic_bezier_exact_area_moments: 20000 iterations in 272.325158ms (13.616µs/iter)
cubic_bezier_prefix_area_moments: 20000 iterations in 358.195804ms (17.909µs/iter)
cubic_bezier_prefix_length_bounds: 20000 iterations in 79.585596ms (3.979µs/iter)
curve_region_boolean_immediate_union: 1000 iterations in 178.686465ms (178.686µs/iter), checksum=0
curve_region_boolean_immediate_all_ops: 1000 iterations in 352.99523ms (352.995µs/iter), checksum=0
curve_region_boolean_retained_algebraic_all_ops: 100 iterations in 20.740219ms (207.402µs/iter), checksum=1100
bezier_region_algebraic_ray_classification: 2000 iterations in 108.549731ms (54.274µs/iter), checksum=4000
bezier_region_materialization: 20000 iterations in 57.554366ms (2.877µs/iter), checksum=0
curve_region_cached_classification: 2000 iterations in 70.030681ms (35.015µs/iter), checksum=4000
curve_region_immediate_native_signed_depth: 2000 iterations in 1.710773ms (855ns/iter), checksum=2000
bezier_retained_region_materialization: 20000 iterations in 229.635284ms (11.481µs/iter), checksum=0
curve_region_cached_algebraic_classification: 2000 iterations in 88.299549ms (44.149µs/iter), checksum=4000
bezier_retained_algebraic_source_envelope: 20000 iterations in 263.318076ms (13.165µs/iter), checksum=0
bezier_retained_algebraic_exact_endpoint_envelope: 20000 iterations in 115.551572ms (5.777µs/iter), checksum=0
bezier_retained_algebraic_line_authoritative_roles: 20000 iterations in 2.716827925s (135.841µs/iter), checksum=0
bezier_resolved_overlap_region_materialization: 20000 iterations in 480.620055ms (24.031µs/iter), checksum=0
bezier_conic_region_exact_area: 20000 iterations in 513.285836ms (25.664µs/iter), checksum=0
	Command being timed: "taskset -c 7 /tmp/hypercurve-normal-form-facts-region-candidate-benchmark"
	User time (seconds): 5.75
	System time (seconds): 0.01
	Percent of CPU this job got: 97%
	Elapsed (wall clock) time (h:mm:ss or m:ss): 0:05.91
	Average shared text size (kbytes): 0
	Average unshared data size (kbytes): 0
	Average stack size (kbytes): 0
	Average total size (kbytes): 0
	Maximum resident set size (kbytes): 9948
	Average resident set size (kbytes): 0
	Major (requiring I/O) page faults: 0
	Minor (reclaiming a frame) page faults: 440
	Voluntary context switches: 1
	Involuntary context switches: 4063
	Swaps: 0
	File system inputs: 0
	File system outputs: 0
	Socket messages sent: 0
	Socket messages received: 0
	Signals delivered: 0
	Page size (bytes): 4096
	Exit status: 0
