
running 1 test
test bezier_offset::conversion_tests::selected_fiber_genuinely_analytic_contacts_complete_region_booleans ... ok

test result: ok. 1 passed; 0 failed; 0 ignored; 0 measured; 893 filtered out; finished in 54.23s

	Command being timed: "taskset -c 7 /tmp/hypercurve-affine-offset-bounded-frozen-candidate-test bezier_offset::conversion_tests::selected_fiber_genuinely_analytic_contacts_complete_region_booleans --exact --ignored --nocapture"
	User time (seconds): 53.75
	System time (seconds): 0.04
	Percent of CPU this job got: 99%
	Elapsed (wall clock) time (h:mm:ss or m:ss): 0:54.23
	Average shared text size (kbytes): 0
	Average unshared data size (kbytes): 0
	Average stack size (kbytes): 0
	Average total size (kbytes): 0
	Maximum resident set size (kbytes): 18016
	Average resident set size (kbytes): 0
	Major (requiring I/O) page faults: 0
	Minor (reclaiming a frame) page faults: 1191
	Voluntary context switches: 2
	Involuntary context switches: 10380
	Swaps: 0
	File system inputs: 0
	File system outputs: 0
	Socket messages sent: 0
	Socket messages received: 0
	Signals delivered: 0
	Page size (bytes): 4096
	Exit status: 0
