   Compiling hyperreal v0.13.1 (/home/tim/Documents/GitHub/workspace/hyperreal)
   Compiling hyperlattice v0.6.1 (/home/tim/Documents/GitHub/workspace/hyperlattice)
   Compiling hyperlimit v0.4.1 (/home/tim/Documents/GitHub/workspace/hyperlimit)
   Compiling hypersolve v0.3.1 (/home/tim/Documents/GitHub/workspace/hypersolve)
    Finished `bench` profile [optimized] target(s) in 38.68s
     Running benches/certification.rs (target/release/deps/certification-39188de7fcb06800)
Benchmarking certify_multivariate_quadratic_krawczyk_square/1
Benchmarking certify_multivariate_quadratic_krawczyk_square/1: Warming up for 200.00 ms
Benchmarking certify_multivariate_quadratic_krawczyk_square/1: Collecting 30 samples in estimated 500.51 ms (277k iterations)
Benchmarking certify_multivariate_quadratic_krawczyk_square/1: Analyzing
certify_multivariate_quadratic_krawczyk_square/1
                        time:   [1.7747 µs 1.7887 µs 1.8072 µs]
                        change: [+4.3915% +5.6830% +7.0675%] (p = 0.00 < 0.05)
                        Performance has regressed.
Found 3 outliers among 30 measurements (10.00%)
  3 (10.00%) high mild

Benchmarking certify_multivariate_quadratic_krawczyk_square/2
Benchmarking certify_multivariate_quadratic_krawczyk_square/2: Warming up for 200.00 ms
Benchmarking certify_multivariate_quadratic_krawczyk_square/2: Collecting 30 samples in estimated 501.90 ms (105k iterations)
Benchmarking certify_multivariate_quadratic_krawczyk_square/2: Analyzing
certify_multivariate_quadratic_krawczyk_square/2
                        time:   [4.6078 µs 4.6591 µs 4.7288 µs]
                        change: [-7.1965% -5.1321% -3.2374%] (p = 0.00 < 0.05)
                        Performance has improved.
Found 3 outliers among 30 measurements (10.00%)
  2 (6.67%) high mild
  1 (3.33%) high severe

Benchmarking certify_multivariate_quadratic_krawczyk_square/4
Benchmarking certify_multivariate_quadratic_krawczyk_square/4: Warming up for 200.00 ms
Benchmarking certify_multivariate_quadratic_krawczyk_square/4: Collecting 30 samples in estimated 505.01 ms (15k iterations)
Benchmarking certify_multivariate_quadratic_krawczyk_square/4: Analyzing
certify_multivariate_quadratic_krawczyk_square/4
                        time:   [29.911 µs 30.319 µs 30.837 µs]
                        change: [-26.014% -24.898% -23.786%] (p = 0.00 < 0.05)
                        Performance has improved.

Benchmarking certify_multivariate_quadratic_krawczyk_square/8
Benchmarking certify_multivariate_quadratic_krawczyk_square/8: Warming up for 200.00 ms
Benchmarking certify_multivariate_quadratic_krawczyk_square/8: Collecting 30 samples in estimated 556.72 ms (3255 iterations)
Benchmarking certify_multivariate_quadratic_krawczyk_square/8: Analyzing
certify_multivariate_quadratic_krawczyk_square/8
                        time:   [166.94 µs 169.15 µs 171.91 µs]
                        change: [-52.247% -51.377% -50.342%] (p = 0.00 < 0.05)
                        Performance has improved.
Found 3 outliers among 30 measurements (10.00%)
  1 (3.33%) high mild
  2 (6.67%) high severe

