curve_region_clone: 1000000 iterations in 3.677228ms (3ns/iter), checksum=1000000
curve_region_empty: 1000000 iterations in 3.143234ms (3ns/iter), checksum=0
cubic_bezier_exact_area_moments: 20000 iterations in 302.071027ms (15.103µs/iter)
cubic_bezier_prefix_area_moments: 20000 iterations in 397.68809ms (19.884µs/iter)
cubic_bezier_prefix_length_bounds: 20000 iterations in 90.367733ms (4.518µs/iter)
curve_region_boolean_immediate_union: 1000 iterations in 212.712424ms (212.712µs/iter), checksum=0
curve_region_boolean_immediate_all_ops: 1000 iterations in 418.702439ms (418.702µs/iter), checksum=0
curve_region_boolean_retained_algebraic_all_ops: 100 iterations in 21.787546ms (217.875µs/iter), checksum=1100
bezier_region_algebraic_ray_classification: 2000 iterations in 117.352073ms (58.676µs/iter), checksum=4000
bezier_region_materialization: 20000 iterations in 68.012677ms (3.4µs/iter), checksum=0
curve_region_cached_classification: 2000 iterations in 75.829301ms (37.914µs/iter), checksum=4000
curve_region_immediate_native_signed_depth: 2000 iterations in 1.765459ms (882ns/iter), checksum=2000
bezier_retained_region_materialization: 20000 iterations in 259.847743ms (12.992µs/iter), checksum=0
curve_region_cached_algebraic_classification: 2000 iterations in 99.651517ms (49.825µs/iter), checksum=4000
bezier_retained_algebraic_source_envelope: 20000 iterations in 350.967694ms (17.548µs/iter), checksum=0
bezier_retained_algebraic_exact_endpoint_envelope: 20000 iterations in 131.075682ms (6.553µs/iter), checksum=0
bezier_retained_algebraic_line_authoritative_roles: 20000 iterations in 3.006163229s (150.308µs/iter), checksum=0
bezier_resolved_overlap_region_materialization: 20000 iterations in 511.720202ms (25.586µs/iter), checksum=0
bezier_conic_region_exact_area: 20000 iterations in 551.423829ms (27.571µs/iter), checksum=0
	Command being timed: "taskset -c 7 /tmp/hypercurve-owned-singleton-frozen-candidate-region"
	User time (seconds): 6.57
	System time (seconds): 0.00
	Percent of CPU this job got: 99%
	Elapsed (wall clock) time (h:mm:ss or m:ss): 0:06.62
	Average shared text size (kbytes): 0
	Average unshared data size (kbytes): 0
	Average stack size (kbytes): 0
	Average total size (kbytes): 0
	Maximum resident set size (kbytes): 10180
	Average resident set size (kbytes): 0
	Major (requiring I/O) page faults: 0
	Minor (reclaiming a frame) page faults: 444
	Voluntary context switches: 1
	Involuntary context switches: 1052
	Swaps: 0
	File system inputs: 0
	File system outputs: 0
	Socket messages sent: 0
	Socket messages received: 0
	Signals delivered: 0
	Page size (bytes): 4096
	Exit status: 0
