   Compiling hyperreal v0.13.1 (/home/tim/Documents/GitHub/workspace/hyperreal)
    Finished `test` profile [unoptimized + debuginfo] target(s) in 2.50s
     Running unittests src/lib.rs (target/debug/deps/hyperreal-99435bbe0ce6f1f3)

running 6 tests
test real::arithmetic::tests::polynomial_evaluation_keeps_horner_for_ill_conditioned_nonroots ... ok
test real::arithmetic::tests::long_polynomial_evaluation_matches_exact_even_odd_decomposition ... ok
test real::arithmetic::tests::polynomial_evaluation_preserves_endpoint_and_zero_leading_forms ... ok
test real::arithmetic::tests::polynomial_evaluation_preserves_factored_root_cancellation ... ok
test real::arithmetic::tests::polynomial_evaluation_retains_nested_quadratic_root_certificates ... ok
test real::arithmetic::tests::polynomial_evaluation_matches_independent_rational_power_sum ... ok

test result: ok. 6 passed; 0 failed; 0 ignored; 0 measured; 711 filtered out; finished in 57.11s

     Running unittests src/main.rs (target/debug/deps/hyperreal-51e453662a7bb7c5)

running 0 tests

test result: ok. 0 passed; 0 failed; 0 ignored; 0 measured; 0 filtered out; finished in 0.00s

     Running tests/adversarial_props.rs (target/debug/deps/adversarial_props-61eb2c6ab955766f)

running 0 tests

test result: ok. 0 passed; 0 failed; 0 ignored; 0 measured; 7 filtered out; finished in 0.00s

     Running tests/adversarial_regressions.rs (target/debug/deps/adversarial_regressions-15a087f6640d5be3)

running 0 tests

test result: ok. 0 passed; 0 failed; 0 ignored; 0 measured; 10 filtered out; finished in 0.00s

     Running tests/adversarial_semantics.rs (target/debug/deps/adversarial_semantics-1e440352f3c0a4a9)

running 0 tests

test result: ok. 0 passed; 0 failed; 0 ignored; 0 measured; 5 filtered out; finished in 0.00s

     Running tests/cli.rs (target/debug/deps/cli-bd2da6dd4a777467)

running 0 tests

test result: ok. 0 passed; 0 failed; 0 ignored; 0 measured; 2 filtered out; finished in 0.00s

     Running tests/gmp_api_coverage.rs (target/debug/deps/gmp_api_coverage-37303bcadfc0f551)

running 0 tests

test result: ok. 0 passed; 0 failed; 0 ignored; 0 measured; 1 filtered out; finished in 0.00s

     Running tests/numeric_roundtrip_formats.rs (target/debug/deps/numeric_roundtrip_formats-d679a31941f64b6a)

running 0 tests

test result: ok. 0 passed; 0 failed; 0 ignored; 0 measured; 10 filtered out; finished in 0.00s

     Running tests/numerical_cross_reference.rs (target/debug/deps/numerical_cross_reference-397104ebd02e8ac0)

running 0 tests

test result: ok. 0 passed; 0 failed; 0 ignored; 0 measured; 16 filtered out; finished in 0.00s

     Running tests/public_numeric_semantics.rs (target/debug/deps/public_numeric_semantics-446a890ba3ba9f7e)

running 0 tests

test result: ok. 0 passed; 0 failed; 0 ignored; 0 measured; 9 filtered out; finished in 0.00s

     Running tests/rational_oracle.rs (target/debug/deps/rational_oracle-5e492b4e2e90fc28)

running 0 tests

test result: ok. 0 passed; 0 failed; 0 ignored; 0 measured; 5 filtered out; finished in 0.00s

     Running tests/readme.rs (target/debug/deps/readme-9a1c81c52469d042)

running 0 tests

test result: ok. 0 passed; 0 failed; 0 ignored; 0 measured; 2 filtered out; finished in 0.00s

     Running tests/readme_metadata.rs (target/debug/deps/readme_metadata-49f38d9a3be14bc2)

running 0 tests

test result: ok. 0 passed; 0 failed; 0 ignored; 0 measured; 2 filtered out; finished in 0.00s

     Running tests/real_representations.rs (target/debug/deps/real_representations-3fe7a966562466bb)

running 0 tests

test result: ok. 0 passed; 0 failed; 0 ignored; 0 measured; 6 filtered out; finished in 0.00s

