curve_region_clone: 1000000 iterations in 3.522709ms (3ns/iter), checksum=1000000
curve_region_empty: 1000000 iterations in 3.116077ms (3ns/iter), checksum=0
cubic_bezier_exact_area_moments: 20000 iterations in 320.792181ms (16.039µs/iter)
cubic_bezier_prefix_area_moments: 20000 iterations in 417.803217ms (20.89µs/iter)
cubic_bezier_prefix_length_bounds: 20000 iterations in 88.590383ms (4.429µs/iter)
curve_region_boolean_immediate_union: 1000 iterations in 192.361276ms (192.361µs/iter), checksum=0
curve_region_boolean_immediate_all_ops: 1000 iterations in 392.860455ms (392.86µs/iter), checksum=0
curve_region_boolean_retained_algebraic_all_ops: 100 iterations in 22.152093ms (221.52µs/iter), checksum=1100
bezier_region_algebraic_ray_classification: 2000 iterations in 115.089438ms (57.544µs/iter), checksum=4000
bezier_region_materialization: 20000 iterations in 64.524951ms (3.226µs/iter), checksum=0
curve_region_cached_classification: 2000 iterations in 75.225428ms (37.612µs/iter), checksum=4000
curve_region_immediate_native_signed_depth: 2000 iterations in 1.708993ms (854ns/iter), checksum=2000
bezier_retained_region_materialization: 20000 iterations in 247.696237ms (12.384µs/iter), checksum=0
curve_region_cached_algebraic_classification: 2000 iterations in 94.667247ms (47.333µs/iter), checksum=4000
bezier_retained_algebraic_source_envelope: 20000 iterations in 290.229054ms (14.511µs/iter), checksum=0
bezier_retained_algebraic_exact_endpoint_envelope: 20000 iterations in 124.172116ms (6.208µs/iter), checksum=0
bezier_retained_algebraic_line_authoritative_roles: 20000 iterations in 2.986246649s (149.312µs/iter), checksum=0
bezier_resolved_overlap_region_materialization: 20000 iterations in 518.038592ms (25.901µs/iter), checksum=0
bezier_conic_region_exact_area: 20000 iterations in 561.693993ms (28.084µs/iter), checksum=0
	Command being timed: "taskset -c 7 /tmp/hypercurve-native-constant-sign-region-admitted-benchmark"
	User time (seconds): 6.48
	System time (seconds): 0.00
	Percent of CPU this job got: 99%
	Elapsed (wall clock) time (h:mm:ss or m:ss): 0:06.52
	Average shared text size (kbytes): 0
	Average unshared data size (kbytes): 0
	Average stack size (kbytes): 0
	Average total size (kbytes): 0
	Maximum resident set size (kbytes): 10308
	Average resident set size (kbytes): 0
	Major (requiring I/O) page faults: 0
	Minor (reclaiming a frame) page faults: 444
	Voluntary context switches: 1
	Involuntary context switches: 246
	Swaps: 0
	File system inputs: 0
	File system outputs: 0
	Socket messages sent: 0
	Socket messages received: 0
	Signals delivered: 0
	Page size (bytes): 4096
	Exit status: 0
