bezier_parameter_bernstein_32_to_power: 20000 iterations in 635.174284ms (31.758µs/iter), degree_checksum=640000
bezier_algebraic_parameter_sturm: 20000 iterations in 90.92047ms (4.546µs/iter), total=40000
bezier_algebraic_parameter_refined_ordering: 10000 iterations in 145.725484ms (14.572µs/iter), ordered=10000
bezier_algebraic_parameter_refined_even_root_ordering: 10000 iterations in 748.442373ms (74.844µs/iter), ordered=10000
bezier_parameter_quintic_unit_isolation: 2000 iterations in 96.798497ms (48.399µs/iter), isolated=10000, sturm_builds=1, interval_counts=19, bisections=9, rational_refinements=0, max_depth=5
bezier_algebraic_parameter_exact_rational_reconstruction: 500000 iterations in 19.310107ms (38ns/iter), reconstructed=500000
bezier_algebraic_point_tangent_image: 20000 iterations in 95.947446ms (4.797µs/iter), transformed=40000
rational_bezier_algebraic_point_tangent_image: 20000 iterations in 2.209328ms (110ns/iter), transformed=40000
	Command being timed: "taskset -c 6 /tmp/hypercurve-shared-refinement-benchmark-candidate"
	User time (seconds): 1.82
	System time (seconds): 0.00
	Percent of CPU this job got: 99%
	Elapsed (wall clock) time (h:mm:ss or m:ss): 0:01.83
	Average shared text size (kbytes): 0
	Average unshared data size (kbytes): 0
	Average stack size (kbytes): 0
	Average total size (kbytes): 0
	Maximum resident set size (kbytes): 4588
	Average resident set size (kbytes): 0
	Major (requiring I/O) page faults: 0
	Minor (reclaiming a frame) page faults: 311
	Voluntary context switches: 1
	Involuntary context switches: 7
	Swaps: 0
	File system inputs: 0
	File system outputs: 0
	Socket messages sent: 0
	Socket messages received: 0
	Signals delivered: 0
	Page size (bytes): 4096
	Exit status: 0
