bezier_parameter_bernstein_32_to_power: 20000 iterations in 906.311426ms (45.315µs/iter), degree_checksum=640000
bezier_algebraic_parameter_sturm: 20000 iterations in 188.627234ms (9.431µs/iter), total=40000
bezier_algebraic_parameter_refined_ordering: 10000 iterations in 1.158290098s (115.829µs/iter), ordered=10000
bezier_algebraic_parameter_refined_even_root_ordering: 10000 iterations in 5.637556068s (563.755µs/iter), ordered=10000
bezier_parameter_quintic_unit_isolation: 2000 iterations in 195.817611ms (97.908µs/iter), isolated=10000, sturm_builds=1, interval_counts=19, bisections=9, rational_refinements=0, max_depth=5
bezier_algebraic_parameter_exact_rational_reconstruction: 500000 iterations in 28.987754ms (57ns/iter), reconstructed=500000
bezier_algebraic_point_tangent_image: 20000 iterations in 305.716131ms (15.285µs/iter), transformed=40000
rational_bezier_algebraic_point_tangent_image: 20000 iterations in 7.327077ms (366ns/iter), transformed=40000
	Command being timed: "taskset -c 6 /tmp/hypercurve-shared-refinement-benchmark-baseline"
	User time (seconds): 3.43
	System time (seconds): 0.00
	Percent of CPU this job got: 40%
	Elapsed (wall clock) time (h:mm:ss or m:ss): 0:08.43
	Average shared text size (kbytes): 0
	Average unshared data size (kbytes): 0
	Average stack size (kbytes): 0
	Average total size (kbytes): 0
	Maximum resident set size (kbytes): 4572
	Average resident set size (kbytes): 0
	Major (requiring I/O) page faults: 0
	Minor (reclaiming a frame) page faults: 305
	Voluntary context switches: 1
	Involuntary context switches: 1864
	Swaps: 0
	File system inputs: 0
	File system outputs: 0
	Socket messages sent: 0
	Socket messages received: 0
	Signals delivered: 0
	Page size (bytes): 4096
	Exit status: 0
