curve_region_clone: 1000000 iterations in 3.656559ms (3ns/iter), checksum=1000000
curve_region_empty: 1000000 iterations in 3.102378ms (3ns/iter), checksum=0
cubic_bezier_exact_area_moments: 20000 iterations in 277.549238ms (13.877µs/iter)
cubic_bezier_prefix_area_moments: 20000 iterations in 364.717843ms (18.235µs/iter)
cubic_bezier_prefix_length_bounds: 20000 iterations in 78.654108ms (3.932µs/iter)
curve_region_boolean_immediate_union: 1000 iterations in 181.150495ms (181.15µs/iter), checksum=0
curve_region_boolean_immediate_all_ops: 1000 iterations in 363.249714ms (363.249µs/iter), checksum=0
curve_region_boolean_retained_algebraic_all_ops: 100 iterations in 20.997913ms (209.979µs/iter), checksum=1100
bezier_region_algebraic_ray_classification: 2000 iterations in 108.550372ms (54.275µs/iter), checksum=4000
bezier_region_materialization: 20000 iterations in 59.204779ms (2.96µs/iter), checksum=0
curve_region_cached_classification: 2000 iterations in 69.204275ms (34.602µs/iter), checksum=4000
curve_region_immediate_native_signed_depth: 2000 iterations in 1.742131ms (871ns/iter), checksum=2000
bezier_retained_region_materialization: 20000 iterations in 238.703896ms (11.935µs/iter), checksum=0
curve_region_cached_algebraic_classification: 2000 iterations in 89.708352ms (44.854µs/iter), checksum=4000
bezier_retained_algebraic_source_envelope: 20000 iterations in 262.928428ms (13.146µs/iter), checksum=0
bezier_retained_algebraic_exact_endpoint_envelope: 20000 iterations in 116.060138ms (5.803µs/iter), checksum=0
bezier_retained_algebraic_line_authoritative_roles: 20000 iterations in 2.751156947s (137.557µs/iter), checksum=0
bezier_resolved_overlap_region_materialization: 20000 iterations in 478.61392ms (23.93µs/iter), checksum=0
bezier_conic_region_exact_area: 20000 iterations in 521.988932ms (26.099µs/iter), checksum=0
	Command being timed: "taskset -c 7 /tmp/hypercurve-active-radical-region-candidate-benchmark"
	User time (seconds): 5.78
	System time (seconds): 0.02
	Percent of CPU this job got: 96%
	Elapsed (wall clock) time (h:mm:ss or m:ss): 0:05.99
	Average shared text size (kbytes): 0
	Average unshared data size (kbytes): 0
	Average stack size (kbytes): 0
	Average total size (kbytes): 0
	Maximum resident set size (kbytes): 9880
	Average resident set size (kbytes): 0
	Major (requiring I/O) page faults: 0
	Minor (reclaiming a frame) page faults: 438
	Voluntary context switches: 1
	Involuntary context switches: 4304
	Swaps: 0
	File system inputs: 0
	File system outputs: 0
	Socket messages sent: 0
	Socket messages received: 0
	Signals delivered: 0
	Page size (bytes): 4096
	Exit status: 0
