bezier_parameter_bernstein_32_to_power: 20000 iterations in 473.962881ms (23.698µs/iter), degree_checksum=640000
bezier_algebraic_parameter_sturm: 20000 iterations in 87.70467ms (4.385µs/iter), total=40000
bezier_algebraic_parameter_refined_ordering: 10000 iterations in 145.857165ms (14.585µs/iter), ordered=10000
bezier_algebraic_parameter_refined_even_root_ordering: 10000 iterations in 1.165135019s (116.513µs/iter), ordered=10000
bezier_parameter_quintic_unit_isolation: 2000 iterations in 94.285879ms (47.142µs/iter), isolated=10000, sturm_builds=1, interval_counts=19, bisections=9, rational_refinements=0, max_depth=5
bezier_algebraic_parameter_exact_rational_reconstruction: 500000 iterations in 18.255569ms (36ns/iter), reconstructed=500000
bezier_algebraic_point_tangent_image: 20000 iterations in 52.787073ms (2.639µs/iter), transformed=40000
rational_bezier_algebraic_point_tangent_image: 20000 iterations in 1.1597ms (57ns/iter), transformed=40000
	Command being timed: "taskset -c 7 /tmp/hypercurve-shared-refinement-benchmark-baseline"
	User time (seconds): 1.97
	System time (seconds): 0.00
	Percent of CPU this job got: 97%
	Elapsed (wall clock) time (h:mm:ss or m:ss): 0:02.04
	Average shared text size (kbytes): 0
	Average unshared data size (kbytes): 0
	Average stack size (kbytes): 0
	Average total size (kbytes): 0
	Maximum resident set size (kbytes): 4428
	Average resident set size (kbytes): 0
	Major (requiring I/O) page faults: 0
	Minor (reclaiming a frame) page faults: 303
	Voluntary context switches: 1
	Involuntary context switches: 1323
	Swaps: 0
	File system inputs: 0
	File system outputs: 0
	Socket messages sent: 0
	Socket messages received: 0
	Signals delivered: 0
	Page size (bytes): 4096
	Exit status: 0
