rational_bezier_large_cold_evaluation_64_controls: 20 iterations in 14.534024ms (726.701µs/iter), checksum=0
rational_bezier_large_cached_evaluation_64_controls: 20 iterations in 170.058µs (8.502µs/iter), checksum=0
	Command being timed: "taskset -c 7 env HYPERCURVE_BENCH_RATIONAL_ONLY=1 HYPERCURVE_BENCH_RATIONAL_OPERATION=evaluation HYPERCURVE_BENCH_RATIONAL_CONTROLS=64 HYPERCURVE_BENCH_RATIONAL_ITERATIONS=20 /tmp/hypercurve-native-horner-frozen-candidate-rational"
	User time (seconds): 0.01
	System time (seconds): 0.00
	Percent of CPU this job got: 94%
	Elapsed (wall clock) time (h:mm:ss or m:ss): 0:00.01
	Average shared text size (kbytes): 0
	Average unshared data size (kbytes): 0
	Average stack size (kbytes): 0
	Average total size (kbytes): 0
	Maximum resident set size (kbytes): 10448
	Average resident set size (kbytes): 0
	Major (requiring I/O) page faults: 0
	Minor (reclaiming a frame) page faults: 1819
	Voluntary context switches: 1
	Involuntary context switches: 2
	Swaps: 0
	File system inputs: 0
	File system outputs: 0
	Socket messages sent: 0
	Socket messages received: 0
	Signals delivered: 0
	Page size (bytes): 4096
	Exit status: 0
