   Compiling hypercurve v0.3.1 (/home/tim/Documents/GitHub/workspace/hypercurve)
    Finished `bench` profile [optimized] target(s) in 7.27s
  Executable benches src/lib.rs (target/release/deps/hypercurve-6e6572a45c5b177b)
  Executable benches/api_surface.rs (target/release/deps/api_surface-126b09a0fa3e8dd6)
  Executable benches/arc.rs (target/release/deps/arc-af8ecdfb299109ac)
  Executable benches/bezier_algebraic_parameter.rs (target/release/deps/bezier_algebraic_parameter-8a2b5ba0284d56fb)
  Executable benches/bezier_arrangement.rs (target/release/deps/bezier_arrangement-59f1614dd7d5976c)
  Executable benches/bezier_evaluation.rs (target/release/deps/bezier_evaluation-dd3d42e4d3a45442)
  Executable benches/bezier_rational_overlap.rs (target/release/deps/bezier_rational_overlap-590b981a9b4148c3)
  Executable benches/bezier_region.rs (target/release/deps/bezier_region-81533d4fbb5b40ce)
  Executable benches/bezier_split_materialization.rs (target/release/deps/bezier_split_materialization-443e935713eaacbd)
  Executable benches/bezier_tangent_order.rs (target/release/deps/bezier_tangent_order-4a926e5c8479cebb)
  Executable benches/bspline.rs (target/release/deps/bspline-9e825bb94ed84ead)
  Executable benches/comparative.rs (target/release/deps/comparative-1236b16deaa93c50)
  Executable benches/containment.rs (target/release/deps/containment-d75267453ea39c30)
  Executable benches/curve_path.rs (target/release/deps/curve_path-a5679c6ac055d87c)
  Executable benches/curve_region_boolean_batch.rs (target/release/deps/curve_region_boolean_batch-97dd2f8be208ee95)
  Executable benches/dispatch_trace.rs (target/release/deps/dispatch_trace-cc8e574c0ca41319)
  Executable benches/editing.rs (target/release/deps/editing-e492948cd385c4f2)
  Executable benches/finite_projection.rs (target/release/deps/finite_projection-6be2e6d43003eb1d)
  Executable benches/intersection.rs (target/release/deps/intersection-31d9c3de40f480aa)
  Executable benches/intersection_sweep.rs (target/release/deps/intersection_sweep-a0977e65ef30a326)
  Executable benches/offset.rs (target/release/deps/offset-a1b208a4ebb28cbf)
  Executable benches/pathological_regions.rs (target/release/deps/pathological_regions-4001566625de6a6a)
  Executable benches/rational_bezier.rs (target/release/deps/rational_bezier-7d092150c779d9c2)
  Executable benches/reconstruction.rs (target/release/deps/reconstruction-5921c373b2b71298)
  Executable benches/straight_skeleton.rs (target/release/deps/straight_skeleton-21bf1a3dd1099372)
