==2== Memcheck, a memory error detector
==2== Copyright (C) 2002-2026, and GNU GPL'd, by Julian Seward et al.
==2== Using Valgrind-3.27.1 and LibVEX; rerun with -h for copyright info
==2== Command: /tmp/hyperreal-power-fixed/target/release/hyperreal-power-audit 65537 65536 4001 100 true 1
==2== Parent PID: 1
==2== 
==2== 
==2== HEAP SUMMARY:
==2==     in use at exit: 752 bytes in 3 blocks
==2==   total heap usage: 2,621 allocs, 2,618 frees, 117,873 bytes allocated
==2== 
==2== LEAK SUMMARY:
==2==    definitely lost: 0 bytes in 0 blocks
==2==    indirectly lost: 0 bytes in 0 blocks
==2==      possibly lost: 0 bytes in 0 blocks
==2==    still reachable: 752 bytes in 3 blocks
==2==         suppressed: 0 bytes in 0 blocks
==2== Reachable blocks (those to which a pointer was found) are not shown.
==2== To see them, rerun with: --leak-check=full --show-leak-kinds=all
==2== 
==2== For lists of detected and suppressed errors, rerun with: -s
==2== ERROR SUMMARY: 0 errors from 0 contexts (suppressed: 0 from 0)
==2== could not unlink /tmp/vgdb-pipe-from-vgdb-to-2-by-tim-on-fedora
==2== could not unlink /tmp/vgdb-pipe-to-vgdb-from-2-by-tim-on-fedora
==2== could not unlink /tmp/vgdb-pipe-shared-mem-vgdb-2-by-tim-on-fedora
