curve_region_clone: 1000000 iterations in 3.528069ms (3ns/iter), checksum=1000000
curve_region_empty: 1000000 iterations in 3.638361ms (3ns/iter), checksum=0
cubic_bezier_exact_area_moments: 20000 iterations in 273.873948ms (13.693µs/iter)
cubic_bezier_prefix_area_moments: 20000 iterations in 359.006082ms (17.95µs/iter)
cubic_bezier_prefix_length_bounds: 20000 iterations in 80.559306ms (4.027µs/iter)
curve_region_boolean_immediate_union: 1000 iterations in 190.343715ms (190.343µs/iter), checksum=0
curve_region_boolean_immediate_all_ops: 1000 iterations in 379.193352ms (379.193µs/iter), checksum=0
curve_region_boolean_retained_algebraic_all_ops: 100 iterations in 22.017465ms (220.174µs/iter), checksum=1100
bezier_region_algebraic_ray_classification: 2000 iterations in 108.74692ms (54.373µs/iter), checksum=4000
bezier_region_materialization: 20000 iterations in 60.238304ms (3.011µs/iter), checksum=0
curve_region_cached_classification: 2000 iterations in 69.166234ms (34.583µs/iter), checksum=4000
curve_region_immediate_native_signed_depth: 2000 iterations in 1.825836ms (912ns/iter), checksum=2000
bezier_retained_region_materialization: 20000 iterations in 232.274861ms (11.613µs/iter), checksum=0
curve_region_cached_algebraic_classification: 2000 iterations in 89.226583ms (44.613µs/iter), checksum=4000
bezier_retained_algebraic_source_envelope: 20000 iterations in 265.121636ms (13.256µs/iter), checksum=0
bezier_retained_algebraic_exact_endpoint_envelope: 20000 iterations in 115.358808ms (5.767µs/iter), checksum=0
bezier_retained_algebraic_line_authoritative_roles: 20000 iterations in 2.748643637s (137.432µs/iter), checksum=0
bezier_resolved_overlap_region_materialization: 20000 iterations in 478.382845ms (23.919µs/iter), checksum=0
bezier_conic_region_exact_area: 20000 iterations in 506.669843ms (25.333µs/iter), checksum=0
	Command being timed: "taskset -c 7 /tmp/hypercurve-dyadic-bernstein-region-baseline-benchmark"
	User time (seconds): 5.77
	System time (seconds): 0.02
	Percent of CPU this job got: 96%
	Elapsed (wall clock) time (h:mm:ss or m:ss): 0:05.99
	Average shared text size (kbytes): 0
	Average unshared data size (kbytes): 0
	Average stack size (kbytes): 0
	Average total size (kbytes): 0
	Maximum resident set size (kbytes): 9908
	Average resident set size (kbytes): 0
	Major (requiring I/O) page faults: 0
	Minor (reclaiming a frame) page faults: 434
	Voluntary context switches: 1
	Involuntary context switches: 4351
	Swaps: 0
	File system inputs: 0
	File system outputs: 0
	Socket messages sent: 0
	Socket messages received: 0
	Signals delivered: 0
	Page size (bytes): 4096
	Exit status: 0
