   Compiling hyperreal v0.13.1 (/home/tim/Documents/GitHub/workspace/hyperreal)
   Compiling hyperlattice v0.6.1 (/home/tim/Documents/GitHub/workspace/hyperlattice)
   Compiling hyperlimit v0.4.1 (/home/tim/Documents/GitHub/workspace/hyperlimit)
   Compiling hypersolve v0.3.1 (/home/tim/Documents/GitHub/workspace/hypersolve)
   Compiling hypertri v0.4.1 (/home/tim/Documents/GitHub/workspace/hypertri)
   Compiling hypercurve v0.3.1 (/home/tim/Documents/GitHub/workspace/hypercurve)
    Finished `release` profile [optimized] target(s) in 1m 16s
     Running tests/hypercurve_curve_region_promotion.rs (target/release/deps/hypercurve_curve_region_promotion-2922d8dd6e249918)

running 100 tests
test affine_line_fast_path_preserves_nonzero_and_even_odd_fill_rules ... ok
test authored_line_arc_paths_use_the_unified_offset_engine ... ok
test authored_loop_semantics_drive_nonzero_and_even_odd_classification ... ok
test authored_nested_material_roles_certify_filled_sides_directly ... ok
test algebraic_chamfer_participates_in_a_disjoint_boolean_batch ... ok
test all_family_nesting_rejects_crossing_loops_before_role_assignment ... ok
test authoritative_curve_region_arrangement_regularizes_self_crossing_walks ... ok
test authoritative_curve_region_arrangement_honors_coincident_winding_multiplicity ... ok
test authoritative_curve_region_arrangement_regularizes_nonlinear_winding ... ok
test authoritative_curve_region_arrangement_regularizes_signed_loop_composition ... ok
test algebraic_chords_survive_nonsingular_exact_affine_transforms ... ok
test empty_region_promotion_is_decided_and_reusable ... ok
test authoritative_curve_region_regularizes_polynomial_and_rational_self_crossings ... ok
test exact_profiles_assign_holes_to_the_smallest_containing_material ... ok
test canonical_exact_chord_regions_fillet_without_line_demotion ... ok
test algebraic_chords_and_round_centers_survive_exact_similarities ... ok
test analytic_parallel_miter_tangent_legs_have_no_nondegenerate_fillet ... ok
test native_contour_constructors_and_signed_depth_need_no_region_wrapper ... ok
approximate-512 consumed caller=src/classify.rs:183
test native_self_crossing_walk_regularizes_with_both_fill_rules ... ok
   0: <hypercurve::policy::CurveContext>::observe_approximate_512
   1: hypercurve::classify::real_sign
   2: hypercurve::curve::curve_path_is_closed
   3: <hypercurve::bezier_region::CurveRegion2>::try_from_boundary_paths_raw
   4: <hypercurve::bezier_region::CurveRegion2>::try_from_boundary_paths
   5: <hypercurve_curve_region_promotion::materialized_boundary_paths_obey_terminal_policy_once::{closure#0} as core::ops::function::FnOnce<()>>::call_once
   6: test::__rust_begin_short_backtrace::<core::result::Result<(), alloc::string::String>, fn() -> core::result::Result<(), alloc::string::String>>
   7: test::run_test::{closure#0}
   8: std::sys::backtrace::__rust_begin_short_backtrace::<test::run_test::{closure#1}, ()>
   9: <std::thread::lifecycle::spawn_unchecked<test::run_test::{closure#1}, ()>::{closure#1} as core::ops::function::FnOnce<()>>::call_once::{shim:vtable#0}
  10: <std::sys::thread::unix::Thread>::new::thread_start
  11: start_thread
  12: __clone3

approximate-512 consumed caller=src/classify.rs:183
   0: <hypercurve::policy::CurveContext>::observe_approximate_512
   1: hypercurve::classify::real_sign
   2: hypercurve::curve::curve_path_is_closed
   3: <hypercurve::bezier_region::CurveRegion2>::materialized_boundary_paths_for_edit
   4: <hypercurve::bezier_region::CurveRegion2>::materialized_boundary_paths
   5: <hypercurve_curve_region_promotion::materialized_boundary_paths_obey_terminal_policy_once::{closure#0} as core::ops::function::FnOnce<()>>::call_once
   6: test::__rust_begin_short_backtrace::<core::result::Result<(), alloc::string::String>, fn() -> core::result::Result<(), alloc::string::String>>
   7: test::run_test::{closure#0}
   8: std::sys::backtrace::__rust_begin_short_backtrace::<test::run_test::{closure#1}, ()>
   9: <std::thread::lifecycle::spawn_unchecked<test::run_test::{closure#1}, ()>::{closure#1} as core::ops::function::FnOnce<()>>::call_once::{shim:vtable#0}
  10: <std::sys::thread::unix::Thread>::new::thread_start
  11: start_thread
  12: __clone3

approximate-512 consumed caller=src/classify.rs:183
   0: <hypercurve::policy::CurveContext>::observe_approximate_512
   1: hypercurve::classify::real_sign
   2: hypercurve::curve::curve_path_is_closed
   3: <hypercurve::bezier_region::CurveRegion2>::materialized_boundary_paths_for_edit
   4: <hypercurve::bezier_region::CurveRegion2>::materialized_boundary_paths
   5: <hypercurve_curve_region_promotion::materialized_boundary_paths_obey_terminal_policy_once::{closure#0} as core::ops::function::FnOnce<()>>::call_once
   6: test::__rust_begin_short_backtrace::<core::result::Result<(), alloc::string::String>, fn() -> core::result::Result<(), alloc::string::String>>
   7: test native_self_overlap_regularization_honors_winding_multiplicity ... testok::
run_test::{closure#0}
   8: std::sys::backtrace::__rust_begin_short_backtrace::<test::run_test::{closure#1}, ()>
   9: <std::thread::lifecycle::spawn_unchecked<test::run_test::{closure#1}, ()>::{closure#1} as core::ops::function::FnOnce<()>>::call_once::{shim:vtable#0}
  10: <std::sys::thread::unix::Thread>::new::thread_start
  11: start_thread
  12: __clone3

test materialized_boundary_paths_obey_terminal_policy_once ... ok
test analytic_parallel_rejected_miters_remain_transverse_fillet_candidates ... ok
test correlated_chord_pair_endpoints_survive_transform_and_offset ... ok
test nonlinear_curved_winding_honors_authored_fill_rules_exactly ... ok
test nonperiodic_self_contact_does_not_claim_a_green_integral_as_filled_area ... ok
test cusp_chord_boolean_boundary_reoffsets_with_exact_bevels ... ok
test one_field_algebraic_chamfer_regularizes_without_rebuilding_its_solver ... ok
test region_promotion_retains_explicit_roles_and_line_fast_path ... ok
test region_promotion_retains_hole_role_for_projection ... ok
test line_parabola_fillet_extends_the_regular_incident_cell_exactly ... ok
test retained_circular_regions_chamfer_over_the_full_support ... ok
test approximate_512_trim_only_analytic_parallel_support_corners_retain_algebraic_fillet_centers ... ok
test one_chord_orders_contacts_from_two_selected_round_corners ... ok

thread 'rotated_algebraic_round_regions_boolean_through_oblique_three_field_contacts' (377) panicked at tests/hypercurve_curve_region_promotion.rs:2926:13:
oblique offset chords must replay unresolved sides in one exact represented authority: TraceSnapshot { dispatch: [DispatchCount { layer: "computable", operation: "add", path: "nested-left-cancellation", count: 2 }, DispatchCount { layer: "computable", operation: "add", path: "nested-left-rational-fold", count: 31 }, DispatchCount { layer: "computable", operation: "add", path: "nested-right-rational-fold", count: 352 }, DispatchCount { layer: "computable", operation: "constructor", path: "one", count: 21 }, DispatchCount { layer: "computable", operation: "constructor", path: "rational-integer-canonicalized", count: 14582 }, DispatchCount { layer: "computable", operation: "constructor", path: "rational-node", count: 5848 }, DispatchCount { layer: "computable", operation: "constructor", path: "rational-zero-canonicalized", count: 5 }, DispatchCount { layer: "computable", operation: "constructor", path: "shared-constant-wrapper", count: 125 }, DispatchCount { layer: "computable", operation: "constructor", path: "shared-sqrt-constant-probe", count: 125 }, DispatchCount { layer: "computable", operation: "constructor", path: "zero", count: 5 }, DispatchCount { layer: "computable", operation: "negate", path: "exact-scale-fold", count: 277 }, DispatchCount { layer: "computable", operation: "sign_until", path: "algebraic-separation-unavailable", count: 21 }, DispatchCount { layer: "computable", operation: "sign_until", path: "precision-refinement", count: 248 }, DispatchCount { layer: "computable", operation: "sign_until", path: "unknown", count: 9 }, DispatchCount { layer: "computable", operation: "sign_until_attempt_precision", path: "-128<=p<-64", count: 27 }, DispatchCount { layer: "computable", operation: "sign_until_attempt_precision", path: "-256<=p<-128", count: 36 }, DispatchCount { layer: "computable", operation: "sign_until_attempt_precision", path: "-32<=p<0", count: 248 }, DispatchCount { layer: "computable", operation: "sign_until_attempt_precision", path: "-512<=p<-256", count: 24 }, DispatchCount { layer: "computable", operation: "sign_until_attempt_precision", path: "-64<=p<-32", count: 40 }, DispatchCount { layer: "computable", operation: "sign_until_attempt_precision", path: "p>=0", count: 248 }, DispatchCount { layer: "computable", operation: "sign_until_decision_precision", path: "-128<=p<-64", count: 6 }, DispatchCount { layer: "computable", operation: "sign_until_decision_precision", path: "-256<=p<-128", count: 6 }, DispatchCount { layer: "computable", operation: "sign_until_decision_precision", path: "-32<=p<0", count: 208 }, DispatchCount { layer: "computable", operation: "sign_until_decision_precision", path: "-512<=p<-256", count: 6 }, DispatchCount { layer: "computable", operation: "sign_until_decision_precision", path: "-64<=p<-32", count: 13 }, DispatchCount { layer: "computable", operation: "sign_until_unresolved_precision", path: "-512<=p<-256", count: 9 }, DispatchCount { layer: "computable", operation: "sqrt", path: "generic-sqrt-node", count: 12 }, DispatchCount { layer: "computable", operation: "structural", path: "quadratic-surd", count: 1367 }, DispatchCount { layer: "computable", operation: "structural_facts", path: "exact-sign-cache", count: 3778 }, DispatchCount { layer: "computable", operation: "zero_status", path: "exact-sign-cache", count: 236 }, DispatchCount { layer: "computable", operation: "zero_status", path: "unknown", count: 3 }, DispatchCount { layer: "hypercurve", operation: "algebraic-chord-axis-direction", path: "certified-unit-tangent", count: 16 }, DispatchCount { layer: "hypercurve", operation: "algebraic-chord-pair", path: "chord-contact-complete", count: 10 }, DispatchCount { layer: "hypercurve", operation: "algebraic-chord-pair-side-kernel", path: "refined-chord-box-disjointness", count: 5 }, DispatchCount { layer: "hypercurve", operation: "algebraic-chord-parameter-axis", path: "cross-axis-interval-separated", count: 5 }, DispatchCount { layer: "hypercurve", operation: "algebraic-chord-support-line", path: "procedural-endpoints-canonicalized", count: 5 }, DispatchCount { layer: "hypercurve", operation: "algebraic-chord-tangent-relation", path: "retained-construction-cross", count: 5 }, DispatchCount { layer: "hypercurve", operation: "algebraic-chord-tangent-relation", path: "retained-direction-authority", count: 5 }, DispatchCount { layer: "hypercurve", operation: "algebraic-circle-chord-kernel", path: "recursive-finite-incidence-disjoint", count: 4 }, DispatchCount { layer: "hypercurve", operation: "algebraic-circle-chord-kernel", path: "recursive-projective-retained-chord", count: 14 }, DispatchCount { layer: "hypercurve", operation: "algebraic-circle-fragment-location", path: "endpoint-chord-decision", count: 7 }, DispatchCount { layer: "hypercurve", operation: "curve-region-carrier-parameter-location", path: "authored-strict-interior", count: 3 }, DispatchCount { layer: "hypercurve", operation: "recursive-chord-displacement-speed", path: "exact-real-witness", count: 8 }, DispatchCount { layer: "hypercurve", operation: "recursive-projective-axis-order", path: "interval-separated", count: 114 }, DispatchCount { layer: "hypercurve", operation: "recursive-projective-parameter", path: "certified-unit-bounds", count: 4 }, DispatchCount { layer: "hypercurve", operation: "recursive-projective-point", path: "cardinal-displacement-canonicalized", count: 65 }, DispatchCount { layer: "hypercurve", operation: "recursive-projective-side", path: "factored-compact-real-determinant", count: 2 }, DispatchCount { layer: "hypercurve", operation: "recursive-quadratic-sign", path: "compact-real-witness", count: 2 }, DispatchCount { layer: "hypercurve", operation: "represented-chord-normal-frame", path: "center-represented", count: 4 }, DispatchCount { layer: "hypercurve", operation: "represented-chord-normal-frame", path: "normal-represented", count: 4 }, DispatchCount { layer: "hypercurve", operation: "represented-chord-unit-direction", path: "independent-quotients", count: 4 }, DispatchCount { layer: "hypercurve", operation: "represented-circle-pair-translation", path: "retained-similarity-point", count: 2 }, DispatchCount { layer: "hypercurve", operation: "selected-circle-represented-frame", path: "compact-low-degree-cusp", count: 8 }, DispatchCount { layer: "hyperlimit", operation: "compare_reals", path: "certified-real-ordering", count: 2717 }, DispatchCount { layer: "hyperlimit", operation: "compare_reals", path: "difference-sign-cascade", count: 3 }, DispatchCount { layer: "hyperlimit", operation: "compare_reals", path: "exact-rational", count: 9240 }, DispatchCount { layer: "hyperlimit", operation: "ordered_aabb2s_intersect_coordinates", path: "exact-rational", count: 141 }, DispatchCount { layer: "hyperlimit", operation: "real_op", path: "sub-ref", count: 3 }, DispatchCount { layer: "hyperlimit", operation: "resolve_real_sign_direct", path: "structural-real-facts", count: 24147 }, DispatchCount { layer: "hyperlimit", operation: "resolve_real_sign_direct", path: "unknown", count: 6 }, DispatchCount { layer: "rational", operation: "add", path: "wide-dyadic", count: 16 }, DispatchCount { layer: "rational", operation: "add", path: "word-sized", count: 13296 }, DispatchCount { layer: "rational", operation: "arithmetic-reuse", path: "first-observation", count: 13476 }, DispatchCount { layer: "rational", operation: "average_pair", path: "arbitrary-precision", count: 10308 }, DispatchCount { layer: "rational", operation: "average_pair", path: "word-sized", count: 11252 }, DispatchCount { layer: "rational", operation: "common-scale", path: "primitive-bigint-ratio", count: 142 }, DispatchCount { layer: "rational", operation: "comparison", path: "biguint-cross-product", count: 396 }, DispatchCount { layer: "rational", operation: "comparison", path: "dyadic-borrowed-digits", count: 2431 }, DispatchCount { layer: "rational", operation: "comparison", path: "leading-bits-interval", count: 39 }, DispatchCount { layer: "rational", operation: "comparison", path: "magnitude-bits", count: 256 }, DispatchCount { layer: "rational", operation: "comparison", path: "word-sized", count: 4386 }, DispatchCount { layer: "rational", operation: "div", path: "word-sized", count: 874 }, DispatchCount { layer: "rational", operation: "dot_product", path: "word-sized", count: 14 }, DispatchCount { layer: "rational", operation: "inverse", path: "retained", count: 2406 }, DispatchCount { layer: "rational", operation: "linear", path: "retained-difference", count: 1341 }, DispatchCount { layer: "rational", operation: "linear", path: "retained-sum", count: 1731 }, DispatchCount { layer: "rational", operation: "mul", path: "dyadic-general-cross-cancel", count: 3395 }, DispatchCount { layer: "rational", operation: "mul", path: "retained-product", count: 3860 }, DispatchCount { layer: "rational", operation: "mul", path: "retained-secondary-product", count: 1149 }, DispatchCount { layer: "rational", operation: "mul", path: "wide-dyadic-cross-cancel", count: 73 }, DispatchCount { layer: "rational", operation: "mul", path: "wide-dyadic-word-numerators", count: 76 }, DispatchCount { layer: "rational", operation: "mul", path: "wide-dyadic-word-numerators-word-result", count: 24 }, DispatchCount { layer: "rational", operation: "mul", path: "word-dyadic-general-cross-cancel", count: 10484 }, DispatchCount { layer: "rational", operation: "mul", path: "word-sized", count: 23775 }, DispatchCount { layer: "rational", operation: "mul-div", path: "proven-reduced-word-product", count: 4549 }, DispatchCount { layer: "rational", operation: "neg", path: "retained", count: 4894 }, DispatchCount { layer: "rational", operation: "product_sum", path: "all-zero", count: 264 }, DispatchCount { layer: "rational", operation: "product_sum", path: "dyadic-shared-denominator", count: 14160 }, DispatchCount { layer: "rational", operation: "product_sum", path: "fixed-two-by-two-fallback", count: 24460 }, DispatchCount { layer: "rational", operation: "product_sum", path: "fixed-two-by-two-word-sized", count: 19734 }, DispatchCount { layer: "rational", operation: "product_sum", path: "single-term-product", count: 10300 }, DispatchCount { layer: "rational", operation: "product_sum", path: "word-sized", count: 917 }, DispatchCount { layer: "rational", operation: "retained-facts", path: "dyadic-hit", count: 7222 }, DispatchCount { layer: "rational", operation: "retained-facts", path: "dyadic-learned", count: 3646 }, DispatchCount { layer: "rational", operation: "retained-facts", path: "non-dyadic-hit", count: 6997 }, DispatchCount { layer: "rational", operation: "square_extraction", path: "large-power-of-two", count: 72 }, DispatchCount { layer: "rational", operation: "square_extraction", path: "mod63-reject", count: 264 }, DispatchCount { layer: "rational", operation: "square_extraction", path: "retained-reduction", count: 5428 }, DispatchCount { layer: "rational", operation: "square_extraction", path: "reuse-observed", count: 383 }, DispatchCount { layer: "rational", operation: "square_extraction", path: "shared-divisor-remainder", count: 388 }, DispatchCount { layer: "rational", operation: "square_extraction", path: "shared-small-factor-remainder", count: 388 }, DispatchCount { layer: "rational", operation: "sub", path: "word-sized", count: 1453 }, DispatchCount { layer: "rational", operation: "word-reduction", path: "mixed-357-smooth-denominator", count: 841 }, DispatchCount { layer: "rational", operation: "word-reduction", path: "other-small-odd-denominator", count: 2508 }, DispatchCount { layer: "rational", operation: "word-reduction", path: "other-wide-odd-denominator", count: 120 }, DispatchCount { layer: "rational", operation: "word-reduction", path: "other-word-odd-denominator", count: 499 }, DispatchCount { layer: "rational", operation: "word-reduction", path: "power-of-five-denominator", count: 15226 }, DispatchCount { layer: "rational", operation: "word-reduction", path: "power-of-seven-denominator", count: 100 }, DispatchCount { layer: "rational", operation: "word-reduction", path: "power-of-three-denominator", count: 217 }, DispatchCount { layer: "rational", operation: "word-result", path: "cached-small-dyadic", count: 10335 }, DispatchCount { layer: "rational", operation: "word-result", path: "cached-small-general-fraction", count: 13028 }, DispatchCount { layer: "rational", operation: "word-result", path: "cached-small-integer", count: 668 }, DispatchCount { layer: "rational", operation: "word-result", path: "dyadic-fraction", count: 24430 }, DispatchCount { layer: "rational", operation: "word-result", path: "small-general-fraction", count: 19445 }, DispatchCount { layer: "rational", operation: "word-result", path: "uncached-integer-1024-4095", count: 29 }, DispatchCount { layer: "rational", operation: "word-result", path: "uncached-integer-128-255", count: 9 }, DispatchCount { layer: "rational", operation: "word-result", path: "uncached-integer-256-1023", count: 2 }, DispatchCount { layer: "rational", operation: "word-result", path: "uncached-integer-65-127", count: 5 }, DispatchCount { layer: "rational", operation: "word-result", path: "uncached-integer-wide", count: 227 }, DispatchCount { layer: "rational", operation: "word-result", path: "unit", count: 1048 }, DispatchCount { layer: "rational", operation: "word-result", path: "wide-general-fraction", count: 489 }, DispatchCount { layer: "rational", operation: "word-result", path: "zero", count: 1620 }, DispatchCount { layer: "rational_algorithm", operation: "division-cross-denominator", path: "backend-basecase", count: 109 }, DispatchCount { layer: "rational_algorithm", operation: "division-cross-numerator", path: "backend-basecase", count: 109 }, DispatchCount { layer: "rational_algorithm", operation: "gcd", path: "binary-fixed-256", count: 6254 }, DispatchCount { layer: "rational_algorithm", operation: "gcd", path: "binary-fixed-512", count: 666 }, DispatchCount { layer: "rational_algorithm", operation: "gcd", path: "binary-word", count: 4765 }, DispatchCount { layer: "rational_algorithm", operation: "gcd", path: "equal-wide", count: 177 }, DispatchCount { layer: "rational_algorithm", operation: "gcd", path: "euclidean-wide-remainder", count: 335 }, DispatchCount { layer: "rational_algorithm", operation: "gcd", path: "euclidean-wide-word", count: 6390 }, DispatchCount { layer: "rational_algorithm", operation: "gcd", path: "identity-wide", count: 91 }, DispatchCount { layer: "rational_algorithm", operation: "gcd", path: "lehmer-leading-limb", count: 220 }, DispatchCount { layer: "rational_algorithm", operation: "gcd", path: "power-of-two-wide", count: 10347 }, DispatchCount { layer: "rational_algorithm", operation: "multiplication-denominator", path: "backend-basecase", count: 1966 }, DispatchCount { layer: "rational_algorithm", operation: "multiplication-dyadic-general", path: "backend-basecase", count: 3395 }, DispatchCount { layer: "rational_algorithm", operation: "multiplication-numerator", path: "backend-basecase", count: 1966 }, DispatchCount { layer: "rational_algorithm", operation: "multiplication-wide-dyadic", path: "backend-basecase", count: 73 }, DispatchCount { layer: "rational_algorithm", operation: "reduction-denominator", path: "backend-knuth-basecase", count: 363 }, DispatchCount { layer: "rational_algorithm", operation: "reduction-denominator", path: "backend-single-limb", count: 2269 }, DispatchCount { layer: "rational_algorithm", operation: "reduction-numerator", path: "backend-knuth-basecase", count: 363 }, DispatchCount { layer: "rational_algorithm", operation: "reduction-numerator", path: "backend-single-limb", count: 865 }, DispatchCount { layer: "rational_algorithm", operation: "reduction-numerator", path: "backend-trivial-or-small-quotient", count: 1404 }, DispatchCount { layer: "rational_algorithm", operation: "root-extraction", path: "newton-nth-root", count: 176 }, DispatchCount { layer: "rational_algorithm", operation: "root-extraction", path: "newton-square-root", count: 64 }, DispatchCount { layer: "real", operation: "abs", path: "known-negative", count: 101 }, DispatchCount { layer: "real", operation: "add", path: "exact-rational-assign", count: 16939 }, DispatchCount { layer: "real", operation: "add", path: "generic-computable", count: 2303 }, DispatchCount { layer: "real", operation: "add", path: "lhs-zero", count: 804 }, DispatchCount { layer: "real", operation: "add", path: "rhs-zero", count: 5574 }, DispatchCount { layer: "real", operation: "add", path: "same-symbolic-basis", count: 28817 }, DispatchCount { layer: "real", operation: "average_pair", path: "mixed-symbolic-basis", count: 116 }, DispatchCount { layer: "real", operation: "average_pair", path: "same-symbolic-basis", count: 21560 }, DispatchCount { layer: "real", operation: "certified_cmp_until", path: "difference-sign", count: 878 }, DispatchCount { layer: "real", operation: "certified_cmp_until", path: "structural-equality", count: 356 }, DispatchCount { layer: "real", operation: "certified_cmp_until", path: "structural-facts", count: 1483 }, DispatchCount { layer: "real", operation: "certified_cmp_until", path: "unknown", count: 3 }, DispatchCount { layer: "real", operation: "certified_sign_until", path: "computable-refine", count: 248 }, DispatchCount { layer: "real", operation: "certified_sign_until", path: "structural-facts", count: 30786 }, DispatchCount { layer: "real", operation: "certified_sign_until", path: "unknown", count: 9 }, DispatchCount { layer: "real", operation: "constructor", path: "one", count: 9457 }, DispatchCount { layer: "real", operation: "constructor", path: "rational", count: 123443 }, DispatchCount { layer: "real", operation: "constructor", path: "zero", count: 64520 }, DispatchCount { layer: "real", operation: "definitely_zero", path: "rational-sign", count: 731 }, DispatchCount { layer: "real", operation: "div", path: "lhs-rational-symbolic-inverse", count: 1134 }, DispatchCount { layer: "real", operation: "div", path: "rhs-one", count: 24 }, DispatchCount { layer: "real", operation: "div", path: "same-class", count: 5486 }, DispatchCount { layer: "real", operation: "div", path: "zero", count: 52 }, DispatchCount { layer: "real", operation: "dot_product", path: "dot2-exact-rational-shared-denom", count: 8 }, DispatchCount { layer: "real", operation: "dot_product", path: "dot3-exact-rational-shared-denom", count: 6 }, DispatchCount { layer: "real", operation: "inverse_ref", path: "externally-certified-nonzero", count: 30 }, DispatchCount { layer: "real", operation: "inverse_ref", path: "generic", count: 52 }, DispatchCount { layer: "real", operation: "inverse_ref", path: "prechecked-one", count: 1096 }, DispatchCount { layer: "real", operation: "inverse_ref", path: "prechecked-sqrt-rational-radical", count: 1134 }, DispatchCount { layer: "real", operation: "mul", path: "exact-rational", count: 39643 }, DispatchCount { layer: "real", operation: "mul", path: "exact-rational-assign", count: 8 }, DispatchCount { layer: "real", operation: "mul", path: "lhs-rational-scale", count: 1803 }, DispatchCount { layer: "real", operation: "mul", path: "rhs-rational-scale", count: 2796 }, DispatchCount { layer: "real", operation: "mul", path: "symbolic-class-table", count: 1681 }, DispatchCount { layer: "real", operation: "mul", path: "zero", count: 2475 }, DispatchCount { layer: "real", operation: "polynomial", path: "eval-poly-exact-rational", count: 138 }, DispatchCount { layer: "real", operation: "polynomial", path: "eval-poly-horner", count: 210 }, DispatchCount { layer: "real", operation: "polynomial", path: "eval-poly-rational-x-split", count: 46 }, DispatchCount { layer: "real", operation: "product_sum", path: "diff-of-products", count: 8 }, DispatchCount { layer: "real", operation: "product_sum", path: "diff-of-products-exact-rational", count: 16 }, DispatchCount { layer: "real", operation: "product_sum", path: "exact-rational-known-shared-denom", count: 1165 }, DispatchCount { layer: "real", operation: "product_sum", path: "mul-add", count: 366 }, DispatchCount { layer: "real", operation: "product_sum", path: "mul-add-zero-offset", count: 58 }, DispatchCount { layer: "real", operation: "product_sum", path: "mul-add-zero-product", count: 16 }, DispatchCount { layer: "real", operation: "root_n", path: "rational-perfect-root", count: 8 }, DispatchCount { layer: "real", operation: "sqrt", path: "computable-rational-promotion", count: 22 }, DispatchCount { layer: "real", operation: "sqrt", path: "generic-computable", count: 12 }, DispatchCount { layer: "real", operation: "sqrt", path: "rational-perfect-square", count: 5377 }, DispatchCount { layer: "real", operation: "sqrt", path: "rational-sqrt-special-form", count: 314 }, DispatchCount { layer: "real", operation: "sqrt", path: "scaled-shared-sqrt-constant", count: 125 }, DispatchCount { layer: "real", operation: "structural_facts", path: "exact-rational", count: 31674 }, DispatchCount { layer: "real", operation: "structural_facts", path: "scaled-computable", count: 3908 }, DispatchCount { layer: "real", operation: "structural_facts", path: "symbolic-nonzero-scale", count: 180 }, DispatchCount { layer: "real", operation: "sub", path: "exact-rational-assign", count: 84 }, DispatchCount { layer: "real", operation: "sub", path: "generic-computable", count: 1661 }, DispatchCount { layer: "real", operation: "sub", path: "lhs-zero", count: 102 }, DispatchCount { layer: "real", operation: "sub", path: "rhs-zero", count: 711 }, DispatchCount { layer: "real", operation: "sub", path: "same-symbolic-basis", count: 4291 }, DispatchCount { layer: "real", operation: "zero_status", path: "scaled-computable", count: 239 }, DispatchCount { layer: "real", operation: "zero_status", path: "symbolic-nonzero-scale", count: 23572 }, DispatchCount { layer: "real", operation: "zero_status", path: "zero-scale", count: 135 }], rational: RationalTraceStats { temporary_rationals: 283570, reductions: 48047, gcds: 29138, common_factors: CommonFactorBuckets { none: 50785, power_of_two: 11710, small: 2175, medium: 1678, large: 1735 }, gcd_operand_widths: GcdOperandWidthBuckets { both_u64: 4466, mixed_u64_u128: 109, both_u128: 83, arbitrary_precision: 24480 }, peak_operand_bits: 2062 } }
note: run with `RUST_BACKTRACE=1` environment variable to display a backtrace
test rotated_algebraic_round_regions_boolean_through_oblique_three_field_contacts ... FAILED
test selected_algebraic_round_join_retains_a_general_minor_cut ... ok
test selected_algebraic_cusp_chamfers_use_the_unified_retained_kernel ... ok
test exact_support_cutter_reenters_correlated_chord_collinearly ... ok
test selected_endpoint_chord_pairs_share_the_linear_fillet_kernel ... ok
test selected_endpoint_chords_share_linear_arc_fillet_incidence ... ok
test selected_endpoint_chords_share_linear_bezier_fillet_incidence ... ok
test selected_circle_support_chord_corners_retain_algebraic_fillet_centers ... ok
test similarity_rotation_preserves_unified_region_semantics_and_fast_path ... ok
test arc_parabola_fillet_recovers_exact_complement_contacts ... ok
test algebraic_chord_expansion_merges_coupled_material_loops_exactly ... ok
test transformed_promotion_retains_explicit_roles_without_the_source_fast_path ... ok

thread 'axis_aligned_algebraic_chords_reenter_exact_region_offsets' (352) panicked at tests/hypercurve_curve_region_promotion.rs:2219:13:
assertion `left == right` failed
  left: 0
 right: 4
test axis_aligned_algebraic_chords_reenter_exact_region_offsets ... FAILED
test strict_trim_only_analytic_parallel_support_corners_retain_algebraic_fillet_centers ... ok
test repeated_region_offsets_compose_retained_exact_parallels_under_both_policies ... ok
test unified_curved_erosion_resolves_simultaneous_hole_and_material_tangencies ... ok
test unified_curved_erosion_retains_the_exact_hole_boundary_contact ... ok
test unified_curved_erosion_opens_a_hole_through_the_material_boundary ... ok
test unified_native_arrangement_exposes_immediate_evidence ... ok
test unified_native_constructor_retains_zero_signed_area_boundary_for_diagnostics ... ok
test unified_region_bounds_cover_native_and_higher_order_carriers_exactly ... ok
test unified_region_chamfer_and_fillet_edit_higher_order_loops ... ok
test unified_region_chamfer_joins_two_algebraic_bezier_cuts ... ok
test translated_algebraic_round_regions_boolean_through_cusp_chord_contacts ... ok
test unified_region_chamfer_retains_algebraic_bezier_cut ... ok
test unified_region_contraction_preserves_non_miter_corner_styles ... ok
test unified_region_contracts_nonconvex_material_before_its_medial_collapse ... ok
test unified_region_convex_contraction_decides_collapse_and_over_contraction ... ok
test unified_region_convex_erosion_handles_orientation_and_redundant_edges ... ok
test unified_region_chamfer_reenters_general_algebraic_chords ... ok
approximate-512 consumed caller=src/curve.rs:4064
   0: <hypercurve::policy::CurveContext>::observe_approximate_512
   1: hypercurve::classify::real_sign
   2: <hypercurve::bezier_region::CurveRegion2>::fillet_loop_vertex_by_radius::{closure#0}
   3: <hypercurve::bezier_region::CurveRegion2>::fillet_loop_vertex_by_radius
   4: <hypercurve_curve_region_promotion::unified_region_corner_solver_obeys_terminal_policy_once::{closure#0} as core::ops::function::FnOnce<()>>::call_once
   5: test::__rust_begin_short_backtrace::<core::result::Result<(), alloc::string::String>, fn() -> core::result::Result<(), alloc::string::String>>
   6: test::run_test::{closure#0}
   7: std::sys::backtrace::__rust_begin_short_backtrace::<test::run_test::{closure#1}, ()>
   8: <std::thread::lifecycle::spawn_unchecked<test::run_test::{closure#1}, ()>::{closure#1} as core::ops::function::FnOnce<()>>::call_once::{shim:vtable#0}
   9: <std::sys::thread::unix::Thread>::new::thread_start
  10: start_thread
  11: __clone3

test unified_region_corner_solver_obeys_terminal_policy_once ... ok
test unified_region_corners_use_canonical_spline_bezier_spans ... ok
test unified_region_corners_use_rational_circular_carriers ... ok
test unified_region_corners_use_represented_bezier_incidence ... ok
test unified_region_discards_nonconvex_material_after_wavefront_collapse ... ok
test unified_region_convex_erosion_keeps_symbolic_diagonal_offsets_and_collapse_exact ... ok
test unified_region_erosion_splits_when_a_hole_reaches_the_material_boundary ... ok
test unified_region_expansion_regularizes_a_closed_concavity ... ok
test unified_region_native_chamfer_uses_arc_sweep_evidence ... ok
test unified_region_native_fillet_retains_certified_arc_contacts ... ok
test unified_mixed_line_arc_erosion_splits_after_a_curved_neck_collapse ... ok
test unified_region_nonconvex_erosion_splits_at_a_collapsed_neck ... ok

thread 'algebraic_chord_erosion_splits_a_collapsed_neck_exactly' (332) panicked at tests/hypercurve_curve_region_promotion.rs:5785:17:
cardinal supports must use their scalar coordinate authority: TraceSnapshot { dispatch: [DispatchCount { layer: "computable", operation: "add", path: "nested-left-rational-fold", count: 2502 }, DispatchCount { layer: "computable", operation: "add", path: "nested-right-rational-fold", count: 271 }, DispatchCount { layer: "computable", operation: "constructor", path: "one", count: 131 }, DispatchCount { layer: "computable", operation: "constructor", path: "rational-integer-canonicalized", count: 27507 }, DispatchCount { layer: "computable", operation: "constructor", path: "rational-node", count: 15460 }, DispatchCount { layer: "computable", operation: "constructor", path: "rational-one-canonicalized", count: 43 }, DispatchCount { layer: "computable", operation: "constructor", path: "rational-zero-canonicalized", count: 21 }, DispatchCount { layer: "computable", operation: "constructor", path: "shared-constant-wrapper", count: 85 }, DispatchCount { layer: "computable", operation: "constructor", path: "shared-sqrt-constant-probe", count: 85 }, DispatchCount { layer: "computable", operation: "constructor", path: "zero", count: 21 }, DispatchCount { layer: "computable", operation: "sign_until", path: "algebraic-separation-target", count: 80 }, DispatchCount { layer: "computable", operation: "sign_until", path: "algebraic-separation-zero", count: 80 }, DispatchCount { layer: "computable", operation: "sign_until", path: "precision-refinement", count: 273 }, DispatchCount { layer: "computable", operation: "sign_until_attempt_precision", path: "-128<=p<-64", count: 80 }, DispatchCount { layer: "computable", operation: "sign_until_attempt_precision", path: "-256<=p<-128", count: 160 }, DispatchCount { layer: "computable", operation: "sign_until_attempt_precision", path: "-32<=p<0", count: 80 }, DispatchCount { layer: "computable", operation: "sign_until_attempt_precision", path: "-64<=p<-32", count: 80 }, DispatchCount { layer: "computable", operation: "sign_until_attempt_precision", path: "p>=0", count: 273 }, DispatchCount { layer: "computable", operation: "sign_until_decision_precision", path: "p>=0", count: 193 }, DispatchCount { layer: "computable", operation: "structural", path: "quadratic-surd", count: 5844 }, DispatchCount { layer: "computable", operation: "structural_facts", path: "exact-sign-cache", count: 11139 }, DispatchCount { layer: "computable", operation: "zero_status", path: "exact-sign-cache", count: 957 }, DispatchCount { layer: "hypercurve", operation: "algebraic-chord-axis-direction", path: "certified-unit-tangent", count: 12 }, DispatchCount { layer: "hypercurve", operation: "algebraic-chord-collinear-range", path: "exact-tangent-orientation", count: 81 }, DispatchCount { layer: "hypercurve", operation: "algebraic-chord-pair", path: "adjacent-certified-tangent-complete", count: 60 }, DispatchCount { layer: "hypercurve", operation: "algebraic-chord-pair", path: "chord-contact-complete", count: 343 }, DispatchCount { layer: "hypercurve", operation: "algebraic-chord-pair", path: "chord-overlap-complete", count: 39 }, DispatchCount { layer: "hypercurve", operation: "algebraic-chord-pair-order", path: "certified-offset-anchor-separation", count: 24 }, DispatchCount { layer: "hypercurve", operation: "algebraic-chord-pair-order", path: "strict-axis-box-precedence", count: 257 }, DispatchCount { layer: "hypercurve", operation: "algebraic-chord-pair-side-kernel", path: "affine-side-monotonicity", count: 11 }, DispatchCount { layer: "hypercurve", operation: "algebraic-chord-pair-side-kernel", path: "batched-refined-endpoints", count: 140 }, DispatchCount { layer: "hypercurve", operation: "algebraic-chord-pair-side-kernel", path: "certified-axis-coordinate-order", count: 19 }, DispatchCount { layer: "hypercurve", operation: "algebraic-chord-pair-side-kernel", path: "compact-support-line-endpoint-seeding", count: 115 }, DispatchCount { layer: "hypercurve", operation: "algebraic-chord-pair-side-kernel", path: "endpoint-incidence-pluecker-sign", count: 9 }, DispatchCount { layer: "hypercurve", operation: "algebraic-chord-pair-side-kernel", path: "perpendicular-axis-coordinates", count: 161 }, DispatchCount { layer: "hypercurve", operation: "algebraic-chord-pair-side-kernel", path: "retained-intersection-endpoint-order", count: 2 }, DispatchCount { layer: "hypercurve", operation: "algebraic-chord-pair-side-kernel", path: "shared-endpoint-tangent-cross", count: 12 }, DispatchCount { layer: "hypercurve", operation: "algebraic-chord-parallel-axis-order", path: "cardinal-frame-cancellation", count: 416 }, DispatchCount { layer: "hypercurve", operation: "algebraic-chord-parallel-axis-order", path: "cardinal-source-projection", count: 981 }, DispatchCount { layer: "hypercurve", operation: "algebraic-chord-parallel-axis-order", path: "preserved-source-coordinate", count: 1267 }, DispatchCount { layer: "hypercurve", operation: "algebraic-chord-parameter-axis", path: "cross-axis-interval-separated", count: 60 }, DispatchCount { layer: "hypercurve", operation: "algebraic-chord-parameter-order", path: "authored-strict-interior", count: 988 }, DispatchCount { layer: "hypercurve", operation: "algebraic-chord-point-axis-order", path: "recursive-composite-interval-separated", count: 109 }, DispatchCount { layer: "hypercurve", operation: "algebraic-chord-point-incidence", path: "strict-local-box-rejection", count: 550 }, DispatchCount { layer: "hypercurve", operation: "algebraic-chord-ray-winding", path: "composite-endpoint", count: 201 }, DispatchCount { layer: "hypercurve", operation: "algebraic-chord-representative", path: "certified-transverse", count: 9 }, DispatchCount { layer: "hypercurve", operation: "algebraic-chord-side-kernel", path: "cardinal-coordinate-precedence", count: 127 }, DispatchCount { layer: "hypercurve", operation: "algebraic-chord-side-kernel", path: "compact-real-support-line-incidence", count: 475 }, DispatchCount { layer: "hypercurve", operation: "algebraic-chord-side-kernel", path: "procedural-normal-offset-local-interval", count: 111 }, DispatchCount { layer: "hypercurve", operation: "algebraic-chord-side-kernel", path: "procedural-normal-offset-recursive-scalar", count: 22 }, DispatchCount { layer: "hypercurve", operation: "algebraic-chord-support-collinearity", path: "procedural-offset-to-base", count: 1 }, DispatchCount { layer: "hypercurve", operation: "algebraic-chord-support-collinearity", path: "shared-endpoint-zero-cross", count: 9 }, DispatchCount { layer: "hypercurve", operation: "algebraic-chord-support-intersection", path: "certified-offset-anchor-orders", count: 4 }, DispatchCount { layer: "hypercurve", operation: "algebraic-chord-support-line", path: "canonical-axis", count: 535 }, DispatchCount { layer: "hypercurve", operation: "algebraic-chord-support-line", path: "procedural-endpoints-canonicalized", count: 26 }, DispatchCount { layer: "hypercurve", operation: "algebraic-chord-tangent-relation", path: "refinement", count: 24 }, DispatchCount { layer: "hypercurve", operation: "algebraic-chord-tangent-relation", path: "represented-retained-linear-form", count: 86 }, DispatchCount { layer: "hypercurve", operation: "algebraic-chord-tangent-relation", path: "retained-direction-authority", count: 91 }, DispatchCount { layer: "hypercurve", operation: "algebraic-chord-tangent-relation", path: "retained-represented-linear-form", count: 88 }, DispatchCount { layer: "hypercurve", operation: "algebraic-chord-tangent-relation", path: "shared-endpoint-diagonal", count: 25 }, DispatchCount { layer: "hypercurve", operation: "curve-region-carrier-parameter-location", path: "authored-strict-interior", count: 258 }, DispatchCount { layer: "hypercurve", operation: "curve-region-disjoint-loop-roles", path: "pairwise-disjoint", count: 1 }, DispatchCount { layer: "hypercurve", operation: "curve-region-disjoint-loop-roles-blocker", path: "overlapping-bounds", count: 1 }, DispatchCount { layer: "hypercurve", operation: "curve-region-exact-offset-join", path: "miter-outer", count: 4 }, DispatchCount { layer: "hypercurve", operation: "curve-region-exact-offset-miter", path: "retained-support", count: 4 }, DispatchCount { layer: "hypercurve", operation: "curve-region-exact-offset-span", path: "retained-oblique-algebraic-chord", count: 24 }, DispatchCount { layer: "hypercurve", operation: "curve-region-exact-offset-tangent-cross", path: "algebraic-chord-algebraic-chord", count: 16 }, DispatchCount { layer: "hypercurve", operation: "curve-region-regularization-chord-side", path: "retained-axis-probe", count: 8 }, DispatchCount { layer: "hypercurve", operation: "curve-region-regularization-chord-side", path: "retained-endpoint-winding-probe", count: 8 }, DispatchCount { layer: "hypercurve", operation: "recursive-chord-displacement-speed", path: "exact-real-witness", count: 107 }, DispatchCount { layer: "hypercurve", operation: "recursive-projective-axis-order", path: "interval-separated", count: 24 }, DispatchCount { layer: "hypercurve", operation: "recursive-projective-point", path: "cardinal-displacement-canonicalized", count: 531 }, DispatchCount { layer: "hypercurve", operation: "regularization-fragment-side", path: "single-boundary-winding-jump", count: 54 }, DispatchCount { layer: "hypercurve", operation: "regularization-successor", path: "forced-bijection", count: 34 }, DispatchCount { layer: "hypercurve", operation: "retained-endpoint-scope", path: "topology-connectivity-first", count: 2 }, DispatchCount { layer: "hypercurve", operation: "retained-point-equality", path: "strict-box-disjointness-precedence", count: 9 }, DispatchCount { layer: "hypercurve", operation: "retained-point-probe", path: "outside", count: 1 }, DispatchCount { layer: "hyperlimit", operation: "compare_reals", path: "certified-real-ordering", count: 7045 }, DispatchCount { layer: "hyperlimit", operation: "compare_reals", path: "exact-rational", count: 13704 }, DispatchCount { layer: "hyperlimit", operation: "decide_real_sign", path: "known-sign", count: 9 }, DispatchCount { layer: "hyperlimit", operation: "ordered_aabb2s_intersect_coordinates", path: "exact-rational", count: 14433 }, DispatchCount { layer: "hyperlimit", operation: "orient2d", path: "certified-real-det2-filter", count: 88 }, DispatchCount { layer: "hyperlimit", operation: "orient2d", path: "exact-word-rational-det2-filter", count: 24 }, DispatchCount { layer: "hyperlimit", operation: "orient2d", path: "real-determinant", count: 9 }, DispatchCount { layer: "hyperlimit", operation: "point_in_ordered_aabb2_coordinates", path: "exact-rational", count: 631 }, DispatchCount { layer: "hyperlimit", operation: "real", path: "known-sign", count: 9 }, DispatchCount { layer: "hyperlimit", operation: "real_op", path: "mul-ref", count: 18 }, DispatchCount { layer: "hyperlimit", operation: "real_op", path: "sub-ref", count: 45 }, DispatchCount { layer: "hyperlimit", operation: "resolve_real_sign", path: "structural-real-facts", count: 9 }, DispatchCount { layer: "hyperlimit", operation: "resolve_real_sign_direct", path: "structural-real-facts", count: 1008638 }, DispatchCount { layer: "rational", operation: "add", path: "wide-dyadic", count: 7531 }, DispatchCount { layer: "rational", operation: "add", path: "word-sized", count: 62304 }, DispatchCount { layer: "rational", operation: "arithmetic-reuse", path: "first-observation", count: 56653 }, DispatchCount { layer: "rational", operation: "average_pair", path: "arbitrary-precision", count: 492340 }, DispatchCount { layer: "rational", operation: "average_pair", path: "word-sized", count: 491609 }, DispatchCount { layer: "rational", operation: "common-scale", path: "primitive-bigint-ratio", count: 540 }, DispatchCount { layer: "rational", operation: "comparison", path: "biguint-cross-product", count: 599 }, DispatchCount { layer: "rational", operation: "comparison", path: "dyadic-borrowed-digits", count: 31823 }, DispatchCount { layer: "rational", operation: "comparison", path: "leading-bits-interval", count: 592 }, DispatchCount { layer: "rational", operation: "comparison", path: "magnitude-bits", count: 3473 }, DispatchCount { layer: "rational", operation: "comparison", path: "word-sized", count: 15927 }, DispatchCount { layer: "rational", operation: "div", path: "word-sized", count: 127234 }, DispatchCount { layer: "rational", operation: "dot_product", path: "all-zero", count: 3540 }, DispatchCount { layer: "rational", operation: "dot_product", path: "word-sized", count: 46124 }, DispatchCount { layer: "rational", operation: "inverse", path: "retained", count: 6304 }, DispatchCount { layer: "rational", operation: "linear", path: "retained-difference", count: 87703 }, DispatchCount { layer: "rational", operation: "linear", path: "retained-sum", count: 7616 }, DispatchCount { layer: "rational", operation: "mul", path: "dyadic-general-cross-cancel", count: 4773 }, DispatchCount { layer: "rational", operation: "mul", path: "retained-product", count: 12959 }, DispatchCount { layer: "rational", operation: "mul", path: "retained-secondary-product", count: 2931 }, DispatchCount { layer: "rational", operation: "mul", path: "wide-dyadic-cross-cancel", count: 5146 }, DispatchCount { layer: "rational", operation: "mul", path: "wide-dyadic-word-numerators", count: 4170 }, DispatchCount { layer: "rational", operation: "mul", path: "word-dyadic-general-cross-cancel", count: 21176 }, DispatchCount { layer: "rational", operation: "mul", path: "word-sized", count: 115752 }, DispatchCount { layer: "rational", operation: "mul-div", path: "proven-reduced-word-product", count: 128763 }, DispatchCount { layer: "rational", operation: "neg", path: "retained", count: 58867 }, DispatchCount { layer: "rational", operation: "product_sum", path: "all-zero", count: 10 }, DispatchCount { layer: "rational", operation: "product_sum", path: "dyadic-shared-denominator", count: 676870 }, DispatchCount { layer: "rational", operation: "product_sum", path: "dyadic-word-accumulator", count: 2320 }, DispatchCount { layer: "rational", operation: "product_sum", path: "fixed-two-by-two-fallback", count: 1169210 }, DispatchCount { layer: "rational", operation: "product_sum", path: "fixed-two-by-two-word-sized", count: 819078 }, DispatchCount { layer: "rational", operation: "product_sum", path: "single-term-product", count: 492340 }, DispatchCount { layer: "rational", operation: "retained-facts", path: "dyadic-hit", count: 20613 }, DispatchCount { layer: "rational", operation: "retained-facts", path: "dyadic-learned", count: 1797 }, DispatchCount { layer: "rational", operation: "retained-facts", path: "dyadic-prefilter-hit", count: 4 }, DispatchCount { layer: "rational", operation: "retained-facts", path: "non-dyadic-hit", count: 14320 }, DispatchCount { layer: "rational", operation: "square_extraction", path: "large-power-of-two", count: 4255 }, DispatchCount { layer: "rational", operation: "square_extraction", path: "mod63-reject", count: 4435 }, DispatchCount { layer: "rational", operation: "square_extraction", path: "retained-reduction", count: 102279 }, DispatchCount { layer: "rational", operation: "square_extraction", path: "reuse-observed", count: 11425 }, DispatchCount { layer: "rational", operation: "square_extraction", path: "shared-divisor-remainder", count: 6115 }, DispatchCount { layer: "rational", operation: "square_extraction", path: "shared-small-factor-remainder", count: 6115 }, DispatchCount { layer: "rational", operation: "sub", path: "wide-dyadic", count: 3300 }, DispatchCount { layer: "rational", operation: "sub", path: "word-sized", count: 77629 }, DispatchCount { layer: "rational", operation: "word-reduction", path: "mixed-357-smooth-denominator", count: 602 }, DispatchCount { layer: "rational", operation: "word-reduction", path: "other-small-odd-denominator", count: 4380 }, DispatchCount { layer: "rational", operation: "word-reduction", path: "other-wide-odd-denominator", count: 902 }, DispatchCount { layer: "rational", operation: "word-reduction", path: "other-word-odd-denominator", count: 3691 }, DispatchCount { layer: "rational", operation: "word-reduction", path: "power-of-five-denominator", count: 2554 }, DispatchCount { layer: "rational", operation: "word-reduction", path: "power-of-seven-denominator", count: 151 }, DispatchCount { layer: "rational", operation: "word-reduction", path: "power-of-three-denominator", count: 339 }, DispatchCount { layer: "rational", operation: "word-result", path: "cached-small-dyadic", count: 336097 }, DispatchCount { layer: "rational", operation: "word-result", path: "cached-small-general-fraction", count: 24344 }, DispatchCount { layer: "rational", operation: "word-result", path: "cached-small-integer", count: 147542 }, DispatchCount { layer: "rational", operation: "word-result", path: "dyadic-fraction", count: 1163433 }, DispatchCount { layer: "rational", operation: "word-result", path: "small-general-fraction", count: 28247 }, DispatchCount { layer: "rational", operation: "word-result", path: "uncached-integer-128-255", count: 619 }, DispatchCount { layer: "rational", operation: "word-result", path: "uncached-integer-256-1023", count: 259 }, DispatchCount { layer: "rational", operation: "word-result", path: "uncached-integer-65-127", count: 382 }, DispatchCount { layer: "rational", operation: "word-result", path: "uncached-integer-wide", count: 80 }, DispatchCount { layer: "rational", operation: "word-result", path: "unit", count: 34457 }, DispatchCount { layer: "rational", operation: "word-result", path: "wide-general-fraction", count: 5059 }, DispatchCount { layer: "rational", operation: "word-result", path: "zero", count: 674 }, DispatchCount { layer: "rational_algorithm", operation: "division-cross-denominator", path: "backend-basecase", count: 3060 }, DispatchCount { layer: "rational_algorithm", operation: "division-cross-numerator", path: "backend-basecase", count: 3060 }, DispatchCount { layer: "rational_algorithm", operation: "gcd", path: "binary-fixed-256", count: 440 }, DispatchCount { layer: "rational_algorithm", operation: "gcd", path: "binary-fixed-512", count: 135 }, DispatchCount { layer: "rational_algorithm", operation: "gcd", path: "binary-word", count: 7100 }, DispatchCount { layer: "rational_algorithm", operation: "gcd", path: "equal-wide", count: 34 }, DispatchCount { layer: "rational_algorithm", operation: "gcd", path: "euclidean-wide-remainder", count: 2762 }, DispatchCount { layer: "rational_algorithm", operation: "gcd", path: "euclidean-wide-word", count: 2196 }, DispatchCount { layer: "rational_algorithm", operation: "gcd", path: "identity-wide", count: 991 }, DispatchCount { layer: "rational_algorithm", operation: "gcd", path: "lehmer-leading-limb", count: 14 }, DispatchCount { layer: "rational_algorithm", operation: "gcd", path: "power-of-two-wide", count: 493374 }, DispatchCount { layer: "rational_algorithm", operation: "multiplication-denominator", path: "backend-basecase", count: 1286 }, DispatchCount { layer: "rational_algorithm", operation: "multiplication-dyadic-general", path: "backend-basecase", count: 4773 }, DispatchCount { layer: "rational_algorithm", operation: "multiplication-numerator", path: "backend-basecase", count: 1286 }, DispatchCount { layer: "rational_algorithm", operation: "multiplication-wide-dyadic", path: "backend-basecase", count: 5146 }, DispatchCount { layer: "rational_algorithm", operation: "reduction-denominator", path: "backend-knuth-basecase", count: 34 }, DispatchCount { layer: "rational_algorithm", operation: "reduction-denominator", path: "backend-single-limb", count: 1971 }, DispatchCount { layer: "rational_algorithm", operation: "reduction-numerator", path: "backend-knuth-basecase", count: 34 }, DispatchCount { layer: "rational_algorithm", operation: "reduction-numerator", path: "backend-single-limb", count: 125 }, DispatchCount { layer: "rational_algorithm", operation: "reduction-numerator", path: "backend-trivial-or-small-quotient", count: 1846 }, DispatchCount { layer: "rational_algorithm", operation: "root-extraction", path: "newton-nth-root", count: 660 }, DispatchCount { layer: "rational_algorithm", operation: "root-extraction", path: "newton-square-root", count: 4422 }, DispatchCount { layer: "real", operation: "add", path: "exact-rational-assign", count: 172390 }, DispatchCount { layer: "real", operation: "add", path: "generic-computable", count: 8273 }, DispatchCount { layer: "real", operation: "add", path: "lhs-zero", count: 1548 }, DispatchCount { layer: "real", operation: "add", path: "rhs-zero", count: 13519 }, DispatchCount { layer: "real", operation: "add", path: "same-symbolic-basis", count: 559351 }, DispatchCount { layer: "real", operation: "average_pair", path: "same-symbolic-basis", count: 983949 }, DispatchCount { layer: "real", operation: "certified_cmp_until", path: "difference-sign", count: 3814 }, DispatchCount { layer: "real", operation: "certified_cmp_until", path: "structural-equality", count: 355 }, DispatchCount { layer: "real", operation: "certified_cmp_until", path: "structural-facts", count: 2876 }, DispatchCount { layer: "real", operation: "certified_sign_until", path: "computable-refine", count: 273 }, DispatchCount { layer: "real", operation: "certified_sign_until", path: "structural-facts", count: 1126428 }, DispatchCount { layer: "real", operation: "constructor", path: "one", count: 291871 }, DispatchCount { layer: "real", operation: "constructor", path: "rational", count: 4060327 }, DispatchCount { layer: "real", operation: "constructor", path: "zero", count: 562369 }, DispatchCount { layer: "real", operation: "definitely_zero", path: "rational-sign", count: 166 }, DispatchCount { layer: "real", operation: "div", path: "lhs-rational-symbolic-inverse", count: 12290 }, DispatchCount { layer: "real", operation: "div", path: "same-class", count: 274471 }, DispatchCount { layer: "real", operation: "dot_product", path: "dot2-exact-rational-shared-denom", count: 49652 }, DispatchCount { layer: "real", operation: "dot_product", path: "dot3-exact-rational-shared-denom", count: 12 }, DispatchCount { layer: "real", operation: "inverse_ref", path: "generic", count: 296 }, DispatchCount { layer: "real", operation: "inverse_ref", path: "prechecked-one", count: 24 }, DispatchCount { layer: "real", operation: "inverse_ref", path: "prechecked-sqrt-rational-radical", count: 11994 }, DispatchCount { layer: "real", operation: "mul", path: "exact-rational", count: 892023 }, DispatchCount { layer: "real", operation: "mul", path: "lhs-rational-scale", count: 6980 }, DispatchCount { layer: "real", operation: "mul", path: "rhs-rational-scale", count: 8874 }, DispatchCount { layer: "real", operation: "mul", path: "symbolic-class-table", count: 785 }, DispatchCount { layer: "real", operation: "mul", path: "zero", count: 4254 }, DispatchCount { layer: "real", operation: "polynomial", path: "eval-poly-exact-rational", count: 548 }, DispatchCount { layer: "real", operation: "polynomial", path: "eval-poly-horner", count: 71 }, DispatchCount { layer: "real", operation: "product_sum", path: "diff-of-products", count: 44 }, DispatchCount { layer: "real", operation: "product_sum", path: "diff-of-products-exact-rational", count: 25 }, DispatchCount { layer: "real", operation: "product_sum", path: "exact-rational-known-shared-denom", count: 2102 }, DispatchCount { layer: "real", operation: "product_sum", path: "exact-rational-shared-denom", count: 203 }, DispatchCount { layer: "real", operation: "product_sum", path: "fixed-exact-rational", count: 203 }, DispatchCount { layer: "real", operation: "product_sum", path: "fixed-real-tree", count: 285 }, DispatchCount { layer: "real", operation: "product_sum", path: "mul-add", count: 71 }, DispatchCount { layer: "real", operation: "product_sum", path: "mul-add-zero-offset", count: 71 }, DispatchCount { layer: "real", operation: "sqrt", path: "quadratic-surd-perfect-square", count: 12 }, DispatchCount { layer: "real", operation: "sqrt", path: "rational-perfect-square", count: 107626 }, DispatchCount { layer: "real", operation: "sqrt", path: "rational-sqrt-special-form", count: 5995 }, DispatchCount { layer: "real", operation: "sqrt", path: "scaled-shared-sqrt-constant", count: 85 }, DispatchCount { layer: "real", operation: "structural_facts", path: "exact-rational", count: 1128678 }, DispatchCount { layer: "real", operation: "structural_facts", path: "scaled-computable", count: 11159 }, DispatchCount { layer: "real", operation: "structural_facts", path: "symbolic-nonzero-scale", count: 253 }, DispatchCount { layer: "real", operation: "sub", path: "exact-rational-assign", count: 1851 }, DispatchCount { layer: "real", operation: "sub", path: "generic-computable", count: 4523 }, DispatchCount { layer: "real", operation: "sub", path: "lhs-zero", count: 29 }, DispatchCount { layer: "real", operation: "sub", path: "rhs-zero", count: 146 }, DispatchCount { layer: "real", operation: "sub", path: "same-symbolic-basis", count: 275706 }, DispatchCount { layer: "real", operation: "zero_status", path: "scaled-computable", count: 957 }, DispatchCount { layer: "real", operation: "zero_status", path: "symbolic-nonzero-scale", count: 1037173 }, DispatchCount { layer: "real", operation: "zero_status", path: "zero-scale", count: 4138 }], rational: RationalTraceStats { temporary_rationals: 5911289, reductions: 1676522, gcds: 506986, common_factors: CommonFactorBuckets { none: 1676457, power_of_two: 494859, small: 1850, medium: 223, large: 1630 }, gcd_operand_widths: GcdOperandWidthBuckets { both_u64: 4071, mixed_u64_u128: 31, both_u128: 2938, arbitrary_precision: 499946 }, peak_operand_bits: 2057 } }
test algebraic_chord_erosion_splits_a_collapsed_neck_exactly ... FAILED
approximate-512 consumed caller=src/offset.rs:33
   0: <hypercurve::policy::CurveContext>::observe_approximate_512
   1: hypercurve::classify::real_sign
   2: <hypercurve::bezier_region::CurveRegion2>::offset::{closure#0}
   3: <hypercurve::bezier_region::CurveRegion2>::offset
   4: <hypercurve_curve_region_promotion::unified_region_offset_corner_options_obey_the_terminal_policy::{closure#0} as core::ops::function::FnOnce<()>>::call_once
   5: test::__rust_begin_short_backtrace::<core::result::Result<(), alloc::string::String>, fn() -> core::result::Result<(), alloc::string::String>>
   6: test::run_test::{closure#0}
   7: std::sys::backtrace::__rust_begin_short_backtrace::<test::run_test::{closure#1}, ()>
   8: <std::thread::lifecycle::spawn_unchecked<test::run_test::{closure#1}, ()>::{closure#1} as core::ops::function::FnOnce<()>>::call_once::{shim:vtable#0}
   9: <std::sys::thread::unix::Thread>::new::thread_start
  10: start_thread
  11: __clone3

test unified_region_offset_corner_options_obey_the_terminal_policy ... ok
test unified_region_offset_corner_styles_have_exact_area_and_miter_fallback ... ok
test unified_region_offset_expands_material_and_contracts_holes ... ok
test unified_region_offset_regularizes_overlapping_expanded_components ... ok
test unified_curved_erosion_composes_merging_holes_and_material_crossings ... ok
test unified_region_offsets_general_rational_boundary_identically_under_both_policies ... ok
test unified_region_offsets_quadratic_boundary_through_exact_parallel_arrangement ... ok
test unified_region_positive_offset_removes_exactly_collapsed_convex_hole ... ok
test unified_region_reuses_design_parameter_corner_solvers ... ok
test unified_region_offset_regularizes_overlapping_expanded_voids ... ok
test strict_trim_or_extend_analytic_parallel_support_corners_retain_algebraic_fillet_extensions ... ok
approximate-512 consumed caller=src/classify.rs:123
   0: <hypercurve::policy::CurveContext>::observe_approximate_512
   1: hypercurve::classify::classify_oriented_line
   2: <hypercurve::rational_bezier_general::RationalBezier2>::relation_to_line_with_contacts
   3: <hypercurve::rational_bezier::RationalQuadraticBezier2>::relation_to_line_with_contacts
   4: hypercurve::bezier_region::classify_point_with_retained_ray_skipping_origin
   5: hypercurve::bezier_region::classify_point_against_retained_loop_with_fill_rule
   6: hypercurve::bezier_region::classify_point_against_retained_loops
   7: <hypercurve::bezier_region::CurveRegion2>::classify_point_raw
   8: <hypercurve::curve_region_boolean::CurveRegionBooleanContext>::classify_point_evidence_off_boundary
   9: <hypercurve::curve_region_boolean::CurveRegionBooleanContext>::fragment_location
  10: <hypercurve::curve_region_boolean::CurveRegionBooleanContext>::build_boolean_topology
  11: <hypercurve::curve_region_boolean::CurveRegionBooleanContext>::build_boolean_region
  12: <hypercurve::bezier_region::CurveRegion2>::boolean_region_raw
  13: <hypercurve::bezier_region::CurveRegion2>::offset::{closure#0}
  14: <hypercurve::bezier_region::CurveRegion2>::offset
  15: <hypercurve_curve_region_promotion::unified_region_non_miter_erosions_split_after_neck_collapse::{closure#0} as core::ops::function::FnOnce<()>>::call_once
  16: test::__rust_begin_short_backtrace::<core::result::Result<(), alloc::string::String>, fn() -> core::result::Result<(), alloc::string::String>>
  17: test::run_test::{closure#0}
  18: std::sys::backtrace::__rust_begin_short_backtrace::<test::run_test::{closure#1}, ()>
  19: <std::thread::lifecycle::spawn_unchecked<test::run_test::{closure#1}, ()>::{closure#1} as core::ops::function::FnOnce<()>>::call_once::{shim:vtable#0}
  20: <std::sys::thread::unix::Thread>::new::thread_start
  21: start_thread
  22: __clone3


thread 'unified_region_non_miter_erosions_split_after_neck_collapse' (418) panicked at tests/hypercurve_curve_region_promotion.rs:6506:13:
assertion `left == right` failed
  left: Approximate512Consumed
 right: Certified
test unified_region_non_miter_erosions_split_after_neck_collapse ... FAILED
test exact_high_degree_elevations_reenter_the_quadratic_corner_kernel ... ok
approximate-512 consumed caller=src/bezier_offset.rs:18536
   0: <hypercurve::policy::CurveContext>::observe_approximate_512
   1: hypercurve::bezier_offset::dense_polynomial_tuple_sign_owned
   2: hypercurve::bezier_offset::dense_polynomial_tuple_sign
   3: hypercurve::bezier_offset::dense_positive_square_root_sum_sign
   4: <hypercurve::bezier_offset::BezierAlgebraicCuspSemicircle2>::represented_point_incidence_sign
   5: <hypercurve::bezier_offset::BezierAlgebraicCuspSemicircle2>::retained_point_incidence_sign
   6: <hypercurve::bezier_offset::BezierAlgebraicCuspSemicircleFragment2>::certified_adjacent_chord_is_endpoint_only::{closure#12}
   7: <hypercurve::bezier_offset::BezierAlgebraicCuspSemicircleFragment2>::certified_adjacent_chord_is_endpoint_only
   8: <hypercurve::curve_region_boolean::CurveRegionBooleanContext>::certified_cusp_chord_endpoint_contact
   9: <hypercurve::curve_region_boolean::CurveRegionBooleanContext>::pair_result
  10: <hypercurve::curve_region_boolean::CurveRegionBooleanContext>::build_split_topology
  11: <hypercurve::curve_region_boolean::CurveRegionBooleanContext>::build_regularized_region
  12: <hypercurve::bezier_region::CurveRegion2>::regularized_region_raw
  13: hypercurve::bezier_region::regularized_exact_offset_band_arrangement
  14: <hypercurve::bezier_region::CurveRegion2>::offset::{closure#0}
  15: <hypercurve::bezier_region::CurveRegion2>::offset
  16: hyperreal::dispatch_trace::with_recording::<core::result::Result<hypercurve::policy::CurveOutcome<hypercurve::bezier_region::CurveRegion2>, hypercurve::error::ExactCurveError>, hypercurve_curve_region_promotion::selected_algebraic_round_joins_reenter_exact_region_offsets::{closure#0}>
  17: <hypercurve_curve_region_promotion::selected_algebraic_round_joins_reenter_exact_region_offsets::{closure#0} as core::ops::function::FnOnce<()>>::call_once
  18: test::__rust_begin_short_backtrace::<core::result::Result<(), alloc::string::String>, fn() -> core::result::Result<(), alloc::string::String>>
  19: test::run_test::{closure#0}
  20: std::sys::backtrace::__rust_begin_short_backtrace::<test::run_test::{closure#1}, ()>
  21: <std::thread::lifecycle::spawn_unchecked<test::run_test::{closure#1}, ()>::{closure#1} as core::ops::function::FnOnce<()>>::call_once::{shim:vtable#0}
  22: <std::sys::thread::unix::Thread>::new::thread_start
  23: start_thread
  24: __clone3

test nonconvex_algebraic_chord_expansion_is_exact_and_local_collapse_is_explicit ... ok
test unified_region_nonorthogonal_erosion_splits_through_the_exact_wavefront ... ok
test unified_region_exact_neck_event_uses_post_event_topology ... ok

thread 'selected_algebraic_round_joins_reenter_exact_region_offsets' (380) panicked at tests/hypercurve_curve_region_promotion.rs:2344:9:
assertion `left == right` failed
  left: Approximate512Consumed
 right: Certified
test selected_algebraic_round_joins_reenter_exact_region_offsets ... FAILED
test non_ph_bezier_pair_fillet_retains_general_selected_circle ... ok
test algebraic_chord_material_hole_contact_and_hole_collapse_are_exact ... ok
test sheared_algebraic_chord_erosion_splits_a_collapsed_neck_exactly ... ok
test rotated_algebraic_chord_erosion_splits_a_collapsed_neck_exactly ... ok
test algebraic_chord_non_miter_erosions_split_a_collapsed_neck_exactly ... ok
test non_ph_bezier_pair_projective_fillet_retains_algebraic_extensions ... ok
test approximate_512_trim_or_extend_analytic_parallel_support_corners_retain_algebraic_fillet_extensions has been running for over 60 seconds
approximate-512 consumed caller=src/bezier_parameter.rs:2623
   0: <hypercurve::policy::CurveContext>::observe_approximate_512
   1: hypercurve::classify::real_sign
   2: <hypercurve::bezier_parameter::BezierParameter2>::refined_isolating_interval
   3: <hypercurve::bezier_parameter::BezierParameterRefinement2>::refine_to
   4: <hypercurve::bezier_offset::BezierAlgebraicCuspSemicircle2>::represented_oblique_chord_intersections_in_domain
   5: <hypercurve::bezier_offset::BezierAlgebraicCuspSemicircle2>::retained_represented_oblique_chord_intersections_in_domain
   6: <hypercurve::bezier_offset::BezierAlgebraicCuspSemicircle2>::chord_intersections_in_domain_once
   7: <hypercurve::bezier_offset::BezierAlgebraicCuspSemicircle2>::chord_intersections_in_domain_with_exact_line_preference
   8: <hypercurve::curve_region_boolean::CurveRegionBooleanContext>::pair_result
   9: <hypercurve::curve_region_boolean::CurveRegionBooleanContext>::build_split_topology
  10: <hypercurve::curve_region_boolean::CurveRegionBooleanContext>::build_regularized_region
  11: <hypercurve::bezier_region::CurveRegion2>::regularized_region_raw
  12: <hypercurve::bezier_region::CurveRegion2>::offset_exact_boundary_walk_raw
  13: <hypercurve::bezier_region::CurveRegion2>::offset::{closure#0}
  14: <hypercurve::bezier_region::CurveRegion2>::offset
  15: hypercurve_curve_region_promotion::assert_analytic_parallel_support_corners_retain_algebraic_fillet_centers_and_extensions
  16: <hypercurve_curve_region_promotion::approximate_512_trim_or_extend_analytic_parallel_support_corners_retain_algebraic_fillet_extensions::{closure#0} as core::ops::function::FnOnce<()>>::call_once
  17: test::__rust_begin_short_backtrace::<core::result::Result<(), alloc::string::String>, fn() -> core::result::Result<(), alloc::string::String>>
  18: test::run_test::{closure#0}
  19: std::sys::backtrace::__rust_begin_short_backtrace::<test::run_test::{closure#1}, ()>
  20: <std::thread::lifecycle::spawn_unchecked<test::run_test::{closure#1}, ()>::{closure#1} as core::ops::function::FnOnce<()>>::call_once::{shim:vtable#0}
  21: <std::sys::thread::unix::Thread>::new::thread_start
  22: start_thread
  23: __clone3


thread 'approximate_512_trim_or_extend_analytic_parallel_support_corners_retain_algebraic_fillet_extensions' (342) panicked at tests/hypercurve_curve_region_promotion.rs:4759:17:
the retained analytic fillet must re-enter the offset kernel: policy=CurveContext(1), mode=TrimOrExtend, corner=0, candidate=1, source_fragments=["analytic-parallel", "materialized", "chord", "materialized", "chord", "materialized", "chord", "materialized"], fragments=["selected-circle", "selected-circle", "analytic-parallel", "materialized", "chord", "materialized", "chord", "materialized", "chord", "chord"], error=Blocked(ExactCurveBlocker { operation: Offset, family: RationalBezier, reason: Unsupported })
test approximate_512_trim_or_extend_analytic_parallel_support_corners_retain_algebraic_fillet_extensions ... FAILED

failures:

failures:
    algebraic_chord_erosion_splits_a_collapsed_neck_exactly
    approximate_512_trim_or_extend_analytic_parallel_support_corners_retain_algebraic_fillet_extensions
    axis_aligned_algebraic_chords_reenter_exact_region_offsets
    rotated_algebraic_round_regions_boolean_through_oblique_three_field_contacts
    selected_algebraic_round_joins_reenter_exact_region_offsets
    unified_region_non_miter_erosions_split_after_neck_collapse

test result: FAILED. 94 passed; 6 failed; 0 ignored; 0 measured; 0 filtered out; finished in 95.60s

error: test failed, to rerun pass `--test hypercurve_curve_region_promotion`
