
running 1 test
test bezier_offset::conversion_tests::recursive_selected_radial_diameter_chord_intersects_a_rational_quadratic_strict ... ok

test result: ok. 1 passed; 0 failed; 0 ignored; 0 measured; 881 filtered out; finished in 79.90s

	Command being timed: "/tmp/hypercurve-radial-profile.5RGDwj/release/deps/hypercurve-e9242af33c6097f7 bezier_offset::conversion_tests::recursive_selected_radial_diameter_chord_intersects_a_rational_quadratic_strict --exact --nocapture --test-threads=1"
	User time (seconds): 76.43
	System time (seconds): 0.10
	Percent of CPU this job got: 95%
	Elapsed (wall clock) time (h:mm:ss or m:ss): 1:19.90
	Average shared text size (kbytes): 0
	Average unshared data size (kbytes): 0
	Average stack size (kbytes): 0
	Average total size (kbytes): 0
	Maximum resident set size (kbytes): 44220
	Average resident set size (kbytes): 0
	Major (requiring I/O) page faults: 0
	Minor (reclaiming a frame) page faults: 7853
	Voluntary context switches: 3
	Involuntary context switches: 6031
	Swaps: 0
	File system inputs: 0
	File system outputs: 0
	Socket messages sent: 0
	Socket messages received: 0
	Signals delivered: 0
	Page size (bytes): 4096
	Exit status: 0
[ perf record: Woken up 8 times to write data ]
[ perf record: Captured and wrote 3.717 MB /tmp/hypercurve-active-radical-chord.perf (7686 samples) ]
