   Compiling hyperreal v0.13.1 (/home/tim/Documents/GitHub/workspace/hyperreal)
   Compiling hyperlattice v0.6.1 (/home/tim/Documents/GitHub/workspace/hyperlattice)
   Compiling hyperlimit v0.4.1 (/home/tim/Documents/GitHub/workspace/hyperlimit)
   Compiling hypersolve v0.3.1 (/home/tim/Documents/GitHub/workspace/hypersolve)
    Finished `bench` profile [optimized] target(s) in 29.99s
     Running benches/certification.rs (target/release/deps/certification-39188de7fcb06800)
Benchmarking certify_multivariate_quadratic_krawczyk_square/1
Benchmarking certify_multivariate_quadratic_krawczyk_square/1: Warming up for 200.00 ms
Benchmarking certify_multivariate_quadratic_krawczyk_square/1: Collecting 30 samples in estimated 500.81 ms (286k iterations)
Benchmarking certify_multivariate_quadratic_krawczyk_square/1: Analyzing
certify_multivariate_quadratic_krawczyk_square/1
                        time:   [1.6955 µs 1.7073 µs 1.7197 µs]
Found 3 outliers among 30 measurements (10.00%)
  3 (10.00%) high mild

Benchmarking certify_multivariate_quadratic_krawczyk_square/2
Benchmarking certify_multivariate_quadratic_krawczyk_square/2: Warming up for 200.00 ms
Benchmarking certify_multivariate_quadratic_krawczyk_square/2: Collecting 30 samples in estimated 500.55 ms (101k iterations)
Benchmarking certify_multivariate_quadratic_krawczyk_square/2: Analyzing
certify_multivariate_quadratic_krawczyk_square/2
                        time:   [4.8691 µs 4.8796 µs 4.8915 µs]
Found 3 outliers among 30 measurements (10.00%)
  1 (3.33%) high mild
  2 (6.67%) high severe

Benchmarking certify_multivariate_quadratic_krawczyk_square/4
Benchmarking certify_multivariate_quadratic_krawczyk_square/4: Warming up for 200.00 ms
Benchmarking certify_multivariate_quadratic_krawczyk_square/4: Collecting 30 samples in estimated 516.39 ms (13k iterations)
Benchmarking certify_multivariate_quadratic_krawczyk_square/4: Analyzing
certify_multivariate_quadratic_krawczyk_square/4
                        time:   [39.978 µs 40.089 µs 40.235 µs]
Found 2 outliers among 30 measurements (6.67%)
  1 (3.33%) high mild
  1 (3.33%) high severe

Benchmarking certify_multivariate_quadratic_krawczyk_square/8
Benchmarking certify_multivariate_quadratic_krawczyk_square/8: Warming up for 200.00 ms
Benchmarking certify_multivariate_quadratic_krawczyk_square/8: Collecting 30 samples in estimated 503.84 ms (1395 iterations)
Benchmarking certify_multivariate_quadratic_krawczyk_square/8: Analyzing
certify_multivariate_quadratic_krawczyk_square/8
                        time:   [348.63 µs 350.97 µs 353.61 µs]
Found 4 outliers among 30 measurements (13.33%)
  4 (13.33%) high mild

