bezier_evaluation_quadratic: 500000 iterations in 214.050394ms (428ns/iter)
bezier_evaluation_cubic: 500000 iterations in 384.984853ms (769ns/iter)
bezier_polynomial_evaluation_rational_32: 20000 iterations in 118.350429ms (5.917µs/iter), certified=20000
bezier_polynomial_evaluation_symbolic_32: 2000 iterations in 401.697593ms (200.848µs/iter), certified=2000
bezier_polynomial_evaluation_nested_quadratic: 10000 iterations in 30.130873ms (3.013µs/iter), certified=10000
bezier_polynomial_evaluation_balanced_128: 2000 iterations in 9.375286439s (4.687643ms/iter), certified=2000
	Command being timed: "taskset -c 7 /tmp/hypercurve-authoritative-polynomial-baseline-benchmark"
	User time (seconds): 9.99
	System time (seconds): 0.04
	Percent of CPU this job got: 95%
	Elapsed (wall clock) time (h:mm:ss or m:ss): 0:10.52
	Average shared text size (kbytes): 0
	Average unshared data size (kbytes): 0
	Average stack size (kbytes): 0
	Average total size (kbytes): 0
	Maximum resident set size (kbytes): 4280
	Average resident set size (kbytes): 0
	Major (requiring I/O) page faults: 0
	Minor (reclaiming a frame) page faults: 374
	Voluntary context switches: 1
	Involuntary context switches: 7635
	Swaps: 0
	File system inputs: 0
	File system outputs: 0
	Socket messages sent: 0
	Socket messages received: 0
	Signals delivered: 0
	Page size (bytes): 4096
	Exit status: 0
