   Compiling hyperreal v0.13.1 (/home/tim/Documents/GitHub/workspace/hyperreal)
   Compiling hyperlattice v0.6.1 (/home/tim/Documents/GitHub/workspace/hyperlattice)
   Compiling hyperlimit v0.4.1 (/home/tim/Documents/GitHub/workspace/hyperlimit)
   Compiling hypersolve v0.3.1 (/home/tim/Documents/GitHub/workspace/hypersolve)
    Finished `release` profile [optimized] target(s) in 42.86s
     Running `target/release/examples/allocation_profile 4`
Hypersolve allocation profile (4 iterations per row)

Type sizes: Real=48 Problem=48 Expr=48 SparseResidualTerm=64 bytes

| Certificate | Operation | allocs/op | deallocs/op | bytes/op | reallocs/op | peak live bytes | end live delta |
| --- | --- | ---: | ---: | ---: | ---: | ---: | ---: |
| One | analysis + certification | 38.00 | 38.00 | 7558.0 | 2.00 | 4904 | 0 |
| One | dense Bareiss + proof | 10.00 | 10.00 | 816.0 | 0.00 | 720 | 0 |
| One | sparse exact replay | 7.00 | 7.00 | 1536.0 | 0.00 | 1216 | 0 |
| Pi | analysis + certification | 93.00 | 93.00 | 11422.0 | 2.00 | 5756 | 0 |
| Pi | dense Bareiss + proof | 37.00 | 37.00 | 2760.0 | 0.00 | 1624 | 0 |
| Pi | sparse exact replay | 12.00 | 12.00 | 1896.0 | 0.00 | 1288 | 0 |
| PiPow | analysis + certification | 187.00 | 187.00 | 18190.0 | 2.00 | 7196 | 0 |
| PiPow | dense Bareiss + proof | 91.00 | 91.00 | 6536.0 | 0.00 | 3208 | 0 |
| PiPow | sparse exact replay | 22.00 | 22.00 | 2616.0 | 0.00 | 1552 | 0 |
| PiInv | analysis + certification | 141.00 | 141.00 | 14542.0 | 2.00 | 6004 | 0 |
| PiInv | dense Bareiss + proof | 60.00 | 60.00 | 4416.0 | 0.00 | 1696 | 0 |
| PiInv | sparse exact replay | 17.00 | 17.00 | 2256.0 | 0.00 | 1288 | 0 |
| PiExp | analysis + certification | 223.00 | 223.00 | 19326.0 | 2.00 | 7084 | 0 |
| PiExp | dense Bareiss + proof | 83.00 | 83.00 | 6072.0 | 0.00 | 3208 | 0 |
| PiExp | sparse exact replay | 22.00 | 22.00 | 2616.0 | 0.00 | 1552 | 0 |
| PiInvExp | analysis + certification | 265.00 | 265.00 | 22350.0 | 2.00 | 7228 | 0 |
| PiInvExp | dense Bareiss + proof | 106.00 | 106.00 | 7728.0 | 0.00 | 3208 | 0 |
| PiInvExp | sparse exact replay | 27.00 | 27.00 | 2976.0 | 0.00 | 1552 | 0 |
| PiSqrt | analysis + certification | 238.00 | 238.00 | 19590.0 | 2.00 | 7100 | 0 |
| PiSqrt | dense Bareiss + proof | 137.00 | 137.00 | 8392.0 | 0.00 | 4088 | 0 |
| PiSqrt | sparse exact replay | 32.00 | 32.00 | 3016.0 | 0.00 | 1872 | 0 |
| ConstProduct | analysis + certification | 356.00 | 356.00 | 26718.0 | 2.00 | 8620 | 0 |
| ConstProduct | dense Bareiss + proof | 182.00 | 182.00 | 11016.0 | 0.00 | 4968 | 0 |
| ConstProduct | sparse exact replay | 38.00 | 38.00 | 3432.0 | 0.00 | 2192 | 0 |
| ConstOffset | analysis + certification | 84.00 | 84.00 | 8902.0 | 2.00 | 5180 | 0 |
| ConstOffset | dense Bareiss + proof | 636.00 | 636.00 | 34680.0 | 35.00 | 4992 | 0 |
| ConstOffset | sparse exact replay | 13.00 | 13.00 | 1680.0 | 0.00 | 1240 | 0 |
| ConstProductSqrt | analysis + certification | 538.00 | 538.00 | 35790.0 | 2.00 | 10012 | 0 |
| ConstProductSqrt | dense Bareiss + proof | 303.00 | 303.00 | 17104.0 | 0.00 | 7520 | 0 |
| ConstProductSqrt | sparse exact replay | 63.00 | 63.00 | 4680.0 | 0.00 | 3120 | 0 |
| Sqrt | analysis + certification | 149.00 | 149.00 | 13182.0 | 2.00 | 5804 | 0 |
| Sqrt | dense Bareiss + proof | 79.00 | 79.00 | 4312.0 | 0.00 | 2360 | 0 |
| Sqrt | sparse exact replay | 22.00 | 22.00 | 2296.0 | 0.00 | 1368 | 0 |
| Exp | analysis + certification | 424.00 | 424.00 | 25846.0 | 2.00 | 6460 | 0 |
| Exp | dense Bareiss + proof | 233.00 | 233.00 | 11272.0 | 0.00 | 2688 | 0 |
| Exp | sparse exact replay | 52.00 | 52.00 | 3656.0 | 0.00 | 1536 | 0 |
| Ln | analysis + certification | 99.00 | 99.00 | 11518.0 | 2.00 | 5788 | 0 |
| Ln | dense Bareiss + proof | 601.00 | 601.00 | 31632.0 | 37.00 | 5064 | 0 |
| Ln | sparse exact replay | 12.00 | 12.00 | 1896.0 | 0.00 | 1288 | 0 |
| LnAffine | analysis + certification | 713.00 | 713.00 | 40262.0 | 2.00 | 7660 | 0 |
| LnAffine | dense Bareiss + proof | 1125.00 | 1125.00 | 53344.0 | 37.00 | 7784 | 0 |
| LnAffine | sparse exact replay | 98.00 | 98.00 | 5912.0 | 0.00 | 1984 | 0 |
| LnProduct | analysis + certification | 195.00 | 195.00 | 16582.0 | 2.00 | 7292 | 0 |
| LnProduct | dense Bareiss + proof | 805.00 | 805.00 | 42512.0 | 57.00 | 7272 | 0 |
| LnProduct | sparse exact replay | 28.00 | 28.00 | 2712.0 | 0.00 | 1616 | 0 |
| Log10 | analysis + certification | 193.00 | 193.00 | 18622.0 | 2.00 | 7916 | 0 |
| Log10 | dense Bareiss + proof | 1232.00 | 1232.00 | 60888.0 | 76.00 | 8464 | 0 |
| Log10 | sparse exact replay | 27.00 | 27.00 | 2976.0 | 0.00 | 1840 | 0 |
| Log2 | analysis + certification | 193.00 | 193.00 | 18622.0 | 2.00 | 7916 | 0 |
| Log2 | dense Bareiss + proof | 1290.00 | 1290.00 | 62168.0 | 85.00 | 8464 | 0 |
| Log2 | sparse exact replay | 27.00 | 27.00 | 2976.0 | 0.00 | 1840 | 0 |
| Pow10 | analysis + certification | 193.00 | 193.00 | 18622.0 | 2.00 | 7916 | 0 |
| Pow10 | dense Bareiss + proof | 2262.00 | 2262.00 | 144264.0 | 243.00 | 8976 | 0 |
| Pow10 | sparse exact replay | 27.00 | 27.00 | 2976.0 | 0.00 | 1840 | 0 |
| Pow2 | analysis + certification | 193.00 | 193.00 | 18622.0 | 2.00 | 7916 | 0 |
| Pow2 | dense Bareiss + proof | 2048.00 | 2048.00 | 125400.0 | 199.00 | 8976 | 0 |
| Pow2 | sparse exact replay | 27.00 | 27.00 | 2976.0 | 0.00 | 1840 | 0 |
| SinPi | analysis + certification | 306.00 | 306.00 | 25438.0 | 2.00 | 8012 | 0 |
| SinPi | dense Bareiss + proof | 2514.00 | 2514.00 | 127160.0 | 183.00 | 8976 | 0 |
| SinPi | sparse exact replay | 42.00 | 42.00 | 3816.0 | 0.00 | 1936 | 0 |
| TanPi | analysis + certification | 203.00 | 203.00 | 19942.0 | 2.00 | 7916 | 0 |
| TanPi | dense Bareiss + proof | 7825.00 | 7825.00 | 402064.0 | 769.00 | 8976 | 0 |
| TanPi | sparse exact replay | 27.00 | 27.00 | 2976.0 | 0.00 | 1840 | 0 |
| Irrational | analysis + certification | 45.00 | 45.00 | 7966.0 | 2.00 | 5048 | 0 |
| Irrational | dense Bareiss + proof | 730.00 | 730.00 | 38376.0 | 38.00 | 4272 | 0 |
| Irrational | sparse exact replay | 7.00 | 7.00 | 1536.0 | 0.00 | 1216 | 0 |
