curve_region_clone: 1000000 iterations in 3.465623ms (3ns/iter), checksum=1000000
curve_region_empty: 1000000 iterations in 3.112057ms (3ns/iter), checksum=0
cubic_bezier_exact_area_moments: 20000 iterations in 280.224995ms (14.011µs/iter)
cubic_bezier_prefix_area_moments: 20000 iterations in 362.513835ms (18.125µs/iter)
cubic_bezier_prefix_length_bounds: 20000 iterations in 79.759243ms (3.987µs/iter)
curve_region_boolean_immediate_union: 1000 iterations in 180.063409ms (180.063µs/iter), checksum=0
curve_region_boolean_immediate_all_ops: 1000 iterations in 355.127399ms (355.127µs/iter), checksum=0
curve_region_boolean_retained_algebraic_all_ops: 100 iterations in 21.181711ms (211.817µs/iter), checksum=1100
bezier_region_algebraic_ray_classification: 2000 iterations in 110.040041ms (55.02µs/iter), checksum=4000
bezier_region_materialization: 20000 iterations in 57.835593ms (2.891µs/iter), checksum=0
curve_region_cached_classification: 2000 iterations in 71.03378ms (35.516µs/iter), checksum=4000
curve_region_immediate_native_signed_depth: 2000 iterations in 1.732201ms (866ns/iter), checksum=2000
bezier_retained_region_materialization: 20000 iterations in 245.729196ms (12.286µs/iter), checksum=0
curve_region_cached_algebraic_classification: 2000 iterations in 91.129415ms (45.564µs/iter), checksum=4000
bezier_retained_algebraic_source_envelope: 20000 iterations in 277.649162ms (13.882µs/iter), checksum=0
bezier_retained_algebraic_exact_endpoint_envelope: 20000 iterations in 119.211953ms (5.96µs/iter), checksum=0
bezier_retained_algebraic_line_authoritative_roles: 20000 iterations in 2.777944113s (138.897µs/iter), checksum=0
bezier_resolved_overlap_region_materialization: 20000 iterations in 479.551056ms (23.977µs/iter), checksum=0
bezier_conic_region_exact_area: 20000 iterations in 526.649033ms (26.332µs/iter), checksum=0
	Command being timed: "taskset -c 7 /tmp/hypercurve-active-radical-region-baseline-benchmark"
	User time (seconds): 5.84
	System time (seconds): 0.01
	Percent of CPU this job got: 96%
	Elapsed (wall clock) time (h:mm:ss or m:ss): 0:06.04
	Average shared text size (kbytes): 0
	Average unshared data size (kbytes): 0
	Average stack size (kbytes): 0
	Average total size (kbytes): 0
	Maximum resident set size (kbytes): 10072
	Average resident set size (kbytes): 0
	Major (requiring I/O) page faults: 0
	Minor (reclaiming a frame) page faults: 443
	Voluntary context switches: 1
	Involuntary context switches: 4150
	Swaps: 0
	File system inputs: 0
	File system outputs: 0
	Socket messages sent: 0
	Socket messages received: 0
	Signals delivered: 0
	Page size (bytes): 4096
	Exit status: 0
