rational_bezier_large_cold_evaluation_16_controls: 10000 iterations in 288.753511ms (28.875µs/iter), checksum=0
rational_bezier_large_cached_evaluation_16_controls: 10000 iterations in 15.712593ms (1.571µs/iter), checksum=0
	Command being timed: "taskset -c 7 env HYPERCURVE_BENCH_RATIONAL_ONLY=1 HYPERCURVE_BENCH_RATIONAL_OPERATION=evaluation HYPERCURVE_BENCH_RATIONAL_CONTROLS=16 HYPERCURVE_BENCH_RATIONAL_ITERATIONS=10000 /tmp/hypercurve-native-horner-frozen-candidate-rational"
	User time (seconds): 0.30
	System time (seconds): 0.00
	Percent of CPU this job got: 99%
	Elapsed (wall clock) time (h:mm:ss or m:ss): 0:00.30
	Average shared text size (kbytes): 0
	Average unshared data size (kbytes): 0
	Average stack size (kbytes): 0
	Average total size (kbytes): 0
	Maximum resident set size (kbytes): 4972
	Average resident set size (kbytes): 0
	Major (requiring I/O) page faults: 0
	Minor (reclaiming a frame) page faults: 393
	Voluntary context switches: 1
	Involuntary context switches: 9
	Swaps: 0
	File system inputs: 0
	File system outputs: 0
	Socket messages sent: 0
	Socket messages received: 0
	Signals delivered: 0
	Page size (bytes): 4096
	Exit status: 0
