bezier_parameter_normal_form_zero_cold: 20000 iterations in 206.665595ms (10.333µs/iter), equal=20000
bezier_parameter_normal_form_zero_reused: 20000 iterations in 951.754µs (47ns/iter), equal=20000
bezier_parameter_bernstein_32_to_power: 20000 iterations in 394.608071ms (19.73µs/iter), degree_checksum=640000
bezier_algebraic_parameter_sturm: 20000 iterations in 75.072678ms (3.753µs/iter), total=40000
bezier_algebraic_parameter_refined_ordering: 10000 iterations in 121.680966ms (12.168µs/iter), ordered=10000
bezier_algebraic_parameter_refined_even_root_ordering: 10000 iterations in 448.546197ms (44.854µs/iter), ordered=10000
bezier_parameter_quintic_unit_isolation: 2000 iterations in 63.65453ms (31.827µs/iter), isolated=10000, sturm_builds=1, interval_counts=19, bisections=9, rational_refinements=0, max_depth=5
bezier_parameter_boundary_root_isolation: 2000 iterations in 85.926345ms (42.963µs/iter), isolated=2000, interval_counts=263, bisections=130, max_depth=130
bezier_algebraic_parameter_exact_rational_reconstruction: 500000 iterations in 17.028084ms (34ns/iter), reconstructed=500000
bezier_algebraic_point_tangent_image: 20000 iterations in 47.58529ms (2.379µs/iter), transformed=40000
rational_bezier_algebraic_point_tangent_image: 20000 iterations in 1.140762ms (57ns/iter), transformed=40000
	Command being timed: "taskset -c 7 /tmp/hypercurve-normal-form-facts-parameter-candidate-benchmark"
	User time (seconds): 1.42
	System time (seconds): 0.00
	Percent of CPU this job got: 97%
	Elapsed (wall clock) time (h:mm:ss or m:ss): 0:01.46
	Average shared text size (kbytes): 0
	Average unshared data size (kbytes): 0
	Average stack size (kbytes): 0
	Average total size (kbytes): 0
	Maximum resident set size (kbytes): 4936
	Average resident set size (kbytes): 0
	Major (requiring I/O) page faults: 0
	Minor (reclaiming a frame) page faults: 311
	Voluntary context switches: 1
	Involuntary context switches: 1060
	Swaps: 0
	File system inputs: 0
	File system outputs: 0
	Socket messages sent: 0
	Socket messages received: 0
	Signals delivered: 0
	Page size (bytes): 4096
	Exit status: 0
