Coverage configuration: no features
   Compiling autocfg v1.5.0
   Compiling proc-macro2 v1.0.106
   Compiling quote v1.0.45
   Compiling unicode-ident v1.0.24
   Compiling libc v0.2.186
   Compiling cfg-if v1.0.4
   Compiling zerocopy v0.8.48
   Compiling crossbeam-utils v0.8.21
   Compiling serde_core v1.0.228
   Compiling getrandom v0.3.4
   Compiling rustix v1.1.4
   Compiling serde v1.0.228
   Compiling getrandom v0.4.2
   Compiling zmij v1.0.21
   Compiling rayon-core v1.13.0
   Compiling bitflags v2.11.1
   Compiling bytemuck v1.25.2
   Compiling once_cell v1.21.4
   Compiling linux-raw-sys v0.12.1
   Compiling regex-syntax v0.8.10
   Compiling either v1.15.0
   Compiling serde_json v1.0.149
   Compiling safe_arch v1.2.0
   Compiling fastrand v2.4.1
   Compiling plotters-backend v0.3.7
   Compiling itoa v1.0.18
   Compiling clap_lex v1.1.0
   Compiling ciborium-io v0.2.2
   Compiling memchr v2.8.0
   Compiling num-traits v0.2.19
   Compiling matrixmultiply v0.3.11
   Compiling anstyle v1.0.14
   Compiling itertools v0.10.5
   Compiling same-file v1.0.6
   Compiling quick-error v1.2.3
   Compiling rawpointer v0.2.1
   Compiling fnv v1.0.7
   Compiling plotters-svg v0.3.7
   Compiling wide v1.7.0
   Compiling clap_builder v4.6.0
   Compiling cast v0.3.0
   Compiling bit-vec v0.8.0
   Compiling walkdir v2.5.0
   Compiling unarray v0.1.4
   Compiling crossbeam-epoch v0.9.18
   Compiling bit-set v0.8.0
   Compiling typenum v1.20.1
   Compiling oorandom v11.1.5
   Compiling syn v2.0.117
   Compiling crossbeam-deque v0.8.6
   Compiling anes v0.1.6
   Compiling roots v0.0.8
   Compiling wait-timeout v0.2.1
   Compiling is-terminal v0.4.17
   Compiling num-integer v0.1.46
   Compiling num-complex v0.4.6
   Compiling rand_core v0.9.5
   Compiling approx v0.5.1
   Compiling criterion-plot v0.5.0
   Compiling rand_xorshift v0.4.0
   Compiling rand v0.9.4
   Compiling plotters v0.3.7
   Compiling num-bigint v0.4.6
   Compiling num-iter v0.1.45
   Compiling rayon v1.12.0
   Compiling regex-automata v0.4.14
   Compiling tempfile v3.27.0
   Compiling rusty-fork v0.3.1
   Compiling clap v4.6.1
   Compiling num-rational v0.4.2
   Compiling num v0.4.3
   Compiling hyperreal v0.13.1 (/home/tim/Documents/GitHub/workspace/hyperreal)
   Compiling regex v1.12.3
   Compiling zerocopy-derive v0.8.48
   Compiling serde_derive v1.0.228
   Compiling tinytemplate v1.2.1
   Compiling hyperlattice v0.6.1 (/home/tim/Documents/GitHub/workspace/hyperlattice)
   Compiling simba v0.10.2
   Compiling half v2.7.1
   Compiling ppv-lite86 v0.2.21
   Compiling ciborium-ll v0.2.2
   Compiling rand_chacha v0.9.0
   Compiling ciborium v0.2.2
   Compiling proptest v1.11.0
   Compiling hyperlimit v0.4.1 (/home/tim/Documents/GitHub/workspace/hyperlimit)
   Compiling criterion v0.5.1
   Compiling hypersolve v0.3.1 (/home/tim/Documents/GitHub/workspace/hypersolve)
   Compiling nalgebra v0.35.0
    Finished `test` profile [unoptimized + debuginfo] target(s) in 25.07s

running 423 tests
....................................................................................... 87/423
....................................................................................... 174/423
....................................................................................... 261/423
....................................................................................... 348/423
...........................................................................
test result: ok. 423 passed; 0 failed; 0 ignored; 0 measured; 0 filtered out; finished in 7.17s


running 9 tests
.........
test result: ok. 9 passed; 0 failed; 0 ignored; 0 measured; 0 filtered out; finished in 0.10s


running 2 tests
..
test result: ok. 2 passed; 0 failed; 0 ignored; 0 measured; 0 filtered out; finished in 0.00s


running 4 tests
....
test result: ok. 4 passed; 0 failed; 0 ignored; 0 measured; 0 filtered out; finished in 0.12s


running 131 tests
....................................................................................... 87/131
............................................
test result: ok. 131 passed; 0 failed; 0 ignored; 0 measured; 0 filtered out; finished in 6.56s


running 211 tests
....................................................................................... 87/211
....................................................................................... 174/211
.....................................
test result: ok. 211 passed; 0 failed; 0 ignored; 0 measured; 0 filtered out; finished in 0.05s

Coverage configuration: dispatch tracing
   Compiling autocfg v1.5.0
   Compiling proc-macro2 v1.0.106
   Compiling unicode-ident v1.0.24
   Compiling quote v1.0.45
   Compiling libc v0.2.186
   Compiling cfg-if v1.0.4
   Compiling zerocopy v0.8.48
   Compiling getrandom v0.3.4
   Compiling serde_core v1.0.228
   Compiling crossbeam-utils v0.8.21
   Compiling getrandom v0.4.2
   Compiling serde v1.0.228
   Compiling zmij v1.0.21
   Compiling rustix v1.1.4
   Compiling linux-raw-sys v0.12.1
   Compiling once_cell v1.21.4
   Compiling serde_json v1.0.149
   Compiling regex-syntax v0.8.10
   Compiling bitflags v2.11.1
   Compiling bytemuck v1.25.2
   Compiling either v1.15.0
   Compiling rayon-core v1.13.0
   Compiling fastrand v2.4.1
   Compiling clap_lex v1.1.0
   Compiling itoa v1.0.18
   Compiling anstyle v1.0.14
   Compiling num-traits v0.2.19
   Compiling safe_arch v1.2.0
   Compiling matrixmultiply v0.3.11
   Compiling plotters-backend v0.3.7
   Compiling memchr v2.8.0
   Compiling ciborium-io v0.2.2
   Compiling itertools v0.10.5
   Compiling cast v0.3.0
   Compiling clap_builder v4.6.0
   Compiling same-file v1.0.6
   Compiling quick-error v1.2.3
   Compiling crossbeam-epoch v0.9.18
   Compiling plotters-svg v0.3.7
   Compiling bit-vec v0.8.0
   Compiling fnv v1.0.7
   Compiling rawpointer v0.2.1
   Compiling walkdir v2.5.0
   Compiling wide v1.7.0
   Compiling crossbeam-deque v0.8.6
   Compiling bit-set v0.8.0
   Compiling syn v2.0.117
   Compiling unarray v0.1.4
   Compiling typenum v1.20.1
   Compiling oorandom v11.1.5
   Compiling anes v0.1.6
   Compiling roots v0.0.8
   Compiling wait-timeout v0.2.1
   Compiling is-terminal v0.4.17
   Compiling num-integer v0.1.46
   Compiling num-complex v0.4.6
   Compiling rand_core v0.9.5
   Compiling approx v0.5.1
   Compiling plotters v0.3.7
   Compiling num-bigint v0.4.6
   Compiling num-iter v0.1.45
   Compiling rayon v1.12.0
   Compiling rand v0.9.4
   Compiling regex-automata v0.4.14
   Compiling criterion-plot v0.5.0
   Compiling rand_xorshift v0.4.0
   Compiling clap v4.6.1
   Compiling tempfile v3.27.0
   Compiling rusty-fork v0.3.1
   Compiling num-rational v0.4.2
   Compiling regex v1.12.3
   Compiling num v0.4.3
   Compiling hyperreal v0.13.1 (/home/tim/Documents/GitHub/workspace/hyperreal)
   Compiling zerocopy-derive v0.8.48
   Compiling serde_derive v1.0.228
   Compiling tinytemplate v1.2.1
   Compiling simba v0.10.2
   Compiling hyperlattice v0.6.1 (/home/tim/Documents/GitHub/workspace/hyperlattice)
   Compiling hyperlimit v0.4.1 (/home/tim/Documents/GitHub/workspace/hyperlimit)
   Compiling half v2.7.1
   Compiling ppv-lite86 v0.2.21
   Compiling ciborium-ll v0.2.2
   Compiling ciborium v0.2.2
   Compiling rand_chacha v0.9.0
   Compiling proptest v1.11.0
   Compiling criterion v0.5.1
   Compiling hypersolve v0.3.1 (/home/tim/Documents/GitHub/workspace/hypersolve)
   Compiling nalgebra v0.35.0
    Finished `test` profile [unoptimized + debuginfo] target(s) in 29.30s

running 424 tests
....................................................................................... 87/424
....................................................................................... 174/424
....................................................................................... 261/424
....................................................................................... 348/424
............................................................................
test result: ok. 424 passed; 0 failed; 0 ignored; 0 measured; 0 filtered out; finished in 4.77s


running 9 tests
.........
test result: ok. 9 passed; 0 failed; 0 ignored; 0 measured; 0 filtered out; finished in 0.10s


running 2 tests
..
test result: ok. 2 passed; 0 failed; 0 ignored; 0 measured; 0 filtered out; finished in 0.00s


running 4 tests
....
test result: ok. 4 passed; 0 failed; 0 ignored; 0 measured; 0 filtered out; finished in 0.11s


running 131 tests
....................................................................................... 87/131
............................................
test result: ok. 131 passed; 0 failed; 0 ignored; 0 measured; 0 filtered out; finished in 6.84s


running 211 tests
....................................................................................... 87/211
....................................................................................... 174/211
.....................................
test result: ok. 211 passed; 0 failed; 0 ignored; 0 measured; 0 filtered out; finished in 0.22s

Coverage configuration: all-feature targets and benchmark fixtures
   Compiling autocfg v1.5.0
   Compiling proc-macro2 v1.0.106
   Compiling unicode-ident v1.0.24
   Compiling quote v1.0.45
   Compiling libc v0.2.186
   Compiling cfg-if v1.0.4
   Compiling zerocopy v0.8.48
   Compiling serde_core v1.0.228
   Compiling crossbeam-utils v0.8.21
   Compiling getrandom v0.3.4
   Compiling serde v1.0.228
   Compiling zmij v1.0.21
   Compiling rustix v1.1.4
   Compiling getrandom v0.4.2
   Compiling linux-raw-sys v0.12.1
   Compiling once_cell v1.21.4
   Compiling serde_json v1.0.149
   Compiling either v1.15.0
   Compiling rayon-core v1.13.0
   Compiling regex-syntax v0.8.10
   Compiling bytemuck v1.25.2
   Compiling bitflags v2.11.1
   Compiling memchr v2.8.0
   Compiling plotters-backend v0.3.7
   Compiling anstyle v1.0.14
   Compiling num-traits v0.2.19
   Compiling matrixmultiply v0.3.11
   Compiling clap_lex v1.1.0
   Compiling safe_arch v1.2.0
   Compiling itoa v1.0.18
   Compiling fastrand v2.4.1
   Compiling ciborium-io v0.2.2
   Compiling plotters-svg v0.3.7
   Compiling clap_builder v4.6.0
   Compiling itertools v0.10.5
   Compiling fnv v1.0.7
   Compiling crossbeam-epoch v0.9.18
   Compiling bit-vec v0.8.0
   Compiling cast v0.3.0
   Compiling rawpointer v0.2.1
   Compiling quick-error v1.2.3
   Compiling same-file v1.0.6
   Compiling bit-set v0.8.0
   Compiling typenum v1.20.1
   Compiling crossbeam-deque v0.8.6
   Compiling syn v2.0.117
   Compiling wide v1.7.0
   Compiling walkdir v2.5.0
   Compiling oorandom v11.1.5
   Compiling anes v0.1.6
   Compiling unarray v0.1.4
   Compiling roots v0.0.8
   Compiling wait-timeout v0.2.1
   Compiling num-integer v0.1.46
   Compiling num-complex v0.4.6
   Compiling rand_core v0.9.5
   Compiling approx v0.5.1
   Compiling rayon v1.12.0
   Compiling plotters v0.3.7
   Compiling is-terminal v0.4.17
   Compiling num-bigint v0.4.6
   Compiling num-iter v0.1.45
   Compiling rand v0.9.4
   Compiling rand_xorshift v0.4.0
   Compiling criterion-plot v0.5.0
   Compiling regex-automata v0.4.14
   Compiling tempfile v3.27.0
   Compiling rusty-fork v0.3.1
   Compiling clap v4.6.1
   Compiling num-rational v0.4.2
   Compiling num v0.4.3
   Compiling hyperreal v0.13.1 (/home/tim/Documents/GitHub/workspace/hyperreal)
   Compiling regex v1.12.3
   Compiling zerocopy-derive v0.8.48
   Compiling serde_derive v1.0.228
   Compiling tinytemplate v1.2.1
   Compiling hyperlattice v0.6.1 (/home/tim/Documents/GitHub/workspace/hyperlattice)
   Compiling simba v0.10.2
   Compiling half v2.7.1
   Compiling ppv-lite86 v0.2.21
   Compiling ciborium-ll v0.2.2
   Compiling rand_chacha v0.9.0
   Compiling ciborium v0.2.2
   Compiling proptest v1.11.0
   Compiling hyperlimit v0.4.1 (/home/tim/Documents/GitHub/workspace/hyperlimit)
   Compiling criterion v0.5.1
   Compiling hypersolve v0.3.1 (/home/tim/Documents/GitHub/workspace/hypersolve)
   Compiling nalgebra v0.35.0
    Finished `test` profile [unoptimized + debuginfo] target(s) in 38.10s

running 424 tests
....................................................................................... 87/424
....................................................................................... 174/424
....................................................................................... 261/424
....................................................................................... 348/424
............................................................................
test result: ok. 424 passed; 0 failed; 0 ignored; 0 measured; 0 filtered out; finished in 6.31s


running 9 tests
.........
test result: ok. 9 passed; 0 failed; 0 ignored; 0 measured; 0 filtered out; finished in 1.18s


running 2 tests
..
test result: ok. 2 passed; 0 failed; 0 ignored; 0 measured; 0 filtered out; finished in 0.15s


running 4 tests
....
test result: ok. 4 passed; 0 failed; 0 ignored; 0 measured; 0 filtered out; finished in 3.34s


running 131 tests
................................................................................