nested_midpoint_conversion,100000,2056.6562,1005822192715632416
opaque_midpoint_conversion,100000,462.69238,15592348946051803328
unrelated_symbols,100000,617.80905,14127170764991393440
unrelated_affine_bases,100000,554.43579,173030917332500000
	Command being timed: "taskset -c 7 /tmp/hyperreal-affine-offset-micro-candidate 100000"
	User time (seconds): 0.36
	System time (seconds): 0.00
	Percent of CPU this job got: 99%
	Elapsed (wall clock) time (h:mm:ss or m:ss): 0:00.37
	Average shared text size (kbytes): 0
	Average unshared data size (kbytes): 0
	Average stack size (kbytes): 0
	Average total size (kbytes): 0
	Maximum resident set size (kbytes): 3544
	Average resident set size (kbytes): 0
	Major (requiring I/O) page faults: 0
	Minor (reclaiming a frame) page faults: 223
	Voluntary context switches: 1
	Involuntary context switches: 21
	Swaps: 0
	File system inputs: 0
	File system outputs: 0
	Socket messages sent: 0
	Socket messages received: 0
	Signals delivered: 0
	Page size (bytes): 4096
	Exit status: 0
