bezier_parameter_bernstein_32_to_power: 20000 iterations in 481.704771ms (24.085µs/iter), degree_checksum=640000
bezier_algebraic_parameter_sturm: 20000 iterations in 88.628027ms (4.431µs/iter), total=40000
bezier_algebraic_parameter_refined_ordering: 10000 iterations in 159.886353ms (15.988µs/iter), ordered=10000
bezier_algebraic_parameter_refined_even_root_ordering: 10000 iterations in 1.199493974s (119.949µs/iter), ordered=10000
bezier_parameter_quintic_unit_isolation: 2000 iterations in 97.766851ms (48.883µs/iter), isolated=10000, sturm_builds=1, interval_counts=19, bisections=9, rational_refinements=0, max_depth=5
bezier_algebraic_parameter_exact_rational_reconstruction: 500000 iterations in 16.959908ms (33ns/iter), reconstructed=500000
bezier_algebraic_point_tangent_image: 20000 iterations in 70.77715ms (3.538µs/iter), transformed=40000
rational_bezier_algebraic_point_tangent_image: 20000 iterations in 2.32805ms (116ns/iter), transformed=40000
	Command being timed: "taskset -c 7 /tmp/hypercurve-shared-refinement-benchmark-baseline"
	User time (seconds): 2.05
	System time (seconds): 0.00
	Percent of CPU this job got: 97%
	Elapsed (wall clock) time (h:mm:ss or m:ss): 0:02.12
	Average shared text size (kbytes): 0
	Average unshared data size (kbytes): 0
	Average stack size (kbytes): 0
	Average total size (kbytes): 0
	Maximum resident set size (kbytes): 4520
	Average resident set size (kbytes): 0
	Major (requiring I/O) page faults: 0
	Minor (reclaiming a frame) page faults: 303
	Voluntary context switches: 1
	Involuntary context switches: 1296
	Swaps: 0
	File system inputs: 0
	File system outputs: 0
	Socket messages sent: 0
	Socket messages received: 0
	Signals delivered: 0
	Page size (bytes): 4096
	Exit status: 0
