
running 1 test
test bezier_offset::conversion_tests::recursive_selected_radial_diameter_chord_intersects_a_rational_quadratic_strict ... ok

test result: ok. 1 passed; 0 failed; 0 ignored; 0 measured; 894 filtered out; finished in 17.49s

	Command being timed: "taskset -c 7 /tmp/hypercurve-native-constant-sign-baseline-test bezier_offset::conversion_tests::recursive_selected_radial_diameter_chord_intersects_a_rational_quadratic_strict --exact --nocapture --test-threads=1"
	User time (seconds): 17.18
	System time (seconds): 0.06
	Percent of CPU this job got: 98%
	Elapsed (wall clock) time (h:mm:ss or m:ss): 0:17.49
	Average shared text size (kbytes): 0
	Average unshared data size (kbytes): 0
	Average stack size (kbytes): 0
	Average total size (kbytes): 0
	Maximum resident set size (kbytes): 46040
	Average resident set size (kbytes): 0
	Major (requiring I/O) page faults: 0
	Minor (reclaiming a frame) page faults: 8318
	Voluntary context switches: 2
	Involuntary context switches: 5217
	Swaps: 0
	File system inputs: 0
	File system outputs: 0
	Socket messages sent: 0
	Socket messages received: 0
	Signals delivered: 0
	Page size (bytes): 4096
	Exit status: 0
