curve_region_clone: 1000000 iterations in 3.311754ms (3ns/iter), checksum=1000000
curve_region_empty: 1000000 iterations in 3.245638ms (3ns/iter), checksum=0
cubic_bezier_exact_area_moments: 20000 iterations in 269.217796ms (13.46µs/iter)
cubic_bezier_prefix_area_moments: 20000 iterations in 358.408042ms (17.92µs/iter)
cubic_bezier_prefix_length_bounds: 20000 iterations in 83.655424ms (4.182µs/iter)
curve_region_boolean_immediate_union: 1000 iterations in 187.988236ms (187.988µs/iter), checksum=0
curve_region_boolean_immediate_all_ops: 1000 iterations in 364.320469ms (364.32µs/iter), checksum=0
curve_region_boolean_retained_algebraic_all_ops: 100 iterations in 20.834226ms (208.342µs/iter), checksum=1100
bezier_region_algebraic_ray_classification: 2000 iterations in 107.482956ms (53.741µs/iter), checksum=4000
bezier_region_materialization: 20000 iterations in 58.946382ms (2.947µs/iter), checksum=0
curve_region_cached_classification: 2000 iterations in 69.755414ms (34.877µs/iter), checksum=4000
curve_region_immediate_native_signed_depth: 2000 iterations in 1.834745ms (917ns/iter), checksum=2000
bezier_retained_region_materialization: 20000 iterations in 224.156896ms (11.207µs/iter), checksum=0
curve_region_cached_algebraic_classification: 2000 iterations in 89.014658ms (44.507µs/iter), checksum=4000
bezier_retained_algebraic_source_envelope: 20000 iterations in 256.29159ms (12.814µs/iter), checksum=0
bezier_retained_algebraic_exact_endpoint_envelope: 20000 iterations in 113.048906ms (5.652µs/iter), checksum=0
bezier_retained_algebraic_line_authoritative_roles: 20000 iterations in 2.722608146s (136.13µs/iter), checksum=0
bezier_resolved_overlap_region_materialization: 20000 iterations in 483.752269ms (24.187µs/iter), checksum=0
bezier_conic_region_exact_area: 20000 iterations in 509.853756ms (25.492µs/iter), checksum=0
	Command being timed: "taskset -c 7 /tmp/hypercurve-dyadic-bernstein-region-baseline-benchmark"
	User time (seconds): 5.75
	System time (seconds): 0.02
	Percent of CPU this job got: 97%
	Elapsed (wall clock) time (h:mm:ss or m:ss): 0:05.93
	Average shared text size (kbytes): 0
	Average unshared data size (kbytes): 0
	Average stack size (kbytes): 0
	Average total size (kbytes): 0
	Maximum resident set size (kbytes): 9824
	Average resident set size (kbytes): 0
	Major (requiring I/O) page faults: 0
	Minor (reclaiming a frame) page faults: 433
	Voluntary context switches: 1
	Involuntary context switches: 3718
	Swaps: 0
	File system inputs: 0
	File system outputs: 0
	Socket messages sent: 0
	Socket messages received: 0
	Signals delivered: 0
	Page size (bytes): 4096
	Exit status: 0
