curve_region_clone: 1000000 iterations in 3.610653ms (3ns/iter), checksum=1000000
curve_region_empty: 1000000 iterations in 3.139375ms (3ns/iter), checksum=0
cubic_bezier_exact_area_moments: 20000 iterations in 275.741163ms (13.787µs/iter)
cubic_bezier_prefix_area_moments: 20000 iterations in 362.65669ms (18.132µs/iter)
cubic_bezier_prefix_length_bounds: 20000 iterations in 78.946443ms (3.947µs/iter)
curve_region_boolean_immediate_union: 1000 iterations in 183.267677ms (183.267µs/iter), checksum=0
curve_region_boolean_immediate_all_ops: 1000 iterations in 361.089587ms (361.089µs/iter), checksum=0
curve_region_boolean_retained_algebraic_all_ops: 100 iterations in 22.362339ms (223.623µs/iter), checksum=1100
bezier_region_algebraic_ray_classification: 2000 iterations in 113.644866ms (56.822µs/iter), checksum=4000
bezier_region_materialization: 20000 iterations in 57.431656ms (2.871µs/iter), checksum=0
curve_region_cached_classification: 2000 iterations in 73.480887ms (36.74µs/iter), checksum=4000
curve_region_immediate_native_signed_depth: 2000 iterations in 1.704893ms (852ns/iter), checksum=2000
bezier_retained_region_materialization: 20000 iterations in 243.676539ms (12.183µs/iter), checksum=0
curve_region_cached_algebraic_classification: 2000 iterations in 89.693976ms (44.846µs/iter), checksum=4000
bezier_retained_algebraic_source_envelope: 20000 iterations in 264.303937ms (13.215µs/iter), checksum=0
bezier_retained_algebraic_exact_endpoint_envelope: 20000 iterations in 116.031122ms (5.801µs/iter), checksum=0
bezier_retained_algebraic_line_authoritative_roles: 20000 iterations in 2.751788906s (137.589µs/iter), checksum=0
bezier_resolved_overlap_region_materialization: 20000 iterations in 502.22744ms (25.111µs/iter), checksum=0
bezier_conic_region_exact_area: 20000 iterations in 524.539122ms (26.226µs/iter), checksum=0
	Command being timed: "taskset -c 7 /tmp/hypercurve-normal-form-facts-region-candidate-benchmark"
	User time (seconds): 5.82
	System time (seconds): 0.02
	Percent of CPU this job got: 96%
	Elapsed (wall clock) time (h:mm:ss or m:ss): 0:06.03
	Average shared text size (kbytes): 0
	Average unshared data size (kbytes): 0
	Average stack size (kbytes): 0
	Average total size (kbytes): 0
	Maximum resident set size (kbytes): 10108
	Average resident set size (kbytes): 0
	Major (requiring I/O) page faults: 0
	Minor (reclaiming a frame) page faults: 439
	Voluntary context switches: 1
	Involuntary context switches: 4161
	Swaps: 0
	File system inputs: 0
	File system outputs: 0
	Socket messages sent: 0
	Socket messages received: 0
	Signals delivered: 0
	Page size (bytes): 4096
	Exit status: 0
