
running 1 test
test bezier_offset::conversion_tests::recursive_selected_radial_diameter_chord_intersects_a_rational_quadratic_strict ... ok

test result: ok. 1 passed; 0 failed; 0 ignored; 0 measured; 890 filtered out; finished in 66.81s

	Command being timed: "taskset -c 7 /tmp/hypercurve-normal-form-facts-candidate-test bezier_offset::conversion_tests::recursive_selected_radial_diameter_chord_intersects_a_rational_quadratic_strict --exact --nocapture --test-threads=1"
	User time (seconds): 64.54
	System time (seconds): 0.21
	Percent of CPU this job got: 96%
	Elapsed (wall clock) time (h:mm:ss or m:ss): 1:06.81
	Average shared text size (kbytes): 0
	Average unshared data size (kbytes): 0
	Average stack size (kbytes): 0
	Average total size (kbytes): 0
	Maximum resident set size (kbytes): 46412
	Average resident set size (kbytes): 0
	Major (requiring I/O) page faults: 0
	Minor (reclaiming a frame) page faults: 7973
	Voluntary context switches: 2
	Involuntary context switches: 46462
	Swaps: 0
	File system inputs: 0
	File system outputs: 0
	Socket messages sent: 0
	Socket messages received: 0
	Signals delivered: 0
	Page size (bytes): 4096
	Exit status: 0
