bezier_parameter_bernstein_32_to_power: 20000 iterations in 443.288475ms (22.164µs/iter), degree_checksum=640000
bezier_algebraic_parameter_sturm: 20000 iterations in 86.583281ms (4.329µs/iter), total=40000
bezier_algebraic_parameter_refined_ordering: 10000 iterations in 140.287774ms (14.028µs/iter), ordered=10000
bezier_algebraic_parameter_refined_even_root_ordering: 10000 iterations in 719.387729ms (71.938µs/iter), ordered=10000
bezier_parameter_quintic_unit_isolation: 2000 iterations in 92.398383ms (46.199µs/iter), isolated=10000, sturm_builds=1, interval_counts=19, bisections=9, rational_refinements=0, max_depth=5
bezier_parameter_boundary_root_isolation: 2000 iterations in 130.218543ms (65.109µs/iter), isolated=2000, interval_counts=134, bisections=130, max_depth=130
bezier_algebraic_parameter_exact_rational_reconstruction: 500000 iterations in 17.699758ms (35ns/iter), reconstructed=500000
bezier_algebraic_point_tangent_image: 20000 iterations in 54.792298ms (2.739µs/iter), transformed=40000
rational_bezier_algebraic_point_tangent_image: 20000 iterations in 1.1758ms (58ns/iter), transformed=40000
	Command being timed: "taskset -c 7 /tmp/hypercurve-unbounded-sturm-baseline-benchmark"
	User time (seconds): 1.63
	System time (seconds): 0.00
	Percent of CPU this job got: 97%
	Elapsed (wall clock) time (h:mm:ss or m:ss): 0:01.68
	Average shared text size (kbytes): 0
	Average unshared data size (kbytes): 0
	Average stack size (kbytes): 0
	Average total size (kbytes): 0
	Maximum resident set size (kbytes): 4452
	Average resident set size (kbytes): 0
	Major (requiring I/O) page faults: 0
	Minor (reclaiming a frame) page faults: 337
	Voluntary context switches: 1
	Involuntary context switches: 1253
	Swaps: 0
	File system inputs: 0
	File system outputs: 0
	Socket messages sent: 0
	Socket messages received: 0
	Signals delivered: 0
	Page size (bytes): 4096
	Exit status: 0
