bezier_parameter_bernstein_32_to_power: 20000 iterations in 2.041612609s (102.08µs/iter), degree_checksum=640000
bezier_algebraic_parameter_sturm: 20000 iterations in 231.774817ms (11.588µs/iter), total=40000
bezier_algebraic_parameter_refined_ordering: 10000 iterations in 383.117627ms (38.311µs/iter), ordered=10000
bezier_algebraic_parameter_refined_even_root_ordering: 10000 iterations in 2.288298875s (228.829µs/iter), ordered=10000
bezier_parameter_quintic_unit_isolation: 2000 iterations in 202.13037ms (101.065µs/iter), isolated=10000, sturm_builds=1, interval_counts=19, bisections=9, rational_refinements=0, max_depth=5
bezier_algebraic_parameter_exact_rational_reconstruction: 500000 iterations in 19.475985ms (38ns/iter), reconstructed=500000
bezier_algebraic_point_tangent_image: 20000 iterations in 103.976915ms (5.198µs/iter), transformed=40000
rational_bezier_algebraic_point_tangent_image: 20000 iterations in 2.308932ms (115ns/iter), transformed=40000
	Command being timed: "taskset -c 6 /tmp/hypercurve-shared-refinement-benchmark-candidate"
	User time (seconds): 2.81
	System time (seconds): 0.01
	Percent of CPU this job got: 53%
	Elapsed (wall clock) time (h:mm:ss or m:ss): 0:05.28
	Average shared text size (kbytes): 0
	Average unshared data size (kbytes): 0
	Average stack size (kbytes): 0
	Average total size (kbytes): 0
	Maximum resident set size (kbytes): 4560
	Average resident set size (kbytes): 0
	Major (requiring I/O) page faults: 0
	Minor (reclaiming a frame) page faults: 313
	Voluntary context switches: 1
	Involuntary context switches: 1009
	Swaps: 0
	File system inputs: 0
	File system outputs: 0
	Socket messages sent: 0
	Socket messages received: 0
	Signals delivered: 0
	Page size (bytes): 4096
	Exit status: 0
