rational_bezier_large_cold_evaluation_4_controls: 100000 iterations in 336.653576ms (3.366µs/iter), checksum=0
rational_bezier_large_cached_evaluation_4_controls: 100000 iterations in 88.790284ms (887ns/iter), checksum=0
	Command being timed: "taskset -c 7 env HYPERCURVE_BENCH_RATIONAL_ONLY=1 HYPERCURVE_BENCH_RATIONAL_OPERATION=evaluation HYPERCURVE_BENCH_RATIONAL_CONTROLS=4 HYPERCURVE_BENCH_RATIONAL_ITERATIONS=100000 /tmp/hypercurve-native-eval-frozen-baseline-rational"
	User time (seconds): 0.41
	System time (seconds): 0.00
	Percent of CPU this job got: 98%
	Elapsed (wall clock) time (h:mm:ss or m:ss): 0:00.42
	Average shared text size (kbytes): 0
	Average unshared data size (kbytes): 0
	Average stack size (kbytes): 0
	Average total size (kbytes): 0
	Maximum resident set size (kbytes): 4580
	Average resident set size (kbytes): 0
	Major (requiring I/O) page faults: 0
	Minor (reclaiming a frame) page faults: 334
	Voluntary context switches: 1
	Involuntary context switches: 112
	Swaps: 0
	File system inputs: 0
	File system outputs: 0
	Socket messages sent: 0
	Socket messages received: 0
	Signals delivered: 0
	Page size (bytes): 4096
	Exit status: 0
