curve_region_clone: 1000000 iterations in 3.66928ms (3ns/iter), checksum=1000000
curve_region_empty: 1000000 iterations in 3.014904ms (3ns/iter), checksum=0
cubic_bezier_exact_area_moments: 20000 iterations in 313.474187ms (15.673µs/iter)
cubic_bezier_prefix_area_moments: 20000 iterations in 387.889081ms (19.394µs/iter)
cubic_bezier_prefix_length_bounds: 20000 iterations in 83.84697ms (4.192µs/iter)
curve_region_boolean_immediate_union: 1000 iterations in 202.570692ms (202.57µs/iter), checksum=0
curve_region_boolean_immediate_all_ops: 1000 iterations in 406.041773ms (406.041µs/iter), checksum=0
curve_region_boolean_retained_algebraic_all_ops: 100 iterations in 23.332259ms (233.322µs/iter), checksum=1100
bezier_region_algebraic_ray_classification: 2000 iterations in 121.026525ms (60.513µs/iter), checksum=4000
bezier_region_materialization: 20000 iterations in 64.874775ms (3.243µs/iter), checksum=0
curve_region_cached_classification: 2000 iterations in 76.794172ms (38.397µs/iter), checksum=4000
curve_region_immediate_native_signed_depth: 2000 iterations in 1.852993ms (926ns/iter), checksum=2000
bezier_retained_region_materialization: 20000 iterations in 255.139137ms (12.756µs/iter), checksum=0
curve_region_cached_algebraic_classification: 2000 iterations in 97.92238ms (48.961µs/iter), checksum=4000
bezier_retained_algebraic_source_envelope: 20000 iterations in 299.321343ms (14.966µs/iter), checksum=0
bezier_retained_algebraic_exact_endpoint_envelope: 20000 iterations in 128.780825ms (6.439µs/iter), checksum=0
bezier_retained_algebraic_line_authoritative_roles: 20000 iterations in 3.031968671s (151.598µs/iter), checksum=0
bezier_resolved_overlap_region_materialization: 20000 iterations in 523.627792ms (26.181µs/iter), checksum=0
bezier_conic_region_exact_area: 20000 iterations in 568.971829ms (28.448µs/iter), checksum=0
	Command being timed: "taskset -c 7 /tmp/hypercurve-native-horner-frozen-candidate-region"
	User time (seconds): 6.54
	System time (seconds): 0.00
	Percent of CPU this job got: 99%
	Elapsed (wall clock) time (h:mm:ss or m:ss): 0:06.59
	Average shared text size (kbytes): 0
	Average unshared data size (kbytes): 0
	Average stack size (kbytes): 0
	Average total size (kbytes): 0
	Maximum resident set size (kbytes): 10292
	Average resident set size (kbytes): 0
	Major (requiring I/O) page faults: 0
	Minor (reclaiming a frame) page faults: 449
	Voluntary context switches: 1
	Involuntary context switches: 1175
	Swaps: 0
	File system inputs: 0
	File system outputs: 0
	Socket messages sent: 0
	Socket messages received: 0
	Signals delivered: 0
	Page size (bytes): 4096
	Exit status: 0
