curve_region_clone: 1000000 iterations in 3.740094ms (3ns/iter), checksum=1000000
curve_region_empty: 1000000 iterations in 3.029352ms (3ns/iter), checksum=0
cubic_bezier_exact_area_moments: 20000 iterations in 310.197756ms (15.509µs/iter)
cubic_bezier_prefix_area_moments: 20000 iterations in 394.015415ms (19.7µs/iter)
cubic_bezier_prefix_length_bounds: 20000 iterations in 84.09666ms (4.204µs/iter)
curve_region_boolean_immediate_union: 1000 iterations in 201.051541ms (201.051µs/iter), checksum=0
curve_region_boolean_immediate_all_ops: 1000 iterations in 402.650914ms (402.65µs/iter), checksum=0
curve_region_boolean_retained_algebraic_all_ops: 100 iterations in 21.762969ms (217.629µs/iter), checksum=1100
bezier_region_algebraic_ray_classification: 2000 iterations in 115.268726ms (57.634µs/iter), checksum=4000
bezier_region_materialization: 20000 iterations in 65.670013ms (3.283µs/iter), checksum=0
curve_region_cached_classification: 2000 iterations in 76.099338ms (38.049µs/iter), checksum=4000
curve_region_immediate_native_signed_depth: 2000 iterations in 1.652807ms (826ns/iter), checksum=2000
bezier_retained_region_materialization: 20000 iterations in 244.195726ms (12.209µs/iter), checksum=0
curve_region_cached_algebraic_classification: 2000 iterations in 95.010483ms (47.505µs/iter), checksum=4000
bezier_retained_algebraic_source_envelope: 20000 iterations in 287.197701ms (14.359µs/iter), checksum=0
bezier_retained_algebraic_exact_endpoint_envelope: 20000 iterations in 124.915925ms (6.245µs/iter), checksum=0
bezier_retained_algebraic_line_authoritative_roles: 20000 iterations in 2.953772861s (147.688µs/iter), checksum=0
bezier_resolved_overlap_region_materialization: 20000 iterations in 512.792772ms (25.639µs/iter), checksum=0
bezier_conic_region_exact_area: 20000 iterations in 609.923299ms (30.496µs/iter), checksum=0
	Command being timed: "taskset -c 7 /tmp/hypercurve-local-refinement-frozen-baseline-region"
	User time (seconds): 6.46
	System time (seconds): 0.00
	Percent of CPU this job got: 99%
	Elapsed (wall clock) time (h:mm:ss or m:ss): 0:06.51
	Average shared text size (kbytes): 0
	Average unshared data size (kbytes): 0
	Average stack size (kbytes): 0
	Average total size (kbytes): 0
	Maximum resident set size (kbytes): 10128
	Average resident set size (kbytes): 0
	Major (requiring I/O) page faults: 0
	Minor (reclaiming a frame) page faults: 442
	Voluntary context switches: 1
	Involuntary context switches: 332
	Swaps: 0
	File system inputs: 0
	File system outputs: 0
	Socket messages sent: 0
	Socket messages received: 0
	Signals delivered: 0
	Page size (bytes): 4096
	Exit status: 0
