curve_region_clone: 1000000 iterations in 3.679078ms (3ns/iter), checksum=1000000
curve_region_empty: 1000000 iterations in 2.974586ms (2ns/iter), checksum=0
cubic_bezier_exact_area_moments: 20000 iterations in 258.681518ms (12.934µs/iter)
cubic_bezier_prefix_area_moments: 20000 iterations in 346.789078ms (17.339µs/iter)
cubic_bezier_prefix_length_bounds: 20000 iterations in 79.493661ms (3.974µs/iter)
curve_region_boolean_immediate_union: 1000 iterations in 177.484194ms (177.484µs/iter), checksum=0
curve_region_boolean_immediate_all_ops: 1000 iterations in 355.403287ms (355.403µs/iter), checksum=0
curve_region_boolean_retained_algebraic_all_ops: 100 iterations in 20.843002ms (208.43µs/iter), checksum=1100
bezier_region_algebraic_ray_classification: 2000 iterations in 107.403668ms (53.701µs/iter), checksum=4000
bezier_region_materialization: 20000 iterations in 56.119503ms (2.805µs/iter), checksum=0
curve_region_cached_classification: 2000 iterations in 68.794484ms (34.397µs/iter), checksum=4000
curve_region_immediate_native_signed_depth: 2000 iterations in 1.666945ms (833ns/iter), checksum=2000
bezier_retained_region_materialization: 20000 iterations in 227.642456ms (11.382µs/iter), checksum=0
curve_region_cached_algebraic_classification: 2000 iterations in 89.012298ms (44.506µs/iter), checksum=4000
bezier_retained_algebraic_source_envelope: 20000 iterations in 253.68882ms (12.684µs/iter), checksum=0
bezier_retained_algebraic_exact_endpoint_envelope: 20000 iterations in 110.373084ms (5.518µs/iter), checksum=0
bezier_retained_algebraic_line_authoritative_roles: 20000 iterations in 2.698002647s (134.9µs/iter), checksum=0
bezier_resolved_overlap_region_materialization: 20000 iterations in 469.268802ms (23.463µs/iter), checksum=0
bezier_conic_region_exact_area: 20000 iterations in 512.826117ms (25.641µs/iter), checksum=0
	Command being timed: "taskset -c 7 /tmp/hypercurve-unified-scalar-replay-region-candidate-benchmark"
	User time (seconds): 5.66
	System time (seconds): 0.02
	Percent of CPU this job got: 97%
	Elapsed (wall clock) time (h:mm:ss or m:ss): 0:05.84
	Average shared text size (kbytes): 0
	Average unshared data size (kbytes): 0
	Average stack size (kbytes): 0
	Average total size (kbytes): 0
	Maximum resident set size (kbytes): 9804
	Average resident set size (kbytes): 0
	Major (requiring I/O) page faults: 0
	Minor (reclaiming a frame) page faults: 438
	Voluntary context switches: 1
	Involuntary context switches: 4133
	Swaps: 0
	File system inputs: 0
	File system outputs: 0
	Socket messages sent: 0
	Socket messages received: 0
	Signals delivered: 0
	Page size (bytes): 4096
	Exit status: 0
