curve_region_clone: 1000000 iterations in 3.293865ms (3ns/iter), checksum=1000000
curve_region_empty: 1000000 iterations in 3.112046ms (3ns/iter), checksum=0
cubic_bezier_exact_area_moments: 20000 iterations in 296.57572ms (14.828µs/iter)
cubic_bezier_prefix_area_moments: 20000 iterations in 388.074564ms (19.403µs/iter)
cubic_bezier_prefix_length_bounds: 20000 iterations in 81.293193ms (4.064µs/iter)
curve_region_boolean_immediate_union: 1000 iterations in 195.440905ms (195.44µs/iter), checksum=0
curve_region_boolean_immediate_all_ops: 1000 iterations in 390.938577ms (390.938µs/iter), checksum=0
curve_region_boolean_retained_algebraic_all_ops: 100 iterations in 22.818358ms (228.183µs/iter), checksum=1100
bezier_region_algebraic_ray_classification: 2000 iterations in 114.18473ms (57.092µs/iter), checksum=4000
bezier_region_materialization: 20000 iterations in 67.774418ms (3.388µs/iter), checksum=0
curve_region_cached_classification: 2000 iterations in 75.275595ms (37.637µs/iter), checksum=4000
curve_region_immediate_native_signed_depth: 2000 iterations in 1.682464ms (841ns/iter), checksum=2000
bezier_retained_region_materialization: 20000 iterations in 247.468753ms (12.373µs/iter), checksum=0
curve_region_cached_algebraic_classification: 2000 iterations in 96.118577ms (48.059µs/iter), checksum=4000
bezier_retained_algebraic_source_envelope: 20000 iterations in 280.768802ms (14.038µs/iter), checksum=0
bezier_retained_algebraic_exact_endpoint_envelope: 20000 iterations in 122.733965ms (6.136µs/iter), checksum=0
bezier_retained_algebraic_line_authoritative_roles: 20000 iterations in 2.927884831s (146.394µs/iter), checksum=0
bezier_resolved_overlap_region_materialization: 20000 iterations in 510.769591ms (25.538µs/iter), checksum=0
bezier_conic_region_exact_area: 20000 iterations in 541.581141ms (27.079µs/iter), checksum=0
	Command being timed: "taskset -c 7 /tmp/hypercurve-owned-singleton-frozen-candidate-region"
	User time (seconds): 6.33
	System time (seconds): 0.00
	Percent of CPU this job got: 99%
	Elapsed (wall clock) time (h:mm:ss or m:ss): 0:06.37
	Average shared text size (kbytes): 0
	Average unshared data size (kbytes): 0
	Average stack size (kbytes): 0
	Average total size (kbytes): 0
	Maximum resident set size (kbytes): 10048
	Average resident set size (kbytes): 0
	Major (requiring I/O) page faults: 0
	Minor (reclaiming a frame) page faults: 444
	Voluntary context switches: 1
	Involuntary context switches: 375
	Swaps: 0
	File system inputs: 0
	File system outputs: 0
	Socket messages sent: 0
	Socket messages received: 0
	Signals delivered: 0
	Page size (bytes): 4096
	Exit status: 0
