curve_region_clone: 1000000 iterations in 3.751204ms (3ns/iter), checksum=1000000
curve_region_empty: 1000000 iterations in 3.063551ms (3ns/iter), checksum=0
cubic_bezier_exact_area_moments: 20000 iterations in 305.9568ms (15.297µs/iter)
cubic_bezier_prefix_area_moments: 20000 iterations in 396.453147ms (19.822µs/iter)
cubic_bezier_prefix_length_bounds: 20000 iterations in 85.246535ms (4.262µs/iter)
curve_region_boolean_immediate_union: 1000 iterations in 202.799786ms (202.799µs/iter), checksum=0
curve_region_boolean_immediate_all_ops: 1000 iterations in 407.692271ms (407.692µs/iter), checksum=0
curve_region_boolean_retained_algebraic_all_ops: 100 iterations in 23.544014ms (235.44µs/iter), checksum=1100
bezier_region_algebraic_ray_classification: 2000 iterations in 121.852338ms (60.926µs/iter), checksum=4000
bezier_region_materialization: 20000 iterations in 69.624561ms (3.481µs/iter), checksum=0
curve_region_cached_classification: 2000 iterations in 79.926918ms (39.963µs/iter), checksum=4000
curve_region_immediate_native_signed_depth: 2000 iterations in 1.730962ms (865ns/iter), checksum=2000
bezier_retained_region_materialization: 20000 iterations in 268.546381ms (13.427µs/iter), checksum=0
curve_region_cached_algebraic_classification: 2000 iterations in 104.147936ms (52.073µs/iter), checksum=4000
bezier_retained_algebraic_source_envelope: 20000 iterations in 310.712646ms (15.535µs/iter), checksum=0
bezier_retained_algebraic_exact_endpoint_envelope: 20000 iterations in 143.355151ms (7.167µs/iter), checksum=0
bezier_retained_algebraic_line_authoritative_roles: 20000 iterations in 3.056057048s (152.802µs/iter), checksum=0
bezier_resolved_overlap_region_materialization: 20000 iterations in 595.537817ms (29.776µs/iter), checksum=0
bezier_conic_region_exact_area: 20000 iterations in 554.715511ms (27.735µs/iter), checksum=0
	Command being timed: "taskset -c 7 /tmp/hypercurve-native-horner-frozen-candidate-region"
	User time (seconds): 6.68
	System time (seconds): 0.00
	Percent of CPU this job got: 99%
	Elapsed (wall clock) time (h:mm:ss or m:ss): 0:06.73
	Average shared text size (kbytes): 0
	Average unshared data size (kbytes): 0
	Average stack size (kbytes): 0
	Average total size (kbytes): 0
	Maximum resident set size (kbytes): 10176
	Average resident set size (kbytes): 0
	Major (requiring I/O) page faults: 0
	Minor (reclaiming a frame) page faults: 448
	Voluntary context switches: 1
	Involuntary context switches: 680
	Swaps: 0
	File system inputs: 0
	File system outputs: 0
	Socket messages sent: 0
	Socket messages received: 0
	Signals delivered: 0
	Page size (bytes): 4096
	Exit status: 0
