curve_region_clone: 1000000 iterations in 3.450134ms (3ns/iter), checksum=1000000
curve_region_empty: 1000000 iterations in 2.975696ms (2ns/iter), checksum=0
cubic_bezier_exact_area_moments: 20000 iterations in 291.47472ms (14.573µs/iter)
cubic_bezier_prefix_area_moments: 20000 iterations in 381.325016ms (19.066µs/iter)
cubic_bezier_prefix_length_bounds: 20000 iterations in 83.107129ms (4.155µs/iter)
curve_region_boolean_immediate_union: 1000 iterations in 192.861932ms (192.861µs/iter), checksum=0
curve_region_boolean_immediate_all_ops: 1000 iterations in 391.832437ms (391.832µs/iter), checksum=0
curve_region_boolean_retained_algebraic_all_ops: 100 iterations in 22.108606ms (221.086µs/iter), checksum=1100
bezier_region_algebraic_ray_classification: 2000 iterations in 115.65846ms (57.829µs/iter), checksum=4000
bezier_region_materialization: 20000 iterations in 63.590246ms (3.179µs/iter), checksum=0
curve_region_cached_classification: 2000 iterations in 75.736153ms (37.868µs/iter), checksum=4000
curve_region_immediate_native_signed_depth: 2000 iterations in 1.668895ms (834ns/iter), checksum=2000
bezier_retained_region_materialization: 20000 iterations in 244.15982ms (12.207µs/iter), checksum=0
curve_region_cached_algebraic_classification: 2000 iterations in 96.417347ms (48.208µs/iter), checksum=4000
bezier_retained_algebraic_source_envelope: 20000 iterations in 281.150166ms (14.057µs/iter), checksum=0
bezier_retained_algebraic_exact_endpoint_envelope: 20000 iterations in 124.041335ms (6.202µs/iter), checksum=0
bezier_retained_algebraic_line_authoritative_roles: 20000 iterations in 2.957153042s (147.857µs/iter), checksum=0
bezier_resolved_overlap_region_materialization: 20000 iterations in 504.648071ms (25.232µs/iter), checksum=0
bezier_conic_region_exact_area: 20000 iterations in 539.274959ms (26.963µs/iter), checksum=0
	Command being timed: "taskset -c 7 /tmp/hypercurve-quotient-projection-api-region-benchmark"
	User time (seconds): 6.34
	System time (seconds): 0.00
	Percent of CPU this job got: 99%
	Elapsed (wall clock) time (h:mm:ss or m:ss): 0:06.37
	Average shared text size (kbytes): 0
	Average unshared data size (kbytes): 0
	Average stack size (kbytes): 0
	Average total size (kbytes): 0
	Maximum resident set size (kbytes): 10216
	Average resident set size (kbytes): 0
	Major (requiring I/O) page faults: 0
	Minor (reclaiming a frame) page faults: 444
	Voluntary context switches: 1
	Involuntary context switches: 381
	Swaps: 0
	File system inputs: 0
	File system outputs: 0
	Socket messages sent: 0
	Socket messages received: 0
	Signals delivered: 0
	Page size (bytes): 4096
	Exit status: 0
