bezier_parameter_normal_form_zero_cold: 20000 iterations in 226.185807ms (11.309µs/iter), equal=20000
bezier_parameter_normal_form_zero_reused: 20000 iterations in 953.245µs (47ns/iter), equal=20000
bezier_parameter_bernstein_32_to_power: 20000 iterations in 405.297499ms (20.264µs/iter), degree_checksum=640000
bezier_algebraic_parameter_sturm: 20000 iterations in 79.327426ms (3.966µs/iter), total=40000
bezier_algebraic_parameter_refined_ordering: 10000 iterations in 122.338111ms (12.233µs/iter), ordered=10000
bezier_algebraic_parameter_refined_even_root_ordering: 10000 iterations in 458.826062ms (45.882µs/iter), ordered=10000
bezier_parameter_quintic_unit_isolation: 2000 iterations in 62.475631ms (31.237µs/iter), isolated=10000, sturm_builds=1, interval_counts=19, bisections=9, rational_refinements=0, max_depth=5
bezier_parameter_boundary_root_isolation: 2000 iterations in 86.981922ms (43.49µs/iter), isolated=2000, interval_counts=263, bisections=130, max_depth=130
bezier_algebraic_parameter_exact_rational_reconstruction: 500000 iterations in 17.209811ms (34ns/iter), reconstructed=500000
bezier_algebraic_point_tangent_image: 20000 iterations in 47.128952ms (2.356µs/iter), transformed=40000
rational_bezier_algebraic_point_tangent_image: 20000 iterations in 1.171689ms (58ns/iter), transformed=40000
	Command being timed: "taskset -c 7 /tmp/hypercurve-normal-form-facts-parameter-candidate-benchmark"
	User time (seconds): 1.45
	System time (seconds): 0.01
	Percent of CPU this job got: 97%
	Elapsed (wall clock) time (h:mm:ss or m:ss): 0:01.51
	Average shared text size (kbytes): 0
	Average unshared data size (kbytes): 0
	Average stack size (kbytes): 0
	Average total size (kbytes): 0
	Maximum resident set size (kbytes): 5152
	Average resident set size (kbytes): 0
	Major (requiring I/O) page faults: 0
	Minor (reclaiming a frame) page faults: 311
	Voluntary context switches: 1
	Involuntary context switches: 1069
	Swaps: 0
	File system inputs: 0
	File system outputs: 0
	Socket messages sent: 0
	Socket messages received: 0
	Signals delivered: 0
	Page size (bytes): 4096
	Exit status: 0
