
running 4 tests
test easyduino_scale_process_image_containment_corpus ... ok
test easyduino_uno_scale_process_image_with_holes_corpus ... ok
test pcb_process_image_containment_regression_decides_exactly ... ok
test pcb_process_image_hole_ownership_culls_sparse_materials ... ok

test result: ok. 4 passed; 0 failed; 0 ignored; 0 measured; 0 filtered out; finished in 11.32s

	Command being timed: "/tmp/hypercurve-pcb-cached-bounds-final --include-ignored --test-threads=1"
	User time (seconds): 10.21
	System time (seconds): 0.36
	Percent of CPU this job got: 93%
	Elapsed (wall clock) time (h:mm:ss or m:ss): 0:11.35
	Average shared text size (kbytes): 0
	Average unshared data size (kbytes): 0
	Average stack size (kbytes): 0
	Average total size (kbytes): 0
	Maximum resident set size (kbytes): 371960
	Average resident set size (kbytes): 0
	Major (requiring I/O) page faults: 0
	Minor (reclaiming a frame) page faults: 105726
	Voluntary context switches: 13
	Involuntary context switches: 8157
	Swaps: 0
	File system inputs: 288
	File system outputs: 0
	Socket messages sent: 0
	Socket messages received: 0
	Signals delivered: 0
	Page size (bytes): 4096
	Exit status: 0
