bezier_parameter_bernstein_32_to_power: 20000 iterations in 600.878175ms (30.043µs/iter), degree_checksum=640000
bezier_algebraic_parameter_sturm: 20000 iterations in 92.519351ms (4.625µs/iter), total=40000
bezier_algebraic_parameter_refined_ordering: 10000 iterations in 164.776309ms (16.477µs/iter), ordered=10000
bezier_algebraic_parameter_refined_even_root_ordering: 10000 iterations in 1.282733101s (128.273µs/iter), ordered=10000
bezier_parameter_quintic_unit_isolation: 2000 iterations in 100.522371ms (50.261µs/iter), isolated=10000, sturm_builds=1, interval_counts=19, bisections=9, rational_refinements=0, max_depth=5
bezier_algebraic_parameter_exact_rational_reconstruction: 500000 iterations in 18.817611ms (37ns/iter), reconstructed=500000
bezier_algebraic_point_tangent_image: 20000 iterations in 57.621012ms (2.881µs/iter), transformed=40000
rational_bezier_algebraic_point_tangent_image: 20000 iterations in 1.158651ms (57ns/iter), transformed=40000
	Command being timed: "taskset -c 6 /tmp/hypercurve-shared-refinement-benchmark-baseline"
	User time (seconds): 2.31
	System time (seconds): 0.00
	Percent of CPU this job got: 99%
	Elapsed (wall clock) time (h:mm:ss or m:ss): 0:02.32
	Average shared text size (kbytes): 0
	Average unshared data size (kbytes): 0
	Average stack size (kbytes): 0
	Average total size (kbytes): 0
	Maximum resident set size (kbytes): 4276
	Average resident set size (kbytes): 0
	Major (requiring I/O) page faults: 0
	Minor (reclaiming a frame) page faults: 303
	Voluntary context switches: 1
	Involuntary context switches: 6
	Swaps: 0
	File system inputs: 0
	File system outputs: 0
	Socket messages sent: 0
	Socket messages received: 0
	Signals delivered: 0
	Page size (bytes): 4096
	Exit status: 0
