
running 1 test
test bezier_offset::conversion_tests::recursively_pair_radial_circle_intersects_a_genuine_analytic_parallel ... ok

test result: ok. 1 passed; 0 failed; 0 ignored; 0 measured; 884 filtered out; finished in 33.64s

	Command being timed: "taskset -c 7 /tmp/hypercurve-local-refinement-frozen-baseline-test bezier_offset::conversion_tests::recursively_pair_radial_circle_intersects_a_genuine_analytic_parallel --exact --nocapture"
	User time (seconds): 33.41
	System time (seconds): 0.04
	Percent of CPU this job got: 99%
	Elapsed (wall clock) time (h:mm:ss or m:ss): 0:33.65
	Average shared text size (kbytes): 0
	Average unshared data size (kbytes): 0
	Average stack size (kbytes): 0
	Average total size (kbytes): 0
	Maximum resident set size (kbytes): 48992
	Average resident set size (kbytes): 0
	Major (requiring I/O) page faults: 0
	Minor (reclaiming a frame) page faults: 9167
	Voluntary context switches: 2
	Involuntary context switches: 1584
	Swaps: 0
	File system inputs: 0
	File system outputs: 0
	Socket messages sent: 0
	Socket messages received: 0
	Signals delivered: 0
	Page size (bytes): 4096
	Exit status: 0
