
running 1 test
test bezier_offset::conversion_tests::recursive_selected_radial_diameter_chord_intersects_a_rational_quadratic_strict ... ok

test result: ok. 1 passed; 0 failed; 0 ignored; 0 measured; 884 filtered out; finished in 24.83s

	Command being timed: "taskset -c 7 /tmp/hypercurve-local-refinement-frozen-baseline-test bezier_offset::conversion_tests::recursive_selected_radial_diameter_chord_intersects_a_rational_quadratic_strict --exact --nocapture"
	User time (seconds): 22.64
	System time (seconds): 0.04
	Percent of CPU this job got: 91%
	Elapsed (wall clock) time (h:mm:ss or m:ss): 0:24.84
	Average shared text size (kbytes): 0
	Average unshared data size (kbytes): 0
	Average stack size (kbytes): 0
	Average total size (kbytes): 0
	Maximum resident set size (kbytes): 45432
	Average resident set size (kbytes): 0
	Major (requiring I/O) page faults: 0
	Minor (reclaiming a frame) page faults: 8309
	Voluntary context switches: 7
	Involuntary context switches: 3527
	Swaps: 0
	File system inputs: 0
	File system outputs: 0
	Socket messages sent: 0
	Socket messages received: 0
	Signals delivered: 0
	Page size (bytes): 4096
	Exit status: 0
