curve_region_clone: 1000000 iterations in 3.772102ms (3ns/iter), checksum=1000000
curve_region_empty: 1000000 iterations in 3.973669ms (3ns/iter), checksum=0
cubic_bezier_exact_area_moments: 20000 iterations in 461.097687ms (23.054µs/iter)
cubic_bezier_prefix_area_moments: 20000 iterations in 608.996462ms (30.449µs/iter)
cubic_bezier_prefix_length_bounds: 20000 iterations in 140.776302ms (7.038µs/iter)
curve_region_boolean_immediate_union: 1000 iterations in 319.581335ms (319.581µs/iter), checksum=0
curve_region_boolean_immediate_all_ops: 1000 iterations in 636.658132ms (636.658µs/iter), checksum=0
curve_region_boolean_retained_algebraic_all_ops: 100 iterations in 33.210071ms (332.1µs/iter), checksum=1100
bezier_region_algebraic_ray_classification: 2000 iterations in 173.43103ms (86.715µs/iter), checksum=4000
bezier_region_materialization: 20000 iterations in 105.621174ms (5.281µs/iter), checksum=0
curve_region_cached_classification: 2000 iterations in 118.381482ms (59.19µs/iter), checksum=4000
curve_region_immediate_native_signed_depth: 2000 iterations in 3.543628ms (1.771µs/iter), checksum=2000
bezier_retained_region_materialization: 20000 iterations in 411.973933ms (20.598µs/iter), checksum=0
curve_region_cached_algebraic_classification: 2000 iterations in 149.720621ms (74.86µs/iter), checksum=4000
bezier_retained_algebraic_source_envelope: 20000 iterations in 472.089056ms (23.604µs/iter), checksum=0
bezier_retained_algebraic_exact_endpoint_envelope: 20000 iterations in 202.968923ms (10.148µs/iter), checksum=0
bezier_retained_algebraic_line_authoritative_roles: 20000 iterations in 4.654798775s (232.739µs/iter), checksum=0
bezier_resolved_overlap_region_materialization: 20000 iterations in 774.161648ms (38.708µs/iter), checksum=0
bezier_conic_region_exact_area: 20000 iterations in 849.061101ms (42.453µs/iter), checksum=0
	Command being timed: "taskset -c 15 /tmp/hypercurve-dyadic-bernstein-region-baseline-benchmark"
	User time (seconds): 10.07
	System time (seconds): 0.00
	Percent of CPU this job got: 99%
	Elapsed (wall clock) time (h:mm:ss or m:ss): 0:10.12
	Average shared text size (kbytes): 0
	Average unshared data size (kbytes): 0
	Average stack size (kbytes): 0
	Average total size (kbytes): 0
	Maximum resident set size (kbytes): 10028
	Average resident set size (kbytes): 0
	Major (requiring I/O) page faults: 0
	Minor (reclaiming a frame) page faults: 438
	Voluntary context switches: 1
	Involuntary context switches: 35
	Swaps: 0
	File system inputs: 0
	File system outputs: 0
	Socket messages sent: 0
	Socket messages received: 0
	Signals delivered: 0
	Page size (bytes): 4096
	Exit status: 0
