bezier_parameter_bernstein_32_to_power: 20000 iterations in 1.012202477s (50.61µs/iter), degree_checksum=640000
bezier_algebraic_parameter_sturm: 20000 iterations in 175.347707ms (8.767µs/iter), total=40000
bezier_algebraic_parameter_refined_ordering: 10000 iterations in 300.756575ms (30.075µs/iter), ordered=10000
bezier_algebraic_parameter_refined_even_root_ordering: 10000 iterations in 1.302014849s (130.201µs/iter), ordered=10000
bezier_parameter_quintic_unit_isolation: 2000 iterations in 137.841778ms (68.92µs/iter), isolated=10000, sturm_builds=1, interval_counts=19, bisections=9, rational_refinements=0, max_depth=5
bezier_parameter_boundary_root_isolation: 2000 iterations in 275.92431ms (137.962µs/iter), isolated=2000, interval_counts=263, bisections=130, max_depth=130
bezier_algebraic_parameter_exact_rational_reconstruction: 500000 iterations in 22.506223ms (45ns/iter), reconstructed=500000
bezier_algebraic_point_tangent_image: 20000 iterations in 115.938124ms (5.796µs/iter), transformed=40000
rational_bezier_algebraic_point_tangent_image: 20000 iterations in 2.268745ms (113ns/iter), transformed=40000
	Command being timed: "taskset -c 7 /tmp/hypercurve-authoritative-polynomial-candidate-parameter-benchmark"
	User time (seconds): 2.62
	System time (seconds): 0.01
	Percent of CPU this job got: 78%
	Elapsed (wall clock) time (h:mm:ss or m:ss): 0:03.35
	Average shared text size (kbytes): 0
	Average unshared data size (kbytes): 0
	Average stack size (kbytes): 0
	Average total size (kbytes): 0
	Maximum resident set size (kbytes): 4576
	Average resident set size (kbytes): 0
	Major (requiring I/O) page faults: 0
	Minor (reclaiming a frame) page faults: 306
	Voluntary context switches: 0
	Involuntary context switches: 2179
	Swaps: 0
	File system inputs: 0
	File system outputs: 0
	Socket messages sent: 0
	Socket messages received: 0
	Signals delivered: 0
	Page size (bytes): 4096
	Exit status: 0
