
running 1 test
test bezier_offset::conversion_tests::recursive_selected_radial_diameter_chord_intersects_a_rational_quadratic_strict ... recursive diameter stage=construct
recursive diameter stage=intersection-start
recursive diameter stage=intersection-complete
recursive diameter stage=regions-start
recursive diameter stage=regions-complete
recursive diameter stage=arrangement-start
recursive diameter stage=arrangement-complete
recursive diameter stage=booleans-start
recursive diameter stage=booleans-complete
recursive diameter stage=reoffset-start
recursive diameter stage=reoffset-complete
ok

test result: ok. 1 passed; 0 failed; 0 ignored; 0 measured; 890 filtered out; finished in 16.52s

	Command being timed: "env HYPERCURVE_DEBUG_POINT_WITNESSES=1 HYPERCURVE_DEBUG_RECURSIVE_DIAMETER_STAGE=1 /tmp/hypercurve-positive-denominator-bounds-candidate-test bezier_offset::conversion_tests::recursive_selected_radial_diameter_chord_intersects_a_rational_quadratic_strict --exact --nocapture --test-threads=1"
	User time (seconds): 16.42
	System time (seconds): 0.02
	Percent of CPU this job got: 99%
	Elapsed (wall clock) time (h:mm:ss or m:ss): 0:16.52
	Average shared text size (kbytes): 0
	Average unshared data size (kbytes): 0
	Average stack size (kbytes): 0
	Average total size (kbytes): 0
	Maximum resident set size (kbytes): 45840
	Average resident set size (kbytes): 0
	Major (requiring I/O) page faults: 0
	Minor (reclaiming a frame) page faults: 8330
	Voluntary context switches: 3
	Involuntary context switches: 225
	Swaps: 0
	File system inputs: 0
	File system outputs: 0
	Socket messages sent: 0
	Socket messages received: 0
	Signals delivered: 0
	Page size (bytes): 4096
	Exit status: 0
