curve_region_clone: 1000000 iterations in 3.681727ms (3ns/iter), checksum=1000000
curve_region_empty: 1000000 iterations in 3.115557ms (3ns/iter), checksum=0
cubic_bezier_exact_area_moments: 20000 iterations in 259.065252ms (12.953µs/iter)
cubic_bezier_prefix_area_moments: 20000 iterations in 347.021642ms (17.351µs/iter)
cubic_bezier_prefix_length_bounds: 20000 iterations in 74.54554ms (3.727µs/iter)
curve_region_boolean_immediate_union: 1000 iterations in 179.708061ms (179.708µs/iter), checksum=0
curve_region_boolean_immediate_all_ops: 1000 iterations in 355.205312ms (355.205µs/iter), checksum=0
curve_region_boolean_retained_algebraic_all_ops: 100 iterations in 20.26505ms (202.65µs/iter), checksum=1100
bezier_region_algebraic_ray_classification: 2000 iterations in 107.046132ms (53.523µs/iter), checksum=4000
bezier_region_materialization: 20000 iterations in 56.89923ms (2.844µs/iter), checksum=0
curve_region_cached_classification: 2000 iterations in 68.622796ms (34.311µs/iter), checksum=4000
curve_region_immediate_native_signed_depth: 2000 iterations in 1.667316ms (833ns/iter), checksum=2000
bezier_retained_region_materialization: 20000 iterations in 233.173026ms (11.658µs/iter), checksum=0
curve_region_cached_algebraic_classification: 2000 iterations in 88.051934ms (44.025µs/iter), checksum=4000
bezier_retained_algebraic_source_envelope: 20000 iterations in 253.127968ms (12.656µs/iter), checksum=0
bezier_retained_algebraic_exact_endpoint_envelope: 20000 iterations in 111.574752ms (5.578µs/iter), checksum=0
bezier_retained_algebraic_line_authoritative_roles: 20000 iterations in 2.655876055s (132.793µs/iter), checksum=0
bezier_resolved_overlap_region_materialization: 20000 iterations in 470.375506ms (23.518µs/iter), checksum=0
bezier_conic_region_exact_area: 20000 iterations in 506.913882ms (25.345µs/iter), checksum=0
	Command being timed: "taskset -c 7 /tmp/hypercurve-positive-denominator-bounds-region-candidate-benchmark"
	User time (seconds): 5.64
	System time (seconds): 0.02
	Percent of CPU this job got: 97%
	Elapsed (wall clock) time (h:mm:ss or m:ss): 0:05.79
	Average shared text size (kbytes): 0
	Average unshared data size (kbytes): 0
	Average stack size (kbytes): 0
	Average total size (kbytes): 0
	Maximum resident set size (kbytes): 9896
	Average resident set size (kbytes): 0
	Major (requiring I/O) page faults: 0
	Minor (reclaiming a frame) page faults: 441
	Voluntary context switches: 1
	Involuntary context switches: 4113
	Swaps: 0
	File system inputs: 0
	File system outputs: 0
	Socket messages sent: 0
	Socket messages received: 0
	Signals delivered: 0
	Page size (bytes): 4096
	Exit status: 0
