curve_region_clone: 1000000 iterations in 3.611413ms (3ns/iter), checksum=1000000
curve_region_empty: 1000000 iterations in 3.016664ms (3ns/iter), checksum=0
cubic_bezier_exact_area_moments: 20000 iterations in 311.197932ms (15.559µs/iter)
cubic_bezier_prefix_area_moments: 20000 iterations in 408.499045ms (20.424µs/iter)
cubic_bezier_prefix_length_bounds: 20000 iterations in 89.058475ms (4.452µs/iter)
curve_region_boolean_immediate_union: 1000 iterations in 196.600379ms (196.6µs/iter), checksum=0
curve_region_boolean_immediate_all_ops: 1000 iterations in 402.421099ms (402.421µs/iter), checksum=0
curve_region_boolean_retained_algebraic_all_ops: 100 iterations in 22.684483ms (226.844µs/iter), checksum=1100
bezier_region_algebraic_ray_classification: 2000 iterations in 120.298574ms (60.149µs/iter), checksum=4000
bezier_region_materialization: 20000 iterations in 67.844453ms (3.392µs/iter), checksum=0
curve_region_cached_classification: 2000 iterations in 81.270467ms (40.635µs/iter), checksum=4000
curve_region_immediate_native_signed_depth: 2000 iterations in 1.75684ms (878ns/iter), checksum=2000
bezier_retained_region_materialization: 20000 iterations in 248.547336ms (12.427µs/iter), checksum=0
curve_region_cached_algebraic_classification: 2000 iterations in 98.541909ms (49.27µs/iter), checksum=4000
bezier_retained_algebraic_source_envelope: 20000 iterations in 284.748047ms (14.237µs/iter), checksum=0
bezier_retained_algebraic_exact_endpoint_envelope: 20000 iterations in 125.838496ms (6.291µs/iter), checksum=0
bezier_retained_algebraic_line_authoritative_roles: 20000 iterations in 3.087517962s (154.375µs/iter), checksum=0
bezier_resolved_overlap_region_materialization: 20000 iterations in 524.374241ms (26.218µs/iter), checksum=0
bezier_conic_region_exact_area: 20000 iterations in 581.815383ms (29.09µs/iter), checksum=0
	Command being timed: "taskset -c 7 /tmp/hypercurve-root-evidence-frozen-candidate-region"
	User time (seconds): 6.60
	System time (seconds): 0.00
	Percent of CPU this job got: 99%
	Elapsed (wall clock) time (h:mm:ss or m:ss): 0:06.66
	Average shared text size (kbytes): 0
	Average unshared data size (kbytes): 0
	Average stack size (kbytes): 0
	Average total size (kbytes): 0
	Maximum resident set size (kbytes): 10288
	Average resident set size (kbytes): 0
	Major (requiring I/O) page faults: 0
	Minor (reclaiming a frame) page faults: 448
	Voluntary context switches: 1
	Involuntary context switches: 1019
	Swaps: 0
	File system inputs: 0
	File system outputs: 0
	Socket messages sent: 0
	Socket messages received: 0
	Signals delivered: 0
	Page size (bytes): 4096
	Exit status: 0
