
running 1 test
test bezier_offset::conversion_tests::selected_fiber_genuinely_analytic_contacts_complete_region_booleans ... ok

test result: ok. 1 passed; 0 failed; 0 ignored; 0 measured; 894 filtered out; finished in 53.43s

	Command being timed: "taskset -c 7 /tmp/hypercurve-native-constant-sign-candidate-test bezier_offset::conversion_tests::selected_fiber_genuinely_analytic_contacts_complete_region_booleans --exact --nocapture --test-threads=1 --ignored"
	User time (seconds): 52.77
	System time (seconds): 0.06
	Percent of CPU this job got: 98%
	Elapsed (wall clock) time (h:mm:ss or m:ss): 0:53.42
	Average shared text size (kbytes): 0
	Average unshared data size (kbytes): 0
	Average stack size (kbytes): 0
	Average total size (kbytes): 0
	Maximum resident set size (kbytes): 17972
	Average resident set size (kbytes): 0
	Major (requiring I/O) page faults: 0
	Minor (reclaiming a frame) page faults: 1185
	Voluntary context switches: 2
	Involuntary context switches: 13263
	Swaps: 0
	File system inputs: 0
	File system outputs: 0
	Socket messages sent: 0
	Socket messages received: 0
	Signals delivered: 0
	Page size (bytes): 4096
	Exit status: 0
