Benchmarking scalar_ops/hyperreal/powi
Benchmarking scalar_ops/hyperreal/powi: Warming up for 100.00 ms
Benchmarking scalar_ops/hyperreal/powi: Collecting 40 samples in estimated 500.02 ms (9.8M iterations)
Benchmarking scalar_ops/hyperreal/powi: Analyzing
scalar_ops/hyperreal/powi
                        time:   [51.453 ns 51.558 ns 51.689 ns]
                        change: [−12.789% −11.877% −11.148%] (p = 0.00 < 0.05)
                        Performance has improved.
Found 5 outliers among 40 measurements (12.50%)
  2 (5.00%) high mild
  3 (7.50%) high severe
Benchmarking scalar_ops/hyperreal/exp
Benchmarking scalar_ops/hyperreal/exp: Warming up for 100.00 ms
Benchmarking scalar_ops/hyperreal/exp: Collecting 40 samples in estimated 500.01 ms (5.2M iterations)
Benchmarking scalar_ops/hyperreal/exp: Analyzing
scalar_ops/hyperreal/exp
                        time:   [97.507 ns 98.299 ns 99.411 ns]
                        change: [−5.8509% −2.8191% −0.2394%] (p = 0.06 > 0.05)
                        No change in performance detected.
Found 3 outliers among 40 measurements (7.50%)
  2 (5.00%) high mild
  1 (2.50%) high severe
Benchmarking scalar_ops/hyperreal/ln
Benchmarking scalar_ops/hyperreal/ln: Warming up for 100.00 ms
Benchmarking scalar_ops/hyperreal/ln: Collecting 40 samples in estimated 500.89 ms (414k iterations)
Benchmarking scalar_ops/hyperreal/ln: Analyzing
scalar_ops/hyperreal/ln time:   [1.2416 µs 1.2839 µs 1.3404 µs]
                        change: [−1.9491% +0.7813% +4.4739%] (p = 0.65 > 0.05)
                        No change in performance detected.
Found 7 outliers among 40 measurements (17.50%)
  2 (5.00%) high mild
  5 (12.50%) high severe
Benchmarking scalar_ops/hyperreal/log10
Benchmarking scalar_ops/hyperreal/log10: Warming up for 100.00 ms
Benchmarking scalar_ops/hyperreal/log10: Collecting 40 samples in estimated 500.87 ms (349k iterations)
Benchmarking scalar_ops/hyperreal/log10: Analyzing
scalar_ops/hyperreal/log10
                        time:   [1.4250 µs 1.4320 µs 1.4432 µs]
                        change: [−7.2539% −5.5255% −4.0589%] (p = 0.00 < 0.05)
                        Performance has improved.
Found 6 outliers among 40 measurements (15.00%)
  1 (2.50%) high mild
  5 (12.50%) high severe
Benchmarking scalar_ops/hyperreal/log10_abort
Benchmarking scalar_ops/hyperreal/log10_abort: Warming up for 100.00 ms
Benchmarking scalar_ops/hyperreal/log10_abort: Collecting 40 samples in estimated 500.01 ms (339k iterations)
Benchmarking scalar_ops/hyperreal/log10_abort: Analyzing
scalar_ops/hyperreal/log10_abort
                        time:   [1.4556 µs 1.4597 µs 1.4642 µs]
                        change: [−6.1538% −5.5366% −5.0953%] (p = 0.00 < 0.05)
                        Performance has improved.
Found 7 outliers among 40 measurements (17.50%)
  1 (2.50%) low mild
  3 (7.50%) high mild
  3 (7.50%) high severe
Benchmarking scalar_ops/hyperreal/asin
Benchmarking scalar_ops/hyperreal/asin: Warming up for 100.00 ms
Benchmarking scalar_ops/hyperreal/asin: Collecting 40 samples in estimated 500.04 ms (4.0M iterations)
Benchmarking scalar_ops/hyperreal/asin: Analyzing
scalar_ops/hyperreal/asin
                        time:   [115.34 ns 116.35 ns 117.83 ns]
                        change: [−32.450% −30.715% −29.122%] (p = 0.00 < 0.05)
                        Performance has improved.
Benchmarking scalar_ops/hyperreal/asin_abort
Benchmarking scalar_ops/hyperreal/asin_abort: Warming up for 100.00 ms
Benchmarking scalar_ops/hyperreal/asin_abort: Collecting 40 samples in estimated 500.09 ms (3.5M iterations)
Benchmarking scalar_ops/hyperreal/asin_abort: Analyzing
scalar_ops/hyperreal/asin_abort
                        time:   [138.91 ns 140.24 ns 142.78 ns]
                        change: [−27.594% −26.935% −26.235%] (p = 0.00 < 0.05)
                        Performance has improved.
Found 3 outliers among 40 measurements (7.50%)
  1 (2.50%) high mild
  2 (5.00%) high severe
Benchmarking scalar_ops/hyperreal/acos
Benchmarking scalar_ops/hyperreal/acos: Warming up for 100.00 ms
Benchmarking scalar_ops/hyperreal/acos: Collecting 40 samples in estimated 500.06 ms (1.7M iterations)
Benchmarking scalar_ops/hyperreal/acos: Analyzing
scalar_ops/hyperreal/acos
                        time:   [292.28 ns 295.69 ns 300.64 ns]
                        change: [−15.649% −14.346% −12.643%] (p = 0.00 < 0.05)
                        Performance has improved.
Found 6 outliers among 40 measurements (15.00%)
  6 (15.00%) high severe
Benchmarking scalar_ops/hyperreal/acos_abort
Benchmarking scalar_ops/hyperreal/acos_abort: Warming up for 100.00 ms
Benchmarking scalar_ops/hyperreal/acos_abort: Collecting 40 samples in estimated 500.01 ms (1.6M iterations)
Benchmarking scalar_ops/hyperreal/acos_abort: Analyzing
scalar_ops/hyperreal/acos_abort
                        time:   [316.54 ns 320.41 ns 326.56 ns]
                        change: [−16.150% −14.514% −12.354%] (p = 0.00 < 0.05)
                        Performance has improved.
Found 2 outliers among 40 measurements (5.00%)
  2 (5.00%) high severe
Benchmarking scalar_ops/hyperreal/zero_status
Benchmarking scalar_ops/hyperreal/zero_status: Warming up for 100.00 ms
Benchmarking scalar_ops/hyperreal/zero_status: Collecting 40 samples in estimated 500.00 ms (462M iterations)
Benchmarking scalar_ops/hyperreal/zero_status: Analyzing
scalar_ops/hyperreal/zero_status
                        time:   [1.1128 ns 1.1393 ns 1.1677 ns]
                        change: [−10.181% −6.1381% −2.1212%] (p = 0.01 < 0.05)
                        Performance has improved.
Found 1 outliers among 40 measurements (2.50%)
  1 (2.50%) high severe
Benchmarking scalar_ops/hyperreal-rational/powi
Benchmarking scalar_ops/hyperreal-rational/powi: Warming up for 100.00 ms
Benchmarking scalar_ops/hyperreal-rational/powi: Collecting 40 samples in estimated 500.01 ms (9.1M iterations)
Benchmarking scalar_ops/hyperreal-rational/powi: Analyzing
scalar_ops/hyperreal-rational/powi
                        time:   [54.756 ns 55.039 ns 55.440 ns]
                        change: [−11.261% −9.1839% −7.8449%] (p = 0.00 < 0.05)
                        Performance has improved.
Found 2 outliers among 40 measurements (5.00%)
  2 (5.00%) high severe
Benchmarking scalar_ops/hyperreal-rational/exp
Benchmarking scalar_ops/hyperreal-rational/exp: Warming up for 100.00 ms
Benchmarking scalar_ops/hyperreal-rational/exp: Collecting 40 samples in estimated 500.02 ms (5.1M iterations)
Benchmarking scalar_ops/hyperreal-rational/exp: Analyzing
scalar_ops/hyperreal-rational/exp
                        time:   [98.771 ns 99.961 ns 101.67 ns]
                        change: [+2.6229% +3.6255% +4.8729%] (p = 0.00 < 0.05)
                        Performance has regressed.
Found 6 outliers among 40 measurements (15.00%)
  2 (5.00%) high mild
  4 (10.00%) high severe
Benchmarking scalar_ops/hyperreal-rational/ln
Benchmarking scalar_ops/hyperreal-rational/ln: Warming up for 100.00 ms
Benchmarking scalar_ops/hyperreal-rational/ln: Collecting 40 samples in estimated 500.13 ms (1.2M iterations)
Benchmarking scalar_ops/hyperreal-rational/ln: Analyzing
scalar_ops/hyperreal-rational/ln
                        time:   [400.85 ns 406.41 ns 413.84 ns]
                        change: [−18.115% −16.091% −13.968%] (p = 0.00 < 0.05)
                        Performance has improved.
Found 4 outliers among 40 measurements (10.00%)
  4 (10.00%) high severe
Benchmarking scalar_ops/hyperreal-rational/log10
Benchmarking scalar_ops/hyperreal-rational/log10: Warming up for 100.00 ms
Benchmarking scalar_ops/hyperreal-rational/log10: Collecting 40 samples in estimated 500.38 ms (859k iterations)
Benchmarking scalar_ops/hyperreal-rational/log10: Analyzing
scalar_ops/hyperreal-rational/log10
                        time:   [579.62 ns 582.01 ns 584.71 ns]
                        change: [−21.057% −18.694% −16.495%] (p = 0.00 < 0.05)
                        Performance has improved.
Found 4 outliers among 40 measurements (10.00%)
  2 (5.00%) high mild
  2 (5.00%) high severe
Benchmarking scalar_ops/hyperreal-rational/log10_abort
Benchmarking scalar_ops/hyperreal-rational/log10_abort: Warming up for 100.00 ms
Benchmarking scalar_ops/hyperreal-rational/log10_abort: Collecting 40 samples in estimated 500.02 ms (819k iterations)
Benchmarking scalar_ops/hyperreal-rational/log10_abort: Analyzing
scalar_ops/hyperreal-rational/log10_abort
                        time:   [609.39 ns 612.41 ns 616.22 ns]
                        change: [−12.477% −11.607% −10.854%] (p = 0.00 < 0.05)
                        Performance has improved.
Found 4 outliers among 40 measurements (10.00%)
  2 (5.00%) high mild
  2 (5.00%) high severe
Benchmarking scalar_ops/hyperreal-rational/asin
Benchmarking scalar_ops/hyperreal-rational/asin: Warming up for 100.00 ms
Benchmarking scalar_ops/hyperreal-rational/asin: Collecting 40 samples in estimated 500.04 ms (4.5M iterations)
Benchmarking scalar_ops/hyperreal-rational/asin: Analyzing
scalar_ops/hyperreal-rational/asin
                        time:   [113.62 ns 113.95 ns 114.32 ns]
                        change: [−33.556% −32.907% −32.417%] (p = 0.00 < 0.05)
                        Performance has improved.
Found 2 outliers among 40 measurements (5.00%)
  1 (2.50%) high mild
  1 (2.50%) high severe
Benchmarking scalar_ops/hyperreal-rational/asin_abort
Benchmarking scalar_ops/hyperreal-rational/asin_abort: Warming up for 100.00 ms
Benchmarking scalar_ops/hyperreal-rational/asin_abort: Collecting 40 samples in estimated 500.04 ms (3.6M iterations)
Benchmarking scalar_ops/hyperreal-rational/asin_abort: Analyzing
scalar_ops/hyperreal-rational/asin_abort
                        time:   [138.31 ns 138.53 ns 138.75 ns]
                        change: [−30.694% −28.670% −27.405%] (p = 0.00 < 0.05)
                        Performance has improved.
Found 5 outliers among 40 measurements (12.50%)
  3 (7.50%) high mild
  2 (5.00%) high severe
Benchmarking scalar_ops/hyperreal-rational/acos
Benchmarking scalar_ops/hyperreal-rational/acos: Warming up for 100.00 ms
Benchmarking scalar_ops/hyperreal-rational/acos: Collecting 40 samples in estimated 500.15 ms (1.7M iterations)
Benchmarking scalar_ops/hyperreal-rational/acos: Analyzing
scalar_ops/hyperreal-rational/acos
                        time:   [291.59 ns 292.13 ns 292.75 ns]
                        change: [−18.505% −17.879% −17.337%] (p = 0.00 < 0.05)
                        Performance has improved.
Found 2 outliers among 40 measurements (5.00%)
  2 (5.00%) high mild
Benchmarking scalar_ops/hyperreal-rational/acos_abort
Benchmarking scalar_ops/hyperreal-rational/acos_abort: Warming up for 100.00 ms
Benchmarking scalar_ops/hyperreal-rational/acos_abort: Collecting 40 samples in estimated 500.18 ms (1.5M iterations)
Benchmarking scalar_ops/hyperreal-rational/acos_abort: Analyzing
scalar_ops/hyperreal-rational/acos_abort
                        time:   [316.56 ns 318.24 ns 320.17 ns]
                        change: [−17.825% −17.202% −16.667%] (p = 0.00 < 0.05)
                        Performance has improved.
Found 1 outliers among 40 measurements (2.50%)
  1 (2.50%) high mild
Benchmarking scalar_ops/hyperreal-rational/zero_status
Benchmarking scalar_ops/hyperreal-rational/zero_status: Warming up for 100.00 ms
Benchmarking scalar_ops/hyperreal-rational/zero_status: Collecting 40 samples in estimated 500.00 ms (455M iterations)
Benchmarking scalar_ops/hyperreal-rational/zero_status: Analyzing
scalar_ops/hyperreal-rational/zero_status
                        time:   [1.0705 ns 1.0902 ns 1.1126 ns]
                        change: [−15.164% −11.109% −6.5033%] (p = 0.00 < 0.05)
                        Performance has improved.
Found 2 outliers among 40 measurements (5.00%)
  1 (2.50%) high mild
  1 (2.50%) high severe

Benchmarking matrix_ops/hyperreal/mat3 inverse_checked_abort
Benchmarking matrix_ops/hyperreal/mat3 inverse_checked_abort: Warming up for 100.00 ms
Benchmarking matrix_ops/hyperreal/mat3 inverse_checked_abort: Collecting 40 samples in estimated 502.72 ms (102k iterations)
Benchmarking matrix_ops/hyperreal/mat3 inverse_checked_abort: Analyzing
matrix_ops/hyperreal/mat3 inverse_checked_abort
                        time:   [4.8717 µs 4.8892 µs 4.9077 µs]
                        change: [−1.2351% −0.7513% −0.3090%] (p = 0.00 < 0.05)
                        Change within noise threshold.
Benchmarking matrix_ops/hyperreal/mat3 div_matrix_checked_abort
Benchmarking matrix_ops/hyperreal/mat3 div_matrix_checked_abort: Warming up for 100.00 ms
Benchmarking matrix_ops/hyperreal/mat3 div_matrix_checked_abort: Collecting 40 samples in estimated 517.64 ms (21k iterations)
Benchmarking matrix_ops/hyperreal/mat3 div_matrix_checked_abort: Analyzing
matrix_ops/hyperreal/mat3 div_matrix_checked_abort
                        time:   [24.020 µs 24.131 µs 24.255 µs]
                        change: [+0.6643% +1.1312% +1.6196%] (p = 0.00 < 0.05)
                        Change within noise threshold.
Benchmarking matrix_ops/hyperreal/mat4 inverse_checked_abort
Benchmarking matrix_ops/hyperreal/mat4 inverse_checked_abort: Warming up for 100.00 ms
Benchmarking matrix_ops/hyperreal/mat4 inverse_checked_abort: Collecting 40 samples in estimated 505.22 ms (68k iterations)
Benchmarking matrix_ops/hyperreal/mat4 inverse_checked_abort: Analyzing
matrix_ops/hyperreal/mat4 inverse_checked_abort
                        time:   [7.4257 µs 7.4526 µs 7.4858 µs]
                        change: [+0.4491% +0.9067% +1.3572%] (p = 0.00 < 0.05)
                        Change within noise threshold.
Found 4 outliers among 40 measurements (10.00%)
  3 (7.50%) high mild
  1 (2.50%) high severe
Benchmarking matrix_ops/hyperreal/mat4 div_matrix_checked_abort
Benchmarking matrix_ops/hyperreal/mat4 div_matrix_checked_abort: Warming up for 100.00 ms
Benchmarking matrix_ops/hyperreal/mat4 div_matrix_checked_abort: Collecting 40 samples in estimated 529.36 ms (14k iterations)
Benchmarking matrix_ops/hyperreal/mat4 div_matrix_checked_abort: Analyzing
matrix_ops/hyperreal/mat4 div_matrix_checked_abort
                        time:   [40.347 µs 41.160 µs 41.912 µs]
                        change: [+3.7712% +6.8531% +9.8170%] (p = 0.00 < 0.05)
                        Performance has regressed.
Benchmarking matrix_ops/hyperreal-rational/mat3 inverse_checked_abort
Benchmarking matrix_ops/hyperreal-rational/mat3 inverse_checked_abort: Warming up for 100.00 ms
Benchmarking matrix_ops/hyperreal-rational/mat3 inverse_checked_abort: Collecting 40 samples in estimated 500.83 ms (173k iterations)
Benchmarking matrix_ops/hyperreal-rational/mat3 inverse_checked_abort: Analyzing
matrix_ops/hyperreal-rational/mat3 inverse_checked_abort
                        time:   [2.8311 µs 2.8383 µs 2.8477 µs]
                        change: [+0.7428% +0.9942% +1.3137%] (p = 0.00 < 0.05)
                        Change within noise threshold.
Found 3 outliers among 40 measurements (7.50%)
  1 (2.50%) high mild
  2 (5.00%) high severe
Benchmarking matrix_ops/hyperreal-rational/mat3 div_matrix_checked_abort
Benchmarking matrix_ops/hyperreal-rational/mat3 div_matrix_checked_abort: Warming up for 100.00 ms
Benchmarking matrix_ops/hyperreal-rational/mat3 div_matrix_checked_abort: Collecting 40 samples in estimated 503.17 ms (85k iterations)
Benchmarking matrix_ops/hyperreal-rational/mat3 div_matrix_checked_abort: Analyzing
matrix_ops/hyperreal-rational/mat3 div_matrix_checked_abort
                        time:   [5.9219 µs 5.9717 µs 6.0570 µs]
                        change: [−1.6989% +0.6098% +3.3487%] (p = 0.76 > 0.05)
                        No change in performance detected.
Found 5 outliers among 40 measurements (12.50%)
  1 (2.50%) high mild
  4 (10.00%) high severe
Benchmarking matrix_ops/hyperreal-rational/mat4 inverse_checked_abort
Benchmarking matrix_ops/hyperreal-rational/mat4 inverse_checked_abort: Warming up for 100.00 ms
Benchmarking matrix_ops/hyperreal-rational/mat4 inverse_checked_abort: Collecting 40 samples in estimated 503.06 ms (76k iterations)
Benchmarking matrix_ops/hyperreal-rational/mat4 inverse_checked_abort: Analyzing
matrix_ops/hyperreal-rational/mat4 inverse_checked_abort
                        time:   [6.3024 µs 6.3488 µs 6.4212 µs]
                        change: [−1.1737% +0.2820% +2.5321%] (p = 0.83 > 0.05)
                        No change in performance detected.
Found 2 outliers among 40 measurements (5.00%)
  1 (2.50%) high mild
  1 (2.50%) high severe
Benchmarking matrix_ops/hyperreal-rational/mat4 div_matrix_checked_abort
Benchmarking matrix_ops/hyperreal-rational/mat4 div_matrix_checked_abort: Warming up for 100.00 ms
Benchmarking matrix_ops/hyperreal-rational/mat4 div_matrix_checked_abort: Collecting 40 samples in estimated 503.54 ms (52k iterations)
Benchmarking matrix_ops/hyperreal-rational/mat4 div_matrix_checked_abort: Analyzing
matrix_ops/hyperreal-rational/mat4 div_matrix_checked_abort
                        time:   [9.5508 µs 9.6034 µs 9.6980 µs]
                        change: [−7.9523% −5.4793% −3.2740%] (p = 0.00 < 0.05)
                        Performance has improved.
Found 4 outliers among 40 measurements (10.00%)
  1 (2.50%) high mild
  3 (7.50%) high severe

