bezier_parameter_normal_form_zero_cold: 20000 iterations in 209.558709ms (10.477µs/iter), equal=20000
bezier_parameter_normal_form_zero_reused: 20000 iterations in 45.836909ms (2.291µs/iter), equal=20000
bezier_parameter_bernstein_32_to_power: 20000 iterations in 488.309493ms (24.415µs/iter), degree_checksum=640000
bezier_algebraic_parameter_sturm: 20000 iterations in 82.036108ms (4.101µs/iter), total=40000
bezier_algebraic_parameter_refined_ordering: 10000 iterations in 207.4996ms (20.749µs/iter), ordered=10000
bezier_algebraic_parameter_refined_even_root_ordering: 10000 iterations in 776.359052ms (77.635µs/iter), ordered=10000
bezier_parameter_quintic_unit_isolation: 2000 iterations in 62.994818ms (31.497µs/iter), isolated=10000, sturm_builds=1, interval_counts=19, bisections=9, rational_refinements=0, max_depth=5
bezier_parameter_boundary_root_isolation: 2000 iterations in 87.99932ms (43.999µs/iter), isolated=2000, interval_counts=263, bisections=130, max_depth=130
bezier_algebraic_parameter_exact_rational_reconstruction: 500000 iterations in 17.622946ms (35ns/iter), reconstructed=500000
bezier_algebraic_point_tangent_image: 20000 iterations in 85.132276ms (4.256µs/iter), transformed=40000
rational_bezier_algebraic_point_tangent_image: 20000 iterations in 2.285314ms (114ns/iter), transformed=40000
	Command being timed: "/tmp/hypercurve-normal-form-facts-parameter-baseline-benchmark"
	User time (seconds): 2.05
	System time (seconds): 0.00
	Percent of CPU this job got: 99%
	Elapsed (wall clock) time (h:mm:ss or m:ss): 0:02.06
	Average shared text size (kbytes): 0
	Average unshared data size (kbytes): 0
	Average stack size (kbytes): 0
	Average total size (kbytes): 0
	Maximum resident set size (kbytes): 4684
	Average resident set size (kbytes): 0
	Major (requiring I/O) page faults: 0
	Minor (reclaiming a frame) page faults: 224
	Voluntary context switches: 1
	Involuntary context switches: 22
	Swaps: 0
	File system inputs: 0
	File system outputs: 0
	Socket messages sent: 0
	Socket messages received: 0
	Signals delivered: 0
	Page size (bytes): 4096
	Exit status: 0
