curve_region_clone: 1000000 iterations in 3.720186ms (3ns/iter), checksum=1000000
curve_region_empty: 1000000 iterations in 3.017153ms (3ns/iter), checksum=0
cubic_bezier_exact_area_moments: 20000 iterations in 299.577494ms (14.978µs/iter)
cubic_bezier_prefix_area_moments: 20000 iterations in 387.866177ms (19.393µs/iter)
cubic_bezier_prefix_length_bounds: 20000 iterations in 83.879016ms (4.193µs/iter)
curve_region_boolean_immediate_union: 1000 iterations in 197.951824ms (197.951µs/iter), checksum=0
curve_region_boolean_immediate_all_ops: 1000 iterations in 440.813331ms (440.813µs/iter), checksum=0
curve_region_boolean_retained_algebraic_all_ops: 100 iterations in 23.831248ms (238.312µs/iter), checksum=1100
bezier_region_algebraic_ray_classification: 2000 iterations in 123.327204ms (61.663µs/iter), checksum=4000
bezier_region_materialization: 20000 iterations in 66.749929ms (3.337µs/iter), checksum=0
curve_region_cached_classification: 2000 iterations in 78.162698ms (39.081µs/iter), checksum=4000
curve_region_immediate_native_signed_depth: 2000 iterations in 1.722972ms (861ns/iter), checksum=2000
bezier_retained_region_materialization: 20000 iterations in 246.699655ms (12.334µs/iter), checksum=0
curve_region_cached_algebraic_classification: 2000 iterations in 98.031236ms (49.015µs/iter), checksum=4000
bezier_retained_algebraic_source_envelope: 20000 iterations in 283.634765ms (14.181µs/iter), checksum=0
bezier_retained_algebraic_exact_endpoint_envelope: 20000 iterations in 125.240873ms (6.262µs/iter), checksum=0
bezier_retained_algebraic_line_authoritative_roles: 20000 iterations in 3.030957927s (151.547µs/iter), checksum=0
bezier_resolved_overlap_region_materialization: 20000 iterations in 513.458666ms (25.672µs/iter), checksum=0
bezier_conic_region_exact_area: 20000 iterations in 539.164756ms (26.958µs/iter), checksum=0
	Command being timed: "taskset -c 7 /tmp/hypercurve-native-constant-sign-region-admitted-benchmark"
	User time (seconds): 6.43
	System time (seconds): 0.01
	Percent of CPU this job got: 98%
	Elapsed (wall clock) time (h:mm:ss or m:ss): 0:06.55
	Average shared text size (kbytes): 0
	Average unshared data size (kbytes): 0
	Average stack size (kbytes): 0
	Average total size (kbytes): 0
	Maximum resident set size (kbytes): 10296
	Average resident set size (kbytes): 0
	Major (requiring I/O) page faults: 0
	Minor (reclaiming a frame) page faults: 445
	Voluntary context switches: 1
	Involuntary context switches: 2237
	Swaps: 0
	File system inputs: 0
	File system outputs: 0
	Socket messages sent: 0
	Socket messages received: 0
	Signals delivered: 0
	Page size (bytes): 4096
	Exit status: 0
