curve_region_clone: 1000000 iterations in 3.656429ms (3ns/iter), checksum=1000000
curve_region_empty: 1000000 iterations in 3.085789ms (3ns/iter), checksum=0
cubic_bezier_exact_area_moments: 20000 iterations in 297.22405ms (14.861µs/iter)
cubic_bezier_prefix_area_moments: 20000 iterations in 390.896326ms (19.544µs/iter)
cubic_bezier_prefix_length_bounds: 20000 iterations in 83.764426ms (4.188µs/iter)
curve_region_boolean_immediate_union: 1000 iterations in 194.430488ms (194.43µs/iter), checksum=0
curve_region_boolean_immediate_all_ops: 1000 iterations in 395.50835ms (395.508µs/iter), checksum=0
curve_region_boolean_retained_algebraic_all_ops: 100 iterations in 21.862131ms (218.621µs/iter), checksum=1100
bezier_region_algebraic_ray_classification: 2000 iterations in 114.687506ms (57.343µs/iter), checksum=4000
bezier_region_materialization: 20000 iterations in 66.979508ms (3.348µs/iter), checksum=0
curve_region_cached_classification: 2000 iterations in 85.068237ms (42.534µs/iter), checksum=4000
curve_region_immediate_native_signed_depth: 2000 iterations in 1.658336ms (829ns/iter), checksum=2000
bezier_retained_region_materialization: 20000 iterations in 256.696538ms (12.834µs/iter), checksum=0
curve_region_cached_algebraic_classification: 2000 iterations in 96.414969ms (48.207µs/iter), checksum=4000
bezier_retained_algebraic_source_envelope: 20000 iterations in 281.992853ms (14.099µs/iter), checksum=0
bezier_retained_algebraic_exact_endpoint_envelope: 20000 iterations in 121.77628ms (6.088µs/iter), checksum=0
bezier_retained_algebraic_line_authoritative_roles: 20000 iterations in 2.994208229s (149.71µs/iter), checksum=0
bezier_resolved_overlap_region_materialization: 20000 iterations in 509.941644ms (25.497µs/iter), checksum=0
bezier_conic_region_exact_area: 20000 iterations in 554.049349ms (27.702µs/iter), checksum=0
	Command being timed: "taskset -c 7 /tmp/hypercurve-owned-singleton-frozen-candidate-region"
	User time (seconds): 6.43
	System time (seconds): 0.00
	Percent of CPU this job got: 99%
	Elapsed (wall clock) time (h:mm:ss or m:ss): 0:06.47
	Average shared text size (kbytes): 0
	Average unshared data size (kbytes): 0
	Average stack size (kbytes): 0
	Average total size (kbytes): 0
	Maximum resident set size (kbytes): 10152
	Average resident set size (kbytes): 0
	Major (requiring I/O) page faults: 0
	Minor (reclaiming a frame) page faults: 444
	Voluntary context switches: 1
	Involuntary context switches: 604
	Swaps: 0
	File system inputs: 0
	File system outputs: 0
	Socket messages sent: 0
	Socket messages received: 0
	Signals delivered: 0
	Page size (bytes): 4096
	Exit status: 0
