nested_midpoint_conversion,100000,1072.06163,1005822192715632416
opaque_midpoint_conversion,100000,740.29496,15592348946051803328
unrelated_symbols,100000,631.50632,14127170764991393440
unrelated_affine_bases,100000,572.52566,173030917332500000
	Command being timed: "taskset -c 7 /tmp/hyperreal-affine-offset-micro-baseline 100000"
	User time (seconds): 0.29
	System time (seconds): 0.00
	Percent of CPU this job got: 97%
	Elapsed (wall clock) time (h:mm:ss or m:ss): 0:00.30
	Average shared text size (kbytes): 0
	Average unshared data size (kbytes): 0
	Average stack size (kbytes): 0
	Average total size (kbytes): 0
	Maximum resident set size (kbytes): 3884
	Average resident set size (kbytes): 0
	Major (requiring I/O) page faults: 0
	Minor (reclaiming a frame) page faults: 223
	Voluntary context switches: 1
	Involuntary context switches: 233
	Swaps: 0
	File system inputs: 0
	File system outputs: 0
	Socket messages sent: 0
	Socket messages received: 0
	Signals delivered: 0
	Page size (bytes): 4096
	Exit status: 0
