Benchmarking matrix_ops/hyperreal/mat3 inverse_checked_abort
Benchmarking matrix_ops/hyperreal/mat3 inverse_checked_abort: Warming up for 500.00 ms
Benchmarking matrix_ops/hyperreal/mat3 inverse_checked_abort: Collecting 100 samples in estimated 2.0134 s (409k iterations)
Benchmarking matrix_ops/hyperreal/mat3 inverse_checked_abort: Analyzing
matrix_ops/hyperreal/mat3 inverse_checked_abort
                        time:   [4.9537 µs 5.0295 µs 5.1246 µs]
                        change: [+1.8961% +3.0686% +4.8313%] (p = 0.00 < 0.05)
                        Performance has regressed.
Found 10 outliers among 100 measurements (10.00%)
  4 (4.00%) high mild
  6 (6.00%) high severe
Benchmarking matrix_ops/hyperreal/mat3 div_matrix_checked_abort
Benchmarking matrix_ops/hyperreal/mat3 div_matrix_checked_abort: Warming up for 500.00 ms
Benchmarking matrix_ops/hyperreal/mat3 div_matrix_checked_abort: Collecting 100 samples in estimated 2.0489 s (86k iterations)
Benchmarking matrix_ops/hyperreal/mat3 div_matrix_checked_abort: Analyzing
matrix_ops/hyperreal/mat3 div_matrix_checked_abort
                        time:   [23.842 µs 24.143 µs 24.569 µs]
                        change: [−0.3498% +0.4864% +1.3816%] (p = 0.29 > 0.05)
                        No change in performance detected.
Found 14 outliers among 100 measurements (14.00%)
  4 (4.00%) high mild
  10 (10.00%) high severe
Benchmarking matrix_ops/hyperreal/mat4 inverse_checked_abort
Benchmarking matrix_ops/hyperreal/mat4 inverse_checked_abort: Warming up for 500.00 ms
Benchmarking matrix_ops/hyperreal/mat4 inverse_checked_abort: Collecting 100 samples in estimated 2.0090 s (268k iterations)
Benchmarking matrix_ops/hyperreal/mat4 inverse_checked_abort: Analyzing
matrix_ops/hyperreal/mat4 inverse_checked_abort
                        time:   [7.5075 µs 7.5921 µs 7.6882 µs]
                        change: [−8.9516% −6.0988% −3.4095%] (p = 0.00 < 0.05)
                        Performance has improved.
Found 11 outliers among 100 measurements (11.00%)
  5 (5.00%) high mild
  6 (6.00%) high severe
Benchmarking matrix_ops/hyperreal/mat4 div_matrix_checked_abort
Benchmarking matrix_ops/hyperreal/mat4 div_matrix_checked_abort: Warming up for 500.00 ms
Benchmarking matrix_ops/hyperreal/mat4 div_matrix_checked_abort: Collecting 100 samples in estimated 2.0670 s (56k iterations)
Benchmarking matrix_ops/hyperreal/mat4 div_matrix_checked_abort: Analyzing
matrix_ops/hyperreal/mat4 div_matrix_checked_abort
                        time:   [37.022 µs 37.145 µs 37.318 µs]
                        change: [−2.9517% −2.1062% −1.3833%] (p = 0.00 < 0.05)
                        Performance has improved.
Found 10 outliers among 100 measurements (10.00%)
  2 (2.00%) low severe
  3 (3.00%) low mild
  3 (3.00%) high mild
  2 (2.00%) high severe
Benchmarking matrix_ops/hyperreal-rational/mat3 inverse_checked_abort
Benchmarking matrix_ops/hyperreal-rational/mat3 inverse_checked_abort: Warming up for 500.00 ms
Benchmarking matrix_ops/hyperreal-rational/mat3 inverse_checked_abort: Collecting 100 samples in estimated 2.0004 s (702k iterations)
Benchmarking matrix_ops/hyperreal-rational/mat3 inverse_checked_abort: Analyzing
matrix_ops/hyperreal-rational/mat3 inverse_checked_abort
                        time:   [2.8405 µs 2.8476 µs 2.8579 µs]
                        change: [−2.7176% −2.2575% −1.8339%] (p = 0.00 < 0.05)
                        Performance has improved.
Found 8 outliers among 100 measurements (8.00%)
  5 (5.00%) high mild
  3 (3.00%) high severe
Benchmarking matrix_ops/hyperreal-rational/mat3 div_matrix_checked_abort
Benchmarking matrix_ops/hyperreal-rational/mat3 div_matrix_checked_abort: Warming up for 500.00 ms
Benchmarking matrix_ops/hyperreal-rational/mat3 div_matrix_checked_abort: Collecting 100 samples in estimated 2.0279 s (333k iterations)
Benchmarking matrix_ops/hyperreal-rational/mat3 div_matrix_checked_abort: Analyzing
matrix_ops/hyperreal-rational/mat3 div_matrix_checked_abort
                        time:   [6.0439 µs 6.0559 µs 6.0681 µs]
                        change: [−7.0539% −6.2136% −5.3910%] (p = 0.00 < 0.05)
                        Performance has improved.
Found 8 outliers among 100 measurements (8.00%)
  3 (3.00%) high mild
  5 (5.00%) high severe
Benchmarking matrix_ops/hyperreal-rational/mat4 inverse_checked_abort
Benchmarking matrix_ops/hyperreal-rational/mat4 inverse_checked_abort: Warming up for 500.00 ms
Benchmarking matrix_ops/hyperreal-rational/mat4 inverse_checked_abort: Collecting 100 samples in estimated 2.0154 s (318k iterations)
Benchmarking matrix_ops/hyperreal-rational/mat4 inverse_checked_abort: Analyzing
matrix_ops/hyperreal-rational/mat4 inverse_checked_abort
                        time:   [6.3148 µs 6.3487 µs 6.3933 µs]
                        change: [−7.3027% −5.5581% −3.8756%] (p = 0.00 < 0.05)
                        Performance has improved.
Found 8 outliers among 100 measurements (8.00%)
  2 (2.00%) high mild
  6 (6.00%) high severe
Benchmarking matrix_ops/hyperreal-rational/mat4 div_matrix_checked_abort
Benchmarking matrix_ops/hyperreal-rational/mat4 div_matrix_checked_abort: Warming up for 500.00 ms
Benchmarking matrix_ops/hyperreal-rational/mat4 div_matrix_checked_abort: Collecting 100 samples in estimated 2.0121 s (202k iterations)
Benchmarking matrix_ops/hyperreal-rational/mat4 div_matrix_checked_abort: Analyzing
matrix_ops/hyperreal-rational/mat4 div_matrix_checked_abort
                        time:   [9.7057 µs 9.7384 µs 9.7851 µs]
                        change: [−9.1356% −6.3132% −3.6038%] (p = 0.00 < 0.05)
                        Performance has improved.
Found 11 outliers among 100 measurements (11.00%)
  7 (7.00%) high mild
  4 (4.00%) high severe

