	Command being timed: "taskset -c 7 bash -c for sign_filter_iteration in {1..1000}; do /tmp/hypercurve-sign-filter-candidate-unit bezier_parameter::conversion_tests::algebraic_sign_filter_has_no_fixed_refinement_cap --exact > /dev/null || exit; done"
	User time (seconds): 0.85
	System time (seconds): 1.53
	Percent of CPU this job got: 96%
	Elapsed (wall clock) time (h:mm:ss or m:ss): 0:02.48
	Average shared text size (kbytes): 0
	Average unshared data size (kbytes): 0
	Average stack size (kbytes): 0
	Average total size (kbytes): 0
	Maximum resident set size (kbytes): 7808
	Average resident set size (kbytes): 0
	Major (requiring I/O) page faults: 0
	Minor (reclaiming a frame) page faults: 465493
	Voluntary context switches: 3453
	Involuntary context switches: 3176
	Swaps: 0
	File system inputs: 0
	File system outputs: 0
	Socket messages sent: 0
	Socket messages received: 0
	Signals delivered: 0
	Page size (bytes): 4096
	Exit status: 0
