curve_region_clone: 1000000 iterations in 3.615102ms (3ns/iter), checksum=1000000
curve_region_empty: 1000000 iterations in 2.977856ms (2ns/iter), checksum=0
cubic_bezier_exact_area_moments: 20000 iterations in 291.706524ms (14.585µs/iter)
cubic_bezier_prefix_area_moments: 20000 iterations in 389.974384ms (19.498µs/iter)
cubic_bezier_prefix_length_bounds: 20000 iterations in 83.136367ms (4.156µs/iter)
curve_region_boolean_immediate_union: 1000 iterations in 197.705941ms (197.705µs/iter), checksum=0
curve_region_boolean_immediate_all_ops: 1000 iterations in 392.231219ms (392.231µs/iter), checksum=0
curve_region_boolean_retained_algebraic_all_ops: 100 iterations in 21.986874ms (219.868µs/iter), checksum=1100
bezier_region_algebraic_ray_classification: 2000 iterations in 116.425487ms (58.212µs/iter), checksum=4000
bezier_region_materialization: 20000 iterations in 64.430038ms (3.221µs/iter), checksum=0
curve_region_cached_classification: 2000 iterations in 76.185593ms (38.092µs/iter), checksum=4000
curve_region_immediate_native_signed_depth: 2000 iterations in 1.689684ms (844ns/iter), checksum=2000
bezier_retained_region_materialization: 20000 iterations in 252.020971ms (12.601µs/iter), checksum=0
curve_region_cached_algebraic_classification: 2000 iterations in 95.809639ms (47.904µs/iter), checksum=4000
bezier_retained_algebraic_source_envelope: 20000 iterations in 283.627727ms (14.181µs/iter), checksum=0
bezier_retained_algebraic_exact_endpoint_envelope: 20000 iterations in 122.554528ms (6.127µs/iter), checksum=0
bezier_retained_algebraic_line_authoritative_roles: 20000 iterations in 2.96024028s (148.012µs/iter), checksum=0
bezier_resolved_overlap_region_materialization: 20000 iterations in 511.82101ms (25.591µs/iter), checksum=0
bezier_conic_region_exact_area: 20000 iterations in 544.956891ms (27.247µs/iter), checksum=0
	Command being timed: "taskset -c 7 /tmp/hypercurve-quotient-projection-api-region-benchmark"
	User time (seconds): 6.38
	System time (seconds): 0.00
	Percent of CPU this job got: 99%
	Elapsed (wall clock) time (h:mm:ss or m:ss): 0:06.41
	Average shared text size (kbytes): 0
	Average unshared data size (kbytes): 0
	Average stack size (kbytes): 0
	Average total size (kbytes): 0
	Maximum resident set size (kbytes): 10336
	Average resident set size (kbytes): 0
	Major (requiring I/O) page faults: 0
	Minor (reclaiming a frame) page faults: 446
	Voluntary context switches: 1
	Involuntary context switches: 353
	Swaps: 0
	File system inputs: 0
	File system outputs: 0
	Socket messages sent: 0
	Socket messages received: 0
	Signals delivered: 0
	Page size (bytes): 4096
	Exit status: 0
