curve_region_clone: 1000000 iterations in 3.604093ms (3ns/iter), checksum=1000000
curve_region_empty: 1000000 iterations in 3.06471ms (3ns/iter), checksum=0
cubic_bezier_exact_area_moments: 20000 iterations in 296.945319ms (14.847µs/iter)
cubic_bezier_prefix_area_moments: 20000 iterations in 395.284945ms (19.764µs/iter)
cubic_bezier_prefix_length_bounds: 20000 iterations in 83.430349ms (4.171µs/iter)
curve_region_boolean_immediate_union: 1000 iterations in 203.571601ms (203.571µs/iter), checksum=0
curve_region_boolean_immediate_all_ops: 1000 iterations in 401.660119ms (401.66µs/iter), checksum=0
curve_region_boolean_retained_algebraic_all_ops: 100 iterations in 22.326949ms (223.269µs/iter), checksum=1100
bezier_region_algebraic_ray_classification: 2000 iterations in 137.129537ms (68.564µs/iter), checksum=4000
bezier_region_materialization: 20000 iterations in 67.203192ms (3.36µs/iter), checksum=0
curve_region_cached_classification: 2000 iterations in 76.101292ms (38.05µs/iter), checksum=4000
curve_region_immediate_native_signed_depth: 2000 iterations in 1.640988ms (820ns/iter), checksum=2000
bezier_retained_region_materialization: 20000 iterations in 257.532521ms (12.876µs/iter), checksum=0
curve_region_cached_algebraic_classification: 2000 iterations in 94.595484ms (47.297µs/iter), checksum=4000
bezier_retained_algebraic_source_envelope: 20000 iterations in 281.241826ms (14.062µs/iter), checksum=0
bezier_retained_algebraic_exact_endpoint_envelope: 20000 iterations in 122.94729ms (6.147µs/iter), checksum=0
bezier_retained_algebraic_line_authoritative_roles: 20000 iterations in 3.024599744s (151.229µs/iter), checksum=0
bezier_resolved_overlap_region_materialization: 20000 iterations in 510.751517ms (25.537µs/iter), checksum=0
bezier_conic_region_exact_area: 20000 iterations in 541.110897ms (27.055µs/iter), checksum=0
	Command being timed: "taskset -c 7 /tmp/hypercurve-owned-singleton-frozen-candidate-region"
	User time (seconds): 6.47
	System time (seconds): 0.00
	Percent of CPU this job got: 99%
	Elapsed (wall clock) time (h:mm:ss or m:ss): 0:06.52
	Average shared text size (kbytes): 0
	Average unshared data size (kbytes): 0
	Average stack size (kbytes): 0
	Average total size (kbytes): 0
	Maximum resident set size (kbytes): 10300
	Average resident set size (kbytes): 0
	Major (requiring I/O) page faults: 0
	Minor (reclaiming a frame) page faults: 447
	Voluntary context switches: 1
	Involuntary context switches: 814
	Swaps: 0
	File system inputs: 0
	File system outputs: 0
	Socket messages sent: 0
	Socket messages received: 0
	Signals delivered: 0
	Page size (bytes): 4096
	Exit status: 0
