
running 1 test
test bezier_offset::conversion_tests::recursively_pair_radial_circle_intersects_a_genuine_analytic_parallel ... ok

test result: ok. 1 passed; 0 failed; 0 ignored; 0 measured; 894 filtered out; finished in 38.07s

	Command being timed: "taskset -c 7 /tmp/hypercurve-native-constant-sign-admitted-test bezier_offset::conversion_tests::recursively_pair_radial_circle_intersects_a_genuine_analytic_parallel --exact --nocapture --test-threads=1"
	User time (seconds): 36.40
	System time (seconds): 0.05
	Percent of CPU this job got: 95%
	Elapsed (wall clock) time (h:mm:ss or m:ss): 0:38.08
	Average shared text size (kbytes): 0
	Average unshared data size (kbytes): 0
	Average stack size (kbytes): 0
	Average total size (kbytes): 0
	Maximum resident set size (kbytes): 49296
	Average resident set size (kbytes): 0
	Major (requiring I/O) page faults: 0
	Minor (reclaiming a frame) page faults: 9181
	Voluntary context switches: 2
	Involuntary context switches: 7005
	Swaps: 0
	File system inputs: 0
	File system outputs: 0
	Socket messages sent: 0
	Socket messages received: 0
	Signals delivered: 0
	Page size (bytes): 4096
	Exit status: 0
