curve_region_clone: 1000000 iterations in 3.691288ms (3ns/iter), checksum=1000000
curve_region_empty: 1000000 iterations in 3.169643ms (3ns/iter), checksum=0
cubic_bezier_exact_area_moments: 20000 iterations in 271.386838ms (13.569µs/iter)
cubic_bezier_prefix_area_moments: 20000 iterations in 360.335151ms (18.016µs/iter)
cubic_bezier_prefix_length_bounds: 20000 iterations in 78.768258ms (3.938µs/iter)
curve_region_boolean_immediate_union: 1000 iterations in 179.793946ms (179.793µs/iter), checksum=0
curve_region_boolean_immediate_all_ops: 1000 iterations in 354.471222ms (354.471µs/iter), checksum=0
curve_region_boolean_retained_algebraic_all_ops: 100 iterations in 20.743483ms (207.434µs/iter), checksum=1100
bezier_region_algebraic_ray_classification: 2000 iterations in 108.877522ms (54.438µs/iter), checksum=4000
bezier_region_materialization: 20000 iterations in 58.789144ms (2.939µs/iter), checksum=0
curve_region_cached_classification: 2000 iterations in 69.835889ms (34.917µs/iter), checksum=4000
curve_region_immediate_native_signed_depth: 2000 iterations in 1.726932ms (863ns/iter), checksum=2000
bezier_retained_region_materialization: 20000 iterations in 232.335326ms (11.616µs/iter), checksum=0
curve_region_cached_algebraic_classification: 2000 iterations in 89.110402ms (44.555µs/iter), checksum=4000
bezier_retained_algebraic_source_envelope: 20000 iterations in 264.049069ms (13.202µs/iter), checksum=0
bezier_retained_algebraic_exact_endpoint_envelope: 20000 iterations in 115.415805ms (5.77µs/iter), checksum=0
bezier_retained_algebraic_line_authoritative_roles: 20000 iterations in 2.761799438s (138.089µs/iter), checksum=0
bezier_resolved_overlap_region_materialization: 20000 iterations in 486.122127ms (24.306µs/iter), checksum=0
bezier_conic_region_exact_area: 20000 iterations in 512.958204ms (25.647µs/iter), checksum=0
	Command being timed: "taskset -c 7 /tmp/hypercurve-dyadic-bernstein-region-candidate-benchmark"
	User time (seconds): 5.79
	System time (seconds): 0.01
	Percent of CPU this job got: 97%
	Elapsed (wall clock) time (h:mm:ss or m:ss): 0:05.97
	Average shared text size (kbytes): 0
	Average unshared data size (kbytes): 0
	Average stack size (kbytes): 0
	Average total size (kbytes): 0
	Maximum resident set size (kbytes): 9812
	Average resident set size (kbytes): 0
	Major (requiring I/O) page faults: 0
	Minor (reclaiming a frame) page faults: 438
	Voluntary context switches: 1
	Involuntary context switches: 4005
	Swaps: 0
	File system inputs: 0
	File system outputs: 0
	Socket messages sent: 0
	Socket messages received: 0
	Signals delivered: 0
	Page size (bytes): 4096
	Exit status: 0
