
running 4 tests
test easyduino_scale_process_image_containment_corpus ... ok
test easyduino_uno_scale_process_image_with_holes_corpus ... ok
test pcb_process_image_containment_regression_decides_exactly ... ok
test pcb_process_image_hole_ownership_culls_sparse_materials ... ok

test result: ok. 4 passed; 0 failed; 0 ignored; 0 measured; 0 filtered out; finished in 879.02s

	Command being timed: "/tmp/hypercurve-aabb-baseline.FfueBu/target/release/deps/hypercurve_pcb_boolean_regressions-0dbf8726743f88eb --include-ignored --test-threads=1"
	User time (seconds): 824.67
	System time (seconds): 3.02
	Percent of CPU this job got: 94%
	Elapsed (wall clock) time (h:mm:ss or m:ss): 14:39.07
	Average shared text size (kbytes): 0
	Average unshared data size (kbytes): 0
	Average stack size (kbytes): 0
	Average total size (kbytes): 0
	Maximum resident set size (kbytes): 367236
	Average resident set size (kbytes): 0
	Major (requiring I/O) page faults: 0
	Minor (reclaiming a frame) page faults: 99432
	Voluntary context switches: 7
	Involuntary context switches: 581910
	Swaps: 0
	File system inputs: 0
	File system outputs: 0
	Socket messages sent: 0
	Socket messages received: 0
	Signals delivered: 0
	Page size (bytes): 4096
	Exit status: 0
