   Compiling hypersolve v0.3.1 (/home/tim/Documents/GitHub/workspace/hypersolve)
    Finished `bench` profile [optimized] target(s) in 24.95s
     Running benches/certification.rs (target/release/deps/certification-39188de7fcb06800)
Benchmarking certify_multivariate_quadratic_krawczyk_square/1
Benchmarking certify_multivariate_quadratic_krawczyk_square/1: Warming up for 200.00 ms
Benchmarking certify_multivariate_quadratic_krawczyk_square/1: Collecting 30 samples in estimated 500.58 ms (308k iterations)
Benchmarking certify_multivariate_quadratic_krawczyk_square/1: Analyzing
certify_multivariate_quadratic_krawczyk_square/1
                        time:   [1.6423 µs 1.6645 µs 1.6878 µs]
                        change: [-10.154% -8.7707% -7.3447%] (p = 0.00 < 0.05)
                        Performance has improved.
Found 1 outliers among 30 measurements (3.33%)
  1 (3.33%) high mild

Benchmarking certify_multivariate_quadratic_krawczyk_square/2
Benchmarking certify_multivariate_quadratic_krawczyk_square/2: Warming up for 200.00 ms
Benchmarking certify_multivariate_quadratic_krawczyk_square/2: Collecting 30 samples in estimated 501.97 ms (114k iterations)
Benchmarking certify_multivariate_quadratic_krawczyk_square/2: Analyzing
certify_multivariate_quadratic_krawczyk_square/2
                        time:   [4.2385 µs 4.2687 µs 4.3155 µs]
                        change: [-10.309% -8.7453% -7.3890%] (p = 0.00 < 0.05)
                        Performance has improved.
Found 1 outliers among 30 measurements (3.33%)
  1 (3.33%) high severe

Benchmarking certify_multivariate_quadratic_krawczyk_square/4
Benchmarking certify_multivariate_quadratic_krawczyk_square/4: Warming up for 200.00 ms
Benchmarking certify_multivariate_quadratic_krawczyk_square/4: Collecting 30 samples in estimated 500.79 ms (17k iterations)
Benchmarking certify_multivariate_quadratic_krawczyk_square/4: Analyzing
certify_multivariate_quadratic_krawczyk_square/4
                        time:   [28.735 µs 28.817 µs 28.898 µs]
                        change: [-5.1113% -3.3840% -1.5349%] (p = 0.00 < 0.05)
                        Performance has improved.
Found 5 outliers among 30 measurements (16.67%)
  5 (16.67%) high severe

Benchmarking certify_multivariate_quadratic_krawczyk_square/8
Benchmarking certify_multivariate_quadratic_krawczyk_square/8: Warming up for 200.00 ms
Benchmarking certify_multivariate_quadratic_krawczyk_square/8: Collecting 30 samples in estimated 514.95 ms (3255 iterations)
Benchmarking certify_multivariate_quadratic_krawczyk_square/8: Analyzing
certify_multivariate_quadratic_krawczyk_square/8
                        time:   [154.29 µs 155.25 µs 156.06 µs]
                        change: [-11.520% -9.3709% -7.6549%] (p = 0.00 < 0.05)
                        Performance has improved.
Found 1 outliers among 30 measurements (3.33%)
  1 (3.33%) high mild

