TOTAL point-arithmetic 277500 FAIL 0 NONSTRICT 0
FAIL interval-mul ["-3/1","1/1","-49/16","-47/16"] 0 ["-49/16","147/16","-4/1","9/1"]
FAIL interval-div ["-3/1","1/1","-49/16","-47/16"] 0 ["-16/47","48/47","-1/1","1/1"]
FAIL interval-mul ["-3/1","1/1","-7/2","-5/2"] 0 ["-7/2","21/2","-4/1","8/1"]
FAIL interval-div ["-3/1","1/1","-7/2","-5/2"] 0 ["-2/5","6/5","-1/1","1/1"]
FAIL interval-mul ["-3/1","1/1","-5/1","-1/1"] 0 ["-5/1","15/1","-5/1","3/1"]
FAIL interval-div ["-3/1","1/1","-5/1","-1/1"] 0 ["-1/1","3/1","-1/1","1/1"]
FAIL interval-mul ["-3/1","1/1","-17/16","-15/16"] 0 ["-17/16","51/16","-2/1","3/1"]
FAIL interval-div ["-3/1","1/1","-17/16","-15/16"] 0 ["-16/15","16/5","-2/1","3/1"]
FAIL interval-mul ["-3/1","1/1","-3/2","-1/2"] 0 ["-3/2","9/2","-2/1","2/1"]
FAIL interval-div ["-3/1","1/1","-3/2","-1/2"] 0 ["-2/1","6/1","-2/1","2/1"]
FAIL interval-mul ["-3/1","1/1","-49/16","-47/16"] 1 ["-49/16","147/16","-7/2","9/1"]
FAIL interval-div ["-3/1","1/1","-49/16","-47/16"] 1 ["-16/47","48/47","-1/2","1/1"]
FAIL interval-mul ["-3/1","1/1","-7/2","-5/2"] 1 ["-7/2","21/2","-7/2","15/2"]
FAIL interval-div ["-3/1","1/1","-7/2","-5/2"] 1 ["-2/5","6/5","-1/2","1/1"]
FAIL interval-mul ["-3/1","1/1","-5/1","-1/1"] 1 ["-5/1","15/1","-5/1","3/1"]
FAIL interval-div ["-3/1","1/1","-5/1","-1/1"] 1 ["-1/1","3/1","-1/1","1/1"]
FAIL interval-mul ["-3/1","1/1","-17/16","-15/16"] 1 ["-17/16","51/16","-3/2","3/1"]
FAIL interval-div ["-3/1","1/1","-17/16","-15/16"] 1 ["-16/15","16/5","-3/2","3/1"]
FAIL interval-mul ["-3/1","1/1","-3/2","-1/2"] 1 ["-3/2","9/2","-3/2","3/2"]
FAIL interval-div ["-3/1","1/1","-3/2","-1/2"] 1 ["-2/1","6/1","-2/1","2/1"]
FAIL interval-mul ["-3/1","1/1","-49/16","-47/16"] 2 ["-49/16","147/16","-13/4","9/1"]
FAIL interval-div ["-3/1","1/1","-49/16","-47/16"] 2 ["-16/47","48/47","-1/2","1/1"]
FAIL interval-mul ["-3/1","1/1","-7/2","-5/2"] 2 ["-7/2","21/2","-7/2","15/2"]
FAIL interval-div ["-3/1","1/1","-7/2","-5/2"] 2 ["-2/5","6/5","-1/2","1/1"]
FAIL interval-mul ["-3/1","1/1","-5/1","-1/1"] 2 ["-5/1","15/1","-5/1","3/1"]
FAIL interval-div ["-3/1","1/1","-5/1","-1/1"] 2 ["-1/1","3/1","-1/1","3/4"]
FAIL interval-mul ["-3/1","1/1","-17/16","-15/16"] 2 ["-17/16","51/16","-5/4","3/1"]
FAIL interval-div ["-3/1","1/1","-17/16","-15/16"] 2 ["-16/15","16/5","-5/4","3/1"]
FAIL interval-mul ["-3/1","1/1","-3/2","-1/2"] 2 ["-3/2","9/2","-3/2","3/2"]
FAIL interval-div ["-3/1","1/1","-3/2","-1/2"] 2 ["-2/1","6/1","-2/1","2/1"]
FAIL interval-mul ["-3/1","1/1","-49/16","-47/16"] 8 ["-49/16","147/16","-49/16","141/16"]
FAIL interval-div ["-3/1","1/1","-49/16","-47/16"] 8 ["-16/47","48/47","-11/32","251/256"]
FAIL interval-mul ["-3/1","1/1","-7/2","-5/2"] 8 ["-7/2","21/2","-7/2","15/2"]
FAIL interval-div ["-3/1","1/1","-7/2","-5/2"] 8 ["-2/5","6/5","-103/256","55/64"]
FAIL interval-mul ["-3/1","1/1","-5/1","-1/1"] 8 ["-5/1","15/1","-5/1","3/1"]
FAIL interval-div ["-3/1","1/1","-5/1","-1/1"] 8 ["-1/1","3/1","-1/1","77/128"]
FAIL interval-mul ["-3/1","1/1","-17/16","-15/16"] 8 ["-17/16","51/16","-17/16","45/16"]
FAIL interval-div ["-3/1","1/1","-17/16","-15/16"] 8 ["-16/15","16/5","-137/128","723/256"]
FAIL interval-mul ["-3/1","1/1","-3/2","-1/2"] 8 ["-3/2","9/2","-3/2","3/2"]
FAIL interval-div ["-3/1","1/1","-3/2","-1/2"] 8 ["-2/1","6/1","-2/1","2/1"]
FAIL interval-mul ["-3/1","1/1","-49/16","-47/16"] 32 ["-49/16","147/16","-49/16","141/16"]
FAIL interval-div ["-3/1","1/1","-49/16","-47/16"] 32 ["-16/47","48/47","-1462116527/4294967296","4207314903/4294967296"]
FAIL interval-mul ["-3/1","1/1","-7/2","-5/2"] 32 ["-7/2","21/2","-7/2","15/2"]
FAIL interval-div ["-3/1","1/1","-7/2","-5/2"] 32 ["-2/5","6/5","-1717986919/4294967296","920350135/1073741824"]
FAIL interval-mul ["-3/1","1/1","-5/1","-1/1"] 32 ["-5/1","15/1","-5/1","3/1"]
FAIL interval-div ["-3/1","1/1","-5/1","-1/1"] 32 ["-1/1","3/1","-1/1","1288490189/2147483648"]
FAIL interval-mul ["-3/1","1/1","-17/16","-15/16"] 32 ["-17/16","51/16","-17/16","45/16"]
FAIL interval-div ["-3/1","1/1","-17/16","-15/16"] 32 ["-16/15","16/5","-2290649225/2147483648","12126966483/4294967296"]
FAIL interval-mul ["-3/1","1/1","-3/2","-1/2"] 32 ["-3/2","9/2","-3/2","3/2"]
FAIL interval-div ["-3/1","1/1","-3/2","-1/2"] 32 ["-2/1","6/1","-2/1","2/1"]
FAIL interval-mul ["-3/1","1/1","-49/16","-47/16"] 128 ["-49/16","147/16","-49/16","141/16"]
FAIL interval-div ["-3/1","1/1","-49/16","-47/16"] 128 ["-16/47","48/47","-115840805760319476923701994019325348581/340282366920938463463374607431768211456","83334457205127786970622352840433031377/85070591730234615865843651857942052864"]
FAIL interval-mul ["-3/1","1/1","-7/2","-5/2"] 128 ["-7/2","21/2","-7/2","15/2"]
FAIL interval-div ["-3/1","1/1","-7/2","-5/2"] 128 ["-2/5","6/5","-136112946768375385385349842972707284583/340282366920938463463374607431768211456","72917650054486813599294558735378902455/85070591730234615865843651857942052864"]
FAIL interval-mul ["-3/1","1/1","-5/1","-1/1"] 128 ["-5/1","15/1","-5/1","3/1"]
FAIL interval-div ["-3/1","1/1","-5/1","-1/1"] 128 ["-1/1","3/1","-1/1","102084710076281539039012382229530463437/170141183460469231731687303715884105728"]
FAIL interval-mul ["-3/1","1/1","-17/16","-15/16"] 128 ["-17/16","51/16","-17/16","45/16"]
FAIL interval-div ["-3/1","1/1","-17/16","-15/16"] 128 ["-16/15","16/5","-181483929024500513847133123963609712777/170141183460469231731687303715884105728","960797271306179190955410656277933773523/340282366920938463463374607431768211456"]
FAIL interval-mul ["-3/1","1/1","-3/2","-1/2"] 128 ["-3/2","9/2","-3/2","3/2"]
FAIL interval-div ["-3/1","1/1","-3/2","-1/2"] 128 ["-2/1","6/1","-2/1","2/1"]
FAIL interval-mul ["-1/16","1/16","-5/1","-1/1"] 2 ["-5/16","5/16","-1/2","1/4"]
FAIL interval-mul ["-1/16","1/16","-49/16","-47/16"] 8 ["-49/256","49/256","-49/256","47/256"]
FAIL interval-mul ["-1/16","1/16","-7/2","-5/2"] 8 ["-7/32","7/32","-7/32","5/32"]
FAIL interval-div ["-1/16","1/16","-7/2","-5/2"] 8 ["-1/40","1/40","-7/256","5/256"]
FAIL interval-mul ["-1/16","1/16","-5/1","-1/1"] 8 ["-5/16","5/16","-5/16","1/16"]
FAIL interval-div ["-1/16","1/16","-5/1","-1/1"] 8 ["-1/16","1/16","-1/16","1/64"]
FAIL interval-mul ["-1/16","1/16","-17/16","-15/16"] 8 ["-17/256","17/256","-17/256","15/256"]
FAIL interval-div ["-1/16","1/16","-17/16","-15/16"] 8 ["-1/15","1/15","-9/128","1/16"]
FAIL interval-mul ["-1/16","1/16","-3/2","-1/2"] 8 ["-3/32","3/32","-3/32","1/32"]
FAIL interval-div ["-1/16","1/16","-3/2","-1/2"] 8 ["-1/8","1/8","-1/8","11/256"]
FAIL interval-mul ["-1/16","1/16","-49/16","-47/16"] 32 ["-49/256","49/256","-49/256","47/256"]
FAIL interval-div ["-1/16","1/16","-49/16","-47/16"] 32 ["-1/47","1/47","-91382283/4294967296","43826197/2147483648"]
FAIL interval-mul ["-1/16","1/16","-7/2","-5/2"] 32 ["-7/32","7/32","-7/32","5/32"]
FAIL interval-div ["-1/16","1/16","-7/2","-5/2"] 32 ["-1/40","1/40","-107374183/4294967296","76695845/4294967296"]
FAIL interval-mul ["-1/16","1/16","-5/1","-1/1"] 32 ["-5/16","5/16","-5/16","1/16"]
FAIL interval-div ["-1/16","1/16","-5/1","-1/1"] 32 ["-1/16","1/16","-1/16","13421773/1073741824"]
FAIL interval-mul ["-1/16","1/16","-17/16","-15/16"] 32 ["-17/256","17/256","-17/256","15/256"]
FAIL interval-div ["-1/16","1/16","-17/16","-15/16"] 32 ["-1/15","1/15","-143165577/2147483648","15790321/268435456"]
FAIL interval-mul ["-1/16","1/16","-3/2","-1/2"] 32 ["-3/32","3/32","-3/32","1/32"]
FAIL interval-div ["-1/16","1/16","-3/2","-1/2"] 32 ["-1/8","1/8","-1/8","178956971/4294967296"]
FAIL interval-mul ["-1/16","1/16","-49/16","-47/16"] 128 ["-49/256","49/256","-49/256","47/256"]
FAIL interval-div ["-1/16","1/16","-49/16","-47/16"] 128 ["-1/47","1/47","-7240050360019967307731374626207834287/340282366920938463463374607431768211456","6944538100427315580885196070036085949/340282366920938463463374607431768211456"]
FAIL interval-mul ["-1/16","1/16","-7/2","-5/2"] 128 ["-7/32","7/32","-7/32","5/32"]
FAIL interval-div ["-1/16","1/16","-7/2","-5/2"] 128 ["-1/40","1/40","-8507059173023461586584365185794205287/340282366920938463463374607431768211456","6076470837873901133274546561281575205/340282366920938463463374607431768211456"]
FAIL interval-mul ["-1/16","1/16","-5/1","-1/1"] 128 ["-5/16","5/16","-5/16","1/16"]
FAIL interval-div ["-1/16","1/16","-5/1","-1/1"] 128 ["-1/16","1/16","-1/16","1063382396627932698323045648224275661/85070591730234615865843651857942052864"]
FAIL interval-mul ["-1/16","1/16","-17/16","-15/16"] 128 ["-17/256","17/256","-17/256","15/256"]
FAIL interval-div ["-1/16","1/16","-17/16","-15/16"] 128 ["-1/15","1/15","-11342745564031282115445820247725607049/170141183460469231731687303715884105728","1251038113679920821556524292028559601/21267647932558653966460912964485513216"]
FAIL interval-mul ["-1/16","1/16","-3/2","-1/2"] 128 ["-3/32","3/32","-3/32","1/32"]
FAIL interval-div ["-1/16","1/16","-3/2","-1/2"] 128 ["-1/8","1/8","-1/8","14178431955039102644307275309657008811/340282366920938463463374607431768211456"]
FAIL interval-mul ["-1/2","1/2","-5/1","-1/1"] 0 ["-5/2","5/2","-3/1","1/1"]
FAIL interval-mul ["-1/2","1/2","-49/16","-47/16"] 1 ["-49/32","49/32","-2/1","3/2"]
FAIL interval-mul ["-1/2","1/2","-7/2","-5/2"] 1 ["-7/4","7/4","-2/1","3/2"]
FAIL interval-mul ["-1/2","1/2","-5/1","-1/1"] 1 ["-5/2","5/2","-5/2","1/2"]
FAIL interval-mul ["-1/2","1/2","-17/16","-15/16"] 1 ["-17/32","17/32","-1/1","1/2"]
FAIL interval-div ["-1/2","1/2","-17/16","-15/16"] 1 ["-8/15","8/15","-1/1","1/2"]
FAIL interval-mul ["-1/2","1/2","-3/2","-1/2"] 1 ["-3/4","3/4","-1/1","1/2"]
FAIL interval-div ["-1/2","1/2","-3/2","-1/2"] 1 ["-1/1","1/1","-1/1","1/2"]
FAIL interval-mul ["-1/2","1/2","-49/16","-47/16"] 2 ["-49/32","49/32","-7/4","3/2"]
FAIL interval-mul ["-1/2","1/2","-7/2","-5/2"] 2 ["-7/4","7/4","-7/4","5/4"]
FAIL interval-mul ["-1/2","1/2","-5/1","-1/1"] 2 ["-5/2","5/2","-5/2","1/2"]
FAIL interval-div ["-1/2","1/2","-5/1","-1/1"] 2 ["-1/2","1/2","-1/2","1/4"]
FAIL interval-mul ["-1/2","1/2","-17/16","-15/16"] 2 ["-17/32","17/32","-3/4","1/2"]
FAIL interval-div ["-1/2","1/2","-17/16","-15/16"] 2 ["-8/15","8/15","-3/4","1/2"]
FAIL interval-mul ["-1/2","1/2","-3/2","-1/2"] 2 ["-3/4","3/4","-3/4","1/4"]
FAIL interval-div ["-1/2","1/2","-3/2","-1/2"] 2 ["-1/1","1/1","-1/1","1/2"]
FAIL interval-mul ["-1/2","1/2","-49/16","-47/16"] 8 ["-49/32","49/32","-49/32","47/32"]
FAIL interval-div ["-1/2","1/2","-49/16","-47/16"] 8 ["-8/47","8/47","-11/64","21/128"]
FAIL interval-mul ["-1/2","1/2","-7/2","-5/2"] 8 ["-7/4","7/4","-7/4","5/4"]
FAIL interval-div ["-1/2","1/2","-7/2","-5/2"] 8 ["-1/5","1/5","-13/64","37/256"]
FAIL interval-mul ["-1/2","1/2","-5/1","-1/1"] 8 ["-5/2","5/2","-5/2","1/2"]
FAIL interval-div ["-1/2","1/2","-5/1","-1/1"] 8 ["-1/2","1/2","-1/2","13/128"]
FAIL interval-mul ["-1/2","1/2","-17/16","-15/16"] 8 ["-17/32","17/32","-17/32","15/32"]
FAIL interval-div ["-1/2","1/2","-17/16","-15/16"] 8 ["-8/15","8/15","-137/256","121/256"]
FAIL interval-mul ["-1/2","1/2","-3/2","-1/2"] 8 ["-3/4","3/4","-3/4","1/4"]
FAIL interval-div ["-1/2","1/2","-3/2","-1/2"] 8 ["-1/1","1/1","-1/1","43/128"]
FAIL interval-mul ["-1/2","1/2","-49/16","-47/16"] 32 ["-49/32","49/32","-49/32","47/32"]
FAIL interval-div ["-1/2","1/2","-49/16","-47/16"] 32 ["-8/47","8/47","-91382283/536870912","701219151/4294967296"]
FAIL interval-mul ["-1/2","1/2","-7/2","-5/2"] 32 ["-7/4","7/4","-7/4","5/4"]
FAIL interval-div ["-1/2","1/2","-7/2","-5/2"] 32 ["-1/5","1/5","-214748365/1073741824","613566757/4294967296"]
FAIL interval-mul ["-1/2","1/2","-5/1","-1/1"] 32 ["-5/2","5/2","-5/2","1/2"]
FAIL interval-div ["-1/2","1/2","-5/1","-1/1"] 32 ["-1/2","1/2","-1/2","214748365/2147483648"]
FAIL interval-mul ["-1/2","1/2","-17/16","-15/16"] 32 ["-17/32","17/32","-17/32","15/32"]
FAIL interval-div ["-1/2","1/2","-17/16","-15/16"] 32 ["-8/15","8/15","-2290649225/4294967296","2021161081/4294967296"]
FAIL interval-mul ["-1/2","1/2","-3/2","-1/2"] 32 ["-3/4","3/4","-3/4","1/4"]
FAIL interval-div ["-1/2","1/2","-3/2","-1/2"] 32 ["-1/1","1/1","-1/1","715827883/2147483648"]
FAIL interval-mul ["-1/2","1/2","-49/16","-47/16"] 128 ["-49/32","49/32","-49/32","47/32"]
FAIL interval-div ["-1/2","1/2","-49/16","-47/16"] 128 ["-8/47","8/47","-57920402880159738461850997009662674291/340282366920938463463374607431768211456","55556304803418524647081568560288687585/340282366920938463463374607431768211456"]
FAIL interval-mul ["-1/2","1/2","-7/2","-5/2"] 128 ["-7/4","7/4","-7/4","5/4"]
FAIL interval-div ["-1/2","1/2","-7/2","-5/2"] 128 ["-1/5","1/5","-17014118346046923173168730371588410573/85070591730234615865843651857942052864","48611766702991209066196372490252601637/340282366920938463463374607431768211456"]
FAIL interval-mul ["-1/2","1/2","-5/1","-1/1"] 128 ["-5/2","5/2","-5/2","1/2"]
FAIL interval-div ["-1/2","1/2","-5/1","-1/1"] 128 ["-1/2","1/2","-1/2","17014118346046923173168730371588410573/170141183460469231731687303715884105728"]
FAIL interval-mul ["-1/2","1/2","-17/16","-15/16"] 128 ["-17/32","17/32","-17/32","15/32"]
FAIL interval-div ["-1/2","1/2","-17/16","-15/16"] 128 ["-8/15","8/15","-181483929024500513847133123963609712777/340282366920938463463374607431768211456","160132878551029865159235109379655628921/340282366920938463463374607431768211456"]
FAIL interval-mul ["-1/2","1/2","-3/2","-1/2"] 128 ["-3/4","3/4","-3/4","1/4"]
FAIL interval-div ["-1/2","1/2","-3/2","-1/2"] 128 ["-1/1","1/1","-1/1","56713727820156410577229101238628035243/170141183460469231731687303715884105728"]
FAIL interval-mul ["-2/1","2/1","-49/16","-47/16"] 0 ["-49/8","49/8","-7/1","6/1"]
FAIL interval-mul ["-2/1","2/1","-7/2","-5/2"] 0 ["-7/1","7/1","-7/1","5/1"]
FAIL interval-mul ["-2/1","2/1","-5/1","-1/1"] 0 ["-10/1","10/1","-10/1","2/1"]
FAIL interval-div ["-2/1","2/1","-5/1","-1/1"] 0 ["-2/1","2/1","-2/1","1/1"]
FAIL interval-mul ["-2/1","2/1","-17/16","-15/16"] 0 ["-17/8","17/8","-3/1","2/1"]
FAIL interval-div ["-2/1","2/1","-17/16","-15/16"] 0 ["-32/15","32/15","-3/1","2/1"]
FAIL interval-mul ["-2/1","2/1","-3/2","-1/2"] 0 ["-3/1","3/1","-3/1","1/1"]
FAIL interval-div ["-2/1","2/1","-3/2","-1/2"] 0 ["-4/1","4/1","-4/1","2/1"]
FAIL interval-mul ["-2/1","2/1","-49/16","-47/16"] 1 ["-49/8","49/8","-13/2","6/1"]
FAIL interval-mul ["-2/1","2/1","-7/2","-5/2"] 1 ["-7/1","7/1","-7/1","5/1"]
FAIL interval-mul ["-2/1","2/1","-5/1","-1/1"] 1 ["-10/1","10/1","-10/1","2/1"]
FAIL interval-div ["-2/1","2/1","-5/1","-1/1"] 1 ["-2/1","2/1","-2/1","1/2"]
FAIL interval-mul ["-2/1","2/1","-17/16","-15/16"] 1 ["-17/8","17/8","-5/2","2/1"]
FAIL interval-div ["-2/1","2/1","-17/16","-15/16"] 1 ["-32/15","32/15","-5/2","2/1"]
FAIL interval-mul ["-2/1","2/1","-3/2","-1/2"] 1 ["-3/1","3/1","-3/1","1/1"]
FAIL interval-div ["-2/1","2/1","-3/2","-1/2"] 1 ["-4/1","4/1","-4/1","3/2"]
FAIL interval-mul ["-2/1","2/1","-49/16","-47/16"] 2 ["-49/8","49/8","-25/4","6/1"]
FAIL interval-mul ["-2/1","2/1","-7/2","-5/2"] 2 ["-7/1","7/1","-7/1","5/1"]
FAIL interval-div ["-2/1","2/1","-7/2","-5/2"] 2 ["-4/5","4/5","-1/1","3/4"]
FAIL interval-mul ["-2/1","2/1","-5/1","-1/1"] 2 ["-10/1","10/1","-10/1","2/1"]
FAIL interval-div ["-2/1","2/1","-5/1","-1/1"] 2 ["-2/1","2/1","-2/1","1/2"]
FAIL interval-mul ["-2/1","2/1","-17/16","-15/16"] 2 ["-17/8","17/8","-9/4","2/1"]
FAIL interval-div ["-2/1","2/1","-17/16","-15/16"] 2 ["-32/15","32/15","-9/4","2/1"]
FAIL interval-mul ["-2/1","2/1","-3/2","-1/2"] 2 ["-3/1","3/1","-3/1","1/1"]
FAIL interval-div ["-2/1","2/1","-3/2","-1/2"] 2 ["-4/1","4/1","-4/1","3/2"]
FAIL interval-mul ["-2/1","2/1","-49/16","-47/16"] 8 ["-49/8","49/8","-49/8","47/8"]
FAIL interval-div ["-2/1","2/1","-49/16","-47/16"] 8 ["-32/47","32/47","-175/256","21/32"]
FAIL interval-mul ["-2/1","2/1","-7/2","-5/2"] 8 ["-7/1","7/1","-7/1","5/1"]
FAIL interval-div ["-2/1","2/1","-7/2","-5/2"] 8 ["-4/5","4/5","-205/256","147/256"]
FAIL interval-mul ["-2/1","2/1","-5/1","-1/1"] 8 ["-10/1","10/1","-10/1","2/1"]
FAIL interval-div ["-2/1","2/1","-5/1","-1/1"] 8 ["-2/1","2/1","-2/1","103/256"]
FAIL interval-mul ["-2/1","2/1","-17/16","-15/16"] 8 ["-17/8","17/8","-17/8","15/8"]
FAIL interval-div ["-2/1","2/1","-17/16","-15/16"] 8 ["-32/15","32/15","-547/256","241/128"]
FAIL interval-mul ["-2/1","2/1","-3/2","-1/2"] 8 ["-3/1","3/1","-3/1","1/1"]
FAIL interval-div ["-2/1","2/1","-3/2","-1/2"] 8 ["-4/1","4/1","-4/1","171/128"]
FAIL interval-mul ["-2/1","2/1","-49/16","-47/16"] 32 ["-49/8","49/8","-49/8","47/8"]
FAIL interval-div ["-2/1","2/1","-49/16","-47/16"] 32 ["-32/47","32/47","-2924233053/4294967296","1402438301/2147483648"]
FAIL interval-mul ["-2/1","2/1","-7/2","-5/2"] 32 ["-7/1","7/1","-7/1","5/1"]
FAIL interval-div ["-2/1","2/1","-7/2","-5/2"] 32 ["-4/5","4/5","-3435973837/4294967296","2454267027/4294967296"]
FAIL interval-mul ["-2/1","2/1","-5/1","-1/1"] 32 ["-10/1","10/1","-10/1","2/1"]
FAIL interval-div ["-2/1","2/1","-5/1","-1/1"] 32 ["-2/1","2/1","-2/1","1717986919/4294967296"]
FAIL interval-mul ["-2/1","2/1","-17/16","-15/16"] 32 ["-17/8","17/8","-17/8","15/8"]
FAIL interval-div ["-2/1","2/1","-17/16","-15/16"] 32 ["-32/15","32/15","-9162596899/4294967296","4042322161/2147483648"]
FAIL interval-mul ["-2/1","2/1","-3/2","-1/2"] 32 ["-3/1","3/1","-3/1","1/1"]
FAIL interval-div ["-2/1","2/1","-3/2","-1/2"] 32 ["-4/1","4/1","-4/1","2863311531/2147483648"]
FAIL interval-mul ["-2/1","2/1","-49/16","-47/16"] 128 ["-49/8","49/8","-49/8","47/8"]
FAIL interval-div ["-2/1","2/1","-49/16","-47/16"] 128 ["-32/47","32/47","-115840805760319476923701994019325348581/170141183460469231731687303715884105728","222225219213674098588326274241154750339/340282366920938463463374607431768211456"]
FAIL interval-mul ["-2/1","2/1","-7/2","-5/2"] 128 ["-7/1","7/1","-7/1","5/1"]
FAIL interval-div ["-2/1","2/1","-7/2","-5/2"] 128 ["-4/5","4/5","-272225893536750770770699685945414569165/340282366920938463463374607431768211456","194447066811964836264785489961010406547/340282366920938463463374607431768211456"]
FAIL interval-mul ["-2/1","2/1","-5/1","-1/1"] 128 ["-10/1","10/1","-10/1","2/1"]
FAIL interval-div ["-2/1","2/1","-5/1","-1/1"] 128 ["-2/1","2/1","-2/1","136112946768375385385349842972707284583/340282366920938463463374607431768211456"]
FAIL interval-mul ["-2/1","2/1","-17/16","-15/16"] 128 ["-17/8","17/8","-17/8","15/8"]
FAIL interval-div ["-2/1","2/1","-17/16","-15/16"] 128 ["-32/15","32/15","-725935716098002055388532495854438851107/340282366920938463463374607431768211456","320265757102059730318470218759311257841/170141183460469231731687303715884105728"]
FAIL interval-mul ["-2/1","2/1","-3/2","-1/2"] 128 ["-3/1","3/1","-3/1","1/1"]
FAIL interval-div ["-2/1","2/1","-3/2","-1/2"] 128 ["-4/1","4/1","-4/1","226854911280625642308916404954512140971/170141183460469231731687303715884105728"]
FAIL interval-mul ["-1/1","3/1","-49/16","-47/16"] 0 ["-147/16","49/16","-10/1","3/1"]
FAIL interval-mul ["-1/1","3/1","-7/2","-5/2"] 0 ["-21/2","7/2","-11/1","3/1"]
FAIL interval-mul ["-1/1","3/1","-5/1","-1/1"] 0 ["-15/1","5/1","-15/1","1/1"]
FAIL interval-mul ["-1/1","3/1","-17/16","-15/16"] 0 ["-51/16","17/16","-4/1","1/1"]
FAIL interval-div ["-1/1","3/1","-17/16","-15/16"] 0 ["-16/5","16/15","-4/1","1/1"]
FAIL interval-mul ["-1/1","3/1","-3/2","-1/2"] 0 ["-9/2","3/2","-5/1","1/1"]
FAIL interval-div ["-1/1","3/1","-3/2","-1/2"] 0 ["-6/1","2/1","-6/1","1/1"]
FAIL interval-mul ["-1/1","3/1","-49/16","-47/16"] 1 ["-147/16","49/16","-19/2","3/1"]
FAIL interval-mul ["-1/1","3/1","-7/2","-5/2"] 1 ["-21/2","7/2","-21/2","5/2"]
FAIL interval-mul ["-1/1","3/1","-5/1","-1/1"] 1 ["-15/1","5/1","-15/1","1/1"]
FAIL interval-div ["-1/1","3/1","-5/1","-1/1"] 1 ["-3/1","1/1","-3/1","1/2"]
FAIL interval-mul ["-1/1","3/1","-17/16","-15/16"] 1 ["-51/16","17/16","-7/2","1/1"]
FAIL interval-div ["-1/1","3/1","-17/16","-15/16"] 1 ["-16/5","16/15","-7/2","1/1"]
FAIL interval-mul ["-1/1","3/1","-3/2","-1/2"] 1 ["-9/2","3/2","-9/2","1/2"]
FAIL interval-div ["-1/1","3/1","-3/2","-1/2"] 1 ["-6/1","2/1","-6/1","1/1"]
FAIL interval-mul ["-1/1","3/1","-49/16","-47/16"] 2 ["-147/16","49/16","-37/4","3/1"]
FAIL interval-mul ["-1/1","3/1","-7/2","-5/2"] 2 ["-21/2","7/2","-21/2","5/2"]
FAIL interval-mul ["-1/1","3/1","-5/1","-1/1"] 2 ["-15/1","5/1","-15/1","1/1"]
FAIL interval-div ["-1/1","3/1","-5/1","-1/1"] 2 ["-3/1","1/1","-3/1","1/4"]
FAIL interval-mul ["-1/1","3/1","-17/16","-15/16"] 2 ["-51/16","17/16","-13/4","1/1"]
FAIL interval-div ["-1/1","3/1","-17/16","-15/16"] 2 ["-16/5","16/15","-13/4","1/1"]
FAIL interval-mul ["-1/1","3/1","-3/2","-1/2"] 2 ["-9/2","3/2","-9/2","1/2"]
FAIL interval-div ["-1/1","3/1","-3/2","-1/2"] 2 ["-6/1","2/1","-6/1","3/4"]
FAIL interval-mul ["-1/1","3/1","-49/16","-47/16"] 8 ["-147/16","49/16","-147/16","47/16"]
FAIL interval-div ["-1/1","3/1","-49/16","-47/16"] 8 ["-48/47","16/47","-131/128","21/64"]
FAIL interval-mul ["-1/1","3/1","-7/2","-5/2"] 8 ["-21/2","7/2","-21/2","5/2"]
FAIL interval-div ["-1/1","3/1","-7/2","-5/2"] 8 ["-6/5","2/5","-77/64","37/128"]
FAIL interval-mul ["-1/1","3/1","-5/1","-1/1"] 8 ["-15/1","5/1","-15/1","1/1"]
FAIL interval-div ["-1/1","3/1","-5/1","-1/1"] 8 ["-3/1","1/1","-3/1","13/64"]
FAIL interval-mul ["-1/1","3/1","-17/16","-15/16"] 8 ["-51/16","17/16","-51/16","15/16"]
FAIL interval-div ["-1/1","3/1","-17/16","-15/16"] 8 ["-16/5","16/15","-205/64","241/256"]
FAIL interval-mul ["-1/1","3/1","-3/2","-1/2"] 8 ["-9/2","3/2","-9/2","1/2"]
FAIL interval-div ["-1/1","3/1","-3/2","-1/2"] 8 ["-6/1","2/1","-6/1","171/256"]
FAIL interval-mul ["-1/1","3/1","-49/16","-47/16"] 32 ["-147/16","49/16","-147/16","47/16"]
FAIL interval-div ["-1/1","3/1","-49/16","-47/16"] 32 ["-48/47","16/47","-4386349579/4294967296","1402438301/4294967296"]
FAIL interval-mul ["-1/1","3/1","-7/2","-5/2"] 32 ["-21/2","7/2","-21/2","5/2"]
FAIL interval-div ["-1/1","3/1","-7/2","-5/2"] 32 ["-6/5","2/5","-1288490189/1073741824","613566757/2147483648"]
FAIL interval-mul ["-1/1","3/1","-5/1","-1/1"] 32 ["-15/1","5/1","-15/1","1/1"]
FAIL interval-div ["-1/1","3/1","-5/1","-1/1"] 32 ["-3/1","1/1","-3/1","214748365/1073741824"]
FAIL interval-mul ["-1/1","3/1","-17/16","-15/16"] 32 ["-51/16","17/16","-51/16","15/16"]
FAIL interval-div ["-1/1","3/1","-17/16","-15/16"] 32 ["-16/5","16/15","-3435973837/1073741824","4042322161/4294967296"]
FAIL interval-mul ["-1/1","3/1","-3/2","-1/2"] 32 ["-9/2","3/2","-9/2","1/2"]
FAIL interval-div ["-1/1","3/1","-3/2","-1/2"] 32 ["-6/1","2/1","-6/1","2863311531/4294967296"]
FAIL interval-mul ["-1/1","3/1","-49/16","-47/16"] 128 ["-147/16","49/16","-147/16","47/16"]
FAIL interval-div ["-1/1","3/1","-49/16","-47/16"] 128 ["-48/47","16/47","-347522417280958430771105982057976045743/340282366920938463463374607431768211456","55556304803418524647081568560288687585/170141183460469231731687303715884105728"]
FAIL interval-mul ["-1/1","3/1","-7/2","-5/2"] 128 ["-21/2","7/2","-21/2","5/2"]
FAIL interval-div ["-1/1","3/1","-7/2","-5/2"] 128 ["-6/5","2/5","-102084710076281539039012382229530463437/85070591730234615865843651857942052864","48611766702991209066196372490252601637/170141183460469231731687303715884105728"]
FAIL interval-mul ["-1/1","3/1","-5/1","-1/1"] 128 ["-15/1","5/1","-15/1","1/1"]
FAIL interval-div ["-1/1","3/1","-5/1","-1/1"] 128 ["-3/1","1/1","-3/1","17014118346046923173168730371588410573/85070591730234615865843651857942052864"]
FAIL interval-mul ["-1/1","3/1","-17/16","-15/16"] 128 ["-51/16","17/16","-51/16","15/16"]
FAIL interval-div ["-1/1","3/1","-17/16","-15/16"] 128 ["-16/5","16/15","-272225893536750770770699685945414569165/85070591730234615865843651857942052864","320265757102059730318470218759311257841/340282366920938463463374607431768211456"]
FAIL interval-mul ["-1/1","3/1","-3/2","-1/2"] 128 ["-9/2","3/2","-9/2","1/2"]
FAIL interval-div ["-1/1","3/1","-3/2","-1/2"] 128 ["-6/1","2/1","-6/1","226854911280625642308916404954512140971/340282366920938463463374607431768211456"]
TOTAL interval-arithmetic 7800 FAIL 244 NONSTRICT 4450
TOTAL sums 144 FAIL 0 NONSTRICT 0
TOTAL convolution 3600 FAIL 0
TOTAL derivatives 2499 FAIL 0
ordered-fold [(2,"ab","ba"),(3,"abc","cba"),(4,"abcd","dcba"),(5,"abcde","edcba"),(6,"abcdef","fedcba"),(7,"abcdefg","gfedcba"),(8,"abcdefgh","hgfedcba")]
Cauchy raw/memoized (False,True)
signum abs-zero Right (255,257)
signum closed-zero Right (255,257)
signum square-zero Right (255,257)
force endpoint Right ()
finite polynomial prefixes [3,0,0,0,0,0,0,0,0,0]
