==36== Memcheck, a memory error detector
==36== Copyright (C) 2002-2026, and GNU GPL'd, by Julian Seward et al.
==36== Using Valgrind-3.27.1 and LibVEX; rerun with -h for copyright info
==36== Command: target/release/performance realistic clone 32 100
==36== Parent PID: 2
==36== 
==36== 
==36== HEAP SUMMARY:
==36==     in use at exit: 648 bytes in 5 blocks
==36==   total heap usage: 154,232 allocs, 154,227 frees, 9,999,561 bytes allocated
==36== 
==36== LEAK SUMMARY:
==36==    definitely lost: 0 bytes in 0 blocks
==36==    indirectly lost: 0 bytes in 0 blocks
==36==      possibly lost: 0 bytes in 0 blocks
==36==    still reachable: 648 bytes in 5 blocks
==36==         suppressed: 0 bytes in 0 blocks
==36== Reachable blocks (those to which a pointer was found) are not shown.
==36== To see them, rerun with: --leak-check=full --show-leak-kinds=all
==36== 
==36== For lists of detected and suppressed errors, rerun with: -s
==36== ERROR SUMMARY: 0 errors from 0 contexts (suppressed: 0 from 0)
