domain,numerator,alias,status,equals_pi
0,-4,0,0,False
0,-4,1,0,False
0,-4,2,0,False
0,-2,0,0,False
0,-2,1,0,False
0,-2,2,0,False
0,-1,0,0,False
0,-1,1,0,False
0,-1,2,0,False
1,-4,0,0,False
1,-4,1,0,False
1,-4,2,0,False
1,-2,0,0,False
1,-2,1,0,False
1,-2,2,0,False
1,-1,0,0,False
1,-1,1,0,False
1,-1,2,0,False
2,-4,0,0,False
2,-4,1,0,False
2,-4,2,0,False
2,-2,0,0,False
2,-2,1,0,False
2,-2,2,0,False
2,-1,0,0,False
2,-1,1,0,False
2,-1,2,0,False
3,-4,0,0,False
3,-4,1,0,False
3,-4,2,0,False
3,-2,0,0,False
3,-2,1,0,False
3,-2,2,0,False
3,-1,0,0,False
3,-1,1,0,False
3,-1,2,0,False
{"suite":"ca-arg-witness","rows":36,"failures":36}
