audits/continuation/calcium/flint-ca-domain-probe.c: In function ‘main’:
audits/continuation/calcium/flint-ca-domain-probe.c:26:9: error: unknown type name ‘ca_ctx_ptr’; did you mean ‘ca_ctx_t’?
   26 |         ca_ctx_ptr ca_ctx=(ca_ctx_ptr)GR_CTX_DATA_AS_PTR(ctx);
      |         ^~~~~~~~~~
      |         ca_ctx_t
audits/continuation/calcium/flint-ca-domain-probe.c:26:28: error: ‘ca_ctx_ptr’ undeclared (first use in this function); did you mean ‘ca_ctx_t’?
   26 |         ca_ctx_ptr ca_ctx=(ca_ctx_ptr)GR_CTX_DATA_AS_PTR(ctx);
      |                            ^~~~~~~~~~
      |                            ca_ctx_t
audits/continuation/calcium/flint-ca-domain-probe.c:26:28: note: each undeclared identifier is reported only once for each function it appears in
audits/continuation/calcium/flint-ca-domain-probe.c:46:51: error: passing argument 2 of ‘ca_check_is_real’ makes pointer from integer without a cast [-Wint-conversion]
   46 |                 truth_t real=ca_check_is_real(out,ca_ctx),alg=ca_check_is_algebraic(out,ca_ctx);
      |                                                   ^~~~~~
      |                                                   |
      |                                                   int
In file included from audits/continuation/calcium/flint-ca-domain-probe.c:4:
../exact-real-references/flint/src/ca.h:312:49: note: expected ‘ca_ctx_struct *’ but argument is of type ‘int’
  312 | truth_t ca_check_is_real(const ca_t x, ca_ctx_t ctx);
      |                                        ~~~~~~~~~^~~
audits/continuation/calcium/flint-ca-domain-probe.c:46:89: error: passing argument 2 of ‘ca_check_is_algebraic’ makes pointer from integer without a cast [-Wint-conversion]
   46 |                 truth_t real=ca_check_is_real(out,ca_ctx),alg=ca_check_is_algebraic(out,ca_ctx);
      |                                                                                         ^~~~~~
      |                                                                                         |
      |                                                                                         int
../exact-real-references/flint/src/ca.h:309:54: note: expected ‘ca_ctx_struct *’ but argument is of type ‘int’
  309 | truth_t ca_check_is_algebraic(const ca_t x, ca_ctx_t ctx);
      |                                             ~~~~~~~~~^~~
audits/continuation/calcium/flint-ca-domain-probe.c:47:47: error: passing argument 2 of ‘ca_is_special’ makes pointer from integer without a cast [-Wint-conversion]
   47 |                 int special=ca_is_special(out,ca_ctx),need_real=domain==0||domain==2,need_alg=domain>=2;
      |                                               ^~~~~~
      |                                               |
      |                                               int
In file included from ../exact-real-references/flint/src/fmpz_types.h:15,
                 from ../exact-real-references/flint/src/fmpz.h:21,
                 from ../exact-real-references/flint/src/fmpz_mpoly_q.h:21,
                 from ../exact-real-references/flint/src/ca.h:21:
../exact-real-references/flint/src/ca.h:255:52: note: expected ‘ca_ctx_struct *’ but argument is of type ‘int’
  255 | CA_INLINE int ca_is_special(const ca_t x, ca_ctx_t FLINT_UNUSED(ctx))
      |                                                    ^
