==3163028== Memcheck, a memory error detector
==3163028== Copyright (C) 2002-2026, and GNU GPL'd, by Julian Seward et al.
==3163028== Using Valgrind-3.27.1 and LibVEX; rerun with -h for copyright info
==3163028== Command: /tmp/calcium-complex-product.0bkAWH/baseline-check
==3163028== 
==3163028== 
==3163028== HEAP SUMMARY:
==3163028==     in use at exit: 13,832 bytes in 136 blocks
==3163028==   total heap usage: 12,412,763 allocs, 12,412,627 frees, 1,879,323,436 bytes allocated
==3163028== 
==3163028== 32 bytes in 2 blocks are still reachable in loss record 1 of 37
==3163028==    at 0x4A11AE6: malloc (vg_replace_malloc.c:447)
==3163028==    by 0x4094E8C: <hyperreal::rational::arithmetic::Rational>::from_reduced_word_parts (in /tmp/calcium-complex-product.0bkAWH/baseline-check)
==3163028==    by 0x407113E: <&hyperreal::rational::arithmetic::Rational as core::ops::arith::Mul>::mul (in /tmp/calcium-complex-product.0bkAWH/baseline-check)
==3163028==    by 0x4075084: <&hyperreal::real::arithmetic::Real as core::ops::arith::Mul>::mul (in /tmp/calcium-complex-product.0bkAWH/baseline-check)
==3163028==    by 0x406C0E5: hyperlattice::complex::complex_multiply_components (in /tmp/calcium-complex-product.0bkAWH/baseline-check)
==3163028==    by 0x406CDCF: <&hyperlattice::complex::Complex as core::ops::arith::Mul>::mul (in /tmp/calcium-complex-product.0bkAWH/baseline-check)
==3163028==    by 0x40662D1: complex_product_baseline_check::corpus::calculate (in /tmp/calcium-complex-product.0bkAWH/baseline-check)
==3163028==    by 0x4067B73: complex_product_baseline_check::main (in /tmp/calcium-complex-product.0bkAWH/baseline-check)
==3163028==    by 0x406A672: std::sys::backtrace::__rust_begin_short_backtrace::<fn(), ()> (in /tmp/calcium-complex-product.0bkAWH/baseline-check)
==3163028==    by 0x406A708: std::rt::lang_start::<()>::{closure#0} (in /tmp/calcium-complex-product.0bkAWH/baseline-check)
==3163028==    by 0x417F2F6: std::rt::lang_start_internal (in /tmp/calcium-complex-product.0bkAWH/baseline-check)
==3163028==    by 0x4069F54: main (in /tmp/calcium-complex-product.0bkAWH/baseline-check)
==3163028== 
==3163028== 48 bytes in 2 blocks are still reachable in loss record 2 of 37
==3163028==    at 0x4A11AE6: malloc (vg_replace_malloc.c:447)
==3163028==    by 0x41173BD: num_bigint::biguint::shift::biguint_shl2 (in /tmp/calcium-complex-product.0bkAWH/baseline-check)
==3163028==    by 0x4079600: num_bigint::biguint::shift::biguint_shl::<usize> (in /tmp/calcium-complex-product.0bkAWH/baseline-check)
==3163028==    by 0x40815A6: <hyperreal::rational::arithmetic::Rational>::mul_wide_with_dyadic_denominator (in /tmp/calcium-complex-product.0bkAWH/baseline-check)
==3163028==    by 0x40711A7: <&hyperreal::rational::arithmetic::Rational as core::ops::arith::Mul>::mul (in /tmp/calcium-complex-product.0bkAWH/baseline-check)
==3163028==    by 0x4075084: <&hyperreal::real::arithmetic::Real as core::ops::arith::Mul>::mul (in /tmp/calcium-complex-product.0bkAWH/baseline-check)
==3163028==    by 0x406C0E5: hyperlattice::complex::complex_multiply_components (in /tmp/calcium-complex-product.0bkAWH/baseline-check)
==3163028==    by 0x406CDCF: <&hyperlattice::complex::Complex as core::ops::arith::Mul>::mul (in /tmp/calcium-complex-product.0bkAWH/baseline-check)
==3163028==    by 0x40662D1: complex_product_baseline_check::corpus::calculate (in /tmp/calcium-complex-product.0bkAWH/baseline-check)
==3163028==    by 0x4067B73: complex_product_baseline_check::main (in /tmp/calcium-complex-product.0bkAWH/baseline-check)
==3163028==    by 0x406A672: std::sys::backtrace::__rust_begin_short_backtrace::<fn(), ()> (in /tmp/calcium-complex-product.0bkAWH/baseline-check)
==3163028==    by 0x406A708: std::rt::lang_start::<()>::{closure#0} (in /tmp/calcium-complex-product.0bkAWH/baseline-check)
==3163028== 
==3163028== 48 bytes in 2 blocks are still reachable in loss record 3 of 37
==3163028==    at 0x4A11AE6: malloc (vg_replace_malloc.c:447)
==3163028==    by 0x40A1D88: <&num_bigint::biguint::BigUint as core::ops::arith::Mul>::mul (in /tmp/calcium-complex-product.0bkAWH/baseline-check)
==3163028==    by 0x4085B4B: <hyperreal::rational::arithmetic::Rational>::multiply_magnitudes (in /tmp/calcium-complex-product.0bkAWH/baseline-check)
==3163028==    by 0x408158C: <hyperreal::rational::arithmetic::Rational>::mul_wide_with_dyadic_denominator (in /tmp/calcium-complex-product.0bkAWH/baseline-check)
==3163028==    by 0x40711A7: <&hyperreal::rational::arithmetic::Rational as core::ops::arith::Mul>::mul (in /tmp/calcium-complex-product.0bkAWH/baseline-check)
==3163028==    by 0x4075084: <&hyperreal::real::arithmetic::Real as core::ops::arith::Mul>::mul (in /tmp/calcium-complex-product.0bkAWH/baseline-check)
==3163028==    by 0x406C0E5: hyperlattice::complex::complex_multiply_components (in /tmp/calcium-complex-product.0bkAWH/baseline-check)
==3163028==    by 0x406CDCF: <&hyperlattice::complex::Complex as core::ops::arith::Mul>::mul (in /tmp/calcium-complex-product.0bkAWH/baseline-check)
==3163028==    by 0x40662D1: complex_product_baseline_check::corpus::calculate (in /tmp/calcium-complex-product.0bkAWH/baseline-check)
==3163028==    by 0x4067B73: complex_product_baseline_check::main (in /tmp/calcium-complex-product.0bkAWH/baseline-check)
==3163028==    by 0x406A672: std::sys::backtrace::__rust_begin_short_backtrace::<fn(), ()> (in /tmp/calcium-complex-product.0bkAWH/baseline-check)
==3163028==    by 0x406A708: std::rt::lang_start::<()>::{closure#0} (in /tmp/calcium-complex-product.0bkAWH/baseline-check)
==3163028== 
==3163028== 64 bytes in 4 blocks are still reachable in loss record 4 of 37
==3163028==    at 0x4A11AE6: malloc (vg_replace_malloc.c:447)
==3163028==    by 0x4094E8C: <hyperreal::rational::arithmetic::Rational>::from_reduced_word_parts (in /tmp/calcium-complex-product.0bkAWH/baseline-check)
==3163028==    by 0x408434F: <hyperreal::rational::arithmetic::Rational>::subtract_ref (in /tmp/calcium-complex-product.0bkAWH/baseline-check)
==3163028==    by 0x4073C47: <&hyperreal::real::arithmetic::Real as core::ops::arith::Sub>::sub (in /tmp/calcium-complex-product.0bkAWH/baseline-check)
==3163028==    by 0x406C173: hyperlattice::complex::complex_multiply_components (in /tmp/calcium-complex-product.0bkAWH/baseline-check)
==3163028==    by 0x406CDCF: <&hyperlattice::complex::Complex as core::ops::arith::Mul>::mul (in /tmp/calcium-complex-product.0bkAWH/baseline-check)
==3163028==    by 0x40662D1: complex_product_baseline_check::corpus::calculate (in /tmp/calcium-complex-product.0bkAWH/baseline-check)
==3163028==    by 0x4067B73: complex_product_baseline_check::main (in /tmp/calcium-complex-product.0bkAWH/baseline-check)
==3163028==    by 0x406A672: std::sys::backtrace::__rust_begin_short_backtrace::<fn(), ()> (in /tmp/calcium-complex-product.0bkAWH/baseline-check)
==3163028==    by 0x406A708: std::rt::lang_start::<()>::{closure#0} (in /tmp/calcium-complex-product.0bkAWH/baseline-check)
==3163028==    by 0x417F2F6: std::rt::lang_start_internal (in /tmp/calcium-complex-product.0bkAWH/baseline-check)
==3163028==    by 0x4069F54: main (in /tmp/calcium-complex-product.0bkAWH/baseline-check)
==3163028== 
==3163028== 64 bytes in 4 blocks are still reachable in loss record 5 of 37
==3163028==    at 0x4A11AE6: malloc (vg_replace_malloc.c:447)
==3163028==    by 0x4094FFC: <hyperreal::rational::arithmetic::Rational>::from_reduced_word_parts (in /tmp/calcium-complex-product.0bkAWH/baseline-check)
==3163028==    by 0x408434F: <hyperreal::rational::arithmetic::Rational>::subtract_ref (in /tmp/calcium-complex-product.0bkAWH/baseline-check)
==3163028==    by 0x4073C47: <&hyperreal::real::arithmetic::Real as core::ops::arith::Sub>::sub (in /tmp/calcium-complex-product.0bkAWH/baseline-check)
==3163028==    by 0x406C173: hyperlattice::complex::complex_multiply_components (in /tmp/calcium-complex-product.0bkAWH/baseline-check)
==3163028==    by 0x406CDCF: <&hyperlattice::complex::Complex as core::ops::arith::Mul>::mul (in /tmp/calcium-complex-product.0bkAWH/baseline-check)
==3163028==    by 0x40662D1: complex_product_baseline_check::corpus::calculate (in /tmp/calcium-complex-product.0bkAWH/baseline-check)
==3163028==    by 0x4067B73: complex_product_baseline_check::main (in /tmp/calcium-complex-product.0bkAWH/baseline-check)
==3163028==    by 0x406A672: std::sys::backtrace::__rust_begin_short_backtrace::<fn(), ()> (in /tmp/calcium-complex-product.0bkAWH/baseline-check)
==3163028==    by 0x406A708: std::rt::lang_start::<()>::{closure#0} (in /tmp/calcium-complex-product.0bkAWH/baseline-check)
==3163028==    by 0x417F2F6: std::rt::lang_start_internal (in /tmp/calcium-complex-product.0bkAWH/baseline-check)
==3163028==    by 0x4069F54: main (in /tmp/calcium-complex-product.0bkAWH/baseline-check)
==3163028== 
==3163028== 104 bytes in 1 blocks are still reachable in loss record 6 of 37
==3163028==    at 0x4A11AE6: malloc (vg_replace_malloc.c:447)
==3163028==    by 0x40A3AA9: <hyperreal::rational::arithmetic::RATIONAL_ZERO::{closure#0} as core::ops::function::FnOnce<()>>::call_once (in /tmp/calcium-complex-product.0bkAWH/baseline-check)
==3163028==    by 0x40798DA: <std::sync::once::Once>::call_once_force::<<std::sync::lazy_lock::LazyLock<hyperreal::rational::arithmetic::Rational>>::force::{closure#0}>::{closure#0} (in /tmp/calcium-complex-product.0bkAWH/baseline-check)
==3163028==    by 0x4171B78: <std::sys::sync::once::futex::Once>::call (in /tmp/calcium-complex-product.0bkAWH/baseline-check)
==3163028==    by 0x40979DA: <hyperreal::rational::arithmetic::Rational>::from_word_magnitude_difference (in /tmp/calcium-complex-product.0bkAWH/baseline-check)
==3163028==    by 0x40987D1: <hyperreal::rational::arithmetic::Rational>::complex_product_components_impl (in /tmp/calcium-complex-product.0bkAWH/baseline-check)
==3163028==    by 0x40663B7: complex_product_baseline_check::corpus::calculate (in /tmp/calcium-complex-product.0bkAWH/baseline-check)
==3163028==    by 0x4067B73: complex_product_baseline_check::main (in /tmp/calcium-complex-product.0bkAWH/baseline-check)
==3163028==    by 0x406A672: std::sys::backtrace::__rust_begin_short_backtrace::<fn(), ()> (in /tmp/calcium-complex-product.0bkAWH/baseline-check)
==3163028==    by 0x406A708: std::rt::lang_start::<()>::{closure#0} (in /tmp/calcium-complex-product.0bkAWH/baseline-check)
==3163028==    by 0x417F2F6: std::rt::lang_start_internal (in /tmp/calcium-complex-product.0bkAWH/baseline-check)
==3163028==    by 0x4069F54: main (in /tmp/calcium-complex-product.0bkAWH/baseline-check)
==3163028== 
==3163028== 104 bytes in 1 blocks are still reachable in loss record 7 of 37
==3163028==    at 0x4A11AE6: malloc (vg_replace_malloc.c:447)
==3163028==    by 0x40A3972: <hyperreal::rational::arithmetic::RATIONAL_ONE::{closure#0} as core::ops::function::FnOnce<()>>::call_once (in /tmp/calcium-complex-product.0bkAWH/baseline-check)
==3163028==    by 0x40798DA: <std::sync::once::Once>::call_once_force::<<std::sync::lazy_lock::LazyLock<hyperreal::rational::arithmetic::Rational>>::force::{closure#0}>::{closure#0} (in /tmp/calcium-complex-product.0bkAWH/baseline-check)
==3163028==    by 0x4171B78: <std::sys::sync::once::futex::Once>::call (in /tmp/calcium-complex-product.0bkAWH/baseline-check)
==3163028==    by 0x40951D9: <hyperreal::rational::arithmetic::Rational>::from_reduced_word_parts (in /tmp/calcium-complex-product.0bkAWH/baseline-check)
==3163028==    by 0x4098D2A: <hyperreal::rational::arithmetic::Rational>::from_scaled_dyadic_quotient_component (in /tmp/calcium-complex-product.0bkAWH/baseline-check)
==3163028==    by 0x4097416: <hyperreal::rational::arithmetic::Rational>::complex_quotient_components (in /tmp/calcium-complex-product.0bkAWH/baseline-check)
==3163028==    by 0x406636C: complex_product_baseline_check::corpus::calculate (in /tmp/calcium-complex-product.0bkAWH/baseline-check)
==3163028==    by 0x4067B73: complex_product_baseline_check::main (in /tmp/calcium-complex-product.0bkAWH/baseline-check)
==3163028==    by 0x406A672: std::sys::backtrace::__rust_begin_short_backtrace::<fn(), ()> (in /tmp/calcium-complex-product.0bkAWH/baseline-check)
==3163028==    by 0x406A708: std::rt::lang_start::<()>::{closure#0} (in /tmp/calcium-complex-product.0bkAWH/baseline-check)
==3163028==    by 0x417F2F6: std::rt::lang_start_internal (in /tmp/calcium-complex-product.0bkAWH/baseline-check)
==3163028== 
==3163028== 104 bytes in 1 blocks are still reachable in loss record 8 of 37
==3163028==    at 0x4A11AE6: malloc (vg_replace_malloc.c:447)
==3163028==    by 0x40A3BE2: <hyperreal::rational::arithmetic::RATIONAL_MINUS_ONE::{closure#0} as core::ops::function::FnOnce<()>>::call_once (in /tmp/calcium-complex-product.0bkAWH/baseline-check)
==3163028==    by 0x40798DA: <std::sync::once::Once>::call_once_force::<<std::sync::lazy_lock::LazyLock<hyperreal::rational::arithmetic::Rational>>::force::{closure#0}>::{closure#0} (in /tmp/calcium-complex-product.0bkAWH/baseline-check)
==3163028==    by 0x4171B78: <std::sys::sync::once::futex::Once>::call (in /tmp/calcium-complex-product.0bkAWH/baseline-check)
==3163028==    by 0x4095241: <hyperreal::rational::arithmetic::Rational>::from_reduced_word_parts (in /tmp/calcium-complex-product.0bkAWH/baseline-check)
==3163028==    by 0x4098D2A: <hyperreal::rational::arithmetic::Rational>::from_scaled_dyadic_quotient_component (in /tmp/calcium-complex-product.0bkAWH/baseline-check)
==3163028==    by 0x4097416: <hyperreal::rational::arithmetic::Rational>::complex_quotient_components (in /tmp/calcium-complex-product.0bkAWH/baseline-check)
==3163028==    by 0x406636C: complex_product_baseline_check::corpus::calculate (in /tmp/calcium-complex-product.0bkAWH/baseline-check)
==3163028==    by 0x4067B73: complex_product_baseline_check::main (in /tmp/calcium-complex-product.0bkAWH/baseline-check)
==3163028==    by 0x406A672: std::sys::backtrace::__rust_begin_short_backtrace::<fn(), ()> (in /tmp/calcium-complex-product.0bkAWH/baseline-check)
==3163028==    by 0x406A708: std::rt::lang_start::<()>::{closure#0} (in /tmp/calcium-complex-product.0bkAWH/baseline-check)
==3163028==    by 0x417F2F6: std::rt::lang_start_internal (in /tmp/calcium-complex-product.0bkAWH/baseline-check)
==3163028== 
==3163028== 128 bytes in 8 blocks are still reachable in loss record 9 of 37
==3163028==    at 0x4A11AE6: malloc (vg_replace_malloc.c:447)
==3163028==    by 0x4094FFC: <hyperreal::rational::arithmetic::Rational>::from_reduced_word_parts (in /tmp/calcium-complex-product.0bkAWH/baseline-check)
==3163028==    by 0x407113E: <&hyperreal::rational::arithmetic::Rational as core::ops::arith::Mul>::mul (in /tmp/calcium-complex-product.0bkAWH/baseline-check)
==3163028==    by 0x4075084: <&hyperreal::real::arithmetic::Real as core::ops::arith::Mul>::mul (in /tmp/calcium-complex-product.0bkAWH/baseline-check)
==3163028==    by 0x406C0E5: hyperlattice::complex::complex_multiply_components (in /tmp/calcium-complex-product.0bkAWH/baseline-check)
==3163028==    by 0x406CDCF: <&hyperlattice::complex::Complex as core::ops::arith::Mul>::mul (in /tmp/calcium-complex-product.0bkAWH/baseline-check)
==3163028==    by 0x40662D1: complex_product_baseline_check::corpus::calculate (in /tmp/calcium-complex-product.0bkAWH/baseline-check)
==3163028==    by 0x4067B73: complex_product_baseline_check::main (in /tmp/calcium-complex-product.0bkAWH/baseline-check)
==3163028==    by 0x406A672: std::sys::backtrace::__rust_begin_short_backtrace::<fn(), ()> (in /tmp/calcium-complex-product.0bkAWH/baseline-check)
==3163028==    by 0x406A708: std::rt::lang_start::<()>::{closure#0} (in /tmp/calcium-complex-product.0bkAWH/baseline-check)
==3163028==    by 0x417F2F6: std::rt::lang_start_internal (in /tmp/calcium-complex-product.0bkAWH/baseline-check)
==3163028==    by 0x4069F54: main (in /tmp/calcium-complex-product.0bkAWH/baseline-check)
==3163028== 
==3163028== 208 bytes in 2 blocks are still reachable in loss record 10 of 37
==3163028==    at 0x4A11AE6: malloc (vg_replace_malloc.c:447)
==3163028==    by 0x40950B2: <hyperreal::rational::arithmetic::Rational>::from_reduced_word_parts (in /tmp/calcium-complex-product.0bkAWH/baseline-check)
==3163028==    by 0x407F368: <hyperreal::rational::arithmetic::Rational>::add_sub_words (in /tmp/calcium-complex-product.0bkAWH/baseline-check)
==3163028==    by 0x4082B11: <hyperreal::rational::arithmetic::Rational>::add_ref (in /tmp/calcium-complex-product.0bkAWH/baseline-check)
==3163028==    by 0x40737C4: <&hyperreal::real::arithmetic::Real as core::ops::arith::Add>::add (in /tmp/calcium-complex-product.0bkAWH/baseline-check)
==3163028==    by 0x406C0D0: hyperlattice::complex::complex_multiply_components (in /tmp/calcium-complex-product.0bkAWH/baseline-check)
==3163028==    by 0x406CDCF: <&hyperlattice::complex::Complex as core::ops::arith::Mul>::mul (in /tmp/calcium-complex-product.0bkAWH/baseline-check)
==3163028==    by 0x40662D1: complex_product_baseline_check::corpus::calculate (in /tmp/calcium-complex-product.0bkAWH/baseline-check)
==3163028==    by 0x4067B73: complex_product_baseline_check::main (in /tmp/calcium-complex-product.0bkAWH/baseline-check)
==3163028==    by 0x406A672: std::sys::backtrace::__rust_begin_short_backtrace::<fn(), ()> (in /tmp/calcium-complex-product.0bkAWH/baseline-check)
==3163028==    by 0x406A708: std::rt::lang_start::<()>::{closure#0} (in /tmp/calcium-complex-product.0bkAWH/baseline-check)
==3163028==    by 0x417F2F6: std::rt::lang_start_internal (in /tmp/calcium-complex-product.0bkAWH/baseline-check)
==3163028== 
==3163028== 208 bytes in 2 blocks are still reachable in loss record 11 of 37
==3163028==    at 0x4A11AE6: malloc (vg_replace_malloc.c:447)
==3163028==    by 0x40950B2: <hyperreal::rational::arithmetic::Rational>::from_reduced_word_parts (in /tmp/calcium-complex-product.0bkAWH/baseline-check)
==3163028==    by 0x407F368: <hyperreal::rational::arithmetic::Rational>::add_sub_words (in /tmp/calcium-complex-product.0bkAWH/baseline-check)
==3163028==    by 0x408434F: <hyperreal::rational::arithmetic::Rational>::subtract_ref (in /tmp/calcium-complex-product.0bkAWH/baseline-check)
==3163028==    by 0x4073C47: <&hyperreal::real::arithmetic::Real as core::ops::arith::Sub>::sub (in /tmp/calcium-complex-product.0bkAWH/baseline-check)
==3163028==    by 0x406C114: hyperlattice::complex::complex_multiply_components (in /tmp/calcium-complex-product.0bkAWH/baseline-check)
==3163028==    by 0x406CDCF: <&hyperlattice::complex::Complex as core::ops::arith::Mul>::mul (in /tmp/calcium-complex-product.0bkAWH/baseline-check)
==3163028==    by 0x40662D1: complex_product_baseline_check::corpus::calculate (in /tmp/calcium-complex-product.0bkAWH/baseline-check)
==3163028==    by 0x4067B73: complex_product_baseline_check::main (in /tmp/calcium-complex-product.0bkAWH/baseline-check)
==3163028==    by 0x406A672: std::sys::backtrace::__rust_begin_short_backtrace::<fn(), ()> (in /tmp/calcium-complex-product.0bkAWH/baseline-check)
==3163028==    by 0x406A708: std::rt::lang_start::<()>::{closure#0} (in /tmp/calcium-complex-product.0bkAWH/baseline-check)
==3163028==    by 0x417F2F6: std::rt::lang_start_internal (in /tmp/calcium-complex-product.0bkAWH/baseline-check)
==3163028== 
==3163028== 208 bytes in 2 blocks are still reachable in loss record 12 of 37
==3163028==    at 0x4A11AE6: malloc (vg_replace_malloc.c:447)
==3163028==    by 0x40950B2: <hyperreal::rational::arithmetic::Rational>::from_reduced_word_parts (in /tmp/calcium-complex-product.0bkAWH/baseline-check)
==3163028==    by 0x407F368: <hyperreal::rational::arithmetic::Rational>::add_sub_words (in /tmp/calcium-complex-product.0bkAWH/baseline-check)
==3163028==    by 0x408434F: <hyperreal::rational::arithmetic::Rational>::subtract_ref (in /tmp/calcium-complex-product.0bkAWH/baseline-check)
==3163028==    by 0x4073C47: <&hyperreal::real::arithmetic::Real as core::ops::arith::Sub>::sub (in /tmp/calcium-complex-product.0bkAWH/baseline-check)
==3163028==    by 0x406C1C0: hyperlattice::complex::complex_multiply_components (in /tmp/calcium-complex-product.0bkAWH/baseline-check)
==3163028==    by 0x406CDCF: <&hyperlattice::complex::Complex as core::ops::arith::Mul>::mul (in /tmp/calcium-complex-product.0bkAWH/baseline-check)
==3163028==    by 0x40662D1: complex_product_baseline_check::corpus::calculate (in /tmp/calcium-complex-product.0bkAWH/baseline-check)
==3163028==    by 0x4067B73: complex_product_baseline_check::main (in /tmp/calcium-complex-product.0bkAWH/baseline-check)
==3163028==    by 0x406A672: std::sys::backtrace::__rust_begin_short_backtrace::<fn(), ()> (in /tmp/calcium-complex-product.0bkAWH/baseline-check)
==3163028==    by 0x406A708: std::rt::lang_start::<()>::{closure#0} (in /tmp/calcium-complex-product.0bkAWH/baseline-check)
==3163028==    by 0x417F2F6: std::rt::lang_start_internal (in /tmp/calcium-complex-product.0bkAWH/baseline-check)
==3163028== 
==3163028== 208 bytes in 2 blocks are still reachable in loss record 13 of 37
==3163028==    at 0x4A11AE6: malloc (vg_replace_malloc.c:447)
==3163028==    by 0x40950B2: <hyperreal::rational::arithmetic::Rational>::from_reduced_word_parts (in /tmp/calcium-complex-product.0bkAWH/baseline-check)
==3163028==    by 0x408434F: <hyperreal::rational::arithmetic::Rational>::subtract_ref (in /tmp/calcium-complex-product.0bkAWH/baseline-check)
==3163028==    by 0x4073C47: <&hyperreal::real::arithmetic::Real as core::ops::arith::Sub>::sub (in /tmp/calcium-complex-product.0bkAWH/baseline-check)
==3163028==    by 0x406C114: hyperlattice::complex::complex_multiply_components (in /tmp/calcium-complex-product.0bkAWH/baseline-check)
==3163028==    by 0x406CDCF: <&hyperlattice::complex::Complex as core::ops::arith::Mul>::mul (in /tmp/calcium-complex-product.0bkAWH/baseline-check)
==3163028==    by 0x40662D1: complex_product_baseline_check::corpus::calculate (in /tmp/calcium-complex-product.0bkAWH/baseline-check)
==3163028==    by 0x4067B73: complex_product_baseline_check::main (in /tmp/calcium-complex-product.0bkAWH/baseline-check)
==3163028==    by 0x406A672: std::sys::backtrace::__rust_begin_short_backtrace::<fn(), ()> (in /tmp/calcium-complex-product.0bkAWH/baseline-check)
==3163028==    by 0x406A708: std::rt::lang_start::<()>::{closure#0} (in /tmp/calcium-complex-product.0bkAWH/baseline-check)
==3163028==    by 0x417F2F6: std::rt::lang_start_internal (in /tmp/calcium-complex-product.0bkAWH/baseline-check)
==3163028==    by 0x4069F54: main (in /tmp/calcium-complex-product.0bkAWH/baseline-check)
==3163028== 
==3163028== 208 bytes in 2 blocks are still reachable in loss record 14 of 37
==3163028==    at 0x4A11AE6: malloc (vg_replace_malloc.c:447)
==3163028==    by 0x40950B2: <hyperreal::rational::arithmetic::Rational>::from_reduced_word_parts (in /tmp/calcium-complex-product.0bkAWH/baseline-check)
==3163028==    by 0x408434F: <hyperreal::rational::arithmetic::Rational>::subtract_ref (in /tmp/calcium-complex-product.0bkAWH/baseline-check)
==3163028==    by 0x4073C47: <&hyperreal::real::arithmetic::Real as core::ops::arith::Sub>::sub (in /tmp/calcium-complex-product.0bkAWH/baseline-check)
==3163028==    by 0x406C1C0: hyperlattice::complex::complex_multiply_components (in /tmp/calcium-complex-product.0bkAWH/baseline-check)
==3163028==    by 0x406CDCF: <&hyperlattice::complex::Complex as core::ops::arith::Mul>::mul (in /tmp/calcium-complex-product.0bkAWH/baseline-check)
==3163028==    by 0x40662D1: complex_product_baseline_check::corpus::calculate (in /tmp/calcium-complex-product.0bkAWH/baseline-check)
==3163028==    by 0x4067B73: complex_product_baseline_check::main (in /tmp/calcium-complex-product.0bkAWH/baseline-check)
==3163028==    by 0x406A672: std::sys::backtrace::__rust_begin_short_backtrace::<fn(), ()> (in /tmp/calcium-complex-product.0bkAWH/baseline-check)
==3163028==    by 0x406A708: std::rt::lang_start::<()>::{closure#0} (in /tmp/calcium-complex-product.0bkAWH/baseline-check)
==3163028==    by 0x417F2F6: std::rt::lang_start_internal (in /tmp/calcium-complex-product.0bkAWH/baseline-check)
==3163028==    by 0x4069F54: main (in /tmp/calcium-complex-product.0bkAWH/baseline-check)
==3163028== 
==3163028== 208 bytes in 2 blocks are still reachable in loss record 15 of 37
==3163028==    at 0x4A11AE6: malloc (vg_replace_malloc.c:447)
==3163028==    by 0x410186A: <std::sync::once::Once>::call_once_force::<<std::sync::once_lock::OnceLock<hyperreal::rational::arithmetic::Rational>>::initialize<<std::sync::once_lock::OnceLock<hyperreal::rational::arithmetic::Rational>>::get_or_init<<hyperreal::rational::arithmetic::Rational>::small_reduced_dyadic::{closure#0}>::{closure#0}, !>::{closure#0}>::{closure#0} (in /tmp/calcium-complex-product.0bkAWH/baseline-check)
==3163028==    by 0x4171B78: <std::sys::sync::once::futex::Once>::call (in /tmp/calcium-complex-product.0bkAWH/baseline-check)
==3163028==    by 0x4100CCF: <std::sync::once_lock::OnceLock<hyperreal::rational::arithmetic::Rational>>::initialize::<<std::sync::once_lock::OnceLock<hyperreal::rational::arithmetic::Rational>>::get_or_init<<hyperreal::rational::arithmetic::Rational>::small_reduced_dyadic::{closure#0}>::{closure#0}, !> (in /tmp/calcium-complex-product.0bkAWH/baseline-check)
==3163028==    by 0x408B21A: <hyperreal::rational::arithmetic::Rational>::small_reduced_dyadic (in /tmp/calcium-complex-product.0bkAWH/baseline-check)
==3163028==    by 0x4094D66: <hyperreal::rational::arithmetic::Rational>::from_reduced_word_parts (in /tmp/calcium-complex-product.0bkAWH/baseline-check)
==3163028==    by 0x4098D2A: <hyperreal::rational::arithmetic::Rational>::from_scaled_dyadic_quotient_component (in /tmp/calcium-complex-product.0bkAWH/baseline-check)
==3163028==    by 0x4097416: <hyperreal::rational::arithmetic::Rational>::complex_quotient_components (in /tmp/calcium-complex-product.0bkAWH/baseline-check)
==3163028==    by 0x406636C: complex_product_baseline_check::corpus::calculate (in /tmp/calcium-complex-product.0bkAWH/baseline-check)
==3163028==    by 0x4067B73: complex_product_baseline_check::main (in /tmp/calcium-complex-product.0bkAWH/baseline-check)
==3163028==    by 0x406A672: std::sys::backtrace::__rust_begin_short_backtrace::<fn(), ()> (in /tmp/calcium-complex-product.0bkAWH/baseline-check)
==3163028==    by 0x406A708: std::rt::lang_start::<()>::{closure#0} (in /tmp/calcium-complex-product.0bkAWH/baseline-check)
==3163028== 
==3163028== 208 bytes in 2 blocks are still reachable in loss record 16 of 37
==3163028==    at 0x4A11AE6: malloc (vg_replace_malloc.c:447)
==3163028==    by 0x41016D4: <std::sync::once::Once>::call_once_force::<<std::sync::once_lock::OnceLock<hyperreal::rational::arithmetic::Rational>>::initialize<<std::sync::once_lock::OnceLock<hyperreal::rational::arithmetic::Rational>>::get_or_init<<hyperreal::rational::arithmetic::Rational>::small_integer::{closure#0}>::{closure#0}, !>::{closure#0}>::{closure#0} (in /tmp/calcium-complex-product.0bkAWH/baseline-check)
==3163028==    by 0x4171B78: <std::sys::sync::once::futex::Once>::call (in /tmp/calcium-complex-product.0bkAWH/baseline-check)
==3163028==    by 0x4100C7B: <std::sync::once_lock::OnceLock<hyperreal::rational::arithmetic::Rational>>::initialize::<<std::sync::once_lock::OnceLock<hyperreal::rational::arithmetic::Rational>>::get_or_init<<hyperreal::rational::arithmetic::Rational>::small_integer::{closure#0}>::{closure#0}, !> (in /tmp/calcium-complex-product.0bkAWH/baseline-check)
==3163028==    by 0x4094F2C: <hyperreal::rational::arithmetic::Rational>::from_reduced_word_parts (in /tmp/calcium-complex-product.0bkAWH/baseline-check)
==3163028==    by 0x40987D1: <hyperreal::rational::arithmetic::Rational>::complex_product_components_impl (in /tmp/calcium-complex-product.0bkAWH/baseline-check)
==3163028==    by 0x40663B7: complex_product_baseline_check::corpus::calculate (in /tmp/calcium-complex-product.0bkAWH/baseline-check)
==3163028==    by 0x4067B73: complex_product_baseline_check::main (in /tmp/calcium-complex-product.0bkAWH/baseline-check)
==3163028==    by 0x406A672: std::sys::backtrace::__rust_begin_short_backtrace::<fn(), ()> (in /tmp/calcium-complex-product.0bkAWH/baseline-check)
==3163028==    by 0x406A708: std::rt::lang_start::<()>::{closure#0} (in /tmp/calcium-complex-product.0bkAWH/baseline-check)
==3163028==    by 0x417F2F6: std::rt::lang_start_internal (in /tmp/calcium-complex-product.0bkAWH/baseline-check)
==3163028==    by 0x4069F54: main (in /tmp/calcium-complex-product.0bkAWH/baseline-check)
==3163028== 
==3163028== 208 bytes in 2 blocks are still reachable in loss record 17 of 37
==3163028==    at 0x4A11AE6: malloc (vg_replace_malloc.c:447)
==3163028==    by 0x41016D4: <std::sync::once::Once>::call_once_force::<<std::sync::once_lock::OnceLock<hyperreal::rational::arithmetic::Rational>>::initialize<<std::sync::once_lock::OnceLock<hyperreal::rational::arithmetic::Rational>>::get_or_init<<hyperreal::rational::arithmetic::Rational>::small_integer::{closure#0}>::{closure#0}, !>::{closure#0}>::{closure#0} (in /tmp/calcium-complex-product.0bkAWH/baseline-check)
==3163028==    by 0x4171B78: <std::sys::sync::once::futex::Once>::call (in /tmp/calcium-complex-product.0bkAWH/baseline-check)
==3163028==    by 0x4100C7B: <std::sync::once_lock::OnceLock<hyperreal::rational::arithmetic::Rational>>::initialize::<<std::sync::once_lock::OnceLock<hyperreal::rational::arithmetic::Rational>>::get_or_init<<hyperreal::rational::arithmetic::Rational>::small_integer::{closure#0}>::{closure#0}, !> (in /tmp/calcium-complex-product.0bkAWH/baseline-check)
==3163028==    by 0x4094F2C: <hyperreal::rational::arithmetic::Rational>::from_reduced_word_parts (in /tmp/calcium-complex-product.0bkAWH/baseline-check)
==3163028==    by 0x407F368: <hyperreal::rational::arithmetic::Rational>::add_sub_words (in /tmp/calcium-complex-product.0bkAWH/baseline-check)
==3163028==    by 0x4082B11: <hyperreal::rational::arithmetic::Rational>::add_ref (in /tmp/calcium-complex-product.0bkAWH/baseline-check)
==3163028==    by 0x40737C4: <&hyperreal::real::arithmetic::Real as core::ops::arith::Add>::add (in /tmp/calcium-complex-product.0bkAWH/baseline-check)
==3163028==    by 0x406C0C2: hyperlattice::complex::complex_multiply_components (in /tmp/calcium-complex-product.0bkAWH/baseline-check)
==3163028==    by 0x406CDCF: <&hyperlattice::complex::Complex as core::ops::arith::Mul>::mul (in /tmp/calcium-complex-product.0bkAWH/baseline-check)
==3163028==    by 0x40662D1: complex_product_baseline_check::corpus::calculate (in /tmp/calcium-complex-product.0bkAWH/baseline-check)
==3163028==    by 0x4067B73: complex_product_baseline_check::main (in /tmp/calcium-complex-product.0bkAWH/baseline-check)
==3163028== 
==3163028== 208 bytes in 2 blocks are still reachable in loss record 18 of 37
==3163028==    at 0x4A11AE6: malloc (vg_replace_malloc.c:447)
==3163028==    by 0x410186A: <std::sync::once::Once>::call_once_force::<<std::sync::once_lock::OnceLock<hyperreal::rational::arithmetic::Rational>>::initialize<<std::sync::once_lock::OnceLock<hyperreal::rational::arithmetic::Rational>>::get_or_init<<hyperreal::rational::arithmetic::Rational>::small_reduced_dyadic::{closure#0}>::{closure#0}, !>::{closure#0}>::{closure#0} (in /tmp/calcium-complex-product.0bkAWH/baseline-check)
==3163028==    by 0x4171B78: <std::sys::sync::once::futex::Once>::call (in /tmp/calcium-complex-product.0bkAWH/baseline-check)
==3163028==    by 0x4100CCF: <std::sync::once_lock::OnceLock<hyperreal::rational::arithmetic::Rational>>::initialize::<<std::sync::once_lock::OnceLock<hyperreal::rational::arithmetic::Rational>>::get_or_init<<hyperreal::rational::arithmetic::Rational>::small_reduced_dyadic::{closure#0}>::{closure#0}, !> (in /tmp/calcium-complex-product.0bkAWH/baseline-check)
==3163028==    by 0x408B21A: <hyperreal::rational::arithmetic::Rational>::small_reduced_dyadic (in /tmp/calcium-complex-product.0bkAWH/baseline-check)
==3163028==    by 0x4094D66: <hyperreal::rational::arithmetic::Rational>::from_reduced_word_parts (in /tmp/calcium-complex-product.0bkAWH/baseline-check)
==3163028==    by 0x40987D1: <hyperreal::rational::arithmetic::Rational>::complex_product_components_impl (in /tmp/calcium-complex-product.0bkAWH/baseline-check)
==3163028==    by 0x40663B7: complex_product_baseline_check::corpus::calculate (in /tmp/calcium-complex-product.0bkAWH/baseline-check)
==3163028==    by 0x4067B73: complex_product_baseline_check::main (in /tmp/calcium-complex-product.0bkAWH/baseline-check)
==3163028==    by 0x406A672: std::sys::backtrace::__rust_begin_short_backtrace::<fn(), ()> (in /tmp/calcium-complex-product.0bkAWH/baseline-check)
==3163028==    by 0x406A708: std::rt::lang_start::<()>::{closure#0} (in /tmp/calcium-complex-product.0bkAWH/baseline-check)
==3163028==    by 0x417F2F6: std::rt::lang_start_internal (in /tmp/calcium-complex-product.0bkAWH/baseline-check)
==3163028== 
==3163028== 208 bytes in 2 blocks are still reachable in loss record 19 of 37
==3163028==    at 0x4A11AE6: malloc (vg_replace_malloc.c:447)
==3163028==    by 0x41016D4: <std::sync::once::Once>::call_once_force::<<std::sync::once_lock::OnceLock<hyperreal::rational::arithmetic::Rational>>::initialize<<std::sync::once_lock::OnceLock<hyperreal::rational::arithmetic::Rational>>::get_or_init<<hyperreal::rational::arithmetic::Rational>::small_integer::{closure#0}>::{closure#0}, !>::{closure#0}>::{closure#0} (in /tmp/calcium-complex-product.0bkAWH/baseline-check)
==3163028==    by 0x4171B78: <std::sys::sync::once::futex::Once>::call (in /tmp/calcium-complex-product.0bkAWH/baseline-check)
==3163028==    by 0x4100C7B: <std::sync::once_lock::OnceLock<hyperreal::rational::arithmetic::Rational>>::initialize::<<std::sync::once_lock::OnceLock<hyperreal::rational::arithmetic::Rational>>::get_or_init<<hyperreal::rational::arithmetic::Rational>::small_integer::{closure#0}>::{closure#0}, !> (in /tmp/calcium-complex-product.0bkAWH/baseline-check)
==3163028==    by 0x4094F2C: <hyperreal::rational::arithmetic::Rational>::from_reduced_word_parts (in /tmp/calcium-complex-product.0bkAWH/baseline-check)
==3163028==    by 0x407113E: <&hyperreal::rational::arithmetic::Rational as core::ops::arith::Mul>::mul (in /tmp/calcium-complex-product.0bkAWH/baseline-check)
==3163028==    by 0x4075084: <&hyperreal::real::arithmetic::Real as core::ops::arith::Mul>::mul (in /tmp/calcium-complex-product.0bkAWH/baseline-check)
==3163028==    by 0x406C0B2: hyperlattice::complex::complex_multiply_components (in /tmp/calcium-complex-product.0bkAWH/baseline-check)
==3163028==    by 0x406CDCF: <&hyperlattice::complex::Complex as core::ops::arith::Mul>::mul (in /tmp/calcium-complex-product.0bkAWH/baseline-check)
==3163028==    by 0x40662D1: complex_product_baseline_check::corpus::calculate (in /tmp/calcium-complex-product.0bkAWH/baseline-check)
==3163028==    by 0x4067B73: complex_product_baseline_check::main (in /tmp/calcium-complex-product.0bkAWH/baseline-check)
==3163028==    by 0x406A672: std::sys::backtrace::__rust_begin_short_backtrace::<fn(), ()> (in /tmp/calcium-complex-product.0bkAWH/baseline-check)
==3163028== 
==3163028== 208 bytes in 2 blocks are still reachable in loss record 20 of 37
==3163028==    at 0x4A11AE6: malloc (vg_replace_malloc.c:447)
==3163028==    by 0x410186A: <std::sync::once::Once>::call_once_force::<<std::sync::once_lock::OnceLock<hyperreal::rational::arithmetic::Rational>>::initialize<<std::sync::once_lock::OnceLock<hyperreal::rational::arithmetic::Rational>>::get_or_init<<hyperreal::rational::arithmetic::Rational>::small_reduced_dyadic::{closure#0}>::{closure#0}, !>::{closure#0}>::{closure#0} (in /tmp/calcium-complex-product.0bkAWH/baseline-check)
==3163028==    by 0x4171B78: <std::sys::sync::once::futex::Once>::call (in /tmp/calcium-complex-product.0bkAWH/baseline-check)
==3163028==    by 0x4100CCF: <std::sync::once_lock::OnceLock<hyperreal::rational::arithmetic::Rational>>::initialize::<<std::sync::once_lock::OnceLock<hyperreal::rational::arithmetic::Rational>>::get_or_init<<hyperreal::rational::arithmetic::Rational>::small_reduced_dyadic::{closure#0}>::{closure#0}, !> (in /tmp/calcium-complex-product.0bkAWH/baseline-check)
==3163028==    by 0x408B21A: <hyperreal::rational::arithmetic::Rational>::small_reduced_dyadic (in /tmp/calcium-complex-product.0bkAWH/baseline-check)
==3163028==    by 0x4094D66: <hyperreal::rational::arithmetic::Rational>::from_reduced_word_parts (in /tmp/calcium-complex-product.0bkAWH/baseline-check)
==3163028==    by 0x407113E: <&hyperreal::rational::arithmetic::Rational as core::ops::arith::Mul>::mul (in /tmp/calcium-complex-product.0bkAWH/baseline-check)
==3163028==    by 0x4075084: <&hyperreal::real::arithmetic::Real as core::ops::arith::Mul>::mul (in /tmp/calcium-complex-product.0bkAWH/baseline-check)
==3163028==    by 0x406C0B2: hyperlattice::complex::complex_multiply_components (in /tmp/calcium-complex-product.0bkAWH/baseline-check)
==3163028==    by 0x406CDCF: <&hyperlattice::complex::Complex as core::ops::arith::Mul>::mul (in /tmp/calcium-complex-product.0bkAWH/baseline-check)
==3163028==    by 0x40662D1: complex_product_baseline_check::corpus::calculate (in /tmp/calcium-complex-product.0bkAWH/baseline-check)
==3163028==    by 0x4067B73: complex_product_baseline_check::main (in /tmp/calcium-complex-product.0bkAWH/baseline-check)
==3163028== 
==3163028== 208 bytes in 2 blocks are still reachable in loss record 21 of 37
==3163028==    at 0x4A11AE6: malloc (vg_replace_malloc.c:447)
==3163028==    by 0x41016D4: <std::sync::once::Once>::call_once_force::<<std::sync::once_lock::OnceLock<hyperreal::rational::arithmetic::Rational>>::initialize<<std::sync::once_lock::OnceLock<hyperreal::rational::arithmetic::Rational>>::get_or_init<<hyperreal::rational::arithmetic::Rational>::small_integer::{closure#0}>::{closure#0}, !>::{closure#0}>::{closure#0} (in /tmp/calcium-complex-product.0bkAWH/baseline-check)
==3163028==    by 0x4171B78: <std::sys::sync::once::futex::Once>::call (in /tmp/calcium-complex-product.0bkAWH/baseline-check)
==3163028==    by 0x4100C7B: <std::sync::once_lock::OnceLock<hyperreal::rational::arithmetic::Rational>>::initialize::<<std::sync::once_lock::OnceLock<hyperreal::rational::arithmetic::Rational>>::get_or_init<<hyperreal::rational::arithmetic::Rational>::small_integer::{closure#0}>::{closure#0}, !> (in /tmp/calcium-complex-product.0bkAWH/baseline-check)
==3163028==    by 0x4094F2C: <hyperreal::rational::arithmetic::Rational>::from_reduced_word_parts (in /tmp/calcium-complex-product.0bkAWH/baseline-check)
==3163028==    by 0x40987F1: <hyperreal::rational::arithmetic::Rational>::complex_product_components_impl (in /tmp/calcium-complex-product.0bkAWH/baseline-check)
==3163028==    by 0x40663B7: complex_product_baseline_check::corpus::calculate (in /tmp/calcium-complex-product.0bkAWH/baseline-check)
==3163028==    by 0x4067B73: complex_product_baseline_check::main (in /tmp/calcium-complex-product.0bkAWH/baseline-check)
==3163028==    by 0x406A672: std::sys::backtrace::__rust_begin_short_backtrace::<fn(), ()> (in /tmp/calcium-complex-product.0bkAWH/baseline-check)
==3163028==    by 0x406A708: std::rt::lang_start::<()>::{closure#0} (in /tmp/calcium-complex-product.0bkAWH/baseline-check)
==3163028==    by 0x417F2F6: std::rt::lang_start_internal (in /tmp/calcium-complex-product.0bkAWH/baseline-check)
==3163028==    by 0x4069F54: main (in /tmp/calcium-complex-product.0bkAWH/baseline-check)
==3163028== 
==3163028== 208 bytes in 2 blocks are still reachable in loss record 22 of 37
==3163028==    at 0x4A11AE6: malloc (vg_replace_malloc.c:447)
==3163028==    by 0x410186A: <std::sync::once::Once>::call_once_force::<<std::sync::once_lock::OnceLock<hyperreal::rational::arithmetic::Rational>>::initialize<<std::sync::once_lock::OnceLock<hyperreal::rational::arithmetic::Rational>>::get_or_init<<hyperreal::rational::arithmetic::Rational>::small_reduced_dyadic::{closure#0}>::{closure#0}, !>::{closure#0}>::{closure#0} (in /tmp/calcium-complex-product.0bkAWH/baseline-check)
==3163028==    by 0x4171B78: <std::sys::sync::once::futex::Once>::call (in /tmp/calcium-complex-product.0bkAWH/baseline-check)
==3163028==    by 0x4100CCF: <std::sync::once_lock::OnceLock<hyperreal::rational::arithmetic::Rational>>::initialize::<<std::sync::once_lock::OnceLock<hyperreal::rational::arithmetic::Rational>>::get_or_init<<hyperreal::rational::arithmetic::Rational>::small_reduced_dyadic::{closure#0}>::{closure#0}, !> (in /tmp/calcium-complex-product.0bkAWH/baseline-check)
==3163028==    by 0x408B21A: <hyperreal::rational::arithmetic::Rational>::small_reduced_dyadic (in /tmp/calcium-complex-product.0bkAWH/baseline-check)
==3163028==    by 0x4094D66: <hyperreal::rational::arithmetic::Rational>::from_reduced_word_parts (in /tmp/calcium-complex-product.0bkAWH/baseline-check)
==3163028==    by 0x40987F1: <hyperreal::rational::arithmetic::Rational>::complex_product_components_impl (in /tmp/calcium-complex-product.0bkAWH/baseline-check)
==3163028==    by 0x40663B7: complex_product_baseline_check::corpus::calculate (in /tmp/calcium-complex-product.0bkAWH/baseline-check)
==3163028==    by 0x4067B73: complex_product_baseline_check::main (in /tmp/calcium-complex-product.0bkAWH/baseline-check)
==3163028==    by 0x406A672: std::sys::backtrace::__rust_begin_short_backtrace::<fn(), ()> (in /tmp/calcium-complex-product.0bkAWH/baseline-check)
==3163028==    by 0x406A708: std::rt::lang_start::<()>::{closure#0} (in /tmp/calcium-complex-product.0bkAWH/baseline-check)
==3163028==    by 0x417F2F6: std::rt::lang_start_internal (in /tmp/calcium-complex-product.0bkAWH/baseline-check)
==3163028== 
==3163028== 208 bytes in 2 blocks are still reachable in loss record 23 of 37
==3163028==    at 0x4A11AE6: malloc (vg_replace_malloc.c:447)
==3163028==    by 0x409C1D6: alloc::boxed::box_new_uninit (in /tmp/calcium-complex-product.0bkAWH/baseline-check)
==3163028==    by 0x4081C9B: <hyperreal::rational::arithmetic::Rational>::mul_wide_with_dyadic_denominator (in /tmp/calcium-complex-product.0bkAWH/baseline-check)
==3163028==    by 0x40711A7: <&hyperreal::rational::arithmetic::Rational as core::ops::arith::Mul>::mul (in /tmp/calcium-complex-product.0bkAWH/baseline-check)
==3163028==    by 0x4075084: <&hyperreal::real::arithmetic::Real as core::ops::arith::Mul>::mul (in /tmp/calcium-complex-product.0bkAWH/baseline-check)
==3163028==    by 0x406C0E5: hyperlattice::complex::complex_multiply_components (in /tmp/calcium-complex-product.0bkAWH/baseline-check)
==3163028==    by 0x406CDCF: <&hyperlattice::complex::Complex as core::ops::arith::Mul>::mul (in /tmp/calcium-complex-product.0bkAWH/baseline-check)
==3163028==    by 0x40662D1: complex_product_baseline_check::corpus::calculate (in /tmp/calcium-complex-product.0bkAWH/baseline-check)
==3163028==    by 0x4067B73: complex_product_baseline_check::main (in /tmp/calcium-complex-product.0bkAWH/baseline-check)
==3163028==    by 0x406A672: std::sys::backtrace::__rust_begin_short_backtrace::<fn(), ()> (in /tmp/calcium-complex-product.0bkAWH/baseline-check)
==3163028==    by 0x406A708: std::rt::lang_start::<()>::{closure#0} (in /tmp/calcium-complex-product.0bkAWH/baseline-check)
==3163028==    by 0x417F2F6: std::rt::lang_start_internal (in /tmp/calcium-complex-product.0bkAWH/baseline-check)
==3163028== 
==3163028== 208 bytes in 2 blocks are still reachable in loss record 24 of 37
==3163028==    at 0x4A11AE6: malloc (vg_replace_malloc.c:447)
==3163028==    by 0x410186A: <std::sync::once::Once>::call_once_force::<<std::sync::once_lock::OnceLock<hyperreal::rational::arithmetic::Rational>>::initialize<<std::sync::once_lock::OnceLock<hyperreal::rational::arithmetic::Rational>>::get_or_init<<hyperreal::rational::arithmetic::Rational>::small_reduced_dyadic::{closure#0}>::{closure#0}, !>::{closure#0}>::{closure#0} (in /tmp/calcium-complex-product.0bkAWH/baseline-check)
==3163028==    by 0x4171B78: <std::sys::sync::once::futex::Once>::call (in /tmp/calcium-complex-product.0bkAWH/baseline-check)
==3163028==    by 0x4100CCF: <std::sync::once_lock::OnceLock<hyperreal::rational::arithmetic::Rational>>::initialize::<<std::sync::once_lock::OnceLock<hyperreal::rational::arithmetic::Rational>>::get_or_init<<hyperreal::rational::arithmetic::Rational>::small_reduced_dyadic::{closure#0}>::{closure#0}, !> (in /tmp/calcium-complex-product.0bkAWH/baseline-check)
==3163028==    by 0x408B21A: <hyperreal::rational::arithmetic::Rational>::small_reduced_dyadic (in /tmp/calcium-complex-product.0bkAWH/baseline-check)
==3163028==    by 0x4094D66: <hyperreal::rational::arithmetic::Rational>::from_reduced_word_parts (in /tmp/calcium-complex-product.0bkAWH/baseline-check)
==3163028==    by 0x40A05BF: <&hyperreal::rational::arithmetic::Rational as core::ops::arith::Div>::div (in /tmp/calcium-complex-product.0bkAWH/baseline-check)
==3163028==    by 0x409716B: <hyperreal::rational::arithmetic::Rational>::complex_quotient_components (in /tmp/calcium-complex-product.0bkAWH/baseline-check)
==3163028==    by 0x406636C: complex_product_baseline_check::corpus::calculate (in /tmp/calcium-complex-product.0bkAWH/baseline-check)
==3163028==    by 0x4067B73: complex_product_baseline_check::main (in /tmp/calcium-complex-product.0bkAWH/baseline-check)
==3163028==    by 0x406A672: std::sys::backtrace::__rust_begin_short_backtrace::<fn(), ()> (in /tmp/calcium-complex-product.0bkAWH/baseline-check)
==3163028==    by 0x406A708: std::rt::lang_start::<()>::{closure#0} (in /tmp/calcium-complex-product.0bkAWH/baseline-check)
==3163028== 
==3163028== 208 bytes in 2 blocks are still reachable in loss record 25 of 37
==3163028==    at 0x4A11AE6: malloc (vg_replace_malloc.c:447)
==3163028==    by 0x410186A: <std::sync::once::Once>::call_once_force::<<std::sync::once_lock::OnceLock<hyperreal::rational::arithmetic::Rational>>::initialize<<std::sync::once_lock::OnceLock<hyperreal::rational::arithmetic::Rational>>::get_or_init<<hyperreal::rational::arithmetic::Rational>::small_reduced_dyadic::{closure#0}>::{closure#0}, !>::{closure#0}>::{closure#0} (in /tmp/calcium-complex-product.0bkAWH/baseline-check)
==3163028==    by 0x4171B78: <std::sys::sync::once::futex::Once>::call (in /tmp/calcium-complex-product.0bkAWH/baseline-check)
==3163028==    by 0x4100CCF: <std::sync::once_lock::OnceLock<hyperreal::rational::arithmetic::Rational>>::initialize::<<std::sync::once_lock::OnceLock<hyperreal::rational::arithmetic::Rational>>::get_or_init<<hyperreal::rational::arithmetic::Rational>::small_reduced_dyadic::{closure#0}>::{closure#0}, !> (in /tmp/calcium-complex-product.0bkAWH/baseline-check)
==3163028==    by 0x408B21A: <hyperreal::rational::arithmetic::Rational>::small_reduced_dyadic (in /tmp/calcium-complex-product.0bkAWH/baseline-check)
==3163028==    by 0x4094D66: <hyperreal::rational::arithmetic::Rational>::from_reduced_word_parts (in /tmp/calcium-complex-product.0bkAWH/baseline-check)
==3163028==    by 0x4080D76: <hyperreal::rational::arithmetic::Rational>::add_sub_wide_dyadic (in /tmp/calcium-complex-product.0bkAWH/baseline-check)
==3163028==    by 0x4082B27: <hyperreal::rational::arithmetic::Rational>::add_ref (in /tmp/calcium-complex-product.0bkAWH/baseline-check)
==3163028==    by 0x40737C4: <&hyperreal::real::arithmetic::Real as core::ops::arith::Add>::add (in /tmp/calcium-complex-product.0bkAWH/baseline-check)
==3163028==    by 0x406C0D0: hyperlattice::complex::complex_multiply_components (in /tmp/calcium-complex-product.0bkAWH/baseline-check)
==3163028==    by 0x406CDCF: <&hyperlattice::complex::Complex as core::ops::arith::Mul>::mul (in /tmp/calcium-complex-product.0bkAWH/baseline-check)
==3163028==    by 0x40662D1: complex_product_baseline_check::corpus::calculate (in /tmp/calcium-complex-product.0bkAWH/baseline-check)
==3163028== 
==3163028== 416 bytes in 4 blocks are still reachable in loss record 26 of 37
==3163028==    at 0x4A11AE6: malloc (vg_replace_malloc.c:447)
==3163028==    by 0x408BC9F: <hyperreal::rational::arithmetic::Rational>::from_fraction_parts_reduced (in /tmp/calcium-complex-product.0bkAWH/baseline-check)
==3163028==    by 0x408AAB1: <hyperreal::rational::arithmetic::Rational>::from_bigint_fraction (in /tmp/calcium-complex-product.0bkAWH/baseline-check)
==3163028==    by 0x4063148: <complex_product_baseline_check::corpus::Fixture>::inputs (in /tmp/calcium-complex-product.0bkAWH/baseline-check)
==3163028==    by 0x40679DE: complex_product_baseline_check::main (in /tmp/calcium-complex-product.0bkAWH/baseline-check)
==3163028==    by 0x406A672: std::sys::backtrace::__rust_begin_short_backtrace::<fn(), ()> (in /tmp/calcium-complex-product.0bkAWH/baseline-check)
==3163028==    by 0x406A708: std::rt::lang_start::<()>::{closure#0} (in /tmp/calcium-complex-product.0bkAWH/baseline-check)
==3163028==    by 0x417F2F6: std::rt::lang_start_internal (in /tmp/calcium-complex-product.0bkAWH/baseline-check)
==3163028==    by 0x4069F54: main (in /tmp/calcium-complex-product.0bkAWH/baseline-check)
==3163028== 
==3163028== 416 bytes in 4 blocks are still reachable in loss record 27 of 37
==3163028==    at 0x4A11AE6: malloc (vg_replace_malloc.c:447)
==3163028==    by 0x40950B2: <hyperreal::rational::arithmetic::Rational>::from_reduced_word_parts (in /tmp/calcium-complex-product.0bkAWH/baseline-check)
==3163028==    by 0x4082B11: <hyperreal::rational::arithmetic::Rational>::add_ref (in /tmp/calcium-complex-product.0bkAWH/baseline-check)
==3163028==    by 0x40737C4: <&hyperreal::real::arithmetic::Real as core::ops::arith::Add>::add (in /tmp/calcium-complex-product.0bkAWH/baseline-check)
==3163028==    by 0x406C0D0: hyperlattice::complex::complex_multiply_components (in /tmp/calcium-complex-product.0bkAWH/baseline-check)
==3163028==    by 0x406CDCF: <&hyperlattice::complex::Complex as core::ops::arith::Mul>::mul (in /tmp/calcium-complex-product.0bkAWH/baseline-check)
==3163028==    by 0x40662D1: complex_product_baseline_check::corpus::calculate (in /tmp/calcium-complex-product.0bkAWH/baseline-check)
==3163028==    by 0x4067B73: complex_product_baseline_check::main (in /tmp/calcium-complex-product.0bkAWH/baseline-check)
==3163028==    by 0x406A672: std::sys::backtrace::__rust_begin_short_backtrace::<fn(), ()> (in /tmp/calcium-complex-product.0bkAWH/baseline-check)
==3163028==    by 0x406A708: std::rt::lang_start::<()>::{closure#0} (in /tmp/calcium-complex-product.0bkAWH/baseline-check)
==3163028==    by 0x417F2F6: std::rt::lang_start_internal (in /tmp/calcium-complex-product.0bkAWH/baseline-check)
==3163028==    by 0x4069F54: main (in /tmp/calcium-complex-product.0bkAWH/baseline-check)
==3163028== 
==3163028== 416 bytes in 4 blocks are still reachable in loss record 28 of 37
==3163028==    at 0x4A11AE6: malloc (vg_replace_malloc.c:447)
==3163028==    by 0x410186A: <std::sync::once::Once>::call_once_force::<<std::sync::once_lock::OnceLock<hyperreal::rational::arithmetic::Rational>>::initialize<<std::sync::once_lock::OnceLock<hyperreal::rational::arithmetic::Rational>>::get_or_init<<hyperreal::rational::arithmetic::Rational>::small_reduced_dyadic::{closure#0}>::{closure#0}, !>::{closure#0}>::{closure#0} (in /tmp/calcium-complex-product.0bkAWH/baseline-check)
==3163028==    by 0x4171B78: <std::sys::sync::once::futex::Once>::call (in /tmp/calcium-complex-product.0bkAWH/baseline-check)
==3163028==    by 0x4100CCF: <std::sync::once_lock::OnceLock<hyperreal::rational::arithmetic::Rational>>::initialize::<<std::sync::once_lock::OnceLock<hyperreal::rational::arithmetic::Rational>>::get_or_init<<hyperreal::rational::arithmetic::Rational>::small_reduced_dyadic::{closure#0}>::{closure#0}, !> (in /tmp/calcium-complex-product.0bkAWH/baseline-check)
==3163028==    by 0x408B21A: <hyperreal::rational::arithmetic::Rational>::small_reduced_dyadic (in /tmp/calcium-complex-product.0bkAWH/baseline-check)
==3163028==    by 0x4094D66: <hyperreal::rational::arithmetic::Rational>::from_reduced_word_parts (in /tmp/calcium-complex-product.0bkAWH/baseline-check)
==3163028==    by 0x4082B11: <hyperreal::rational::arithmetic::Rational>::add_ref (in /tmp/calcium-complex-product.0bkAWH/baseline-check)
==3163028==    by 0x40737C4: <&hyperreal::real::arithmetic::Real as core::ops::arith::Add>::add (in /tmp/calcium-complex-product.0bkAWH/baseline-check)
==3163028==    by 0x406C0C2: hyperlattice::complex::complex_multiply_components (in /tmp/calcium-complex-product.0bkAWH/baseline-check)
==3163028==    by 0x406CDCF: <&hyperlattice::complex::Complex as core::ops::arith::Mul>::mul (in /tmp/calcium-complex-product.0bkAWH/baseline-check)
==3163028==    by 0x40662D1: complex_product_baseline_check::corpus::calculate (in /tmp/calcium-complex-product.0bkAWH/baseline-check)
==3163028==    by 0x4067B73: complex_product_baseline_check::main (in /tmp/calcium-complex-product.0bkAWH/baseline-check)
==3163028== 
==3163028== 544 bytes in 1 blocks are still reachable in loss record 29 of 37
==3163028==    at 0x4A11AE6: malloc (vg_replace_malloc.c:447)
==3163028==    by 0x4182169: std::sys::pal::unix::stack_overflow::thread_info::set_current_info (in /tmp/calcium-complex-product.0bkAWH/baseline-check)
==3163028==    by 0x417F22F: std::rt::lang_start_internal (in /tmp/calcium-complex-product.0bkAWH/baseline-check)
==3163028==    by 0x4069F54: main (in /tmp/calcium-complex-product.0bkAWH/baseline-check)
==3163028== 
==3163028== 624 bytes in 6 blocks are still reachable in loss record 30 of 37
==3163028==    at 0x4A11AE6: malloc (vg_replace_malloc.c:447)
==3163028==    by 0x40950B2: <hyperreal::rational::arithmetic::Rational>::from_reduced_word_parts (in /tmp/calcium-complex-product.0bkAWH/baseline-check)
==3163028==    by 0x407F368: <hyperreal::rational::arithmetic::Rational>::add_sub_words (in /tmp/calcium-complex-product.0bkAWH/baseline-check)
==3163028==    by 0x408434F: <hyperreal::rational::arithmetic::Rational>::subtract_ref (in /tmp/calcium-complex-product.0bkAWH/baseline-check)
==3163028==    by 0x4073C47: <&hyperreal::real::arithmetic::Real as core::ops::arith::Sub>::sub (in /tmp/calcium-complex-product.0bkAWH/baseline-check)
==3163028==    by 0x406C173: hyperlattice::complex::complex_multiply_components (in /tmp/calcium-complex-product.0bkAWH/baseline-check)
==3163028==    by 0x406CDCF: <&hyperlattice::complex::Complex as core::ops::arith::Mul>::mul (in /tmp/calcium-complex-product.0bkAWH/baseline-check)
==3163028==    by 0x40662D1: complex_product_baseline_check::corpus::calculate (in /tmp/calcium-complex-product.0bkAWH/baseline-check)
==3163028==    by 0x4067B73: complex_product_baseline_check::main (in /tmp/calcium-complex-product.0bkAWH/baseline-check)
==3163028==    by 0x406A672: std::sys::backtrace::__rust_begin_short_backtrace::<fn(), ()> (in /tmp/calcium-complex-product.0bkAWH/baseline-check)
==3163028==    by 0x406A708: std::rt::lang_start::<()>::{closure#0} (in /tmp/calcium-complex-product.0bkAWH/baseline-check)
==3163028==    by 0x417F2F6: std::rt::lang_start_internal (in /tmp/calcium-complex-product.0bkAWH/baseline-check)
==3163028== 
==3163028== 624 bytes in 6 blocks are still reachable in loss record 31 of 37
==3163028==    at 0x4A11AE6: malloc (vg_replace_malloc.c:447)
==3163028==    by 0x410186A: <std::sync::once::Once>::call_once_force::<<std::sync::once_lock::OnceLock<hyperreal::rational::arithmetic::Rational>>::initialize<<std::sync::once_lock::OnceLock<hyperreal::rational::arithmetic::Rational>>::get_or_init<<hyperreal::rational::arithmetic::Rational>::small_reduced_dyadic::{closure#0}>::{closure#0}, !>::{closure#0}>::{closure#0} (in /tmp/calcium-complex-product.0bkAWH/baseline-check)
==3163028==    by 0x4171B78: <std::sys::sync::once::futex::Once>::call (in /tmp/calcium-complex-product.0bkAWH/baseline-check)
==3163028==    by 0x4100CCF: <std::sync::once_lock::OnceLock<hyperreal::rational::arithmetic::Rational>>::initialize::<<std::sync::once_lock::OnceLock<hyperreal::rational::arithmetic::Rational>>::get_or_init<<hyperreal::rational::arithmetic::Rational>::small_reduced_dyadic::{closure#0}>::{closure#0}, !> (in /tmp/calcium-complex-product.0bkAWH/baseline-check)
==3163028==    by 0x408B21A: <hyperreal::rational::arithmetic::Rational>::small_reduced_dyadic (in /tmp/calcium-complex-product.0bkAWH/baseline-check)
==3163028==    by 0x4094D66: <hyperreal::rational::arithmetic::Rational>::from_reduced_word_parts (in /tmp/calcium-complex-product.0bkAWH/baseline-check)
==3163028==    by 0x4082B11: <hyperreal::rational::arithmetic::Rational>::add_ref (in /tmp/calcium-complex-product.0bkAWH/baseline-check)
==3163028==    by 0x40737C4: <&hyperreal::real::arithmetic::Real as core::ops::arith::Add>::add (in /tmp/calcium-complex-product.0bkAWH/baseline-check)
==3163028==    by 0x406C0D0: hyperlattice::complex::complex_multiply_components (in /tmp/calcium-complex-product.0bkAWH/baseline-check)
==3163028==    by 0x406CDCF: <&hyperlattice::complex::Complex as core::ops::arith::Mul>::mul (in /tmp/calcium-complex-product.0bkAWH/baseline-check)
==3163028==    by 0x40662D1: complex_product_baseline_check::corpus::calculate (in /tmp/calcium-complex-product.0bkAWH/baseline-check)
==3163028==    by 0x4067B73: complex_product_baseline_check::main (in /tmp/calcium-complex-product.0bkAWH/baseline-check)
==3163028== 
==3163028== 704 bytes in 4 blocks are still reachable in loss record 32 of 37
==3163028==    at 0x4A11AE6: malloc (vg_replace_malloc.c:447)
==3163028==    by 0x4080132: <hyperreal::rational::arithmetic::Rational>::retain_linear (in /tmp/calcium-complex-product.0bkAWH/baseline-check)
==3163028==    by 0x4084B5D: <hyperreal::rational::arithmetic::Rational>::subtract_ref (in /tmp/calcium-complex-product.0bkAWH/baseline-check)
==3163028==    by 0x4073C47: <&hyperreal::real::arithmetic::Real as core::ops::arith::Sub>::sub (in /tmp/calcium-complex-product.0bkAWH/baseline-check)
==3163028==    by 0x406C1C0: hyperlattice::complex::complex_multiply_components (in /tmp/calcium-complex-product.0bkAWH/baseline-check)
==3163028==    by 0x406CDCF: <&hyperlattice::complex::Complex as core::ops::arith::Mul>::mul (in /tmp/calcium-complex-product.0bkAWH/baseline-check)
==3163028==    by 0x40662D1: complex_product_baseline_check::corpus::calculate (in /tmp/calcium-complex-product.0bkAWH/baseline-check)
==3163028==    by 0x4067B73: complex_product_baseline_check::main (in /tmp/calcium-complex-product.0bkAWH/baseline-check)
==3163028==    by 0x406A672: std::sys::backtrace::__rust_begin_short_backtrace::<fn(), ()> (in /tmp/calcium-complex-product.0bkAWH/baseline-check)
==3163028==    by 0x406A708: std::rt::lang_start::<()>::{closure#0} (in /tmp/calcium-complex-product.0bkAWH/baseline-check)
==3163028==    by 0x417F2F6: std::rt::lang_start_internal (in /tmp/calcium-complex-product.0bkAWH/baseline-check)
==3163028==    by 0x4069F54: main (in /tmp/calcium-complex-product.0bkAWH/baseline-check)
==3163028== 
==3163028== 704 bytes in 4 blocks are still reachable in loss record 33 of 37
==3163028==    at 0x4A11AE6: malloc (vg_replace_malloc.c:447)
==3163028==    by 0x4080132: <hyperreal::rational::arithmetic::Rational>::retain_linear (in /tmp/calcium-complex-product.0bkAWH/baseline-check)
==3163028==    by 0x40810FE: <hyperreal::rational::arithmetic::Rational>::retain_product_pair (in /tmp/calcium-complex-product.0bkAWH/baseline-check)
==3163028==    by 0x407115C: <&hyperreal::rational::arithmetic::Rational as core::ops::arith::Mul>::mul (in /tmp/calcium-complex-product.0bkAWH/baseline-check)
==3163028==    by 0x4075084: <&hyperreal::real::arithmetic::Real as core::ops::arith::Mul>::mul (in /tmp/calcium-complex-product.0bkAWH/baseline-check)
==3163028==    by 0x406C0E5: hyperlattice::complex::complex_multiply_components (in /tmp/calcium-complex-product.0bkAWH/baseline-check)
==3163028==    by 0x406CDCF: <&hyperlattice::complex::Complex as core::ops::arith::Mul>::mul (in /tmp/calcium-complex-product.0bkAWH/baseline-check)
==3163028==    by 0x40662D1: complex_product_baseline_check::corpus::calculate (in /tmp/calcium-complex-product.0bkAWH/baseline-check)
==3163028==    by 0x4067B73: complex_product_baseline_check::main (in /tmp/calcium-complex-product.0bkAWH/baseline-check)
==3163028==    by 0x406A672: std::sys::backtrace::__rust_begin_short_backtrace::<fn(), ()> (in /tmp/calcium-complex-product.0bkAWH/baseline-check)
==3163028==    by 0x406A708: std::rt::lang_start::<()>::{closure#0} (in /tmp/calcium-complex-product.0bkAWH/baseline-check)
==3163028==    by 0x417F2F6: std::rt::lang_start_internal (in /tmp/calcium-complex-product.0bkAWH/baseline-check)
==3163028== 
==3163028== 1,040 bytes in 10 blocks are still reachable in loss record 34 of 37
==3163028==    at 0x4A11AE6: malloc (vg_replace_malloc.c:447)
==3163028==    by 0x40950B2: <hyperreal::rational::arithmetic::Rational>::from_reduced_word_parts (in /tmp/calcium-complex-product.0bkAWH/baseline-check)
==3163028==    by 0x408434F: <hyperreal::rational::arithmetic::Rational>::subtract_ref (in /tmp/calcium-complex-product.0bkAWH/baseline-check)
==3163028==    by 0x4073C47: <&hyperreal::real::arithmetic::Real as core::ops::arith::Sub>::sub (in /tmp/calcium-complex-product.0bkAWH/baseline-check)
==3163028==    by 0x406C173: hyperlattice::complex::complex_multiply_components (in /tmp/calcium-complex-product.0bkAWH/baseline-check)
==3163028==    by 0x406CDCF: <&hyperlattice::complex::Complex as core::ops::arith::Mul>::mul (in /tmp/calcium-complex-product.0bkAWH/baseline-check)
==3163028==    by 0x40662D1: complex_product_baseline_check::corpus::calculate (in /tmp/calcium-complex-product.0bkAWH/baseline-check)
==3163028==    by 0x4067B73: complex_product_baseline_check::main (in /tmp/calcium-complex-product.0bkAWH/baseline-check)
==3163028==    by 0x406A672: std::sys::backtrace::__rust_begin_short_backtrace::<fn(), ()> (in /tmp/calcium-complex-product.0bkAWH/baseline-check)
==3163028==    by 0x406A708: std::rt::lang_start::<()>::{closure#0} (in /tmp/calcium-complex-product.0bkAWH/baseline-check)
==3163028==    by 0x417F2F6: std::rt::lang_start_internal (in /tmp/calcium-complex-product.0bkAWH/baseline-check)
==3163028==    by 0x4069F54: main (in /tmp/calcium-complex-product.0bkAWH/baseline-check)
==3163028== 
==3163028== 1,248 bytes in 12 blocks are still reachable in loss record 35 of 37
==3163028==    at 0x4A11AE6: malloc (vg_replace_malloc.c:447)
==3163028==    by 0x40950B2: <hyperreal::rational::arithmetic::Rational>::from_reduced_word_parts (in /tmp/calcium-complex-product.0bkAWH/baseline-check)
==3163028==    by 0x407113E: <&hyperreal::rational::arithmetic::Rational as core::ops::arith::Mul>::mul (in /tmp/calcium-complex-product.0bkAWH/baseline-check)
==3163028==    by 0x4075084: <&hyperreal::real::arithmetic::Real as core::ops::arith::Mul>::mul (in /tmp/calcium-complex-product.0bkAWH/baseline-check)
==3163028==    by 0x406C0E5: hyperlattice::complex::complex_multiply_components (in /tmp/calcium-complex-product.0bkAWH/baseline-check)
==3163028==    by 0x406CDCF: <&hyperlattice::complex::Complex as core::ops::arith::Mul>::mul (in /tmp/calcium-complex-product.0bkAWH/baseline-check)
==3163028==    by 0x40662D1: complex_product_baseline_check::corpus::calculate (in /tmp/calcium-complex-product.0bkAWH/baseline-check)
==3163028==    by 0x4067B73: complex_product_baseline_check::main (in /tmp/calcium-complex-product.0bkAWH/baseline-check)
==3163028==    by 0x406A672: std::sys::backtrace::__rust_begin_short_backtrace::<fn(), ()> (in /tmp/calcium-complex-product.0bkAWH/baseline-check)
==3163028==    by 0x406A708: std::rt::lang_start::<()>::{closure#0} (in /tmp/calcium-complex-product.0bkAWH/baseline-check)
==3163028==    by 0x417F2F6: std::rt::lang_start_internal (in /tmp/calcium-complex-product.0bkAWH/baseline-check)
==3163028==    by 0x4069F54: main (in /tmp/calcium-complex-product.0bkAWH/baseline-check)
==3163028== 
==3163028== 1,408 bytes in 8 blocks are still reachable in loss record 36 of 37
==3163028==    at 0x4A11AE6: malloc (vg_replace_malloc.c:447)
==3163028==    by 0x4080132: <hyperreal::rational::arithmetic::Rational>::retain_linear (in /tmp/calcium-complex-product.0bkAWH/baseline-check)
==3163028==    by 0x4081369: <hyperreal::rational::arithmetic::Rational>::retain_difference_pair (in /tmp/calcium-complex-product.0bkAWH/baseline-check)
==3163028==    by 0x4084B5D: <hyperreal::rational::arithmetic::Rational>::subtract_ref (in /tmp/calcium-complex-product.0bkAWH/baseline-check)
==3163028==    by 0x4073C47: <&hyperreal::real::arithmetic::Real as core::ops::arith::Sub>::sub (in /tmp/calcium-complex-product.0bkAWH/baseline-check)
==3163028==    by 0x406C173: hyperlattice::complex::complex_multiply_components (in /tmp/calcium-complex-product.0bkAWH/baseline-check)
==3163028==    by 0x406CDCF: <&hyperlattice::complex::Complex as core::ops::arith::Mul>::mul (in /tmp/calcium-complex-product.0bkAWH/baseline-check)
==3163028==    by 0x40662D1: complex_product_baseline_check::corpus::calculate (in /tmp/calcium-complex-product.0bkAWH/baseline-check)
==3163028==    by 0x4067B73: complex_product_baseline_check::main (in /tmp/calcium-complex-product.0bkAWH/baseline-check)
==3163028==    by 0x406A672: std::sys::backtrace::__rust_begin_short_backtrace::<fn(), ()> (in /tmp/calcium-complex-product.0bkAWH/baseline-check)
==3163028==    by 0x406A708: std::rt::lang_start::<()>::{closure#0} (in /tmp/calcium-complex-product.0bkAWH/baseline-check)
==3163028==    by 0x417F2F6: std::rt::lang_start_internal (in /tmp/calcium-complex-product.0bkAWH/baseline-check)
==3163028== 
==3163028== 1,664 bytes in 16 blocks are still reachable in loss record 37 of 37
==3163028==    at 0x4A11AE6: malloc (vg_replace_malloc.c:447)
==3163028==    by 0x40950B2: <hyperreal::rational::arithmetic::Rational>::from_reduced_word_parts (in /tmp/calcium-complex-product.0bkAWH/baseline-check)
==3163028==    by 0x407113E: <&hyperreal::rational::arithmetic::Rational as core::ops::arith::Mul>::mul (in /tmp/calcium-complex-product.0bkAWH/baseline-check)
==3163028==    by 0x4075084: <&hyperreal::real::arithmetic::Real as core::ops::arith::Mul>::mul (in /tmp/calcium-complex-product.0bkAWH/baseline-check)
==3163028==    by 0x406C09F: hyperlattice::complex::complex_multiply_components (in /tmp/calcium-complex-product.0bkAWH/baseline-check)
==3163028==    by 0x406CDCF: <&hyperlattice::complex::Complex as core::ops::arith::Mul>::mul (in /tmp/calcium-complex-product.0bkAWH/baseline-check)
==3163028==    by 0x40662D1: complex_product_baseline_check::corpus::calculate (in /tmp/calcium-complex-product.0bkAWH/baseline-check)
==3163028==    by 0x4067B73: complex_product_baseline_check::main (in /tmp/calcium-complex-product.0bkAWH/baseline-check)
==3163028==    by 0x406A672: std::sys::backtrace::__rust_begin_short_backtrace::<fn(), ()> (in /tmp/calcium-complex-product.0bkAWH/baseline-check)
==3163028==    by 0x406A708: std::rt::lang_start::<()>::{closure#0} (in /tmp/calcium-complex-product.0bkAWH/baseline-check)
==3163028==    by 0x417F2F6: std::rt::lang_start_internal (in /tmp/calcium-complex-product.0bkAWH/baseline-check)
==3163028==    by 0x4069F54: main (in /tmp/calcium-complex-product.0bkAWH/baseline-check)
==3163028== 
==3163028== LEAK SUMMARY:
==3163028==    definitely lost: 0 bytes in 0 blocks
==3163028==    indirectly lost: 0 bytes in 0 blocks
==3163028==      possibly lost: 0 bytes in 0 blocks
==3163028==    still reachable: 13,832 bytes in 136 blocks
==3163028==         suppressed: 0 bytes in 0 blocks
==3163028== 
==3163028== For lists of detected and suppressed errors, rerun with: -s
==3163028== ERROR SUMMARY: 0 errors from 0 contexts (suppressed: 0 from 0)
