==3163130== Memcheck, a memory error detector
==3163130== Copyright (C) 2002-2026, and GNU GPL'd, by Julian Seward et al.
==3163130== Using Valgrind-3.27.1 and LibVEX; rerun with -h for copyright info
==3163130== Command: /tmp/calcium-complex-product.0bkAWH/candidate-check
==3163130== 
==3163130== 
==3163130== HEAP SUMMARY:
==3163130==     in use at exit: 13,832 bytes in 136 blocks
==3163130==   total heap usage: 12,328,283 allocs, 12,328,147 frees, 1,870,305,676 bytes allocated
==3163130== 
==3163130== 32 bytes in 2 blocks are still reachable in loss record 1 of 37
==3163130==    at 0x4A13AE6: malloc (vg_replace_malloc.c:447)
==3163130==    by 0x409545C: <hyperreal::rational::arithmetic::Rational>::from_reduced_word_parts (in /tmp/calcium-complex-product.0bkAWH/candidate-check)
==3163130==    by 0x407123E: <&hyperreal::rational::arithmetic::Rational as core::ops::arith::Mul>::mul (in /tmp/calcium-complex-product.0bkAWH/candidate-check)
==3163130==    by 0x4075184: <&hyperreal::real::arithmetic::Real as core::ops::arith::Mul>::mul (in /tmp/calcium-complex-product.0bkAWH/candidate-check)
==3163130==    by 0x406C1E5: hyperlattice::complex::complex_multiply_components (in /tmp/calcium-complex-product.0bkAWH/candidate-check)
==3163130==    by 0x406CECF: <&hyperlattice::complex::Complex as core::ops::arith::Mul>::mul (in /tmp/calcium-complex-product.0bkAWH/candidate-check)
==3163130==    by 0x40663D1: complex_product_candidate_check::corpus::calculate (in /tmp/calcium-complex-product.0bkAWH/candidate-check)
==3163130==    by 0x4067C73: complex_product_candidate_check::main (in /tmp/calcium-complex-product.0bkAWH/candidate-check)
==3163130==    by 0x406A772: std::sys::backtrace::__rust_begin_short_backtrace::<fn(), ()> (in /tmp/calcium-complex-product.0bkAWH/candidate-check)
==3163130==    by 0x406A808: std::rt::lang_start::<()>::{closure#0} (in /tmp/calcium-complex-product.0bkAWH/candidate-check)
==3163130==    by 0x4181336: std::rt::lang_start_internal (in /tmp/calcium-complex-product.0bkAWH/candidate-check)
==3163130==    by 0x406A054: main (in /tmp/calcium-complex-product.0bkAWH/candidate-check)
==3163130== 
==3163130== 48 bytes in 2 blocks are still reachable in loss record 2 of 37
==3163130==    at 0x4A13AE6: malloc (vg_replace_malloc.c:447)
==3163130==    by 0x41193FD: num_bigint::biguint::shift::biguint_shl2 (in /tmp/calcium-complex-product.0bkAWH/candidate-check)
==3163130==    by 0x4079700: num_bigint::biguint::shift::biguint_shl::<usize> (in /tmp/calcium-complex-product.0bkAWH/candidate-check)
==3163130==    by 0x4081B76: <hyperreal::rational::arithmetic::Rational>::mul_wide_with_dyadic_denominator (in /tmp/calcium-complex-product.0bkAWH/candidate-check)
==3163130==    by 0x40712A7: <&hyperreal::rational::arithmetic::Rational as core::ops::arith::Mul>::mul (in /tmp/calcium-complex-product.0bkAWH/candidate-check)
==3163130==    by 0x4075184: <&hyperreal::real::arithmetic::Real as core::ops::arith::Mul>::mul (in /tmp/calcium-complex-product.0bkAWH/candidate-check)
==3163130==    by 0x406C1E5: hyperlattice::complex::complex_multiply_components (in /tmp/calcium-complex-product.0bkAWH/candidate-check)
==3163130==    by 0x406CECF: <&hyperlattice::complex::Complex as core::ops::arith::Mul>::mul (in /tmp/calcium-complex-product.0bkAWH/candidate-check)
==3163130==    by 0x40663D1: complex_product_candidate_check::corpus::calculate (in /tmp/calcium-complex-product.0bkAWH/candidate-check)
==3163130==    by 0x4067C73: complex_product_candidate_check::main (in /tmp/calcium-complex-product.0bkAWH/candidate-check)
==3163130==    by 0x406A772: std::sys::backtrace::__rust_begin_short_backtrace::<fn(), ()> (in /tmp/calcium-complex-product.0bkAWH/candidate-check)
==3163130==    by 0x406A808: std::rt::lang_start::<()>::{closure#0} (in /tmp/calcium-complex-product.0bkAWH/candidate-check)
==3163130== 
==3163130== 48 bytes in 2 blocks are still reachable in loss record 3 of 37
==3163130==    at 0x4A13AE6: malloc (vg_replace_malloc.c:447)
==3163130==    by 0x40A3D38: <&num_bigint::biguint::BigUint as core::ops::arith::Mul>::mul (in /tmp/calcium-complex-product.0bkAWH/candidate-check)
==3163130==    by 0x408611B: <hyperreal::rational::arithmetic::Rational>::multiply_magnitudes (in /tmp/calcium-complex-product.0bkAWH/candidate-check)
==3163130==    by 0x4081B5C: <hyperreal::rational::arithmetic::Rational>::mul_wide_with_dyadic_denominator (in /tmp/calcium-complex-product.0bkAWH/candidate-check)
==3163130==    by 0x40712A7: <&hyperreal::rational::arithmetic::Rational as core::ops::arith::Mul>::mul (in /tmp/calcium-complex-product.0bkAWH/candidate-check)
==3163130==    by 0x4075184: <&hyperreal::real::arithmetic::Real as core::ops::arith::Mul>::mul (in /tmp/calcium-complex-product.0bkAWH/candidate-check)
==3163130==    by 0x406C1E5: hyperlattice::complex::complex_multiply_components (in /tmp/calcium-complex-product.0bkAWH/candidate-check)
==3163130==    by 0x406CECF: <&hyperlattice::complex::Complex as core::ops::arith::Mul>::mul (in /tmp/calcium-complex-product.0bkAWH/candidate-check)
==3163130==    by 0x40663D1: complex_product_candidate_check::corpus::calculate (in /tmp/calcium-complex-product.0bkAWH/candidate-check)
==3163130==    by 0x4067C73: complex_product_candidate_check::main (in /tmp/calcium-complex-product.0bkAWH/candidate-check)
==3163130==    by 0x406A772: std::sys::backtrace::__rust_begin_short_backtrace::<fn(), ()> (in /tmp/calcium-complex-product.0bkAWH/candidate-check)
==3163130==    by 0x406A808: std::rt::lang_start::<()>::{closure#0} (in /tmp/calcium-complex-product.0bkAWH/candidate-check)
==3163130== 
==3163130== 64 bytes in 4 blocks are still reachable in loss record 4 of 37
==3163130==    at 0x4A13AE6: malloc (vg_replace_malloc.c:447)
==3163130==    by 0x409545C: <hyperreal::rational::arithmetic::Rational>::from_reduced_word_parts (in /tmp/calcium-complex-product.0bkAWH/candidate-check)
==3163130==    by 0x408491F: <hyperreal::rational::arithmetic::Rational>::subtract_ref (in /tmp/calcium-complex-product.0bkAWH/candidate-check)
==3163130==    by 0x4073D47: <&hyperreal::real::arithmetic::Real as core::ops::arith::Sub>::sub (in /tmp/calcium-complex-product.0bkAWH/candidate-check)
==3163130==    by 0x406C273: hyperlattice::complex::complex_multiply_components (in /tmp/calcium-complex-product.0bkAWH/candidate-check)
==3163130==    by 0x406CECF: <&hyperlattice::complex::Complex as core::ops::arith::Mul>::mul (in /tmp/calcium-complex-product.0bkAWH/candidate-check)
==3163130==    by 0x40663D1: complex_product_candidate_check::corpus::calculate (in /tmp/calcium-complex-product.0bkAWH/candidate-check)
==3163130==    by 0x4067C73: complex_product_candidate_check::main (in /tmp/calcium-complex-product.0bkAWH/candidate-check)
==3163130==    by 0x406A772: std::sys::backtrace::__rust_begin_short_backtrace::<fn(), ()> (in /tmp/calcium-complex-product.0bkAWH/candidate-check)
==3163130==    by 0x406A808: std::rt::lang_start::<()>::{closure#0} (in /tmp/calcium-complex-product.0bkAWH/candidate-check)
==3163130==    by 0x4181336: std::rt::lang_start_internal (in /tmp/calcium-complex-product.0bkAWH/candidate-check)
==3163130==    by 0x406A054: main (in /tmp/calcium-complex-product.0bkAWH/candidate-check)
==3163130== 
==3163130== 64 bytes in 4 blocks are still reachable in loss record 5 of 37
==3163130==    at 0x4A13AE6: malloc (vg_replace_malloc.c:447)
==3163130==    by 0x40955CC: <hyperreal::rational::arithmetic::Rational>::from_reduced_word_parts (in /tmp/calcium-complex-product.0bkAWH/candidate-check)
==3163130==    by 0x408491F: <hyperreal::rational::arithmetic::Rational>::subtract_ref (in /tmp/calcium-complex-product.0bkAWH/candidate-check)
==3163130==    by 0x4073D47: <&hyperreal::real::arithmetic::Real as core::ops::arith::Sub>::sub (in /tmp/calcium-complex-product.0bkAWH/candidate-check)
==3163130==    by 0x406C273: hyperlattice::complex::complex_multiply_components (in /tmp/calcium-complex-product.0bkAWH/candidate-check)
==3163130==    by 0x406CECF: <&hyperlattice::complex::Complex as core::ops::arith::Mul>::mul (in /tmp/calcium-complex-product.0bkAWH/candidate-check)
==3163130==    by 0x40663D1: complex_product_candidate_check::corpus::calculate (in /tmp/calcium-complex-product.0bkAWH/candidate-check)
==3163130==    by 0x4067C73: complex_product_candidate_check::main (in /tmp/calcium-complex-product.0bkAWH/candidate-check)
==3163130==    by 0x406A772: std::sys::backtrace::__rust_begin_short_backtrace::<fn(), ()> (in /tmp/calcium-complex-product.0bkAWH/candidate-check)
==3163130==    by 0x406A808: std::rt::lang_start::<()>::{closure#0} (in /tmp/calcium-complex-product.0bkAWH/candidate-check)
==3163130==    by 0x4181336: std::rt::lang_start_internal (in /tmp/calcium-complex-product.0bkAWH/candidate-check)
==3163130==    by 0x406A054: main (in /tmp/calcium-complex-product.0bkAWH/candidate-check)
==3163130== 
==3163130== 104 bytes in 1 blocks are still reachable in loss record 6 of 37
==3163130==    at 0x4A13AE6: malloc (vg_replace_malloc.c:447)
==3163130==    by 0x40A5A59: <hyperreal::rational::arithmetic::RATIONAL_ZERO::{closure#0} as core::ops::function::FnOnce<()>>::call_once (in /tmp/calcium-complex-product.0bkAWH/candidate-check)
==3163130==    by 0x40799DA: <std::sync::once::Once>::call_once_force::<<std::sync::lazy_lock::LazyLock<hyperreal::rational::arithmetic::Rational>>::force::{closure#0}>::{closure#0} (in /tmp/calcium-complex-product.0bkAWH/candidate-check)
==3163130==    by 0x4173BB8: <std::sys::sync::once::futex::Once>::call (in /tmp/calcium-complex-product.0bkAWH/candidate-check)
==3163130==    by 0x4097FAA: <hyperreal::rational::arithmetic::Rational>::from_word_magnitude_difference (in /tmp/calcium-complex-product.0bkAWH/candidate-check)
==3163130==    by 0x4098D6E: <hyperreal::rational::arithmetic::Rational>::complex_product_components_impl (in /tmp/calcium-complex-product.0bkAWH/candidate-check)
==3163130==    by 0x40664B7: complex_product_candidate_check::corpus::calculate (in /tmp/calcium-complex-product.0bkAWH/candidate-check)
==3163130==    by 0x4067C73: complex_product_candidate_check::main (in /tmp/calcium-complex-product.0bkAWH/candidate-check)
==3163130==    by 0x406A772: std::sys::backtrace::__rust_begin_short_backtrace::<fn(), ()> (in /tmp/calcium-complex-product.0bkAWH/candidate-check)
==3163130==    by 0x406A808: std::rt::lang_start::<()>::{closure#0} (in /tmp/calcium-complex-product.0bkAWH/candidate-check)
==3163130==    by 0x4181336: std::rt::lang_start_internal (in /tmp/calcium-complex-product.0bkAWH/candidate-check)
==3163130==    by 0x406A054: main (in /tmp/calcium-complex-product.0bkAWH/candidate-check)
==3163130== 
==3163130== 104 bytes in 1 blocks are still reachable in loss record 7 of 37
==3163130==    at 0x4A13AE6: malloc (vg_replace_malloc.c:447)
==3163130==    by 0x40A5922: <hyperreal::rational::arithmetic::RATIONAL_ONE::{closure#0} as core::ops::function::FnOnce<()>>::call_once (in /tmp/calcium-complex-product.0bkAWH/candidate-check)
==3163130==    by 0x40799DA: <std::sync::once::Once>::call_once_force::<<std::sync::lazy_lock::LazyLock<hyperreal::rational::arithmetic::Rational>>::force::{closure#0}>::{closure#0} (in /tmp/calcium-complex-product.0bkAWH/candidate-check)
==3163130==    by 0x4173BB8: <std::sys::sync::once::futex::Once>::call (in /tmp/calcium-complex-product.0bkAWH/candidate-check)
==3163130==    by 0x40957A9: <hyperreal::rational::arithmetic::Rational>::from_reduced_word_parts (in /tmp/calcium-complex-product.0bkAWH/candidate-check)
==3163130==    by 0x409A7BA: <hyperreal::rational::arithmetic::Rational>::from_scaled_dyadic_quotient_component (in /tmp/calcium-complex-product.0bkAWH/candidate-check)
==3163130==    by 0x40979E6: <hyperreal::rational::arithmetic::Rational>::complex_quotient_components (in /tmp/calcium-complex-product.0bkAWH/candidate-check)
==3163130==    by 0x406646C: complex_product_candidate_check::corpus::calculate (in /tmp/calcium-complex-product.0bkAWH/candidate-check)
==3163130==    by 0x4067C73: complex_product_candidate_check::main (in /tmp/calcium-complex-product.0bkAWH/candidate-check)
==3163130==    by 0x406A772: std::sys::backtrace::__rust_begin_short_backtrace::<fn(), ()> (in /tmp/calcium-complex-product.0bkAWH/candidate-check)
==3163130==    by 0x406A808: std::rt::lang_start::<()>::{closure#0} (in /tmp/calcium-complex-product.0bkAWH/candidate-check)
==3163130==    by 0x4181336: std::rt::lang_start_internal (in /tmp/calcium-complex-product.0bkAWH/candidate-check)
==3163130== 
==3163130== 104 bytes in 1 blocks are still reachable in loss record 8 of 37
==3163130==    at 0x4A13AE6: malloc (vg_replace_malloc.c:447)
==3163130==    by 0x40A5B92: <hyperreal::rational::arithmetic::RATIONAL_MINUS_ONE::{closure#0} as core::ops::function::FnOnce<()>>::call_once (in /tmp/calcium-complex-product.0bkAWH/candidate-check)
==3163130==    by 0x40799DA: <std::sync::once::Once>::call_once_force::<<std::sync::lazy_lock::LazyLock<hyperreal::rational::arithmetic::Rational>>::force::{closure#0}>::{closure#0} (in /tmp/calcium-complex-product.0bkAWH/candidate-check)
==3163130==    by 0x4173BB8: <std::sys::sync::once::futex::Once>::call (in /tmp/calcium-complex-product.0bkAWH/candidate-check)
==3163130==    by 0x4095811: <hyperreal::rational::arithmetic::Rational>::from_reduced_word_parts (in /tmp/calcium-complex-product.0bkAWH/candidate-check)
==3163130==    by 0x409A7BA: <hyperreal::rational::arithmetic::Rational>::from_scaled_dyadic_quotient_component (in /tmp/calcium-complex-product.0bkAWH/candidate-check)
==3163130==    by 0x40979E6: <hyperreal::rational::arithmetic::Rational>::complex_quotient_components (in /tmp/calcium-complex-product.0bkAWH/candidate-check)
==3163130==    by 0x406646C: complex_product_candidate_check::corpus::calculate (in /tmp/calcium-complex-product.0bkAWH/candidate-check)
==3163130==    by 0x4067C73: complex_product_candidate_check::main (in /tmp/calcium-complex-product.0bkAWH/candidate-check)
==3163130==    by 0x406A772: std::sys::backtrace::__rust_begin_short_backtrace::<fn(), ()> (in /tmp/calcium-complex-product.0bkAWH/candidate-check)
==3163130==    by 0x406A808: std::rt::lang_start::<()>::{closure#0} (in /tmp/calcium-complex-product.0bkAWH/candidate-check)
==3163130==    by 0x4181336: std::rt::lang_start_internal (in /tmp/calcium-complex-product.0bkAWH/candidate-check)
==3163130== 
==3163130== 128 bytes in 8 blocks are still reachable in loss record 9 of 37
==3163130==    at 0x4A13AE6: malloc (vg_replace_malloc.c:447)
==3163130==    by 0x40955CC: <hyperreal::rational::arithmetic::Rational>::from_reduced_word_parts (in /tmp/calcium-complex-product.0bkAWH/candidate-check)
==3163130==    by 0x407123E: <&hyperreal::rational::arithmetic::Rational as core::ops::arith::Mul>::mul (in /tmp/calcium-complex-product.0bkAWH/candidate-check)
==3163130==    by 0x4075184: <&hyperreal::real::arithmetic::Real as core::ops::arith::Mul>::mul (in /tmp/calcium-complex-product.0bkAWH/candidate-check)
==3163130==    by 0x406C1E5: hyperlattice::complex::complex_multiply_components (in /tmp/calcium-complex-product.0bkAWH/candidate-check)
==3163130==    by 0x406CECF: <&hyperlattice::complex::Complex as core::ops::arith::Mul>::mul (in /tmp/calcium-complex-product.0bkAWH/candidate-check)
==3163130==    by 0x40663D1: complex_product_candidate_check::corpus::calculate (in /tmp/calcium-complex-product.0bkAWH/candidate-check)
==3163130==    by 0x4067C73: complex_product_candidate_check::main (in /tmp/calcium-complex-product.0bkAWH/candidate-check)
==3163130==    by 0x406A772: std::sys::backtrace::__rust_begin_short_backtrace::<fn(), ()> (in /tmp/calcium-complex-product.0bkAWH/candidate-check)
==3163130==    by 0x406A808: std::rt::lang_start::<()>::{closure#0} (in /tmp/calcium-complex-product.0bkAWH/candidate-check)
==3163130==    by 0x4181336: std::rt::lang_start_internal (in /tmp/calcium-complex-product.0bkAWH/candidate-check)
==3163130==    by 0x406A054: main (in /tmp/calcium-complex-product.0bkAWH/candidate-check)
==3163130== 
==3163130== 208 bytes in 2 blocks are still reachable in loss record 10 of 37
==3163130==    at 0x4A13AE6: malloc (vg_replace_malloc.c:447)
==3163130==    by 0x4095682: <hyperreal::rational::arithmetic::Rational>::from_reduced_word_parts (in /tmp/calcium-complex-product.0bkAWH/candidate-check)
==3163130==    by 0x407F938: <hyperreal::rational::arithmetic::Rational>::add_sub_words (in /tmp/calcium-complex-product.0bkAWH/candidate-check)
==3163130==    by 0x40830E1: <hyperreal::rational::arithmetic::Rational>::add_ref (in /tmp/calcium-complex-product.0bkAWH/candidate-check)
==3163130==    by 0x40738C4: <&hyperreal::real::arithmetic::Real as core::ops::arith::Add>::add (in /tmp/calcium-complex-product.0bkAWH/candidate-check)
==3163130==    by 0x406C1D0: hyperlattice::complex::complex_multiply_components (in /tmp/calcium-complex-product.0bkAWH/candidate-check)
==3163130==    by 0x406CECF: <&hyperlattice::complex::Complex as core::ops::arith::Mul>::mul (in /tmp/calcium-complex-product.0bkAWH/candidate-check)
==3163130==    by 0x40663D1: complex_product_candidate_check::corpus::calculate (in /tmp/calcium-complex-product.0bkAWH/candidate-check)
==3163130==    by 0x4067C73: complex_product_candidate_check::main (in /tmp/calcium-complex-product.0bkAWH/candidate-check)
==3163130==    by 0x406A772: std::sys::backtrace::__rust_begin_short_backtrace::<fn(), ()> (in /tmp/calcium-complex-product.0bkAWH/candidate-check)
==3163130==    by 0x406A808: std::rt::lang_start::<()>::{closure#0} (in /tmp/calcium-complex-product.0bkAWH/candidate-check)
==3163130==    by 0x4181336: std::rt::lang_start_internal (in /tmp/calcium-complex-product.0bkAWH/candidate-check)
==3163130== 
==3163130== 208 bytes in 2 blocks are still reachable in loss record 11 of 37
==3163130==    at 0x4A13AE6: malloc (vg_replace_malloc.c:447)
==3163130==    by 0x4095682: <hyperreal::rational::arithmetic::Rational>::from_reduced_word_parts (in /tmp/calcium-complex-product.0bkAWH/candidate-check)
==3163130==    by 0x407F938: <hyperreal::rational::arithmetic::Rational>::add_sub_words (in /tmp/calcium-complex-product.0bkAWH/candidate-check)
==3163130==    by 0x408491F: <hyperreal::rational::arithmetic::Rational>::subtract_ref (in /tmp/calcium-complex-product.0bkAWH/candidate-check)
==3163130==    by 0x4073D47: <&hyperreal::real::arithmetic::Real as core::ops::arith::Sub>::sub (in /tmp/calcium-complex-product.0bkAWH/candidate-check)
==3163130==    by 0x406C214: hyperlattice::complex::complex_multiply_components (in /tmp/calcium-complex-product.0bkAWH/candidate-check)
==3163130==    by 0x406CECF: <&hyperlattice::complex::Complex as core::ops::arith::Mul>::mul (in /tmp/calcium-complex-product.0bkAWH/candidate-check)
==3163130==    by 0x40663D1: complex_product_candidate_check::corpus::calculate (in /tmp/calcium-complex-product.0bkAWH/candidate-check)
==3163130==    by 0x4067C73: complex_product_candidate_check::main (in /tmp/calcium-complex-product.0bkAWH/candidate-check)
==3163130==    by 0x406A772: std::sys::backtrace::__rust_begin_short_backtrace::<fn(), ()> (in /tmp/calcium-complex-product.0bkAWH/candidate-check)
==3163130==    by 0x406A808: std::rt::lang_start::<()>::{closure#0} (in /tmp/calcium-complex-product.0bkAWH/candidate-check)
==3163130==    by 0x4181336: std::rt::lang_start_internal (in /tmp/calcium-complex-product.0bkAWH/candidate-check)
==3163130== 
==3163130== 208 bytes in 2 blocks are still reachable in loss record 12 of 37
==3163130==    at 0x4A13AE6: malloc (vg_replace_malloc.c:447)
==3163130==    by 0x4095682: <hyperreal::rational::arithmetic::Rational>::from_reduced_word_parts (in /tmp/calcium-complex-product.0bkAWH/candidate-check)
==3163130==    by 0x407F938: <hyperreal::rational::arithmetic::Rational>::add_sub_words (in /tmp/calcium-complex-product.0bkAWH/candidate-check)
==3163130==    by 0x408491F: <hyperreal::rational::arithmetic::Rational>::subtract_ref (in /tmp/calcium-complex-product.0bkAWH/candidate-check)
==3163130==    by 0x4073D47: <&hyperreal::real::arithmetic::Real as core::ops::arith::Sub>::sub (in /tmp/calcium-complex-product.0bkAWH/candidate-check)
==3163130==    by 0x406C2C0: hyperlattice::complex::complex_multiply_components (in /tmp/calcium-complex-product.0bkAWH/candidate-check)
==3163130==    by 0x406CECF: <&hyperlattice::complex::Complex as core::ops::arith::Mul>::mul (in /tmp/calcium-complex-product.0bkAWH/candidate-check)
==3163130==    by 0x40663D1: complex_product_candidate_check::corpus::calculate (in /tmp/calcium-complex-product.0bkAWH/candidate-check)
==3163130==    by 0x4067C73: complex_product_candidate_check::main (in /tmp/calcium-complex-product.0bkAWH/candidate-check)
==3163130==    by 0x406A772: std::sys::backtrace::__rust_begin_short_backtrace::<fn(), ()> (in /tmp/calcium-complex-product.0bkAWH/candidate-check)
==3163130==    by 0x406A808: std::rt::lang_start::<()>::{closure#0} (in /tmp/calcium-complex-product.0bkAWH/candidate-check)
==3163130==    by 0x4181336: std::rt::lang_start_internal (in /tmp/calcium-complex-product.0bkAWH/candidate-check)
==3163130== 
==3163130== 208 bytes in 2 blocks are still reachable in loss record 13 of 37
==3163130==    at 0x4A13AE6: malloc (vg_replace_malloc.c:447)
==3163130==    by 0x4095682: <hyperreal::rational::arithmetic::Rational>::from_reduced_word_parts (in /tmp/calcium-complex-product.0bkAWH/candidate-check)
==3163130==    by 0x408491F: <hyperreal::rational::arithmetic::Rational>::subtract_ref (in /tmp/calcium-complex-product.0bkAWH/candidate-check)
==3163130==    by 0x4073D47: <&hyperreal::real::arithmetic::Real as core::ops::arith::Sub>::sub (in /tmp/calcium-complex-product.0bkAWH/candidate-check)
==3163130==    by 0x406C214: hyperlattice::complex::complex_multiply_components (in /tmp/calcium-complex-product.0bkAWH/candidate-check)
==3163130==    by 0x406CECF: <&hyperlattice::complex::Complex as core::ops::arith::Mul>::mul (in /tmp/calcium-complex-product.0bkAWH/candidate-check)
==3163130==    by 0x40663D1: complex_product_candidate_check::corpus::calculate (in /tmp/calcium-complex-product.0bkAWH/candidate-check)
==3163130==    by 0x4067C73: complex_product_candidate_check::main (in /tmp/calcium-complex-product.0bkAWH/candidate-check)
==3163130==    by 0x406A772: std::sys::backtrace::__rust_begin_short_backtrace::<fn(), ()> (in /tmp/calcium-complex-product.0bkAWH/candidate-check)
==3163130==    by 0x406A808: std::rt::lang_start::<()>::{closure#0} (in /tmp/calcium-complex-product.0bkAWH/candidate-check)
==3163130==    by 0x4181336: std::rt::lang_start_internal (in /tmp/calcium-complex-product.0bkAWH/candidate-check)
==3163130==    by 0x406A054: main (in /tmp/calcium-complex-product.0bkAWH/candidate-check)
==3163130== 
==3163130== 208 bytes in 2 blocks are still reachable in loss record 14 of 37
==3163130==    at 0x4A13AE6: malloc (vg_replace_malloc.c:447)
==3163130==    by 0x4095682: <hyperreal::rational::arithmetic::Rational>::from_reduced_word_parts (in /tmp/calcium-complex-product.0bkAWH/candidate-check)
==3163130==    by 0x408491F: <hyperreal::rational::arithmetic::Rational>::subtract_ref (in /tmp/calcium-complex-product.0bkAWH/candidate-check)
==3163130==    by 0x4073D47: <&hyperreal::real::arithmetic::Real as core::ops::arith::Sub>::sub (in /tmp/calcium-complex-product.0bkAWH/candidate-check)
==3163130==    by 0x406C2C0: hyperlattice::complex::complex_multiply_components (in /tmp/calcium-complex-product.0bkAWH/candidate-check)
==3163130==    by 0x406CECF: <&hyperlattice::complex::Complex as core::ops::arith::Mul>::mul (in /tmp/calcium-complex-product.0bkAWH/candidate-check)
==3163130==    by 0x40663D1: complex_product_candidate_check::corpus::calculate (in /tmp/calcium-complex-product.0bkAWH/candidate-check)
==3163130==    by 0x4067C73: complex_product_candidate_check::main (in /tmp/calcium-complex-product.0bkAWH/candidate-check)
==3163130==    by 0x406A772: std::sys::backtrace::__rust_begin_short_backtrace::<fn(), ()> (in /tmp/calcium-complex-product.0bkAWH/candidate-check)
==3163130==    by 0x406A808: std::rt::lang_start::<()>::{closure#0} (in /tmp/calcium-complex-product.0bkAWH/candidate-check)
==3163130==    by 0x4181336: std::rt::lang_start_internal (in /tmp/calcium-complex-product.0bkAWH/candidate-check)
==3163130==    by 0x406A054: main (in /tmp/calcium-complex-product.0bkAWH/candidate-check)
==3163130== 
==3163130== 208 bytes in 2 blocks are still reachable in loss record 15 of 37
==3163130==    at 0x4A13AE6: malloc (vg_replace_malloc.c:447)
==3163130==    by 0x410652A: <std::sync::once::Once>::call_once_force::<<std::sync::once_lock::OnceLock<hyperreal::rational::arithmetic::Rational>>::initialize<<std::sync::once_lock::OnceLock<hyperreal::rational::arithmetic::Rational>>::get_or_init<<hyperreal::rational::arithmetic::Rational>::small_reduced_dyadic::{closure#0}>::{closure#0}, !>::{closure#0}>::{closure#0} (in /tmp/calcium-complex-product.0bkAWH/candidate-check)
==3163130==    by 0x4173BB8: <std::sys::sync::once::futex::Once>::call (in /tmp/calcium-complex-product.0bkAWH/candidate-check)
==3163130==    by 0x410598F: <std::sync::once_lock::OnceLock<hyperreal::rational::arithmetic::Rational>>::initialize::<<std::sync::once_lock::OnceLock<hyperreal::rational::arithmetic::Rational>>::get_or_init<<hyperreal::rational::arithmetic::Rational>::small_reduced_dyadic::{closure#0}>::{closure#0}, !> (in /tmp/calcium-complex-product.0bkAWH/candidate-check)
==3163130==    by 0x408B7EA: <hyperreal::rational::arithmetic::Rational>::small_reduced_dyadic (in /tmp/calcium-complex-product.0bkAWH/candidate-check)
==3163130==    by 0x4095336: <hyperreal::rational::arithmetic::Rational>::from_reduced_word_parts (in /tmp/calcium-complex-product.0bkAWH/candidate-check)
==3163130==    by 0x409A7BA: <hyperreal::rational::arithmetic::Rational>::from_scaled_dyadic_quotient_component (in /tmp/calcium-complex-product.0bkAWH/candidate-check)
==3163130==    by 0x40979E6: <hyperreal::rational::arithmetic::Rational>::complex_quotient_components (in /tmp/calcium-complex-product.0bkAWH/candidate-check)
==3163130==    by 0x406646C: complex_product_candidate_check::corpus::calculate (in /tmp/calcium-complex-product.0bkAWH/candidate-check)
==3163130==    by 0x4067C73: complex_product_candidate_check::main (in /tmp/calcium-complex-product.0bkAWH/candidate-check)
==3163130==    by 0x406A772: std::sys::backtrace::__rust_begin_short_backtrace::<fn(), ()> (in /tmp/calcium-complex-product.0bkAWH/candidate-check)
==3163130==    by 0x406A808: std::rt::lang_start::<()>::{closure#0} (in /tmp/calcium-complex-product.0bkAWH/candidate-check)
==3163130== 
==3163130== 208 bytes in 2 blocks are still reachable in loss record 16 of 37
==3163130==    at 0x4A13AE6: malloc (vg_replace_malloc.c:447)
==3163130==    by 0x4106394: <std::sync::once::Once>::call_once_force::<<std::sync::once_lock::OnceLock<hyperreal::rational::arithmetic::Rational>>::initialize<<std::sync::once_lock::OnceLock<hyperreal::rational::arithmetic::Rational>>::get_or_init<<hyperreal::rational::arithmetic::Rational>::small_integer::{closure#0}>::{closure#0}, !>::{closure#0}>::{closure#0} (in /tmp/calcium-complex-product.0bkAWH/candidate-check)
==3163130==    by 0x4173BB8: <std::sys::sync::once::futex::Once>::call (in /tmp/calcium-complex-product.0bkAWH/candidate-check)
==3163130==    by 0x410593B: <std::sync::once_lock::OnceLock<hyperreal::rational::arithmetic::Rational>>::initialize::<<std::sync::once_lock::OnceLock<hyperreal::rational::arithmetic::Rational>>::get_or_init<<hyperreal::rational::arithmetic::Rational>::small_integer::{closure#0}>::{closure#0}, !> (in /tmp/calcium-complex-product.0bkAWH/candidate-check)
==3163130==    by 0x40954FC: <hyperreal::rational::arithmetic::Rational>::from_reduced_word_parts (in /tmp/calcium-complex-product.0bkAWH/candidate-check)
==3163130==    by 0x4098D6E: <hyperreal::rational::arithmetic::Rational>::complex_product_components_impl (in /tmp/calcium-complex-product.0bkAWH/candidate-check)
==3163130==    by 0x40664B7: complex_product_candidate_check::corpus::calculate (in /tmp/calcium-complex-product.0bkAWH/candidate-check)
==3163130==    by 0x4067C73: complex_product_candidate_check::main (in /tmp/calcium-complex-product.0bkAWH/candidate-check)
==3163130==    by 0x406A772: std::sys::backtrace::__rust_begin_short_backtrace::<fn(), ()> (in /tmp/calcium-complex-product.0bkAWH/candidate-check)
==3163130==    by 0x406A808: std::rt::lang_start::<()>::{closure#0} (in /tmp/calcium-complex-product.0bkAWH/candidate-check)
==3163130==    by 0x4181336: std::rt::lang_start_internal (in /tmp/calcium-complex-product.0bkAWH/candidate-check)
==3163130==    by 0x406A054: main (in /tmp/calcium-complex-product.0bkAWH/candidate-check)
==3163130== 
==3163130== 208 bytes in 2 blocks are still reachable in loss record 17 of 37
==3163130==    at 0x4A13AE6: malloc (vg_replace_malloc.c:447)
==3163130==    by 0x4106394: <std::sync::once::Once>::call_once_force::<<std::sync::once_lock::OnceLock<hyperreal::rational::arithmetic::Rational>>::initialize<<std::sync::once_lock::OnceLock<hyperreal::rational::arithmetic::Rational>>::get_or_init<<hyperreal::rational::arithmetic::Rational>::small_integer::{closure#0}>::{closure#0}, !>::{closure#0}>::{closure#0} (in /tmp/calcium-complex-product.0bkAWH/candidate-check)
==3163130==    by 0x4173BB8: <std::sys::sync::once::futex::Once>::call (in /tmp/calcium-complex-product.0bkAWH/candidate-check)
==3163130==    by 0x410593B: <std::sync::once_lock::OnceLock<hyperreal::rational::arithmetic::Rational>>::initialize::<<std::sync::once_lock::OnceLock<hyperreal::rational::arithmetic::Rational>>::get_or_init<<hyperreal::rational::arithmetic::Rational>::small_integer::{closure#0}>::{closure#0}, !> (in /tmp/calcium-complex-product.0bkAWH/candidate-check)
==3163130==    by 0x40954FC: <hyperreal::rational::arithmetic::Rational>::from_reduced_word_parts (in /tmp/calcium-complex-product.0bkAWH/candidate-check)
==3163130==    by 0x407F938: <hyperreal::rational::arithmetic::Rational>::add_sub_words (in /tmp/calcium-complex-product.0bkAWH/candidate-check)
==3163130==    by 0x40830E1: <hyperreal::rational::arithmetic::Rational>::add_ref (in /tmp/calcium-complex-product.0bkAWH/candidate-check)
==3163130==    by 0x40738C4: <&hyperreal::real::arithmetic::Real as core::ops::arith::Add>::add (in /tmp/calcium-complex-product.0bkAWH/candidate-check)
==3163130==    by 0x406C1C2: hyperlattice::complex::complex_multiply_components (in /tmp/calcium-complex-product.0bkAWH/candidate-check)
==3163130==    by 0x406CECF: <&hyperlattice::complex::Complex as core::ops::arith::Mul>::mul (in /tmp/calcium-complex-product.0bkAWH/candidate-check)
==3163130==    by 0x40663D1: complex_product_candidate_check::corpus::calculate (in /tmp/calcium-complex-product.0bkAWH/candidate-check)
==3163130==    by 0x4067C73: complex_product_candidate_check::main (in /tmp/calcium-complex-product.0bkAWH/candidate-check)
==3163130== 
==3163130== 208 bytes in 2 blocks are still reachable in loss record 18 of 37
==3163130==    at 0x4A13AE6: malloc (vg_replace_malloc.c:447)
==3163130==    by 0x410652A: <std::sync::once::Once>::call_once_force::<<std::sync::once_lock::OnceLock<hyperreal::rational::arithmetic::Rational>>::initialize<<std::sync::once_lock::OnceLock<hyperreal::rational::arithmetic::Rational>>::get_or_init<<hyperreal::rational::arithmetic::Rational>::small_reduced_dyadic::{closure#0}>::{closure#0}, !>::{closure#0}>::{closure#0} (in /tmp/calcium-complex-product.0bkAWH/candidate-check)
==3163130==    by 0x4173BB8: <std::sys::sync::once::futex::Once>::call (in /tmp/calcium-complex-product.0bkAWH/candidate-check)
==3163130==    by 0x410598F: <std::sync::once_lock::OnceLock<hyperreal::rational::arithmetic::Rational>>::initialize::<<std::sync::once_lock::OnceLock<hyperreal::rational::arithmetic::Rational>>::get_or_init<<hyperreal::rational::arithmetic::Rational>::small_reduced_dyadic::{closure#0}>::{closure#0}, !> (in /tmp/calcium-complex-product.0bkAWH/candidate-check)
==3163130==    by 0x408B7EA: <hyperreal::rational::arithmetic::Rational>::small_reduced_dyadic (in /tmp/calcium-complex-product.0bkAWH/candidate-check)
==3163130==    by 0x4095336: <hyperreal::rational::arithmetic::Rational>::from_reduced_word_parts (in /tmp/calcium-complex-product.0bkAWH/candidate-check)
==3163130==    by 0x4098D6E: <hyperreal::rational::arithmetic::Rational>::complex_product_components_impl (in /tmp/calcium-complex-product.0bkAWH/candidate-check)
==3163130==    by 0x40664B7: complex_product_candidate_check::corpus::calculate (in /tmp/calcium-complex-product.0bkAWH/candidate-check)
==3163130==    by 0x4067C73: complex_product_candidate_check::main (in /tmp/calcium-complex-product.0bkAWH/candidate-check)
==3163130==    by 0x406A772: std::sys::backtrace::__rust_begin_short_backtrace::<fn(), ()> (in /tmp/calcium-complex-product.0bkAWH/candidate-check)
==3163130==    by 0x406A808: std::rt::lang_start::<()>::{closure#0} (in /tmp/calcium-complex-product.0bkAWH/candidate-check)
==3163130==    by 0x4181336: std::rt::lang_start_internal (in /tmp/calcium-complex-product.0bkAWH/candidate-check)
==3163130== 
==3163130== 208 bytes in 2 blocks are still reachable in loss record 19 of 37
==3163130==    at 0x4A13AE6: malloc (vg_replace_malloc.c:447)
==3163130==    by 0x4106394: <std::sync::once::Once>::call_once_force::<<std::sync::once_lock::OnceLock<hyperreal::rational::arithmetic::Rational>>::initialize<<std::sync::once_lock::OnceLock<hyperreal::rational::arithmetic::Rational>>::get_or_init<<hyperreal::rational::arithmetic::Rational>::small_integer::{closure#0}>::{closure#0}, !>::{closure#0}>::{closure#0} (in /tmp/calcium-complex-product.0bkAWH/candidate-check)
==3163130==    by 0x4173BB8: <std::sys::sync::once::futex::Once>::call (in /tmp/calcium-complex-product.0bkAWH/candidate-check)
==3163130==    by 0x410593B: <std::sync::once_lock::OnceLock<hyperreal::rational::arithmetic::Rational>>::initialize::<<std::sync::once_lock::OnceLock<hyperreal::rational::arithmetic::Rational>>::get_or_init<<hyperreal::rational::arithmetic::Rational>::small_integer::{closure#0}>::{closure#0}, !> (in /tmp/calcium-complex-product.0bkAWH/candidate-check)
==3163130==    by 0x40954FC: <hyperreal::rational::arithmetic::Rational>::from_reduced_word_parts (in /tmp/calcium-complex-product.0bkAWH/candidate-check)
==3163130==    by 0x407123E: <&hyperreal::rational::arithmetic::Rational as core::ops::arith::Mul>::mul (in /tmp/calcium-complex-product.0bkAWH/candidate-check)
==3163130==    by 0x4075184: <&hyperreal::real::arithmetic::Real as core::ops::arith::Mul>::mul (in /tmp/calcium-complex-product.0bkAWH/candidate-check)
==3163130==    by 0x406C1B2: hyperlattice::complex::complex_multiply_components (in /tmp/calcium-complex-product.0bkAWH/candidate-check)
==3163130==    by 0x406CECF: <&hyperlattice::complex::Complex as core::ops::arith::Mul>::mul (in /tmp/calcium-complex-product.0bkAWH/candidate-check)
==3163130==    by 0x40663D1: complex_product_candidate_check::corpus::calculate (in /tmp/calcium-complex-product.0bkAWH/candidate-check)
==3163130==    by 0x4067C73: complex_product_candidate_check::main (in /tmp/calcium-complex-product.0bkAWH/candidate-check)
==3163130==    by 0x406A772: std::sys::backtrace::__rust_begin_short_backtrace::<fn(), ()> (in /tmp/calcium-complex-product.0bkAWH/candidate-check)
==3163130== 
==3163130== 208 bytes in 2 blocks are still reachable in loss record 20 of 37
==3163130==    at 0x4A13AE6: malloc (vg_replace_malloc.c:447)
==3163130==    by 0x410652A: <std::sync::once::Once>::call_once_force::<<std::sync::once_lock::OnceLock<hyperreal::rational::arithmetic::Rational>>::initialize<<std::sync::once_lock::OnceLock<hyperreal::rational::arithmetic::Rational>>::get_or_init<<hyperreal::rational::arithmetic::Rational>::small_reduced_dyadic::{closure#0}>::{closure#0}, !>::{closure#0}>::{closure#0} (in /tmp/calcium-complex-product.0bkAWH/candidate-check)
==3163130==    by 0x4173BB8: <std::sys::sync::once::futex::Once>::call (in /tmp/calcium-complex-product.0bkAWH/candidate-check)
==3163130==    by 0x410598F: <std::sync::once_lock::OnceLock<hyperreal::rational::arithmetic::Rational>>::initialize::<<std::sync::once_lock::OnceLock<hyperreal::rational::arithmetic::Rational>>::get_or_init<<hyperreal::rational::arithmetic::Rational>::small_reduced_dyadic::{closure#0}>::{closure#0}, !> (in /tmp/calcium-complex-product.0bkAWH/candidate-check)
==3163130==    by 0x408B7EA: <hyperreal::rational::arithmetic::Rational>::small_reduced_dyadic (in /tmp/calcium-complex-product.0bkAWH/candidate-check)
==3163130==    by 0x4095336: <hyperreal::rational::arithmetic::Rational>::from_reduced_word_parts (in /tmp/calcium-complex-product.0bkAWH/candidate-check)
==3163130==    by 0x407123E: <&hyperreal::rational::arithmetic::Rational as core::ops::arith::Mul>::mul (in /tmp/calcium-complex-product.0bkAWH/candidate-check)
==3163130==    by 0x4075184: <&hyperreal::real::arithmetic::Real as core::ops::arith::Mul>::mul (in /tmp/calcium-complex-product.0bkAWH/candidate-check)
==3163130==    by 0x406C1B2: hyperlattice::complex::complex_multiply_components (in /tmp/calcium-complex-product.0bkAWH/candidate-check)
==3163130==    by 0x406CECF: <&hyperlattice::complex::Complex as core::ops::arith::Mul>::mul (in /tmp/calcium-complex-product.0bkAWH/candidate-check)
==3163130==    by 0x40663D1: complex_product_candidate_check::corpus::calculate (in /tmp/calcium-complex-product.0bkAWH/candidate-check)
==3163130==    by 0x4067C73: complex_product_candidate_check::main (in /tmp/calcium-complex-product.0bkAWH/candidate-check)
==3163130== 
==3163130== 208 bytes in 2 blocks are still reachable in loss record 21 of 37
==3163130==    at 0x4A13AE6: malloc (vg_replace_malloc.c:447)
==3163130==    by 0x4106394: <std::sync::once::Once>::call_once_force::<<std::sync::once_lock::OnceLock<hyperreal::rational::arithmetic::Rational>>::initialize<<std::sync::once_lock::OnceLock<hyperreal::rational::arithmetic::Rational>>::get_or_init<<hyperreal::rational::arithmetic::Rational>::small_integer::{closure#0}>::{closure#0}, !>::{closure#0}>::{closure#0} (in /tmp/calcium-complex-product.0bkAWH/candidate-check)
==3163130==    by 0x4173BB8: <std::sys::sync::once::futex::Once>::call (in /tmp/calcium-complex-product.0bkAWH/candidate-check)
==3163130==    by 0x410593B: <std::sync::once_lock::OnceLock<hyperreal::rational::arithmetic::Rational>>::initialize::<<std::sync::once_lock::OnceLock<hyperreal::rational::arithmetic::Rational>>::get_or_init<<hyperreal::rational::arithmetic::Rational>::small_integer::{closure#0}>::{closure#0}, !> (in /tmp/calcium-complex-product.0bkAWH/candidate-check)
==3163130==    by 0x40954FC: <hyperreal::rational::arithmetic::Rational>::from_reduced_word_parts (in /tmp/calcium-complex-product.0bkAWH/candidate-check)
==3163130==    by 0x4098D8B: <hyperreal::rational::arithmetic::Rational>::complex_product_components_impl (in /tmp/calcium-complex-product.0bkAWH/candidate-check)
==3163130==    by 0x40664B7: complex_product_candidate_check::corpus::calculate (in /tmp/calcium-complex-product.0bkAWH/candidate-check)
==3163130==    by 0x4067C73: complex_product_candidate_check::main (in /tmp/calcium-complex-product.0bkAWH/candidate-check)
==3163130==    by 0x406A772: std::sys::backtrace::__rust_begin_short_backtrace::<fn(), ()> (in /tmp/calcium-complex-product.0bkAWH/candidate-check)
==3163130==    by 0x406A808: std::rt::lang_start::<()>::{closure#0} (in /tmp/calcium-complex-product.0bkAWH/candidate-check)
==3163130==    by 0x4181336: std::rt::lang_start_internal (in /tmp/calcium-complex-product.0bkAWH/candidate-check)
==3163130==    by 0x406A054: main (in /tmp/calcium-complex-product.0bkAWH/candidate-check)
==3163130== 
==3163130== 208 bytes in 2 blocks are still reachable in loss record 22 of 37
==3163130==    at 0x4A13AE6: malloc (vg_replace_malloc.c:447)
==3163130==    by 0x410652A: <std::sync::once::Once>::call_once_force::<<std::sync::once_lock::OnceLock<hyperreal::rational::arithmetic::Rational>>::initialize<<std::sync::once_lock::OnceLock<hyperreal::rational::arithmetic::Rational>>::get_or_init<<hyperreal::rational::arithmetic::Rational>::small_reduced_dyadic::{closure#0}>::{closure#0}, !>::{closure#0}>::{closure#0} (in /tmp/calcium-complex-product.0bkAWH/candidate-check)
==3163130==    by 0x4173BB8: <std::sys::sync::once::futex::Once>::call (in /tmp/calcium-complex-product.0bkAWH/candidate-check)
==3163130==    by 0x410598F: <std::sync::once_lock::OnceLock<hyperreal::rational::arithmetic::Rational>>::initialize::<<std::sync::once_lock::OnceLock<hyperreal::rational::arithmetic::Rational>>::get_or_init<<hyperreal::rational::arithmetic::Rational>::small_reduced_dyadic::{closure#0}>::{closure#0}, !> (in /tmp/calcium-complex-product.0bkAWH/candidate-check)
==3163130==    by 0x408B7EA: <hyperreal::rational::arithmetic::Rational>::small_reduced_dyadic (in /tmp/calcium-complex-product.0bkAWH/candidate-check)
==3163130==    by 0x4095336: <hyperreal::rational::arithmetic::Rational>::from_reduced_word_parts (in /tmp/calcium-complex-product.0bkAWH/candidate-check)
==3163130==    by 0x4098D8B: <hyperreal::rational::arithmetic::Rational>::complex_product_components_impl (in /tmp/calcium-complex-product.0bkAWH/candidate-check)
==3163130==    by 0x40664B7: complex_product_candidate_check::corpus::calculate (in /tmp/calcium-complex-product.0bkAWH/candidate-check)
==3163130==    by 0x4067C73: complex_product_candidate_check::main (in /tmp/calcium-complex-product.0bkAWH/candidate-check)
==3163130==    by 0x406A772: std::sys::backtrace::__rust_begin_short_backtrace::<fn(), ()> (in /tmp/calcium-complex-product.0bkAWH/candidate-check)
==3163130==    by 0x406A808: std::rt::lang_start::<()>::{closure#0} (in /tmp/calcium-complex-product.0bkAWH/candidate-check)
==3163130==    by 0x4181336: std::rt::lang_start_internal (in /tmp/calcium-complex-product.0bkAWH/candidate-check)
==3163130== 
==3163130== 208 bytes in 2 blocks are still reachable in loss record 23 of 37
==3163130==    at 0x4A13AE6: malloc (vg_replace_malloc.c:447)
==3163130==    by 0x409DC66: alloc::boxed::box_new_uninit (in /tmp/calcium-complex-product.0bkAWH/candidate-check)
==3163130==    by 0x408226B: <hyperreal::rational::arithmetic::Rational>::mul_wide_with_dyadic_denominator (in /tmp/calcium-complex-product.0bkAWH/candidate-check)
==3163130==    by 0x40712A7: <&hyperreal::rational::arithmetic::Rational as core::ops::arith::Mul>::mul (in /tmp/calcium-complex-product.0bkAWH/candidate-check)
==3163130==    by 0x4075184: <&hyperreal::real::arithmetic::Real as core::ops::arith::Mul>::mul (in /tmp/calcium-complex-product.0bkAWH/candidate-check)
==3163130==    by 0x406C1E5: hyperlattice::complex::complex_multiply_components (in /tmp/calcium-complex-product.0bkAWH/candidate-check)
==3163130==    by 0x406CECF: <&hyperlattice::complex::Complex as core::ops::arith::Mul>::mul (in /tmp/calcium-complex-product.0bkAWH/candidate-check)
==3163130==    by 0x40663D1: complex_product_candidate_check::corpus::calculate (in /tmp/calcium-complex-product.0bkAWH/candidate-check)
==3163130==    by 0x4067C73: complex_product_candidate_check::main (in /tmp/calcium-complex-product.0bkAWH/candidate-check)
==3163130==    by 0x406A772: std::sys::backtrace::__rust_begin_short_backtrace::<fn(), ()> (in /tmp/calcium-complex-product.0bkAWH/candidate-check)
==3163130==    by 0x406A808: std::rt::lang_start::<()>::{closure#0} (in /tmp/calcium-complex-product.0bkAWH/candidate-check)
==3163130==    by 0x4181336: std::rt::lang_start_internal (in /tmp/calcium-complex-product.0bkAWH/candidate-check)
==3163130== 
==3163130== 208 bytes in 2 blocks are still reachable in loss record 24 of 37
==3163130==    at 0x4A13AE6: malloc (vg_replace_malloc.c:447)
==3163130==    by 0x410652A: <std::sync::once::Once>::call_once_force::<<std::sync::once_lock::OnceLock<hyperreal::rational::arithmetic::Rational>>::initialize<<std::sync::once_lock::OnceLock<hyperreal::rational::arithmetic::Rational>>::get_or_init<<hyperreal::rational::arithmetic::Rational>::small_reduced_dyadic::{closure#0}>::{closure#0}, !>::{closure#0}>::{closure#0} (in /tmp/calcium-complex-product.0bkAWH/candidate-check)
==3163130==    by 0x4173BB8: <std::sys::sync::once::futex::Once>::call (in /tmp/calcium-complex-product.0bkAWH/candidate-check)
==3163130==    by 0x410598F: <std::sync::once_lock::OnceLock<hyperreal::rational::arithmetic::Rational>>::initialize::<<std::sync::once_lock::OnceLock<hyperreal::rational::arithmetic::Rational>>::get_or_init<<hyperreal::rational::arithmetic::Rational>::small_reduced_dyadic::{closure#0}>::{closure#0}, !> (in /tmp/calcium-complex-product.0bkAWH/candidate-check)
==3163130==    by 0x408B7EA: <hyperreal::rational::arithmetic::Rational>::small_reduced_dyadic (in /tmp/calcium-complex-product.0bkAWH/candidate-check)
==3163130==    by 0x4095336: <hyperreal::rational::arithmetic::Rational>::from_reduced_word_parts (in /tmp/calcium-complex-product.0bkAWH/candidate-check)
==3163130==    by 0x40A256F: <&hyperreal::rational::arithmetic::Rational as core::ops::arith::Div>::div (in /tmp/calcium-complex-product.0bkAWH/candidate-check)
==3163130==    by 0x409773B: <hyperreal::rational::arithmetic::Rational>::complex_quotient_components (in /tmp/calcium-complex-product.0bkAWH/candidate-check)
==3163130==    by 0x406646C: complex_product_candidate_check::corpus::calculate (in /tmp/calcium-complex-product.0bkAWH/candidate-check)
==3163130==    by 0x4067C73: complex_product_candidate_check::main (in /tmp/calcium-complex-product.0bkAWH/candidate-check)
==3163130==    by 0x406A772: std::sys::backtrace::__rust_begin_short_backtrace::<fn(), ()> (in /tmp/calcium-complex-product.0bkAWH/candidate-check)
==3163130==    by 0x406A808: std::rt::lang_start::<()>::{closure#0} (in /tmp/calcium-complex-product.0bkAWH/candidate-check)
==3163130== 
==3163130== 208 bytes in 2 blocks are still reachable in loss record 25 of 37
==3163130==    at 0x4A13AE6: malloc (vg_replace_malloc.c:447)
==3163130==    by 0x410652A: <std::sync::once::Once>::call_once_force::<<std::sync::once_lock::OnceLock<hyperreal::rational::arithmetic::Rational>>::initialize<<std::sync::once_lock::OnceLock<hyperreal::rational::arithmetic::Rational>>::get_or_init<<hyperreal::rational::arithmetic::Rational>::small_reduced_dyadic::{closure#0}>::{closure#0}, !>::{closure#0}>::{closure#0} (in /tmp/calcium-complex-product.0bkAWH/candidate-check)
==3163130==    by 0x4173BB8: <std::sys::sync::once::futex::Once>::call (in /tmp/calcium-complex-product.0bkAWH/candidate-check)
==3163130==    by 0x410598F: <std::sync::once_lock::OnceLock<hyperreal::rational::arithmetic::Rational>>::initialize::<<std::sync::once_lock::OnceLock<hyperreal::rational::arithmetic::Rational>>::get_or_init<<hyperreal::rational::arithmetic::Rational>::small_reduced_dyadic::{closure#0}>::{closure#0}, !> (in /tmp/calcium-complex-product.0bkAWH/candidate-check)
==3163130==    by 0x408B7EA: <hyperreal::rational::arithmetic::Rational>::small_reduced_dyadic (in /tmp/calcium-complex-product.0bkAWH/candidate-check)
==3163130==    by 0x4095336: <hyperreal::rational::arithmetic::Rational>::from_reduced_word_parts (in /tmp/calcium-complex-product.0bkAWH/candidate-check)
==3163130==    by 0x4081346: <hyperreal::rational::arithmetic::Rational>::add_sub_wide_dyadic (in /tmp/calcium-complex-product.0bkAWH/candidate-check)
==3163130==    by 0x40830F7: <hyperreal::rational::arithmetic::Rational>::add_ref (in /tmp/calcium-complex-product.0bkAWH/candidate-check)
==3163130==    by 0x40738C4: <&hyperreal::real::arithmetic::Real as core::ops::arith::Add>::add (in /tmp/calcium-complex-product.0bkAWH/candidate-check)
==3163130==    by 0x406C1D0: hyperlattice::complex::complex_multiply_components (in /tmp/calcium-complex-product.0bkAWH/candidate-check)
==3163130==    by 0x406CECF: <&hyperlattice::complex::Complex as core::ops::arith::Mul>::mul (in /tmp/calcium-complex-product.0bkAWH/candidate-check)
==3163130==    by 0x40663D1: complex_product_candidate_check::corpus::calculate (in /tmp/calcium-complex-product.0bkAWH/candidate-check)
==3163130== 
==3163130== 416 bytes in 4 blocks are still reachable in loss record 26 of 37
==3163130==    at 0x4A13AE6: malloc (vg_replace_malloc.c:447)
==3163130==    by 0x408C26F: <hyperreal::rational::arithmetic::Rational>::from_fraction_parts_reduced (in /tmp/calcium-complex-product.0bkAWH/candidate-check)
==3163130==    by 0x408B081: <hyperreal::rational::arithmetic::Rational>::from_bigint_fraction (in /tmp/calcium-complex-product.0bkAWH/candidate-check)
==3163130==    by 0x4062FF8: <complex_product_candidate_check::corpus::Fixture>::inputs (in /tmp/calcium-complex-product.0bkAWH/candidate-check)
==3163130==    by 0x4067ADE: complex_product_candidate_check::main (in /tmp/calcium-complex-product.0bkAWH/candidate-check)
==3163130==    by 0x406A772: std::sys::backtrace::__rust_begin_short_backtrace::<fn(), ()> (in /tmp/calcium-complex-product.0bkAWH/candidate-check)
==3163130==    by 0x406A808: std::rt::lang_start::<()>::{closure#0} (in /tmp/calcium-complex-product.0bkAWH/candidate-check)
==3163130==    by 0x4181336: std::rt::lang_start_internal (in /tmp/calcium-complex-product.0bkAWH/candidate-check)
==3163130==    by 0x406A054: main (in /tmp/calcium-complex-product.0bkAWH/candidate-check)
==3163130== 
==3163130== 416 bytes in 4 blocks are still reachable in loss record 27 of 37
==3163130==    at 0x4A13AE6: malloc (vg_replace_malloc.c:447)
==3163130==    by 0x4095682: <hyperreal::rational::arithmetic::Rational>::from_reduced_word_parts (in /tmp/calcium-complex-product.0bkAWH/candidate-check)
==3163130==    by 0x40830E1: <hyperreal::rational::arithmetic::Rational>::add_ref (in /tmp/calcium-complex-product.0bkAWH/candidate-check)
==3163130==    by 0x40738C4: <&hyperreal::real::arithmetic::Real as core::ops::arith::Add>::add (in /tmp/calcium-complex-product.0bkAWH/candidate-check)
==3163130==    by 0x406C1D0: hyperlattice::complex::complex_multiply_components (in /tmp/calcium-complex-product.0bkAWH/candidate-check)
==3163130==    by 0x406CECF: <&hyperlattice::complex::Complex as core::ops::arith::Mul>::mul (in /tmp/calcium-complex-product.0bkAWH/candidate-check)
==3163130==    by 0x40663D1: complex_product_candidate_check::corpus::calculate (in /tmp/calcium-complex-product.0bkAWH/candidate-check)
==3163130==    by 0x4067C73: complex_product_candidate_check::main (in /tmp/calcium-complex-product.0bkAWH/candidate-check)
==3163130==    by 0x406A772: std::sys::backtrace::__rust_begin_short_backtrace::<fn(), ()> (in /tmp/calcium-complex-product.0bkAWH/candidate-check)
==3163130==    by 0x406A808: std::rt::lang_start::<()>::{closure#0} (in /tmp/calcium-complex-product.0bkAWH/candidate-check)
==3163130==    by 0x4181336: std::rt::lang_start_internal (in /tmp/calcium-complex-product.0bkAWH/candidate-check)
==3163130==    by 0x406A054: main (in /tmp/calcium-complex-product.0bkAWH/candidate-check)
==3163130== 
==3163130== 416 bytes in 4 blocks are still reachable in loss record 28 of 37
==3163130==    at 0x4A13AE6: malloc (vg_replace_malloc.c:447)
==3163130==    by 0x410652A: <std::sync::once::Once>::call_once_force::<<std::sync::once_lock::OnceLock<hyperreal::rational::arithmetic::Rational>>::initialize<<std::sync::once_lock::OnceLock<hyperreal::rational::arithmetic::Rational>>::get_or_init<<hyperreal::rational::arithmetic::Rational>::small_reduced_dyadic::{closure#0}>::{closure#0}, !>::{closure#0}>::{closure#0} (in /tmp/calcium-complex-product.0bkAWH/candidate-check)
==3163130==    by 0x4173BB8: <std::sys::sync::once::futex::Once>::call (in /tmp/calcium-complex-product.0bkAWH/candidate-check)
==3163130==    by 0x410598F: <std::sync::once_lock::OnceLock<hyperreal::rational::arithmetic::Rational>>::initialize::<<std::sync::once_lock::OnceLock<hyperreal::rational::arithmetic::Rational>>::get_or_init<<hyperreal::rational::arithmetic::Rational>::small_reduced_dyadic::{closure#0}>::{closure#0}, !> (in /tmp/calcium-complex-product.0bkAWH/candidate-check)
==3163130==    by 0x408B7EA: <hyperreal::rational::arithmetic::Rational>::small_reduced_dyadic (in /tmp/calcium-complex-product.0bkAWH/candidate-check)
==3163130==    by 0x4095336: <hyperreal::rational::arithmetic::Rational>::from_reduced_word_parts (in /tmp/calcium-complex-product.0bkAWH/candidate-check)
==3163130==    by 0x40830E1: <hyperreal::rational::arithmetic::Rational>::add_ref (in /tmp/calcium-complex-product.0bkAWH/candidate-check)
==3163130==    by 0x40738C4: <&hyperreal::real::arithmetic::Real as core::ops::arith::Add>::add (in /tmp/calcium-complex-product.0bkAWH/candidate-check)
==3163130==    by 0x406C1C2: hyperlattice::complex::complex_multiply_components (in /tmp/calcium-complex-product.0bkAWH/candidate-check)
==3163130==    by 0x406CECF: <&hyperlattice::complex::Complex as core::ops::arith::Mul>::mul (in /tmp/calcium-complex-product.0bkAWH/candidate-check)
==3163130==    by 0x40663D1: complex_product_candidate_check::corpus::calculate (in /tmp/calcium-complex-product.0bkAWH/candidate-check)
==3163130==    by 0x4067C73: complex_product_candidate_check::main (in /tmp/calcium-complex-product.0bkAWH/candidate-check)
==3163130== 
==3163130== 544 bytes in 1 blocks are still reachable in loss record 29 of 37
==3163130==    at 0x4A13AE6: malloc (vg_replace_malloc.c:447)
==3163130==    by 0x41841A9: std::sys::pal::unix::stack_overflow::thread_info::set_current_info (in /tmp/calcium-complex-product.0bkAWH/candidate-check)
==3163130==    by 0x418126F: std::rt::lang_start_internal (in /tmp/calcium-complex-product.0bkAWH/candidate-check)
==3163130==    by 0x406A054: main (in /tmp/calcium-complex-product.0bkAWH/candidate-check)
==3163130== 
==3163130== 624 bytes in 6 blocks are still reachable in loss record 30 of 37
==3163130==    at 0x4A13AE6: malloc (vg_replace_malloc.c:447)
==3163130==    by 0x4095682: <hyperreal::rational::arithmetic::Rational>::from_reduced_word_parts (in /tmp/calcium-complex-product.0bkAWH/candidate-check)
==3163130==    by 0x407F938: <hyperreal::rational::arithmetic::Rational>::add_sub_words (in /tmp/calcium-complex-product.0bkAWH/candidate-check)
==3163130==    by 0x408491F: <hyperreal::rational::arithmetic::Rational>::subtract_ref (in /tmp/calcium-complex-product.0bkAWH/candidate-check)
==3163130==    by 0x4073D47: <&hyperreal::real::arithmetic::Real as core::ops::arith::Sub>::sub (in /tmp/calcium-complex-product.0bkAWH/candidate-check)
==3163130==    by 0x406C273: hyperlattice::complex::complex_multiply_components (in /tmp/calcium-complex-product.0bkAWH/candidate-check)
==3163130==    by 0x406CECF: <&hyperlattice::complex::Complex as core::ops::arith::Mul>::mul (in /tmp/calcium-complex-product.0bkAWH/candidate-check)
==3163130==    by 0x40663D1: complex_product_candidate_check::corpus::calculate (in /tmp/calcium-complex-product.0bkAWH/candidate-check)
==3163130==    by 0x4067C73: complex_product_candidate_check::main (in /tmp/calcium-complex-product.0bkAWH/candidate-check)
==3163130==    by 0x406A772: std::sys::backtrace::__rust_begin_short_backtrace::<fn(), ()> (in /tmp/calcium-complex-product.0bkAWH/candidate-check)
==3163130==    by 0x406A808: std::rt::lang_start::<()>::{closure#0} (in /tmp/calcium-complex-product.0bkAWH/candidate-check)
==3163130==    by 0x4181336: std::rt::lang_start_internal (in /tmp/calcium-complex-product.0bkAWH/candidate-check)
==3163130== 
==3163130== 624 bytes in 6 blocks are still reachable in loss record 31 of 37
==3163130==    at 0x4A13AE6: malloc (vg_replace_malloc.c:447)
==3163130==    by 0x410652A: <std::sync::once::Once>::call_once_force::<<std::sync::once_lock::OnceLock<hyperreal::rational::arithmetic::Rational>>::initialize<<std::sync::once_lock::OnceLock<hyperreal::rational::arithmetic::Rational>>::get_or_init<<hyperreal::rational::arithmetic::Rational>::small_reduced_dyadic::{closure#0}>::{closure#0}, !>::{closure#0}>::{closure#0} (in /tmp/calcium-complex-product.0bkAWH/candidate-check)
==3163130==    by 0x4173BB8: <std::sys::sync::once::futex::Once>::call (in /tmp/calcium-complex-product.0bkAWH/candidate-check)
==3163130==    by 0x410598F: <std::sync::once_lock::OnceLock<hyperreal::rational::arithmetic::Rational>>::initialize::<<std::sync::once_lock::OnceLock<hyperreal::rational::arithmetic::Rational>>::get_or_init<<hyperreal::rational::arithmetic::Rational>::small_reduced_dyadic::{closure#0}>::{closure#0}, !> (in /tmp/calcium-complex-product.0bkAWH/candidate-check)
==3163130==    by 0x408B7EA: <hyperreal::rational::arithmetic::Rational>::small_reduced_dyadic (in /tmp/calcium-complex-product.0bkAWH/candidate-check)
==3163130==    by 0x4095336: <hyperreal::rational::arithmetic::Rational>::from_reduced_word_parts (in /tmp/calcium-complex-product.0bkAWH/candidate-check)
==3163130==    by 0x40830E1: <hyperreal::rational::arithmetic::Rational>::add_ref (in /tmp/calcium-complex-product.0bkAWH/candidate-check)
==3163130==    by 0x40738C4: <&hyperreal::real::arithmetic::Real as core::ops::arith::Add>::add (in /tmp/calcium-complex-product.0bkAWH/candidate-check)
==3163130==    by 0x406C1D0: hyperlattice::complex::complex_multiply_components (in /tmp/calcium-complex-product.0bkAWH/candidate-check)
==3163130==    by 0x406CECF: <&hyperlattice::complex::Complex as core::ops::arith::Mul>::mul (in /tmp/calcium-complex-product.0bkAWH/candidate-check)
==3163130==    by 0x40663D1: complex_product_candidate_check::corpus::calculate (in /tmp/calcium-complex-product.0bkAWH/candidate-check)
==3163130==    by 0x4067C73: complex_product_candidate_check::main (in /tmp/calcium-complex-product.0bkAWH/candidate-check)
==3163130== 
==3163130== 704 bytes in 4 blocks are still reachable in loss record 32 of 37
==3163130==    at 0x4A13AE6: malloc (vg_replace_malloc.c:447)
==3163130==    by 0x4080702: <hyperreal::rational::arithmetic::Rational>::retain_linear (in /tmp/calcium-complex-product.0bkAWH/candidate-check)
==3163130==    by 0x408512D: <hyperreal::rational::arithmetic::Rational>::subtract_ref (in /tmp/calcium-complex-product.0bkAWH/candidate-check)
==3163130==    by 0x4073D47: <&hyperreal::real::arithmetic::Real as core::ops::arith::Sub>::sub (in /tmp/calcium-complex-product.0bkAWH/candidate-check)
==3163130==    by 0x406C2C0: hyperlattice::complex::complex_multiply_components (in /tmp/calcium-complex-product.0bkAWH/candidate-check)
==3163130==    by 0x406CECF: <&hyperlattice::complex::Complex as core::ops::arith::Mul>::mul (in /tmp/calcium-complex-product.0bkAWH/candidate-check)
==3163130==    by 0x40663D1: complex_product_candidate_check::corpus::calculate (in /tmp/calcium-complex-product.0bkAWH/candidate-check)
==3163130==    by 0x4067C73: complex_product_candidate_check::main (in /tmp/calcium-complex-product.0bkAWH/candidate-check)
==3163130==    by 0x406A772: std::sys::backtrace::__rust_begin_short_backtrace::<fn(), ()> (in /tmp/calcium-complex-product.0bkAWH/candidate-check)
==3163130==    by 0x406A808: std::rt::lang_start::<()>::{closure#0} (in /tmp/calcium-complex-product.0bkAWH/candidate-check)
==3163130==    by 0x4181336: std::rt::lang_start_internal (in /tmp/calcium-complex-product.0bkAWH/candidate-check)
==3163130==    by 0x406A054: main (in /tmp/calcium-complex-product.0bkAWH/candidate-check)
==3163130== 
==3163130== 704 bytes in 4 blocks are still reachable in loss record 33 of 37
==3163130==    at 0x4A13AE6: malloc (vg_replace_malloc.c:447)
==3163130==    by 0x4080702: <hyperreal::rational::arithmetic::Rational>::retain_linear (in /tmp/calcium-complex-product.0bkAWH/candidate-check)
==3163130==    by 0x40816CE: <hyperreal::rational::arithmetic::Rational>::retain_product_pair (in /tmp/calcium-complex-product.0bkAWH/candidate-check)
==3163130==    by 0x407125C: <&hyperreal::rational::arithmetic::Rational as core::ops::arith::Mul>::mul (in /tmp/calcium-complex-product.0bkAWH/candidate-check)
==3163130==    by 0x4075184: <&hyperreal::real::arithmetic::Real as core::ops::arith::Mul>::mul (in /tmp/calcium-complex-product.0bkAWH/candidate-check)
==3163130==    by 0x406C1E5: hyperlattice::complex::complex_multiply_components (in /tmp/calcium-complex-product.0bkAWH/candidate-check)
==3163130==    by 0x406CECF: <&hyperlattice::complex::Complex as core::ops::arith::Mul>::mul (in /tmp/calcium-complex-product.0bkAWH/candidate-check)
==3163130==    by 0x40663D1: complex_product_candidate_check::corpus::calculate (in /tmp/calcium-complex-product.0bkAWH/candidate-check)
==3163130==    by 0x4067C73: complex_product_candidate_check::main (in /tmp/calcium-complex-product.0bkAWH/candidate-check)
==3163130==    by 0x406A772: std::sys::backtrace::__rust_begin_short_backtrace::<fn(), ()> (in /tmp/calcium-complex-product.0bkAWH/candidate-check)
==3163130==    by 0x406A808: std::rt::lang_start::<()>::{closure#0} (in /tmp/calcium-complex-product.0bkAWH/candidate-check)
==3163130==    by 0x4181336: std::rt::lang_start_internal (in /tmp/calcium-complex-product.0bkAWH/candidate-check)
==3163130== 
==3163130== 1,040 bytes in 10 blocks are still reachable in loss record 34 of 37
==3163130==    at 0x4A13AE6: malloc (vg_replace_malloc.c:447)
==3163130==    by 0x4095682: <hyperreal::rational::arithmetic::Rational>::from_reduced_word_parts (in /tmp/calcium-complex-product.0bkAWH/candidate-check)
==3163130==    by 0x408491F: <hyperreal::rational::arithmetic::Rational>::subtract_ref (in /tmp/calcium-complex-product.0bkAWH/candidate-check)
==3163130==    by 0x4073D47: <&hyperreal::real::arithmetic::Real as core::ops::arith::Sub>::sub (in /tmp/calcium-complex-product.0bkAWH/candidate-check)
==3163130==    by 0x406C273: hyperlattice::complex::complex_multiply_components (in /tmp/calcium-complex-product.0bkAWH/candidate-check)
==3163130==    by 0x406CECF: <&hyperlattice::complex::Complex as core::ops::arith::Mul>::mul (in /tmp/calcium-complex-product.0bkAWH/candidate-check)
==3163130==    by 0x40663D1: complex_product_candidate_check::corpus::calculate (in /tmp/calcium-complex-product.0bkAWH/candidate-check)
==3163130==    by 0x4067C73: complex_product_candidate_check::main (in /tmp/calcium-complex-product.0bkAWH/candidate-check)
==3163130==    by 0x406A772: std::sys::backtrace::__rust_begin_short_backtrace::<fn(), ()> (in /tmp/calcium-complex-product.0bkAWH/candidate-check)
==3163130==    by 0x406A808: std::rt::lang_start::<()>::{closure#0} (in /tmp/calcium-complex-product.0bkAWH/candidate-check)
==3163130==    by 0x4181336: std::rt::lang_start_internal (in /tmp/calcium-complex-product.0bkAWH/candidate-check)
==3163130==    by 0x406A054: main (in /tmp/calcium-complex-product.0bkAWH/candidate-check)
==3163130== 
==3163130== 1,248 bytes in 12 blocks are still reachable in loss record 35 of 37
==3163130==    at 0x4A13AE6: malloc (vg_replace_malloc.c:447)
==3163130==    by 0x4095682: <hyperreal::rational::arithmetic::Rational>::from_reduced_word_parts (in /tmp/calcium-complex-product.0bkAWH/candidate-check)
==3163130==    by 0x407123E: <&hyperreal::rational::arithmetic::Rational as core::ops::arith::Mul>::mul (in /tmp/calcium-complex-product.0bkAWH/candidate-check)
==3163130==    by 0x4075184: <&hyperreal::real::arithmetic::Real as core::ops::arith::Mul>::mul (in /tmp/calcium-complex-product.0bkAWH/candidate-check)
==3163130==    by 0x406C1E5: hyperlattice::complex::complex_multiply_components (in /tmp/calcium-complex-product.0bkAWH/candidate-check)
==3163130==    by 0x406CECF: <&hyperlattice::complex::Complex as core::ops::arith::Mul>::mul (in /tmp/calcium-complex-product.0bkAWH/candidate-check)
==3163130==    by 0x40663D1: complex_product_candidate_check::corpus::calculate (in /tmp/calcium-complex-product.0bkAWH/candidate-check)
==3163130==    by 0x4067C73: complex_product_candidate_check::main (in /tmp/calcium-complex-product.0bkAWH/candidate-check)
==3163130==    by 0x406A772: std::sys::backtrace::__rust_begin_short_backtrace::<fn(), ()> (in /tmp/calcium-complex-product.0bkAWH/candidate-check)
==3163130==    by 0x406A808: std::rt::lang_start::<()>::{closure#0} (in /tmp/calcium-complex-product.0bkAWH/candidate-check)
==3163130==    by 0x4181336: std::rt::lang_start_internal (in /tmp/calcium-complex-product.0bkAWH/candidate-check)
==3163130==    by 0x406A054: main (in /tmp/calcium-complex-product.0bkAWH/candidate-check)
==3163130== 
==3163130== 1,408 bytes in 8 blocks are still reachable in loss record 36 of 37
==3163130==    at 0x4A13AE6: malloc (vg_replace_malloc.c:447)
==3163130==    by 0x4080702: <hyperreal::rational::arithmetic::Rational>::retain_linear (in /tmp/calcium-complex-product.0bkAWH/candidate-check)
==3163130==    by 0x4081939: <hyperreal::rational::arithmetic::Rational>::retain_difference_pair (in /tmp/calcium-complex-product.0bkAWH/candidate-check)
==3163130==    by 0x408512D: <hyperreal::rational::arithmetic::Rational>::subtract_ref (in /tmp/calcium-complex-product.0bkAWH/candidate-check)
==3163130==    by 0x4073D47: <&hyperreal::real::arithmetic::Real as core::ops::arith::Sub>::sub (in /tmp/calcium-complex-product.0bkAWH/candidate-check)
==3163130==    by 0x406C273: hyperlattice::complex::complex_multiply_components (in /tmp/calcium-complex-product.0bkAWH/candidate-check)
==3163130==    by 0x406CECF: <&hyperlattice::complex::Complex as core::ops::arith::Mul>::mul (in /tmp/calcium-complex-product.0bkAWH/candidate-check)
==3163130==    by 0x40663D1: complex_product_candidate_check::corpus::calculate (in /tmp/calcium-complex-product.0bkAWH/candidate-check)
==3163130==    by 0x4067C73: complex_product_candidate_check::main (in /tmp/calcium-complex-product.0bkAWH/candidate-check)
==3163130==    by 0x406A772: std::sys::backtrace::__rust_begin_short_backtrace::<fn(), ()> (in /tmp/calcium-complex-product.0bkAWH/candidate-check)
==3163130==    by 0x406A808: std::rt::lang_start::<()>::{closure#0} (in /tmp/calcium-complex-product.0bkAWH/candidate-check)
==3163130==    by 0x4181336: std::rt::lang_start_internal (in /tmp/calcium-complex-product.0bkAWH/candidate-check)
==3163130== 
==3163130== 1,664 bytes in 16 blocks are still reachable in loss record 37 of 37
==3163130==    at 0x4A13AE6: malloc (vg_replace_malloc.c:447)
==3163130==    by 0x4095682: <hyperreal::rational::arithmetic::Rational>::from_reduced_word_parts (in /tmp/calcium-complex-product.0bkAWH/candidate-check)
==3163130==    by 0x407123E: <&hyperreal::rational::arithmetic::Rational as core::ops::arith::Mul>::mul (in /tmp/calcium-complex-product.0bkAWH/candidate-check)
==3163130==    by 0x4075184: <&hyperreal::real::arithmetic::Real as core::ops::arith::Mul>::mul (in /tmp/calcium-complex-product.0bkAWH/candidate-check)
==3163130==    by 0x406C19F: hyperlattice::complex::complex_multiply_components (in /tmp/calcium-complex-product.0bkAWH/candidate-check)
==3163130==    by 0x406CECF: <&hyperlattice::complex::Complex as core::ops::arith::Mul>::mul (in /tmp/calcium-complex-product.0bkAWH/candidate-check)
==3163130==    by 0x40663D1: complex_product_candidate_check::corpus::calculate (in /tmp/calcium-complex-product.0bkAWH/candidate-check)
==3163130==    by 0x4067C73: complex_product_candidate_check::main (in /tmp/calcium-complex-product.0bkAWH/candidate-check)
==3163130==    by 0x406A772: std::sys::backtrace::__rust_begin_short_backtrace::<fn(), ()> (in /tmp/calcium-complex-product.0bkAWH/candidate-check)
==3163130==    by 0x406A808: std::rt::lang_start::<()>::{closure#0} (in /tmp/calcium-complex-product.0bkAWH/candidate-check)
==3163130==    by 0x4181336: std::rt::lang_start_internal (in /tmp/calcium-complex-product.0bkAWH/candidate-check)
==3163130==    by 0x406A054: main (in /tmp/calcium-complex-product.0bkAWH/candidate-check)
==3163130== 
==3163130== LEAK SUMMARY:
==3163130==    definitely lost: 0 bytes in 0 blocks
==3163130==    indirectly lost: 0 bytes in 0 blocks
==3163130==      possibly lost: 0 bytes in 0 blocks
==3163130==    still reachable: 13,832 bytes in 136 blocks
==3163130==         suppressed: 0 bytes in 0 blocks
==3163130== 
==3163130== For lists of detected and suppressed errors, rerun with: -s
==3163130== ERROR SUMMARY: 0 errors from 0 contexts (suppressed: 0 from 0)
