==3183235== Memcheck, a memory error detector
==3183235== Copyright (C) 2002-2026, and GNU GPL'd, by Julian Seward et al.
==3183235== Using Valgrind-3.27.1 and LibVEX; rerun with -h for copyright info
==3183235== Command: /tmp/calcium-complex-product-v2.jy5gpf/candidate-check
==3183235== 
==3183235== 
==3183235== HEAP SUMMARY:
==3183235==     in use at exit: 13,832 bytes in 136 blocks
==3183235==   total heap usage: 12,364,643 allocs, 12,364,507 frees, 1,871,964,076 bytes allocated
==3183235== 
==3183235== 32 bytes in 2 blocks are still reachable in loss record 1 of 37
==3183235==    at 0x4A13AE6: malloc (vg_replace_malloc.c:447)
==3183235==    by 0x409555C: <hyperreal::rational::arithmetic::Rational>::from_reduced_word_parts (in /tmp/calcium-complex-product-v2.jy5gpf/candidate-check)
==3183235==    by 0x407133E: <&hyperreal::rational::arithmetic::Rational as core::ops::arith::Mul>::mul (in /tmp/calcium-complex-product-v2.jy5gpf/candidate-check)
==3183235==    by 0x4075284: <&hyperreal::real::arithmetic::Real as core::ops::arith::Mul>::mul (in /tmp/calcium-complex-product-v2.jy5gpf/candidate-check)
==3183235==    by 0x406C2E5: hyperlattice::complex::complex_multiply_components (in /tmp/calcium-complex-product-v2.jy5gpf/candidate-check)
==3183235==    by 0x406CFCF: <&hyperlattice::complex::Complex as core::ops::arith::Mul>::mul (in /tmp/calcium-complex-product-v2.jy5gpf/candidate-check)
==3183235==    by 0x40664D1: complex_product_v2_candidate_check::corpus::calculate (in /tmp/calcium-complex-product-v2.jy5gpf/candidate-check)
==3183235==    by 0x4067D73: complex_product_v2_candidate_check::main (in /tmp/calcium-complex-product-v2.jy5gpf/candidate-check)
==3183235==    by 0x406A872: std::sys::backtrace::__rust_begin_short_backtrace::<fn(), ()> (in /tmp/calcium-complex-product-v2.jy5gpf/candidate-check)
==3183235==    by 0x406A908: std::rt::lang_start::<()>::{closure#0} (in /tmp/calcium-complex-product-v2.jy5gpf/candidate-check)
==3183235==    by 0x41812F6: std::rt::lang_start_internal (in /tmp/calcium-complex-product-v2.jy5gpf/candidate-check)
==3183235==    by 0x406A154: main (in /tmp/calcium-complex-product-v2.jy5gpf/candidate-check)
==3183235== 
==3183235== 48 bytes in 2 blocks are still reachable in loss record 2 of 37
==3183235==    at 0x4A13AE6: malloc (vg_replace_malloc.c:447)
==3183235==    by 0x41193ED: num_bigint::biguint::shift::biguint_shl2 (in /tmp/calcium-complex-product-v2.jy5gpf/candidate-check)
==3183235==    by 0x4079800: num_bigint::biguint::shift::biguint_shl::<usize> (in /tmp/calcium-complex-product-v2.jy5gpf/candidate-check)
==3183235==    by 0x4081C76: <hyperreal::rational::arithmetic::Rational>::mul_wide_with_dyadic_denominator (in /tmp/calcium-complex-product-v2.jy5gpf/candidate-check)
==3183235==    by 0x40713A7: <&hyperreal::rational::arithmetic::Rational as core::ops::arith::Mul>::mul (in /tmp/calcium-complex-product-v2.jy5gpf/candidate-check)
==3183235==    by 0x4075284: <&hyperreal::real::arithmetic::Real as core::ops::arith::Mul>::mul (in /tmp/calcium-complex-product-v2.jy5gpf/candidate-check)
==3183235==    by 0x406C2E5: hyperlattice::complex::complex_multiply_components (in /tmp/calcium-complex-product-v2.jy5gpf/candidate-check)
==3183235==    by 0x406CFCF: <&hyperlattice::complex::Complex as core::ops::arith::Mul>::mul (in /tmp/calcium-complex-product-v2.jy5gpf/candidate-check)
==3183235==    by 0x40664D1: complex_product_v2_candidate_check::corpus::calculate (in /tmp/calcium-complex-product-v2.jy5gpf/candidate-check)
==3183235==    by 0x4067D73: complex_product_v2_candidate_check::main (in /tmp/calcium-complex-product-v2.jy5gpf/candidate-check)
==3183235==    by 0x406A872: std::sys::backtrace::__rust_begin_short_backtrace::<fn(), ()> (in /tmp/calcium-complex-product-v2.jy5gpf/candidate-check)
==3183235==    by 0x406A908: std::rt::lang_start::<()>::{closure#0} (in /tmp/calcium-complex-product-v2.jy5gpf/candidate-check)
==3183235== 
==3183235== 48 bytes in 2 blocks are still reachable in loss record 3 of 37
==3183235==    at 0x4A13AE6: malloc (vg_replace_malloc.c:447)
==3183235==    by 0x40A3D28: <&num_bigint::biguint::BigUint as core::ops::arith::Mul>::mul (in /tmp/calcium-complex-product-v2.jy5gpf/candidate-check)
==3183235==    by 0x408621B: <hyperreal::rational::arithmetic::Rational>::multiply_magnitudes (in /tmp/calcium-complex-product-v2.jy5gpf/candidate-check)
==3183235==    by 0x4081C5C: <hyperreal::rational::arithmetic::Rational>::mul_wide_with_dyadic_denominator (in /tmp/calcium-complex-product-v2.jy5gpf/candidate-check)
==3183235==    by 0x40713A7: <&hyperreal::rational::arithmetic::Rational as core::ops::arith::Mul>::mul (in /tmp/calcium-complex-product-v2.jy5gpf/candidate-check)
==3183235==    by 0x4075284: <&hyperreal::real::arithmetic::Real as core::ops::arith::Mul>::mul (in /tmp/calcium-complex-product-v2.jy5gpf/candidate-check)
==3183235==    by 0x406C2E5: hyperlattice::complex::complex_multiply_components (in /tmp/calcium-complex-product-v2.jy5gpf/candidate-check)
==3183235==    by 0x406CFCF: <&hyperlattice::complex::Complex as core::ops::arith::Mul>::mul (in /tmp/calcium-complex-product-v2.jy5gpf/candidate-check)
==3183235==    by 0x40664D1: complex_product_v2_candidate_check::corpus::calculate (in /tmp/calcium-complex-product-v2.jy5gpf/candidate-check)
==3183235==    by 0x4067D73: complex_product_v2_candidate_check::main (in /tmp/calcium-complex-product-v2.jy5gpf/candidate-check)
==3183235==    by 0x406A872: std::sys::backtrace::__rust_begin_short_backtrace::<fn(), ()> (in /tmp/calcium-complex-product-v2.jy5gpf/candidate-check)
==3183235==    by 0x406A908: std::rt::lang_start::<()>::{closure#0} (in /tmp/calcium-complex-product-v2.jy5gpf/candidate-check)
==3183235== 
==3183235== 64 bytes in 4 blocks are still reachable in loss record 4 of 37
==3183235==    at 0x4A13AE6: malloc (vg_replace_malloc.c:447)
==3183235==    by 0x409555C: <hyperreal::rational::arithmetic::Rational>::from_reduced_word_parts (in /tmp/calcium-complex-product-v2.jy5gpf/candidate-check)
==3183235==    by 0x4084A1F: <hyperreal::rational::arithmetic::Rational>::subtract_ref (in /tmp/calcium-complex-product-v2.jy5gpf/candidate-check)
==3183235==    by 0x4073E47: <&hyperreal::real::arithmetic::Real as core::ops::arith::Sub>::sub (in /tmp/calcium-complex-product-v2.jy5gpf/candidate-check)
==3183235==    by 0x406C373: hyperlattice::complex::complex_multiply_components (in /tmp/calcium-complex-product-v2.jy5gpf/candidate-check)
==3183235==    by 0x406CFCF: <&hyperlattice::complex::Complex as core::ops::arith::Mul>::mul (in /tmp/calcium-complex-product-v2.jy5gpf/candidate-check)
==3183235==    by 0x40664D1: complex_product_v2_candidate_check::corpus::calculate (in /tmp/calcium-complex-product-v2.jy5gpf/candidate-check)
==3183235==    by 0x4067D73: complex_product_v2_candidate_check::main (in /tmp/calcium-complex-product-v2.jy5gpf/candidate-check)
==3183235==    by 0x406A872: std::sys::backtrace::__rust_begin_short_backtrace::<fn(), ()> (in /tmp/calcium-complex-product-v2.jy5gpf/candidate-check)
==3183235==    by 0x406A908: std::rt::lang_start::<()>::{closure#0} (in /tmp/calcium-complex-product-v2.jy5gpf/candidate-check)
==3183235==    by 0x41812F6: std::rt::lang_start_internal (in /tmp/calcium-complex-product-v2.jy5gpf/candidate-check)
==3183235==    by 0x406A154: main (in /tmp/calcium-complex-product-v2.jy5gpf/candidate-check)
==3183235== 
==3183235== 64 bytes in 4 blocks are still reachable in loss record 5 of 37
==3183235==    at 0x4A13AE6: malloc (vg_replace_malloc.c:447)
==3183235==    by 0x40956CC: <hyperreal::rational::arithmetic::Rational>::from_reduced_word_parts (in /tmp/calcium-complex-product-v2.jy5gpf/candidate-check)
==3183235==    by 0x4084A1F: <hyperreal::rational::arithmetic::Rational>::subtract_ref (in /tmp/calcium-complex-product-v2.jy5gpf/candidate-check)
==3183235==    by 0x4073E47: <&hyperreal::real::arithmetic::Real as core::ops::arith::Sub>::sub (in /tmp/calcium-complex-product-v2.jy5gpf/candidate-check)
==3183235==    by 0x406C373: hyperlattice::complex::complex_multiply_components (in /tmp/calcium-complex-product-v2.jy5gpf/candidate-check)
==3183235==    by 0x406CFCF: <&hyperlattice::complex::Complex as core::ops::arith::Mul>::mul (in /tmp/calcium-complex-product-v2.jy5gpf/candidate-check)
==3183235==    by 0x40664D1: complex_product_v2_candidate_check::corpus::calculate (in /tmp/calcium-complex-product-v2.jy5gpf/candidate-check)
==3183235==    by 0x4067D73: complex_product_v2_candidate_check::main (in /tmp/calcium-complex-product-v2.jy5gpf/candidate-check)
==3183235==    by 0x406A872: std::sys::backtrace::__rust_begin_short_backtrace::<fn(), ()> (in /tmp/calcium-complex-product-v2.jy5gpf/candidate-check)
==3183235==    by 0x406A908: std::rt::lang_start::<()>::{closure#0} (in /tmp/calcium-complex-product-v2.jy5gpf/candidate-check)
==3183235==    by 0x41812F6: std::rt::lang_start_internal (in /tmp/calcium-complex-product-v2.jy5gpf/candidate-check)
==3183235==    by 0x406A154: main (in /tmp/calcium-complex-product-v2.jy5gpf/candidate-check)
==3183235== 
==3183235== 104 bytes in 1 blocks are still reachable in loss record 6 of 37
==3183235==    at 0x4A13AE6: malloc (vg_replace_malloc.c:447)
==3183235==    by 0x40A5A49: <hyperreal::rational::arithmetic::RATIONAL_ZERO::{closure#0} as core::ops::function::FnOnce<()>>::call_once (in /tmp/calcium-complex-product-v2.jy5gpf/candidate-check)
==3183235==    by 0x4079ADA: <std::sync::once::Once>::call_once_force::<<std::sync::lazy_lock::LazyLock<hyperreal::rational::arithmetic::Rational>>::force::{closure#0}>::{closure#0} (in /tmp/calcium-complex-product-v2.jy5gpf/candidate-check)
==3183235==    by 0x4173B78: <std::sys::sync::once::futex::Once>::call (in /tmp/calcium-complex-product-v2.jy5gpf/candidate-check)
==3183235==    by 0x409938A: <hyperreal::rational::arithmetic::Rational>::from_word_magnitude_difference (in /tmp/calcium-complex-product-v2.jy5gpf/candidate-check)
==3183235==    by 0x409A11A: <hyperreal::rational::arithmetic::Rational>::complex_product_components_impl (in /tmp/calcium-complex-product-v2.jy5gpf/candidate-check)
==3183235==    by 0x40665B7: complex_product_v2_candidate_check::corpus::calculate (in /tmp/calcium-complex-product-v2.jy5gpf/candidate-check)
==3183235==    by 0x4067D73: complex_product_v2_candidate_check::main (in /tmp/calcium-complex-product-v2.jy5gpf/candidate-check)
==3183235==    by 0x406A872: std::sys::backtrace::__rust_begin_short_backtrace::<fn(), ()> (in /tmp/calcium-complex-product-v2.jy5gpf/candidate-check)
==3183235==    by 0x406A908: std::rt::lang_start::<()>::{closure#0} (in /tmp/calcium-complex-product-v2.jy5gpf/candidate-check)
==3183235==    by 0x41812F6: std::rt::lang_start_internal (in /tmp/calcium-complex-product-v2.jy5gpf/candidate-check)
==3183235==    by 0x406A154: main (in /tmp/calcium-complex-product-v2.jy5gpf/candidate-check)
==3183235== 
==3183235== 104 bytes in 1 blocks are still reachable in loss record 7 of 37
==3183235==    at 0x4A13AE6: malloc (vg_replace_malloc.c:447)
==3183235==    by 0x40A5912: <hyperreal::rational::arithmetic::RATIONAL_ONE::{closure#0} as core::ops::function::FnOnce<()>>::call_once (in /tmp/calcium-complex-product-v2.jy5gpf/candidate-check)
==3183235==    by 0x4079ADA: <std::sync::once::Once>::call_once_force::<<std::sync::lazy_lock::LazyLock<hyperreal::rational::arithmetic::Rational>>::force::{closure#0}>::{closure#0} (in /tmp/calcium-complex-product-v2.jy5gpf/candidate-check)
==3183235==    by 0x4173B78: <std::sys::sync::once::futex::Once>::call (in /tmp/calcium-complex-product-v2.jy5gpf/candidate-check)
==3183235==    by 0x40958A9: <hyperreal::rational::arithmetic::Rational>::from_reduced_word_parts (in /tmp/calcium-complex-product-v2.jy5gpf/candidate-check)
==3183235==    by 0x409A7AA: <hyperreal::rational::arithmetic::Rational>::from_scaled_dyadic_quotient_component (in /tmp/calcium-complex-product-v2.jy5gpf/candidate-check)
==3183235==    by 0x4097AE6: <hyperreal::rational::arithmetic::Rational>::complex_quotient_components (in /tmp/calcium-complex-product-v2.jy5gpf/candidate-check)
==3183235==    by 0x406656C: complex_product_v2_candidate_check::corpus::calculate (in /tmp/calcium-complex-product-v2.jy5gpf/candidate-check)
==3183235==    by 0x4067D73: complex_product_v2_candidate_check::main (in /tmp/calcium-complex-product-v2.jy5gpf/candidate-check)
==3183235==    by 0x406A872: std::sys::backtrace::__rust_begin_short_backtrace::<fn(), ()> (in /tmp/calcium-complex-product-v2.jy5gpf/candidate-check)
==3183235==    by 0x406A908: std::rt::lang_start::<()>::{closure#0} (in /tmp/calcium-complex-product-v2.jy5gpf/candidate-check)
==3183235==    by 0x41812F6: std::rt::lang_start_internal (in /tmp/calcium-complex-product-v2.jy5gpf/candidate-check)
==3183235== 
==3183235== 104 bytes in 1 blocks are still reachable in loss record 8 of 37
==3183235==    at 0x4A13AE6: malloc (vg_replace_malloc.c:447)
==3183235==    by 0x40A5B82: <hyperreal::rational::arithmetic::RATIONAL_MINUS_ONE::{closure#0} as core::ops::function::FnOnce<()>>::call_once (in /tmp/calcium-complex-product-v2.jy5gpf/candidate-check)
==3183235==    by 0x4079ADA: <std::sync::once::Once>::call_once_force::<<std::sync::lazy_lock::LazyLock<hyperreal::rational::arithmetic::Rational>>::force::{closure#0}>::{closure#0} (in /tmp/calcium-complex-product-v2.jy5gpf/candidate-check)
==3183235==    by 0x4173B78: <std::sys::sync::once::futex::Once>::call (in /tmp/calcium-complex-product-v2.jy5gpf/candidate-check)
==3183235==    by 0x4095911: <hyperreal::rational::arithmetic::Rational>::from_reduced_word_parts (in /tmp/calcium-complex-product-v2.jy5gpf/candidate-check)
==3183235==    by 0x409A7AA: <hyperreal::rational::arithmetic::Rational>::from_scaled_dyadic_quotient_component (in /tmp/calcium-complex-product-v2.jy5gpf/candidate-check)
==3183235==    by 0x4097AE6: <hyperreal::rational::arithmetic::Rational>::complex_quotient_components (in /tmp/calcium-complex-product-v2.jy5gpf/candidate-check)
==3183235==    by 0x406656C: complex_product_v2_candidate_check::corpus::calculate (in /tmp/calcium-complex-product-v2.jy5gpf/candidate-check)
==3183235==    by 0x4067D73: complex_product_v2_candidate_check::main (in /tmp/calcium-complex-product-v2.jy5gpf/candidate-check)
==3183235==    by 0x406A872: std::sys::backtrace::__rust_begin_short_backtrace::<fn(), ()> (in /tmp/calcium-complex-product-v2.jy5gpf/candidate-check)
==3183235==    by 0x406A908: std::rt::lang_start::<()>::{closure#0} (in /tmp/calcium-complex-product-v2.jy5gpf/candidate-check)
==3183235==    by 0x41812F6: std::rt::lang_start_internal (in /tmp/calcium-complex-product-v2.jy5gpf/candidate-check)
==3183235== 
==3183235== 128 bytes in 8 blocks are still reachable in loss record 9 of 37
==3183235==    at 0x4A13AE6: malloc (vg_replace_malloc.c:447)
==3183235==    by 0x40956CC: <hyperreal::rational::arithmetic::Rational>::from_reduced_word_parts (in /tmp/calcium-complex-product-v2.jy5gpf/candidate-check)
==3183235==    by 0x407133E: <&hyperreal::rational::arithmetic::Rational as core::ops::arith::Mul>::mul (in /tmp/calcium-complex-product-v2.jy5gpf/candidate-check)
==3183235==    by 0x4075284: <&hyperreal::real::arithmetic::Real as core::ops::arith::Mul>::mul (in /tmp/calcium-complex-product-v2.jy5gpf/candidate-check)
==3183235==    by 0x406C2E5: hyperlattice::complex::complex_multiply_components (in /tmp/calcium-complex-product-v2.jy5gpf/candidate-check)
==3183235==    by 0x406CFCF: <&hyperlattice::complex::Complex as core::ops::arith::Mul>::mul (in /tmp/calcium-complex-product-v2.jy5gpf/candidate-check)
==3183235==    by 0x40664D1: complex_product_v2_candidate_check::corpus::calculate (in /tmp/calcium-complex-product-v2.jy5gpf/candidate-check)
==3183235==    by 0x4067D73: complex_product_v2_candidate_check::main (in /tmp/calcium-complex-product-v2.jy5gpf/candidate-check)
==3183235==    by 0x406A872: std::sys::backtrace::__rust_begin_short_backtrace::<fn(), ()> (in /tmp/calcium-complex-product-v2.jy5gpf/candidate-check)
==3183235==    by 0x406A908: std::rt::lang_start::<()>::{closure#0} (in /tmp/calcium-complex-product-v2.jy5gpf/candidate-check)
==3183235==    by 0x41812F6: std::rt::lang_start_internal (in /tmp/calcium-complex-product-v2.jy5gpf/candidate-check)
==3183235==    by 0x406A154: main (in /tmp/calcium-complex-product-v2.jy5gpf/candidate-check)
==3183235== 
==3183235== 208 bytes in 2 blocks are still reachable in loss record 10 of 37
==3183235==    at 0x4A13AE6: malloc (vg_replace_malloc.c:447)
==3183235==    by 0x4095782: <hyperreal::rational::arithmetic::Rational>::from_reduced_word_parts (in /tmp/calcium-complex-product-v2.jy5gpf/candidate-check)
==3183235==    by 0x407FA38: <hyperreal::rational::arithmetic::Rational>::add_sub_words (in /tmp/calcium-complex-product-v2.jy5gpf/candidate-check)
==3183235==    by 0x40831E1: <hyperreal::rational::arithmetic::Rational>::add_ref (in /tmp/calcium-complex-product-v2.jy5gpf/candidate-check)
==3183235==    by 0x40739C4: <&hyperreal::real::arithmetic::Real as core::ops::arith::Add>::add (in /tmp/calcium-complex-product-v2.jy5gpf/candidate-check)
==3183235==    by 0x406C2D0: hyperlattice::complex::complex_multiply_components (in /tmp/calcium-complex-product-v2.jy5gpf/candidate-check)
==3183235==    by 0x406CFCF: <&hyperlattice::complex::Complex as core::ops::arith::Mul>::mul (in /tmp/calcium-complex-product-v2.jy5gpf/candidate-check)
==3183235==    by 0x40664D1: complex_product_v2_candidate_check::corpus::calculate (in /tmp/calcium-complex-product-v2.jy5gpf/candidate-check)
==3183235==    by 0x4067D73: complex_product_v2_candidate_check::main (in /tmp/calcium-complex-product-v2.jy5gpf/candidate-check)
==3183235==    by 0x406A872: std::sys::backtrace::__rust_begin_short_backtrace::<fn(), ()> (in /tmp/calcium-complex-product-v2.jy5gpf/candidate-check)
==3183235==    by 0x406A908: std::rt::lang_start::<()>::{closure#0} (in /tmp/calcium-complex-product-v2.jy5gpf/candidate-check)
==3183235==    by 0x41812F6: std::rt::lang_start_internal (in /tmp/calcium-complex-product-v2.jy5gpf/candidate-check)
==3183235== 
==3183235== 208 bytes in 2 blocks are still reachable in loss record 11 of 37
==3183235==    at 0x4A13AE6: malloc (vg_replace_malloc.c:447)
==3183235==    by 0x4095782: <hyperreal::rational::arithmetic::Rational>::from_reduced_word_parts (in /tmp/calcium-complex-product-v2.jy5gpf/candidate-check)
==3183235==    by 0x407FA38: <hyperreal::rational::arithmetic::Rational>::add_sub_words (in /tmp/calcium-complex-product-v2.jy5gpf/candidate-check)
==3183235==    by 0x4084A1F: <hyperreal::rational::arithmetic::Rational>::subtract_ref (in /tmp/calcium-complex-product-v2.jy5gpf/candidate-check)
==3183235==    by 0x4073E47: <&hyperreal::real::arithmetic::Real as core::ops::arith::Sub>::sub (in /tmp/calcium-complex-product-v2.jy5gpf/candidate-check)
==3183235==    by 0x406C314: hyperlattice::complex::complex_multiply_components (in /tmp/calcium-complex-product-v2.jy5gpf/candidate-check)
==3183235==    by 0x406CFCF: <&hyperlattice::complex::Complex as core::ops::arith::Mul>::mul (in /tmp/calcium-complex-product-v2.jy5gpf/candidate-check)
==3183235==    by 0x40664D1: complex_product_v2_candidate_check::corpus::calculate (in /tmp/calcium-complex-product-v2.jy5gpf/candidate-check)
==3183235==    by 0x4067D73: complex_product_v2_candidate_check::main (in /tmp/calcium-complex-product-v2.jy5gpf/candidate-check)
==3183235==    by 0x406A872: std::sys::backtrace::__rust_begin_short_backtrace::<fn(), ()> (in /tmp/calcium-complex-product-v2.jy5gpf/candidate-check)
==3183235==    by 0x406A908: std::rt::lang_start::<()>::{closure#0} (in /tmp/calcium-complex-product-v2.jy5gpf/candidate-check)
==3183235==    by 0x41812F6: std::rt::lang_start_internal (in /tmp/calcium-complex-product-v2.jy5gpf/candidate-check)
==3183235== 
==3183235== 208 bytes in 2 blocks are still reachable in loss record 12 of 37
==3183235==    at 0x4A13AE6: malloc (vg_replace_malloc.c:447)
==3183235==    by 0x4095782: <hyperreal::rational::arithmetic::Rational>::from_reduced_word_parts (in /tmp/calcium-complex-product-v2.jy5gpf/candidate-check)
==3183235==    by 0x407FA38: <hyperreal::rational::arithmetic::Rational>::add_sub_words (in /tmp/calcium-complex-product-v2.jy5gpf/candidate-check)
==3183235==    by 0x4084A1F: <hyperreal::rational::arithmetic::Rational>::subtract_ref (in /tmp/calcium-complex-product-v2.jy5gpf/candidate-check)
==3183235==    by 0x4073E47: <&hyperreal::real::arithmetic::Real as core::ops::arith::Sub>::sub (in /tmp/calcium-complex-product-v2.jy5gpf/candidate-check)
==3183235==    by 0x406C3C0: hyperlattice::complex::complex_multiply_components (in /tmp/calcium-complex-product-v2.jy5gpf/candidate-check)
==3183235==    by 0x406CFCF: <&hyperlattice::complex::Complex as core::ops::arith::Mul>::mul (in /tmp/calcium-complex-product-v2.jy5gpf/candidate-check)
==3183235==    by 0x40664D1: complex_product_v2_candidate_check::corpus::calculate (in /tmp/calcium-complex-product-v2.jy5gpf/candidate-check)
==3183235==    by 0x4067D73: complex_product_v2_candidate_check::main (in /tmp/calcium-complex-product-v2.jy5gpf/candidate-check)
==3183235==    by 0x406A872: std::sys::backtrace::__rust_begin_short_backtrace::<fn(), ()> (in /tmp/calcium-complex-product-v2.jy5gpf/candidate-check)
==3183235==    by 0x406A908: std::rt::lang_start::<()>::{closure#0} (in /tmp/calcium-complex-product-v2.jy5gpf/candidate-check)
==3183235==    by 0x41812F6: std::rt::lang_start_internal (in /tmp/calcium-complex-product-v2.jy5gpf/candidate-check)
==3183235== 
==3183235== 208 bytes in 2 blocks are still reachable in loss record 13 of 37
==3183235==    at 0x4A13AE6: malloc (vg_replace_malloc.c:447)
==3183235==    by 0x4095782: <hyperreal::rational::arithmetic::Rational>::from_reduced_word_parts (in /tmp/calcium-complex-product-v2.jy5gpf/candidate-check)
==3183235==    by 0x4084A1F: <hyperreal::rational::arithmetic::Rational>::subtract_ref (in /tmp/calcium-complex-product-v2.jy5gpf/candidate-check)
==3183235==    by 0x4073E47: <&hyperreal::real::arithmetic::Real as core::ops::arith::Sub>::sub (in /tmp/calcium-complex-product-v2.jy5gpf/candidate-check)
==3183235==    by 0x406C314: hyperlattice::complex::complex_multiply_components (in /tmp/calcium-complex-product-v2.jy5gpf/candidate-check)
==3183235==    by 0x406CFCF: <&hyperlattice::complex::Complex as core::ops::arith::Mul>::mul (in /tmp/calcium-complex-product-v2.jy5gpf/candidate-check)
==3183235==    by 0x40664D1: complex_product_v2_candidate_check::corpus::calculate (in /tmp/calcium-complex-product-v2.jy5gpf/candidate-check)
==3183235==    by 0x4067D73: complex_product_v2_candidate_check::main (in /tmp/calcium-complex-product-v2.jy5gpf/candidate-check)
==3183235==    by 0x406A872: std::sys::backtrace::__rust_begin_short_backtrace::<fn(), ()> (in /tmp/calcium-complex-product-v2.jy5gpf/candidate-check)
==3183235==    by 0x406A908: std::rt::lang_start::<()>::{closure#0} (in /tmp/calcium-complex-product-v2.jy5gpf/candidate-check)
==3183235==    by 0x41812F6: std::rt::lang_start_internal (in /tmp/calcium-complex-product-v2.jy5gpf/candidate-check)
==3183235==    by 0x406A154: main (in /tmp/calcium-complex-product-v2.jy5gpf/candidate-check)
==3183235== 
==3183235== 208 bytes in 2 blocks are still reachable in loss record 14 of 37
==3183235==    at 0x4A13AE6: malloc (vg_replace_malloc.c:447)
==3183235==    by 0x4095782: <hyperreal::rational::arithmetic::Rational>::from_reduced_word_parts (in /tmp/calcium-complex-product-v2.jy5gpf/candidate-check)
==3183235==    by 0x4084A1F: <hyperreal::rational::arithmetic::Rational>::subtract_ref (in /tmp/calcium-complex-product-v2.jy5gpf/candidate-check)
==3183235==    by 0x4073E47: <&hyperreal::real::arithmetic::Real as core::ops::arith::Sub>::sub (in /tmp/calcium-complex-product-v2.jy5gpf/candidate-check)
==3183235==    by 0x406C3C0: hyperlattice::complex::complex_multiply_components (in /tmp/calcium-complex-product-v2.jy5gpf/candidate-check)
==3183235==    by 0x406CFCF: <&hyperlattice::complex::Complex as core::ops::arith::Mul>::mul (in /tmp/calcium-complex-product-v2.jy5gpf/candidate-check)
==3183235==    by 0x40664D1: complex_product_v2_candidate_check::corpus::calculate (in /tmp/calcium-complex-product-v2.jy5gpf/candidate-check)
==3183235==    by 0x4067D73: complex_product_v2_candidate_check::main (in /tmp/calcium-complex-product-v2.jy5gpf/candidate-check)
==3183235==    by 0x406A872: std::sys::backtrace::__rust_begin_short_backtrace::<fn(), ()> (in /tmp/calcium-complex-product-v2.jy5gpf/candidate-check)
==3183235==    by 0x406A908: std::rt::lang_start::<()>::{closure#0} (in /tmp/calcium-complex-product-v2.jy5gpf/candidate-check)
==3183235==    by 0x41812F6: std::rt::lang_start_internal (in /tmp/calcium-complex-product-v2.jy5gpf/candidate-check)
==3183235==    by 0x406A154: main (in /tmp/calcium-complex-product-v2.jy5gpf/candidate-check)
==3183235== 
==3183235== 208 bytes in 2 blocks are still reachable in loss record 15 of 37
==3183235==    at 0x4A13AE6: malloc (vg_replace_malloc.c:447)
==3183235==    by 0x410653A: <std::sync::once::Once>::call_once_force::<<std::sync::once_lock::OnceLock<hyperreal::rational::arithmetic::Rational>>::initialize<<std::sync::once_lock::OnceLock<hyperreal::rational::arithmetic::Rational>>::get_or_init<<hyperreal::rational::arithmetic::Rational>::small_reduced_dyadic::{closure#0}>::{closure#0}, !>::{closure#0}>::{closure#0} (in /tmp/calcium-complex-product-v2.jy5gpf/candidate-check)
==3183235==    by 0x4173B78: <std::sys::sync::once::futex::Once>::call (in /tmp/calcium-complex-product-v2.jy5gpf/candidate-check)
==3183235==    by 0x410599F: <std::sync::once_lock::OnceLock<hyperreal::rational::arithmetic::Rational>>::initialize::<<std::sync::once_lock::OnceLock<hyperreal::rational::arithmetic::Rational>>::get_or_init<<hyperreal::rational::arithmetic::Rational>::small_reduced_dyadic::{closure#0}>::{closure#0}, !> (in /tmp/calcium-complex-product-v2.jy5gpf/candidate-check)
==3183235==    by 0x408B8EA: <hyperreal::rational::arithmetic::Rational>::small_reduced_dyadic (in /tmp/calcium-complex-product-v2.jy5gpf/candidate-check)
==3183235==    by 0x4095436: <hyperreal::rational::arithmetic::Rational>::from_reduced_word_parts (in /tmp/calcium-complex-product-v2.jy5gpf/candidate-check)
==3183235==    by 0x409A7AA: <hyperreal::rational::arithmetic::Rational>::from_scaled_dyadic_quotient_component (in /tmp/calcium-complex-product-v2.jy5gpf/candidate-check)
==3183235==    by 0x4097AE6: <hyperreal::rational::arithmetic::Rational>::complex_quotient_components (in /tmp/calcium-complex-product-v2.jy5gpf/candidate-check)
==3183235==    by 0x406656C: complex_product_v2_candidate_check::corpus::calculate (in /tmp/calcium-complex-product-v2.jy5gpf/candidate-check)
==3183235==    by 0x4067D73: complex_product_v2_candidate_check::main (in /tmp/calcium-complex-product-v2.jy5gpf/candidate-check)
==3183235==    by 0x406A872: std::sys::backtrace::__rust_begin_short_backtrace::<fn(), ()> (in /tmp/calcium-complex-product-v2.jy5gpf/candidate-check)
==3183235==    by 0x406A908: std::rt::lang_start::<()>::{closure#0} (in /tmp/calcium-complex-product-v2.jy5gpf/candidate-check)
==3183235== 
==3183235== 208 bytes in 2 blocks are still reachable in loss record 16 of 37
==3183235==    at 0x4A13AE6: malloc (vg_replace_malloc.c:447)
==3183235==    by 0x41063A4: <std::sync::once::Once>::call_once_force::<<std::sync::once_lock::OnceLock<hyperreal::rational::arithmetic::Rational>>::initialize<<std::sync::once_lock::OnceLock<hyperreal::rational::arithmetic::Rational>>::get_or_init<<hyperreal::rational::arithmetic::Rational>::small_integer::{closure#0}>::{closure#0}, !>::{closure#0}>::{closure#0} (in /tmp/calcium-complex-product-v2.jy5gpf/candidate-check)
==3183235==    by 0x4173B78: <std::sys::sync::once::futex::Once>::call (in /tmp/calcium-complex-product-v2.jy5gpf/candidate-check)
==3183235==    by 0x410594B: <std::sync::once_lock::OnceLock<hyperreal::rational::arithmetic::Rational>>::initialize::<<std::sync::once_lock::OnceLock<hyperreal::rational::arithmetic::Rational>>::get_or_init<<hyperreal::rational::arithmetic::Rational>::small_integer::{closure#0}>::{closure#0}, !> (in /tmp/calcium-complex-product-v2.jy5gpf/candidate-check)
==3183235==    by 0x40955FC: <hyperreal::rational::arithmetic::Rational>::from_reduced_word_parts (in /tmp/calcium-complex-product-v2.jy5gpf/candidate-check)
==3183235==    by 0x409A11A: <hyperreal::rational::arithmetic::Rational>::complex_product_components_impl (in /tmp/calcium-complex-product-v2.jy5gpf/candidate-check)
==3183235==    by 0x40665B7: complex_product_v2_candidate_check::corpus::calculate (in /tmp/calcium-complex-product-v2.jy5gpf/candidate-check)
==3183235==    by 0x4067D73: complex_product_v2_candidate_check::main (in /tmp/calcium-complex-product-v2.jy5gpf/candidate-check)
==3183235==    by 0x406A872: std::sys::backtrace::__rust_begin_short_backtrace::<fn(), ()> (in /tmp/calcium-complex-product-v2.jy5gpf/candidate-check)
==3183235==    by 0x406A908: std::rt::lang_start::<()>::{closure#0} (in /tmp/calcium-complex-product-v2.jy5gpf/candidate-check)
==3183235==    by 0x41812F6: std::rt::lang_start_internal (in /tmp/calcium-complex-product-v2.jy5gpf/candidate-check)
==3183235==    by 0x406A154: main (in /tmp/calcium-complex-product-v2.jy5gpf/candidate-check)
==3183235== 
==3183235== 208 bytes in 2 blocks are still reachable in loss record 17 of 37
==3183235==    at 0x4A13AE6: malloc (vg_replace_malloc.c:447)
==3183235==    by 0x41063A4: <std::sync::once::Once>::call_once_force::<<std::sync::once_lock::OnceLock<hyperreal::rational::arithmetic::Rational>>::initialize<<std::sync::once_lock::OnceLock<hyperreal::rational::arithmetic::Rational>>::get_or_init<<hyperreal::rational::arithmetic::Rational>::small_integer::{closure#0}>::{closure#0}, !>::{closure#0}>::{closure#0} (in /tmp/calcium-complex-product-v2.jy5gpf/candidate-check)
==3183235==    by 0x4173B78: <std::sys::sync::once::futex::Once>::call (in /tmp/calcium-complex-product-v2.jy5gpf/candidate-check)
==3183235==    by 0x410594B: <std::sync::once_lock::OnceLock<hyperreal::rational::arithmetic::Rational>>::initialize::<<std::sync::once_lock::OnceLock<hyperreal::rational::arithmetic::Rational>>::get_or_init<<hyperreal::rational::arithmetic::Rational>::small_integer::{closure#0}>::{closure#0}, !> (in /tmp/calcium-complex-product-v2.jy5gpf/candidate-check)
==3183235==    by 0x40955FC: <hyperreal::rational::arithmetic::Rational>::from_reduced_word_parts (in /tmp/calcium-complex-product-v2.jy5gpf/candidate-check)
==3183235==    by 0x407FA38: <hyperreal::rational::arithmetic::Rational>::add_sub_words (in /tmp/calcium-complex-product-v2.jy5gpf/candidate-check)
==3183235==    by 0x40831E1: <hyperreal::rational::arithmetic::Rational>::add_ref (in /tmp/calcium-complex-product-v2.jy5gpf/candidate-check)
==3183235==    by 0x40739C4: <&hyperreal::real::arithmetic::Real as core::ops::arith::Add>::add (in /tmp/calcium-complex-product-v2.jy5gpf/candidate-check)
==3183235==    by 0x406C2C2: hyperlattice::complex::complex_multiply_components (in /tmp/calcium-complex-product-v2.jy5gpf/candidate-check)
==3183235==    by 0x406CFCF: <&hyperlattice::complex::Complex as core::ops::arith::Mul>::mul (in /tmp/calcium-complex-product-v2.jy5gpf/candidate-check)
==3183235==    by 0x40664D1: complex_product_v2_candidate_check::corpus::calculate (in /tmp/calcium-complex-product-v2.jy5gpf/candidate-check)
==3183235==    by 0x4067D73: complex_product_v2_candidate_check::main (in /tmp/calcium-complex-product-v2.jy5gpf/candidate-check)
==3183235== 
==3183235== 208 bytes in 2 blocks are still reachable in loss record 18 of 37
==3183235==    at 0x4A13AE6: malloc (vg_replace_malloc.c:447)
==3183235==    by 0x410653A: <std::sync::once::Once>::call_once_force::<<std::sync::once_lock::OnceLock<hyperreal::rational::arithmetic::Rational>>::initialize<<std::sync::once_lock::OnceLock<hyperreal::rational::arithmetic::Rational>>::get_or_init<<hyperreal::rational::arithmetic::Rational>::small_reduced_dyadic::{closure#0}>::{closure#0}, !>::{closure#0}>::{closure#0} (in /tmp/calcium-complex-product-v2.jy5gpf/candidate-check)
==3183235==    by 0x4173B78: <std::sys::sync::once::futex::Once>::call (in /tmp/calcium-complex-product-v2.jy5gpf/candidate-check)
==3183235==    by 0x410599F: <std::sync::once_lock::OnceLock<hyperreal::rational::arithmetic::Rational>>::initialize::<<std::sync::once_lock::OnceLock<hyperreal::rational::arithmetic::Rational>>::get_or_init<<hyperreal::rational::arithmetic::Rational>::small_reduced_dyadic::{closure#0}>::{closure#0}, !> (in /tmp/calcium-complex-product-v2.jy5gpf/candidate-check)
==3183235==    by 0x408B8EA: <hyperreal::rational::arithmetic::Rational>::small_reduced_dyadic (in /tmp/calcium-complex-product-v2.jy5gpf/candidate-check)
==3183235==    by 0x4095436: <hyperreal::rational::arithmetic::Rational>::from_reduced_word_parts (in /tmp/calcium-complex-product-v2.jy5gpf/candidate-check)
==3183235==    by 0x409A11A: <hyperreal::rational::arithmetic::Rational>::complex_product_components_impl (in /tmp/calcium-complex-product-v2.jy5gpf/candidate-check)
==3183235==    by 0x40665B7: complex_product_v2_candidate_check::corpus::calculate (in /tmp/calcium-complex-product-v2.jy5gpf/candidate-check)
==3183235==    by 0x4067D73: complex_product_v2_candidate_check::main (in /tmp/calcium-complex-product-v2.jy5gpf/candidate-check)
==3183235==    by 0x406A872: std::sys::backtrace::__rust_begin_short_backtrace::<fn(), ()> (in /tmp/calcium-complex-product-v2.jy5gpf/candidate-check)
==3183235==    by 0x406A908: std::rt::lang_start::<()>::{closure#0} (in /tmp/calcium-complex-product-v2.jy5gpf/candidate-check)
==3183235==    by 0x41812F6: std::rt::lang_start_internal (in /tmp/calcium-complex-product-v2.jy5gpf/candidate-check)
==3183235== 
==3183235== 208 bytes in 2 blocks are still reachable in loss record 19 of 37
==3183235==    at 0x4A13AE6: malloc (vg_replace_malloc.c:447)
==3183235==    by 0x41063A4: <std::sync::once::Once>::call_once_force::<<std::sync::once_lock::OnceLock<hyperreal::rational::arithmetic::Rational>>::initialize<<std::sync::once_lock::OnceLock<hyperreal::rational::arithmetic::Rational>>::get_or_init<<hyperreal::rational::arithmetic::Rational>::small_integer::{closure#0}>::{closure#0}, !>::{closure#0}>::{closure#0} (in /tmp/calcium-complex-product-v2.jy5gpf/candidate-check)
==3183235==    by 0x4173B78: <std::sys::sync::once::futex::Once>::call (in /tmp/calcium-complex-product-v2.jy5gpf/candidate-check)
==3183235==    by 0x410594B: <std::sync::once_lock::OnceLock<hyperreal::rational::arithmetic::Rational>>::initialize::<<std::sync::once_lock::OnceLock<hyperreal::rational::arithmetic::Rational>>::get_or_init<<hyperreal::rational::arithmetic::Rational>::small_integer::{closure#0}>::{closure#0}, !> (in /tmp/calcium-complex-product-v2.jy5gpf/candidate-check)
==3183235==    by 0x40955FC: <hyperreal::rational::arithmetic::Rational>::from_reduced_word_parts (in /tmp/calcium-complex-product-v2.jy5gpf/candidate-check)
==3183235==    by 0x407133E: <&hyperreal::rational::arithmetic::Rational as core::ops::arith::Mul>::mul (in /tmp/calcium-complex-product-v2.jy5gpf/candidate-check)
==3183235==    by 0x4075284: <&hyperreal::real::arithmetic::Real as core::ops::arith::Mul>::mul (in /tmp/calcium-complex-product-v2.jy5gpf/candidate-check)
==3183235==    by 0x406C2B2: hyperlattice::complex::complex_multiply_components (in /tmp/calcium-complex-product-v2.jy5gpf/candidate-check)
==3183235==    by 0x406CFCF: <&hyperlattice::complex::Complex as core::ops::arith::Mul>::mul (in /tmp/calcium-complex-product-v2.jy5gpf/candidate-check)
==3183235==    by 0x40664D1: complex_product_v2_candidate_check::corpus::calculate (in /tmp/calcium-complex-product-v2.jy5gpf/candidate-check)
==3183235==    by 0x4067D73: complex_product_v2_candidate_check::main (in /tmp/calcium-complex-product-v2.jy5gpf/candidate-check)
==3183235==    by 0x406A872: std::sys::backtrace::__rust_begin_short_backtrace::<fn(), ()> (in /tmp/calcium-complex-product-v2.jy5gpf/candidate-check)
==3183235== 
==3183235== 208 bytes in 2 blocks are still reachable in loss record 20 of 37
==3183235==    at 0x4A13AE6: malloc (vg_replace_malloc.c:447)
==3183235==    by 0x410653A: <std::sync::once::Once>::call_once_force::<<std::sync::once_lock::OnceLock<hyperreal::rational::arithmetic::Rational>>::initialize<<std::sync::once_lock::OnceLock<hyperreal::rational::arithmetic::Rational>>::get_or_init<<hyperreal::rational::arithmetic::Rational>::small_reduced_dyadic::{closure#0}>::{closure#0}, !>::{closure#0}>::{closure#0} (in /tmp/calcium-complex-product-v2.jy5gpf/candidate-check)
==3183235==    by 0x4173B78: <std::sys::sync::once::futex::Once>::call (in /tmp/calcium-complex-product-v2.jy5gpf/candidate-check)
==3183235==    by 0x410599F: <std::sync::once_lock::OnceLock<hyperreal::rational::arithmetic::Rational>>::initialize::<<std::sync::once_lock::OnceLock<hyperreal::rational::arithmetic::Rational>>::get_or_init<<hyperreal::rational::arithmetic::Rational>::small_reduced_dyadic::{closure#0}>::{closure#0}, !> (in /tmp/calcium-complex-product-v2.jy5gpf/candidate-check)
==3183235==    by 0x408B8EA: <hyperreal::rational::arithmetic::Rational>::small_reduced_dyadic (in /tmp/calcium-complex-product-v2.jy5gpf/candidate-check)
==3183235==    by 0x4095436: <hyperreal::rational::arithmetic::Rational>::from_reduced_word_parts (in /tmp/calcium-complex-product-v2.jy5gpf/candidate-check)
==3183235==    by 0x407133E: <&hyperreal::rational::arithmetic::Rational as core::ops::arith::Mul>::mul (in /tmp/calcium-complex-product-v2.jy5gpf/candidate-check)
==3183235==    by 0x4075284: <&hyperreal::real::arithmetic::Real as core::ops::arith::Mul>::mul (in /tmp/calcium-complex-product-v2.jy5gpf/candidate-check)
==3183235==    by 0x406C2B2: hyperlattice::complex::complex_multiply_components (in /tmp/calcium-complex-product-v2.jy5gpf/candidate-check)
==3183235==    by 0x406CFCF: <&hyperlattice::complex::Complex as core::ops::arith::Mul>::mul (in /tmp/calcium-complex-product-v2.jy5gpf/candidate-check)
==3183235==    by 0x40664D1: complex_product_v2_candidate_check::corpus::calculate (in /tmp/calcium-complex-product-v2.jy5gpf/candidate-check)
==3183235==    by 0x4067D73: complex_product_v2_candidate_check::main (in /tmp/calcium-complex-product-v2.jy5gpf/candidate-check)
==3183235== 
==3183235== 208 bytes in 2 blocks are still reachable in loss record 21 of 37
==3183235==    at 0x4A13AE6: malloc (vg_replace_malloc.c:447)
==3183235==    by 0x41063A4: <std::sync::once::Once>::call_once_force::<<std::sync::once_lock::OnceLock<hyperreal::rational::arithmetic::Rational>>::initialize<<std::sync::once_lock::OnceLock<hyperreal::rational::arithmetic::Rational>>::get_or_init<<hyperreal::rational::arithmetic::Rational>::small_integer::{closure#0}>::{closure#0}, !>::{closure#0}>::{closure#0} (in /tmp/calcium-complex-product-v2.jy5gpf/candidate-check)
==3183235==    by 0x4173B78: <std::sys::sync::once::futex::Once>::call (in /tmp/calcium-complex-product-v2.jy5gpf/candidate-check)
==3183235==    by 0x410594B: <std::sync::once_lock::OnceLock<hyperreal::rational::arithmetic::Rational>>::initialize::<<std::sync::once_lock::OnceLock<hyperreal::rational::arithmetic::Rational>>::get_or_init<<hyperreal::rational::arithmetic::Rational>::small_integer::{closure#0}>::{closure#0}, !> (in /tmp/calcium-complex-product-v2.jy5gpf/candidate-check)
==3183235==    by 0x40955FC: <hyperreal::rational::arithmetic::Rational>::from_reduced_word_parts (in /tmp/calcium-complex-product-v2.jy5gpf/candidate-check)
==3183235==    by 0x409A13A: <hyperreal::rational::arithmetic::Rational>::complex_product_components_impl (in /tmp/calcium-complex-product-v2.jy5gpf/candidate-check)
==3183235==    by 0x40665B7: complex_product_v2_candidate_check::corpus::calculate (in /tmp/calcium-complex-product-v2.jy5gpf/candidate-check)
==3183235==    by 0x4067D73: complex_product_v2_candidate_check::main (in /tmp/calcium-complex-product-v2.jy5gpf/candidate-check)
==3183235==    by 0x406A872: std::sys::backtrace::__rust_begin_short_backtrace::<fn(), ()> (in /tmp/calcium-complex-product-v2.jy5gpf/candidate-check)
==3183235==    by 0x406A908: std::rt::lang_start::<()>::{closure#0} (in /tmp/calcium-complex-product-v2.jy5gpf/candidate-check)
==3183235==    by 0x41812F6: std::rt::lang_start_internal (in /tmp/calcium-complex-product-v2.jy5gpf/candidate-check)
==3183235==    by 0x406A154: main (in /tmp/calcium-complex-product-v2.jy5gpf/candidate-check)
==3183235== 
==3183235== 208 bytes in 2 blocks are still reachable in loss record 22 of 37
==3183235==    at 0x4A13AE6: malloc (vg_replace_malloc.c:447)
==3183235==    by 0x410653A: <std::sync::once::Once>::call_once_force::<<std::sync::once_lock::OnceLock<hyperreal::rational::arithmetic::Rational>>::initialize<<std::sync::once_lock::OnceLock<hyperreal::rational::arithmetic::Rational>>::get_or_init<<hyperreal::rational::arithmetic::Rational>::small_reduced_dyadic::{closure#0}>::{closure#0}, !>::{closure#0}>::{closure#0} (in /tmp/calcium-complex-product-v2.jy5gpf/candidate-check)
==3183235==    by 0x4173B78: <std::sys::sync::once::futex::Once>::call (in /tmp/calcium-complex-product-v2.jy5gpf/candidate-check)
==3183235==    by 0x410599F: <std::sync::once_lock::OnceLock<hyperreal::rational::arithmetic::Rational>>::initialize::<<std::sync::once_lock::OnceLock<hyperreal::rational::arithmetic::Rational>>::get_or_init<<hyperreal::rational::arithmetic::Rational>::small_reduced_dyadic::{closure#0}>::{closure#0}, !> (in /tmp/calcium-complex-product-v2.jy5gpf/candidate-check)
==3183235==    by 0x408B8EA: <hyperreal::rational::arithmetic::Rational>::small_reduced_dyadic (in /tmp/calcium-complex-product-v2.jy5gpf/candidate-check)
==3183235==    by 0x4095436: <hyperreal::rational::arithmetic::Rational>::from_reduced_word_parts (in /tmp/calcium-complex-product-v2.jy5gpf/candidate-check)
==3183235==    by 0x409A13A: <hyperreal::rational::arithmetic::Rational>::complex_product_components_impl (in /tmp/calcium-complex-product-v2.jy5gpf/candidate-check)
==3183235==    by 0x40665B7: complex_product_v2_candidate_check::corpus::calculate (in /tmp/calcium-complex-product-v2.jy5gpf/candidate-check)
==3183235==    by 0x4067D73: complex_product_v2_candidate_check::main (in /tmp/calcium-complex-product-v2.jy5gpf/candidate-check)
==3183235==    by 0x406A872: std::sys::backtrace::__rust_begin_short_backtrace::<fn(), ()> (in /tmp/calcium-complex-product-v2.jy5gpf/candidate-check)
==3183235==    by 0x406A908: std::rt::lang_start::<()>::{closure#0} (in /tmp/calcium-complex-product-v2.jy5gpf/candidate-check)
==3183235==    by 0x41812F6: std::rt::lang_start_internal (in /tmp/calcium-complex-product-v2.jy5gpf/candidate-check)
==3183235== 
==3183235== 208 bytes in 2 blocks are still reachable in loss record 23 of 37
==3183235==    at 0x4A13AE6: malloc (vg_replace_malloc.c:447)
==3183235==    by 0x409DC56: alloc::boxed::box_new_uninit (in /tmp/calcium-complex-product-v2.jy5gpf/candidate-check)
==3183235==    by 0x408236B: <hyperreal::rational::arithmetic::Rational>::mul_wide_with_dyadic_denominator (in /tmp/calcium-complex-product-v2.jy5gpf/candidate-check)
==3183235==    by 0x40713A7: <&hyperreal::rational::arithmetic::Rational as core::ops::arith::Mul>::mul (in /tmp/calcium-complex-product-v2.jy5gpf/candidate-check)
==3183235==    by 0x4075284: <&hyperreal::real::arithmetic::Real as core::ops::arith::Mul>::mul (in /tmp/calcium-complex-product-v2.jy5gpf/candidate-check)
==3183235==    by 0x406C2E5: hyperlattice::complex::complex_multiply_components (in /tmp/calcium-complex-product-v2.jy5gpf/candidate-check)
==3183235==    by 0x406CFCF: <&hyperlattice::complex::Complex as core::ops::arith::Mul>::mul (in /tmp/calcium-complex-product-v2.jy5gpf/candidate-check)
==3183235==    by 0x40664D1: complex_product_v2_candidate_check::corpus::calculate (in /tmp/calcium-complex-product-v2.jy5gpf/candidate-check)
==3183235==    by 0x4067D73: complex_product_v2_candidate_check::main (in /tmp/calcium-complex-product-v2.jy5gpf/candidate-check)
==3183235==    by 0x406A872: std::sys::backtrace::__rust_begin_short_backtrace::<fn(), ()> (in /tmp/calcium-complex-product-v2.jy5gpf/candidate-check)
==3183235==    by 0x406A908: std::rt::lang_start::<()>::{closure#0} (in /tmp/calcium-complex-product-v2.jy5gpf/candidate-check)
==3183235==    by 0x41812F6: std::rt::lang_start_internal (in /tmp/calcium-complex-product-v2.jy5gpf/candidate-check)
==3183235== 
==3183235== 208 bytes in 2 blocks are still reachable in loss record 24 of 37
==3183235==    at 0x4A13AE6: malloc (vg_replace_malloc.c:447)
==3183235==    by 0x410653A: <std::sync::once::Once>::call_once_force::<<std::sync::once_lock::OnceLock<hyperreal::rational::arithmetic::Rational>>::initialize<<std::sync::once_lock::OnceLock<hyperreal::rational::arithmetic::Rational>>::get_or_init<<hyperreal::rational::arithmetic::Rational>::small_reduced_dyadic::{closure#0}>::{closure#0}, !>::{closure#0}>::{closure#0} (in /tmp/calcium-complex-product-v2.jy5gpf/candidate-check)
==3183235==    by 0x4173B78: <std::sys::sync::once::futex::Once>::call (in /tmp/calcium-complex-product-v2.jy5gpf/candidate-check)
==3183235==    by 0x410599F: <std::sync::once_lock::OnceLock<hyperreal::rational::arithmetic::Rational>>::initialize::<<std::sync::once_lock::OnceLock<hyperreal::rational::arithmetic::Rational>>::get_or_init<<hyperreal::rational::arithmetic::Rational>::small_reduced_dyadic::{closure#0}>::{closure#0}, !> (in /tmp/calcium-complex-product-v2.jy5gpf/candidate-check)
==3183235==    by 0x408B8EA: <hyperreal::rational::arithmetic::Rational>::small_reduced_dyadic (in /tmp/calcium-complex-product-v2.jy5gpf/candidate-check)
==3183235==    by 0x4095436: <hyperreal::rational::arithmetic::Rational>::from_reduced_word_parts (in /tmp/calcium-complex-product-v2.jy5gpf/candidate-check)
==3183235==    by 0x40A255F: <&hyperreal::rational::arithmetic::Rational as core::ops::arith::Div>::div (in /tmp/calcium-complex-product-v2.jy5gpf/candidate-check)
==3183235==    by 0x409783B: <hyperreal::rational::arithmetic::Rational>::complex_quotient_components (in /tmp/calcium-complex-product-v2.jy5gpf/candidate-check)
==3183235==    by 0x406656C: complex_product_v2_candidate_check::corpus::calculate (in /tmp/calcium-complex-product-v2.jy5gpf/candidate-check)
==3183235==    by 0x4067D73: complex_product_v2_candidate_check::main (in /tmp/calcium-complex-product-v2.jy5gpf/candidate-check)
==3183235==    by 0x406A872: std::sys::backtrace::__rust_begin_short_backtrace::<fn(), ()> (in /tmp/calcium-complex-product-v2.jy5gpf/candidate-check)
==3183235==    by 0x406A908: std::rt::lang_start::<()>::{closure#0} (in /tmp/calcium-complex-product-v2.jy5gpf/candidate-check)
==3183235== 
==3183235== 208 bytes in 2 blocks are still reachable in loss record 25 of 37
==3183235==    at 0x4A13AE6: malloc (vg_replace_malloc.c:447)
==3183235==    by 0x410653A: <std::sync::once::Once>::call_once_force::<<std::sync::once_lock::OnceLock<hyperreal::rational::arithmetic::Rational>>::initialize<<std::sync::once_lock::OnceLock<hyperreal::rational::arithmetic::Rational>>::get_or_init<<hyperreal::rational::arithmetic::Rational>::small_reduced_dyadic::{closure#0}>::{closure#0}, !>::{closure#0}>::{closure#0} (in /tmp/calcium-complex-product-v2.jy5gpf/candidate-check)
==3183235==    by 0x4173B78: <std::sys::sync::once::futex::Once>::call (in /tmp/calcium-complex-product-v2.jy5gpf/candidate-check)
==3183235==    by 0x410599F: <std::sync::once_lock::OnceLock<hyperreal::rational::arithmetic::Rational>>::initialize::<<std::sync::once_lock::OnceLock<hyperreal::rational::arithmetic::Rational>>::get_or_init<<hyperreal::rational::arithmetic::Rational>::small_reduced_dyadic::{closure#0}>::{closure#0}, !> (in /tmp/calcium-complex-product-v2.jy5gpf/candidate-check)
==3183235==    by 0x408B8EA: <hyperreal::rational::arithmetic::Rational>::small_reduced_dyadic (in /tmp/calcium-complex-product-v2.jy5gpf/candidate-check)
==3183235==    by 0x4095436: <hyperreal::rational::arithmetic::Rational>::from_reduced_word_parts (in /tmp/calcium-complex-product-v2.jy5gpf/candidate-check)
==3183235==    by 0x4081446: <hyperreal::rational::arithmetic::Rational>::add_sub_wide_dyadic (in /tmp/calcium-complex-product-v2.jy5gpf/candidate-check)
==3183235==    by 0x40831F7: <hyperreal::rational::arithmetic::Rational>::add_ref (in /tmp/calcium-complex-product-v2.jy5gpf/candidate-check)
==3183235==    by 0x40739C4: <&hyperreal::real::arithmetic::Real as core::ops::arith::Add>::add (in /tmp/calcium-complex-product-v2.jy5gpf/candidate-check)
==3183235==    by 0x406C2D0: hyperlattice::complex::complex_multiply_components (in /tmp/calcium-complex-product-v2.jy5gpf/candidate-check)
==3183235==    by 0x406CFCF: <&hyperlattice::complex::Complex as core::ops::arith::Mul>::mul (in /tmp/calcium-complex-product-v2.jy5gpf/candidate-check)
==3183235==    by 0x40664D1: complex_product_v2_candidate_check::corpus::calculate (in /tmp/calcium-complex-product-v2.jy5gpf/candidate-check)
==3183235== 
==3183235== 416 bytes in 4 blocks are still reachable in loss record 26 of 37
==3183235==    at 0x4A13AE6: malloc (vg_replace_malloc.c:447)
==3183235==    by 0x408C36F: <hyperreal::rational::arithmetic::Rational>::from_fraction_parts_reduced (in /tmp/calcium-complex-product-v2.jy5gpf/candidate-check)
==3183235==    by 0x408B181: <hyperreal::rational::arithmetic::Rational>::from_bigint_fraction (in /tmp/calcium-complex-product-v2.jy5gpf/candidate-check)
==3183235==    by 0x4063348: <complex_product_v2_candidate_check::corpus::Fixture>::inputs (in /tmp/calcium-complex-product-v2.jy5gpf/candidate-check)
==3183235==    by 0x4067BDE: complex_product_v2_candidate_check::main (in /tmp/calcium-complex-product-v2.jy5gpf/candidate-check)
==3183235==    by 0x406A872: std::sys::backtrace::__rust_begin_short_backtrace::<fn(), ()> (in /tmp/calcium-complex-product-v2.jy5gpf/candidate-check)
==3183235==    by 0x406A908: std::rt::lang_start::<()>::{closure#0} (in /tmp/calcium-complex-product-v2.jy5gpf/candidate-check)
==3183235==    by 0x41812F6: std::rt::lang_start_internal (in /tmp/calcium-complex-product-v2.jy5gpf/candidate-check)
==3183235==    by 0x406A154: main (in /tmp/calcium-complex-product-v2.jy5gpf/candidate-check)
==3183235== 
==3183235== 416 bytes in 4 blocks are still reachable in loss record 27 of 37
==3183235==    at 0x4A13AE6: malloc (vg_replace_malloc.c:447)
==3183235==    by 0x4095782: <hyperreal::rational::arithmetic::Rational>::from_reduced_word_parts (in /tmp/calcium-complex-product-v2.jy5gpf/candidate-check)
==3183235==    by 0x40831E1: <hyperreal::rational::arithmetic::Rational>::add_ref (in /tmp/calcium-complex-product-v2.jy5gpf/candidate-check)
==3183235==    by 0x40739C4: <&hyperreal::real::arithmetic::Real as core::ops::arith::Add>::add (in /tmp/calcium-complex-product-v2.jy5gpf/candidate-check)
==3183235==    by 0x406C2D0: hyperlattice::complex::complex_multiply_components (in /tmp/calcium-complex-product-v2.jy5gpf/candidate-check)
==3183235==    by 0x406CFCF: <&hyperlattice::complex::Complex as core::ops::arith::Mul>::mul (in /tmp/calcium-complex-product-v2.jy5gpf/candidate-check)
==3183235==    by 0x40664D1: complex_product_v2_candidate_check::corpus::calculate (in /tmp/calcium-complex-product-v2.jy5gpf/candidate-check)
==3183235==    by 0x4067D73: complex_product_v2_candidate_check::main (in /tmp/calcium-complex-product-v2.jy5gpf/candidate-check)
==3183235==    by 0x406A872: std::sys::backtrace::__rust_begin_short_backtrace::<fn(), ()> (in /tmp/calcium-complex-product-v2.jy5gpf/candidate-check)
==3183235==    by 0x406A908: std::rt::lang_start::<()>::{closure#0} (in /tmp/calcium-complex-product-v2.jy5gpf/candidate-check)
==3183235==    by 0x41812F6: std::rt::lang_start_internal (in /tmp/calcium-complex-product-v2.jy5gpf/candidate-check)
==3183235==    by 0x406A154: main (in /tmp/calcium-complex-product-v2.jy5gpf/candidate-check)
==3183235== 
==3183235== 416 bytes in 4 blocks are still reachable in loss record 28 of 37
==3183235==    at 0x4A13AE6: malloc (vg_replace_malloc.c:447)
==3183235==    by 0x410653A: <std::sync::once::Once>::call_once_force::<<std::sync::once_lock::OnceLock<hyperreal::rational::arithmetic::Rational>>::initialize<<std::sync::once_lock::OnceLock<hyperreal::rational::arithmetic::Rational>>::get_or_init<<hyperreal::rational::arithmetic::Rational>::small_reduced_dyadic::{closure#0}>::{closure#0}, !>::{closure#0}>::{closure#0} (in /tmp/calcium-complex-product-v2.jy5gpf/candidate-check)
==3183235==    by 0x4173B78: <std::sys::sync::once::futex::Once>::call (in /tmp/calcium-complex-product-v2.jy5gpf/candidate-check)
==3183235==    by 0x410599F: <std::sync::once_lock::OnceLock<hyperreal::rational::arithmetic::Rational>>::initialize::<<std::sync::once_lock::OnceLock<hyperreal::rational::arithmetic::Rational>>::get_or_init<<hyperreal::rational::arithmetic::Rational>::small_reduced_dyadic::{closure#0}>::{closure#0}, !> (in /tmp/calcium-complex-product-v2.jy5gpf/candidate-check)
==3183235==    by 0x408B8EA: <hyperreal::rational::arithmetic::Rational>::small_reduced_dyadic (in /tmp/calcium-complex-product-v2.jy5gpf/candidate-check)
==3183235==    by 0x4095436: <hyperreal::rational::arithmetic::Rational>::from_reduced_word_parts (in /tmp/calcium-complex-product-v2.jy5gpf/candidate-check)
==3183235==    by 0x40831E1: <hyperreal::rational::arithmetic::Rational>::add_ref (in /tmp/calcium-complex-product-v2.jy5gpf/candidate-check)
==3183235==    by 0x40739C4: <&hyperreal::real::arithmetic::Real as core::ops::arith::Add>::add (in /tmp/calcium-complex-product-v2.jy5gpf/candidate-check)
==3183235==    by 0x406C2C2: hyperlattice::complex::complex_multiply_components (in /tmp/calcium-complex-product-v2.jy5gpf/candidate-check)
==3183235==    by 0x406CFCF: <&hyperlattice::complex::Complex as core::ops::arith::Mul>::mul (in /tmp/calcium-complex-product-v2.jy5gpf/candidate-check)
==3183235==    by 0x40664D1: complex_product_v2_candidate_check::corpus::calculate (in /tmp/calcium-complex-product-v2.jy5gpf/candidate-check)
==3183235==    by 0x4067D73: complex_product_v2_candidate_check::main (in /tmp/calcium-complex-product-v2.jy5gpf/candidate-check)
==3183235== 
==3183235== 544 bytes in 1 blocks are still reachable in loss record 29 of 37
==3183235==    at 0x4A13AE6: malloc (vg_replace_malloc.c:447)
==3183235==    by 0x4184169: std::sys::pal::unix::stack_overflow::thread_info::set_current_info (in /tmp/calcium-complex-product-v2.jy5gpf/candidate-check)
==3183235==    by 0x418122F: std::rt::lang_start_internal (in /tmp/calcium-complex-product-v2.jy5gpf/candidate-check)
==3183235==    by 0x406A154: main (in /tmp/calcium-complex-product-v2.jy5gpf/candidate-check)
==3183235== 
==3183235== 624 bytes in 6 blocks are still reachable in loss record 30 of 37
==3183235==    at 0x4A13AE6: malloc (vg_replace_malloc.c:447)
==3183235==    by 0x4095782: <hyperreal::rational::arithmetic::Rational>::from_reduced_word_parts (in /tmp/calcium-complex-product-v2.jy5gpf/candidate-check)
==3183235==    by 0x407FA38: <hyperreal::rational::arithmetic::Rational>::add_sub_words (in /tmp/calcium-complex-product-v2.jy5gpf/candidate-check)
==3183235==    by 0x4084A1F: <hyperreal::rational::arithmetic::Rational>::subtract_ref (in /tmp/calcium-complex-product-v2.jy5gpf/candidate-check)
==3183235==    by 0x4073E47: <&hyperreal::real::arithmetic::Real as core::ops::arith::Sub>::sub (in /tmp/calcium-complex-product-v2.jy5gpf/candidate-check)
==3183235==    by 0x406C373: hyperlattice::complex::complex_multiply_components (in /tmp/calcium-complex-product-v2.jy5gpf/candidate-check)
==3183235==    by 0x406CFCF: <&hyperlattice::complex::Complex as core::ops::arith::Mul>::mul (in /tmp/calcium-complex-product-v2.jy5gpf/candidate-check)
==3183235==    by 0x40664D1: complex_product_v2_candidate_check::corpus::calculate (in /tmp/calcium-complex-product-v2.jy5gpf/candidate-check)
==3183235==    by 0x4067D73: complex_product_v2_candidate_check::main (in /tmp/calcium-complex-product-v2.jy5gpf/candidate-check)
==3183235==    by 0x406A872: std::sys::backtrace::__rust_begin_short_backtrace::<fn(), ()> (in /tmp/calcium-complex-product-v2.jy5gpf/candidate-check)
==3183235==    by 0x406A908: std::rt::lang_start::<()>::{closure#0} (in /tmp/calcium-complex-product-v2.jy5gpf/candidate-check)
==3183235==    by 0x41812F6: std::rt::lang_start_internal (in /tmp/calcium-complex-product-v2.jy5gpf/candidate-check)
==3183235== 
==3183235== 624 bytes in 6 blocks are still reachable in loss record 31 of 37
==3183235==    at 0x4A13AE6: malloc (vg_replace_malloc.c:447)
==3183235==    by 0x410653A: <std::sync::once::Once>::call_once_force::<<std::sync::once_lock::OnceLock<hyperreal::rational::arithmetic::Rational>>::initialize<<std::sync::once_lock::OnceLock<hyperreal::rational::arithmetic::Rational>>::get_or_init<<hyperreal::rational::arithmetic::Rational>::small_reduced_dyadic::{closure#0}>::{closure#0}, !>::{closure#0}>::{closure#0} (in /tmp/calcium-complex-product-v2.jy5gpf/candidate-check)
==3183235==    by 0x4173B78: <std::sys::sync::once::futex::Once>::call (in /tmp/calcium-complex-product-v2.jy5gpf/candidate-check)
==3183235==    by 0x410599F: <std::sync::once_lock::OnceLock<hyperreal::rational::arithmetic::Rational>>::initialize::<<std::sync::once_lock::OnceLock<hyperreal::rational::arithmetic::Rational>>::get_or_init<<hyperreal::rational::arithmetic::Rational>::small_reduced_dyadic::{closure#0}>::{closure#0}, !> (in /tmp/calcium-complex-product-v2.jy5gpf/candidate-check)
==3183235==    by 0x408B8EA: <hyperreal::rational::arithmetic::Rational>::small_reduced_dyadic (in /tmp/calcium-complex-product-v2.jy5gpf/candidate-check)
==3183235==    by 0x4095436: <hyperreal::rational::arithmetic::Rational>::from_reduced_word_parts (in /tmp/calcium-complex-product-v2.jy5gpf/candidate-check)
==3183235==    by 0x40831E1: <hyperreal::rational::arithmetic::Rational>::add_ref (in /tmp/calcium-complex-product-v2.jy5gpf/candidate-check)
==3183235==    by 0x40739C4: <&hyperreal::real::arithmetic::Real as core::ops::arith::Add>::add (in /tmp/calcium-complex-product-v2.jy5gpf/candidate-check)
==3183235==    by 0x406C2D0: hyperlattice::complex::complex_multiply_components (in /tmp/calcium-complex-product-v2.jy5gpf/candidate-check)
==3183235==    by 0x406CFCF: <&hyperlattice::complex::Complex as core::ops::arith::Mul>::mul (in /tmp/calcium-complex-product-v2.jy5gpf/candidate-check)
==3183235==    by 0x40664D1: complex_product_v2_candidate_check::corpus::calculate (in /tmp/calcium-complex-product-v2.jy5gpf/candidate-check)
==3183235==    by 0x4067D73: complex_product_v2_candidate_check::main (in /tmp/calcium-complex-product-v2.jy5gpf/candidate-check)
==3183235== 
==3183235== 704 bytes in 4 blocks are still reachable in loss record 32 of 37
==3183235==    at 0x4A13AE6: malloc (vg_replace_malloc.c:447)
==3183235==    by 0x4080802: <hyperreal::rational::arithmetic::Rational>::retain_linear (in /tmp/calcium-complex-product-v2.jy5gpf/candidate-check)
==3183235==    by 0x408522D: <hyperreal::rational::arithmetic::Rational>::subtract_ref (in /tmp/calcium-complex-product-v2.jy5gpf/candidate-check)
==3183235==    by 0x4073E47: <&hyperreal::real::arithmetic::Real as core::ops::arith::Sub>::sub (in /tmp/calcium-complex-product-v2.jy5gpf/candidate-check)
==3183235==    by 0x406C3C0: hyperlattice::complex::complex_multiply_components (in /tmp/calcium-complex-product-v2.jy5gpf/candidate-check)
==3183235==    by 0x406CFCF: <&hyperlattice::complex::Complex as core::ops::arith::Mul>::mul (in /tmp/calcium-complex-product-v2.jy5gpf/candidate-check)
==3183235==    by 0x40664D1: complex_product_v2_candidate_check::corpus::calculate (in /tmp/calcium-complex-product-v2.jy5gpf/candidate-check)
==3183235==    by 0x4067D73: complex_product_v2_candidate_check::main (in /tmp/calcium-complex-product-v2.jy5gpf/candidate-check)
==3183235==    by 0x406A872: std::sys::backtrace::__rust_begin_short_backtrace::<fn(), ()> (in /tmp/calcium-complex-product-v2.jy5gpf/candidate-check)
==3183235==    by 0x406A908: std::rt::lang_start::<()>::{closure#0} (in /tmp/calcium-complex-product-v2.jy5gpf/candidate-check)
==3183235==    by 0x41812F6: std::rt::lang_start_internal (in /tmp/calcium-complex-product-v2.jy5gpf/candidate-check)
==3183235==    by 0x406A154: main (in /tmp/calcium-complex-product-v2.jy5gpf/candidate-check)
==3183235== 
==3183235== 704 bytes in 4 blocks are still reachable in loss record 33 of 37
==3183235==    at 0x4A13AE6: malloc (vg_replace_malloc.c:447)
==3183235==    by 0x4080802: <hyperreal::rational::arithmetic::Rational>::retain_linear (in /tmp/calcium-complex-product-v2.jy5gpf/candidate-check)
==3183235==    by 0x40817CE: <hyperreal::rational::arithmetic::Rational>::retain_product_pair (in /tmp/calcium-complex-product-v2.jy5gpf/candidate-check)
==3183235==    by 0x407135C: <&hyperreal::rational::arithmetic::Rational as core::ops::arith::Mul>::mul (in /tmp/calcium-complex-product-v2.jy5gpf/candidate-check)
==3183235==    by 0x4075284: <&hyperreal::real::arithmetic::Real as core::ops::arith::Mul>::mul (in /tmp/calcium-complex-product-v2.jy5gpf/candidate-check)
==3183235==    by 0x406C2E5: hyperlattice::complex::complex_multiply_components (in /tmp/calcium-complex-product-v2.jy5gpf/candidate-check)
==3183235==    by 0x406CFCF: <&hyperlattice::complex::Complex as core::ops::arith::Mul>::mul (in /tmp/calcium-complex-product-v2.jy5gpf/candidate-check)
==3183235==    by 0x40664D1: complex_product_v2_candidate_check::corpus::calculate (in /tmp/calcium-complex-product-v2.jy5gpf/candidate-check)
==3183235==    by 0x4067D73: complex_product_v2_candidate_check::main (in /tmp/calcium-complex-product-v2.jy5gpf/candidate-check)
==3183235==    by 0x406A872: std::sys::backtrace::__rust_begin_short_backtrace::<fn(), ()> (in /tmp/calcium-complex-product-v2.jy5gpf/candidate-check)
==3183235==    by 0x406A908: std::rt::lang_start::<()>::{closure#0} (in /tmp/calcium-complex-product-v2.jy5gpf/candidate-check)
==3183235==    by 0x41812F6: std::rt::lang_start_internal (in /tmp/calcium-complex-product-v2.jy5gpf/candidate-check)
==3183235== 
==3183235== 1,040 bytes in 10 blocks are still reachable in loss record 34 of 37
==3183235==    at 0x4A13AE6: malloc (vg_replace_malloc.c:447)
==3183235==    by 0x4095782: <hyperreal::rational::arithmetic::Rational>::from_reduced_word_parts (in /tmp/calcium-complex-product-v2.jy5gpf/candidate-check)
==3183235==    by 0x4084A1F: <hyperreal::rational::arithmetic::Rational>::subtract_ref (in /tmp/calcium-complex-product-v2.jy5gpf/candidate-check)
==3183235==    by 0x4073E47: <&hyperreal::real::arithmetic::Real as core::ops::arith::Sub>::sub (in /tmp/calcium-complex-product-v2.jy5gpf/candidate-check)
==3183235==    by 0x406C373: hyperlattice::complex::complex_multiply_components (in /tmp/calcium-complex-product-v2.jy5gpf/candidate-check)
==3183235==    by 0x406CFCF: <&hyperlattice::complex::Complex as core::ops::arith::Mul>::mul (in /tmp/calcium-complex-product-v2.jy5gpf/candidate-check)
==3183235==    by 0x40664D1: complex_product_v2_candidate_check::corpus::calculate (in /tmp/calcium-complex-product-v2.jy5gpf/candidate-check)
==3183235==    by 0x4067D73: complex_product_v2_candidate_check::main (in /tmp/calcium-complex-product-v2.jy5gpf/candidate-check)
==3183235==    by 0x406A872: std::sys::backtrace::__rust_begin_short_backtrace::<fn(), ()> (in /tmp/calcium-complex-product-v2.jy5gpf/candidate-check)
==3183235==    by 0x406A908: std::rt::lang_start::<()>::{closure#0} (in /tmp/calcium-complex-product-v2.jy5gpf/candidate-check)
==3183235==    by 0x41812F6: std::rt::lang_start_internal (in /tmp/calcium-complex-product-v2.jy5gpf/candidate-check)
==3183235==    by 0x406A154: main (in /tmp/calcium-complex-product-v2.jy5gpf/candidate-check)
==3183235== 
==3183235== 1,248 bytes in 12 blocks are still reachable in loss record 35 of 37
==3183235==    at 0x4A13AE6: malloc (vg_replace_malloc.c:447)
==3183235==    by 0x4095782: <hyperreal::rational::arithmetic::Rational>::from_reduced_word_parts (in /tmp/calcium-complex-product-v2.jy5gpf/candidate-check)
==3183235==    by 0x407133E: <&hyperreal::rational::arithmetic::Rational as core::ops::arith::Mul>::mul (in /tmp/calcium-complex-product-v2.jy5gpf/candidate-check)
==3183235==    by 0x4075284: <&hyperreal::real::arithmetic::Real as core::ops::arith::Mul>::mul (in /tmp/calcium-complex-product-v2.jy5gpf/candidate-check)
==3183235==    by 0x406C2E5: hyperlattice::complex::complex_multiply_components (in /tmp/calcium-complex-product-v2.jy5gpf/candidate-check)
==3183235==    by 0x406CFCF: <&hyperlattice::complex::Complex as core::ops::arith::Mul>::mul (in /tmp/calcium-complex-product-v2.jy5gpf/candidate-check)
==3183235==    by 0x40664D1: complex_product_v2_candidate_check::corpus::calculate (in /tmp/calcium-complex-product-v2.jy5gpf/candidate-check)
==3183235==    by 0x4067D73: complex_product_v2_candidate_check::main (in /tmp/calcium-complex-product-v2.jy5gpf/candidate-check)
==3183235==    by 0x406A872: std::sys::backtrace::__rust_begin_short_backtrace::<fn(), ()> (in /tmp/calcium-complex-product-v2.jy5gpf/candidate-check)
==3183235==    by 0x406A908: std::rt::lang_start::<()>::{closure#0} (in /tmp/calcium-complex-product-v2.jy5gpf/candidate-check)
==3183235==    by 0x41812F6: std::rt::lang_start_internal (in /tmp/calcium-complex-product-v2.jy5gpf/candidate-check)
==3183235==    by 0x406A154: main (in /tmp/calcium-complex-product-v2.jy5gpf/candidate-check)
==3183235== 
==3183235== 1,408 bytes in 8 blocks are still reachable in loss record 36 of 37
==3183235==    at 0x4A13AE6: malloc (vg_replace_malloc.c:447)
==3183235==    by 0x4080802: <hyperreal::rational::arithmetic::Rational>::retain_linear (in /tmp/calcium-complex-product-v2.jy5gpf/candidate-check)
==3183235==    by 0x4081A39: <hyperreal::rational::arithmetic::Rational>::retain_difference_pair (in /tmp/calcium-complex-product-v2.jy5gpf/candidate-check)
==3183235==    by 0x408522D: <hyperreal::rational::arithmetic::Rational>::subtract_ref (in /tmp/calcium-complex-product-v2.jy5gpf/candidate-check)
==3183235==    by 0x4073E47: <&hyperreal::real::arithmetic::Real as core::ops::arith::Sub>::sub (in /tmp/calcium-complex-product-v2.jy5gpf/candidate-check)
==3183235==    by 0x406C373: hyperlattice::complex::complex_multiply_components (in /tmp/calcium-complex-product-v2.jy5gpf/candidate-check)
==3183235==    by 0x406CFCF: <&hyperlattice::complex::Complex as core::ops::arith::Mul>::mul (in /tmp/calcium-complex-product-v2.jy5gpf/candidate-check)
==3183235==    by 0x40664D1: complex_product_v2_candidate_check::corpus::calculate (in /tmp/calcium-complex-product-v2.jy5gpf/candidate-check)
==3183235==    by 0x4067D73: complex_product_v2_candidate_check::main (in /tmp/calcium-complex-product-v2.jy5gpf/candidate-check)
==3183235==    by 0x406A872: std::sys::backtrace::__rust_begin_short_backtrace::<fn(), ()> (in /tmp/calcium-complex-product-v2.jy5gpf/candidate-check)
==3183235==    by 0x406A908: std::rt::lang_start::<()>::{closure#0} (in /tmp/calcium-complex-product-v2.jy5gpf/candidate-check)
==3183235==    by 0x41812F6: std::rt::lang_start_internal (in /tmp/calcium-complex-product-v2.jy5gpf/candidate-check)
==3183235== 
==3183235== 1,664 bytes in 16 blocks are still reachable in loss record 37 of 37
==3183235==    at 0x4A13AE6: malloc (vg_replace_malloc.c:447)
==3183235==    by 0x4095782: <hyperreal::rational::arithmetic::Rational>::from_reduced_word_parts (in /tmp/calcium-complex-product-v2.jy5gpf/candidate-check)
==3183235==    by 0x407133E: <&hyperreal::rational::arithmetic::Rational as core::ops::arith::Mul>::mul (in /tmp/calcium-complex-product-v2.jy5gpf/candidate-check)
==3183235==    by 0x4075284: <&hyperreal::real::arithmetic::Real as core::ops::arith::Mul>::mul (in /tmp/calcium-complex-product-v2.jy5gpf/candidate-check)
==3183235==    by 0x406C29F: hyperlattice::complex::complex_multiply_components (in /tmp/calcium-complex-product-v2.jy5gpf/candidate-check)
==3183235==    by 0x406CFCF: <&hyperlattice::complex::Complex as core::ops::arith::Mul>::mul (in /tmp/calcium-complex-product-v2.jy5gpf/candidate-check)
==3183235==    by 0x40664D1: complex_product_v2_candidate_check::corpus::calculate (in /tmp/calcium-complex-product-v2.jy5gpf/candidate-check)
==3183235==    by 0x4067D73: complex_product_v2_candidate_check::main (in /tmp/calcium-complex-product-v2.jy5gpf/candidate-check)
==3183235==    by 0x406A872: std::sys::backtrace::__rust_begin_short_backtrace::<fn(), ()> (in /tmp/calcium-complex-product-v2.jy5gpf/candidate-check)
==3183235==    by 0x406A908: std::rt::lang_start::<()>::{closure#0} (in /tmp/calcium-complex-product-v2.jy5gpf/candidate-check)
==3183235==    by 0x41812F6: std::rt::lang_start_internal (in /tmp/calcium-complex-product-v2.jy5gpf/candidate-check)
==3183235==    by 0x406A154: main (in /tmp/calcium-complex-product-v2.jy5gpf/candidate-check)
==3183235== 
==3183235== LEAK SUMMARY:
==3183235==    definitely lost: 0 bytes in 0 blocks
==3183235==    indirectly lost: 0 bytes in 0 blocks
==3183235==      possibly lost: 0 bytes in 0 blocks
==3183235==    still reachable: 13,832 bytes in 136 blocks
==3183235==         suppressed: 0 bytes in 0 blocks
==3183235== 
==3183235== For lists of detected and suppressed errors, rerun with: -s
==3183235== ERROR SUMMARY: 0 errors from 0 contexts (suppressed: 0 from 0)
