==20== Memcheck, a memory error detector
==20== Copyright (C) 2002-2026, and GNU GPL'd, by Julian Seward et al.
==20== Using Valgrind-3.27.1 and LibVEX; rerun with -h for copyright info
==20== Command: /tmp/calcium-consumer-builds.X7kU2Y/calcium-reuse/release/coq-aern-hyper-v85
==20== 
==20== 
==20== HEAP SUMMARY:
==20==     in use at exit: 3,008 bytes in 25 blocks
==20==   total heap usage: 39,929 allocs, 39,904 frees, 5,175,511 bytes allocated
==20== 
==20== 16 bytes in 1 blocks are still reachable in loss record 1 of 25
==20==    at 0x49C3AE6: malloc (vg_replace_malloc.c:447)
==20==    by 0x408031C: <hyperreal::rational::arithmetic::Rational>::from_reduced_word_parts (in /tmp/calcium-consumer-builds.X7kU2Y/calcium-reuse/release/coq-aern-hyper-v85)
==20==    by 0x40871E1: <&hyperreal::rational::arithmetic::Rational as core::ops::arith::Mul>::mul (in /tmp/calcium-consumer-builds.X7kU2Y/calcium-reuse/release/coq-aern-hyper-v85)
==20==    by 0x4094E90: <hyperreal::real::arithmetic::Real>::certified_dyadic_interval (in /tmp/calcium-consumer-builds.X7kU2Y/calcium-reuse/release/coq-aern-hyper-v85)
==20==    by 0x4059CD8: coq_aern_hyper_v85::bounds (in /tmp/calcium-consumer-builds.X7kU2Y/calcium-reuse/release/coq-aern-hyper-v85)
==20==    by 0x4058290: coq_aern_hyper_v85::main (in /tmp/calcium-consumer-builds.X7kU2Y/calcium-reuse/release/coq-aern-hyper-v85)
==20==    by 0x405AEC2: std::sys::backtrace::__rust_begin_short_backtrace::<fn(), ()> (in /tmp/calcium-consumer-builds.X7kU2Y/calcium-reuse/release/coq-aern-hyper-v85)
==20==    by 0x405B278: std::rt::lang_start::<()>::{closure#0} (in /tmp/calcium-consumer-builds.X7kU2Y/calcium-reuse/release/coq-aern-hyper-v85)
==20==    by 0x41313B6: std::rt::lang_start_internal (in /tmp/calcium-consumer-builds.X7kU2Y/calcium-reuse/release/coq-aern-hyper-v85)
==20==    by 0x405AA54: main (in /tmp/calcium-consumer-builds.X7kU2Y/calcium-reuse/release/coq-aern-hyper-v85)
==20== 
==20== 16 bytes in 1 blocks are still reachable in loss record 2 of 25
==20==    at 0x49C3AE6: malloc (vg_replace_malloc.c:447)
==20==    by 0x408048C: <hyperreal::rational::arithmetic::Rational>::from_reduced_word_parts (in /tmp/calcium-consumer-builds.X7kU2Y/calcium-reuse/release/coq-aern-hyper-v85)
==20==    by 0x40871E1: <&hyperreal::rational::arithmetic::Rational as core::ops::arith::Mul>::mul (in /tmp/calcium-consumer-builds.X7kU2Y/calcium-reuse/release/coq-aern-hyper-v85)
==20==    by 0x4094E90: <hyperreal::real::arithmetic::Real>::certified_dyadic_interval (in /tmp/calcium-consumer-builds.X7kU2Y/calcium-reuse/release/coq-aern-hyper-v85)
==20==    by 0x4059CD8: coq_aern_hyper_v85::bounds (in /tmp/calcium-consumer-builds.X7kU2Y/calcium-reuse/release/coq-aern-hyper-v85)
==20==    by 0x4058290: coq_aern_hyper_v85::main (in /tmp/calcium-consumer-builds.X7kU2Y/calcium-reuse/release/coq-aern-hyper-v85)
==20==    by 0x405AEC2: std::sys::backtrace::__rust_begin_short_backtrace::<fn(), ()> (in /tmp/calcium-consumer-builds.X7kU2Y/calcium-reuse/release/coq-aern-hyper-v85)
==20==    by 0x405B278: std::rt::lang_start::<()>::{closure#0} (in /tmp/calcium-consumer-builds.X7kU2Y/calcium-reuse/release/coq-aern-hyper-v85)
==20==    by 0x41313B6: std::rt::lang_start_internal (in /tmp/calcium-consumer-builds.X7kU2Y/calcium-reuse/release/coq-aern-hyper-v85)
==20==    by 0x405AA54: main (in /tmp/calcium-consumer-builds.X7kU2Y/calcium-reuse/release/coq-aern-hyper-v85)
==20== 
==20== 104 bytes in 1 blocks are still reachable in loss record 3 of 25
==20==    at 0x49C3AE6: malloc (vg_replace_malloc.c:447)
==20==    by 0x407912F: <hyperreal::rational::arithmetic::Rational>::from_fraction_parts_reduced (in /tmp/calcium-consumer-builds.X7kU2Y/calcium-reuse/release/coq-aern-hyper-v85)
==20==    by 0x4077F31: <hyperreal::rational::arithmetic::Rational>::from_bigint_fraction (in /tmp/calcium-consumer-builds.X7kU2Y/calcium-reuse/release/coq-aern-hyper-v85)
==20==    by 0x4059F37: coq_aern_hyper_v85::operands (in /tmp/calcium-consumer-builds.X7kU2Y/calcium-reuse/release/coq-aern-hyper-v85)
==20==    by 0x405714B: coq_aern_hyper_v85::main (in /tmp/calcium-consumer-builds.X7kU2Y/calcium-reuse/release/coq-aern-hyper-v85)
==20==    by 0x405AEC2: std::sys::backtrace::__rust_begin_short_backtrace::<fn(), ()> (in /tmp/calcium-consumer-builds.X7kU2Y/calcium-reuse/release/coq-aern-hyper-v85)
==20==    by 0x405B278: std::rt::lang_start::<()>::{closure#0} (in /tmp/calcium-consumer-builds.X7kU2Y/calcium-reuse/release/coq-aern-hyper-v85)
==20==    by 0x41313B6: std::rt::lang_start_internal (in /tmp/calcium-consumer-builds.X7kU2Y/calcium-reuse/release/coq-aern-hyper-v85)
==20==    by 0x405AA54: main (in /tmp/calcium-consumer-builds.X7kU2Y/calcium-reuse/release/coq-aern-hyper-v85)
==20== 
==20== 104 bytes in 1 blocks are still reachable in loss record 4 of 25
==20==    at 0x49C3AE6: malloc (vg_replace_malloc.c:447)
==20==    by 0x408A7F2: <hyperreal::rational::arithmetic::RATIONAL_MINUS_ONE::{closure#0} as core::ops::function::FnOnce<()>>::call_once (in /tmp/calcium-consumer-builds.X7kU2Y/calcium-reuse/release/coq-aern-hyper-v85)
==20==    by 0x406640A: <std::sync::once::Once>::call_once_force::<<std::sync::lazy_lock::LazyLock<hyperreal::rational::arithmetic::Rational>>::force::{closure#0}>::{closure#0} (in /tmp/calcium-consumer-builds.X7kU2Y/calcium-reuse/release/coq-aern-hyper-v85)
==20==    by 0x4123C38: <std::sys::sync::once::futex::Once>::call (in /tmp/calcium-consumer-builds.X7kU2Y/calcium-reuse/release/coq-aern-hyper-v85)
==20==    by 0x4078BA8: <hyperreal::rational::arithmetic::Rational>::from_primitive_integer (in /tmp/calcium-consumer-builds.X7kU2Y/calcium-reuse/release/coq-aern-hyper-v85)
==20==    by 0x4059F9A: coq_aern_hyper_v85::operands (in /tmp/calcium-consumer-builds.X7kU2Y/calcium-reuse/release/coq-aern-hyper-v85)
==20==    by 0x405714B: coq_aern_hyper_v85::main (in /tmp/calcium-consumer-builds.X7kU2Y/calcium-reuse/release/coq-aern-hyper-v85)
==20==    by 0x405AEC2: std::sys::backtrace::__rust_begin_short_backtrace::<fn(), ()> (in /tmp/calcium-consumer-builds.X7kU2Y/calcium-reuse/release/coq-aern-hyper-v85)
==20==    by 0x405B278: std::rt::lang_start::<()>::{closure#0} (in /tmp/calcium-consumer-builds.X7kU2Y/calcium-reuse/release/coq-aern-hyper-v85)
==20==    by 0x41313B6: std::rt::lang_start_internal (in /tmp/calcium-consumer-builds.X7kU2Y/calcium-reuse/release/coq-aern-hyper-v85)
==20==    by 0x405AA54: main (in /tmp/calcium-consumer-builds.X7kU2Y/calcium-reuse/release/coq-aern-hyper-v85)
==20== 
==20== 104 bytes in 1 blocks are still reachable in loss record 5 of 25
==20==    at 0x49C3AE6: malloc (vg_replace_malloc.c:447)
==20==    by 0x40F3D04: <std::sync::once::Once>::call_once_force::<<std::sync::once_lock::OnceLock<hyperreal::rational::arithmetic::Rational>>::initialize<<std::sync::once_lock::OnceLock<hyperreal::rational::arithmetic::Rational>>::get_or_init<<hyperreal::rational::arithmetic::Rational>::small_integer::{closure#0}>::{closure#0}, !>::{closure#0}>::{closure#0} (in /tmp/calcium-consumer-builds.X7kU2Y/calcium-reuse/release/coq-aern-hyper-v85)
==20==    by 0x4123C38: <std::sys::sync::once::futex::Once>::call (in /tmp/calcium-consumer-builds.X7kU2Y/calcium-reuse/release/coq-aern-hyper-v85)
==20==    by 0x40F3254: <std::sync::once_lock::OnceLock<hyperreal::rational::arithmetic::Rational>>::initialize::<<std::sync::once_lock::OnceLock<hyperreal::rational::arithmetic::Rational>>::get_or_init<<hyperreal::rational::arithmetic::Rational>::small_integer::{closure#0}>::{closure#0}, !> (in /tmp/calcium-consumer-builds.X7kU2Y/calcium-reuse/release/coq-aern-hyper-v85)
==20==    by 0x4078BCD: <hyperreal::rational::arithmetic::Rational>::from_primitive_integer (in /tmp/calcium-consumer-builds.X7kU2Y/calcium-reuse/release/coq-aern-hyper-v85)
==20==    by 0x4059FC7: coq_aern_hyper_v85::operands (in /tmp/calcium-consumer-builds.X7kU2Y/calcium-reuse/release/coq-aern-hyper-v85)
==20==    by 0x405714B: coq_aern_hyper_v85::main (in /tmp/calcium-consumer-builds.X7kU2Y/calcium-reuse/release/coq-aern-hyper-v85)
==20==    by 0x405AEC2: std::sys::backtrace::__rust_begin_short_backtrace::<fn(), ()> (in /tmp/calcium-consumer-builds.X7kU2Y/calcium-reuse/release/coq-aern-hyper-v85)
==20==    by 0x405B278: std::rt::lang_start::<()>::{closure#0} (in /tmp/calcium-consumer-builds.X7kU2Y/calcium-reuse/release/coq-aern-hyper-v85)
==20==    by 0x41313B6: std::rt::lang_start_internal (in /tmp/calcium-consumer-builds.X7kU2Y/calcium-reuse/release/coq-aern-hyper-v85)
==20==    by 0x405AA54: main (in /tmp/calcium-consumer-builds.X7kU2Y/calcium-reuse/release/coq-aern-hyper-v85)
==20== 
==20== 104 bytes in 1 blocks are still reachable in loss record 6 of 25
==20==    at 0x49C3AE6: malloc (vg_replace_malloc.c:447)
==20==    by 0x408A6B9: <hyperreal::rational::arithmetic::RATIONAL_ZERO::{closure#0} as core::ops::function::FnOnce<()>>::call_once (in /tmp/calcium-consumer-builds.X7kU2Y/calcium-reuse/release/coq-aern-hyper-v85)
==20==    by 0x406640A: <std::sync::once::Once>::call_once_force::<<std::sync::lazy_lock::LazyLock<hyperreal::rational::arithmetic::Rational>>::force::{closure#0}>::{closure#0} (in /tmp/calcium-consumer-builds.X7kU2Y/calcium-reuse/release/coq-aern-hyper-v85)
==20==    by 0x4123C38: <std::sys::sync::once::futex::Once>::call (in /tmp/calcium-consumer-builds.X7kU2Y/calcium-reuse/release/coq-aern-hyper-v85)
==20==    by 0x4094066: <hyperreal::real::arithmetic::Real>::zero (in /tmp/calcium-consumer-builds.X7kU2Y/calcium-reuse/release/coq-aern-hyper-v85)
==20==    by 0x405A03A: coq_aern_hyper_v85::operands (in /tmp/calcium-consumer-builds.X7kU2Y/calcium-reuse/release/coq-aern-hyper-v85)
==20==    by 0x405714B: coq_aern_hyper_v85::main (in /tmp/calcium-consumer-builds.X7kU2Y/calcium-reuse/release/coq-aern-hyper-v85)
==20==    by 0x405AEC2: std::sys::backtrace::__rust_begin_short_backtrace::<fn(), ()> (in /tmp/calcium-consumer-builds.X7kU2Y/calcium-reuse/release/coq-aern-hyper-v85)
==20==    by 0x405B278: std::rt::lang_start::<()>::{closure#0} (in /tmp/calcium-consumer-builds.X7kU2Y/calcium-reuse/release/coq-aern-hyper-v85)
==20==    by 0x41313B6: std::rt::lang_start_internal (in /tmp/calcium-consumer-builds.X7kU2Y/calcium-reuse/release/coq-aern-hyper-v85)
==20==    by 0x405AA54: main (in /tmp/calcium-consumer-builds.X7kU2Y/calcium-reuse/release/coq-aern-hyper-v85)
==20== 
==20== 104 bytes in 1 blocks are still reachable in loss record 7 of 25
==20==    at 0x49C3AE6: malloc (vg_replace_malloc.c:447)
==20==    by 0x408A582: <hyperreal::rational::arithmetic::RATIONAL_ONE::{closure#0} as core::ops::function::FnOnce<()>>::call_once (in /tmp/calcium-consumer-builds.X7kU2Y/calcium-reuse/release/coq-aern-hyper-v85)
==20==    by 0x406640A: <std::sync::once::Once>::call_once_force::<<std::sync::lazy_lock::LazyLock<hyperreal::rational::arithmetic::Rational>>::force::{closure#0}>::{closure#0} (in /tmp/calcium-consumer-builds.X7kU2Y/calcium-reuse/release/coq-aern-hyper-v85)
==20==    by 0x4123C38: <std::sys::sync::once::futex::Once>::call (in /tmp/calcium-consumer-builds.X7kU2Y/calcium-reuse/release/coq-aern-hyper-v85)
==20==    by 0x4079E72: <hyperreal::rational::arithmetic::Rational>::one (in /tmp/calcium-consumer-builds.X7kU2Y/calcium-reuse/release/coq-aern-hyper-v85)
==20==    by 0x404ED1C: <&hyperreal::real::arithmetic::Real as core::ops::arith::Sub>::sub (in /tmp/calcium-consumer-builds.X7kU2Y/calcium-reuse/release/coq-aern-hyper-v85)
==20==    by 0x40572F3: coq_aern_hyper_v85::main (in /tmp/calcium-consumer-builds.X7kU2Y/calcium-reuse/release/coq-aern-hyper-v85)
==20==    by 0x405AEC2: std::sys::backtrace::__rust_begin_short_backtrace::<fn(), ()> (in /tmp/calcium-consumer-builds.X7kU2Y/calcium-reuse/release/coq-aern-hyper-v85)
==20==    by 0x405B278: std::rt::lang_start::<()>::{closure#0} (in /tmp/calcium-consumer-builds.X7kU2Y/calcium-reuse/release/coq-aern-hyper-v85)
==20==    by 0x41313B6: std::rt::lang_start_internal (in /tmp/calcium-consumer-builds.X7kU2Y/calcium-reuse/release/coq-aern-hyper-v85)
==20==    by 0x405AA54: main (in /tmp/calcium-consumer-builds.X7kU2Y/calcium-reuse/release/coq-aern-hyper-v85)
==20== 
==20== 104 bytes in 1 blocks are still reachable in loss record 8 of 25
==20==    at 0x49C3AE6: malloc (vg_replace_malloc.c:447)
==20==    by 0x407912F: <hyperreal::rational::arithmetic::Rational>::from_fraction_parts_reduced (in /tmp/calcium-consumer-builds.X7kU2Y/calcium-reuse/release/coq-aern-hyper-v85)
==20==    by 0x40C40AD: <hyperreal::computable::node::HALF_RATIONAL::{closure#0} as core::ops::function::FnOnce<()>>::call_once (in /tmp/calcium-consumer-builds.X7kU2Y/calcium-reuse/release/coq-aern-hyper-v85)
==20==    by 0x409996A: <std::sync::once::Once>::call_once_force::<<std::sync::lazy_lock::LazyLock<hyperreal::rational::arithmetic::Rational>>::force::{closure#0}>::{closure#0} (in /tmp/calcium-consumer-builds.X7kU2Y/calcium-reuse/release/coq-aern-hyper-v85)
==20==    by 0x4123C38: <std::sys::sync::once::futex::Once>::call (in /tmp/calcium-consumer-builds.X7kU2Y/calcium-reuse/release/coq-aern-hyper-v85)
==20==    by 0x40A6E61: <hyperreal::computable::node::ExpRelationForm>::logarithm (in /tmp/calcium-consumer-builds.X7kU2Y/calcium-reuse/release/coq-aern-hyper-v85)
==20==    by 0x40A11D9: <hyperreal::computable::node::Computable>::exact_sign (in /tmp/calcium-consumer-builds.X7kU2Y/calcium-reuse/release/coq-aern-hyper-v85)
==20==    by 0x409DDB1: <hyperreal::computable::node::Computable>::structural_facts (in /tmp/calcium-consumer-builds.X7kU2Y/calcium-reuse/release/coq-aern-hyper-v85)
==20==    by 0x405A650: <hyperreal::real::arithmetic::Real>::structural_facts (in /tmp/calcium-consumer-builds.X7kU2Y/calcium-reuse/release/coq-aern-hyper-v85)
==20==    by 0x4057300: coq_aern_hyper_v85::main (in /tmp/calcium-consumer-builds.X7kU2Y/calcium-reuse/release/coq-aern-hyper-v85)
==20==    by 0x405AEC2: std::sys::backtrace::__rust_begin_short_backtrace::<fn(), ()> (in /tmp/calcium-consumer-builds.X7kU2Y/calcium-reuse/release/coq-aern-hyper-v85)
==20==    by 0x405B278: std::rt::lang_start::<()>::{closure#0} (in /tmp/calcium-consumer-builds.X7kU2Y/calcium-reuse/release/coq-aern-hyper-v85)
==20== 
==20== 104 bytes in 1 blocks are still reachable in loss record 9 of 25
==20==    at 0x49C3AE6: malloc (vg_replace_malloc.c:447)
==20==    by 0x407912F: <hyperreal::rational::arithmetic::Rational>::from_fraction_parts_reduced (in /tmp/calcium-consumer-builds.X7kU2Y/calcium-reuse/release/coq-aern-hyper-v85)
==20==    by 0x4077F31: <hyperreal::rational::arithmetic::Rational>::from_bigint_fraction (in /tmp/calcium-consumer-builds.X7kU2Y/calcium-reuse/release/coq-aern-hyper-v85)
==20==    by 0x4059F37: coq_aern_hyper_v85::operands (in /tmp/calcium-consumer-builds.X7kU2Y/calcium-reuse/release/coq-aern-hyper-v85)
==20==    by 0x4057449: coq_aern_hyper_v85::main (in /tmp/calcium-consumer-builds.X7kU2Y/calcium-reuse/release/coq-aern-hyper-v85)
==20==    by 0x405AEC2: std::sys::backtrace::__rust_begin_short_backtrace::<fn(), ()> (in /tmp/calcium-consumer-builds.X7kU2Y/calcium-reuse/release/coq-aern-hyper-v85)
==20==    by 0x405B278: std::rt::lang_start::<()>::{closure#0} (in /tmp/calcium-consumer-builds.X7kU2Y/calcium-reuse/release/coq-aern-hyper-v85)
==20==    by 0x41313B6: std::rt::lang_start_internal (in /tmp/calcium-consumer-builds.X7kU2Y/calcium-reuse/release/coq-aern-hyper-v85)
==20==    by 0x405AA54: main (in /tmp/calcium-consumer-builds.X7kU2Y/calcium-reuse/release/coq-aern-hyper-v85)
==20== 
==20== 104 bytes in 1 blocks are still reachable in loss record 10 of 25
==20==    at 0x49C3AE6: malloc (vg_replace_malloc.c:447)
==20==    by 0x406A432: <hyperreal::rational::arithmetic::Rational>::extract_square_reduced (in /tmp/calcium-consumer-builds.X7kU2Y/calcium-reuse/release/coq-aern-hyper-v85)
==20==    by 0x406AF29: <hyperreal::rational::arithmetic::Rational>::extract_square_reduced_retained (in /tmp/calcium-consumer-builds.X7kU2Y/calcium-reuse/release/coq-aern-hyper-v85)
==20==    by 0x408E36F: <hyperreal::real::arithmetic::Real>::sqrt (in /tmp/calcium-consumer-builds.X7kU2Y/calcium-reuse/release/coq-aern-hyper-v85)
==20==    by 0x4059FEC: coq_aern_hyper_v85::operands (in /tmp/calcium-consumer-builds.X7kU2Y/calcium-reuse/release/coq-aern-hyper-v85)
==20==    by 0x4057449: coq_aern_hyper_v85::main (in /tmp/calcium-consumer-builds.X7kU2Y/calcium-reuse/release/coq-aern-hyper-v85)
==20==    by 0x405AEC2: std::sys::backtrace::__rust_begin_short_backtrace::<fn(), ()> (in /tmp/calcium-consumer-builds.X7kU2Y/calcium-reuse/release/coq-aern-hyper-v85)
==20==    by 0x405B278: std::rt::lang_start::<()>::{closure#0} (in /tmp/calcium-consumer-builds.X7kU2Y/calcium-reuse/release/coq-aern-hyper-v85)
==20==    by 0x41313B6: std::rt::lang_start_internal (in /tmp/calcium-consumer-builds.X7kU2Y/calcium-reuse/release/coq-aern-hyper-v85)
==20==    by 0x405AA54: main (in /tmp/calcium-consumer-builds.X7kU2Y/calcium-reuse/release/coq-aern-hyper-v85)
==20== 
==20== 104 bytes in 1 blocks are still reachable in loss record 11 of 25
==20==    at 0x49C3AE6: malloc (vg_replace_malloc.c:447)
==20==    by 0x406A5A5: <hyperreal::rational::arithmetic::Rational>::extract_square_reduced (in /tmp/calcium-consumer-builds.X7kU2Y/calcium-reuse/release/coq-aern-hyper-v85)
==20==    by 0x406AF29: <hyperreal::rational::arithmetic::Rational>::extract_square_reduced_retained (in /tmp/calcium-consumer-builds.X7kU2Y/calcium-reuse/release/coq-aern-hyper-v85)
==20==    by 0x408E36F: <hyperreal::real::arithmetic::Real>::sqrt (in /tmp/calcium-consumer-builds.X7kU2Y/calcium-reuse/release/coq-aern-hyper-v85)
==20==    by 0x4059FEC: coq_aern_hyper_v85::operands (in /tmp/calcium-consumer-builds.X7kU2Y/calcium-reuse/release/coq-aern-hyper-v85)
==20==    by 0x4057449: coq_aern_hyper_v85::main (in /tmp/calcium-consumer-builds.X7kU2Y/calcium-reuse/release/coq-aern-hyper-v85)
==20==    by 0x405AEC2: std::sys::backtrace::__rust_begin_short_backtrace::<fn(), ()> (in /tmp/calcium-consumer-builds.X7kU2Y/calcium-reuse/release/coq-aern-hyper-v85)
==20==    by 0x405B278: std::rt::lang_start::<()>::{closure#0} (in /tmp/calcium-consumer-builds.X7kU2Y/calcium-reuse/release/coq-aern-hyper-v85)
==20==    by 0x41313B6: std::rt::lang_start_internal (in /tmp/calcium-consumer-builds.X7kU2Y/calcium-reuse/release/coq-aern-hyper-v85)
==20==    by 0x405AA54: main (in /tmp/calcium-consumer-builds.X7kU2Y/calcium-reuse/release/coq-aern-hyper-v85)
==20== 
==20== 104 bytes in 1 blocks are still reachable in loss record 12 of 25
==20==    at 0x49C3AE6: malloc (vg_replace_malloc.c:447)
==20==    by 0x40F3E9A: <std::sync::once::Once>::call_once_force::<<std::sync::once_lock::OnceLock<hyperreal::rational::arithmetic::Rational>>::initialize<<std::sync::once_lock::OnceLock<hyperreal::rational::arithmetic::Rational>>::get_or_init<<hyperreal::rational::arithmetic::Rational>::small_reduced_dyadic::{closure#0}>::{closure#0}, !>::{closure#0}>::{closure#0} (in /tmp/calcium-consumer-builds.X7kU2Y/calcium-reuse/release/coq-aern-hyper-v85)
==20==    by 0x4123C38: <std::sys::sync::once::futex::Once>::call (in /tmp/calcium-consumer-builds.X7kU2Y/calcium-reuse/release/coq-aern-hyper-v85)
==20==    by 0x40F32A8: <std::sync::once_lock::OnceLock<hyperreal::rational::arithmetic::Rational>>::initialize::<<std::sync::once_lock::OnceLock<hyperreal::rational::arithmetic::Rational>>::get_or_init<<hyperreal::rational::arithmetic::Rational>::small_reduced_dyadic::{closure#0}>::{closure#0}, !> (in /tmp/calcium-consumer-builds.X7kU2Y/calcium-reuse/release/coq-aern-hyper-v85)
==20==    by 0x407869A: <hyperreal::rational::arithmetic::Rational>::small_reduced_dyadic (in /tmp/calcium-consumer-builds.X7kU2Y/calcium-reuse/release/coq-aern-hyper-v85)
==20==    by 0x40801F6: <hyperreal::rational::arithmetic::Rational>::from_reduced_word_parts (in /tmp/calcium-consumer-builds.X7kU2Y/calcium-reuse/release/coq-aern-hyper-v85)
==20==    by 0x405DECC: <&hyperreal::rational::arithmetic::Rational as core::ops::arith::Div>::div (in /tmp/calcium-consumer-builds.X7kU2Y/calcium-reuse/release/coq-aern-hyper-v85)
==20==    by 0x4052F28: <&hyperreal::real::arithmetic::Real as core::ops::arith::Div>::div (in /tmp/calcium-consumer-builds.X7kU2Y/calcium-reuse/release/coq-aern-hyper-v85)
==20==    by 0x405759F: coq_aern_hyper_v85::main (in /tmp/calcium-consumer-builds.X7kU2Y/calcium-reuse/release/coq-aern-hyper-v85)
==20==    by 0x405AEC2: std::sys::backtrace::__rust_begin_short_backtrace::<fn(), ()> (in /tmp/calcium-consumer-builds.X7kU2Y/calcium-reuse/release/coq-aern-hyper-v85)
==20==    by 0x405B278: std::rt::lang_start::<()>::{closure#0} (in /tmp/calcium-consumer-builds.X7kU2Y/calcium-reuse/release/coq-aern-hyper-v85)
==20==    by 0x41313B6: std::rt::lang_start_internal (in /tmp/calcium-consumer-builds.X7kU2Y/calcium-reuse/release/coq-aern-hyper-v85)
==20== 
==20== 104 bytes in 1 blocks are still reachable in loss record 13 of 25
==20==    at 0x49C3AE6: malloc (vg_replace_malloc.c:447)
==20==    by 0x407912F: <hyperreal::rational::arithmetic::Rational>::from_fraction_parts_reduced (in /tmp/calcium-consumer-builds.X7kU2Y/calcium-reuse/release/coq-aern-hyper-v85)
==20==    by 0x409532F: <hyperreal::real::arithmetic::Real>::certified_dyadic_interval::scaled_integer (in /tmp/calcium-consumer-builds.X7kU2Y/calcium-reuse/release/coq-aern-hyper-v85)
==20==    by 0x4094BA6: <hyperreal::real::arithmetic::Real>::certified_dyadic_interval (in /tmp/calcium-consumer-builds.X7kU2Y/calcium-reuse/release/coq-aern-hyper-v85)
==20==    by 0x4059CD8: coq_aern_hyper_v85::bounds (in /tmp/calcium-consumer-builds.X7kU2Y/calcium-reuse/release/coq-aern-hyper-v85)
==20==    by 0x4058290: coq_aern_hyper_v85::main (in /tmp/calcium-consumer-builds.X7kU2Y/calcium-reuse/release/coq-aern-hyper-v85)
==20==    by 0x405AEC2: std::sys::backtrace::__rust_begin_short_backtrace::<fn(), ()> (in /tmp/calcium-consumer-builds.X7kU2Y/calcium-reuse/release/coq-aern-hyper-v85)
==20==    by 0x405B278: std::rt::lang_start::<()>::{closure#0} (in /tmp/calcium-consumer-builds.X7kU2Y/calcium-reuse/release/coq-aern-hyper-v85)
==20==    by 0x41313B6: std::rt::lang_start_internal (in /tmp/calcium-consumer-builds.X7kU2Y/calcium-reuse/release/coq-aern-hyper-v85)
==20==    by 0x405AA54: main (in /tmp/calcium-consumer-builds.X7kU2Y/calcium-reuse/release/coq-aern-hyper-v85)
==20== 
==20== 104 bytes in 1 blocks are still reachable in loss record 14 of 25
==20==    at 0x49C3AE6: malloc (vg_replace_malloc.c:447)
==20==    by 0x4080542: <hyperreal::rational::arithmetic::Rational>::from_reduced_word_parts (in /tmp/calcium-consumer-builds.X7kU2Y/calcium-reuse/release/coq-aern-hyper-v85)
==20==    by 0x40871E1: <&hyperreal::rational::arithmetic::Rational as core::ops::arith::Mul>::mul (in /tmp/calcium-consumer-builds.X7kU2Y/calcium-reuse/release/coq-aern-hyper-v85)
==20==    by 0x4094E90: <hyperreal::real::arithmetic::Real>::certified_dyadic_interval (in /tmp/calcium-consumer-builds.X7kU2Y/calcium-reuse/release/coq-aern-hyper-v85)
==20==    by 0x4059CD8: coq_aern_hyper_v85::bounds (in /tmp/calcium-consumer-builds.X7kU2Y/calcium-reuse/release/coq-aern-hyper-v85)
==20==    by 0x4058290: coq_aern_hyper_v85::main (in /tmp/calcium-consumer-builds.X7kU2Y/calcium-reuse/release/coq-aern-hyper-v85)
==20==    by 0x405AEC2: std::sys::backtrace::__rust_begin_short_backtrace::<fn(), ()> (in /tmp/calcium-consumer-builds.X7kU2Y/calcium-reuse/release/coq-aern-hyper-v85)
==20==    by 0x405B278: std::rt::lang_start::<()>::{closure#0} (in /tmp/calcium-consumer-builds.X7kU2Y/calcium-reuse/release/coq-aern-hyper-v85)
==20==    by 0x41313B6: std::rt::lang_start_internal (in /tmp/calcium-consumer-builds.X7kU2Y/calcium-reuse/release/coq-aern-hyper-v85)
==20==    by 0x405AA54: main (in /tmp/calcium-consumer-builds.X7kU2Y/calcium-reuse/release/coq-aern-hyper-v85)
==20== 
==20== 104 bytes in 1 blocks are still reachable in loss record 15 of 25
==20==    at 0x49C3AE6: malloc (vg_replace_malloc.c:447)
==20==    by 0x40F3D04: <std::sync::once::Once>::call_once_force::<<std::sync::once_lock::OnceLock<hyperreal::rational::arithmetic::Rational>>::initialize<<std::sync::once_lock::OnceLock<hyperreal::rational::arithmetic::Rational>>::get_or_init<<hyperreal::rational::arithmetic::Rational>::small_integer::{closure#0}>::{closure#0}, !>::{closure#0}>::{closure#0} (in /tmp/calcium-consumer-builds.X7kU2Y/calcium-reuse/release/coq-aern-hyper-v85)
==20==    by 0x4123C38: <std::sys::sync::once::futex::Once>::call (in /tmp/calcium-consumer-builds.X7kU2Y/calcium-reuse/release/coq-aern-hyper-v85)
==20==    by 0x40F3254: <std::sync::once_lock::OnceLock<hyperreal::rational::arithmetic::Rational>>::initialize::<<std::sync::once_lock::OnceLock<hyperreal::rational::arithmetic::Rational>>::get_or_init<<hyperreal::rational::arithmetic::Rational>::small_integer::{closure#0}>::{closure#0}, !> (in /tmp/calcium-consumer-builds.X7kU2Y/calcium-reuse/release/coq-aern-hyper-v85)
==20==    by 0x4078BCD: <hyperreal::rational::arithmetic::Rational>::from_primitive_integer (in /tmp/calcium-consumer-builds.X7kU2Y/calcium-reuse/release/coq-aern-hyper-v85)
==20==    by 0x405A063: coq_aern_hyper_v85::operands (in /tmp/calcium-consumer-builds.X7kU2Y/calcium-reuse/release/coq-aern-hyper-v85)
==20==    by 0x405714B: coq_aern_hyper_v85::main (in /tmp/calcium-consumer-builds.X7kU2Y/calcium-reuse/release/coq-aern-hyper-v85)
==20==    by 0x405AEC2: std::sys::backtrace::__rust_begin_short_backtrace::<fn(), ()> (in /tmp/calcium-consumer-builds.X7kU2Y/calcium-reuse/release/coq-aern-hyper-v85)
==20==    by 0x405B278: std::rt::lang_start::<()>::{closure#0} (in /tmp/calcium-consumer-builds.X7kU2Y/calcium-reuse/release/coq-aern-hyper-v85)
==20==    by 0x41313B6: std::rt::lang_start_internal (in /tmp/calcium-consumer-builds.X7kU2Y/calcium-reuse/release/coq-aern-hyper-v85)
==20==    by 0x405AA54: main (in /tmp/calcium-consumer-builds.X7kU2Y/calcium-reuse/release/coq-aern-hyper-v85)
==20== 
==20== 104 bytes in 1 blocks are still reachable in loss record 16 of 25
==20==    at 0x49C3AE6: malloc (vg_replace_malloc.c:447)
==20==    by 0x40F3D04: <std::sync::once::Once>::call_once_force::<<std::sync::once_lock::OnceLock<hyperreal::rational::arithmetic::Rational>>::initialize<<std::sync::once_lock::OnceLock<hyperreal::rational::arithmetic::Rational>>::get_or_init<<hyperreal::rational::arithmetic::Rational>::small_integer::{closure#0}>::{closure#0}, !>::{closure#0}>::{closure#0} (in /tmp/calcium-consumer-builds.X7kU2Y/calcium-reuse/release/coq-aern-hyper-v85)
==20==    by 0x4123C38: <std::sys::sync::once::futex::Once>::call (in /tmp/calcium-consumer-builds.X7kU2Y/calcium-reuse/release/coq-aern-hyper-v85)
==20==    by 0x40F3254: <std::sync::once_lock::OnceLock<hyperreal::rational::arithmetic::Rational>>::initialize::<<std::sync::once_lock::OnceLock<hyperreal::rational::arithmetic::Rational>>::get_or_init<<hyperreal::rational::arithmetic::Rational>::small_integer::{closure#0}>::{closure#0}, !> (in /tmp/calcium-consumer-builds.X7kU2Y/calcium-reuse/release/coq-aern-hyper-v85)
==20==    by 0x40803BC: <hyperreal::rational::arithmetic::Rational>::from_reduced_word_parts (in /tmp/calcium-consumer-builds.X7kU2Y/calcium-reuse/release/coq-aern-hyper-v85)
==20==    by 0x40871E1: <&hyperreal::rational::arithmetic::Rational as core::ops::arith::Mul>::mul (in /tmp/calcium-consumer-builds.X7kU2Y/calcium-reuse/release/coq-aern-hyper-v85)
==20==    by 0x40A18E2: <hyperreal::computable::node::Computable>::exact_sign (in /tmp/calcium-consumer-builds.X7kU2Y/calcium-reuse/release/coq-aern-hyper-v85)
==20==    by 0x409DDB1: <hyperreal::computable::node::Computable>::structural_facts (in /tmp/calcium-consumer-builds.X7kU2Y/calcium-reuse/release/coq-aern-hyper-v85)
==20==    by 0x405A650: <hyperreal::real::arithmetic::Real>::structural_facts (in /tmp/calcium-consumer-builds.X7kU2Y/calcium-reuse/release/coq-aern-hyper-v85)
==20==    by 0x4057202: coq_aern_hyper_v85::main (in /tmp/calcium-consumer-builds.X7kU2Y/calcium-reuse/release/coq-aern-hyper-v85)
==20==    by 0x405AEC2: std::sys::backtrace::__rust_begin_short_backtrace::<fn(), ()> (in /tmp/calcium-consumer-builds.X7kU2Y/calcium-reuse/release/coq-aern-hyper-v85)
==20==    by 0x405B278: std::rt::lang_start::<()>::{closure#0} (in /tmp/calcium-consumer-builds.X7kU2Y/calcium-reuse/release/coq-aern-hyper-v85)
==20== 
==20== 104 bytes in 1 blocks are still reachable in loss record 17 of 25
==20==    at 0x49C3AE6: malloc (vg_replace_malloc.c:447)
==20==    by 0x4080542: <hyperreal::rational::arithmetic::Rational>::from_reduced_word_parts (in /tmp/calcium-consumer-builds.X7kU2Y/calcium-reuse/release/coq-aern-hyper-v85)
==20==    by 0x406C7E8: <hyperreal::rational::arithmetic::Rational>::add_sub_words (in /tmp/calcium-consumer-builds.X7kU2Y/calcium-reuse/release/coq-aern-hyper-v85)
==20==    by 0x406FF91: <hyperreal::rational::arithmetic::Rational>::add_ref (in /tmp/calcium-consumer-builds.X7kU2Y/calcium-reuse/release/coq-aern-hyper-v85)
==20==    by 0x404E154: <&hyperreal::real::arithmetic::Real as core::ops::arith::Add>::add (in /tmp/calcium-consumer-builds.X7kU2Y/calcium-reuse/release/coq-aern-hyper-v85)
==20==    by 0x405A165: coq_aern_hyper_v85::operands (in /tmp/calcium-consumer-builds.X7kU2Y/calcium-reuse/release/coq-aern-hyper-v85)
==20==    by 0x405714B: coq_aern_hyper_v85::main (in /tmp/calcium-consumer-builds.X7kU2Y/calcium-reuse/release/coq-aern-hyper-v85)
==20==    by 0x405AEC2: std::sys::backtrace::__rust_begin_short_backtrace::<fn(), ()> (in /tmp/calcium-consumer-builds.X7kU2Y/calcium-reuse/release/coq-aern-hyper-v85)
==20==    by 0x405B278: std::rt::lang_start::<()>::{closure#0} (in /tmp/calcium-consumer-builds.X7kU2Y/calcium-reuse/release/coq-aern-hyper-v85)
==20==    by 0x41313B6: std::rt::lang_start_internal (in /tmp/calcium-consumer-builds.X7kU2Y/calcium-reuse/release/coq-aern-hyper-v85)
==20==    by 0x405AA54: main (in /tmp/calcium-consumer-builds.X7kU2Y/calcium-reuse/release/coq-aern-hyper-v85)
==20== 
==20== 104 bytes in 1 blocks are still reachable in loss record 18 of 25
==20==    at 0x49C3AE6: malloc (vg_replace_malloc.c:447)
==20==    by 0x4080542: <hyperreal::rational::arithmetic::Rational>::from_reduced_word_parts (in /tmp/calcium-consumer-builds.X7kU2Y/calcium-reuse/release/coq-aern-hyper-v85)
==20==    by 0x406C7E8: <hyperreal::rational::arithmetic::Rational>::add_sub_words (in /tmp/calcium-consumer-builds.X7kU2Y/calcium-reuse/release/coq-aern-hyper-v85)
==20==    by 0x406FF91: <hyperreal::rational::arithmetic::Rational>::add_ref (in /tmp/calcium-consumer-builds.X7kU2Y/calcium-reuse/release/coq-aern-hyper-v85)
==20==    by 0x404E154: <&hyperreal::real::arithmetic::Real as core::ops::arith::Add>::add (in /tmp/calcium-consumer-builds.X7kU2Y/calcium-reuse/release/coq-aern-hyper-v85)
==20==    by 0x405A165: coq_aern_hyper_v85::operands (in /tmp/calcium-consumer-builds.X7kU2Y/calcium-reuse/release/coq-aern-hyper-v85)
==20==    by 0x4057449: coq_aern_hyper_v85::main (in /tmp/calcium-consumer-builds.X7kU2Y/calcium-reuse/release/coq-aern-hyper-v85)
==20==    by 0x405AEC2: std::sys::backtrace::__rust_begin_short_backtrace::<fn(), ()> (in /tmp/calcium-consumer-builds.X7kU2Y/calcium-reuse/release/coq-aern-hyper-v85)
==20==    by 0x405B278: std::rt::lang_start::<()>::{closure#0} (in /tmp/calcium-consumer-builds.X7kU2Y/calcium-reuse/release/coq-aern-hyper-v85)
==20==    by 0x41313B6: std::rt::lang_start_internal (in /tmp/calcium-consumer-builds.X7kU2Y/calcium-reuse/release/coq-aern-hyper-v85)
==20==    by 0x405AA54: main (in /tmp/calcium-consumer-builds.X7kU2Y/calcium-reuse/release/coq-aern-hyper-v85)
==20== 
==20== 104 bytes in 1 blocks are still reachable in loss record 19 of 25
==20==    at 0x49C3AE6: malloc (vg_replace_malloc.c:447)
==20==    by 0x406A5A5: <hyperreal::rational::arithmetic::Rational>::extract_square_reduced (in /tmp/calcium-consumer-builds.X7kU2Y/calcium-reuse/release/coq-aern-hyper-v85)
==20==    by 0x40BF829: <hyperreal::computable::node::Computable>::exact_quadratic_surd::parse (in /tmp/calcium-consumer-builds.X7kU2Y/calcium-reuse/release/coq-aern-hyper-v85)
==20==    by 0x40BF932: <hyperreal::computable::node::Computable>::exact_quadratic_surd::parse (in /tmp/calcium-consumer-builds.X7kU2Y/calcium-reuse/release/coq-aern-hyper-v85)
==20==    by 0x40BF757: <hyperreal::computable::node::Computable>::exact_quadratic_surd::parse (in /tmp/calcium-consumer-builds.X7kU2Y/calcium-reuse/release/coq-aern-hyper-v85)
==20==    by 0x40A4040: <hyperreal::computable::node::Computable>::exact_quadratic_surd (in /tmp/calcium-consumer-builds.X7kU2Y/calcium-reuse/release/coq-aern-hyper-v85)
==20==    by 0x40A15BE: <hyperreal::computable::node::Computable>::exact_sign (in /tmp/calcium-consumer-builds.X7kU2Y/calcium-reuse/release/coq-aern-hyper-v85)
==20==    by 0x409DDB1: <hyperreal::computable::node::Computable>::structural_facts (in /tmp/calcium-consumer-builds.X7kU2Y/calcium-reuse/release/coq-aern-hyper-v85)
==20==    by 0x405A650: <hyperreal::real::arithmetic::Real>::structural_facts (in /tmp/calcium-consumer-builds.X7kU2Y/calcium-reuse/release/coq-aern-hyper-v85)
==20==    by 0x4057214: coq_aern_hyper_v85::main (in /tmp/calcium-consumer-builds.X7kU2Y/calcium-reuse/release/coq-aern-hyper-v85)
==20==    by 0x405AEC2: std::sys::backtrace::__rust_begin_short_backtrace::<fn(), ()> (in /tmp/calcium-consumer-builds.X7kU2Y/calcium-reuse/release/coq-aern-hyper-v85)
==20==    by 0x405B278: std::rt::lang_start::<()>::{closure#0} (in /tmp/calcium-consumer-builds.X7kU2Y/calcium-reuse/release/coq-aern-hyper-v85)
==20== 
==20== 104 bytes in 1 blocks are still reachable in loss record 20 of 25
==20==    at 0x49C3AE6: malloc (vg_replace_malloc.c:447)
==20==    by 0x40F3E9A: <std::sync::once::Once>::call_once_force::<<std::sync::once_lock::OnceLock<hyperreal::rational::arithmetic::Rational>>::initialize<<std::sync::once_lock::OnceLock<hyperreal::rational::arithmetic::Rational>>::get_or_init<<hyperreal::rational::arithmetic::Rational>::small_reduced_dyadic::{closure#0}>::{closure#0}, !>::{closure#0}>::{closure#0} (in /tmp/calcium-consumer-builds.X7kU2Y/calcium-reuse/release/coq-aern-hyper-v85)
==20==    by 0x4123C38: <std::sys::sync::once::futex::Once>::call (in /tmp/calcium-consumer-builds.X7kU2Y/calcium-reuse/release/coq-aern-hyper-v85)
==20==    by 0x40F32A8: <std::sync::once_lock::OnceLock<hyperreal::rational::arithmetic::Rational>>::initialize::<<std::sync::once_lock::OnceLock<hyperreal::rational::arithmetic::Rational>>::get_or_init<<hyperreal::rational::arithmetic::Rational>::small_reduced_dyadic::{closure#0}>::{closure#0}, !> (in /tmp/calcium-consumer-builds.X7kU2Y/calcium-reuse/release/coq-aern-hyper-v85)
==20==    by 0x407869A: <hyperreal::rational::arithmetic::Rational>::small_reduced_dyadic (in /tmp/calcium-consumer-builds.X7kU2Y/calcium-reuse/release/coq-aern-hyper-v85)
==20==    by 0x40801F6: <hyperreal::rational::arithmetic::Rational>::from_reduced_word_parts (in /tmp/calcium-consumer-builds.X7kU2Y/calcium-reuse/release/coq-aern-hyper-v85)
==20==    by 0x40871E1: <&hyperreal::rational::arithmetic::Rational as core::ops::arith::Mul>::mul (in /tmp/calcium-consumer-builds.X7kU2Y/calcium-reuse/release/coq-aern-hyper-v85)
==20==    by 0x40A18F4: <hyperreal::computable::node::Computable>::exact_sign (in /tmp/calcium-consumer-builds.X7kU2Y/calcium-reuse/release/coq-aern-hyper-v85)
==20==    by 0x409DDB1: <hyperreal::computable::node::Computable>::structural_facts (in /tmp/calcium-consumer-builds.X7kU2Y/calcium-reuse/release/coq-aern-hyper-v85)
==20==    by 0x405A650: <hyperreal::real::arithmetic::Real>::structural_facts (in /tmp/calcium-consumer-builds.X7kU2Y/calcium-reuse/release/coq-aern-hyper-v85)
==20==    by 0x4057214: coq_aern_hyper_v85::main (in /tmp/calcium-consumer-builds.X7kU2Y/calcium-reuse/release/coq-aern-hyper-v85)
==20==    by 0x405AEC2: std::sys::backtrace::__rust_begin_short_backtrace::<fn(), ()> (in /tmp/calcium-consumer-builds.X7kU2Y/calcium-reuse/release/coq-aern-hyper-v85)
==20== 
==20== 104 bytes in 1 blocks are still reachable in loss record 21 of 25
==20==    at 0x49C3AE6: malloc (vg_replace_malloc.c:447)
==20==    by 0x4080542: <hyperreal::rational::arithmetic::Rational>::from_reduced_word_parts (in /tmp/calcium-consumer-builds.X7kU2Y/calcium-reuse/release/coq-aern-hyper-v85)
==20==    by 0x40871E1: <&hyperreal::rational::arithmetic::Rational as core::ops::arith::Mul>::mul (in /tmp/calcium-consumer-builds.X7kU2Y/calcium-reuse/release/coq-aern-hyper-v85)
==20==    by 0x40874A2: <hyperreal::rational::arithmetic::Rational as core::ops::arith::Mul<&hyperreal::rational::arithmetic::Rational>>::mul (in /tmp/calcium-consumer-builds.X7kU2Y/calcium-reuse/release/coq-aern-hyper-v85)
==20==    by 0x40A1904: <hyperreal::computable::node::Computable>::exact_sign (in /tmp/calcium-consumer-builds.X7kU2Y/calcium-reuse/release/coq-aern-hyper-v85)
==20==    by 0x409DDB1: <hyperreal::computable::node::Computable>::structural_facts (in /tmp/calcium-consumer-builds.X7kU2Y/calcium-reuse/release/coq-aern-hyper-v85)
==20==    by 0x405A650: <hyperreal::real::arithmetic::Real>::structural_facts (in /tmp/calcium-consumer-builds.X7kU2Y/calcium-reuse/release/coq-aern-hyper-v85)
==20==    by 0x4057214: coq_aern_hyper_v85::main (in /tmp/calcium-consumer-builds.X7kU2Y/calcium-reuse/release/coq-aern-hyper-v85)
==20==    by 0x405AEC2: std::sys::backtrace::__rust_begin_short_backtrace::<fn(), ()> (in /tmp/calcium-consumer-builds.X7kU2Y/calcium-reuse/release/coq-aern-hyper-v85)
==20==    by 0x405B278: std::rt::lang_start::<()>::{closure#0} (in /tmp/calcium-consumer-builds.X7kU2Y/calcium-reuse/release/coq-aern-hyper-v85)
==20==    by 0x41313B6: std::rt::lang_start_internal (in /tmp/calcium-consumer-builds.X7kU2Y/calcium-reuse/release/coq-aern-hyper-v85)
==20==    by 0x405AA54: main (in /tmp/calcium-consumer-builds.X7kU2Y/calcium-reuse/release/coq-aern-hyper-v85)
==20== 
==20== 104 bytes in 1 blocks are still reachable in loss record 22 of 25
==20==    at 0x49C3AE6: malloc (vg_replace_malloc.c:447)
==20==    by 0x40F3D04: <std::sync::once::Once>::call_once_force::<<std::sync::once_lock::OnceLock<hyperreal::rational::arithmetic::Rational>>::initialize<<std::sync::once_lock::OnceLock<hyperreal::rational::arithmetic::Rational>>::get_or_init<<hyperreal::rational::arithmetic::Rational>::small_integer::{closure#0}>::{closure#0}, !>::{closure#0}>::{closure#0} (in /tmp/calcium-consumer-builds.X7kU2Y/calcium-reuse/release/coq-aern-hyper-v85)
==20==    by 0x4123C38: <std::sys::sync::once::futex::Once>::call (in /tmp/calcium-consumer-builds.X7kU2Y/calcium-reuse/release/coq-aern-hyper-v85)
==20==    by 0x40F3254: <std::sync::once_lock::OnceLock<hyperreal::rational::arithmetic::Rational>>::initialize::<<std::sync::once_lock::OnceLock<hyperreal::rational::arithmetic::Rational>>::get_or_init<<hyperreal::rational::arithmetic::Rational>::small_integer::{closure#0}>::{closure#0}, !> (in /tmp/calcium-consumer-builds.X7kU2Y/calcium-reuse/release/coq-aern-hyper-v85)
==20==    by 0x40803BC: <hyperreal::rational::arithmetic::Rational>::from_reduced_word_parts (in /tmp/calcium-consumer-builds.X7kU2Y/calcium-reuse/release/coq-aern-hyper-v85)
==20==    by 0x406C7E8: <hyperreal::rational::arithmetic::Rational>::add_sub_words (in /tmp/calcium-consumer-builds.X7kU2Y/calcium-reuse/release/coq-aern-hyper-v85)
==20==    by 0x406FF91: <hyperreal::rational::arithmetic::Rational>::add_ref (in /tmp/calcium-consumer-builds.X7kU2Y/calcium-reuse/release/coq-aern-hyper-v85)
==20==    by 0x404E154: <&hyperreal::real::arithmetic::Real as core::ops::arith::Add>::add (in /tmp/calcium-consumer-builds.X7kU2Y/calcium-reuse/release/coq-aern-hyper-v85)
==20==    by 0x40574BC: coq_aern_hyper_v85::main (in /tmp/calcium-consumer-builds.X7kU2Y/calcium-reuse/release/coq-aern-hyper-v85)
==20==    by 0x405AEC2: std::sys::backtrace::__rust_begin_short_backtrace::<fn(), ()> (in /tmp/calcium-consumer-builds.X7kU2Y/calcium-reuse/release/coq-aern-hyper-v85)
==20==    by 0x405B278: std::rt::lang_start::<()>::{closure#0} (in /tmp/calcium-consumer-builds.X7kU2Y/calcium-reuse/release/coq-aern-hyper-v85)
==20==    by 0x41313B6: std::rt::lang_start_internal (in /tmp/calcium-consumer-builds.X7kU2Y/calcium-reuse/release/coq-aern-hyper-v85)
==20== 
==20== 176 bytes in 1 blocks are still reachable in loss record 23 of 25
==20==    at 0x49C3AE6: malloc (vg_replace_malloc.c:447)
==20==    by 0x406AB38: <hyperreal::rational::arithmetic::Rational>::retain_square_reduction (in /tmp/calcium-consumer-builds.X7kU2Y/calcium-reuse/release/coq-aern-hyper-v85)
==20==    by 0x406AF45: <hyperreal::rational::arithmetic::Rational>::extract_square_reduced_retained (in /tmp/calcium-consumer-builds.X7kU2Y/calcium-reuse/release/coq-aern-hyper-v85)
==20==    by 0x408E36F: <hyperreal::real::arithmetic::Real>::sqrt (in /tmp/calcium-consumer-builds.X7kU2Y/calcium-reuse/release/coq-aern-hyper-v85)
==20==    by 0x4059FEC: coq_aern_hyper_v85::operands (in /tmp/calcium-consumer-builds.X7kU2Y/calcium-reuse/release/coq-aern-hyper-v85)
==20==    by 0x4057449: coq_aern_hyper_v85::main (in /tmp/calcium-consumer-builds.X7kU2Y/calcium-reuse/release/coq-aern-hyper-v85)
==20==    by 0x405AEC2: std::sys::backtrace::__rust_begin_short_backtrace::<fn(), ()> (in /tmp/calcium-consumer-builds.X7kU2Y/calcium-reuse/release/coq-aern-hyper-v85)
==20==    by 0x405B278: std::rt::lang_start::<()>::{closure#0} (in /tmp/calcium-consumer-builds.X7kU2Y/calcium-reuse/release/coq-aern-hyper-v85)
==20==    by 0x41313B6: std::rt::lang_start_internal (in /tmp/calcium-consumer-builds.X7kU2Y/calcium-reuse/release/coq-aern-hyper-v85)
==20==    by 0x405AA54: main (in /tmp/calcium-consumer-builds.X7kU2Y/calcium-reuse/release/coq-aern-hyper-v85)
==20== 
==20== 176 bytes in 1 blocks are still reachable in loss record 24 of 25
==20==    at 0x49C3AE6: malloc (vg_replace_malloc.c:447)
==20==    by 0x406D5B2: <hyperreal::rational::arithmetic::Rational>::retain_linear (in /tmp/calcium-consumer-builds.X7kU2Y/calcium-reuse/release/coq-aern-hyper-v85)
==20==    by 0x4070635: <hyperreal::rational::arithmetic::Rational>::add_ref (in /tmp/calcium-consumer-builds.X7kU2Y/calcium-reuse/release/coq-aern-hyper-v85)
==20==    by 0x404E154: <&hyperreal::real::arithmetic::Real as core::ops::arith::Add>::add (in /tmp/calcium-consumer-builds.X7kU2Y/calcium-reuse/release/coq-aern-hyper-v85)
==20==    by 0x40574BC: coq_aern_hyper_v85::main (in /tmp/calcium-consumer-builds.X7kU2Y/calcium-reuse/release/coq-aern-hyper-v85)
==20==    by 0x405AEC2: std::sys::backtrace::__rust_begin_short_backtrace::<fn(), ()> (in /tmp/calcium-consumer-builds.X7kU2Y/calcium-reuse/release/coq-aern-hyper-v85)
==20==    by 0x405B278: std::rt::lang_start::<()>::{closure#0} (in /tmp/calcium-consumer-builds.X7kU2Y/calcium-reuse/release/coq-aern-hyper-v85)
==20==    by 0x41313B6: std::rt::lang_start_internal (in /tmp/calcium-consumer-builds.X7kU2Y/calcium-reuse/release/coq-aern-hyper-v85)
==20==    by 0x405AA54: main (in /tmp/calcium-consumer-builds.X7kU2Y/calcium-reuse/release/coq-aern-hyper-v85)
==20== 
==20== 544 bytes in 1 blocks are still reachable in loss record 25 of 25
==20==    at 0x49C3AE6: malloc (vg_replace_malloc.c:447)
==20==    by 0x4134229: std::sys::pal::unix::stack_overflow::thread_info::set_current_info (in /tmp/calcium-consumer-builds.X7kU2Y/calcium-reuse/release/coq-aern-hyper-v85)
==20==    by 0x41312EF: std::rt::lang_start_internal (in /tmp/calcium-consumer-builds.X7kU2Y/calcium-reuse/release/coq-aern-hyper-v85)
==20==    by 0x405AA54: main (in /tmp/calcium-consumer-builds.X7kU2Y/calcium-reuse/release/coq-aern-hyper-v85)
==20== 
==20== LEAK SUMMARY:
==20==    definitely lost: 0 bytes in 0 blocks
==20==    indirectly lost: 0 bytes in 0 blocks
==20==      possibly lost: 0 bytes in 0 blocks
==20==    still reachable: 3,008 bytes in 25 blocks
==20==         suppressed: 0 bytes in 0 blocks
==20== 
==20== For lists of detected and suppressed errors, rerun with: -s
==20== ERROR SUMMARY: 0 errors from 0 contexts (suppressed: 0 from 0)
