node:internal/child_process:1120
    result.error = new ErrnoException(result.error, 'spawnSync ' + options.file);
                   ^

<ref *1> Error: spawnSync /usr/bin/node-22 EPERM
    at Object.spawnSync (node:internal/child_process:1120:20)
    at spawnSync (node:child_process:902:24)
    at execFileSync (node:child_process:945:15)
    at file:///home/tim/Documents/GitHub/workspace/exactcore-hyper-comparison/audits/continuation/coq-aern/evidence-v85.mjs:19:40
    at ModuleJob.run (node:internal/modules/esm/module_job:343:25)
    at async onImport.tracePromise.__proto__ (node:internal/modules/esm/loader:665:26)
    at async asyncRunEntryPointWithESMLoader (node:internal/modules/run_main:117:5) {
  errno: -1,
  code: 'EPERM',
  syscall: 'spawnSync /usr/bin/node-22',
  path: '/usr/bin/node-22',
  spawnargs: [ 'inventory.mjs' ],
  error: [Circular *1],
  status: 1,
  signal: null,
  output: [
    null,
    '',
    'node:internal/child_process:1120\n' +
      "    result.error = new ErrnoException(result.error, 'spawnSync ' + options.file);\n" +
      '                   ^\n' +
      '\n' +
      '<ref *1> Error: spawnSync git EPERM\n' +
      '    at Object.spawnSync (node:internal/child_process:1120:20)\n' +
      '    at spawnSync (node:child_process:902:24)\n' +
      '    at execFileSync (node:child_process:945:15)\n' +
      '    at git (file:///home/tim/Documents/GitHub/workspace/exactcore-hyper-comparison/audits/continuation/coq-aern/inventory.mjs:6:69)\n' +
      '    at file:///home/tim/Documents/GitHub/workspace/exactcore-hyper-comparison/audits/continuation/coq-aern/inventory.mjs:7:14\n' +
      '    at ModuleJob.run (node:internal/modules/esm/module_job:343:25)\n' +
      '    at async onImport.tracePromise.__proto__ (node:internal/modules/esm/loader:665:26)\n' +
      '    at async asyncRunEntryPointWithESMLoader (node:internal/modules/run_main:117:5) {\n' +
      '  errno: -1,\n' +
      "  code: 'EPERM',\n" +
      "  syscall: 'spawnSync git',\n" +
      "  path: 'git',\n" +
      "  spawnargs: [ 'status', '--short', '--untracked-files=no' ],\n" +
      '  error: [Circular *1],\n' +
      '  status: 0,\n' +
      '  signal: null,\n' +
      "  output: [ null, '', '' ],\n" +
      '  pid: 60,\n' +
      "  stdout: '',\n" +
      "  stderr: ''\n" +
      '}\n' +
      '\n' +
      'Node.js v22.22.2\n'
  ],
  pid: 53,
  stdout: '',
  stderr: 'node:internal/child_process:1120\n' +
    "    result.error = new ErrnoException(result.error, 'spawnSync ' + options.file);\n" +
    '                   ^\n' +
    '\n' +
    '<ref *1> Error: spawnSync git EPERM\n' +
    '    at Object.spawnSync (node:internal/child_process:1120:20)\n' +
    '    at spawnSync (node:child_process:902:24)\n' +
    '    at execFileSync (node:child_process:945:15)\n' +
    '    at git (file:///home/tim/Documents/GitHub/workspace/exactcore-hyper-comparison/audits/continuation/coq-aern/inventory.mjs:6:69)\n' +
    '    at file:///home/tim/Documents/GitHub/workspace/exactcore-hyper-comparison/audits/continuation/coq-aern/inventory.mjs:7:14\n' +
    '    at ModuleJob.run (node:internal/modules/esm/module_job:343:25)\n' +
    '    at async onImport.tracePromise.__proto__ (node:internal/modules/esm/loader:665:26)\n' +
    '    at async asyncRunEntryPointWithESMLoader (node:internal/modules/run_main:117:5) {\n' +
    '  errno: -1,\n' +
    "  code: 'EPERM',\n" +
    "  syscall: 'spawnSync git',\n" +
    "  path: 'git',\n" +
    "  spawnargs: [ 'status', '--short', '--untracked-files=no' ],\n" +
    '  error: [Circular *1],\n' +
    '  status: 0,\n' +
    '  signal: null,\n' +
    "  output: [ null, '', '' ],\n" +
    '  pid: 60,\n' +
    "  stdout: '',\n" +
    "  stderr: ''\n" +
    '}\n' +
    '\n' +
    'Node.js v22.22.2\n'
}

Node.js v22.22.2
