node:internal/modules/run_main:123
    triggerUncaughtException(
    ^

AssertionError [ERR_ASSERTION]: live hypercurve/src/bezier_region.rs
+ actual - expected

+ 'e12be687983917c0c76ff88373a157eae221909d06cb836bec84a155a54957ca'
- '81f75094cf225e904f53463d649ecf87971a7c97d2eba3bf25ef61406e0c7ee4'

    at file:///home/tim/Documents/GitHub/workspace/exactcore-hyper-comparison/audits/continuation/coq-aern/evidence-v85.mjs:15:90
    at ModuleJob.run (node:internal/modules/esm/module_job:343:25)
    at async onImport.tracePromise.__proto__ (node:internal/modules/esm/loader:665:26)
    at async asyncRunEntryPointWithESMLoader (node:internal/modules/run_main:117:5) {
  generatedMessage: false,
  code: 'ERR_ASSERTION',
  actual: 'e12be687983917c0c76ff88373a157eae221909d06cb836bec84a155a54957ca',
  expected: '81f75094cf225e904f53463d649ecf87971a7c97d2eba3bf25ef61406e0c7ee4',
  operator: 'strictEqual',
  diff: 'simple'
}

Node.js v22.22.2
node:internal/errors:983
  const err = new Error(message);
              ^

Error: Command failed: /usr/bin/node-22 evidence-v85.mjs
node:internal/modules/run_main:123
    triggerUncaughtException(
    ^

AssertionError [ERR_ASSERTION]: live hypercurve/src/bezier_region.rs
+ actual - expected

+ 'e12be687983917c0c76ff88373a157eae221909d06cb836bec84a155a54957ca'
- '81f75094cf225e904f53463d649ecf87971a7c97d2eba3bf25ef61406e0c7ee4'

    at file:///home/tim/Documents/GitHub/workspace/exactcore-hyper-comparison/audits/continuation/coq-aern/evidence-v85.mjs:15:90
    at ModuleJob.run (node:internal/modules/esm/module_job:343:25)
    at async onImport.tracePromise.__proto__ (node:internal/modules/esm/loader:665:26)
    at async asyncRunEntryPointWithESMLoader (node:internal/modules/run_main:117:5) {
  generatedMessage: false,
  code: 'ERR_ASSERTION',
  actual: 'e12be687983917c0c76ff88373a157eae221909d06cb836bec84a155a54957ca',
  expected: '81f75094cf225e904f53463d649ecf87971a7c97d2eba3bf25ef61406e0c7ee4',
  operator: 'strictEqual',
  diff: 'simple'
}

Node.js v22.22.2

    at genericNodeError (node:internal/errors:983:15)
    at wrappedFn (node:internal/errors:537:14)
    at checkExecSyncError (node:child_process:916:11)
    at execFileSync (node:child_process:952:15)
    at run (file:///home/tim/Documents/GitHub/workspace/exactcore-hyper-comparison/audits/continuation/coq-aern/v86/evidence-v86.mjs:9:41)
    at file:///home/tim/Documents/GitHub/workspace/exactcore-hyper-comparison/audits/continuation/coq-aern/v86/evidence-v86.mjs:10:16
    at ModuleJob.run (node:internal/modules/esm/module_job:343:25)
    at async onImport.tracePromise.__proto__ (node:internal/modules/esm/loader:665:26)
    at async asyncRunEntryPointWithESMLoader (node:internal/modules/run_main:117:5) {
  status: 1,
  signal: null,
  output: [
    null,
    '',
    'node:internal/modules/run_main:123\n' +
      '    triggerUncaughtException(\n' +
      '    ^\n' +
      '\n' +
      'AssertionError [ERR_ASSERTION]: live hypercurve/src/bezier_region.rs\n' +
      '+ actual - expected\n' +
      '\n' +
      "+ 'e12be687983917c0c76ff88373a157eae221909d06cb836bec84a155a54957ca'\n" +
      "- '81f75094cf225e904f53463d649ecf87971a7c97d2eba3bf25ef61406e0c7ee4'\n" +
      '\n' +
      '    at file:///home/tim/Documents/GitHub/workspace/exactcore-hyper-comparison/audits/continuation/coq-aern/evidence-v85.mjs:15:90\n' +
      '    at ModuleJob.run (node:internal/modules/esm/module_job:343:25)\n' +
      '    at async onImport.tracePromise.__proto__ (node:internal/modules/esm/loader:665:26)\n' +
      '    at async asyncRunEntryPointWithESMLoader (node:internal/modules/run_main:117:5) {\n' +
      '  generatedMessage: false,\n' +
      "  code: 'ERR_ASSERTION',\n" +
      "  actual: 'e12be687983917c0c76ff88373a157eae221909d06cb836bec84a155a54957ca',\n" +
      "  expected: '81f75094cf225e904f53463d649ecf87971a7c97d2eba3bf25ef61406e0c7ee4',\n" +
      "  operator: 'strictEqual',\n" +
      "  diff: 'simple'\n" +
      '}\n' +
      '\n' +
      'Node.js v22.22.2\n'
  ],
  pid: 617288,
  stdout: '',
  stderr: 'node:internal/modules/run_main:123\n' +
    '    triggerUncaughtException(\n' +
    '    ^\n' +
    '\n' +
    'AssertionError [ERR_ASSERTION]: live hypercurve/src/bezier_region.rs\n' +
    '+ actual - expected\n' +
    '\n' +
    "+ 'e12be687983917c0c76ff88373a157eae221909d06cb836bec84a155a54957ca'\n" +
    "- '81f75094cf225e904f53463d649ecf87971a7c97d2eba3bf25ef61406e0c7ee4'\n" +
    '\n' +
    '    at file:///home/tim/Documents/GitHub/workspace/exactcore-hyper-comparison/audits/continuation/coq-aern/evidence-v85.mjs:15:90\n' +
    '    at ModuleJob.run (node:internal/modules/esm/module_job:343:25)\n' +
    '    at async onImport.tracePromise.__proto__ (node:internal/modules/esm/loader:665:26)\n' +
    '    at async asyncRunEntryPointWithESMLoader (node:internal/modules/run_main:117:5) {\n' +
    '  generatedMessage: false,\n' +
    "  code: 'ERR_ASSERTION',\n" +
    "  actual: 'e12be687983917c0c76ff88373a157eae221909d06cb836bec84a155a54957ca',\n" +
    "  expected: '81f75094cf225e904f53463d649ecf87971a7c97d2eba3bf25ef61406e0c7ee4',\n" +
    "  operator: 'strictEqual',\n" +
    "  diff: 'simple'\n" +
    '}\n' +
    '\n' +
    'Node.js v22.22.2\n'
}

Node.js v22.22.2
node:internal/errors:983
  const err = new Error(message);
              ^

Error: Command failed: /usr/bin/node-22 evidence-v86.mjs
node:internal/modules/run_main:123
    triggerUncaughtException(
    ^

AssertionError [ERR_ASSERTION]: live hypercurve/src/bezier_region.rs
+ actual - expected

+ 'e12be687983917c0c76ff88373a157eae221909d06cb836bec84a155a54957ca'
- '81f75094cf225e904f53463d649ecf87971a7c97d2eba3bf25ef61406e0c7ee4'

    at file:///home/tim/Documents/GitHub/workspace/exactcore-hyper-comparison/audits/continuation/coq-aern/evidence-v85.mjs:15:90
    at ModuleJob.run (node:internal/modules/esm/module_job:343:25)
    at async onImport.tracePromise.__proto__ (node:internal/modules/esm/loader:665:26)
    at async asyncRunEntryPointWithESMLoader (node:internal/modules/run_main:117:5) {
  generatedMessage: false,
  code: 'ERR_ASSERTION',
  actual: 'e12be687983917c0c76ff88373a157eae221909d06cb836bec84a155a54957ca',
  expected: '81f75094cf225e904f53463d649ecf87971a7c97d2eba3bf25ef61406e0c7ee4',
  operator: 'strictEqual',
  diff: 'simple'
}

Node.js v22.22.2
node:internal/errors:983
  const err = new Error(message);
              ^

Error: Command failed: /usr/bin/node-22 evidence-v85.mjs
node:internal/modules/run_main:123
    triggerUncaughtException(
    ^

AssertionError [ERR_ASSERTION]: live hypercurve/src/bezier_region.rs
+ actual - expected

+ 'e12be687983917c0c76ff88373a157eae221909d06cb836bec84a155a54957ca'
- '81f75094cf225e904f53463d649ecf87971a7c97d2eba3bf25ef61406e0c7ee4'

    at file:///home/tim/Documents/GitHub/workspace/exactcore-hyper-comparison/audits/continuation/coq-aern/evidence-v85.mjs:15:90
    at ModuleJob.run (node:internal/modules/esm/module_job:343:25)
    at async onImport.tracePromise.__proto__ (node:internal/modules/esm/loader:665:26)
    at async asyncRunEntryPointWithESMLoader (node:internal/modules/run_main:117:5) {
  generatedMessage: false,
  code: 'ERR_ASSERTION',
  actual: 'e12be687983917c0c76ff88373a157eae221909d06cb836bec84a155a54957ca',
  expected: '81f75094cf225e904f53463d649ecf87971a7c97d2eba3bf25ef61406e0c7ee4',
  operator: 'strictEqual',
  diff: 'simple'
}

Node.js v22.22.2

    at genericNodeError (node:internal/errors:983:15)
    at wrappedFn (node:internal/errors:537:14)
    at checkExecSyncError (node:child_process:916:11)
    at execFileSync (node:child_process:952:15)
    at run (file:///home/tim/Documents/GitHub/workspace/exactcore-hyper-comparison/audits/continuation/coq-aern/v86/evidence-v86.mjs:9:41)
    at file:///home/tim/Documents/GitHub/workspace/exactcore-hyper-comparison/audits/continuation/coq-aern/v86/evidence-v86.mjs:10:16
    at ModuleJob.run (node:internal/modules/esm/module_job:343:25)
    at async onImport.tracePromise.__proto__ (node:internal/modules/esm/loader:665:26)
    at async asyncRunEntryPointWithESMLoader (node:internal/modules/run_main:117:5) {
  status: 1,
  signal: null,
  output: [
    null,
    '',
    'node:internal/modules/run_main:123\n' +
      '    triggerUncaughtException(\n' +
      '    ^\n' +
      '\n' +
      'AssertionError [ERR_ASSERTION]: live hypercurve/src/bezier_region.rs\n' +
      '+ actual - expected\n' +
      '\n' +
      "+ 'e12be687983917c0c76ff88373a157eae221909d06cb836bec84a155a54957ca'\n" +
      "- '81f75094cf225e904f53463d649ecf87971a7c97d2eba3bf25ef61406e0c7ee4'\n" +
      '\n' +
      '    at file:///home/tim/Documents/GitHub/workspace/exactcore-hyper-comparison/audits/continuation/coq-aern/evidence-v85.mjs:15:90\n' +
      '    at ModuleJob.run (node:internal/modules/esm/module_job:343:25)\n' +
      '    at async onImport.tracePromise.__proto__ (node:internal/modules/esm/loader:665:26)\n' +
      '    at async asyncRunEntryPointWithESMLoader (node:internal/modules/run_main:117:5) {\n' +
      '  generatedMessage: false,\n' +
      "  code: 'ERR_ASSERTION',\n" +
      "  actual: 'e12be687983917c0c76ff88373a157eae221909d06cb836bec84a155a54957ca',\n" +
      "  expected: '81f75094cf225e904f53463d649ecf87971a7c97d2eba3bf25ef61406e0c7ee4',\n" +
      "  operator: 'strictEqual',\n" +
      "  diff: 'simple'\n" +
      '}\n' +
      '\n' +
      'Node.js v22.22.2\n'
  ],
  pid: 617288,
  stdout: '',
  stderr: 'node:internal/modules/run_main:123\n' +
    '    triggerUncaughtException(\n' +
    '    ^\n' +
    '\n' +
    'AssertionError [ERR_ASSERTION]: live hypercurve/src/bezier_region.rs\n' +
    '+ actual - expected\n' +
    '\n' +
    "+ 'e12be687983917c0c76ff88373a157eae221909d06cb836bec84a155a54957ca'\n" +
    "- '81f75094cf225e904f53463d649ecf87971a7c97d2eba3bf25ef61406e0c7ee4'\n" +
    '\n' +
    '    at file:///home/tim/Documents/GitHub/workspace/exactcore-hyper-comparison/audits/continuation/coq-aern/evidence-v85.mjs:15:90\n' +
    '    at ModuleJob.run (node:internal/modules/esm/module_job:343:25)\n' +
    '    at async onImport.tracePromise.__proto__ (node:internal/modules/esm/loader:665:26)\n' +
    '    at async asyncRunEntryPointWithESMLoader (node:internal/modules/run_main:117:5) {\n' +
    '  generatedMessage: false,\n' +
    "  code: 'ERR_ASSERTION',\n" +
    "  actual: 'e12be687983917c0c76ff88373a157eae221909d06cb836bec84a155a54957ca',\n" +
    "  expected: '81f75094cf225e904f53463d649ecf87971a7c97d2eba3bf25ef61406e0c7ee4',\n" +
    "  operator: 'strictEqual',\n" +
    "  diff: 'simple'\n" +
    '}\n' +
    '\n' +
    'Node.js v22.22.2\n'
}

Node.js v22.22.2

    at genericNodeError (node:internal/errors:983:15)
    at wrappedFn (node:internal/errors:537:14)
    at checkExecSyncError (node:child_process:916:11)
    at execFileSync (node:child_process:952:15)
    at run (file:///home/tim/Documents/GitHub/workspace/exactcore-hyper-comparison/audits/continuation/coq-aern/v87/evidence-v87.mjs:9:41)
    at file:///home/tim/Documents/GitHub/workspace/exactcore-hyper-comparison/audits/continuation/coq-aern/v87/evidence-v87.mjs:10:16
    at ModuleJob.run (node:internal/modules/esm/module_job:343:25)
    at async onImport.tracePromise.__proto__ (node:internal/modules/esm/loader:665:26)
    at async asyncRunEntryPointWithESMLoader (node:internal/modules/run_main:117:5) {
  status: 1,
  signal: null,
  output: [
    null,
    '',
    'node:internal/modules/run_main:123\n' +
      '    triggerUncaughtException(\n' +
      '    ^\n' +
      '\n' +
      'AssertionError [ERR_ASSERTION]: live hypercurve/src/bezier_region.rs\n' +
      '+ actual - expected\n' +
      '\n' +
      "+ 'e12be687983917c0c76ff88373a157eae221909d06cb836bec84a155a54957ca'\n" +
      "- '81f75094cf225e904f53463d649ecf87971a7c97d2eba3bf25ef61406e0c7ee4'\n" +
      '\n' +
      '    at file:///home/tim/Documents/GitHub/workspace/exactcore-hyper-comparison/audits/continuation/coq-aern/evidence-v85.mjs:15:90\n' +
      '    at ModuleJob.run (node:internal/modules/esm/module_job:343:25)\n' +
      '    at async onImport.tracePromise.__proto__ (node:internal/modules/esm/loader:665:26)\n' +
      '    at async asyncRunEntryPointWithESMLoader (node:internal/modules/run_main:117:5) {\n' +
      '  generatedMessage: false,\n' +
      "  code: 'ERR_ASSERTION',\n" +
      "  actual: 'e12be687983917c0c76ff88373a157eae221909d06cb836bec84a155a54957ca',\n" +
      "  expected: '81f75094cf225e904f53463d649ecf87971a7c97d2eba3bf25ef61406e0c7ee4',\n" +
      "  operator: 'strictEqual',\n" +
      "  diff: 'simple'\n" +
      '}\n' +
      '\n' +
      'Node.js v22.22.2\n' +
      'node:internal/errors:983\n' +
      '  const err = new Error(message);\n' +
      '              ^\n' +
      '\n' +
      'Error: Command failed: /usr/bin/node-22 evidence-v85.mjs\n' +
      'node:internal/modules/run_main:123\n' +
      '    triggerUncaughtException(\n' +
      '    ^\n' +
      '\n' +
      'AssertionError [ERR_ASSERTION]: live hypercurve/src/bezier_region.rs\n' +
      '+ actual - expected\n' +
      '\n' +
      "+ 'e12be687983917c0c76ff88373a157eae221909d06cb836bec84a155a54957ca'\n" +
      "- '81f75094cf225e904f53463d649ecf87971a7c97d2eba3bf25ef61406e0c7ee4'\n" +
      '\n' +
      '    at file:///home/tim/Documents/GitHub/workspace/exactcore-hyper-comparison/audits/continuation/coq-aern/evidence-v85.mjs:15:90\n' +
      '    at ModuleJob.run (node:internal/modules/esm/module_job:343:25)\n' +
      '    at async onImport.tracePromise.__proto__ (node:internal/modules/esm/loader:665:26)\n' +
      '    at async asyncRunEntryPointWithESMLoader (node:internal/modules/run_main:117:5) {\n' +
      '  generatedMessage: false,\n' +
      "  code: 'ERR_ASSERTION',\n" +
      "  actual: 'e12be687983917c0c76ff88373a157eae221909d06cb836bec84a155a54957ca',\n" +
      "  expected: '81f75094cf225e904f53463d649ecf87971a7c97d2eba3bf25ef61406e0c7ee4',\n" +
      "  operator: 'strictEqual',\n" +
      "  diff: 'simple'\n" +
      '}\n' +
      '\n' +
      'Node.js v22.22.2\n' +
      '\n' +
      '    at genericNodeError (node:internal/errors:983:15)\n' +
      '    at wrappedFn (node:internal/errors:537:14)\n' +
      '    at checkExecSyncError (node:child_process:916:11)\n' +
      '    at execFileSync (node:child_process:952:15)\n' +
      '    at run (file:///home/tim/Documents/GitHub/workspace/exactcore-hyper-comparison/audits/continuation/coq-aern/v86/evidence-v86.mjs:9:41)\n' +
      '    at file:///home/tim/Documents/GitHub/workspace/exactcore-hyper-comparison/audits/continuation/coq-aern/v86/evidence-v86.mjs:10:16\n' +
      '    at ModuleJob.run (node:internal/modules/esm/module_job:343:25)\n' +
      '    at async onImport.tracePromise.__proto__ (node:internal/modules/esm/loader:665:26)\n' +
      '    at async asyncRunEntryPointWithESMLoader (node:internal/modules/run_main:117:5) {\n' +
      '  status: 1,\n' +
      '  signal: null,\n' +
      '  output: [\n' +
      '    null,\n' +
      "    '',\n" +
      "    'node:internal/modules/run_main:123\\n' +\n" +
      "      '    triggerUncaughtException(\\n' +\n" +
      "      '    ^\\n' +\n" +
      "      '\\n' +\n" +
      "      'AssertionError [ERR_ASSERTION]: live hypercurve/src/bezier_region.rs\\n' +\n" +
      "      '+ actual - expected\\n' +\n" +
      "      '\\n' +\n" +
      `      "+ 'e12be687983917c0c76ff88373a157eae221909d06cb836bec84a155a54957ca'\\n" +\n` +
      `      "- '81f75094cf225e904f53463d649ecf87971a7c97d2eba3bf25ef61406e0c7ee4'\\n" +\n` +
      "      '\\n' +\n" +
      "      '    at file:///home/tim/Documents/GitHub/workspace/exactcore-hyper-comparison/audits/continuation/coq-aern/evidence-v85.mjs:15:90\\n' +\n" +
      "      '    at ModuleJob.run (node:internal/modules/esm/module_job:343:25)\\n' +\n" +
      "      '    at async onImport.tracePromise.__proto__ (node:internal/modules/esm/loader:665:26)\\n' +\n" +
      "      '    at async asyncRunEntryPointWithESMLoader (node:internal/modules/run_main:117:5) {\\n' +\n" +
      "      '  generatedMessage: false,\\n' +\n" +
      `      "  code: 'ERR_ASSERTION',\\n" +\n` +
      `      "  actual: 'e12be687983917c0c76ff88373a157eae221909d06cb836bec84a155a54957ca',\\n" +\n` +
      `      "  expected: '81f75094cf225e904f53463d649ecf87971a7c97d2eba3bf25ef61406e0c7ee4',\\n" +\n` +
      `      "  operator: 'strictEqual',\\n" +\n` +
      `      "  diff: 'simple'\\n" +\n` +
      "      '}\\n' +\n" +
      "      '\\n' +\n" +
      "      'Node.js v22.22.2\\n'\n" +
      '  ],\n' +
      '  pid: 617288,\n' +
      "  stdout: '',\n" +
      "  stderr: 'node:internal/modules/run_main:123\\n' +\n" +
      "    '    triggerUncaughtException(\\n' +\n" +
      "    '    ^\\n' +\n" +
      "    '\\n' +\n" +
      "    'AssertionError [ERR_ASSERTION]: live hypercurve/src/bezier_region.rs\\n' +\n" +
      "    '+ actual - expected\\n' +\n" +
      "    '\\n' +\n" +
      `    "+ 'e12be687983917c0c76ff88373a157eae221909d06cb836bec84a155a54957ca'\\n" +\n` +
      `    "- '81f75094cf225e904f53463d649ecf87971a7c97d2eba3bf25ef61406e0c7ee4'\\n" +\n` +
      "    '\\n' +\n" +
      "    '    at file:///home/tim/Documents/GitHub/workspace/exactcore-hyper-comparison/audits/continuation/coq-aern/evidence-v85.mjs:15:90\\n' +\n" +
      "    '    at ModuleJob.run (node:internal/modules/esm/module_job:343:25)\\n' +\n" +
      "    '    at async onImport.tracePromise.__proto__ (node:internal/modules/esm/loader:665:26)\\n' +\n" +
      "    '    at async asyncRunEntryPointWithESMLoader (node:internal/modules/run_main:117:5) {\\n' +\n" +
      "    '  generatedMessage: false,\\n' +\n" +
      `    "  code: 'ERR_ASSERTION',\\n" +\n` +
      `    "  actual: 'e12be687983917c0c76ff88373a157eae221909d06cb836bec84a155a54957ca',\\n" +\n` +
      `    "  expected: '81f75094cf225e904f53463d649ecf87971a7c97d2eba3bf25ef61406e0c7ee4',\\n" +\n` +
      `    "  operator: 'strictEqual',\\n" +\n` +
      `    "  diff: 'simple'\\n" +\n` +
      "    '}\\n' +\n" +
      "    '\\n' +\n" +
      "    'Node.js v22.22.2\\n'\n" +
      '}\n' +
      '\n' +
      'Node.js v22.22.2\n'
  ],
  pid: 617281,
  stdout: '',
  stderr: 'node:internal/modules/run_main:123\n' +
    '    triggerUncaughtException(\n' +
    '    ^\n' +
    '\n' +
    'AssertionError [ERR_ASSERTION]: live hypercurve/src/bezier_region.rs\n' +
    '+ actual - expected\n' +
    '\n' +
    "+ 'e12be687983917c0c76ff88373a157eae221909d06cb836bec84a155a54957ca'\n" +
    "- '81f75094cf225e904f53463d649ecf87971a7c97d2eba3bf25ef61406e0c7ee4'\n" +
    '\n' +
    '    at file:///home/tim/Documents/GitHub/workspace/exactcore-hyper-comparison/audits/continuation/coq-aern/evidence-v85.mjs:15:90\n' +
    '    at ModuleJob.run (node:internal/modules/esm/module_job:343:25)\n' +
    '    at async onImport.tracePromise.__proto__ (node:internal/modules/esm/loader:665:26)\n' +
    '    at async asyncRunEntryPointWithESMLoader (node:internal/modules/run_main:117:5) {\n' +
    '  generatedMessage: false,\n' +
    "  code: 'ERR_ASSERTION',\n" +
    "  actual: 'e12be687983917c0c76ff88373a157eae221909d06cb836bec84a155a54957ca',\n" +
    "  expected: '81f75094cf225e904f53463d649ecf87971a7c97d2eba3bf25ef61406e0c7ee4',\n" +
    "  operator: 'strictEqual',\n" +
    "  diff: 'simple'\n" +
    '}\n' +
    '\n' +
    'Node.js v22.22.2\n' +
    'node:internal/errors:983\n' +
    '  const err = new Error(message);\n' +
    '              ^\n' +
    '\n' +
    'Error: Command failed: /usr/bin/node-22 evidence-v85.mjs\n' +
    'node:internal/modules/run_main:123\n' +
    '    triggerUncaughtException(\n' +
    '    ^\n' +
    '\n' +
    'AssertionError [ERR_ASSERTION]: live hypercurve/src/bezier_region.rs\n' +
    '+ actual - expected\n' +
    '\n' +
    "+ 'e12be687983917c0c76ff88373a157eae221909d06cb836bec84a155a54957ca'\n" +
    "- '81f75094cf225e904f53463d649ecf87971a7c97d2eba3bf25ef61406e0c7ee4'\n" +
    '\n' +
    '    at file:///home/tim/Documents/GitHub/workspace/exactcore-hyper-comparison/audits/continuation/coq-aern/evidence-v85.mjs:15:90\n' +
    '    at ModuleJob.run (node:internal/modules/esm/module_job:343:25)\n' +
    '    at async onImport.tracePromise.__proto__ (node:internal/modules/esm/loader:665:26)\n' +
    '    at async asyncRunEntryPointWithESMLoader (node:internal/modules/run_main:117:5) {\n' +
    '  generatedMessage: false,\n' +
    "  code: 'ERR_ASSERTION',\n" +
    "  actual: 'e12be687983917c0c76ff88373a157eae221909d06cb836bec84a155a54957ca',\n" +
    "  expected: '81f75094cf225e904f53463d649ecf87971a7c97d2eba3bf25ef61406e0c7ee4',\n" +
    "  operator: 'strictEqual',\n" +
    "  diff: 'simple'\n" +
    '}\n' +
    '\n' +
    'Node.js v22.22.2\n' +
    '\n' +
    '    at genericNodeError (node:internal/errors:983:15)\n' +
    '    at wrappedFn (node:internal/errors:537:14)\n' +
    '    at checkExecSyncError (node:child_process:916:11)\n' +
    '    at execFileSync (node:child_process:952:15)\n' +
    '    at run (file:///home/tim/Documents/GitHub/workspace/exactcore-hyper-comparison/audits/continuation/coq-aern/v86/evidence-v86.mjs:9:41)\n' +
    '    at file:///home/tim/Documents/GitHub/workspace/exactcore-hyper-comparison/audits/continuation/coq-aern/v86/evidence-v86.mjs:10:16\n' +
    '    at ModuleJob.run (node:internal/modules/esm/module_job:343:25)\n' +
    '    at async onImport.tracePromise.__proto__ (node:internal/modules/esm/loader:665:26)\n' +
    '    at async asyncRunEntryPointWithESMLoader (node:internal/modules/run_main:117:5) {\n' +
    '  status: 1,\n' +
    '  signal: null,\n' +
    '  output: [\n' +
    '    null,\n' +
    "    '',\n" +
    "    'node:internal/modules/run_main:123\\n' +\n" +
    "      '    triggerUncaughtException(\\n' +\n" +
    "      '    ^\\n' +\n" +
    "      '\\n' +\n" +
    "      'AssertionError [ERR_ASSERTION]: live hypercurve/src/bezier_region.rs\\n' +\n" +
    "      '+ actual - expected\\n' +\n" +
    "      '\\n' +\n" +
    `      "+ 'e12be687983917c0c76ff88373a157eae221909d06cb836bec84a155a54957ca'\\n" +\n` +
    `      "- '81f75094cf225e904f53463d649ecf87971a7c97d2eba3bf25ef61406e0c7ee4'\\n" +\n` +
    "      '\\n' +\n" +
    "      '    at file:///home/tim/Documents/GitHub/workspace/exactcore-hyper-comparison/audits/continuation/coq-aern/evidence-v85.mjs:15:90\\n' +\n" +
    "      '    at ModuleJob.run (node:internal/modules/esm/module_job:343:25)\\n' +\n" +
    "      '    at async onImport.tracePromise.__proto__ (node:internal/modules/esm/loader:665:26)\\n' +\n" +
    "      '    at async asyncRunEntryPointWithESMLoader (node:internal/modules/run_main:117:5) {\\n' +\n" +
    "      '  generatedMessage: false,\\n' +\n" +
    `      "  code: 'ERR_ASSERTION',\\n" +\n` +
    `      "  actual: 'e12be687983917c0c76ff88373a157eae221909d06cb836bec84a155a54957ca',\\n" +\n` +
    `      "  expected: '81f75094cf225e904f53463d649ecf87971a7c97d2eba3bf25ef61406e0c7ee4',\\n" +\n` +
    `      "  operator: 'strictEqual',\\n" +\n` +
    `      "  diff: 'simple'\\n" +\n` +
    "      '}\\n' +\n" +
    "      '\\n' +\n" +
    "      'Node.js v22.22.2\\n'\n" +
    '  ],\n' +
    '  pid: 617288,\n' +
    "  stdout: '',\n" +
    "  stderr: 'node:internal/modules/run_main:123\\n' +\n" +
    "    '    triggerUncaughtException(\\n' +\n" +
    "    '    ^\\n' +\n" +
    "    '\\n' +\n" +
    "    'AssertionError [ERR_ASSERTION]: live hypercurve/src/bezier_region.rs\\n' +\n" +
    "    '+ actual - expected\\n' +\n" +
    "    '\\n' +\n" +
    `    "+ 'e12be687983917c0c76ff88373a157eae221909d06cb836bec84a155a54957ca'\\n" +\n` +
    `    "- '81f75094cf225e904f53463d649ecf87971a7c97d2eba3bf25ef61406e0c7ee4'\\n" +\n` +
    "    '\\n' +\n" +
    "    '    at file:///home/tim/Documents/GitHub/workspace/exactcore-hyper-comparison/audits/continuation/coq-aern/evidence-v85.mjs:15:90\\n' +\n" +
    "    '    at ModuleJob.run (node:internal/modules/esm/module_job:343:25)\\n' +\n" +
    "    '    at async onImport.tracePromise.__proto__ (node:internal/modules/esm/loader:665:26)\\n' +\n" +
    "    '    at async asyncRunEntryPointWithESMLoader (node:internal/modules/run_main:117:5) {\\n' +\n" +
    "    '  generatedMessage: false,\\n' +\n" +
    `    "  code: 'ERR_ASSERTION',\\n" +\n` +
    `    "  actual: 'e12be687983917c0c76ff88373a157eae221909d06cb836bec84a155a54957ca',\\n" +\n` +
    `    "  expected: '81f75094cf225e904f53463d649ecf87971a7c97d2eba3bf25ef61406e0c7ee4',\\n" +\n` +
    `    "  operator: 'strictEqual',\\n" +\n` +
    `    "  diff: 'simple'\\n" +\n` +
    "    '}\\n' +\n" +
    "    '\\n' +\n" +
    "    'Node.js v22.22.2\\n'\n" +
    '}\n' +
    '\n' +
    'Node.js v22.22.2\n'
}

Node.js v22.22.2
