   Compiling hyperreal v0.13.1 (/home/tim/Documents/GitHub/workspace/exactcore-hyper-comparison/audits/continuation/calcium/derivative-demand-candidate/hyperreal)
   Compiling hyperlattice v0.6.1 (/home/tim/Documents/GitHub/workspace/exactcore-hyper-comparison/audits/continuation/calcium/derivative-demand-candidate/hyperlattice)
   Compiling hyperlimit v0.4.1 (/home/tim/Documents/GitHub/workspace/exactcore-hyper-comparison/audits/continuation/calcium/derivative-demand-candidate/hyperlimit)
   Compiling hypertri v0.4.1 (/home/tim/Documents/GitHub/workspace/exactcore-hyper-comparison/audits/continuation/calcium/derivative-demand-candidate/hypertri)
   Compiling hypersolve v0.3.1 (/home/tim/Documents/GitHub/workspace/exactcore-hyper-comparison/audits/continuation/calcium/derivative-demand-candidate/hypersolve)
   Compiling hypercurve v0.3.1 (/home/tim/Documents/GitHub/workspace/exactcore-hyper-comparison/audits/continuation/calcium/derivative-demand-candidate/hypercurve)
    Finished `test` profile [unoptimized] target(s) in 46.05s
     Running unittests src/lib.rs (/tmp/calcium-consumer-builds.X7kU2Y/calcium-reuse/debug/deps/hypercurve-644dd15756392240)
     Running tests/exact_structural_facts.rs (/tmp/calcium-consumer-builds.X7kU2Y/calcium-reuse/debug/deps/exact_structural_facts-83e9d9f1b38ed330)
     Running tests/hypercurve_adversarial_polygons.rs (/tmp/calcium-consumer-builds.X7kU2Y/calcium-reuse/debug/deps/hypercurve_adversarial_polygons-437967dbbf5e7a7e)
     Running tests/hypercurve_analytic_parallel_region.rs (/tmp/calcium-consumer-builds.X7kU2Y/calcium-reuse/debug/deps/hypercurve_analytic_parallel_region-8a484e761a2e4b95)
     Running tests/hypercurve_arc_bezier.rs (/tmp/calcium-consumer-builds.X7kU2Y/calcium-reuse/debug/deps/hypercurve_arc_bezier-a0548d1c98315b04)
     Running tests/hypercurve_bbox.rs (/tmp/calcium-consumer-builds.X7kU2Y/calcium-reuse/debug/deps/hypercurve_bbox-88fb66e62f3f8ab4)
     Running tests/hypercurve_bezier_algebraic_image.rs (/tmp/calcium-consumer-builds.X7kU2Y/calcium-reuse/debug/deps/hypercurve_bezier_algebraic_image-8aa90c922ea77516)
     Running tests/hypercurve_bezier_algebraic_parameter.rs (/tmp/calcium-consumer-builds.X7kU2Y/calcium-reuse/debug/deps/hypercurve_bezier_algebraic_parameter-57e25eeb266a625e)
     Running tests/hypercurve_bezier_arrangement.rs (/tmp/calcium-consumer-builds.X7kU2Y/calcium-reuse/debug/deps/hypercurve_bezier_arrangement-ce3d3d30d44df866)
     Running tests/hypercurve_bezier_evaluation.rs (/tmp/calcium-consumer-builds.X7kU2Y/calcium-reuse/debug/deps/hypercurve_bezier_evaluation-64ce4288daed74d3)
     Running tests/hypercurve_bezier_fit_offset.rs (/tmp/calcium-consumer-builds.X7kU2Y/calcium-reuse/debug/deps/hypercurve_bezier_fit_offset-af699bca2de82f7f)
     Running tests/hypercurve_bezier_region.rs (/tmp/calcium-consumer-builds.X7kU2Y/calcium-reuse/debug/deps/hypercurve_bezier_region-fe7becad159d82a0)
     Running tests/hypercurve_bezier_split_materialization.rs (/tmp/calcium-consumer-builds.X7kU2Y/calcium-reuse/debug/deps/hypercurve_bezier_split_materialization-4c0252a63d21857c)
     Running tests/hypercurve_bezier_tangent_order.rs (/tmp/calcium-consumer-builds.X7kU2Y/calcium-reuse/debug/deps/hypercurve_bezier_tangent_order-cfbc0a3f7804a084)
     Running tests/hypercurve_bspline.rs (/tmp/calcium-consumer-builds.X7kU2Y/calcium-reuse/debug/deps/hypercurve_bspline-6a390f8074294a8c)
     Running tests/hypercurve_circle_predicates.rs (/tmp/calcium-consumer-builds.X7kU2Y/calcium-reuse/debug/deps/hypercurve_circle_predicates-73e7a5d88ff98d33)
     Running tests/hypercurve_contour.rs (/tmp/calcium-consumer-builds.X7kU2Y/calcium-reuse/debug/deps/hypercurve_contour-42f0a1559dc0f5c6)
     Running tests/hypercurve_curve.rs (/tmp/calcium-consumer-builds.X7kU2Y/calcium-reuse/debug/deps/hypercurve_curve-e1978ebd5b936694)
     Running tests/hypercurve_curve_intersection.rs (/tmp/calcium-consumer-builds.X7kU2Y/calcium-reuse/debug/deps/hypercurve_curve_intersection-65344eceb2a3fe84)
     Running tests/hypercurve_curve_region_boolean.rs (/tmp/calcium-consumer-builds.X7kU2Y/calcium-reuse/debug/deps/hypercurve_curve_region_boolean-4e2e53a66ff0c166)
     Running tests/hypercurve_curve_region_boolean_fuzz.rs (/tmp/calcium-consumer-builds.X7kU2Y/calcium-reuse/debug/deps/hypercurve_curve_region_boolean_fuzz-f77ab8cee6482022)
     Running tests/hypercurve_curve_region_promotion.rs (/tmp/calcium-consumer-builds.X7kU2Y/calcium-reuse/debug/deps/hypercurve_curve_region_promotion-cee0d235064f9e45)
     Running tests/hypercurve_curve_region_stroke.rs (/tmp/calcium-consumer-builds.X7kU2Y/calcium-reuse/debug/deps/hypercurve_curve_region_stroke-29c30170a5214791)
     Running tests/hypercurve_curve_string.rs (/tmp/calcium-consumer-builds.X7kU2Y/calcium-reuse/debug/deps/hypercurve_curve_string-741b37c9c4435cd5)
     Running tests/hypercurve_derivative_completeness.rs (/tmp/calcium-consumer-builds.X7kU2Y/calcium-reuse/debug/deps/hypercurve_derivative_completeness-8909b8b90cf1af14)
     Running tests/hypercurve_dispatch_trace.rs (/tmp/calcium-consumer-builds.X7kU2Y/calcium-reuse/debug/deps/hypercurve_dispatch_trace-496af3f377c64bcf)
     Running tests/hypercurve_events.rs (/tmp/calcium-consumer-builds.X7kU2Y/calcium-reuse/debug/deps/hypercurve_events-ab37d55a15ed61ff)
     Running tests/hypercurve_fragments.rs (/tmp/calcium-consumer-builds.X7kU2Y/calcium-reuse/debug/deps/hypercurve_fragments-352fb9593e1810bf)
     Running tests/hypercurve_fuzz_regressions.rs (/tmp/calcium-consumer-builds.X7kU2Y/calcium-reuse/debug/deps/hypercurve_fuzz_regressions-a953d6d89184713f)
     Running tests/hypercurve_geo_regressions.rs (/tmp/calcium-consumer-builds.X7kU2Y/calcium-reuse/debug/deps/hypercurve_geo_regressions-498f6892becf781e)
     Running tests/hypercurve_nurbs.rs (/tmp/calcium-consumer-builds.X7kU2Y/calcium-reuse/debug/deps/hypercurve_nurbs-79838b2a41704017)
     Running tests/hypercurve_nurbs_interpolation.rs (/tmp/calcium-consumer-builds.X7kU2Y/calcium-reuse/debug/deps/hypercurve_nurbs_interpolation-adecf9e6978739f4)
     Running tests/hypercurve_offset.rs (/tmp/calcium-consumer-builds.X7kU2Y/calcium-reuse/debug/deps/hypercurve_offset-0b551d4e5aca289f)
     Running tests/hypercurve_pcb_boolean_regressions.rs (/tmp/calcium-consumer-builds.X7kU2Y/calcium-reuse/debug/deps/hypercurve_pcb_boolean_regressions-f2f6665e2082df65)
     Running tests/hypercurve_polynomial_spline.rs (/tmp/calcium-consumer-builds.X7kU2Y/calcium-reuse/debug/deps/hypercurve_polynomial_spline-3c102625bd7ac8c8)
     Running tests/hypercurve_pr59_shape_regressions.rs (/tmp/calcium-consumer-builds.X7kU2Y/calcium-reuse/debug/deps/hypercurve_pr59_shape_regressions-60ac2933642ba454)
     Running tests/hypercurve_rational_bezier.rs (/tmp/calcium-consumer-builds.X7kU2Y/calcium-reuse/debug/deps/hypercurve_rational_bezier-ca9af9cf8f1ae426)
     Running tests/hypercurve_reconstruct.rs (/tmp/calcium-consumer-builds.X7kU2Y/calcium-reuse/debug/deps/hypercurve_reconstruct-c9f86da0cfe537ae)
     Running tests/hypercurve_self_contacts.rs (/tmp/calcium-consumer-builds.X7kU2Y/calcium-reuse/debug/deps/hypercurve_self_contacts-2beac7c1aa948e07)
     Running tests/hypercurve_split.rs (/tmp/calcium-consumer-builds.X7kU2Y/calcium-reuse/debug/deps/hypercurve_split-a635b2507ec00cee)
     Running tests/hypercurve_svg.rs (/tmp/calcium-consumer-builds.X7kU2Y/calcium-reuse/debug/deps/hypercurve_svg-9a4e081c707e1274)
     Running tests/hypercurve_triangulation.rs (/tmp/calcium-consumer-builds.X7kU2Y/calcium-reuse/debug/deps/hypercurve_triangulation-25456d21719287f2)
     Running tests/line_constant_coordinates.rs (/tmp/calcium-consumer-builds.X7kU2Y/calcium-reuse/debug/deps/line_constant_coordinates-f1b17d773465559c)
     Running tests/pathological_benchmark_fixture.rs (/tmp/calcium-consumer-builds.X7kU2Y/calcium-reuse/debug/deps/pathological_benchmark_fixture-84a7a5a70b6025fa)
     Running tests/readme.rs (/tmp/calcium-consumer-builds.X7kU2Y/calcium-reuse/debug/deps/readme-ff5c979556acbf19)
