    Checking num-traits v0.2.19
    Checking rand_core v0.10.1
    Checking smallvec v1.15.1
    Checking getrandom v0.4.2
    Checking ppv-lite86 v0.2.21
    Checking num-integer v0.1.46
    Checking num-complex v0.4.6
    Checking num-bigint v0.4.6
    Checking approx v0.5.1
    Checking num-iter v0.1.45
    Checking byteorder v1.5.0
    Checking equivalent v1.0.2
    Checking foldhash v0.2.0
    Checking allocator-api2 v0.2.21
    Checking hash32 v0.3.1
    Checking num-rational v0.4.2
    Checking rand_chacha v0.9.0
    Checking stable_deref_trait v1.2.1
    Checking bytemuck v1.25.1
    Checking num v0.4.3
    Checking hyperreal v0.13.1 (/home/tim/Documents/GitHub/workspace/exactcore-hyper-comparison/audits/continuation/calcium/derivative-demand-candidate/hyperreal)
    Checking safe_arch v1.0.0
    Checking heapless v0.8.0
    Checking rand v0.9.4
    Checking hashbrown v0.16.1
    Checking i_key_sort v0.10.3
    Checking i_float v1.16.0
    Checking cpufeatures v0.3.0
    Checking robust v1.2.0
    Checking spade v2.15.1
    Checking hyperlattice v0.6.1 (/home/tim/Documents/GitHub/workspace/exactcore-hyper-comparison/audits/continuation/calcium/derivative-demand-candidate/hyperlattice)
    Checking chacha20 v0.10.1
    Checking i_shape v1.18.0
    Checking thiserror v2.0.18
    Checking rstar v0.12.2
    Checking wide v1.5.0
    Checking anyhow v1.0.102
    Checking simba v0.9.1
    Checking i_tree v0.18.0
    Checking arrayvec v0.7.8
    Checking polycool v0.4.0
    Checking i_overlay v4.5.2
    Checking simba v0.10.0
    Checking nalgebra v0.34.2
    Checking argmin-math v0.5.1
    Checking hyperlimit v0.4.1 (/home/tim/Documents/GitHub/workspace/exactcore-hyper-comparison/audits/continuation/calcium/derivative-demand-candidate/hyperlimit)
    Checking geo-types v0.7.19
    Checking rand v0.10.2
    Checking earcut v0.4.5
    Checking rand_xoshiro v0.7.0
    Checking rand_pcg v0.10.2
    Checking i_float v3.0.0
    Checking geographiclib-rs v0.2.7
    Checking once_cell v1.21.4
    Checking float_next_after v2.0.0
    Checking log v0.4.29
    Checking sif-itree v0.4.1
    Checking web-time v1.1.0
    Checking geo v0.33.1
    Checking argmin v0.11.0
    Checking tempfile v3.27.0
    Checking i_shape v3.0.0
    Checking nalgebra v0.35.0
    Checking gauss-quad v0.3.1
    Checking kurbo v0.13.1
    Checking hashbrown v0.17.1
    Checking ordered-float v5.3.0
    Checking static_aabb2d_index v2.0.0
    Checking itertools v0.15.0
    Checking siphasher v1.0.3
    Checking i_tree v0.19.0
    Checking rusty-fork v0.3.1
    Checking i_overlay v7.0.2
    Checking svgtypes v0.16.1
    Checking cavalier_contours v0.7.0
    Checking hypertri v0.4.1 (/home/tim/Documents/GitHub/workspace/exactcore-hyper-comparison/audits/continuation/calcium/derivative-demand-candidate/hypertri)
    Checking curvo v0.1.91
    Checking hypersolve v0.3.1 (/home/tim/Documents/GitHub/workspace/exactcore-hyper-comparison/audits/continuation/calcium/derivative-demand-candidate/hypersolve)
    Checking svg v0.18.0
    Checking proptest v1.11.0
    Checking hypercurve v0.3.1 (/home/tim/Documents/GitHub/workspace/exactcore-hyper-comparison/audits/continuation/calcium/derivative-demand-candidate/hypercurve)
    Finished `dev` profile [unoptimized] target(s) in 40.81s
