   Compiling num-integer v0.1.46
   Compiling num-complex v0.4.6
   Compiling num-bigint v0.4.6
   Compiling num-iter v0.1.45
   Compiling either v1.15.0
   Compiling zerocopy v0.8.48
   Compiling rayon v1.12.0
   Compiling num-rational v0.4.2
   Compiling num v0.4.3
   Compiling smallvec v1.15.1
   Compiling hyperreal v0.13.1 (/home/tim/Documents/GitHub/workspace/exactcore-hyper-comparison/audits/continuation/calcium/derivative-demand-candidate/hyperreal)
   Compiling tempfile v3.27.0
   Compiling spade v2.15.1
   Compiling ppv-lite86 v0.2.21
   Compiling hyperlattice v0.6.1 (/home/tim/Documents/GitHub/workspace/exactcore-hyper-comparison/audits/continuation/calcium/derivative-demand-candidate/hyperlattice)
   Compiling i_key_sort v0.10.3
   Compiling rstar v0.12.2
   Compiling i_overlay v4.5.2
   Compiling hyperlimit v0.4.1 (/home/tim/Documents/GitHub/workspace/exactcore-hyper-comparison/audits/continuation/calcium/derivative-demand-candidate/hyperlimit)
   Compiling rusty-fork v0.3.1
   Compiling geo-types v0.7.19
   Compiling rand_chacha v0.9.0
   Compiling rand v0.10.2
   Compiling geo v0.33.1
   Compiling proptest v1.11.0
   Compiling hypersolve v0.3.1 (/home/tim/Documents/GitHub/workspace/exactcore-hyper-comparison/audits/continuation/calcium/derivative-demand-candidate/hypersolve)
   Compiling hypercurve v0.3.1 (/home/tim/Documents/GitHub/workspace/exactcore-hyper-comparison/audits/continuation/calcium/derivative-demand-candidate/hypercurve)
error[E0308]: mismatched types
   --> src/derivative_demand_tests.rs:5:35
    |
  5 |     Real::from(HyperRational::new(q))
    |                ------------------ ^ expected `i64`, found `Ratio<BigInt>`
    |                |
    |                arguments to this function are incorrect
    |
    = note: expected type `i64`
             found struct `Ratio<num::BigInt>`
note: associated function defined here
   --> /home/tim/Documents/GitHub/workspace/exactcore-hyper-comparison/audits/continuation/calcium/derivative-demand-candidate/hyperreal/src/rational/arithmetic/construction.rs:290:12
    |
290 |     pub fn new(n: i64) -> Self {
    |            ^^^

For more information about this error, try `rustc --explain E0308`.
error: could not compile `hypercurve` (lib test) due to 1 previous error
