==3252066== Memcheck, a memory error detector
==3252066== Copyright (C) 2002-2026, and GNU GPL'd, by Julian Seward et al.
==3252066== Using Valgrind-3.27.1 and LibVEX; rerun with -h for copyright info
==3252066== Command: /tmp/calcium-e-plan.mOIsBs/candidate-check numeric
==3252066== 
==3252066== 
==3252066== HEAP SUMMARY:
==3252066==     in use at exit: 35,656 bytes in 15 blocks
==3252066==   total heap usage: 104,083 allocs, 104,068 frees, 127,731,229 bytes allocated
==3252066== 
==3252066== 48 bytes in 1 blocks are still reachable in loss record 1 of 15
==3252066==    at 0x4A298E1: realloc (vg_replace_malloc.c:1741)
==3252066==    by 0x4090004: __gmp_default_reallocate (in /tmp/calcium-e-plan.mOIsBs/candidate-check)
==3252066==    by 0x40912F0: __gmpz_realloc (in /tmp/calcium-e-plan.mOIsBs/candidate-check)
==3252066==    by 0x4090952: __gmpz_cfdiv_q_2exp (in /tmp/calcium-e-plan.mOIsBs/candidate-check)
==3252066==    by 0x4086C6F: mpz_normalize (in /tmp/calcium-e-plan.mOIsBs/candidate-check)
==3252066==    by 0x40877B8: mpfr_exp_2 (in /tmp/calcium-e-plan.mOIsBs/candidate-check)
==3252066==    by 0x40791F8: mpfr_exp (in /tmp/calcium-e-plan.mOIsBs/candidate-check)
==3252066==    by 0x4072004: e_plan_candidate_check::enclose (in /tmp/calcium-e-plan.mOIsBs/candidate-check)
==3252066==    by 0x4070B84: e_plan_candidate_check::main (in /tmp/calcium-e-plan.mOIsBs/candidate-check)
==3252066==    by 0x406D2A2: std::sys::backtrace::__rust_begin_short_backtrace::<fn(), ()> (in /tmp/calcium-e-plan.mOIsBs/candidate-check)
==3252066==    by 0x4077608: std::rt::lang_start::<()>::{closure#0} (in /tmp/calcium-e-plan.mOIsBs/candidate-check)
==3252066==    by 0x4187C36: std::rt::lang_start_internal (in /tmp/calcium-e-plan.mOIsBs/candidate-check)
==3252066== 
==3252066== 56 bytes in 1 blocks are still reachable in loss record 2 of 15
==3252066==    at 0x4A21AE6: malloc (vg_replace_malloc.c:447)
==3252066==    by 0x413CAD3: <hyperreal::computable::node::ApproximationCache>::store (in /tmp/calcium-e-plan.mOIsBs/candidate-check)
==3252066==    by 0x412515B: <hyperreal::computable::node::Computable>::store_cache_value (in /tmp/calcium-e-plan.mOIsBs/candidate-check)
==3252066==    by 0x411F7DF: <hyperreal::computable::node::Computable>::approx_signal (in /tmp/calcium-e-plan.mOIsBs/candidate-check)
==3252066==    by 0x4070941: e_plan_candidate_check::main (in /tmp/calcium-e-plan.mOIsBs/candidate-check)
==3252066==    by 0x406D2A2: std::sys::backtrace::__rust_begin_short_backtrace::<fn(), ()> (in /tmp/calcium-e-plan.mOIsBs/candidate-check)
==3252066==    by 0x4077608: std::rt::lang_start::<()>::{closure#0} (in /tmp/calcium-e-plan.mOIsBs/candidate-check)
==3252066==    by 0x4187C36: std::rt::lang_start_internal (in /tmp/calcium-e-plan.mOIsBs/candidate-check)
==3252066==    by 0x4072934: main (in /tmp/calcium-e-plan.mOIsBs/candidate-check)
==3252066== 
==3252066== 80 bytes in 1 blocks are still reachable in loss record 3 of 15
==3252066==    at 0x4A21AE6: malloc (vg_replace_malloc.c:447)
==3252066==    by 0x408FFC8: __gmp_default_allocate (in /tmp/calcium-e-plan.mOIsBs/candidate-check)
==3252066==    by 0x4090E18: __gmpz_mul (in /tmp/calcium-e-plan.mOIsBs/candidate-check)
==3252066==    by 0x40877CC: mpfr_exp_2 (in /tmp/calcium-e-plan.mOIsBs/candidate-check)
==3252066==    by 0x40791F8: mpfr_exp (in /tmp/calcium-e-plan.mOIsBs/candidate-check)
==3252066==    by 0x4072004: e_plan_candidate_check::enclose (in /tmp/calcium-e-plan.mOIsBs/candidate-check)
==3252066==    by 0x4070B84: e_plan_candidate_check::main (in /tmp/calcium-e-plan.mOIsBs/candidate-check)
==3252066==    by 0x406D2A2: std::sys::backtrace::__rust_begin_short_backtrace::<fn(), ()> (in /tmp/calcium-e-plan.mOIsBs/candidate-check)
==3252066==    by 0x4077608: std::rt::lang_start::<()>::{closure#0} (in /tmp/calcium-e-plan.mOIsBs/candidate-check)
==3252066==    by 0x4187C36: std::rt::lang_start_internal (in /tmp/calcium-e-plan.mOIsBs/candidate-check)
==3252066==    by 0x4072934: main (in /tmp/calcium-e-plan.mOIsBs/candidate-check)
==3252066== 
==3252066== 160 bytes in 1 blocks are still reachable in loss record 4 of 15
==3252066==    at 0x4A21AE6: malloc (vg_replace_malloc.c:447)
==3252066==    by 0x408FFC8: __gmp_default_allocate (in /tmp/calcium-e-plan.mOIsBs/candidate-check)
==3252066==    by 0x4091323: __gmpz_realloc (in /tmp/calcium-e-plan.mOIsBs/candidate-check)
==3252066==    by 0x4090952: __gmpz_cfdiv_q_2exp (in /tmp/calcium-e-plan.mOIsBs/candidate-check)
==3252066==    by 0x4086EC2: mpfr_exp2_aux2 (in /tmp/calcium-e-plan.mOIsBs/candidate-check)
==3252066==    by 0x40879C5: mpfr_exp_2 (in /tmp/calcium-e-plan.mOIsBs/candidate-check)
==3252066==    by 0x40791F8: mpfr_exp (in /tmp/calcium-e-plan.mOIsBs/candidate-check)
==3252066==    by 0x4072004: e_plan_candidate_check::enclose (in /tmp/calcium-e-plan.mOIsBs/candidate-check)
==3252066==    by 0x4070B84: e_plan_candidate_check::main (in /tmp/calcium-e-plan.mOIsBs/candidate-check)
==3252066==    by 0x406D2A2: std::sys::backtrace::__rust_begin_short_backtrace::<fn(), ()> (in /tmp/calcium-e-plan.mOIsBs/candidate-check)
==3252066==    by 0x4077608: std::rt::lang_start::<()>::{closure#0} (in /tmp/calcium-e-plan.mOIsBs/candidate-check)
==3252066==    by 0x4187C36: std::rt::lang_start_internal (in /tmp/calcium-e-plan.mOIsBs/candidate-check)
==3252066== 
==3252066== 168 bytes in 1 blocks are still reachable in loss record 5 of 15
==3252066==    at 0x4A298E1: realloc (vg_replace_malloc.c:1741)
==3252066==    by 0x4090004: __gmp_default_reallocate (in /tmp/calcium-e-plan.mOIsBs/candidate-check)
==3252066==    by 0x40912F0: __gmpz_realloc (in /tmp/calcium-e-plan.mOIsBs/candidate-check)
==3252066==    by 0x4090952: __gmpz_cfdiv_q_2exp (in /tmp/calcium-e-plan.mOIsBs/candidate-check)
==3252066==    by 0x4086E30: mpfr_exp2_aux2 (in /tmp/calcium-e-plan.mOIsBs/candidate-check)
==3252066==    by 0x40879C5: mpfr_exp_2 (in /tmp/calcium-e-plan.mOIsBs/candidate-check)
==3252066==    by 0x40791F8: mpfr_exp (in /tmp/calcium-e-plan.mOIsBs/candidate-check)
==3252066==    by 0x4071FF2: e_plan_candidate_check::enclose (in /tmp/calcium-e-plan.mOIsBs/candidate-check)
==3252066==    by 0x4070B84: e_plan_candidate_check::main (in /tmp/calcium-e-plan.mOIsBs/candidate-check)
==3252066==    by 0x406D2A2: std::sys::backtrace::__rust_begin_short_backtrace::<fn(), ()> (in /tmp/calcium-e-plan.mOIsBs/candidate-check)
==3252066==    by 0x4077608: std::rt::lang_start::<()>::{closure#0} (in /tmp/calcium-e-plan.mOIsBs/candidate-check)
==3252066==    by 0x4187C36: std::rt::lang_start_internal (in /tmp/calcium-e-plan.mOIsBs/candidate-check)
==3252066== 
==3252066== 168 bytes in 1 blocks are still reachable in loss record 6 of 15
==3252066==    at 0x4A298E1: realloc (vg_replace_malloc.c:1741)
==3252066==    by 0x4090004: __gmp_default_reallocate (in /tmp/calcium-e-plan.mOIsBs/candidate-check)
==3252066==    by 0x40912F0: __gmpz_realloc (in /tmp/calcium-e-plan.mOIsBs/candidate-check)
==3252066==    by 0x40911E7: __gmpz_mul_2exp (in /tmp/calcium-e-plan.mOIsBs/candidate-check)
==3252066==    by 0x4086F28: mpfr_exp2_aux2 (in /tmp/calcium-e-plan.mOIsBs/candidate-check)
==3252066==    by 0x40879C5: mpfr_exp_2 (in /tmp/calcium-e-plan.mOIsBs/candidate-check)
==3252066==    by 0x40791F8: mpfr_exp (in /tmp/calcium-e-plan.mOIsBs/candidate-check)
==3252066==    by 0x4071FF2: e_plan_candidate_check::enclose (in /tmp/calcium-e-plan.mOIsBs/candidate-check)
==3252066==    by 0x4070B84: e_plan_candidate_check::main (in /tmp/calcium-e-plan.mOIsBs/candidate-check)
==3252066==    by 0x406D2A2: std::sys::backtrace::__rust_begin_short_backtrace::<fn(), ()> (in /tmp/calcium-e-plan.mOIsBs/candidate-check)
==3252066==    by 0x4077608: std::rt::lang_start::<()>::{closure#0} (in /tmp/calcium-e-plan.mOIsBs/candidate-check)
==3252066==    by 0x4187C36: std::rt::lang_start_internal (in /tmp/calcium-e-plan.mOIsBs/candidate-check)
==3252066== 
==3252066== 168 bytes in 1 blocks are still reachable in loss record 7 of 15
==3252066==    at 0x4A298E1: realloc (vg_replace_malloc.c:1741)
==3252066==    by 0x4090004: __gmp_default_reallocate (in /tmp/calcium-e-plan.mOIsBs/candidate-check)
==3252066==    by 0x40912F0: __gmpz_realloc (in /tmp/calcium-e-plan.mOIsBs/candidate-check)
==3252066==    by 0x4090952: __gmpz_cfdiv_q_2exp (in /tmp/calcium-e-plan.mOIsBs/candidate-check)
==3252066==    by 0x4086E30: mpfr_exp2_aux2 (in /tmp/calcium-e-plan.mOIsBs/candidate-check)
==3252066==    by 0x40879C5: mpfr_exp_2 (in /tmp/calcium-e-plan.mOIsBs/candidate-check)
==3252066==    by 0x40791F8: mpfr_exp (in /tmp/calcium-e-plan.mOIsBs/candidate-check)
==3252066==    by 0x4072004: e_plan_candidate_check::enclose (in /tmp/calcium-e-plan.mOIsBs/candidate-check)
==3252066==    by 0x4070B84: e_plan_candidate_check::main (in /tmp/calcium-e-plan.mOIsBs/candidate-check)
==3252066==    by 0x406D2A2: std::sys::backtrace::__rust_begin_short_backtrace::<fn(), ()> (in /tmp/calcium-e-plan.mOIsBs/candidate-check)
==3252066==    by 0x4077608: std::rt::lang_start::<()>::{closure#0} (in /tmp/calcium-e-plan.mOIsBs/candidate-check)
==3252066==    by 0x4187C36: std::rt::lang_start_internal (in /tmp/calcium-e-plan.mOIsBs/candidate-check)
==3252066== 
==3252066== 168 bytes in 1 blocks are still reachable in loss record 8 of 15
==3252066==    at 0x4A298E1: realloc (vg_replace_malloc.c:1741)
==3252066==    by 0x4090004: __gmp_default_reallocate (in /tmp/calcium-e-plan.mOIsBs/candidate-check)
==3252066==    by 0x40912F0: __gmpz_realloc (in /tmp/calcium-e-plan.mOIsBs/candidate-check)
==3252066==    by 0x40911E7: __gmpz_mul_2exp (in /tmp/calcium-e-plan.mOIsBs/candidate-check)
==3252066==    by 0x4086F28: mpfr_exp2_aux2 (in /tmp/calcium-e-plan.mOIsBs/candidate-check)
==3252066==    by 0x40879C5: mpfr_exp_2 (in /tmp/calcium-e-plan.mOIsBs/candidate-check)
==3252066==    by 0x40791F8: mpfr_exp (in /tmp/calcium-e-plan.mOIsBs/candidate-check)
==3252066==    by 0x4072004: e_plan_candidate_check::enclose (in /tmp/calcium-e-plan.mOIsBs/candidate-check)
==3252066==    by 0x4070B84: e_plan_candidate_check::main (in /tmp/calcium-e-plan.mOIsBs/candidate-check)
==3252066==    by 0x406D2A2: std::sys::backtrace::__rust_begin_short_backtrace::<fn(), ()> (in /tmp/calcium-e-plan.mOIsBs/candidate-check)
==3252066==    by 0x4077608: std::rt::lang_start::<()>::{closure#0} (in /tmp/calcium-e-plan.mOIsBs/candidate-check)
==3252066==    by 0x4187C36: std::rt::lang_start_internal (in /tmp/calcium-e-plan.mOIsBs/candidate-check)
==3252066== 
==3252066== 168 bytes in 1 blocks are still reachable in loss record 9 of 15
==3252066==    at 0x4A21AE6: malloc (vg_replace_malloc.c:447)
==3252066==    by 0x408FFC8: __gmp_default_allocate (in /tmp/calcium-e-plan.mOIsBs/candidate-check)
==3252066==    by 0x4091323: __gmpz_realloc (in /tmp/calcium-e-plan.mOIsBs/candidate-check)
==3252066==    by 0x4090952: __gmpz_cfdiv_q_2exp (in /tmp/calcium-e-plan.mOIsBs/candidate-check)
==3252066==    by 0x4086EC2: mpfr_exp2_aux2 (in /tmp/calcium-e-plan.mOIsBs/candidate-check)
==3252066==    by 0x40879C5: mpfr_exp_2 (in /tmp/calcium-e-plan.mOIsBs/candidate-check)
==3252066==    by 0x40791F8: mpfr_exp (in /tmp/calcium-e-plan.mOIsBs/candidate-check)
==3252066==    by 0x4071FF2: e_plan_candidate_check::enclose (in /tmp/calcium-e-plan.mOIsBs/candidate-check)
==3252066==    by 0x4070B84: e_plan_candidate_check::main (in /tmp/calcium-e-plan.mOIsBs/candidate-check)
==3252066==    by 0x406D2A2: std::sys::backtrace::__rust_begin_short_backtrace::<fn(), ()> (in /tmp/calcium-e-plan.mOIsBs/candidate-check)
==3252066==    by 0x4077608: std::rt::lang_start::<()>::{closure#0} (in /tmp/calcium-e-plan.mOIsBs/candidate-check)
==3252066==    by 0x4187C36: std::rt::lang_start_internal (in /tmp/calcium-e-plan.mOIsBs/candidate-check)
==3252066== 
==3252066== 176 bytes in 1 blocks are still reachable in loss record 10 of 15
==3252066==    at 0x4A298E1: realloc (vg_replace_malloc.c:1741)
==3252066==    by 0x4090004: __gmp_default_reallocate (in /tmp/calcium-e-plan.mOIsBs/candidate-check)
==3252066==    by 0x40912F0: __gmpz_realloc (in /tmp/calcium-e-plan.mOIsBs/candidate-check)
==3252066==    by 0x4090952: __gmpz_cfdiv_q_2exp (in /tmp/calcium-e-plan.mOIsBs/candidate-check)
==3252066==    by 0x4086E6F: mpfr_exp2_aux2 (in /tmp/calcium-e-plan.mOIsBs/candidate-check)
==3252066==    by 0x40879C5: mpfr_exp_2 (in /tmp/calcium-e-plan.mOIsBs/candidate-check)
==3252066==    by 0x40791F8: mpfr_exp (in /tmp/calcium-e-plan.mOIsBs/candidate-check)
==3252066==    by 0x4072004: e_plan_candidate_check::enclose (in /tmp/calcium-e-plan.mOIsBs/candidate-check)
==3252066==    by 0x4070B84: e_plan_candidate_check::main (in /tmp/calcium-e-plan.mOIsBs/candidate-check)
==3252066==    by 0x406D2A2: std::sys::backtrace::__rust_begin_short_backtrace::<fn(), ()> (in /tmp/calcium-e-plan.mOIsBs/candidate-check)
==3252066==    by 0x4077608: std::rt::lang_start::<()>::{closure#0} (in /tmp/calcium-e-plan.mOIsBs/candidate-check)
==3252066==    by 0x4187C36: std::rt::lang_start_internal (in /tmp/calcium-e-plan.mOIsBs/candidate-check)
==3252066== 
==3252066== 176 bytes in 1 blocks are still reachable in loss record 11 of 15
==3252066==    at 0x4A21AE6: malloc (vg_replace_malloc.c:447)
==3252066==    by 0x408FFC8: __gmp_default_allocate (in /tmp/calcium-e-plan.mOIsBs/candidate-check)
==3252066==    by 0x4091323: __gmpz_realloc (in /tmp/calcium-e-plan.mOIsBs/candidate-check)
==3252066==    by 0x4090952: __gmpz_cfdiv_q_2exp (in /tmp/calcium-e-plan.mOIsBs/candidate-check)
==3252066==    by 0x4086E6F: mpfr_exp2_aux2 (in /tmp/calcium-e-plan.mOIsBs/candidate-check)
==3252066==    by 0x40879C5: mpfr_exp_2 (in /tmp/calcium-e-plan.mOIsBs/candidate-check)
==3252066==    by 0x40791F8: mpfr_exp (in /tmp/calcium-e-plan.mOIsBs/candidate-check)
==3252066==    by 0x4071FF2: e_plan_candidate_check::enclose (in /tmp/calcium-e-plan.mOIsBs/candidate-check)
==3252066==    by 0x4070B84: e_plan_candidate_check::main (in /tmp/calcium-e-plan.mOIsBs/candidate-check)
==3252066==    by 0x406D2A2: std::sys::backtrace::__rust_begin_short_backtrace::<fn(), ()> (in /tmp/calcium-e-plan.mOIsBs/candidate-check)
==3252066==    by 0x4077608: std::rt::lang_start::<()>::{closure#0} (in /tmp/calcium-e-plan.mOIsBs/candidate-check)
==3252066==    by 0x4187C36: std::rt::lang_start_internal (in /tmp/calcium-e-plan.mOIsBs/candidate-check)
==3252066== 
==3252066== 192 bytes in 1 blocks are still reachable in loss record 12 of 15
==3252066==    at 0x4A21AE6: malloc (vg_replace_malloc.c:447)
==3252066==    by 0x408FFC8: __gmp_default_allocate (in /tmp/calcium-e-plan.mOIsBs/candidate-check)
==3252066==    by 0x4090E18: __gmpz_mul (in /tmp/calcium-e-plan.mOIsBs/candidate-check)
==3252066==    by 0x4087A01: mpfr_exp_2 (in /tmp/calcium-e-plan.mOIsBs/candidate-check)
==3252066==    by 0x40791F8: mpfr_exp (in /tmp/calcium-e-plan.mOIsBs/candidate-check)
==3252066==    by 0x4071FF2: e_plan_candidate_check::enclose (in /tmp/calcium-e-plan.mOIsBs/candidate-check)
==3252066==    by 0x4070B84: e_plan_candidate_check::main (in /tmp/calcium-e-plan.mOIsBs/candidate-check)
==3252066==    by 0x406D2A2: std::sys::backtrace::__rust_begin_short_backtrace::<fn(), ()> (in /tmp/calcium-e-plan.mOIsBs/candidate-check)
==3252066==    by 0x4077608: std::rt::lang_start::<()>::{closure#0} (in /tmp/calcium-e-plan.mOIsBs/candidate-check)
==3252066==    by 0x4187C36: std::rt::lang_start_internal (in /tmp/calcium-e-plan.mOIsBs/candidate-check)
==3252066==    by 0x4072934: main (in /tmp/calcium-e-plan.mOIsBs/candidate-check)
==3252066== 
==3252066== 544 bytes in 1 blocks are still reachable in loss record 13 of 15
==3252066==    at 0x4A21AE6: malloc (vg_replace_malloc.c:447)
==3252066==    by 0x418B069: std::sys::pal::unix::stack_overflow::thread_info::set_current_info (in /tmp/calcium-e-plan.mOIsBs/candidate-check)
==3252066==    by 0x4187B6F: std::rt::lang_start_internal (in /tmp/calcium-e-plan.mOIsBs/candidate-check)
==3252066==    by 0x4072934: main (in /tmp/calcium-e-plan.mOIsBs/candidate-check)
==3252066== 
==3252066== 608 bytes in 1 blocks are still reachable in loss record 14 of 15
==3252066==    at 0x4A298E1: realloc (vg_replace_malloc.c:1741)
==3252066==    by 0x4090004: __gmp_default_reallocate (in /tmp/calcium-e-plan.mOIsBs/candidate-check)
==3252066==    by 0x40825BD: mpfr_set_prec (in /tmp/calcium-e-plan.mOIsBs/candidate-check)
==3252066==    by 0x408D501: mpfr_cache (in /tmp/calcium-e-plan.mOIsBs/candidate-check)
==3252066==    by 0x40875DA: mpfr_exp_2 (in /tmp/calcium-e-plan.mOIsBs/candidate-check)
==3252066==    by 0x40791F8: mpfr_exp (in /tmp/calcium-e-plan.mOIsBs/candidate-check)
==3252066==    by 0x4071FF2: e_plan_candidate_check::enclose (in /tmp/calcium-e-plan.mOIsBs/candidate-check)
==3252066==    by 0x407090A: e_plan_candidate_check::main (in /tmp/calcium-e-plan.mOIsBs/candidate-check)
==3252066==    by 0x406D2A2: std::sys::backtrace::__rust_begin_short_backtrace::<fn(), ()> (in /tmp/calcium-e-plan.mOIsBs/candidate-check)
==3252066==    by 0x4077608: std::rt::lang_start::<()>::{closure#0} (in /tmp/calcium-e-plan.mOIsBs/candidate-check)
==3252066==    by 0x4187C36: std::rt::lang_start_internal (in /tmp/calcium-e-plan.mOIsBs/candidate-check)
==3252066==    by 0x4072934: main (in /tmp/calcium-e-plan.mOIsBs/candidate-check)
==3252066== 
==3252066== 32,776 bytes in 1 blocks are still reachable in loss record 15 of 15
==3252066==    at 0x4A21AE6: malloc (vg_replace_malloc.c:447)
==3252066==    by 0x4146772: <alloc::raw_vec::RawVecInner>::try_allocate_in (in /tmp/calcium-e-plan.mOIsBs/candidate-check)
==3252066==    by 0x411F770: <hyperreal::computable::node::Computable>::approx_signal (in /tmp/calcium-e-plan.mOIsBs/candidate-check)
==3252066==    by 0x4070941: e_plan_candidate_check::main (in /tmp/calcium-e-plan.mOIsBs/candidate-check)
==3252066==    by 0x406D2A2: std::sys::backtrace::__rust_begin_short_backtrace::<fn(), ()> (in /tmp/calcium-e-plan.mOIsBs/candidate-check)
==3252066==    by 0x4077608: std::rt::lang_start::<()>::{closure#0} (in /tmp/calcium-e-plan.mOIsBs/candidate-check)
==3252066==    by 0x4187C36: std::rt::lang_start_internal (in /tmp/calcium-e-plan.mOIsBs/candidate-check)
==3252066==    by 0x4072934: main (in /tmp/calcium-e-plan.mOIsBs/candidate-check)
==3252066== 
==3252066== LEAK SUMMARY:
==3252066==    definitely lost: 0 bytes in 0 blocks
==3252066==    indirectly lost: 0 bytes in 0 blocks
==3252066==      possibly lost: 0 bytes in 0 blocks
==3252066==    still reachable: 35,656 bytes in 15 blocks
==3252066==                       of which reachable via heuristic:
==3252066==                         newarray           : 608 bytes in 1 blocks
==3252066==         suppressed: 0 bytes in 0 blocks
==3252066== 
==3252066== For lists of detected and suppressed errors, rerun with: -s
==3252066== ERROR SUMMARY: 0 errors from 0 contexts (suppressed: 0 from 0)
