==3251961== Memcheck, a memory error detector
==3251961== Copyright (C) 2002-2026, and GNU GPL'd, by Julian Seward et al.
==3251961== Using Valgrind-3.27.1 and LibVEX; rerun with -h for copyright info
==3251961== Command: /tmp/calcium-e-plan.mOIsBs/baseline-check plans
==3251961== 
==3251961== 
==3251961== HEAP SUMMARY:
==3251961==     in use at exit: 544 bytes in 1 blocks
==3251961==   total heap usage: 1,505,899 allocs, 1,505,898 frees, 2,265,607,446 bytes allocated
==3251961== 
==3251961== 544 bytes in 1 blocks are still reachable in loss record 1 of 1
==3251961==    at 0x4A21AE6: malloc (vg_replace_malloc.c:447)
==3251961==    by 0x418AFB9: std::sys::pal::unix::stack_overflow::thread_info::set_current_info (in /tmp/calcium-e-plan.mOIsBs/baseline-check)
==3251961==    by 0x4187ABF: std::rt::lang_start_internal (in /tmp/calcium-e-plan.mOIsBs/baseline-check)
==3251961==    by 0x4073EF4: main (in /tmp/calcium-e-plan.mOIsBs/baseline-check)
==3251961== 
==3251961== LEAK SUMMARY:
==3251961==    definitely lost: 0 bytes in 0 blocks
==3251961==    indirectly lost: 0 bytes in 0 blocks
==3251961==      possibly lost: 0 bytes in 0 blocks
==3251961==    still reachable: 544 bytes in 1 blocks
==3251961==         suppressed: 0 bytes in 0 blocks
==3251961== 
==3251961== For lists of detected and suppressed errors, rerun with: -s
==3251961== ERROR SUMMARY: 0 errors from 0 contexts (suppressed: 0 from 0)
