    Blocking waiting for file lock on build directory
   Compiling num-traits v0.2.19
   Compiling serde_core v1.0.228
   Compiling serde v1.0.228
   Compiling zerocopy v0.8.48
   Compiling num-integer v0.1.46
   Compiling cfg-if v1.0.4
   Compiling zmij v1.0.21
   Compiling num-bigint v0.4.6
   Compiling half v2.7.1
   Compiling ciborium-io v0.2.2
   Compiling serde_json v1.0.149
   Compiling ciborium-ll v0.2.2
   Compiling num-rational v0.4.2
   Compiling num-complex v0.4.6
   Compiling num-iter v0.1.45
   Compiling itoa v1.0.18
   Compiling memchr v2.8.0
   Compiling num v0.4.3
   Compiling ciborium v0.2.2
   Compiling hyperreal v0.13.1 (/home/tim/Documents/GitHub/workspace/exactcore-hyper-comparison/audits/continuation/calcium/root-exp-reuse-trial-hyperreal)
    Finished `release` profile [optimized] target(s) in 3m 55s
