   Compiling hyperreal v0.13.1 (/home/tim/Documents/GitHub/workspace/exactcore-hyper-comparison/audits/continuation/calcium/e-plan-qualified-candidate/hyperreal)
   Compiling hyperlattice v0.6.1 (/home/tim/Documents/GitHub/workspace/exactcore-hyper-comparison/audits/continuation/calcium/e-plan-qualified-candidate/hyperlattice)
   Compiling hyperlimit v0.4.1 (/home/tim/Documents/GitHub/workspace/exactcore-hyper-comparison/audits/continuation/calcium/e-plan-qualified-candidate/hyperlimit)
   Compiling hypersolve v0.3.1 (/home/tim/Documents/GitHub/workspace/exactcore-hyper-comparison/audits/continuation/calcium/e-plan-qualified-candidate/hypersolve)
   Compiling hypertri v0.4.1 (/home/tim/Documents/GitHub/workspace/exactcore-hyper-comparison/audits/continuation/calcium/e-plan-qualified-candidate/hypertri)
   Compiling hypercurve v0.3.1 (/home/tim/Documents/GitHub/workspace/exactcore-hyper-comparison/audits/continuation/calcium/e-plan-qualified-candidate/hypercurve)
    Finished `release` profile [optimized] target(s) in 3m 51s
     Running unittests src/lib.rs (/tmp/calcium-consumer-builds.X7kU2Y/calcium-reuse/release/deps/hypercurve-4f2f2a466465276e)
     Running tests/exact_structural_facts.rs (/tmp/calcium-consumer-builds.X7kU2Y/calcium-reuse/release/deps/exact_structural_facts-767b62f4d529e9cc)
     Running tests/hypercurve_adversarial_polygons.rs (/tmp/calcium-consumer-builds.X7kU2Y/calcium-reuse/release/deps/hypercurve_adversarial_polygons-9165f0db13fd0505)
     Running tests/hypercurve_analytic_parallel_region.rs (/tmp/calcium-consumer-builds.X7kU2Y/calcium-reuse/release/deps/hypercurve_analytic_parallel_region-b298a05de64ce49f)
     Running tests/hypercurve_arc_bezier.rs (/tmp/calcium-consumer-builds.X7kU2Y/calcium-reuse/release/deps/hypercurve_arc_bezier-44ccc8efa49ebd83)
     Running tests/hypercurve_bbox.rs (/tmp/calcium-consumer-builds.X7kU2Y/calcium-reuse/release/deps/hypercurve_bbox-940a076c4732b409)
     Running tests/hypercurve_bezier_algebraic_image.rs (/tmp/calcium-consumer-builds.X7kU2Y/calcium-reuse/release/deps/hypercurve_bezier_algebraic_image-8c947a0ea3087737)
     Running tests/hypercurve_bezier_algebraic_parameter.rs (/tmp/calcium-consumer-builds.X7kU2Y/calcium-reuse/release/deps/hypercurve_bezier_algebraic_parameter-a9118de3c43aaaaa)
     Running tests/hypercurve_bezier_arrangement.rs (/tmp/calcium-consumer-builds.X7kU2Y/calcium-reuse/release/deps/hypercurve_bezier_arrangement-d2985f87b011e4b3)
     Running tests/hypercurve_bezier_evaluation.rs (/tmp/calcium-consumer-builds.X7kU2Y/calcium-reuse/release/deps/hypercurve_bezier_evaluation-f2abbbed2fb1e0d6)
     Running tests/hypercurve_bezier_fit_offset.rs (/tmp/calcium-consumer-builds.X7kU2Y/calcium-reuse/release/deps/hypercurve_bezier_fit_offset-152bc8b641a0d865)
     Running tests/hypercurve_bezier_region.rs (/tmp/calcium-consumer-builds.X7kU2Y/calcium-reuse/release/deps/hypercurve_bezier_region-58845a32790f1c5a)
     Running tests/hypercurve_bezier_split_materialization.rs (/tmp/calcium-consumer-builds.X7kU2Y/calcium-reuse/release/deps/hypercurve_bezier_split_materialization-c83f34e9c2e528a7)
     Running tests/hypercurve_bezier_tangent_order.rs (/tmp/calcium-consumer-builds.X7kU2Y/calcium-reuse/release/deps/hypercurve_bezier_tangent_order-f38533811b035af0)
     Running tests/hypercurve_bspline.rs (/tmp/calcium-consumer-builds.X7kU2Y/calcium-reuse/release/deps/hypercurve_bspline-212020e205ffcbc0)
     Running tests/hypercurve_circle_predicates.rs (/tmp/calcium-consumer-builds.X7kU2Y/calcium-reuse/release/deps/hypercurve_circle_predicates-3112206e98ab52bb)
     Running tests/hypercurve_contour.rs (/tmp/calcium-consumer-builds.X7kU2Y/calcium-reuse/release/deps/hypercurve_contour-03df9febe21eaa6c)
     Running tests/hypercurve_curve.rs (/tmp/calcium-consumer-builds.X7kU2Y/calcium-reuse/release/deps/hypercurve_curve-485217308af1da94)
     Running tests/hypercurve_curve_intersection.rs (/tmp/calcium-consumer-builds.X7kU2Y/calcium-reuse/release/deps/hypercurve_curve_intersection-e156adbcf8954a3e)
     Running tests/hypercurve_curve_region_boolean.rs (/tmp/calcium-consumer-builds.X7kU2Y/calcium-reuse/release/deps/hypercurve_curve_region_boolean-7ced38aecba698dc)
     Running tests/hypercurve_curve_region_boolean_fuzz.rs (/tmp/calcium-consumer-builds.X7kU2Y/calcium-reuse/release/deps/hypercurve_curve_region_boolean_fuzz-45a34b6c6b08ffd8)
     Running tests/hypercurve_curve_region_promotion.rs (/tmp/calcium-consumer-builds.X7kU2Y/calcium-reuse/release/deps/hypercurve_curve_region_promotion-547409cf11f8abe3)
     Running tests/hypercurve_curve_region_stroke.rs (/tmp/calcium-consumer-builds.X7kU2Y/calcium-reuse/release/deps/hypercurve_curve_region_stroke-e78a1645b4e0ac0a)
     Running tests/hypercurve_curve_string.rs (/tmp/calcium-consumer-builds.X7kU2Y/calcium-reuse/release/deps/hypercurve_curve_string-ee200fb14f92f59d)
     Running tests/hypercurve_derivative_completeness.rs (/tmp/calcium-consumer-builds.X7kU2Y/calcium-reuse/release/deps/hypercurve_derivative_completeness-9610aec5966f610f)
     Running tests/hypercurve_dispatch_trace.rs (/tmp/calcium-consumer-builds.X7kU2Y/calcium-reuse/release/deps/hypercurve_dispatch_trace-5de04b7781a612b8)
     Running tests/hypercurve_events.rs (/tmp/calcium-consumer-builds.X7kU2Y/calcium-reuse/release/deps/hypercurve_events-5962b5197bee4f13)
     Running tests/hypercurve_fragments.rs (/tmp/calcium-consumer-builds.X7kU2Y/calcium-reuse/release/deps/hypercurve_fragments-b288a7adbed2ce64)
     Running tests/hypercurve_fuzz_regressions.rs (/tmp/calcium-consumer-builds.X7kU2Y/calcium-reuse/release/deps/hypercurve_fuzz_regressions-b743819de9e85c4c)
     Running tests/hypercurve_geo_regressions.rs (/tmp/calcium-consumer-builds.X7kU2Y/calcium-reuse/release/deps/hypercurve_geo_regressions-0ce6679799fdc1d7)
     Running tests/hypercurve_nurbs.rs (/tmp/calcium-consumer-builds.X7kU2Y/calcium-reuse/release/deps/hypercurve_nurbs-8ddcd396e9ee97bb)
     Running tests/hypercurve_nurbs_interpolation.rs (/tmp/calcium-consumer-builds.X7kU2Y/calcium-reuse/release/deps/hypercurve_nurbs_interpolation-46d04e5ec6d48749)
     Running tests/hypercurve_offset.rs (/tmp/calcium-consumer-builds.X7kU2Y/calcium-reuse/release/deps/hypercurve_offset-3e70cd1caec52785)
     Running tests/hypercurve_pcb_boolean_regressions.rs (/tmp/calcium-consumer-builds.X7kU2Y/calcium-reuse/release/deps/hypercurve_pcb_boolean_regressions-bb950e22c82f9909)
     Running tests/hypercurve_polynomial_spline.rs (/tmp/calcium-consumer-builds.X7kU2Y/calcium-reuse/release/deps/hypercurve_polynomial_spline-ed3e2dab9f21a460)
     Running tests/hypercurve_pr59_shape_regressions.rs (/tmp/calcium-consumer-builds.X7kU2Y/calcium-reuse/release/deps/hypercurve_pr59_shape_regressions-711b43d4d4727856)
     Running tests/hypercurve_rational_bezier.rs (/tmp/calcium-consumer-builds.X7kU2Y/calcium-reuse/release/deps/hypercurve_rational_bezier-e911b5357da09a13)
     Running tests/hypercurve_reconstruct.rs (/tmp/calcium-consumer-builds.X7kU2Y/calcium-reuse/release/deps/hypercurve_reconstruct-8afefaa83ccbf07d)
     Running tests/hypercurve_self_contacts.rs (/tmp/calcium-consumer-builds.X7kU2Y/calcium-reuse/release/deps/hypercurve_self_contacts-d6b7fbda4ded4975)
     Running tests/hypercurve_split.rs (/tmp/calcium-consumer-builds.X7kU2Y/calcium-reuse/release/deps/hypercurve_split-853e98538434728a)
     Running tests/hypercurve_svg.rs (/tmp/calcium-consumer-builds.X7kU2Y/calcium-reuse/release/deps/hypercurve_svg-14ca8be9246f44b6)
     Running tests/hypercurve_triangulation.rs (/tmp/calcium-consumer-builds.X7kU2Y/calcium-reuse/release/deps/hypercurve_triangulation-39231d662fb4d975)
     Running tests/line_constant_coordinates.rs (/tmp/calcium-consumer-builds.X7kU2Y/calcium-reuse/release/deps/line_constant_coordinates-15514178e0a36eec)
     Running tests/pathological_benchmark_fixture.rs (/tmp/calcium-consumer-builds.X7kU2Y/calcium-reuse/release/deps/pathological_benchmark_fixture-ba8c6051a4fb5b34)
     Running tests/readme.rs (/tmp/calcium-consumer-builds.X7kU2Y/calcium-reuse/release/deps/readme-eebc089bef52802f)
   Doc-tests hypercurve
