   Compiling proc-macro2 v1.0.107
   Compiling quote v1.0.47
   Compiling serde_core v1.0.229
   Compiling serde v1.0.229
   Compiling zerocopy v0.8.56
   Compiling zmij v1.0.23
   Compiling libc v0.2.189
   Compiling serde_json v1.0.151
   Compiling memchr v2.8.3
   Compiling syn v3.0.4
   Compiling syn v2.0.119
   Compiling gmp-mpfr-sys v1.7.1
   Compiling rug v1.30.0
   Compiling serde_derive v1.0.229
   Compiling zerocopy-derive v0.8.56
   Compiling num-bigint v0.4.8
   Compiling num-complex v0.4.6
   Compiling num-rational v0.4.2
   Compiling num v0.4.3
   Compiling half v2.7.1
   Compiling ciborium-ll v0.2.2
   Compiling ciborium v0.2.2
   Compiling hyperreal v0.13.1 (/home/tim/Documents/GitHub/workspace/exactcore-hyper-comparison/audits/continuation/calcium/baseline-hyperreal)
   Compiling calcium-erf-baseline-qualification v0.1.0 (/home/tim/Documents/GitHub/workspace/exactcore-hyper-comparison/audits/continuation/calcium/erf-baseline-qualification)
    Finished `release` profile [optimized] target(s) in 18.16s
     Running `/home/tim/Documents/GitHub/workspace/.audit-builds/calcium-baseline/release/calcium-erf-baseline-qualification oracle`
