kind,case,precision,control,outcome
complement,0,-64,identity,Equal
complement,0,-64,perturbed,NotEqual
erf_odd,0,-64,identity,Equal
erf_odd,0,-64,perturbed,NotEqual
erfc_reflection,0,-64,identity,Unknown
erfc_reflection,0,-64,perturbed,NotEqual
complement,0,-256,identity,Equal
complement,0,-256,perturbed,NotEqual
erf_odd,0,-256,identity,Equal
erf_odd,0,-256,perturbed,NotEqual
erfc_reflection,0,-256,identity,Unknown
erfc_reflection,0,-256,perturbed,NotEqual
complement,0,-512,identity,Equal
complement,0,-512,perturbed,NotEqual
erf_odd,0,-512,identity,Equal
erf_odd,0,-512,perturbed,NotEqual
erfc_reflection,0,-512,identity,Unknown
erfc_reflection,0,-512,perturbed,NotEqual
complement,1,-64,identity,Equal
complement,1,-64,perturbed,NotEqual
erf_odd,1,-64,identity,Equal
erf_odd,1,-64,perturbed,NotEqual
erfc_reflection,1,-64,identity,Unknown
erfc_reflection,1,-64,perturbed,NotEqual
complement,1,-256,identity,Equal
complement,1,-256,perturbed,NotEqual
erf_odd,1,-256,identity,Equal
erf_odd,1,-256,perturbed,NotEqual
erfc_reflection,1,-256,identity,Unknown
erfc_reflection,1,-256,perturbed,NotEqual
complement,1,-512,identity,Equal
complement,1,-512,perturbed,NotEqual
erf_odd,1,-512,identity,Equal
erf_odd,1,-512,perturbed,NotEqual
erfc_reflection,1,-512,identity,Unknown
erfc_reflection,1,-512,perturbed,NotEqual
complement,2,-64,identity,Equal
complement,2,-64,perturbed,NotEqual
erf_odd,2,-64,identity,Equal
erf_odd,2,-64,perturbed,NotEqual
erfc_reflection,2,-64,identity,Equal
erfc_reflection,2,-64,perturbed,NotEqual
complement,2,-256,identity,Equal
complement,2,-256,perturbed,NotEqual
erf_odd,2,-256,identity,Equal
erf_odd,2,-256,perturbed,NotEqual
erfc_reflection,2,-256,identity,Equal
erfc_reflection,2,-256,perturbed,NotEqual
complement,2,-512,identity,Equal
complement,2,-512,perturbed,NotEqual
erf_odd,2,-512,identity,Equal
erf_odd,2,-512,perturbed,NotEqual
erfc_reflection,2,-512,identity,Equal
erfc_reflection,2,-512,perturbed,NotEqual
complement,3,-64,identity,Unknown
complement,3,-64,perturbed,NotEqual
erf_odd,3,-64,identity,Equal
erf_odd,3,-64,perturbed,NotEqual
erfc_reflection,3,-64,identity,Unknown
erfc_reflection,3,-64,perturbed,NotEqual
complement,3,-256,identity,Unknown
complement,3,-256,perturbed,NotEqual
erf_odd,3,-256,identity,Equal
erf_odd,3,-256,perturbed,NotEqual
erfc_reflection,3,-256,identity,Unknown
erfc_reflection,3,-256,perturbed,NotEqual
complement,3,-512,identity,Unknown
complement,3,-512,perturbed,NotEqual
erf_odd,3,-512,identity,Equal
erf_odd,3,-512,perturbed,NotEqual
erfc_reflection,3,-512,identity,Unknown
erfc_reflection,3,-512,perturbed,NotEqual
complement,4,-64,identity,Unknown
complement,4,-64,perturbed,NotEqual
erf_odd,4,-64,identity,Equal
erf_odd,4,-64,perturbed,NotEqual
erfc_reflection,4,-64,identity,Unknown
erfc_reflection,4,-64,perturbed,NotEqual
complement,4,-256,identity,Unknown
complement,4,-256,perturbed,NotEqual
erf_odd,4,-256,identity,Equal
erf_odd,4,-256,perturbed,NotEqual
erfc_reflection,4,-256,identity,Unknown
erfc_reflection,4,-256,perturbed,NotEqual
complement,4,-512,identity,Unknown
complement,4,-512,perturbed,NotEqual
erf_odd,4,-512,identity,Equal
erf_odd,4,-512,perturbed,NotEqual
erfc_reflection,4,-512,identity,Unknown
erfc_reflection,4,-512,perturbed,NotEqual
complement,5,-64,identity,Unknown
complement,5,-64,perturbed,NotEqual
erf_odd,5,-64,identity,Equal
erf_odd,5,-64,perturbed,NotEqual
erfc_reflection,5,-64,identity,Unknown
erfc_reflection,5,-64,perturbed,NotEqual
complement,5,-256,identity,Unknown
complement,5,-256,perturbed,NotEqual
erf_odd,5,-256,identity,Equal
erf_odd,5,-256,perturbed,NotEqual
erfc_reflection,5,-256,identity,Unknown
erfc_reflection,5,-256,perturbed,NotEqual
complement,5,-512,identity,Unknown
complement,5,-512,perturbed,NotEqual
erf_odd,5,-512,identity,Equal
erf_odd,5,-512,perturbed,NotEqual
erfc_reflection,5,-512,identity,Unknown
erfc_reflection,5,-512,perturbed,NotEqual
complement,6,-64,identity,Unknown
complement,6,-64,perturbed,NotEqual
erf_odd,6,-64,identity,Equal
erf_odd,6,-64,perturbed,NotEqual
erfc_reflection,6,-64,identity,Unknown
erfc_reflection,6,-64,perturbed,NotEqual
complement,6,-256,identity,Unknown
complement,6,-256,perturbed,NotEqual
erf_odd,6,-256,identity,Equal
erf_odd,6,-256,perturbed,NotEqual
erfc_reflection,6,-256,identity,Unknown
erfc_reflection,6,-256,perturbed,NotEqual
complement,6,-512,identity,Unknown
complement,6,-512,perturbed,NotEqual
erf_odd,6,-512,identity,Equal
erf_odd,6,-512,perturbed,NotEqual
erfc_reflection,6,-512,identity,Unknown
erfc_reflection,6,-512,perturbed,NotEqual
