kind,a,d,precision,outcome,elapsed_ns
algebraic_control,1,2,64,Equal,3000
log_identity,1,2,64,Equal,341000
perturbed_control,1,2,64,NotEqual,11000
algebraic_control,1,2,256,Equal,1000
log_identity,1,2,256,Equal,7000
perturbed_control,1,2,256,NotEqual,2000
algebraic_control,1,2,512,Equal,1000
log_identity,1,2,512,Equal,4000
perturbed_control,1,2,512,NotEqual,1000
complex_branch_control,1,2,512,NotEqual,5000
algebraic_control,1,3,64,Equal,1000
log_identity,1,3,64,Equal,71000
perturbed_control,1,3,64,NotEqual,9000
algebraic_control,1,3,256,Equal,1000
log_identity,1,3,256,Equal,6000
perturbed_control,1,3,256,NotEqual,1000
algebraic_control,1,3,512,Equal,1000
log_identity,1,3,512,Equal,4000
perturbed_control,1,3,512,NotEqual,1000
complex_branch_control,1,3,512,NotEqual,5000
algebraic_control,1,5,64,Equal,1000
log_identity,1,5,64,Equal,70000
perturbed_control,1,5,64,NotEqual,8000
algebraic_control,1,5,256,Equal,1000
log_identity,1,5,256,Equal,5000
perturbed_control,1,5,256,NotEqual,1000
algebraic_control,1,5,512,Equal,1000
log_identity,1,5,512,Equal,4000
perturbed_control,1,5,512,NotEqual,1000
complex_branch_control,1,5,512,NotEqual,4000
algebraic_control,1,6,64,Equal,2000
log_identity,1,6,64,Equal,69000
perturbed_control,1,6,64,NotEqual,8000
algebraic_control,1,6,256,Equal,1000
log_identity,1,6,256,Equal,5000
perturbed_control,1,6,256,NotEqual,1000
algebraic_control,1,6,512,Equal,1000
log_identity,1,6,512,Equal,4000
perturbed_control,1,6,512,NotEqual,1000
complex_branch_control,1,6,512,NotEqual,3000
algebraic_control,1,7,64,Equal,1000
log_identity,1,7,64,Equal,61000
perturbed_control,1,7,64,NotEqual,7000
algebraic_control,1,7,256,Equal,1000
log_identity,1,7,256,Equal,4000
perturbed_control,1,7,256,NotEqual,1000
algebraic_control,1,7,512,Equal,0
log_identity,1,7,512,Equal,3000
perturbed_control,1,7,512,NotEqual,1000
complex_branch_control,1,7,512,NotEqual,5000
algebraic_control,1,10,64,Equal,4000
log_identity,1,10,64,Equal,97000
perturbed_control,1,10,64,NotEqual,9000
algebraic_control,1,10,256,Equal,1000
log_identity,1,10,256,Equal,5000
perturbed_control,1,10,256,NotEqual,1000
algebraic_control,1,10,512,Equal,0
log_identity,1,10,512,Equal,3000
perturbed_control,1,10,512,NotEqual,1000
complex_branch_control,1,10,512,NotEqual,3000
algebraic_control,1,11,64,Equal,1000
log_identity,1,11,64,Equal,51000
perturbed_control,1,11,64,NotEqual,6000
algebraic_control,1,11,256,Equal,0
log_identity,1,11,256,Equal,4000
perturbed_control,1,11,256,NotEqual,1000
algebraic_control,1,11,512,Equal,1000
log_identity,1,11,512,Equal,3000
perturbed_control,1,11,512,NotEqual,1000
complex_branch_control,1,11,512,NotEqual,4000
algebraic_control,1,13,64,Equal,1000
log_identity,1,13,64,Equal,65000
perturbed_control,1,13,64,NotEqual,6000
algebraic_control,1,13,256,Equal,1000
log_identity,1,13,256,Equal,4000
perturbed_control,1,13,256,NotEqual,1000
algebraic_control,1,13,512,Equal,0
log_identity,1,13,512,Equal,3000
perturbed_control,1,13,512,NotEqual,1000
complex_branch_control,1,13,512,NotEqual,3000
algebraic_control,1,17,64,Equal,2000
log_identity,1,17,64,Equal,69000
perturbed_control,1,17,64,NotEqual,7000
algebraic_control,1,17,256,Equal,1000
log_identity,1,17,256,Equal,4000
perturbed_control,1,17,256,NotEqual,1000
algebraic_control,1,17,512,Equal,1000
log_identity,1,17,512,Equal,3000
perturbed_control,1,17,512,NotEqual,1000
complex_branch_control,1,17,512,NotEqual,4000
algebraic_control,1,19,64,Equal,1000
log_identity,1,19,64,Equal,69000
perturbed_control,1,19,64,NotEqual,7000
algebraic_control,1,19,256,Equal,1000
log_identity,1,19,256,Equal,4000
perturbed_control,1,19,256,NotEqual,1000
algebraic_control,1,19,512,Equal,1000
log_identity,1,19,512,Equal,3000
perturbed_control,1,19,512,NotEqual,1000
complex_branch_control,1,19,512,NotEqual,3000
algebraic_control,2,2,64,Equal,1000
log_identity,2,2,64,Equal,51000
perturbed_control,2,2,64,NotEqual,6000
algebraic_control,2,2,256,Equal,1000
log_identity,2,2,256,Equal,4000
perturbed_control,2,2,256,NotEqual,1000
algebraic_control,2,2,512,Equal,1000
log_identity,2,2,512,Equal,3000
perturbed_control,2,2,512,NotEqual,1000
complex_branch_control,2,2,512,NotEqual,3000
algebraic_control,2,3,64,Equal,1000
log_identity,2,3,64,Equal,65000
perturbed_control,2,3,64,NotEqual,7000
algebraic_control,2,3,256,Equal,1000
log_identity,2,3,256,Equal,3000
perturbed_control,2,3,256,NotEqual,1000
algebraic_control,2,3,512,Equal,0
log_identity,2,3,512,Equal,3000
perturbed_control,2,3,512,NotEqual,2000
complex_branch_control,2,3,512,NotEqual,3000
algebraic_control,2,5,64,Equal,1000
log_identity,2,5,64,Equal,49000
perturbed_control,2,5,64,NotEqual,7000
algebraic_control,2,5,256,Equal,0
log_identity,2,5,256,Equal,4000
perturbed_control,2,5,256,NotEqual,2000
algebraic_control,2,5,512,Equal,0
log_identity,2,5,512,Equal,3000
perturbed_control,2,5,512,NotEqual,1000
complex_branch_control,2,5,512,NotEqual,4000
algebraic_control,2,6,64,Equal,1000
log_identity,2,6,64,Equal,47000
perturbed_control,2,6,64,NotEqual,5000
algebraic_control,2,6,256,Equal,1000
log_identity,2,6,256,Equal,4000
perturbed_control,2,6,256,NotEqual,1000
algebraic_control,2,6,512,Equal,1000
log_identity,2,6,512,Equal,3000
perturbed_control,2,6,512,NotEqual,1000
complex_branch_control,2,6,512,NotEqual,3000
algebraic_control,2,7,64,Equal,1000
log_identity,2,7,64,Equal,49000
perturbed_control,2,7,64,NotEqual,7000
algebraic_control,2,7,256,Equal,0
log_identity,2,7,256,Equal,4000
perturbed_control,2,7,256,NotEqual,1000
algebraic_control,2,7,512,Equal,1000
log_identity,2,7,512,Equal,3000
perturbed_control,2,7,512,NotEqual,1000
complex_branch_control,2,7,512,NotEqual,3000
algebraic_control,2,10,64,Equal,1000
log_identity,2,10,64,Equal,47000
perturbed_control,2,10,64,NotEqual,5000
algebraic_control,2,10,256,Equal,1000
log_identity,2,10,256,Equal,4000
perturbed_control,2,10,256,NotEqual,1000
algebraic_control,2,10,512,Equal,1000
log_identity,2,10,512,Equal,3000
perturbed_control,2,10,512,NotEqual,1000
complex_branch_control,2,10,512,NotEqual,4000
algebraic_control,2,11,64,Equal,1000
log_identity,2,11,64,Equal,61000
perturbed_control,2,11,64,NotEqual,6000
algebraic_control,2,11,256,Equal,1000
log_identity,2,11,256,Equal,4000
perturbed_control,2,11,256,NotEqual,1000
algebraic_control,2,11,512,Equal,1000
log_identity,2,11,512,Equal,3000
perturbed_control,2,11,512,NotEqual,1000
complex_branch_control,2,11,512,NotEqual,3000
algebraic_control,2,13,64,Equal,1000
log_identity,2,13,64,Equal,53000
perturbed_control,2,13,64,NotEqual,5000
algebraic_control,2,13,256,Equal,0
log_identity,2,13,256,Equal,4000
perturbed_control,2,13,256,NotEqual,1000
algebraic_control,2,13,512,Equal,1000
log_identity,2,13,512,Equal,3000
perturbed_control,2,13,512,NotEqual,1000
complex_branch_control,2,13,512,NotEqual,3000
algebraic_control,2,17,64,Equal,1000
log_identity,2,17,64,Equal,48000
perturbed_control,2,17,64,NotEqual,6000
algebraic_control,2,17,256,Equal,1000
log_identity,2,17,256,Equal,3000
perturbed_control,2,17,256,NotEqual,2000
algebraic_control,2,17,512,Equal,0
log_identity,2,17,512,Equal,3000
perturbed_control,2,17,512,NotEqual,1000
complex_branch_control,2,17,512,NotEqual,4000
algebraic_control,2,19,64,Equal,1000
log_identity,2,19,64,Equal,61000
perturbed_control,2,19,64,NotEqual,6000
algebraic_control,2,19,256,Equal,1000
log_identity,2,19,256,Equal,4000
perturbed_control,2,19,256,NotEqual,1000
algebraic_control,2,19,512,Equal,1000
log_identity,2,19,512,Equal,3000
perturbed_control,2,19,512,NotEqual,1000
complex_branch_control,2,19,512,NotEqual,4000
algebraic_control,3,2,64,Equal,2000
log_identity,3,2,64,Equal,75000
perturbed_control,3,2,64,NotEqual,8000
algebraic_control,3,2,256,Equal,1000
log_identity,3,2,256,Equal,4000
perturbed_control,3,2,256,NotEqual,1000
algebraic_control,3,2,512,Equal,1000
log_identity,3,2,512,Equal,3000
perturbed_control,3,2,512,NotEqual,1000
complex_branch_control,3,2,512,NotEqual,4000
algebraic_control,3,3,64,Equal,1000
log_identity,3,3,64,Equal,48000
perturbed_control,3,3,64,NotEqual,6000
algebraic_control,3,3,256,Equal,1000
log_identity,3,3,256,Equal,4000
perturbed_control,3,3,256,NotEqual,1000
algebraic_control,3,3,512,Equal,1000
log_identity,3,3,512,Equal,3000
perturbed_control,3,3,512,NotEqual,2000
complex_branch_control,3,3,512,NotEqual,3000
algebraic_control,3,5,64,Equal,1000
log_identity,3,5,64,Equal,62000
perturbed_control,3,5,64,NotEqual,7000
algebraic_control,3,5,256,Equal,1000
log_identity,3,5,256,Equal,3000
perturbed_control,3,5,256,NotEqual,1000
algebraic_control,3,5,512,Equal,1000
log_identity,3,5,512,Equal,3000
perturbed_control,3,5,512,NotEqual,1000
complex_branch_control,3,5,512,NotEqual,4000
algebraic_control,3,6,64,Equal,1000
log_identity,3,6,64,Equal,48000
perturbed_control,3,6,64,NotEqual,5000
algebraic_control,3,6,256,Equal,0
log_identity,3,6,256,Equal,4000
perturbed_control,3,6,256,NotEqual,1000
algebraic_control,3,6,512,Equal,1000
log_identity,3,6,512,Equal,3000
perturbed_control,3,6,512,NotEqual,1000
complex_branch_control,3,6,512,NotEqual,3000
algebraic_control,3,7,64,Equal,1000
log_identity,3,7,64,Equal,48000
perturbed_control,3,7,64,NotEqual,6000
algebraic_control,3,7,256,Equal,1000
log_identity,3,7,256,Equal,3000
perturbed_control,3,7,256,NotEqual,2000
algebraic_control,3,7,512,Equal,0
log_identity,3,7,512,Equal,3000
perturbed_control,3,7,512,NotEqual,1000
complex_branch_control,3,7,512,NotEqual,3000
algebraic_control,3,10,64,Equal,0
log_identity,3,10,64,Equal,46000
perturbed_control,3,10,64,NotEqual,5000
algebraic_control,3,10,256,Equal,1000
log_identity,3,10,256,Equal,4000
perturbed_control,3,10,256,NotEqual,1000
algebraic_control,3,10,512,Equal,1000
log_identity,3,10,512,Equal,3000
perturbed_control,3,10,512,NotEqual,1000
complex_branch_control,3,10,512,NotEqual,3000
algebraic_control,3,11,64,Equal,1000
log_identity,3,11,64,Equal,47000
perturbed_control,3,11,64,NotEqual,6000
algebraic_control,3,11,256,Equal,1000
log_identity,3,11,256,Equal,4000
perturbed_control,3,11,256,NotEqual,1000
algebraic_control,3,11,512,Equal,1000
log_identity,3,11,512,Equal,3000
perturbed_control,3,11,512,NotEqual,1000
complex_branch_control,3,11,512,NotEqual,3000
algebraic_control,3,13,64,Equal,1000
log_identity,3,13,64,Equal,47000
perturbed_control,3,13,64,NotEqual,5000
algebraic_control,3,13,256,Equal,1000
log_identity,3,13,256,Equal,4000
perturbed_control,3,13,256,NotEqual,1000
algebraic_control,3,13,512,Equal,1000
log_identity,3,13,512,Equal,3000
perturbed_control,3,13,512,NotEqual,1000
complex_branch_control,3,13,512,NotEqual,4000
algebraic_control,3,17,64,Equal,1000
log_identity,3,17,64,Equal,48000
perturbed_control,3,17,64,NotEqual,6000
algebraic_control,3,17,256,Equal,1000
log_identity,3,17,256,Equal,4000
perturbed_control,3,17,256,NotEqual,1000
algebraic_control,3,17,512,Equal,1000
log_identity,3,17,512,Equal,3000
perturbed_control,3,17,512,NotEqual,1000
complex_branch_control,3,17,512,NotEqual,3000
algebraic_control,3,19,64,Equal,0
log_identity,3,19,64,Equal,61000
perturbed_control,3,19,64,NotEqual,7000
algebraic_control,3,19,256,Equal,1000
log_identity,3,19,256,Equal,3000
perturbed_control,3,19,256,NotEqual,2000
algebraic_control,3,19,512,Equal,0
log_identity,3,19,512,Equal,3000
perturbed_control,3,19,512,NotEqual,2000
complex_branch_control,3,19,512,NotEqual,3000
