kind,a,d,precision,outcome,elapsed_ns
algebraic_control,1,2,-64,Equal,29248
log_identity,1,2,-64,Unknown,427761
perturbed_control,1,2,-64,NotEqual,51006
algebraic_control,1,2,-256,Equal,20798
log_identity,1,2,-256,Unknown,1269623
perturbed_control,1,2,-256,NotEqual,23658
algebraic_control,1,2,-512,Equal,19809
log_identity,1,2,-512,Unknown,1659937
perturbed_control,1,2,-512,NotEqual,21459
algebraic_control,1,3,-64,Equal,19539
log_identity,1,3,-64,Unknown,222124
perturbed_control,1,3,-64,NotEqual,47197
algebraic_control,1,3,-256,Equal,19549
log_identity,1,3,-256,Unknown,600949
perturbed_control,1,3,-256,NotEqual,21759
algebraic_control,1,3,-512,Equal,18638
log_identity,1,3,-512,Unknown,1610660
perturbed_control,1,3,-512,NotEqual,24558
algebraic_control,1,5,-64,Equal,20098
log_identity,1,5,-64,Unknown,247733
perturbed_control,1,5,-64,NotEqual,63856
algebraic_control,1,5,-256,Equal,25228
log_identity,1,5,-256,Unknown,681813
perturbed_control,1,5,-256,NotEqual,23908
algebraic_control,1,5,-512,Equal,19678
log_identity,1,5,-512,Unknown,912908
perturbed_control,1,5,-512,NotEqual,26938
algebraic_control,1,6,-64,Equal,21118
log_identity,1,6,-64,Unknown,214895
perturbed_control,1,6,-64,NotEqual,46007
algebraic_control,1,6,-256,Equal,19509
log_identity,1,6,-256,Unknown,691163
perturbed_control,1,6,-256,NotEqual,21659
algebraic_control,1,6,-512,Equal,19088
log_identity,1,6,-512,Unknown,956215
perturbed_control,1,6,-512,NotEqual,22399
algebraic_control,1,7,-64,Equal,18919
log_identity,1,7,-64,Unknown,204076
perturbed_control,1,7,-64,NotEqual,43097
algebraic_control,1,7,-256,Equal,18549
log_identity,1,7,-256,Unknown,650985
perturbed_control,1,7,-256,NotEqual,21488
algebraic_control,1,7,-512,Equal,18709
log_identity,1,7,-512,Unknown,905178
perturbed_control,1,7,-512,NotEqual,22149
algebraic_control,1,10,-64,Equal,19039
log_identity,1,10,-64,Unknown,139971
perturbed_control,1,10,-64,NotEqual,38238
algebraic_control,1,10,-256,Equal,18389
log_identity,1,10,-256,Unknown,384454
perturbed_control,1,10,-256,NotEqual,19019
algebraic_control,1,10,-512,Equal,17689
log_identity,1,10,-512,Unknown,514025
perturbed_control,1,10,-512,NotEqual,20628
algebraic_control,1,11,-64,Equal,18559
log_identity,1,11,-64,Unknown,141600
perturbed_control,1,11,-64,NotEqual,38747
algebraic_control,1,11,-256,Equal,18249
log_identity,1,11,-256,Unknown,436701
perturbed_control,1,11,-256,NotEqual,20859
algebraic_control,1,11,-512,Equal,17758
log_identity,1,11,-512,Unknown,590170
perturbed_control,1,11,-512,NotEqual,20979
algebraic_control,1,13,-64,Equal,18379
log_identity,1,13,-64,Unknown,157020
perturbed_control,1,13,-64,NotEqual,40617
algebraic_control,1,13,-256,Equal,18379
log_identity,1,13,-256,Unknown,538083
perturbed_control,1,13,-256,NotEqual,23458
algebraic_control,1,13,-512,Equal,18979
log_identity,1,13,-512,Unknown,701832
perturbed_control,1,13,-512,NotEqual,20269
algebraic_control,1,17,-64,Equal,18279
log_identity,1,17,-64,Unknown,172938
perturbed_control,1,17,-64,NotEqual,44737
algebraic_control,1,17,-256,Equal,18449
log_identity,1,17,-256,Unknown,562632
perturbed_control,1,17,-256,NotEqual,20929
algebraic_control,1,17,-512,Equal,17879
log_identity,1,17,-512,Unknown,1592071
perturbed_control,1,17,-512,NotEqual,48027
algebraic_control,1,19,-64,Equal,25919
log_identity,1,19,-64,Unknown,266092
perturbed_control,1,19,-64,NotEqual,66245
algebraic_control,1,19,-256,Equal,24908
log_identity,1,19,-256,Unknown,937086
perturbed_control,1,19,-256,NotEqual,39128
algebraic_control,1,19,-512,Equal,32058
log_identity,1,19,-512,Unknown,1043688
perturbed_control,1,19,-512,NotEqual,25858
algebraic_control,2,2,-64,Equal,20578
log_identity,2,2,-64,Unknown,305549
perturbed_control,2,2,-64,NotEqual,55186
algebraic_control,2,2,-256,Equal,24169
log_identity,2,2,-256,Unknown,721360
perturbed_control,2,2,-256,NotEqual,33798
algebraic_control,2,2,-512,Equal,34258
log_identity,2,2,-512,Unknown,1519256
perturbed_control,2,2,-512,NotEqual,32298
algebraic_control,2,3,-64,Equal,26708
log_identity,2,3,-64,Unknown,261582
perturbed_control,2,3,-64,NotEqual,65615
algebraic_control,2,3,-256,Equal,39697
log_identity,2,3,-256,Unknown,780277
perturbed_control,2,3,-256,NotEqual,24729
algebraic_control,2,3,-512,Equal,25029
log_identity,2,3,-512,Unknown,1034770
perturbed_control,2,3,-512,NotEqual,20819
algebraic_control,2,5,-64,Equal,20809
log_identity,2,5,-64,Unknown,145880
perturbed_control,2,5,-64,NotEqual,39907
algebraic_control,2,5,-256,Equal,20019
log_identity,2,5,-256,Unknown,427751
perturbed_control,2,5,-256,NotEqual,22368
algebraic_control,2,5,-512,Equal,20709
log_identity,2,5,-512,Unknown,558722
perturbed_control,2,5,-512,NotEqual,21688
algebraic_control,2,6,-64,Equal,20179
log_identity,2,6,-64,Unknown,147980
perturbed_control,2,6,-64,NotEqual,39737
algebraic_control,2,6,-256,Equal,20429
log_identity,2,6,-256,Unknown,466409
perturbed_control,2,6,-256,NotEqual,21139
algebraic_control,2,6,-512,Equal,20108
log_identity,2,6,-512,Unknown,642226
perturbed_control,2,6,-512,NotEqual,18908
algebraic_control,2,7,-64,Equal,19069
log_identity,2,7,-64,Unknown,162339
perturbed_control,2,7,-64,NotEqual,41717
algebraic_control,2,7,-256,Equal,20689
log_identity,2,7,-256,Unknown,504696
perturbed_control,2,7,-256,NotEqual,19778
algebraic_control,2,7,-512,Equal,28358
log_identity,2,7,-512,Unknown,775457
perturbed_control,2,7,-512,NotEqual,23599
algebraic_control,2,10,-64,Equal,28558
log_identity,2,10,-64,Unknown,189097
perturbed_control,2,10,-64,NotEqual,47327
algebraic_control,2,10,-256,Equal,30138
log_identity,2,10,-256,Unknown,665755
perturbed_control,2,10,-256,NotEqual,23548
algebraic_control,2,10,-512,Equal,21568
log_identity,2,10,-512,Unknown,812005
perturbed_control,2,10,-512,NotEqual,21929
algebraic_control,2,11,-64,Equal,20099
log_identity,2,11,-64,Unknown,170948
perturbed_control,2,11,-64,NotEqual,45467
algebraic_control,2,11,-256,Equal,20229
log_identity,2,11,-256,Unknown,548792
perturbed_control,2,11,-256,NotEqual,21068
algebraic_control,2,11,-512,Equal,19949
log_identity,2,11,-512,Unknown,747419
perturbed_control,2,11,-512,NotEqual,19519
algebraic_control,2,13,-64,Equal,19368
log_identity,2,13,-64,Unknown,160759
perturbed_control,2,13,-64,NotEqual,41877
algebraic_control,2,13,-256,Equal,20149
log_identity,2,13,-256,Unknown,495896
perturbed_control,2,13,-256,NotEqual,20488
algebraic_control,2,13,-512,Equal,20089
log_identity,2,13,-512,Unknown,662615
perturbed_control,2,13,-512,NotEqual,18609
algebraic_control,2,17,-64,Equal,19638
log_identity,2,17,-64,Unknown,184707
perturbed_control,2,17,-64,NotEqual,43147
algebraic_control,2,17,-256,Equal,20918
log_identity,2,17,-256,Unknown,558332
perturbed_control,2,17,-256,NotEqual,20109
algebraic_control,2,17,-512,Equal,19139
log_identity,2,17,-512,Unknown,794076
perturbed_control,2,17,-512,NotEqual,20278
algebraic_control,2,19,-64,Equal,19989
log_identity,2,19,-64,Unknown,178917
perturbed_control,2,19,-64,NotEqual,60826
algebraic_control,2,19,-256,Equal,20978
log_identity,2,19,-256,Unknown,697972
perturbed_control,2,19,-256,NotEqual,33957
algebraic_control,2,19,-512,Equal,33078
log_identity,2,19,-512,Unknown,1447120
perturbed_control,2,19,-512,NotEqual,40757
algebraic_control,3,2,-64,Equal,30808
log_identity,3,2,-64,Unknown,278811
perturbed_control,3,2,-64,NotEqual,69545
algebraic_control,3,2,-256,Equal,31908
log_identity,3,2,-256,Unknown,870790
perturbed_control,3,2,-256,NotEqual,33298
algebraic_control,3,2,-512,Equal,30558
log_identity,3,2,-512,Unknown,1157581
perturbed_control,3,2,-512,NotEqual,32878
algebraic_control,3,3,-64,Equal,31208
log_identity,3,3,-64,Unknown,175178
perturbed_control,3,3,-64,NotEqual,42217
algebraic_control,3,3,-256,Equal,21698
log_identity,3,3,-256,Unknown,531134
perturbed_control,3,3,-256,NotEqual,20068
algebraic_control,3,3,-512,Equal,19679
log_identity,3,3,-512,Unknown,765877
perturbed_control,3,3,-512,NotEqual,20988
algebraic_control,3,5,-64,Equal,45377
log_identity,3,5,-64,Unknown,201707
perturbed_control,3,5,-64,NotEqual,48147
algebraic_control,3,5,-256,Equal,21668
log_identity,3,5,-256,Unknown,565481
perturbed_control,3,5,-256,NotEqual,19728
algebraic_control,3,5,-512,Equal,19439
log_identity,3,5,-512,Unknown,768107
perturbed_control,3,5,-512,NotEqual,19688
algebraic_control,3,6,-64,Equal,19989
log_identity,3,6,-64,Unknown,173828
perturbed_control,3,6,-64,NotEqual,44067
algebraic_control,3,6,-256,Equal,20248
log_identity,3,6,-256,Unknown,536814
perturbed_control,3,6,-256,NotEqual,20479
algebraic_control,3,6,-512,Equal,19548
log_identity,3,6,-512,Unknown,861821
perturbed_control,3,6,-512,NotEqual,24428
algebraic_control,3,7,-64,Equal,20459
log_identity,3,7,-64,Unknown,165528
perturbed_control,3,7,-64,NotEqual,42077
algebraic_control,3,7,-256,Equal,20419
log_identity,3,7,-256,Unknown,483657
perturbed_control,3,7,-256,NotEqual,20449
algebraic_control,3,7,-512,Equal,19719
log_identity,3,7,-512,Unknown,633697
perturbed_control,3,7,-512,NotEqual,18709
algebraic_control,3,10,-64,Equal,21079
log_identity,3,10,-64,Unknown,186107
perturbed_control,3,10,-64,NotEqual,41558
algebraic_control,3,10,-256,Equal,20419
log_identity,3,10,-256,Unknown,571361
perturbed_control,3,10,-256,NotEqual,19419
algebraic_control,3,10,-512,Equal,19288
log_identity,3,10,-512,Unknown,811775
perturbed_control,3,10,-512,NotEqual,19799
algebraic_control,3,11,-64,Equal,19778
log_identity,3,11,-64,Unknown,206246
perturbed_control,3,11,-64,NotEqual,62855
algebraic_control,3,11,-256,Equal,21739
log_identity,3,11,-256,Unknown,578811
perturbed_control,3,11,-256,NotEqual,23128
algebraic_control,3,11,-512,Equal,19468
log_identity,3,11,-512,Unknown,795766
perturbed_control,3,11,-512,NotEqual,23419
algebraic_control,3,13,-64,Equal,19678
log_identity,3,13,-64,Unknown,183517
perturbed_control,3,13,-64,NotEqual,61516
algebraic_control,3,13,-256,Equal,20329
log_identity,3,13,-256,Unknown,594109
perturbed_control,3,13,-256,NotEqual,24048
algebraic_control,3,13,-512,Equal,19569
log_identity,3,13,-512,Unknown,942186
perturbed_control,3,13,-512,NotEqual,28588
algebraic_control,3,17,-64,Equal,20649
log_identity,3,17,-64,Unknown,192187
perturbed_control,3,17,-64,NotEqual,68905
algebraic_control,3,17,-256,Equal,30248
log_identity,3,17,-256,Unknown,578011
perturbed_control,3,17,-256,NotEqual,23059
algebraic_control,3,17,-512,Equal,19738
log_identity,3,17,-512,Unknown,860321
perturbed_control,3,17,-512,NotEqual,27908
algebraic_control,3,19,-64,Equal,29618
log_identity,3,19,-64,Unknown,190137
perturbed_control,3,19,-64,NotEqual,68095
algebraic_control,3,19,-256,Equal,20848
log_identity,3,19,-256,Unknown,560872
perturbed_control,3,19,-256,NotEqual,26419
algebraic_control,3,19,-512,Equal,21199
log_identity,3,19,-512,Unknown,753418
perturbed_control,3,19,-512,NotEqual,28118
