kind,a,d,precision,outcome,elapsed_ns
algebraic_control,1,2,-64,Equal,8179
log_identity,1,2,-64,Unknown,73135
perturbed_control,1,2,-64,NotEqual,6289
algebraic_control,1,2,-256,Equal,3110
log_identity,1,2,-256,Unknown,172108
perturbed_control,1,2,-256,NotEqual,3369
algebraic_control,1,2,-512,Equal,3490
log_identity,1,2,-512,Unknown,188227
perturbed_control,1,2,-512,NotEqual,2140
algebraic_control,1,3,-64,Equal,2909
log_identity,1,3,-64,Unknown,27088
perturbed_control,1,3,-64,NotEqual,5310
algebraic_control,1,3,-256,Equal,2359
log_identity,1,3,-256,Unknown,66556
perturbed_control,1,3,-256,NotEqual,1939
algebraic_control,1,3,-512,Equal,2350
log_identity,1,3,-512,Unknown,137891
perturbed_control,1,3,-512,NotEqual,1830
algebraic_control,1,5,-64,Equal,2580
log_identity,1,5,-64,Unknown,24728
perturbed_control,1,5,-64,NotEqual,4940
algebraic_control,1,5,-256,Equal,1990
log_identity,1,5,-256,Unknown,67486
perturbed_control,1,5,-256,NotEqual,1700
algebraic_control,1,5,-512,Equal,1930
log_identity,1,5,-512,Unknown,92344
perturbed_control,1,5,-512,NotEqual,1770
algebraic_control,1,6,-64,Equal,2330
log_identity,1,6,-64,Unknown,24429
perturbed_control,1,6,-64,NotEqual,4659
algebraic_control,1,6,-256,Equal,2130
log_identity,1,6,-256,Unknown,71875
perturbed_control,1,6,-256,NotEqual,1860
algebraic_control,1,6,-512,Equal,2010
log_identity,1,6,-512,Unknown,108673
perturbed_control,1,6,-512,NotEqual,2380
algebraic_control,1,7,-64,Equal,2620
log_identity,1,7,-64,Unknown,23608
perturbed_control,1,7,-64,NotEqual,4360
algebraic_control,1,7,-256,Equal,1940
log_identity,1,7,-256,Unknown,67875
perturbed_control,1,7,-256,NotEqual,1910
algebraic_control,1,7,-512,Equal,1950
log_identity,1,7,-512,Unknown,112872
perturbed_control,1,7,-512,NotEqual,1820
algebraic_control,1,10,-64,Equal,2290
log_identity,1,10,-64,Unknown,17269
perturbed_control,1,10,-64,NotEqual,4559
algebraic_control,1,10,-256,Equal,1920
log_identity,1,10,-256,Unknown,44457
perturbed_control,1,10,-256,NotEqual,2010
algebraic_control,1,10,-512,Equal,1960
log_identity,1,10,-512,Unknown,50937
perturbed_control,1,10,-512,NotEqual,1659
algebraic_control,1,11,-64,Equal,1940
log_identity,1,11,-64,Unknown,17019
perturbed_control,1,11,-64,NotEqual,4410
algebraic_control,1,11,-256,Equal,1890
log_identity,1,11,-256,Unknown,44707
perturbed_control,1,11,-256,NotEqual,1660
algebraic_control,1,11,-512,Equal,1770
log_identity,1,11,-512,Unknown,57156
perturbed_control,1,11,-512,NotEqual,1660
algebraic_control,1,13,-64,Equal,1840
log_identity,1,13,-64,Unknown,17568
perturbed_control,1,13,-64,NotEqual,4220
algebraic_control,1,13,-256,Equal,1790
log_identity,1,13,-256,Unknown,61485
perturbed_control,1,13,-256,NotEqual,2610
algebraic_control,1,13,-512,Equal,2730
log_identity,1,13,-512,Unknown,85144
perturbed_control,1,13,-512,NotEqual,2860
algebraic_control,1,17,-64,Equal,2740
log_identity,1,17,-64,Unknown,21039
perturbed_control,1,17,-64,NotEqual,4830
algebraic_control,1,17,-256,Equal,1970
log_identity,1,17,-256,Unknown,62625
perturbed_control,1,17,-256,NotEqual,2300
algebraic_control,1,17,-512,Equal,2510
log_identity,1,17,-512,Unknown,159709
perturbed_control,1,17,-512,NotEqual,2640
algebraic_control,1,19,-64,Equal,2600
log_identity,1,19,-64,Unknown,20389
perturbed_control,1,19,-64,NotEqual,4870
algebraic_control,1,19,-256,Equal,2110
log_identity,1,19,-256,Unknown,54456
perturbed_control,1,19,-256,NotEqual,1680
algebraic_control,1,19,-512,Equal,1909
log_identity,1,19,-512,Unknown,69236
perturbed_control,1,19,-512,NotEqual,1710
algebraic_control,2,2,-64,Equal,2649
log_identity,2,2,-64,Unknown,24409
perturbed_control,2,2,-64,NotEqual,4860
algebraic_control,2,2,-256,Equal,2420
log_identity,2,2,-256,Unknown,70255
perturbed_control,2,2,-256,NotEqual,1750
algebraic_control,2,2,-512,Equal,2250
log_identity,2,2,-512,Unknown,90004
perturbed_control,2,2,-512,NotEqual,1740
algebraic_control,2,3,-64,Equal,2430
log_identity,2,3,-64,Unknown,24108
perturbed_control,2,3,-64,NotEqual,4979
algebraic_control,2,3,-256,Equal,2060
log_identity,2,3,-256,Unknown,76285
perturbed_control,2,3,-256,NotEqual,2789
algebraic_control,2,3,-512,Equal,3180
log_identity,2,3,-512,Unknown,129471
perturbed_control,2,3,-512,NotEqual,4989
algebraic_control,2,5,-64,Equal,4950
log_identity,2,5,-64,Unknown,29978
perturbed_control,2,5,-64,NotEqual,7959
algebraic_control,2,5,-256,Equal,4950
log_identity,2,5,-256,Unknown,73525
perturbed_control,2,5,-256,NotEqual,5770
algebraic_control,2,5,-512,Equal,5549
log_identity,2,5,-512,Unknown,92094
perturbed_control,2,5,-512,NotEqual,3870
algebraic_control,2,6,-64,Equal,4209
log_identity,2,6,-64,Unknown,25988
perturbed_control,2,6,-64,NotEqual,6580
algebraic_control,2,6,-256,Equal,3289
log_identity,2,6,-256,Unknown,74855
perturbed_control,2,6,-256,NotEqual,2750
algebraic_control,2,6,-512,Equal,3179
log_identity,2,6,-512,Unknown,94844
perturbed_control,2,6,-512,NotEqual,2680
algebraic_control,2,7,-64,Equal,3190
log_identity,2,7,-64,Unknown,25568
perturbed_control,2,7,-64,NotEqual,6569
algebraic_control,2,7,-256,Equal,3110
log_identity,2,7,-256,Unknown,80144
perturbed_control,2,7,-256,NotEqual,2710
algebraic_control,2,7,-512,Equal,3049
log_identity,2,7,-512,Unknown,107433
perturbed_control,2,7,-512,NotEqual,6570
algebraic_control,2,10,-64,Equal,5870
log_identity,2,10,-64,Unknown,36507
perturbed_control,2,10,-64,NotEqual,10449
algebraic_control,2,10,-256,Equal,5259
log_identity,2,10,-256,Unknown,95324
perturbed_control,2,10,-256,NotEqual,5810
algebraic_control,2,10,-512,Equal,5829
log_identity,2,10,-512,Unknown,130261
perturbed_control,2,10,-512,NotEqual,3630
algebraic_control,2,11,-64,Equal,3209
log_identity,2,11,-64,Unknown,29668
perturbed_control,2,11,-64,NotEqual,5669
algebraic_control,2,11,-256,Equal,2780
log_identity,2,11,-256,Unknown,57116
perturbed_control,2,11,-256,NotEqual,1870
algebraic_control,2,11,-512,Equal,2129
log_identity,2,11,-512,Unknown,71995
perturbed_control,2,11,-512,NotEqual,1800
algebraic_control,2,13,-64,Equal,2350
log_identity,2,13,-64,Unknown,19899
perturbed_control,2,13,-64,NotEqual,4800
algebraic_control,2,13,-256,Equal,2150
log_identity,2,13,-256,Unknown,51646
perturbed_control,2,13,-256,NotEqual,1740
algebraic_control,2,13,-512,Equal,1970
log_identity,2,13,-512,Unknown,64735
perturbed_control,2,13,-512,NotEqual,1690
algebraic_control,2,17,-64,Equal,2260
log_identity,2,17,-64,Unknown,20428
perturbed_control,2,17,-64,NotEqual,4850
algebraic_control,2,17,-256,Equal,2190
log_identity,2,17,-256,Unknown,56117
perturbed_control,2,17,-256,NotEqual,1860
algebraic_control,2,17,-512,Equal,2040
log_identity,2,17,-512,Unknown,94703
perturbed_control,2,17,-512,NotEqual,1740
algebraic_control,2,19,-64,Equal,2490
log_identity,2,19,-64,Unknown,21139
perturbed_control,2,19,-64,NotEqual,7300
algebraic_control,2,19,-256,Equal,2309
log_identity,2,19,-256,Unknown,59416
perturbed_control,2,19,-256,NotEqual,2110
algebraic_control,2,19,-512,Equal,2140
log_identity,2,19,-512,Unknown,75794
perturbed_control,2,19,-512,NotEqual,2070
algebraic_control,3,2,-64,Equal,2390
log_identity,3,2,-64,Unknown,18209
perturbed_control,3,2,-64,NotEqual,4339
algebraic_control,3,2,-256,Equal,2070
log_identity,3,2,-256,Unknown,79514
perturbed_control,3,2,-256,NotEqual,3610
algebraic_control,3,2,-512,Equal,3659
log_identity,3,2,-512,Unknown,91094
perturbed_control,3,2,-512,NotEqual,4889
algebraic_control,3,3,-64,Equal,5210
log_identity,3,3,-64,Unknown,33088
perturbed_control,3,3,-64,NotEqual,5859
algebraic_control,3,3,-256,Equal,3360
log_identity,3,3,-256,Unknown,57826
perturbed_control,3,3,-256,NotEqual,1840
algebraic_control,3,3,-512,Equal,2249
log_identity,3,3,-512,Unknown,74195
perturbed_control,3,3,-512,NotEqual,1710
algebraic_control,3,5,-64,Equal,24528
log_identity,3,5,-64,Unknown,23149
perturbed_control,3,5,-64,NotEqual,5029
algebraic_control,3,5,-256,Equal,2320
log_identity,3,5,-256,Unknown,68475
perturbed_control,3,5,-256,NotEqual,2330
algebraic_control,3,5,-512,Equal,2650
log_identity,3,5,-512,Unknown,75005
perturbed_control,3,5,-512,NotEqual,1680
algebraic_control,3,6,-64,Equal,2220
log_identity,3,6,-64,Unknown,20228
perturbed_control,3,6,-64,NotEqual,5000
algebraic_control,3,6,-256,Equal,2090
log_identity,3,6,-256,Unknown,54466
perturbed_control,3,6,-256,NotEqual,1650
algebraic_control,3,6,-512,Equal,1929
log_identity,3,6,-512,Unknown,74145
perturbed_control,3,6,-512,NotEqual,2320
algebraic_control,3,7,-64,Equal,2490
log_identity,3,7,-64,Unknown,20478
perturbed_control,3,7,-64,NotEqual,4610
algebraic_control,3,7,-256,Equal,2100
log_identity,3,7,-256,Unknown,49527
perturbed_control,3,7,-256,NotEqual,1700
algebraic_control,3,7,-512,Equal,2040
log_identity,3,7,-512,Unknown,61416
perturbed_control,3,7,-512,NotEqual,1670
algebraic_control,3,10,-64,Equal,2260
log_identity,3,10,-64,Unknown,20679
perturbed_control,3,10,-64,NotEqual,4530
algebraic_control,3,10,-256,Equal,2160
log_identity,3,10,-256,Unknown,56776
perturbed_control,3,10,-256,NotEqual,1780
algebraic_control,3,10,-512,Equal,2060
log_identity,3,10,-512,Unknown,104053
perturbed_control,3,10,-512,NotEqual,2140
algebraic_control,3,11,-64,Equal,4209
log_identity,3,11,-64,Unknown,33238
perturbed_control,3,11,-64,NotEqual,7699
algebraic_control,3,11,-256,Equal,3160
log_identity,3,11,-256,Unknown,58466
perturbed_control,3,11,-256,NotEqual,2069
algebraic_control,3,11,-512,Equal,2100
log_identity,3,11,-512,Unknown,75415
perturbed_control,3,11,-512,NotEqual,2040
algebraic_control,3,13,-64,Equal,2080
log_identity,3,13,-64,Unknown,20709
perturbed_control,3,13,-64,NotEqual,6849
algebraic_control,3,13,-256,Equal,2070
log_identity,3,13,-256,Unknown,58776
perturbed_control,3,13,-256,NotEqual,2110
algebraic_control,3,13,-512,Equal,1919
log_identity,3,13,-512,Unknown,75975
perturbed_control,3,13,-512,NotEqual,1930
algebraic_control,3,17,-64,Equal,2150
log_identity,3,17,-64,Unknown,19808
perturbed_control,3,17,-64,NotEqual,6940
algebraic_control,3,17,-256,Equal,2020
log_identity,3,17,-256,Unknown,52677
perturbed_control,3,17,-256,NotEqual,1990
algebraic_control,3,17,-512,Equal,2020
log_identity,3,17,-512,Unknown,90744
perturbed_control,3,17,-512,NotEqual,2020
algebraic_control,3,19,-64,Equal,2280
log_identity,3,19,-64,Unknown,18278
perturbed_control,3,19,-64,NotEqual,6770
algebraic_control,3,19,-256,Equal,2030
log_identity,3,19,-256,Unknown,49587
perturbed_control,3,19,-256,NotEqual,1950
algebraic_control,3,19,-512,Equal,2050
log_identity,3,19,-512,Unknown,62926
perturbed_control,3,19,-512,NotEqual,1900
