kind,a,d,precision,outcome,elapsed_ns
algebraic_control,1,2,-64,Equal,24558989
log_identity,1,2,-64,Unknown,51511445
perturbed_control,1,2,-64,NotEqual,3389468
algebraic_control,1,2,-256,Equal,716871
log_identity,1,2,-256,Unknown,12603468
perturbed_control,1,2,-256,NotEqual,1309800
algebraic_control,1,2,-512,Equal,481687
log_identity,1,2,-512,Unknown,8415684
perturbed_control,1,2,-512,NotEqual,104493
algebraic_control,1,3,-64,Equal,378164
log_identity,1,3,-64,Unknown,5702250
perturbed_control,1,3,-64,NotEqual,268921
algebraic_control,1,3,-256,Equal,130011
log_identity,1,3,-256,Unknown,4005566
perturbed_control,1,3,-256,NotEqual,109373
algebraic_control,1,3,-512,Equal,124901
log_identity,1,3,-512,Unknown,5429218
perturbed_control,1,3,-512,NotEqual,100983
algebraic_control,1,5,-64,Equal,124461
log_identity,1,5,-64,Unknown,1297941
perturbed_control,1,5,-64,NotEqual,228445
algebraic_control,1,5,-256,Equal,123641
log_identity,1,5,-256,Unknown,3748973
perturbed_control,1,5,-256,NotEqual,164348
algebraic_control,1,5,-512,Equal,172338
log_identity,1,5,-512,Unknown,4525380
perturbed_control,1,5,-512,NotEqual,110193
algebraic_control,1,6,-64,Equal,126581
log_identity,1,6,-64,Unknown,1122994
perturbed_control,1,6,-64,NotEqual,237994
algebraic_control,1,6,-256,Equal,123761
log_identity,1,6,-256,Unknown,3580045
perturbed_control,1,6,-256,NotEqual,109282
algebraic_control,1,6,-512,Equal,158439
log_identity,1,6,-512,Unknown,5409250
perturbed_control,1,6,-512,NotEqual,103473
algebraic_control,1,7,-64,Equal,123392
log_identity,1,7,-64,Unknown,1332329
perturbed_control,1,7,-64,NotEqual,227214
algebraic_control,1,7,-256,Equal,137920
log_identity,1,7,-256,Unknown,3389458
perturbed_control,1,7,-256,NotEqual,101043
algebraic_control,1,7,-512,Equal,126321
log_identity,1,7,-512,Unknown,3653960
perturbed_control,1,7,-512,NotEqual,104603
algebraic_control,1,10,-64,Equal,124392
log_identity,1,10,-64,Unknown,1797837
perturbed_control,1,10,-64,NotEqual,670415
algebraic_control,1,10,-256,Equal,132121
log_identity,1,10,-256,Unknown,2495459
perturbed_control,1,10,-256,NotEqual,142980
algebraic_control,1,10,-512,Equal,122472
log_identity,1,10,-512,Unknown,2263005
perturbed_control,1,10,-512,NotEqual,100624
algebraic_control,1,11,-64,Equal,121291
log_identity,1,11,-64,Unknown,779466
perturbed_control,1,11,-64,NotEqual,201857
algebraic_control,1,11,-256,Equal,221225
log_identity,1,11,-256,Unknown,2483190
perturbed_control,1,11,-256,NotEqual,102593
algebraic_control,1,11,-512,Equal,120021
log_identity,1,11,-512,Unknown,2529717
perturbed_control,1,11,-512,NotEqual,105703
algebraic_control,1,13,-64,Equal,121382
log_identity,1,13,-64,Unknown,888589
perturbed_control,1,13,-64,NotEqual,212976
algebraic_control,1,13,-256,Equal,121762
log_identity,1,13,-256,Unknown,2725954
perturbed_control,1,13,-256,NotEqual,101733
algebraic_control,1,13,-512,Equal,118662
log_identity,1,13,-512,Unknown,3006584
perturbed_control,1,13,-512,NotEqual,100163
algebraic_control,1,17,-64,Equal,150589
log_identity,1,17,-64,Unknown,924347
perturbed_control,1,17,-64,NotEqual,241064
algebraic_control,1,17,-256,Equal,122702
log_identity,1,17,-256,Unknown,2927520
perturbed_control,1,17,-256,NotEqual,101063
algebraic_control,1,17,-512,Equal,119742
log_identity,1,17,-512,Unknown,5227913
perturbed_control,1,17,-512,NotEqual,104413
algebraic_control,1,19,-64,Equal,122602
log_identity,1,19,-64,Unknown,907788
perturbed_control,1,19,-64,NotEqual,231864
algebraic_control,1,19,-256,Equal,121742
log_identity,1,19,-256,Unknown,2918111
perturbed_control,1,19,-256,NotEqual,113152
algebraic_control,1,19,-512,Equal,126342
log_identity,1,19,-512,Unknown,3038982
perturbed_control,1,19,-512,NotEqual,100883
algebraic_control,2,2,-64,Equal,448549
log_identity,2,2,-64,Unknown,1116944
perturbed_control,2,2,-64,NotEqual,228374
algebraic_control,2,2,-256,Equal,133581
log_identity,2,2,-256,Unknown,3648111
perturbed_control,2,2,-256,NotEqual,101283
algebraic_control,2,2,-512,Equal,141170
log_identity,2,2,-512,Unknown,4516291
perturbed_control,2,2,-512,NotEqual,103593
algebraic_control,2,3,-64,Equal,131691
log_identity,2,3,-64,Unknown,1085295
perturbed_control,2,3,-64,NotEqual,235684
algebraic_control,2,3,-256,Equal,136931
log_identity,2,3,-256,Unknown,3329783
perturbed_control,2,3,-256,NotEqual,101223
algebraic_control,2,3,-512,Equal,127431
log_identity,2,3,-512,Unknown,3519349
perturbed_control,2,3,-512,NotEqual,117572
algebraic_control,2,5,-64,Equal,133981
log_identity,2,5,-64,Unknown,2581873
perturbed_control,2,5,-64,NotEqual,422561
algebraic_control,2,5,-256,Equal,195537
log_identity,2,5,-256,Unknown,2665228
perturbed_control,2,5,-256,NotEqual,109663
algebraic_control,2,5,-512,Equal,130281
log_identity,2,5,-512,Unknown,2418265
perturbed_control,2,5,-512,NotEqual,102323
algebraic_control,2,6,-64,Equal,129761
log_identity,2,6,-64,Unknown,810765
perturbed_control,2,6,-64,NotEqual,213295
algebraic_control,2,6,-256,Equal,131581
log_identity,2,6,-256,Unknown,2647659
perturbed_control,2,6,-256,NotEqual,109212
algebraic_control,2,6,-512,Equal,129191
log_identity,2,6,-512,Unknown,2787340
perturbed_control,2,6,-512,NotEqual,102373
algebraic_control,2,7,-64,Equal,133311
log_identity,2,7,-64,Unknown,906968
perturbed_control,2,7,-64,NotEqual,277911
algebraic_control,2,7,-256,Equal,134791
log_identity,2,7,-256,Unknown,3438594
perturbed_control,2,7,-256,NotEqual,111263
algebraic_control,2,7,-512,Equal,130901
log_identity,2,7,-512,Unknown,3392318
perturbed_control,2,7,-512,NotEqual,119142
algebraic_control,2,10,-64,Equal,131441
log_identity,2,10,-64,Unknown,989492
perturbed_control,2,10,-64,NotEqual,246993
algebraic_control,2,10,-256,Equal,132251
log_identity,2,10,-256,Unknown,3124436
perturbed_control,2,10,-256,NotEqual,102683
algebraic_control,2,10,-512,Equal,133441
log_identity,2,10,-512,Unknown,3166933
perturbed_control,2,10,-512,NotEqual,101043
algebraic_control,2,11,-64,Equal,131101
log_identity,2,11,-64,Unknown,931507
perturbed_control,2,11,-64,NotEqual,246263
algebraic_control,2,11,-256,Equal,142071
log_identity,2,11,-256,Unknown,3110687
perturbed_control,2,11,-256,NotEqual,112732
algebraic_control,2,11,-512,Equal,150259
log_identity,2,11,-512,Unknown,3163183
perturbed_control,2,11,-512,NotEqual,106373
algebraic_control,2,13,-64,Equal,131041
log_identity,2,13,-64,Unknown,1501527
perturbed_control,2,13,-64,NotEqual,235814
algebraic_control,2,13,-256,Equal,135481
log_identity,2,13,-256,Unknown,2728044
perturbed_control,2,13,-256,NotEqual,108232
algebraic_control,2,13,-512,Equal,130771
log_identity,2,13,-512,Unknown,3034292
perturbed_control,2,13,-512,NotEqual,103952
algebraic_control,2,17,-64,Equal,142480
log_identity,2,17,-64,Unknown,959084
perturbed_control,2,17,-64,NotEqual,235023
algebraic_control,2,17,-256,Equal,133051
log_identity,2,17,-256,Unknown,3148605
perturbed_control,2,17,-256,NotEqual,113852
algebraic_control,2,17,-512,Equal,134681
log_identity,2,17,-512,Unknown,3242799
perturbed_control,2,17,-512,NotEqual,108772
algebraic_control,2,19,-64,Equal,131451
log_identity,2,19,-64,Unknown,959024
perturbed_control,2,19,-64,NotEqual,328088
algebraic_control,2,19,-256,Equal,136301
log_identity,2,19,-256,Unknown,3280275
perturbed_control,2,19,-256,NotEqual,118991
algebraic_control,2,19,-512,Equal,131111
log_identity,2,19,-512,Unknown,3985147
perturbed_control,2,19,-512,NotEqual,118722
algebraic_control,3,2,-64,Equal,264492
log_identity,3,2,-64,Unknown,876030
perturbed_control,3,2,-64,NotEqual,218766
algebraic_control,3,2,-256,Equal,172958
log_identity,3,2,-256,Unknown,2863034
perturbed_control,3,2,-256,NotEqual,133381
algebraic_control,3,2,-512,Equal,140060
log_identity,3,2,-512,Unknown,2796288
perturbed_control,3,2,-512,NotEqual,101953
algebraic_control,3,3,-64,Equal,131601
log_identity,3,3,-64,Unknown,895699
perturbed_control,3,3,-64,NotEqual,213925
algebraic_control,3,3,-256,Equal,133881
log_identity,3,3,-256,Unknown,3077049
perturbed_control,3,3,-256,NotEqual,117632
algebraic_control,3,3,-512,Equal,131821
log_identity,3,3,-512,Unknown,3296845
perturbed_control,3,3,-512,NotEqual,106413
algebraic_control,3,5,-64,Equal,138340
log_identity,3,5,-64,Unknown,1163750
perturbed_control,3,5,-64,NotEqual,258622
algebraic_control,3,5,-256,Equal,133891
log_identity,3,5,-256,Unknown,3064720
perturbed_control,3,5,-256,NotEqual,103703
algebraic_control,3,5,-512,Equal,137621
log_identity,3,5,-512,Unknown,3167963
perturbed_control,3,5,-512,NotEqual,105643
algebraic_control,3,6,-64,Equal,132491
log_identity,3,6,-64,Unknown,962514
perturbed_control,3,6,-64,NotEqual,237044
algebraic_control,3,6,-256,Equal,132471
log_identity,3,6,-256,Unknown,2983176
perturbed_control,3,6,-256,NotEqual,106862
algebraic_control,3,6,-512,Equal,173738
log_identity,3,6,-512,Unknown,3119667
perturbed_control,3,6,-512,NotEqual,144330
algebraic_control,3,7,-64,Equal,144520
log_identity,3,7,-64,Unknown,1007411
perturbed_control,3,7,-64,NotEqual,223854
algebraic_control,3,7,-256,Equal,136710
log_identity,3,7,-256,Unknown,2725773
perturbed_control,3,7,-256,NotEqual,103873
algebraic_control,3,7,-512,Equal,130131
log_identity,3,7,-512,Unknown,2757141
perturbed_control,3,7,-512,NotEqual,105793
algebraic_control,3,10,-64,Equal,133501
log_identity,3,10,-64,Unknown,1032199
perturbed_control,3,10,-64,NotEqual,307669
algebraic_control,3,10,-256,Equal,452849
log_identity,3,10,-256,Unknown,3089068
perturbed_control,3,10,-256,NotEqual,109262
algebraic_control,3,10,-512,Equal,255863
log_identity,3,10,-512,Unknown,3226969
perturbed_control,3,10,-512,NotEqual,106953
algebraic_control,3,11,-64,Equal,132361
log_identity,3,11,-64,Unknown,1014521
perturbed_control,3,11,-64,NotEqual,367085
algebraic_control,3,11,-256,Equal,135001
log_identity,3,11,-256,Unknown,3063480
perturbed_control,3,11,-256,NotEqual,115992
algebraic_control,3,11,-512,Equal,144280
log_identity,3,11,-512,Unknown,3316663
perturbed_control,3,11,-512,NotEqual,151770
algebraic_control,3,13,-64,Equal,131791
log_identity,3,13,-64,Unknown,1011550
perturbed_control,3,13,-64,NotEqual,335538
algebraic_control,3,13,-256,Equal,133351
log_identity,3,13,-256,Unknown,3160904
perturbed_control,3,13,-256,NotEqual,119712
algebraic_control,3,13,-512,Equal,138620
log_identity,3,13,-512,Unknown,3517169
perturbed_control,3,13,-512,NotEqual,120042
algebraic_control,3,17,-64,Equal,132361
log_identity,3,17,-64,Unknown,1011581
perturbed_control,3,17,-64,NotEqual,340917
algebraic_control,3,17,-256,Equal,133821
log_identity,3,17,-256,Unknown,3005235
perturbed_control,3,17,-256,NotEqual,122921
algebraic_control,3,17,-512,Equal,137580
log_identity,3,17,-512,Unknown,3150615
perturbed_control,3,17,-512,NotEqual,138001
algebraic_control,3,19,-64,Equal,132351
log_identity,3,19,-64,Unknown,973563
perturbed_control,3,19,-64,NotEqual,336837
algebraic_control,3,19,-256,Equal,133261
log_identity,3,19,-256,Unknown,2851114
perturbed_control,3,19,-256,NotEqual,134940
algebraic_control,3,19,-512,Equal,137390
log_identity,3,19,-512,Unknown,2930190
perturbed_control,3,19,-512,NotEqual,120412
