dimension,pattern,shift,representation,rounding,method,expected,result,round_preserved
0,0,0,0,0,0,1,1,1
0,0,0,0,0,1,1,1,1
0,0,0,0,0,2,1,1,1
0,0,0,0,1,0,1,1,1
0,0,0,0,1,1,1,1,1
0,0,0,0,1,2,1,1,1
0,0,0,0,2,0,1,1,1
0,0,0,0,2,1,1,1,1
0,0,0,0,2,2,1,1,1
0,0,0,0,3,0,1,1,1
0,0,0,0,3,1,1,1,1
0,0,0,0,3,2,1,1,1
0,0,0,1,0,0,1,1,1
0,0,0,1,0,1,1,1,1
0,0,0,1,0,2,1,1,1
0,0,0,1,1,0,1,1,1
0,0,0,1,1,1,1,1,1
0,0,0,1,1,2,1,1,1
0,0,0,1,2,0,1,1,1
0,0,0,1,2,1,1,1,1
0,0,0,1,2,2,1,1,1
0,0,0,1,3,0,1,1,1
0,0,0,1,3,1,1,1,1
0,0,0,1,3,2,1,1,1
0,0,24,0,0,0,1,1,1
0,0,24,0,0,1,1,1,1
0,0,24,0,0,2,1,1,1
0,0,24,0,1,0,1,1,1
0,0,24,0,1,1,1,1,1
0,0,24,0,1,2,1,1,1
0,0,24,0,2,0,1,1,1
0,0,24,0,2,1,1,1,1
0,0,24,0,2,2,1,1,1
0,0,24,0,3,0,1,1,1
0,0,24,0,3,1,1,1,1
0,0,24,0,3,2,1,1,1
0,0,24,1,0,0,1,1,1
0,0,24,1,0,1,1,1,1
0,0,24,1,0,2,1,1,1
0,0,24,1,1,0,1,1,1
0,0,24,1,1,1,1,1,1
0,0,24,1,1,2,1,1,1
0,0,24,1,2,0,1,1,1
0,0,24,1,2,1,1,1,1
0,0,24,1,2,2,1,1,1
0,0,24,1,3,0,1,1,1
0,0,24,1,3,1,1,1,1
0,0,24,1,3,2,1,1,1
0,0,60,0,0,0,1,1,1
0,0,60,0,0,1,1,1,1
0,0,60,0,0,2,1,1,1
0,0,60,0,1,0,1,1,1
0,0,60,0,1,1,1,1,1
0,0,60,0,1,2,1,1,1
0,0,60,0,2,0,1,1,1
0,0,60,0,2,1,1,1,1
0,0,60,0,2,2,1,1,1
0,0,60,0,3,0,1,1,1
0,0,60,0,3,1,1,1,1
0,0,60,0,3,2,1,1,1
0,0,60,1,0,0,1,1,1
0,0,60,1,0,1,1,1,1
0,0,60,1,0,2,1,1,1
0,0,60,1,1,0,1,1,1
0,0,60,1,1,1,1,1,1
0,0,60,1,1,2,1,1,1
0,0,60,1,2,0,1,1,1
0,0,60,1,2,1,1,1,1
0,0,60,1,2,2,1,1,1
0,0,60,1,3,0,1,1,1
0,0,60,1,3,1,1,1,1
0,0,60,1,3,2,1,1,1
0,0,500,0,0,0,1,1,1
0,0,500,0,0,1,1,1,1
0,0,500,0,0,2,1,1,1
0,0,500,0,1,0,1,1,1
0,0,500,0,1,1,1,1,1
0,0,500,0,1,2,1,1,1
0,0,500,0,2,0,1,1,1
0,0,500,0,2,1,1,1,1
0,0,500,0,2,2,1,1,1
0,0,500,0,3,0,1,1,1
0,0,500,0,3,1,1,1,1
0,0,500,0,3,2,1,1,1
0,0,500,1,0,0,1,1,1
0,0,500,1,0,1,1,1,1
0,0,500,1,0,2,1,1,1
0,0,500,1,1,0,1,1,1
0,0,500,1,1,1,1,1,1
0,0,500,1,1,2,1,1,1
0,0,500,1,2,0,1,1,1
0,0,500,1,2,1,1,1,1
0,0,500,1,2,2,1,1,1
0,0,500,1,3,0,1,1,1
0,0,500,1,3,1,1,1,1
0,0,500,1,3,2,1,1,1
0,0,1200,0,0,0,1,1,1
0,0,1200,0,0,1,1,1,1
0,0,1200,0,0,2,1,1,1
0,0,1200,0,1,0,1,1,1
0,0,1200,0,1,1,1,1,1
0,0,1200,0,1,2,1,1,1
0,0,1200,0,2,0,1,1,1
0,0,1200,0,2,1,1,1,1
0,0,1200,0,2,2,1,1,1
0,0,1200,0,3,0,1,1,1
0,0,1200,0,3,1,1,1,1
0,0,1200,0,3,2,1,1,1
0,0,1200,1,0,0,1,1,1
0,0,1200,1,0,1,1,1,1
0,0,1200,1,0,2,1,1,1
0,0,1200,1,1,0,1,1,1
0,0,1200,1,1,1,1,1,1
0,0,1200,1,1,2,1,1,1
0,0,1200,1,2,0,1,1,1
0,0,1200,1,2,1,1,1,1
0,0,1200,1,2,2,1,1,1
0,0,1200,1,3,0,1,1,1
0,0,1200,1,3,1,1,1,1
0,0,1200,1,3,2,1,1,1
0,1,0,0,0,0,1,1,1
0,1,0,0,0,1,1,1,1
0,1,0,0,0,2,1,1,1
0,1,0,0,1,0,1,1,1
0,1,0,0,1,1,1,1,1
0,1,0,0,1,2,1,1,1
0,1,0,0,2,0,1,1,1
0,1,0,0,2,1,1,1,1
0,1,0,0,2,2,1,1,1
0,1,0,0,3,0,1,1,1
0,1,0,0,3,1,1,1,1
0,1,0,0,3,2,1,1,1
0,1,0,1,0,0,1,1,1
0,1,0,1,0,1,1,1,1
0,1,0,1,0,2,1,1,1
0,1,0,1,1,0,1,1,1
0,1,0,1,1,1,1,1,1
0,1,0,1,1,2,1,1,1
0,1,0,1,2,0,1,1,1
0,1,0,1,2,1,1,1,1
0,1,0,1,2,2,1,1,1
0,1,0,1,3,0,1,1,1
0,1,0,1,3,1,1,1,1
0,1,0,1,3,2,1,1,1
0,1,24,0,0,0,1,1,1
0,1,24,0,0,1,1,1,1
0,1,24,0,0,2,1,1,1
0,1,24,0,1,0,1,1,1
0,1,24,0,1,1,1,1,1
0,1,24,0,1,2,1,1,1
0,1,24,0,2,0,1,1,1
0,1,24,0,2,1,1,1,1
0,1,24,0,2,2,1,1,1
0,1,24,0,3,0,1,1,1
0,1,24,0,3,1,1,1,1
0,1,24,0,3,2,1,1,1
0,1,24,1,0,0,1,1,1
0,1,24,1,0,1,1,1,1
0,1,24,1,0,2,1,1,1
0,1,24,1,1,0,1,1,1
0,1,24,1,1,1,1,1,1
0,1,24,1,1,2,1,1,1
0,1,24,1,2,0,1,1,1
0,1,24,1,2,1,1,1,1
0,1,24,1,2,2,1,1,1
0,1,24,1,3,0,1,1,1
0,1,24,1,3,1,1,1,1
0,1,24,1,3,2,1,1,1
0,1,60,0,0,0,1,1,1
0,1,60,0,0,1,1,1,1
0,1,60,0,0,2,1,1,1
0,1,60,0,1,0,1,1,1
0,1,60,0,1,1,1,1,1
0,1,60,0,1,2,1,1,1
0,1,60,0,2,0,1,1,1
0,1,60,0,2,1,1,1,1
0,1,60,0,2,2,1,1,1
0,1,60,0,3,0,1,1,1
0,1,60,0,3,1,1,1,1
0,1,60,0,3,2,1,1,1
0,1,60,1,0,0,1,1,1
0,1,60,1,0,1,1,1,1
0,1,60,1,0,2,1,1,1
0,1,60,1,1,0,1,1,1
0,1,60,1,1,1,1,1,1
0,1,60,1,1,2,1,1,1
0,1,60,1,2,0,1,1,1
0,1,60,1,2,1,1,1,1
0,1,60,1,2,2,1,1,1
0,1,60,1,3,0,1,1,1
0,1,60,1,3,1,1,1,1
0,1,60,1,3,2,1,1,1
0,1,500,0,0,0,1,1,1
0,1,500,0,0,1,1,1,1
0,1,500,0,0,2,1,1,1
0,1,500,0,1,0,1,1,1
0,1,500,0,1,1,1,1,1
0,1,500,0,1,2,1,1,1
0,1,500,0,2,0,1,1,1
0,1,500,0,2,1,1,1,1
0,1,500,0,2,2,1,1,1
0,1,500,0,3,0,1,1,1
0,1,500,0,3,1,1,1,1
0,1,500,0,3,2,1,1,1
0,1,500,1,0,0,1,1,1
0,1,500,1,0,1,1,1,1
0,1,500,1,0,2,1,1,1
0,1,500,1,1,0,1,1,1
0,1,500,1,1,1,1,1,1
0,1,500,1,1,2,1,1,1
0,1,500,1,2,0,1,1,1
0,1,500,1,2,1,1,1,1
0,1,500,1,2,2,1,1,1
0,1,500,1,3,0,1,1,1
0,1,500,1,3,1,1,1,1
0,1,500,1,3,2,1,1,1
0,1,1200,0,0,0,1,1,1
0,1,1200,0,0,1,1,1,1
0,1,1200,0,0,2,1,1,1
0,1,1200,0,1,0,1,1,1
0,1,1200,0,1,1,1,1,1
0,1,1200,0,1,2,1,1,1
0,1,1200,0,2,0,1,1,1
0,1,1200,0,2,1,1,1,1
0,1,1200,0,2,2,1,1,1
0,1,1200,0,3,0,1,1,1
0,1,1200,0,3,1,1,1,1
0,1,1200,0,3,2,1,1,1
0,1,1200,1,0,0,1,1,1
0,1,1200,1,0,1,1,1,1
0,1,1200,1,0,2,1,1,1
0,1,1200,1,1,0,1,1,1
0,1,1200,1,1,1,1,1,1
0,1,1200,1,1,2,1,1,1
0,1,1200,1,2,0,1,1,1
0,1,1200,1,2,1,1,1,1
0,1,1200,1,2,2,1,1,1
0,1,1200,1,3,0,1,1,1
0,1,1200,1,3,1,1,1,1
0,1,1200,1,3,2,1,1,1
0,2,0,0,0,0,1,1,1
0,2,0,0,0,1,1,1,1
0,2,0,0,0,2,1,1,1
0,2,0,0,1,0,1,1,1
0,2,0,0,1,1,1,1,1
0,2,0,0,1,2,1,1,1
0,2,0,0,2,0,1,1,1
0,2,0,0,2,1,1,1,1
0,2,0,0,2,2,1,1,1
0,2,0,0,3,0,1,1,1
0,2,0,0,3,1,1,1,1
0,2,0,0,3,2,1,1,1
0,2,0,1,0,0,1,1,1
0,2,0,1,0,1,1,1,1
0,2,0,1,0,2,1,1,1
0,2,0,1,1,0,1,1,1
0,2,0,1,1,1,1,1,1
0,2,0,1,1,2,1,1,1
0,2,0,1,2,0,1,1,1
0,2,0,1,2,1,1,1,1
0,2,0,1,2,2,1,1,1
0,2,0,1,3,0,1,1,1
0,2,0,1,3,1,1,1,1
0,2,0,1,3,2,1,1,1
0,2,24,0,0,0,1,1,1
0,2,24,0,0,1,1,1,1
0,2,24,0,0,2,1,1,1
0,2,24,0,1,0,1,1,1
0,2,24,0,1,1,1,1,1
0,2,24,0,1,2,1,1,1
0,2,24,0,2,0,1,1,1
0,2,24,0,2,1,1,1,1
0,2,24,0,2,2,1,1,1
0,2,24,0,3,0,1,1,1
0,2,24,0,3,1,1,1,1
0,2,24,0,3,2,1,1,1
0,2,24,1,0,0,1,1,1
0,2,24,1,0,1,1,1,1
0,2,24,1,0,2,1,1,1
0,2,24,1,1,0,1,1,1
0,2,24,1,1,1,1,1,1
0,2,24,1,1,2,1,1,1
0,2,24,1,2,0,1,1,1
0,2,24,1,2,1,1,1,1
0,2,24,1,2,2,1,1,1
0,2,24,1,3,0,1,1,1
0,2,24,1,3,1,1,1,1
0,2,24,1,3,2,1,1,1
0,2,60,0,0,0,1,1,1
0,2,60,0,0,1,1,1,1
0,2,60,0,0,2,1,1,1
0,2,60,0,1,0,1,1,1
0,2,60,0,1,1,1,1,1
0,2,60,0,1,2,1,1,1
0,2,60,0,2,0,1,1,1
0,2,60,0,2,1,1,1,1
0,2,60,0,2,2,1,1,1
0,2,60,0,3,0,1,1,1
0,2,60,0,3,1,1,1,1
0,2,60,0,3,2,1,1,1
0,2,60,1,0,0,1,1,1
0,2,60,1,0,1,1,1,1
0,2,60,1,0,2,1,1,1
0,2,60,1,1,0,1,1,1
0,2,60,1,1,1,1,1,1
0,2,60,1,1,2,1,1,1
0,2,60,1,2,0,1,1,1
0,2,60,1,2,1,1,1,1
0,2,60,1,2,2,1,1,1
0,2,60,1,3,0,1,1,1
0,2,60,1,3,1,1,1,1
0,2,60,1,3,2,1,1,1
0,2,500,0,0,0,1,1,1
0,2,500,0,0,1,1,1,1
0,2,500,0,0,2,1,1,1
0,2,500,0,1,0,1,1,1
0,2,500,0,1,1,1,1,1
0,2,500,0,1,2,1,1,1
0,2,500,0,2,0,1,1,1
0,2,500,0,2,1,1,1,1
0,2,500,0,2,2,1,1,1
0,2,500,0,3,0,1,1,1
0,2,500,0,3,1,1,1,1
0,2,500,0,3,2,1,1,1
0,2,500,1,0,0,1,1,1
0,2,500,1,0,1,1,1,1
0,2,500,1,0,2,1,1,1
0,2,500,1,1,0,1,1,1
0,2,500,1,1,1,1,1,1
0,2,500,1,1,2,1,1,1
0,2,500,1,2,0,1,1,1
0,2,500,1,2,1,1,1,1
0,2,500,1,2,2,1,1,1
0,2,500,1,3,0,1,1,1
0,2,500,1,3,1,1,1,1
0,2,500,1,3,2,1,1,1
0,2,1200,0,0,0,1,1,1
0,2,1200,0,0,1,1,1,1
0,2,1200,0,0,2,1,1,1
0,2,1200,0,1,0,1,1,1
0,2,1200,0,1,1,1,1,1
0,2,1200,0,1,2,1,1,1
0,2,1200,0,2,0,1,1,1
0,2,1200,0,2,1,1,1,1
0,2,1200,0,2,2,1,1,1
0,2,1200,0,3,0,1,1,1
0,2,1200,0,3,1,1,1,1
0,2,1200,0,3,2,1,1,1
0,2,1200,1,0,0,1,1,1
0,2,1200,1,0,1,1,1,1
0,2,1200,1,0,2,1,1,1
0,2,1200,1,1,0,1,1,1
0,2,1200,1,1,1,1,1,1
0,2,1200,1,1,2,1,1,1
0,2,1200,1,2,0,1,1,1
0,2,1200,1,2,1,1,1,1
0,2,1200,1,2,2,1,1,1
0,2,1200,1,3,0,1,1,1
0,2,1200,1,3,1,1,1,1
0,2,1200,1,3,2,1,1,1
0,3,0,0,0,0,1,1,1
0,3,0,0,0,1,1,1,1
0,3,0,0,0,2,1,1,1
0,3,0,0,1,0,1,1,1
0,3,0,0,1,1,1,1,1
0,3,0,0,1,2,1,1,1
0,3,0,0,2,0,1,1,1
0,3,0,0,2,1,1,1,1
0,3,0,0,2,2,1,1,1
0,3,0,0,3,0,1,1,1
0,3,0,0,3,1,1,1,1
0,3,0,0,3,2,1,1,1
0,3,0,1,0,0,1,1,1
0,3,0,1,0,1,1,1,1
0,3,0,1,0,2,1,1,1
0,3,0,1,1,0,1,1,1
0,3,0,1,1,1,1,1,1
0,3,0,1,1,2,1,1,1
0,3,0,1,2,0,1,1,1
0,3,0,1,2,1,1,1,1
0,3,0,1,2,2,1,1,1
0,3,0,1,3,0,1,1,1
0,3,0,1,3,1,1,1,1
0,3,0,1,3,2,1,1,1
0,3,24,0,0,0,1,1,1
0,3,24,0,0,1,1,1,1
0,3,24,0,0,2,1,1,1
0,3,24,0,1,0,1,1,1
0,3,24,0,1,1,1,1,1
0,3,24,0,1,2,1,1,1
0,3,24,0,2,0,1,1,1
0,3,24,0,2,1,1,1,1
0,3,24,0,2,2,1,1,1
0,3,24,0,3,0,1,1,1
0,3,24,0,3,1,1,1,1
0,3,24,0,3,2,1,1,1
0,3,24,1,0,0,1,1,1
0,3,24,1,0,1,1,1,1
0,3,24,1,0,2,1,1,1
0,3,24,1,1,0,1,1,1
0,3,24,1,1,1,1,1,1
0,3,24,1,1,2,1,1,1
0,3,24,1,2,0,1,1,1
0,3,24,1,2,1,1,1,1
0,3,24,1,2,2,1,1,1
0,3,24,1,3,0,1,1,1
0,3,24,1,3,1,1,1,1
0,3,24,1,3,2,1,1,1
0,3,60,0,0,0,1,1,1
0,3,60,0,0,1,1,1,1
0,3,60,0,0,2,1,1,1
0,3,60,0,1,0,1,1,1
0,3,60,0,1,1,1,1,1
0,3,60,0,1,2,1,1,1
0,3,60,0,2,0,1,1,1
0,3,60,0,2,1,1,1,1
0,3,60,0,2,2,1,1,1
0,3,60,0,3,0,1,1,1
0,3,60,0,3,1,1,1,1
0,3,60,0,3,2,1,1,1
0,3,60,1,0,0,1,1,1
0,3,60,1,0,1,1,1,1
0,3,60,1,0,2,1,1,1
0,3,60,1,1,0,1,1,1
0,3,60,1,1,1,1,1,1
0,3,60,1,1,2,1,1,1
0,3,60,1,2,0,1,1,1
0,3,60,1,2,1,1,1,1
0,3,60,1,2,2,1,1,1
0,3,60,1,3,0,1,1,1
0,3,60,1,3,1,1,1,1
0,3,60,1,3,2,1,1,1
0,3,500,0,0,0,1,1,1
0,3,500,0,0,1,1,1,1
0,3,500,0,0,2,1,1,1
0,3,500,0,1,0,1,1,1
0,3,500,0,1,1,1,1,1
0,3,500,0,1,2,1,1,1
0,3,500,0,2,0,1,1,1
0,3,500,0,2,1,1,1,1
0,3,500,0,2,2,1,1,1
0,3,500,0,3,0,1,1,1
0,3,500,0,3,1,1,1,1
0,3,500,0,3,2,1,1,1
0,3,500,1,0,0,1,1,1
0,3,500,1,0,1,1,1,1
0,3,500,1,0,2,1,1,1
0,3,500,1,1,0,1,1,1
0,3,500,1,1,1,1,1,1
0,3,500,1,1,2,1,1,1
0,3,500,1,2,0,1,1,1
0,3,500,1,2,1,1,1,1
0,3,500,1,2,2,1,1,1
0,3,500,1,3,0,1,1,1
0,3,500,1,3,1,1,1,1
0,3,500,1,3,2,1,1,1
0,3,1200,0,0,0,1,1,1
0,3,1200,0,0,1,1,1,1
0,3,1200,0,0,2,1,1,1
0,3,1200,0,1,0,1,1,1
0,3,1200,0,1,1,1,1,1
0,3,1200,0,1,2,1,1,1
0,3,1200,0,2,0,1,1,1
0,3,1200,0,2,1,1,1,1
0,3,1200,0,2,2,1,1,1
0,3,1200,0,3,0,1,1,1
0,3,1200,0,3,1,1,1,1
0,3,1200,0,3,2,1,1,1
0,3,1200,1,0,0,1,1,1
0,3,1200,1,0,1,1,1,1
0,3,1200,1,0,2,1,1,1
0,3,1200,1,1,0,1,1,1
0,3,1200,1,1,1,1,1,1
0,3,1200,1,1,2,1,1,1
0,3,1200,1,2,0,1,1,1
0,3,1200,1,2,1,1,1,1
0,3,1200,1,2,2,1,1,1
0,3,1200,1,3,0,1,1,1
0,3,1200,1,3,1,1,1,1
0,3,1200,1,3,2,1,1,1
1,0,0,0,0,0,1,1,1
1,0,0,0,0,1,1,1,1
1,0,0,0,0,2,1,1,1
1,0,0,0,1,0,1,1,1
1,0,0,0,1,1,1,1,1
1,0,0,0,1,2,1,1,1
1,0,0,0,2,0,1,1,1
1,0,0,0,2,1,1,1,1
1,0,0,0,2,2,1,1,1
1,0,0,0,3,0,1,1,1
1,0,0,0,3,1,1,1,1
1,0,0,0,3,2,1,1,1
1,0,0,1,0,0,1,1,1
1,0,0,1,0,1,1,1,1
1,0,0,1,0,2,1,1,1
1,0,0,1,1,0,1,1,1
1,0,0,1,1,1,1,1,1
1,0,0,1,1,2,1,1,1
1,0,0,1,2,0,1,1,1
1,0,0,1,2,1,1,1,1
1,0,0,1,2,2,1,1,1
1,0,0,1,3,0,1,1,1
1,0,0,1,3,1,1,1,1
1,0,0,1,3,2,1,1,1
1,0,24,0,0,0,1,1,1
1,0,24,0,0,1,1,1,1
1,0,24,0,0,2,1,1,1
1,0,24,0,1,0,1,1,1
1,0,24,0,1,1,1,1,1
1,0,24,0,1,2,1,1,1
1,0,24,0,2,0,1,1,1
1,0,24,0,2,1,1,1,1
1,0,24,0,2,2,1,1,1
1,0,24,0,3,0,1,1,1
1,0,24,0,3,1,1,1,1
1,0,24,0,3,2,1,1,1
1,0,24,1,0,0,1,1,1
1,0,24,1,0,1,1,1,1
1,0,24,1,0,2,1,1,1
1,0,24,1,1,0,1,1,1
1,0,24,1,1,1,1,1,1
1,0,24,1,1,2,1,1,1
1,0,24,1,2,0,1,1,1
1,0,24,1,2,1,1,1,1
1,0,24,1,2,2,1,1,1
1,0,24,1,3,0,1,1,1
1,0,24,1,3,1,1,1,1
1,0,24,1,3,2,1,1,1
1,0,60,0,0,0,1,1,1
1,0,60,0,0,1,1,1,1
1,0,60,0,0,2,1,1,1
1,0,60,0,1,0,1,1,1
1,0,60,0,1,1,1,1,1
1,0,60,0,1,2,1,1,1
1,0,60,0,2,0,1,1,1
1,0,60,0,2,1,1,1,1
1,0,60,0,2,2,1,1,1
1,0,60,0,3,0,1,1,1
1,0,60,0,3,1,1,1,1
1,0,60,0,3,2,1,1,1
1,0,60,1,0,0,1,1,1
1,0,60,1,0,1,1,1,1
1,0,60,1,0,2,1,1,1
1,0,60,1,1,0,1,1,1
1,0,60,1,1,1,1,1,1
1,0,60,1,1,2,1,1,1
1,0,60,1,2,0,1,1,1
1,0,60,1,2,1,1,1,1
1,0,60,1,2,2,1,1,1
1,0,60,1,3,0,1,1,1
1,0,60,1,3,1,1,1,1
1,0,60,1,3,2,1,1,1
1,0,500,0,0,0,1,1,1
1,0,500,0,0,1,1,1,1
1,0,500,0,0,2,1,1,1
1,0,500,0,1,0,1,1,1
1,0,500,0,1,1,1,1,1
1,0,500,0,1,2,1,1,1
1,0,500,0,2,0,1,1,1
1,0,500,0,2,1,1,1,1
1,0,500,0,2,2,1,1,1
1,0,500,0,3,0,1,1,1
1,0,500,0,3,1,1,1,1
1,0,500,0,3,2,1,1,1
1,0,500,1,0,0,1,1,1
1,0,500,1,0,1,1,1,1
1,0,500,1,0,2,1,1,1
1,0,500,1,1,0,1,1,1
1,0,500,1,1,1,1,1,1
1,0,500,1,1,2,1,1,1
1,0,500,1,2,0,1,1,1
1,0,500,1,2,1,1,1,1
1,0,500,1,2,2,1,1,1
1,0,500,1,3,0,1,1,1
1,0,500,1,3,1,1,1,1
1,0,500,1,3,2,1,1,1
1,0,1200,0,0,0,1,1,1
1,0,1200,0,0,1,1,1,1
1,0,1200,0,0,2,1,1,1
1,0,1200,0,1,0,1,1,1
1,0,1200,0,1,1,1,1,1
1,0,1200,0,1,2,1,1,1
1,0,1200,0,2,0,1,1,1
1,0,1200,0,2,1,1,1,1
1,0,1200,0,2,2,1,1,1
1,0,1200,0,3,0,1,1,1
1,0,1200,0,3,1,1,1,1
1,0,1200,0,3,2,1,1,1
1,0,1200,1,0,0,1,1,1
1,0,1200,1,0,1,1,1,1
1,0,1200,1,0,2,1,1,1
1,0,1200,1,1,0,1,1,1
1,0,1200,1,1,1,1,1,1
1,0,1200,1,1,2,1,1,1
1,0,1200,1,2,0,1,1,1
1,0,1200,1,2,1,1,1,1
1,0,1200,1,2,2,1,1,1
1,0,1200,1,3,0,1,1,1
1,0,1200,1,3,1,1,1,1
1,0,1200,1,3,2,1,1,1
1,1,0,0,0,0,1,1,1
1,1,0,0,0,1,1,1,1
1,1,0,0,0,2,1,1,1
1,1,0,0,1,0,1,1,1
1,1,0,0,1,1,1,1,1
1,1,0,0,1,2,1,1,1
1,1,0,0,2,0,1,1,1
1,1,0,0,2,1,1,1,1
1,1,0,0,2,2,1,1,1
1,1,0,0,3,0,1,1,1
1,1,0,0,3,1,1,1,1
1,1,0,0,3,2,1,1,1
1,1,0,1,0,0,1,1,1
1,1,0,1,0,1,1,1,1
1,1,0,1,0,2,1,1,1
1,1,0,1,1,0,1,1,1
1,1,0,1,1,1,1,1,1
1,1,0,1,1,2,1,1,1
1,1,0,1,2,0,1,1,1
1,1,0,1,2,1,1,1,1
1,1,0,1,2,2,1,1,1
1,1,0,1,3,0,1,1,1
1,1,0,1,3,1,1,1,1
1,1,0,1,3,2,1,1,1
1,1,24,0,0,0,1,1,1
1,1,24,0,0,1,1,1,1
1,1,24,0,0,2,1,1,1
1,1,24,0,1,0,1,1,1
1,1,24,0,1,1,1,1,1
1,1,24,0,1,2,1,1,1
1,1,24,0,2,0,1,1,1
1,1,24,0,2,1,1,1,1
1,1,24,0,2,2,1,1,1
1,1,24,0,3,0,1,1,1
1,1,24,0,3,1,1,1,1
1,1,24,0,3,2,1,1,1
1,1,24,1,0,0,1,1,1
1,1,24,1,0,1,1,1,1
1,1,24,1,0,2,1,1,1
1,1,24,1,1,0,1,1,1
1,1,24,1,1,1,1,1,1
1,1,24,1,1,2,1,1,1
1,1,24,1,2,0,1,1,1
1,1,24,1,2,1,1,1,1
1,1,24,1,2,2,1,1,1
1,1,24,1,3,0,1,1,1
1,1,24,1,3,1,1,1,1
1,1,24,1,3,2,1,1,1
1,1,60,0,0,0,1,1,1
1,1,60,0,0,1,1,1,1
1,1,60,0,0,2,1,1,1
1,1,60,0,1,0,1,1,1
1,1,60,0,1,1,1,1,1
1,1,60,0,1,2,1,1,1
1,1,60,0,2,0,1,1,1
1,1,60,0,2,1,1,1,1
1,1,60,0,2,2,1,1,1
1,1,60,0,3,0,1,1,1
1,1,60,0,3,1,1,1,1
1,1,60,0,3,2,1,1,1
1,1,60,1,0,0,1,1,1
1,1,60,1,0,1,1,1,1
1,1,60,1,0,2,1,1,1
1,1,60,1,1,0,1,1,1
1,1,60,1,1,1,1,1,1
1,1,60,1,1,2,1,1,1
1,1,60,1,2,0,1,1,1
1,1,60,1,2,1,1,1,1
1,1,60,1,2,2,1,1,1
1,1,60,1,3,0,1,1,1
1,1,60,1,3,1,1,1,1
1,1,60,1,3,2,1,1,1
1,1,500,0,0,0,1,1,1
1,1,500,0,0,1,1,1,1
1,1,500,0,0,2,1,1,1
1,1,500,0,1,0,1,1,1
1,1,500,0,1,1,1,1,1
1,1,500,0,1,2,1,1,1
1,1,500,0,2,0,1,1,1
1,1,500,0,2,1,1,1,1
1,1,500,0,2,2,1,1,1
1,1,500,0,3,0,1,1,1
1,1,500,0,3,1,1,1,1
1,1,500,0,3,2,1,1,1
1,1,500,1,0,0,1,1,1
1,1,500,1,0,1,1,1,1
1,1,500,1,0,2,1,1,1
1,1,500,1,1,0,1,1,1
1,1,500,1,1,1,1,1,1
1,1,500,1,1,2,1,1,1
1,1,500,1,2,0,1,1,1
1,1,500,1,2,1,1,1,1
1,1,500,1,2,2,1,1,1
1,1,500,1,3,0,1,1,1
1,1,500,1,3,1,1,1,1
1,1,500,1,3,2,1,1,1
1,1,1200,0,0,0,1,1,1
1,1,1200,0,0,1,1,1,1
1,1,1200,0,0,2,1,1,1
1,1,1200,0,1,0,1,1,1
1,1,1200,0,1,1,1,1,1
1,1,1200,0,1,2,1,1,1
1,1,1200,0,2,0,1,1,1
1,1,1200,0,2,1,1,1,1
1,1,1200,0,2,2,1,1,1
1,1,1200,0,3,0,1,1,1
1,1,1200,0,3,1,1,1,1
1,1,1200,0,3,2,1,1,1
1,1,1200,1,0,0,1,1,1
1,1,1200,1,0,1,1,1,1
1,1,1200,1,0,2,1,1,1
1,1,1200,1,1,0,1,1,1
1,1,1200,1,1,1,1,1,1
1,1,1200,1,1,2,1,1,1
1,1,1200,1,2,0,1,1,1
1,1,1200,1,2,1,1,1,1
1,1,1200,1,2,2,1,1,1
1,1,1200,1,3,0,1,1,1
1,1,1200,1,3,1,1,1,1
1,1,1200,1,3,2,1,1,1
1,2,0,0,0,0,1,1,1
1,2,0,0,0,1,1,1,1
1,2,0,0,0,2,1,1,1
1,2,0,0,1,0,1,1,1
1,2,0,0,1,1,1,1,1
1,2,0,0,1,2,1,1,1
1,2,0,0,2,0,1,1,1
1,2,0,0,2,1,1,1,1
1,2,0,0,2,2,1,1,1
1,2,0,0,3,0,1,1,1
1,2,0,0,3,1,1,1,1
1,2,0,0,3,2,1,1,1
1,2,0,1,0,0,1,1,1
1,2,0,1,0,1,1,1,1
1,2,0,1,0,2,1,1,1
1,2,0,1,1,0,1,1,1
1,2,0,1,1,1,1,1,1
1,2,0,1,1,2,1,1,1
1,2,0,1,2,0,1,1,1
1,2,0,1,2,1,1,1,1
1,2,0,1,2,2,1,1,1
1,2,0,1,3,0,1,1,1
1,2,0,1,3,1,1,1,1
1,2,0,1,3,2,1,1,1
1,2,24,0,0,0,1,1,1
1,2,24,0,0,1,1,1,1
1,2,24,0,0,2,1,1,1
1,2,24,0,1,0,1,1,1
1,2,24,0,1,1,1,1,1
1,2,24,0,1,2,1,1,1
1,2,24,0,2,0,1,1,1
1,2,24,0,2,1,1,1,1
1,2,24,0,2,2,1,1,1
1,2,24,0,3,0,1,1,1
1,2,24,0,3,1,1,1,1
1,2,24,0,3,2,1,1,1
1,2,24,1,0,0,1,1,1
1,2,24,1,0,1,1,1,1
1,2,24,1,0,2,1,1,1
1,2,24,1,1,0,1,1,1
1,2,24,1,1,1,1,1,1
1,2,24,1,1,2,1,1,1
1,2,24,1,2,0,1,1,1
1,2,24,1,2,1,1,1,1
1,2,24,1,2,2,1,1,1
1,2,24,1,3,0,1,1,1
1,2,24,1,3,1,1,1,1
1,2,24,1,3,2,1,1,1
1,2,60,0,0,0,1,1,1
1,2,60,0,0,1,1,1,1
1,2,60,0,0,2,1,1,1
1,2,60,0,1,0,1,1,1
1,2,60,0,1,1,1,1,1
1,2,60,0,1,2,1,1,1
1,2,60,0,2,0,1,1,1
1,2,60,0,2,1,1,1,1
1,2,60,0,2,2,1,1,1
1,2,60,0,3,0,1,1,1
1,2,60,0,3,1,1,1,1
1,2,60,0,3,2,1,1,1
1,2,60,1,0,0,1,1,1
1,2,60,1,0,1,1,1,1
1,2,60,1,0,2,1,1,1
1,2,60,1,1,0,1,1,1
1,2,60,1,1,1,1,1,1
1,2,60,1,1,2,1,1,1
1,2,60,1,2,0,1,1,1
1,2,60,1,2,1,1,1,1
1,2,60,1,2,2,1,1,1
1,2,60,1,3,0,1,1,1
1,2,60,1,3,1,1,1,1
1,2,60,1,3,2,1,1,1
1,2,500,0,0,0,1,1,1
1,2,500,0,0,1,1,1,1
1,2,500,0,0,2,1,1,1
1,2,500,0,1,0,1,1,1
1,2,500,0,1,1,1,1,1
1,2,500,0,1,2,1,1,1
1,2,500,0,2,0,1,1,1
1,2,500,0,2,1,1,1,1
1,2,500,0,2,2,1,1,1
1,2,500,0,3,0,1,1,1
1,2,500,0,3,1,1,1,1
1,2,500,0,3,2,1,1,1
1,2,500,1,0,0,1,1,1
1,2,500,1,0,1,1,1,1
1,2,500,1,0,2,1,1,1
1,2,500,1,1,0,1,1,1
1,2,500,1,1,1,1,1,1
1,2,500,1,1,2,1,1,1
1,2,500,1,2,0,1,1,1
1,2,500,1,2,1,1,1,1
1,2,500,1,2,2,1,1,1
1,2,500,1,3,0,1,1,1
1,2,500,1,3,1,1,1,1
1,2,500,1,3,2,1,1,1
1,2,1200,0,0,0,1,1,1
1,2,1200,0,0,1,1,1,1
1,2,1200,0,0,2,1,1,1
1,2,1200,0,1,0,1,1,1
1,2,1200,0,1,1,1,1,1
1,2,1200,0,1,2,1,1,1
1,2,1200,0,2,0,1,1,1
1,2,1200,0,2,1,1,1,1
1,2,1200,0,2,2,1,1,1
1,2,1200,0,3,0,1,1,1
1,2,1200,0,3,1,1,1,1
1,2,1200,0,3,2,1,1,1
1,2,1200,1,0,0,1,1,1
1,2,1200,1,0,1,1,1,1
1,2,1200,1,0,2,1,1,1
1,2,1200,1,1,0,1,1,1
1,2,1200,1,1,1,1,1,1
1,2,1200,1,1,2,1,1,1
1,2,1200,1,2,0,1,1,1
1,2,1200,1,2,1,1,1,1
1,2,1200,1,2,2,1,1,1
1,2,1200,1,3,0,1,1,1
1,2,1200,1,3,1,1,1,1
1,2,1200,1,3,2,1,1,1
1,3,0,0,0,0,1,1,1
1,3,0,0,0,1,1,1,1
1,3,0,0,0,2,1,1,1
1,3,0,0,1,0,1,1,1
1,3,0,0,1,1,1,1,1
1,3,0,0,1,2,1,1,1
1,3,0,0,2,0,1,1,1
1,3,0,0,2,1,1,1,1
1,3,0,0,2,2,1,1,1
1,3,0,0,3,0,1,1,1
1,3,0,0,3,1,1,1,1
1,3,0,0,3,2,1,1,1
1,3,0,1,0,0,1,1,1
1,3,0,1,0,1,1,1,1
1,3,0,1,0,2,1,1,1
1,3,0,1,1,0,1,1,1
1,3,0,1,1,1,1,1,1
1,3,0,1,1,2,1,1,1
1,3,0,1,2,0,1,1,1
1,3,0,1,2,1,1,1,1
1,3,0,1,2,2,1,1,1
1,3,0,1,3,0,1,1,1
1,3,0,1,3,1,1,1,1
1,3,0,1,3,2,1,1,1
1,3,24,0,0,0,1,1,1
1,3,24,0,0,1,1,1,1
1,3,24,0,0,2,1,1,1
1,3,24,0,1,0,1,1,1
1,3,24,0,1,1,1,1,1
1,3,24,0,1,2,1,1,1
1,3,24,0,2,0,1,1,1
1,3,24,0,2,1,1,1,1
1,3,24,0,2,2,1,1,1
1,3,24,0,3,0,1,1,1
1,3,24,0,3,1,1,1,1
1,3,24,0,3,2,1,1,1
1,3,24,1,0,0,1,1,1
1,3,24,1,0,1,1,1,1
1,3,24,1,0,2,1,1,1
1,3,24,1,1,0,1,1,1
1,3,24,1,1,1,1,1,1
1,3,24,1,1,2,1,1,1
1,3,24,1,2,0,1,1,1
1,3,24,1,2,1,1,1,1
1,3,24,1,2,2,1,1,1
1,3,24,1,3,0,1,1,1
1,3,24,1,3,1,1,1,1
1,3,24,1,3,2,1,1,1
1,3,60,0,0,0,1,1,1
1,3,60,0,0,1,1,1,1
1,3,60,0,0,2,1,1,1
1,3,60,0,1,0,1,1,1
1,3,60,0,1,1,1,1,1
1,3,60,0,1,2,1,1,1
1,3,60,0,2,0,1,1,1
1,3,60,0,2,1,1,1,1
1,3,60,0,2,2,1,1,1
1,3,60,0,3,0,1,1,1
1,3,60,0,3,1,1,1,1
1,3,60,0,3,2,1,1,1
1,3,60,1,0,0,1,1,1
1,3,60,1,0,1,1,1,1
1,3,60,1,0,2,1,1,1
1,3,60,1,1,0,1,1,1
1,3,60,1,1,1,1,1,1
1,3,60,1,1,2,1,1,1
1,3,60,1,2,0,1,1,1
1,3,60,1,2,1,1,1,1
1,3,60,1,2,2,1,1,1
1,3,60,1,3,0,1,1,1
1,3,60,1,3,1,1,1,1
1,3,60,1,3,2,1,1,1
1,3,500,0,0,0,1,1,1
1,3,500,0,0,1,1,1,1
1,3,500,0,0,2,1,1,1
1,3,500,0,1,0,1,1,1
1,3,500,0,1,1,1,1,1
1,3,500,0,1,2,1,1,1
1,3,500,0,2,0,1,1,1
1,3,500,0,2,1,1,1,1
1,3,500,0,2,2,1,1,1
1,3,500,0,3,0,1,1,1
1,3,500,0,3,1,1,1,1
1,3,500,0,3,2,1,1,1
1,3,500,1,0,0,1,1,1
1,3,500,1,0,1,1,1,1
1,3,500,1,0,2,1,1,1
1,3,500,1,1,0,1,1,1
1,3,500,1,1,1,1,1,1
1,3,500,1,1,2,1,1,1
1,3,500,1,2,0,1,1,1
1,3,500,1,2,1,1,1,1
1,3,500,1,2,2,1,1,1
1,3,500,1,3,0,1,1,1
1,3,500,1,3,1,1,1,1
1,3,500,1,3,2,1,1,1
1,3,1200,0,0,0,1,1,1
1,3,1200,0,0,1,1,1,1
1,3,1200,0,0,2,1,1,1
1,3,1200,0,1,0,1,1,1
1,3,1200,0,1,1,1,1,1
1,3,1200,0,1,2,1,1,1
1,3,1200,0,2,0,1,1,1
1,3,1200,0,2,1,1,1,1
1,3,1200,0,2,2,1,1,1
1,3,1200,0,3,0,1,1,1
1,3,1200,0,3,1,1,1,1
1,3,1200,0,3,2,1,1,1
1,3,1200,1,0,0,1,1,1
1,3,1200,1,0,1,1,1,1
1,3,1200,1,0,2,1,1,1
1,3,1200,1,1,0,1,1,1
1,3,1200,1,1,1,1,1,1
1,3,1200,1,1,2,1,1,1
1,3,1200,1,2,0,1,1,1
1,3,1200,1,2,1,1,1,1
1,3,1200,1,2,2,1,1,1
1,3,1200,1,3,0,1,1,1
1,3,1200,1,3,1,1,1,1
1,3,1200,1,3,2,1,1,1
2,0,0,0,0,0,1,1,1
2,0,0,0,0,1,1,1,1
2,0,0,0,0,2,1,1,1
2,0,0,0,1,0,1,1,1
2,0,0,0,1,1,1,1,1
2,0,0,0,1,2,1,1,1
2,0,0,0,2,0,1,1,1
2,0,0,0,2,1,1,1,1
2,0,0,0,2,2,1,1,1
2,0,0,0,3,0,1,1,1
2,0,0,0,3,1,1,1,1
2,0,0,0,3,2,1,1,1
2,0,0,1,0,0,1,1,1
2,0,0,1,0,1,1,1,1
2,0,0,1,0,2,1,1,1
2,0,0,1,1,0,1,1,1
2,0,0,1,1,1,1,1,1
2,0,0,1,1,2,1,1,1
2,0,0,1,2,0,1,1,1
2,0,0,1,2,1,1,1,1
2,0,0,1,2,2,1,1,1
2,0,0,1,3,0,1,1,1
2,0,0,1,3,1,1,1,1
2,0,0,1,3,2,1,1,1
2,0,24,0,0,0,1,1,1
2,0,24,0,0,1,1,1,1
2,0,24,0,0,2,1,1,1
2,0,24,0,1,0,1,1,1
2,0,24,0,1,1,1,1,1
2,0,24,0,1,2,1,1,1
2,0,24,0,2,0,1,1,1
2,0,24,0,2,1,1,1,1
2,0,24,0,2,2,1,1,1
2,0,24,0,3,0,1,1,1
2,0,24,0,3,1,1,1,1
2,0,24,0,3,2,1,1,1
2,0,24,1,0,0,1,1,1
2,0,24,1,0,1,1,1,1
2,0,24,1,0,2,1,1,1
2,0,24,1,1,0,1,1,1
2,0,24,1,1,1,1,1,1
2,0,24,1,1,2,1,1,1
2,0,24,1,2,0,1,1,1
2,0,24,1,2,1,1,1,1
2,0,24,1,2,2,1,1,1
2,0,24,1,3,0,1,1,1
2,0,24,1,3,1,1,1,1
2,0,24,1,3,2,1,1,1
2,0,60,0,0,0,1,1,1
2,0,60,0,0,1,1,1,1
2,0,60,0,0,2,1,1,1
2,0,60,0,1,0,1,1,1
2,0,60,0,1,1,1,1,1
2,0,60,0,1,2,1,1,1
2,0,60,0,2,0,1,1,1
2,0,60,0,2,1,1,1,1
2,0,60,0,2,2,1,1,1
2,0,60,0,3,0,1,1,1
2,0,60,0,3,1,1,1,1
2,0,60,0,3,2,1,1,1
2,0,60,1,0,0,1,1,1
2,0,60,1,0,1,1,1,1
2,0,60,1,0,2,1,1,1
2,0,60,1,1,0,1,1,1
2,0,60,1,1,1,1,1,1
2,0,60,1,1,2,1,1,1
2,0,60,1,2,0,1,1,1
2,0,60,1,2,1,1,1,1
2,0,60,1,2,2,1,1,1
2,0,60,1,3,0,1,1,1
2,0,60,1,3,1,1,1,1
2,0,60,1,3,2,1,1,1
2,0,500,0,0,0,1,1,1
2,0,500,0,0,1,1,1,1
2,0,500,0,0,2,1,1,1
2,0,500,0,1,0,1,1,1
2,0,500,0,1,1,1,1,1
2,0,500,0,1,2,1,1,1
2,0,500,0,2,0,1,1,1
2,0,500,0,2,1,1,1,1
2,0,500,0,2,2,1,1,1
2,0,500,0,3,0,1,1,1
2,0,500,0,3,1,1,1,1
2,0,500,0,3,2,1,1,1
2,0,500,1,0,0,1,1,1
2,0,500,1,0,1,1,1,1
2,0,500,1,0,2,1,1,1
2,0,500,1,1,0,1,1,1
2,0,500,1,1,1,1,1,1
2,0,500,1,1,2,1,1,1
2,0,500,1,2,0,1,1,1
2,0,500,1,2,1,1,1,1
2,0,500,1,2,2,1,1,1
2,0,500,1,3,0,1,1,1
2,0,500,1,3,1,1,1,1
2,0,500,1,3,2,1,1,1
2,0,1200,0,0,0,1,0,1
2,0,1200,0,0,1,1,1,1
2,0,1200,0,0,2,1,1,1
2,0,1200,0,1,0,1,0,1
2,0,1200,0,1,1,1,1,1
2,0,1200,0,1,2,1,1,1
2,0,1200,0,2,0,1,0,1
2,0,1200,0,2,1,1,1,1
2,0,1200,0,2,2,1,1,1
2,0,1200,0,3,0,1,0,1
2,0,1200,0,3,1,1,1,1
2,0,1200,0,3,2,1,1,1
2,0,1200,1,0,0,1,0,1
2,0,1200,1,0,1,1,1,1
2,0,1200,1,0,2,1,1,1
2,0,1200,1,1,0,1,0,1
2,0,1200,1,1,1,1,1,1
2,0,1200,1,1,2,1,1,1
2,0,1200,1,2,0,1,0,1
2,0,1200,1,2,1,1,1,1
2,0,1200,1,2,2,1,1,1
2,0,1200,1,3,0,1,0,1
2,0,1200,1,3,1,1,1,1
2,0,1200,1,3,2,1,1,1
2,1,0,0,0,0,1,1,1
2,1,0,0,0,1,1,1,1
2,1,0,0,0,2,1,1,1
2,1,0,0,1,0,1,1,1
2,1,0,0,1,1,1,1,1
2,1,0,0,1,2,1,1,1
2,1,0,0,2,0,1,1,1
2,1,0,0,2,1,1,1,1
2,1,0,0,2,2,1,1,1
2,1,0,0,3,0,1,1,1
2,1,0,0,3,1,1,1,1
2,1,0,0,3,2,1,1,1
2,1,0,1,0,0,1,1,1
2,1,0,1,0,1,1,1,1
2,1,0,1,0,2,1,1,1
2,1,0,1,1,0,1,1,1
2,1,0,1,1,1,1,1,1
2,1,0,1,1,2,1,1,1
2,1,0,1,2,0,1,1,1
2,1,0,1,2,1,1,1,1
2,1,0,1,2,2,1,1,1
2,1,0,1,3,0,1,1,1
2,1,0,1,3,1,1,1,1
2,1,0,1,3,2,1,1,1
2,1,24,0,0,0,1,1,1
2,1,24,0,0,1,1,1,1
2,1,24,0,0,2,1,1,1
2,1,24,0,1,0,1,1,1
2,1,24,0,1,1,1,1,1
2,1,24,0,1,2,1,1,1
2,1,24,0,2,0,1,1,1
2,1,24,0,2,1,1,1,1
2,1,24,0,2,2,1,1,1
2,1,24,0,3,0,1,1,1
2,1,24,0,3,1,1,1,1
2,1,24,0,3,2,1,1,1
2,1,24,1,0,0,1,1,1
2,1,24,1,0,1,1,1,1
2,1,24,1,0,2,1,1,1
2,1,24,1,1,0,1,1,1
2,1,24,1,1,1,1,1,1
2,1,24,1,1,2,1,1,1
2,1,24,1,2,0,1,1,1
2,1,24,1,2,1,1,1,1
2,1,24,1,2,2,1,1,1
2,1,24,1,3,0,1,1,1
2,1,24,1,3,1,1,1,1
2,1,24,1,3,2,1,1,1
2,1,60,0,0,0,1,1,1
2,1,60,0,0,1,1,1,1
2,1,60,0,0,2,1,1,1
2,1,60,0,1,0,1,1,1
2,1,60,0,1,1,1,1,1
2,1,60,0,1,2,1,1,1
2,1,60,0,2,0,1,1,1
2,1,60,0,2,1,1,1,1
2,1,60,0,2,2,1,1,1
2,1,60,0,3,0,1,1,1
2,1,60,0,3,1,1,1,1
2,1,60,0,3,2,1,1,1
2,1,60,1,0,0,1,1,1
2,1,60,1,0,1,1,1,1
2,1,60,1,0,2,1,1,1
2,1,60,1,1,0,1,1,1
2,1,60,1,1,1,1,1,1
2,1,60,1,1,2,1,1,1
2,1,60,1,2,0,1,1,1
2,1,60,1,2,1,1,1,1
2,1,60,1,2,2,1,1,1
2,1,60,1,3,0,1,1,1
2,1,60,1,3,1,1,1,1
2,1,60,1,3,2,1,1,1
2,1,500,0,0,0,1,1,1
2,1,500,0,0,1,1,1,1
2,1,500,0,0,2,1,1,1
2,1,500,0,1,0,1,1,1
2,1,500,0,1,1,1,1,1
2,1,500,0,1,2,1,1,1
2,1,500,0,2,0,1,1,1
2,1,500,0,2,1,1,1,1
2,1,500,0,2,2,1,1,1
2,1,500,0,3,0,1,1,1
2,1,500,0,3,1,1,1,1
2,1,500,0,3,2,1,1,1
2,1,500,1,0,0,1,1,1
2,1,500,1,0,1,1,1,1
2,1,500,1,0,2,1,1,1
2,1,500,1,1,0,1,1,1
2,1,500,1,1,1,1,1,1
2,1,500,1,1,2,1,1,1
2,1,500,1,2,0,1,1,1
2,1,500,1,2,1,1,1,1
2,1,500,1,2,2,1,1,1
2,1,500,1,3,0,1,1,1
2,1,500,1,3,1,1,1,1
2,1,500,1,3,2,1,1,1
2,1,1200,0,0,0,1,0,1
2,1,1200,0,0,1,1,1,1
2,1,1200,0,0,2,1,1,1
2,1,1200,0,1,0,1,0,1
2,1,1200,0,1,1,1,1,1
2,1,1200,0,1,2,1,1,1
2,1,1200,0,2,0,1,0,1
2,1,1200,0,2,1,1,1,1
2,1,1200,0,2,2,1,1,1
2,1,1200,0,3,0,1,0,1
2,1,1200,0,3,1,1,1,1
2,1,1200,0,3,2,1,1,1
2,1,1200,1,0,0,1,0,1
2,1,1200,1,0,1,1,1,1
2,1,1200,1,0,2,1,1,1
2,1,1200,1,1,0,1,0,1
2,1,1200,1,1,1,1,1,1
2,1,1200,1,1,2,1,1,1
2,1,1200,1,2,0,1,0,1
2,1,1200,1,2,1,1,1,1
2,1,1200,1,2,2,1,1,1
2,1,1200,1,3,0,1,0,1
2,1,1200,1,3,1,1,1,1
2,1,1200,1,3,2,1,1,1
2,2,0,0,0,0,0,0,1
2,2,0,0,0,1,0,0,1
2,2,0,0,0,2,0,0,1
2,2,0,0,1,0,0,0,1
2,2,0,0,1,1,0,0,1
2,2,0,0,1,2,0,0,1
2,2,0,0,2,0,0,0,1
2,2,0,0,2,1,0,0,1
2,2,0,0,2,2,0,0,1
2,2,0,0,3,0,0,0,1
2,2,0,0,3,1,0,0,1
2,2,0,0,3,2,0,0,1
2,2,0,1,0,0,0,0,1
2,2,0,1,0,1,0,0,1
2,2,0,1,0,2,0,0,1
2,2,0,1,1,0,0,0,1
2,2,0,1,1,1,0,0,1
2,2,0,1,1,2,0,0,1
2,2,0,1,2,0,0,0,1
2,2,0,1,2,1,0,0,1
2,2,0,1,2,2,0,0,1
2,2,0,1,3,0,0,0,1
2,2,0,1,3,1,0,0,1
2,2,0,1,3,2,0,0,1
2,2,24,0,0,0,0,0,1
2,2,24,0,0,1,0,0,1
2,2,24,0,0,2,0,0,1
2,2,24,0,1,0,0,0,1
2,2,24,0,1,1,0,0,1
2,2,24,0,1,2,0,0,1
2,2,24,0,2,0,0,0,1
2,2,24,0,2,1,0,0,1
2,2,24,0,2,2,0,0,1
2,2,24,0,3,0,0,0,1
2,2,24,0,3,1,0,0,1
2,2,24,0,3,2,0,0,1
2,2,24,1,0,0,0,0,1
2,2,24,1,0,1,0,0,1
2,2,24,1,0,2,0,0,1
2,2,24,1,1,0,0,0,1
2,2,24,1,1,1,0,0,1
2,2,24,1,1,2,0,0,1
2,2,24,1,2,0,0,0,1
2,2,24,1,2,1,0,0,1
2,2,24,1,2,2,0,0,1
2,2,24,1,3,0,0,0,1
2,2,24,1,3,1,0,0,1
2,2,24,1,3,2,0,0,1
2,2,60,0,0,0,0,0,1
2,2,60,0,0,1,0,0,1
2,2,60,0,0,2,0,0,1
2,2,60,0,1,0,0,0,1
2,2,60,0,1,1,0,0,1
2,2,60,0,1,2,0,0,1
2,2,60,0,2,0,0,0,1
2,2,60,0,2,1,0,0,1
2,2,60,0,2,2,0,0,1
2,2,60,0,3,0,0,0,1
2,2,60,0,3,1,0,0,1
2,2,60,0,3,2,0,0,1
2,2,60,1,0,0,0,0,1
2,2,60,1,0,1,0,0,1
2,2,60,1,0,2,0,0,1
2,2,60,1,1,0,0,0,1
2,2,60,1,1,1,0,0,1
2,2,60,1,1,2,0,0,1
2,2,60,1,2,0,0,0,1
2,2,60,1,2,1,0,0,1
2,2,60,1,2,2,0,0,1
2,2,60,1,3,0,0,0,1
2,2,60,1,3,1,0,0,1
2,2,60,1,3,2,0,0,1
2,2,500,0,0,0,0,0,1
2,2,500,0,0,1,0,0,1
2,2,500,0,0,2,0,0,1
2,2,500,0,1,0,0,0,1
2,2,500,0,1,1,0,0,1
2,2,500,0,1,2,0,0,1
2,2,500,0,2,0,0,0,1
2,2,500,0,2,1,0,0,1
2,2,500,0,2,2,0,0,1
2,2,500,0,3,0,0,0,1
2,2,500,0,3,1,0,0,1
2,2,500,0,3,2,0,0,1
2,2,500,1,0,0,0,0,1
2,2,500,1,0,1,0,0,1
2,2,500,1,0,2,0,0,1
2,2,500,1,1,0,0,0,1
2,2,500,1,1,1,0,0,1
2,2,500,1,1,2,0,0,1
2,2,500,1,2,0,0,0,1
2,2,500,1,2,1,0,0,1
2,2,500,1,2,2,0,0,1
2,2,500,1,3,0,0,0,1
2,2,500,1,3,1,0,0,1
2,2,500,1,3,2,0,0,1
2,2,1200,0,0,0,0,0,1
2,2,1200,0,0,1,0,0,1
2,2,1200,0,0,2,0,0,1
2,2,1200,0,1,0,0,0,1
2,2,1200,0,1,1,0,0,1
2,2,1200,0,1,2,0,0,1
2,2,1200,0,2,0,0,0,1
2,2,1200,0,2,1,0,0,1
2,2,1200,0,2,2,0,0,1
2,2,1200,0,3,0,0,0,1
2,2,1200,0,3,1,0,0,1
2,2,1200,0,3,2,0,0,1
2,2,1200,1,0,0,0,0,1
2,2,1200,1,0,1,0,0,1
2,2,1200,1,0,2,0,0,1
2,2,1200,1,1,0,0,0,1
2,2,1200,1,1,1,0,0,1
2,2,1200,1,1,2,0,0,1
2,2,1200,1,2,0,0,0,1
2,2,1200,1,2,1,0,0,1
2,2,1200,1,2,2,0,0,1
2,2,1200,1,3,0,0,0,1
2,2,1200,1,3,1,0,0,1
2,2,1200,1,3,2,0,0,1
2,3,0,0,0,0,0,0,1
2,3,0,0,0,1,0,0,1
2,3,0,0,0,2,0,0,1
2,3,0,0,1,0,0,0,1
2,3,0,0,1,1,0,0,1
2,3,0,0,1,2,0,0,1
2,3,0,0,2,0,0,0,1
2,3,0,0,2,1,0,0,1
2,3,0,0,2,2,0,0,1
2,3,0,0,3,0,0,0,1
2,3,0,0,3,1,0,0,1
2,3,0,0,3,2,0,0,1
2,3,0,1,0,0,0,0,1
2,3,0,1,0,1,0,0,1
2,3,0,1,0,2,0,0,1
2,3,0,1,1,0,0,0,1
2,3,0,1,1,1,0,0,1
2,3,0,1,1,2,0,0,1
2,3,0,1,2,0,0,0,1
2,3,0,1,2,1,0,0,1
2,3,0,1,2,2,0,0,1
2,3,0,1,3,0,0,0,1
2,3,0,1,3,1,0,0,1
2,3,0,1,3,2,0,0,1
2,3,24,0,0,0,0,0,1
2,3,24,0,0,1,0,0,1
2,3,24,0,0,2,0,0,1
2,3,24,0,1,0,0,0,1
2,3,24,0,1,1,0,0,1
2,3,24,0,1,2,0,0,1
2,3,24,0,2,0,0,0,1
2,3,24,0,2,1,0,0,1
2,3,24,0,2,2,0,0,1
2,3,24,0,3,0,0,0,1
2,3,24,0,3,1,0,0,1
2,3,24,0,3,2,0,0,1
2,3,24,1,0,0,0,0,1
2,3,24,1,0,1,0,0,1
2,3,24,1,0,2,0,0,1
2,3,24,1,1,0,0,0,1
2,3,24,1,1,1,0,0,1
2,3,24,1,1,2,0,0,1
2,3,24,1,2,0,0,0,1
2,3,24,1,2,1,0,0,1
2,3,24,1,2,2,0,0,1
2,3,24,1,3,0,0,0,1
2,3,24,1,3,1,0,0,1
2,3,24,1,3,2,0,0,1
2,3,60,0,0,0,0,0,1
2,3,60,0,0,1,0,0,1
2,3,60,0,0,2,0,0,1
2,3,60,0,1,0,0,0,1
2,3,60,0,1,1,0,0,1
2,3,60,0,1,2,0,0,1
2,3,60,0,2,0,0,0,1
2,3,60,0,2,1,0,0,1
2,3,60,0,2,2,0,0,1
2,3,60,0,3,0,0,0,1
2,3,60,0,3,1,0,0,1
2,3,60,0,3,2,0,0,1
2,3,60,1,0,0,0,0,1
2,3,60,1,0,1,0,0,1
2,3,60,1,0,2,0,0,1
2,3,60,1,1,0,0,0,1
2,3,60,1,1,1,0,0,1
2,3,60,1,1,2,0,0,1
2,3,60,1,2,0,0,0,1
2,3,60,1,2,1,0,0,1
2,3,60,1,2,2,0,0,1
2,3,60,1,3,0,0,0,1
2,3,60,1,3,1,0,0,1
2,3,60,1,3,2,0,0,1
2,3,500,0,0,0,0,0,1
2,3,500,0,0,1,0,0,1
2,3,500,0,0,2,0,0,1
2,3,500,0,1,0,0,0,1
2,3,500,0,1,1,0,0,1
2,3,500,0,1,2,0,0,1
2,3,500,0,2,0,0,0,1
2,3,500,0,2,1,0,0,1
2,3,500,0,2,2,0,0,1
2,3,500,0,3,0,0,0,1
2,3,500,0,3,1,0,0,1
2,3,500,0,3,2,0,0,1
2,3,500,1,0,0,0,0,1
2,3,500,1,0,1,0,0,1
2,3,500,1,0,2,0,0,1
2,3,500,1,1,0,0,0,1
2,3,500,1,1,1,0,0,1
2,3,500,1,1,2,0,0,1
2,3,500,1,2,0,0,0,1
2,3,500,1,2,1,0,0,1
2,3,500,1,2,2,0,0,1
2,3,500,1,3,0,0,0,1
2,3,500,1,3,1,0,0,1
2,3,500,1,3,2,0,0,1
2,3,1200,0,0,0,0,0,1
2,3,1200,0,0,1,0,0,1
2,3,1200,0,0,2,0,0,1
2,3,1200,0,1,0,0,0,1
2,3,1200,0,1,1,0,0,1
2,3,1200,0,1,2,0,0,1
2,3,1200,0,2,0,0,0,1
2,3,1200,0,2,1,0,0,1
2,3,1200,0,2,2,0,0,1
2,3,1200,0,3,0,0,0,1
2,3,1200,0,3,1,0,0,1
2,3,1200,0,3,2,0,0,1
2,3,1200,1,0,0,0,0,1
2,3,1200,1,0,1,0,0,1
2,3,1200,1,0,2,0,0,1
2,3,1200,1,1,0,0,0,1
2,3,1200,1,1,1,0,0,1
2,3,1200,1,1,2,0,0,1
2,3,1200,1,2,0,0,0,1
2,3,1200,1,2,1,0,0,1
2,3,1200,1,2,2,0,0,1
2,3,1200,1,3,0,0,0,1
2,3,1200,1,3,1,0,0,1
2,3,1200,1,3,2,0,0,1
3,0,0,0,0,0,1,1,1
3,0,0,0,0,1,1,1,1
3,0,0,0,0,2,1,1,1
3,0,0,0,1,0,1,1,1
3,0,0,0,1,1,1,1,1
3,0,0,0,1,2,1,1,1
3,0,0,0,2,0,1,1,1
3,0,0,0,2,1,1,1,1
3,0,0,0,2,2,1,1,1
3,0,0,0,3,0,1,1,1
3,0,0,0,3,1,1,1,1
3,0,0,0,3,2,1,1,1
3,0,0,1,0,0,1,1,1
3,0,0,1,0,1,1,1,1
3,0,0,1,0,2,1,1,1
3,0,0,1,1,0,1,1,1
3,0,0,1,1,1,1,1,1
3,0,0,1,1,2,1,1,1
3,0,0,1,2,0,1,1,1
3,0,0,1,2,1,1,1,1
3,0,0,1,2,2,1,1,1
3,0,0,1,3,0,1,1,1
3,0,0,1,3,1,1,1,1
3,0,0,1,3,2,1,1,1
3,0,24,0,0,0,1,1,1
3,0,24,0,0,1,1,1,1
3,0,24,0,0,2,1,1,1
3,0,24,0,1,0,1,1,1
3,0,24,0,1,1,1,1,1
3,0,24,0,1,2,1,1,1
3,0,24,0,2,0,1,1,1
3,0,24,0,2,1,1,1,1
3,0,24,0,2,2,1,1,1
3,0,24,0,3,0,1,1,1
3,0,24,0,3,1,1,1,1
3,0,24,0,3,2,1,1,1
3,0,24,1,0,0,1,1,1
3,0,24,1,0,1,1,1,1
3,0,24,1,0,2,1,1,1
3,0,24,1,1,0,1,1,1
3,0,24,1,1,1,1,1,1
3,0,24,1,1,2,1,1,1
3,0,24,1,2,0,1,1,1
3,0,24,1,2,1,1,1,1
3,0,24,1,2,2,1,1,1
3,0,24,1,3,0,1,1,1
3,0,24,1,3,1,1,1,1
3,0,24,1,3,2,1,1,1
3,0,60,0,0,0,1,1,1
3,0,60,0,0,1,1,1,1
3,0,60,0,0,2,1,1,1
3,0,60,0,1,0,1,1,1
3,0,60,0,1,1,1,1,1
3,0,60,0,1,2,1,1,1
3,0,60,0,2,0,1,1,1
3,0,60,0,2,1,1,1,1
3,0,60,0,2,2,1,1,1
3,0,60,0,3,0,1,1,1
3,0,60,0,3,1,1,1,1
3,0,60,0,3,2,1,1,1
3,0,60,1,0,0,1,1,1
3,0,60,1,0,1,1,1,1
3,0,60,1,0,2,1,1,1
3,0,60,1,1,0,1,1,1
3,0,60,1,1,1,1,1,1
3,0,60,1,1,2,1,1,1
3,0,60,1,2,0,1,1,1
3,0,60,1,2,1,1,1,1
3,0,60,1,2,2,1,1,1
3,0,60,1,3,0,1,1,1
3,0,60,1,3,1,1,1,1
3,0,60,1,3,2,1,1,1
3,0,500,0,0,0,1,1,1
3,0,500,0,0,1,1,1,1
3,0,500,0,0,2,1,1,1
3,0,500,0,1,0,1,1,1
3,0,500,0,1,1,1,1,1
3,0,500,0,1,2,1,1,1
3,0,500,0,2,0,1,1,1
3,0,500,0,2,1,1,1,1
3,0,500,0,2,2,1,1,1
3,0,500,0,3,0,1,1,1
3,0,500,0,3,1,1,1,1
3,0,500,0,3,2,1,1,1
3,0,500,1,0,0,1,1,1
3,0,500,1,0,1,1,1,1
3,0,500,1,0,2,1,1,1
3,0,500,1,1,0,1,1,1
3,0,500,1,1,1,1,1,1
3,0,500,1,1,2,1,1,1
3,0,500,1,2,0,1,1,1
3,0,500,1,2,1,1,1,1
3,0,500,1,2,2,1,1,1
3,0,500,1,3,0,1,1,1
3,0,500,1,3,1,1,1,1
3,0,500,1,3,2,1,1,1
3,0,1200,0,0,0,1,0,1
3,0,1200,0,0,1,1,1,1
3,0,1200,0,0,2,1,1,1
3,0,1200,0,1,0,1,0,1
3,0,1200,0,1,1,1,1,1
3,0,1200,0,1,2,1,1,1
3,0,1200,0,2,0,1,0,1
3,0,1200,0,2,1,1,1,1
3,0,1200,0,2,2,1,1,1
3,0,1200,0,3,0,1,0,1
3,0,1200,0,3,1,1,1,1
3,0,1200,0,3,2,1,1,1
3,0,1200,1,0,0,1,0,1
3,0,1200,1,0,1,1,1,1
3,0,1200,1,0,2,1,1,1
3,0,1200,1,1,0,1,0,1
3,0,1200,1,1,1,1,1,1
3,0,1200,1,1,2,1,1,1
3,0,1200,1,2,0,1,0,1
3,0,1200,1,2,1,1,1,1
3,0,1200,1,2,2,1,1,1
3,0,1200,1,3,0,1,0,1
3,0,1200,1,3,1,1,1,1
3,0,1200,1,3,2,1,1,1
3,1,0,0,0,0,1,1,1
3,1,0,0,0,1,1,1,1
3,1,0,0,0,2,1,1,1
3,1,0,0,1,0,1,1,1
3,1,0,0,1,1,1,1,1
3,1,0,0,1,2,1,1,1
3,1,0,0,2,0,1,1,1
3,1,0,0,2,1,1,1,1
3,1,0,0,2,2,1,1,1
3,1,0,0,3,0,1,1,1
3,1,0,0,3,1,1,1,1
3,1,0,0,3,2,1,1,1
3,1,0,1,0,0,1,1,1
3,1,0,1,0,1,1,1,1
3,1,0,1,0,2,1,1,1
3,1,0,1,1,0,1,1,1
3,1,0,1,1,1,1,1,1
3,1,0,1,1,2,1,1,1
3,1,0,1,2,0,1,1,1
3,1,0,1,2,1,1,1,1
3,1,0,1,2,2,1,1,1
3,1,0,1,3,0,1,1,1
3,1,0,1,3,1,1,1,1
3,1,0,1,3,2,1,1,1
3,1,24,0,0,0,1,1,1
3,1,24,0,0,1,1,1,1
3,1,24,0,0,2,1,1,1
3,1,24,0,1,0,1,1,1
3,1,24,0,1,1,1,1,1
3,1,24,0,1,2,1,1,1
3,1,24,0,2,0,1,1,1
3,1,24,0,2,1,1,1,1
3,1,24,0,2,2,1,1,1
3,1,24,0,3,0,1,1,1
3,1,24,0,3,1,1,1,1
3,1,24,0,3,2,1,1,1
3,1,24,1,0,0,1,1,1
3,1,24,1,0,1,1,1,1
3,1,24,1,0,2,1,1,1
3,1,24,1,1,0,1,1,1
3,1,24,1,1,1,1,1,1
3,1,24,1,1,2,1,1,1
3,1,24,1,2,0,1,1,1
3,1,24,1,2,1,1,1,1
3,1,24,1,2,2,1,1,1
3,1,24,1,3,0,1,1,1
3,1,24,1,3,1,1,1,1
3,1,24,1,3,2,1,1,1
3,1,60,0,0,0,1,1,1
3,1,60,0,0,1,1,1,1
3,1,60,0,0,2,1,1,1
3,1,60,0,1,0,1,1,1
3,1,60,0,1,1,1,1,1
3,1,60,0,1,2,1,1,1
3,1,60,0,2,0,1,1,1
3,1,60,0,2,1,1,1,1
3,1,60,0,2,2,1,1,1
3,1,60,0,3,0,1,1,1
3,1,60,0,3,1,1,1,1
3,1,60,0,3,2,1,1,1
3,1,60,1,0,0,1,1,1
3,1,60,1,0,1,1,1,1
3,1,60,1,0,2,1,1,1
3,1,60,1,1,0,1,1,1
3,1,60,1,1,1,1,1,1
3,1,60,1,1,2,1,1,1
3,1,60,1,2,0,1,1,1
3,1,60,1,2,1,1,1,1
3,1,60,1,2,2,1,1,1
3,1,60,1,3,0,1,1,1
3,1,60,1,3,1,1,1,1
3,1,60,1,3,2,1,1,1
3,1,500,0,0,0,1,1,1
3,1,500,0,0,1,1,1,1
3,1,500,0,0,2,1,1,1
3,1,500,0,1,0,1,1,1
3,1,500,0,1,1,1,1,1
3,1,500,0,1,2,1,1,1
3,1,500,0,2,0,1,1,1
3,1,500,0,2,1,1,1,1
3,1,500,0,2,2,1,1,1
3,1,500,0,3,0,1,1,1
3,1,500,0,3,1,1,1,1
3,1,500,0,3,2,1,1,1
3,1,500,1,0,0,1,1,1
3,1,500,1,0,1,1,1,1
3,1,500,1,0,2,1,1,1
3,1,500,1,1,0,1,1,1
3,1,500,1,1,1,1,1,1
3,1,500,1,1,2,1,1,1
3,1,500,1,2,0,1,1,1
3,1,500,1,2,1,1,1,1
3,1,500,1,2,2,1,1,1
3,1,500,1,3,0,1,1,1
3,1,500,1,3,1,1,1,1
3,1,500,1,3,2,1,1,1
3,1,1200,0,0,0,1,0,1
3,1,1200,0,0,1,1,1,1
3,1,1200,0,0,2,1,1,1
3,1,1200,0,1,0,1,0,1
3,1,1200,0,1,1,1,1,1
3,1,1200,0,1,2,1,1,1
3,1,1200,0,2,0,1,0,1
3,1,1200,0,2,1,1,1,1
3,1,1200,0,2,2,1,1,1
3,1,1200,0,3,0,1,0,1
3,1,1200,0,3,1,1,1,1
3,1,1200,0,3,2,1,1,1
3,1,1200,1,0,0,1,0,1
3,1,1200,1,0,1,1,1,1
3,1,1200,1,0,2,1,1,1
3,1,1200,1,1,0,1,0,1
3,1,1200,1,1,1,1,1,1
3,1,1200,1,1,2,1,1,1
3,1,1200,1,2,0,1,0,1
3,1,1200,1,2,1,1,1,1
3,1,1200,1,2,2,1,1,1
3,1,1200,1,3,0,1,0,1
3,1,1200,1,3,1,1,1,1
3,1,1200,1,3,2,1,1,1
3,2,0,0,0,0,0,0,1
3,2,0,0,0,1,0,0,1
3,2,0,0,0,2,0,0,1
3,2,0,0,1,0,0,0,1
3,2,0,0,1,1,0,0,1
3,2,0,0,1,2,0,0,1
3,2,0,0,2,0,0,0,1
3,2,0,0,2,1,0,0,1
3,2,0,0,2,2,0,0,1
3,2,0,0,3,0,0,0,1
3,2,0,0,3,1,0,0,1
3,2,0,0,3,2,0,0,1
3,2,0,1,0,0,0,0,1
3,2,0,1,0,1,0,0,1
3,2,0,1,0,2,0,0,1
3,2,0,1,1,0,0,0,1
3,2,0,1,1,1,0,0,1
3,2,0,1,1,2,0,0,1
3,2,0,1,2,0,0,0,1
3,2,0,1,2,1,0,0,1
3,2,0,1,2,2,0,0,1
3,2,0,1,3,0,0,0,1
3,2,0,1,3,1,0,0,1
3,2,0,1,3,2,0,0,1
3,2,24,0,0,0,0,0,1
3,2,24,0,0,1,0,0,1
3,2,24,0,0,2,0,0,1
3,2,24,0,1,0,0,0,1
3,2,24,0,1,1,0,0,1
3,2,24,0,1,2,0,0,1
3,2,24,0,2,0,0,0,1
3,2,24,0,2,1,0,0,1
3,2,24,0,2,2,0,0,1
3,2,24,0,3,0,0,0,1
3,2,24,0,3,1,0,0,1
3,2,24,0,3,2,0,0,1
3,2,24,1,0,0,0,0,1
3,2,24,1,0,1,0,0,1
3,2,24,1,0,2,0,0,1
3,2,24,1,1,0,0,0,1
3,2,24,1,1,1,0,0,1
3,2,24,1,1,2,0,0,1
3,2,24,1,2,0,0,0,1
3,2,24,1,2,1,0,0,1
3,2,24,1,2,2,0,0,1
3,2,24,1,3,0,0,0,1
3,2,24,1,3,1,0,0,1
3,2,24,1,3,2,0,0,1
3,2,60,0,0,0,0,0,1
3,2,60,0,0,1,0,0,1
3,2,60,0,0,2,0,0,1
3,2,60,0,1,0,0,0,1
3,2,60,0,1,1,0,0,1
3,2,60,0,1,2,0,0,1
3,2,60,0,2,0,0,0,1
3,2,60,0,2,1,0,0,1
3,2,60,0,2,2,0,0,1
3,2,60,0,3,0,0,0,1
3,2,60,0,3,1,0,0,1
3,2,60,0,3,2,0,0,1
3,2,60,1,0,0,0,0,1
3,2,60,1,0,1,0,0,1
3,2,60,1,0,2,0,0,1
3,2,60,1,1,0,0,0,1
3,2,60,1,1,1,0,0,1
3,2,60,1,1,2,0,0,1
3,2,60,1,2,0,0,0,1
3,2,60,1,2,1,0,0,1
3,2,60,1,2,2,0,0,1
3,2,60,1,3,0,0,0,1
3,2,60,1,3,1,0,0,1
3,2,60,1,3,2,0,0,1
3,2,500,0,0,0,0,0,1
3,2,500,0,0,1,0,0,1
3,2,500,0,0,2,0,0,1
3,2,500,0,1,0,0,0,1
3,2,500,0,1,1,0,0,1
3,2,500,0,1,2,0,0,1
3,2,500,0,2,0,0,0,1
3,2,500,0,2,1,0,0,1
3,2,500,0,2,2,0,0,1
3,2,500,0,3,0,0,0,1
3,2,500,0,3,1,0,0,1
3,2,500,0,3,2,0,0,1
3,2,500,1,0,0,0,0,1
3,2,500,1,0,1,0,0,1
3,2,500,1,0,2,0,0,1
3,2,500,1,1,0,0,0,1
3,2,500,1,1,1,0,0,1
3,2,500,1,1,2,0,0,1
3,2,500,1,2,0,0,0,1
3,2,500,1,2,1,0,0,1
3,2,500,1,2,2,0,0,1
3,2,500,1,3,0,0,0,1
3,2,500,1,3,1,0,0,1
3,2,500,1,3,2,0,0,1
3,2,1200,0,0,0,0,0,1
3,2,1200,0,0,1,0,0,1
3,2,1200,0,0,2,0,0,1
3,2,1200,0,1,0,0,0,1
3,2,1200,0,1,1,0,0,1
3,2,1200,0,1,2,0,0,1
3,2,1200,0,2,0,0,0,1
3,2,1200,0,2,1,0,0,1
3,2,1200,0,2,2,0,0,1
3,2,1200,0,3,0,0,0,1
3,2,1200,0,3,1,0,0,1
3,2,1200,0,3,2,0,0,1
3,2,1200,1,0,0,0,0,1
3,2,1200,1,0,1,0,0,1
3,2,1200,1,0,2,0,0,1
3,2,1200,1,1,0,0,0,1
3,2,1200,1,1,1,0,0,1
3,2,1200,1,1,2,0,0,1
3,2,1200,1,2,0,0,0,1
3,2,1200,1,2,1,0,0,1
3,2,1200,1,2,2,0,0,1
3,2,1200,1,3,0,0,0,1
3,2,1200,1,3,1,0,0,1
3,2,1200,1,3,2,0,0,1
3,3,0,0,0,0,0,0,1
3,3,0,0,0,1,0,0,1
3,3,0,0,0,2,0,0,1
3,3,0,0,1,0,0,0,1
3,3,0,0,1,1,0,0,1
3,3,0,0,1,2,0,0,1
3,3,0,0,2,0,0,0,1
3,3,0,0,2,1,0,0,1
3,3,0,0,2,2,0,0,1
3,3,0,0,3,0,0,0,1
3,3,0,0,3,1,0,0,1
3,3,0,0,3,2,0,0,1
3,3,0,1,0,0,0,0,1
3,3,0,1,0,1,0,0,1
3,3,0,1,0,2,0,0,1
3,3,0,1,1,0,0,0,1
3,3,0,1,1,1,0,0,1
3,3,0,1,1,2,0,0,1
3,3,0,1,2,0,0,0,1
3,3,0,1,2,1,0,0,1
3,3,0,1,2,2,0,0,1
3,3,0,1,3,0,0,0,1
3,3,0,1,3,1,0,0,1
3,3,0,1,3,2,0,0,1
3,3,24,0,0,0,0,0,1
3,3,24,0,0,1,0,0,1
3,3,24,0,0,2,0,0,1
3,3,24,0,1,0,0,0,1
3,3,24,0,1,1,0,0,1
3,3,24,0,1,2,0,0,1
3,3,24,0,2,0,0,0,1
3,3,24,0,2,1,0,0,1
3,3,24,0,2,2,0,0,1
3,3,24,0,3,0,0,0,1
3,3,24,0,3,1,0,0,1
3,3,24,0,3,2,0,0,1
3,3,24,1,0,0,0,0,1
3,3,24,1,0,1,0,0,1
3,3,24,1,0,2,0,0,1
3,3,24,1,1,0,0,0,1
3,3,24,1,1,1,0,0,1
3,3,24,1,1,2,0,0,1
3,3,24,1,2,0,0,0,1
3,3,24,1,2,1,0,0,1
3,3,24,1,2,2,0,0,1
3,3,24,1,3,0,0,0,1
3,3,24,1,3,1,0,0,1
3,3,24,1,3,2,0,0,1
3,3,60,0,0,0,0,0,1
3,3,60,0,0,1,0,0,1
3,3,60,0,0,2,0,0,1
3,3,60,0,1,0,0,0,1
3,3,60,0,1,1,0,0,1
3,3,60,0,1,2,0,0,1
3,3,60,0,2,0,0,0,1
3,3,60,0,2,1,0,0,1
3,3,60,0,2,2,0,0,1
3,3,60,0,3,0,0,0,1
3,3,60,0,3,1,0,0,1
3,3,60,0,3,2,0,0,1
3,3,60,1,0,0,0,0,1
3,3,60,1,0,1,0,0,1
3,3,60,1,0,2,0,0,1
3,3,60,1,1,0,0,0,1
3,3,60,1,1,1,0,0,1
3,3,60,1,1,2,0,0,1
3,3,60,1,2,0,0,0,1
3,3,60,1,2,1,0,0,1
3,3,60,1,2,2,0,0,1
3,3,60,1,3,0,0,0,1
3,3,60,1,3,1,0,0,1
3,3,60,1,3,2,0,0,1
3,3,500,0,0,0,0,0,1
3,3,500,0,0,1,0,0,1
3,3,500,0,0,2,0,0,1
3,3,500,0,1,0,0,0,1
3,3,500,0,1,1,0,0,1
3,3,500,0,1,2,0,0,1
3,3,500,0,2,0,0,0,1
3,3,500,0,2,1,0,0,1
3,3,500,0,2,2,0,0,1
3,3,500,0,3,0,0,0,1
3,3,500,0,3,1,0,0,1
3,3,500,0,3,2,0,0,1
3,3,500,1,0,0,0,0,1
3,3,500,1,0,1,0,0,1
3,3,500,1,0,2,0,0,1
3,3,500,1,1,0,0,0,1
3,3,500,1,1,1,0,0,1
3,3,500,1,1,2,0,0,1
3,3,500,1,2,0,0,0,1
3,3,500,1,2,1,0,0,1
3,3,500,1,2,2,0,0,1
3,3,500,1,3,0,0,0,1
3,3,500,1,3,1,0,0,1
3,3,500,1,3,2,0,0,1
3,3,1200,0,0,0,0,0,1
3,3,1200,0,0,1,0,0,1
3,3,1200,0,0,2,0,0,1
3,3,1200,0,1,0,0,0,1
3,3,1200,0,1,1,0,0,1
3,3,1200,0,1,2,0,0,1
3,3,1200,0,2,0,0,0,1
3,3,1200,0,2,1,0,0,1
3,3,1200,0,2,2,0,0,1
3,3,1200,0,3,0,0,0,1
3,3,1200,0,3,1,0,0,1
3,3,1200,0,3,2,0,0,1
3,3,1200,1,0,0,0,0,1
3,3,1200,1,0,1,0,0,1
3,3,1200,1,0,2,0,0,1
3,3,1200,1,1,0,0,0,1
3,3,1200,1,1,1,0,0,1
3,3,1200,1,1,2,0,0,1
3,3,1200,1,2,0,0,0,1
3,3,1200,1,2,1,0,0,1
3,3,1200,1,2,2,0,0,1
3,3,1200,1,3,0,0,0,1
3,3,1200,1,3,1,0,0,1
3,3,1200,1,3,2,0,0,1
4,0,0,0,0,0,1,1,1
4,0,0,0,0,1,1,1,1
4,0,0,0,0,2,1,1,1
4,0,0,0,1,0,1,1,1
4,0,0,0,1,1,1,1,1
4,0,0,0,1,2,1,1,1
4,0,0,0,2,0,1,1,1
4,0,0,0,2,1,1,1,1
4,0,0,0,2,2,1,1,1
4,0,0,0,3,0,1,1,1
4,0,0,0,3,1,1,1,1
4,0,0,0,3,2,1,1,1
4,0,0,1,0,0,1,1,1
4,0,0,1,0,1,1,1,1
4,0,0,1,0,2,1,1,1
4,0,0,1,1,0,1,1,1
4,0,0,1,1,1,1,1,1
4,0,0,1,1,2,1,1,1
4,0,0,1,2,0,1,1,1
4,0,0,1,2,1,1,1,1
4,0,0,1,2,2,1,1,1
4,0,0,1,3,0,1,1,1
4,0,0,1,3,1,1,1,1
4,0,0,1,3,2,1,1,1
4,0,24,0,0,0,1,1,1
4,0,24,0,0,1,1,1,1
4,0,24,0,0,2,1,1,1
4,0,24,0,1,0,1,1,1
4,0,24,0,1,1,1,1,1
4,0,24,0,1,2,1,1,1
4,0,24,0,2,0,1,1,1
4,0,24,0,2,1,1,1,1
4,0,24,0,2,2,1,1,1
4,0,24,0,3,0,1,1,1
4,0,24,0,3,1,1,1,1
4,0,24,0,3,2,1,1,1
4,0,24,1,0,0,1,1,1
4,0,24,1,0,1,1,1,1
4,0,24,1,0,2,1,1,1
4,0,24,1,1,0,1,1,1
4,0,24,1,1,1,1,1,1
4,0,24,1,1,2,1,1,1
4,0,24,1,2,0,1,1,1
4,0,24,1,2,1,1,1,1
4,0,24,1,2,2,1,1,1
4,0,24,1,3,0,1,1,1
4,0,24,1,3,1,1,1,1
4,0,24,1,3,2,1,1,1
4,0,60,0,0,0,1,1,1
4,0,60,0,0,1,1,1,1
4,0,60,0,0,2,1,1,1
4,0,60,0,1,0,1,1,1
4,0,60,0,1,1,1,1,1
4,0,60,0,1,2,1,1,1
4,0,60,0,2,0,1,1,1
4,0,60,0,2,1,1,1,1
4,0,60,0,2,2,1,1,1
4,0,60,0,3,0,1,1,1
4,0,60,0,3,1,1,1,1
4,0,60,0,3,2,1,1,1
4,0,60,1,0,0,1,1,1
4,0,60,1,0,1,1,1,1
4,0,60,1,0,2,1,1,1
4,0,60,1,1,0,1,1,1
4,0,60,1,1,1,1,1,1
4,0,60,1,1,2,1,1,1
4,0,60,1,2,0,1,1,1
4,0,60,1,2,1,1,1,1
4,0,60,1,2,2,1,1,1
4,0,60,1,3,0,1,1,1
4,0,60,1,3,1,1,1,1
4,0,60,1,3,2,1,1,1
4,0,500,0,0,0,1,1,1
4,0,500,0,0,1,1,1,1
4,0,500,0,0,2,1,1,1
4,0,500,0,1,0,1,1,1
4,0,500,0,1,1,1,1,1
4,0,500,0,1,2,1,1,1
4,0,500,0,2,0,1,1,1
4,0,500,0,2,1,1,1,1
4,0,500,0,2,2,1,1,1
4,0,500,0,3,0,1,1,1
4,0,500,0,3,1,1,1,1
4,0,500,0,3,2,1,1,1
4,0,500,1,0,0,1,1,1
4,0,500,1,0,1,1,1,1
4,0,500,1,0,2,1,1,1
4,0,500,1,1,0,1,1,1
4,0,500,1,1,1,1,1,1
4,0,500,1,1,2,1,1,1
4,0,500,1,2,0,1,1,1
4,0,500,1,2,1,1,1,1
4,0,500,1,2,2,1,1,1
4,0,500,1,3,0,1,1,1
4,0,500,1,3,1,1,1,1
4,0,500,1,3,2,1,1,1
4,0,1200,0,0,0,1,0,1
4,0,1200,0,0,1,1,1,1
4,0,1200,0,0,2,1,1,1
4,0,1200,0,1,0,1,0,1
4,0,1200,0,1,1,1,1,1
4,0,1200,0,1,2,1,1,1
4,0,1200,0,2,0,1,0,1
4,0,1200,0,2,1,1,1,1
4,0,1200,0,2,2,1,1,1
4,0,1200,0,3,0,1,0,1
4,0,1200,0,3,1,1,1,1
4,0,1200,0,3,2,1,1,1
4,0,1200,1,0,0,1,0,1
4,0,1200,1,0,1,1,1,1
4,0,1200,1,0,2,1,1,1
4,0,1200,1,1,0,1,0,1
4,0,1200,1,1,1,1,1,1
4,0,1200,1,1,2,1,1,1
4,0,1200,1,2,0,1,0,1
4,0,1200,1,2,1,1,1,1
4,0,1200,1,2,2,1,1,1
4,0,1200,1,3,0,1,0,1
4,0,1200,1,3,1,1,1,1
4,0,1200,1,3,2,1,1,1
4,1,0,0,0,0,1,1,1
4,1,0,0,0,1,1,1,1
4,1,0,0,0,2,1,1,1
4,1,0,0,1,0,1,1,1
4,1,0,0,1,1,1,1,1
4,1,0,0,1,2,1,1,1
4,1,0,0,2,0,1,1,1
4,1,0,0,2,1,1,1,1
4,1,0,0,2,2,1,1,1
4,1,0,0,3,0,1,1,1
4,1,0,0,3,1,1,1,1
4,1,0,0,3,2,1,1,1
4,1,0,1,0,0,1,1,1
4,1,0,1,0,1,1,1,1
4,1,0,1,0,2,1,1,1
4,1,0,1,1,0,1,1,1
4,1,0,1,1,1,1,1,1
4,1,0,1,1,2,1,1,1
4,1,0,1,2,0,1,1,1
4,1,0,1,2,1,1,1,1
4,1,0,1,2,2,1,1,1
4,1,0,1,3,0,1,1,1
4,1,0,1,3,1,1,1,1
4,1,0,1,3,2,1,1,1
4,1,24,0,0,0,1,1,1
4,1,24,0,0,1,1,1,1
4,1,24,0,0,2,1,1,1
4,1,24,0,1,0,1,1,1
4,1,24,0,1,1,1,1,1
4,1,24,0,1,2,1,1,1
4,1,24,0,2,0,1,1,1
4,1,24,0,2,1,1,1,1
4,1,24,0,2,2,1,1,1
4,1,24,0,3,0,1,1,1
4,1,24,0,3,1,1,1,1
4,1,24,0,3,2,1,1,1
4,1,24,1,0,0,1,1,1
4,1,24,1,0,1,1,1,1
4,1,24,1,0,2,1,1,1
4,1,24,1,1,0,1,1,1
4,1,24,1,1,1,1,1,1
4,1,24,1,1,2,1,1,1
4,1,24,1,2,0,1,1,1
4,1,24,1,2,1,1,1,1
4,1,24,1,2,2,1,1,1
4,1,24,1,3,0,1,1,1
4,1,24,1,3,1,1,1,1
4,1,24,1,3,2,1,1,1
4,1,60,0,0,0,1,1,1
4,1,60,0,0,1,1,1,1
4,1,60,0,0,2,1,1,1
4,1,60,0,1,0,1,1,1
4,1,60,0,1,1,1,1,1
4,1,60,0,1,2,1,1,1
4,1,60,0,2,0,1,1,1
4,1,60,0,2,1,1,1,1
4,1,60,0,2,2,1,1,1
4,1,60,0,3,0,1,1,1
4,1,60,0,3,1,1,1,1
4,1,60,0,3,2,1,1,1
4,1,60,1,0,0,1,1,1
4,1,60,1,0,1,1,1,1
4,1,60,1,0,2,1,1,1
4,1,60,1,1,0,1,1,1
4,1,60,1,1,1,1,1,1
4,1,60,1,1,2,1,1,1
4,1,60,1,2,0,1,1,1
4,1,60,1,2,1,1,1,1
4,1,60,1,2,2,1,1,1
4,1,60,1,3,0,1,1,1
4,1,60,1,3,1,1,1,1
4,1,60,1,3,2,1,1,1
4,1,500,0,0,0,1,1,1
4,1,500,0,0,1,1,1,1
4,1,500,0,0,2,1,1,1
4,1,500,0,1,0,1,1,1
4,1,500,0,1,1,1,1,1
4,1,500,0,1,2,1,1,1
4,1,500,0,2,0,1,1,1
4,1,500,0,2,1,1,1,1
4,1,500,0,2,2,1,1,1
4,1,500,0,3,0,1,1,1
4,1,500,0,3,1,1,1,1
4,1,500,0,3,2,1,1,1
4,1,500,1,0,0,1,1,1
4,1,500,1,0,1,1,1,1
4,1,500,1,0,2,1,1,1
4,1,500,1,1,0,1,1,1
4,1,500,1,1,1,1,1,1
4,1,500,1,1,2,1,1,1
4,1,500,1,2,0,1,1,1
4,1,500,1,2,1,1,1,1
4,1,500,1,2,2,1,1,1
4,1,500,1,3,0,1,1,1
4,1,500,1,3,1,1,1,1
4,1,500,1,3,2,1,1,1
4,1,1200,0,0,0,1,0,1
4,1,1200,0,0,1,1,1,1
4,1,1200,0,0,2,1,1,1
4,1,1200,0,1,0,1,0,1
4,1,1200,0,1,1,1,1,1
4,1,1200,0,1,2,1,1,1
4,1,1200,0,2,0,1,0,1
4,1,1200,0,2,1,1,1,1
4,1,1200,0,2,2,1,1,1
4,1,1200,0,3,0,1,0,1
4,1,1200,0,3,1,1,1,1
4,1,1200,0,3,2,1,1,1
4,1,1200,1,0,0,1,0,1
4,1,1200,1,0,1,1,1,1
4,1,1200,1,0,2,1,1,1
4,1,1200,1,1,0,1,0,1
4,1,1200,1,1,1,1,1,1
4,1,1200,1,1,2,1,1,1
4,1,1200,1,2,0,1,0,1
4,1,1200,1,2,1,1,1,1
4,1,1200,1,2,2,1,1,1
4,1,1200,1,3,0,1,0,1
4,1,1200,1,3,1,1,1,1
4,1,1200,1,3,2,1,1,1
4,2,0,0,0,0,0,0,1
4,2,0,0,0,1,0,0,1
4,2,0,0,0,2,0,0,1
4,2,0,0,1,0,0,0,1
4,2,0,0,1,1,0,0,1
4,2,0,0,1,2,0,0,1
4,2,0,0,2,0,0,0,1
4,2,0,0,2,1,0,0,1
4,2,0,0,2,2,0,0,1
4,2,0,0,3,0,0,0,1
4,2,0,0,3,1,0,0,1
4,2,0,0,3,2,0,0,1
4,2,0,1,0,0,0,0,1
4,2,0,1,0,1,0,0,1
4,2,0,1,0,2,0,0,1
4,2,0,1,1,0,0,0,1
4,2,0,1,1,1,0,0,1
4,2,0,1,1,2,0,0,1
4,2,0,1,2,0,0,0,1
4,2,0,1,2,1,0,0,1
4,2,0,1,2,2,0,0,1
4,2,0,1,3,0,0,0,1
4,2,0,1,3,1,0,0,1
4,2,0,1,3,2,0,0,1
4,2,24,0,0,0,0,0,1
4,2,24,0,0,1,0,0,1
4,2,24,0,0,2,0,0,1
4,2,24,0,1,0,0,0,1
4,2,24,0,1,1,0,0,1
4,2,24,0,1,2,0,0,1
4,2,24,0,2,0,0,0,1
4,2,24,0,2,1,0,0,1
4,2,24,0,2,2,0,0,1
4,2,24,0,3,0,0,0,1
4,2,24,0,3,1,0,0,1
4,2,24,0,3,2,0,0,1
4,2,24,1,0,0,0,0,1
4,2,24,1,0,1,0,0,1
4,2,24,1,0,2,0,0,1
4,2,24,1,1,0,0,0,1
4,2,24,1,1,1,0,0,1
4,2,24,1,1,2,0,0,1
4,2,24,1,2,0,0,0,1
4,2,24,1,2,1,0,0,1
4,2,24,1,2,2,0,0,1
4,2,24,1,3,0,0,0,1
4,2,24,1,3,1,0,0,1
4,2,24,1,3,2,0,0,1
4,2,60,0,0,0,0,0,1
4,2,60,0,0,1,0,0,1
4,2,60,0,0,2,0,0,1
4,2,60,0,1,0,0,0,1
4,2,60,0,1,1,0,0,1
4,2,60,0,1,2,0,0,1
4,2,60,0,2,0,0,0,1
4,2,60,0,2,1,0,0,1
4,2,60,0,2,2,0,0,1
4,2,60,0,3,0,0,0,1
4,2,60,0,3,1,0,0,1
4,2,60,0,3,2,0,0,1
4,2,60,1,0,0,0,0,1
4,2,60,1,0,1,0,0,1
4,2,60,1,0,2,0,0,1
4,2,60,1,1,0,0,0,1
4,2,60,1,1,1,0,0,1
4,2,60,1,1,2,0,0,1
4,2,60,1,2,0,0,0,1
4,2,60,1,2,1,0,0,1
4,2,60,1,2,2,0,0,1
4,2,60,1,3,0,0,0,1
4,2,60,1,3,1,0,0,1
4,2,60,1,3,2,0,0,1
4,2,500,0,0,0,0,0,1
4,2,500,0,0,1,0,0,1
4,2,500,0,0,2,0,0,1
4,2,500,0,1,0,0,0,1
4,2,500,0,1,1,0,0,1
4,2,500,0,1,2,0,0,1
4,2,500,0,2,0,0,0,1
4,2,500,0,2,1,0,0,1
4,2,500,0,2,2,0,0,1
4,2,500,0,3,0,0,0,1
4,2,500,0,3,1,0,0,1
4,2,500,0,3,2,0,0,1
4,2,500,1,0,0,0,0,1
4,2,500,1,0,1,0,0,1
4,2,500,1,0,2,0,0,1
4,2,500,1,1,0,0,0,1
4,2,500,1,1,1,0,0,1
4,2,500,1,1,2,0,0,1
4,2,500,1,2,0,0,0,1
4,2,500,1,2,1,0,0,1
4,2,500,1,2,2,0,0,1
4,2,500,1,3,0,0,0,1
4,2,500,1,3,1,0,0,1
4,2,500,1,3,2,0,0,1
4,2,1200,0,0,0,0,0,1
4,2,1200,0,0,1,0,0,1
4,2,1200,0,0,2,0,0,1
4,2,1200,0,1,0,0,0,1
4,2,1200,0,1,1,0,0,1
4,2,1200,0,1,2,0,0,1
4,2,1200,0,2,0,0,0,1
4,2,1200,0,2,1,0,0,1
4,2,1200,0,2,2,0,0,1
4,2,1200,0,3,0,0,0,1
4,2,1200,0,3,1,0,0,1
4,2,1200,0,3,2,0,0,1
4,2,1200,1,0,0,0,0,1
4,2,1200,1,0,1,0,0,1
4,2,1200,1,0,2,0,0,1
4,2,1200,1,1,0,0,0,1
4,2,1200,1,1,1,0,0,1
4,2,1200,1,1,2,0,0,1
4,2,1200,1,2,0,0,0,1
4,2,1200,1,2,1,0,0,1
4,2,1200,1,2,2,0,0,1
4,2,1200,1,3,0,0,0,1
4,2,1200,1,3,1,0,0,1
4,2,1200,1,3,2,0,0,1
4,3,0,0,0,0,0,0,1
4,3,0,0,0,1,0,0,1
4,3,0,0,0,2,0,0,1
4,3,0,0,1,0,0,0,1
4,3,0,0,1,1,0,0,1
4,3,0,0,1,2,0,0,1
4,3,0,0,2,0,0,0,1
4,3,0,0,2,1,0,0,1
4,3,0,0,2,2,0,0,1
4,3,0,0,3,0,0,0,1
4,3,0,0,3,1,0,0,1
4,3,0,0,3,2,0,0,1
4,3,0,1,0,0,0,0,1
4,3,0,1,0,1,0,0,1
4,3,0,1,0,2,0,0,1
4,3,0,1,1,0,0,0,1
4,3,0,1,1,1,0,0,1
4,3,0,1,1,2,0,0,1
4,3,0,1,2,0,0,0,1
4,3,0,1,2,1,0,0,1
4,3,0,1,2,2,0,0,1
4,3,0,1,3,0,0,0,1
4,3,0,1,3,1,0,0,1
4,3,0,1,3,2,0,0,1
4,3,24,0,0,0,0,0,1
4,3,24,0,0,1,0,0,1
4,3,24,0,0,2,0,0,1
4,3,24,0,1,0,0,0,1
4,3,24,0,1,1,0,0,1
4,3,24,0,1,2,0,0,1
4,3,24,0,2,0,0,0,1
4,3,24,0,2,1,0,0,1
4,3,24,0,2,2,0,0,1
4,3,24,0,3,0,0,0,1
4,3,24,0,3,1,0,0,1
4,3,24,0,3,2,0,0,1
4,3,24,1,0,0,0,0,1
4,3,24,1,0,1,0,0,1
4,3,24,1,0,2,0,0,1
4,3,24,1,1,0,0,0,1
4,3,24,1,1,1,0,0,1
4,3,24,1,1,2,0,0,1
4,3,24,1,2,0,0,0,1
4,3,24,1,2,1,0,0,1
4,3,24,1,2,2,0,0,1
4,3,24,1,3,0,0,0,1
4,3,24,1,3,1,0,0,1
4,3,24,1,3,2,0,0,1
4,3,60,0,0,0,0,0,1
4,3,60,0,0,1,0,0,1
4,3,60,0,0,2,0,0,1
4,3,60,0,1,0,0,0,1
4,3,60,0,1,1,0,0,1
4,3,60,0,1,2,0,0,1
4,3,60,0,2,0,0,0,1
4,3,60,0,2,1,0,0,1
4,3,60,0,2,2,0,0,1
4,3,60,0,3,0,0,0,1
4,3,60,0,3,1,0,0,1
4,3,60,0,3,2,0,0,1
4,3,60,1,0,0,0,0,1
4,3,60,1,0,1,0,0,1
4,3,60,1,0,2,0,0,1
4,3,60,1,1,0,0,0,1
4,3,60,1,1,1,0,0,1
4,3,60,1,1,2,0,0,1
4,3,60,1,2,0,0,0,1
4,3,60,1,2,1,0,0,1
4,3,60,1,2,2,0,0,1
4,3,60,1,3,0,0,0,1
4,3,60,1,3,1,0,0,1
4,3,60,1,3,2,0,0,1
4,3,500,0,0,0,0,0,1
4,3,500,0,0,1,0,0,1
4,3,500,0,0,2,0,0,1
4,3,500,0,1,0,0,0,1
4,3,500,0,1,1,0,0,1
4,3,500,0,1,2,0,0,1
4,3,500,0,2,0,0,0,1
4,3,500,0,2,1,0,0,1
4,3,500,0,2,2,0,0,1
4,3,500,0,3,0,0,0,1
4,3,500,0,3,1,0,0,1
4,3,500,0,3,2,0,0,1
4,3,500,1,0,0,0,0,1
4,3,500,1,0,1,0,0,1
4,3,500,1,0,2,0,0,1
4,3,500,1,1,0,0,0,1
4,3,500,1,1,1,0,0,1
4,3,500,1,1,2,0,0,1
4,3,500,1,2,0,0,0,1
4,3,500,1,2,1,0,0,1
4,3,500,1,2,2,0,0,1
4,3,500,1,3,0,0,0,1
4,3,500,1,3,1,0,0,1
4,3,500,1,3,2,0,0,1
4,3,1200,0,0,0,0,0,1
4,3,1200,0,0,1,0,0,1
4,3,1200,0,0,2,0,0,1
4,3,1200,0,1,0,0,0,1
4,3,1200,0,1,1,0,0,1
4,3,1200,0,1,2,0,0,1
4,3,1200,0,2,0,0,0,1
4,3,1200,0,2,1,0,0,1
4,3,1200,0,2,2,0,0,1
4,3,1200,0,3,0,0,0,1
4,3,1200,0,3,1,0,0,1
4,3,1200,0,3,2,0,0,1
4,3,1200,1,0,0,0,0,1
4,3,1200,1,0,1,0,0,1
4,3,1200,1,0,2,0,0,1
4,3,1200,1,1,0,0,0,1
4,3,1200,1,1,1,0,0,1
4,3,1200,1,1,2,0,0,1
4,3,1200,1,2,0,0,0,1
4,3,1200,1,2,1,0,0,1
4,3,1200,1,2,2,0,0,1
4,3,1200,1,3,0,0,0,1
4,3,1200,1,3,1,0,0,1
4,3,1200,1,3,2,0,0,1
5,0,0,0,0,0,1,1,1
5,0,0,0,0,1,1,1,1
5,0,0,0,0,2,1,1,1
5,0,0,0,1,0,1,1,1
5,0,0,0,1,1,1,1,1
5,0,0,0,1,2,1,1,1
5,0,0,0,2,0,1,1,1
5,0,0,0,2,1,1,1,1
5,0,0,0,2,2,1,1,1
5,0,0,0,3,0,1,1,1
5,0,0,0,3,1,1,1,1
5,0,0,0,3,2,1,1,1
5,0,0,1,0,0,1,1,1
5,0,0,1,0,1,1,1,1
5,0,0,1,0,2,1,1,1
5,0,0,1,1,0,1,1,1
5,0,0,1,1,1,1,1,1
5,0,0,1,1,2,1,1,1
5,0,0,1,2,0,1,1,1
5,0,0,1,2,1,1,1,1
5,0,0,1,2,2,1,1,1
5,0,0,1,3,0,1,1,1
5,0,0,1,3,1,1,1,1
5,0,0,1,3,2,1,1,1
5,0,24,0,0,0,1,1,1
5,0,24,0,0,1,1,1,1
5,0,24,0,0,2,1,1,1
5,0,24,0,1,0,1,1,1
5,0,24,0,1,1,1,1,1
5,0,24,0,1,2,1,1,1
5,0,24,0,2,0,1,1,1
5,0,24,0,2,1,1,1,1
5,0,24,0,2,2,1,1,1
5,0,24,0,3,0,1,1,1
5,0,24,0,3,1,1,1,1
5,0,24,0,3,2,1,1,1
5,0,24,1,0,0,1,1,1
5,0,24,1,0,1,1,1,1
5,0,24,1,0,2,1,1,1
5,0,24,1,1,0,1,1,1
5,0,24,1,1,1,1,1,1
5,0,24,1,1,2,1,1,1
5,0,24,1,2,0,1,1,1
5,0,24,1,2,1,1,1,1
5,0,24,1,2,2,1,1,1
5,0,24,1,3,0,1,1,1
5,0,24,1,3,1,1,1,1
5,0,24,1,3,2,1,1,1
5,0,60,0,0,0,1,1,1
5,0,60,0,0,1,1,1,1
5,0,60,0,0,2,1,1,1
5,0,60,0,1,0,1,1,1
5,0,60,0,1,1,1,1,1
5,0,60,0,1,2,1,1,1
5,0,60,0,2,0,1,1,1
5,0,60,0,2,1,1,1,1
5,0,60,0,2,2,1,1,1
5,0,60,0,3,0,1,1,1
5,0,60,0,3,1,1,1,1
5,0,60,0,3,2,1,1,1
5,0,60,1,0,0,1,1,1
5,0,60,1,0,1,1,1,1
5,0,60,1,0,2,1,1,1
5,0,60,1,1,0,1,1,1
5,0,60,1,1,1,1,1,1
5,0,60,1,1,2,1,1,1
5,0,60,1,2,0,1,1,1
5,0,60,1,2,1,1,1,1
5,0,60,1,2,2,1,1,1
5,0,60,1,3,0,1,1,1
5,0,60,1,3,1,1,1,1
5,0,60,1,3,2,1,1,1
5,0,500,0,0,0,1,1,1
5,0,500,0,0,1,1,1,1
5,0,500,0,0,2,1,1,1
5,0,500,0,1,0,1,1,1
5,0,500,0,1,1,1,1,1
5,0,500,0,1,2,1,1,1
5,0,500,0,2,0,1,1,1
5,0,500,0,2,1,1,1,1
5,0,500,0,2,2,1,1,1
5,0,500,0,3,0,1,1,1
5,0,500,0,3,1,1,1,1
5,0,500,0,3,2,1,1,1
5,0,500,1,0,0,1,1,1
5,0,500,1,0,1,1,1,1
5,0,500,1,0,2,1,1,1
5,0,500,1,1,0,1,1,1
5,0,500,1,1,1,1,1,1
5,0,500,1,1,2,1,1,1
5,0,500,1,2,0,1,1,1
5,0,500,1,2,1,1,1,1
5,0,500,1,2,2,1,1,1
5,0,500,1,3,0,1,1,1
5,0,500,1,3,1,1,1,1
5,0,500,1,3,2,1,1,1
5,0,1200,0,0,0,1,0,1
5,0,1200,0,0,1,1,1,1
5,0,1200,0,0,2,1,1,1
5,0,1200,0,1,0,1,0,1
5,0,1200,0,1,1,1,1,1
5,0,1200,0,1,2,1,1,1
5,0,1200,0,2,0,1,0,1
5,0,1200,0,2,1,1,1,1
5,0,1200,0,2,2,1,1,1
5,0,1200,0,3,0,1,0,1
5,0,1200,0,3,1,1,1,1
5,0,1200,0,3,2,1,1,1
5,0,1200,1,0,0,1,0,1
5,0,1200,1,0,1,1,1,1
5,0,1200,1,0,2,1,1,1
5,0,1200,1,1,0,1,0,1
5,0,1200,1,1,1,1,1,1
5,0,1200,1,1,2,1,1,1
5,0,1200,1,2,0,1,0,1
5,0,1200,1,2,1,1,1,1
5,0,1200,1,2,2,1,1,1
5,0,1200,1,3,0,1,0,1
5,0,1200,1,3,1,1,1,1
5,0,1200,1,3,2,1,1,1
5,1,0,0,0,0,1,1,1
5,1,0,0,0,1,1,1,1
5,1,0,0,0,2,1,1,1
5,1,0,0,1,0,1,1,1
5,1,0,0,1,1,1,1,1
5,1,0,0,1,2,1,1,1
5,1,0,0,2,0,1,1,1
5,1,0,0,2,1,1,1,1
5,1,0,0,2,2,1,1,1
5,1,0,0,3,0,1,1,1
5,1,0,0,3,1,1,1,1
5,1,0,0,3,2,1,1,1
5,1,0,1,0,0,1,1,1
5,1,0,1,0,1,1,1,1
5,1,0,1,0,2,1,1,1
5,1,0,1,1,0,1,1,1
5,1,0,1,1,1,1,1,1
5,1,0,1,1,2,1,1,1
5,1,0,1,2,0,1,1,1
5,1,0,1,2,1,1,1,1
5,1,0,1,2,2,1,1,1
5,1,0,1,3,0,1,1,1
5,1,0,1,3,1,1,1,1
5,1,0,1,3,2,1,1,1
5,1,24,0,0,0,1,1,1
5,1,24,0,0,1,1,1,1
5,1,24,0,0,2,1,1,1
5,1,24,0,1,0,1,1,1
5,1,24,0,1,1,1,1,1
5,1,24,0,1,2,1,1,1
5,1,24,0,2,0,1,1,1
5,1,24,0,2,1,1,1,1
5,1,24,0,2,2,1,1,1
5,1,24,0,3,0,1,1,1
5,1,24,0,3,1,1,1,1
5,1,24,0,3,2,1,1,1
5,1,24,1,0,0,1,1,1
5,1,24,1,0,1,1,1,1
5,1,24,1,0,2,1,1,1
5,1,24,1,1,0,1,1,1
5,1,24,1,1,1,1,1,1
5,1,24,1,1,2,1,1,1
5,1,24,1,2,0,1,1,1
5,1,24,1,2,1,1,1,1
5,1,24,1,2,2,1,1,1
5,1,24,1,3,0,1,1,1
5,1,24,1,3,1,1,1,1
5,1,24,1,3,2,1,1,1
5,1,60,0,0,0,1,1,1
5,1,60,0,0,1,1,1,1
5,1,60,0,0,2,1,1,1
5,1,60,0,1,0,1,1,1
5,1,60,0,1,1,1,1,1
5,1,60,0,1,2,1,1,1
5,1,60,0,2,0,1,1,1
5,1,60,0,2,1,1,1,1
5,1,60,0,2,2,1,1,1
5,1,60,0,3,0,1,1,1
5,1,60,0,3,1,1,1,1
5,1,60,0,3,2,1,1,1
5,1,60,1,0,0,1,1,1
5,1,60,1,0,1,1,1,1
5,1,60,1,0,2,1,1,1
5,1,60,1,1,0,1,1,1
5,1,60,1,1,1,1,1,1
5,1,60,1,1,2,1,1,1
5,1,60,1,2,0,1,1,1
5,1,60,1,2,1,1,1,1
5,1,60,1,2,2,1,1,1
5,1,60,1,3,0,1,1,1
5,1,60,1,3,1,1,1,1
5,1,60,1,3,2,1,1,1
5,1,500,0,0,0,1,1,1
5,1,500,0,0,1,1,1,1
5,1,500,0,0,2,1,1,1
5,1,500,0,1,0,1,1,1
5,1,500,0,1,1,1,1,1
5,1,500,0,1,2,1,1,1
5,1,500,0,2,0,1,1,1
5,1,500,0,2,1,1,1,1
5,1,500,0,2,2,1,1,1
5,1,500,0,3,0,1,1,1
5,1,500,0,3,1,1,1,1
5,1,500,0,3,2,1,1,1
5,1,500,1,0,0,1,1,1
5,1,500,1,0,1,1,1,1
5,1,500,1,0,2,1,1,1
5,1,500,1,1,0,1,1,1
5,1,500,1,1,1,1,1,1
5,1,500,1,1,2,1,1,1
5,1,500,1,2,0,1,1,1
5,1,500,1,2,1,1,1,1
5,1,500,1,2,2,1,1,1
5,1,500,1,3,0,1,1,1
5,1,500,1,3,1,1,1,1
5,1,500,1,3,2,1,1,1
5,1,1200,0,0,0,1,0,1
5,1,1200,0,0,1,1,1,1
5,1,1200,0,0,2,1,1,1
5,1,1200,0,1,0,1,0,1
5,1,1200,0,1,1,1,1,1
5,1,1200,0,1,2,1,1,1
5,1,1200,0,2,0,1,0,1
5,1,1200,0,2,1,1,1,1
5,1,1200,0,2,2,1,1,1
5,1,1200,0,3,0,1,0,1
5,1,1200,0,3,1,1,1,1
5,1,1200,0,3,2,1,1,1
5,1,1200,1,0,0,1,0,1
5,1,1200,1,0,1,1,1,1
5,1,1200,1,0,2,1,1,1
5,1,1200,1,1,0,1,0,1
5,1,1200,1,1,1,1,1,1
5,1,1200,1,1,2,1,1,1
5,1,1200,1,2,0,1,0,1
5,1,1200,1,2,1,1,1,1
5,1,1200,1,2,2,1,1,1
5,1,1200,1,3,0,1,0,1
5,1,1200,1,3,1,1,1,1
5,1,1200,1,3,2,1,1,1
5,2,0,0,0,0,0,0,1
5,2,0,0,0,1,0,0,1
5,2,0,0,0,2,0,0,1
5,2,0,0,1,0,0,0,1
5,2,0,0,1,1,0,0,1
5,2,0,0,1,2,0,0,1
5,2,0,0,2,0,0,0,1
5,2,0,0,2,1,0,0,1
5,2,0,0,2,2,0,0,1
5,2,0,0,3,0,0,0,1
5,2,0,0,3,1,0,0,1
5,2,0,0,3,2,0,0,1
5,2,0,1,0,0,0,0,1
5,2,0,1,0,1,0,0,1
5,2,0,1,0,2,0,0,1
5,2,0,1,1,0,0,0,1
5,2,0,1,1,1,0,0,1
5,2,0,1,1,2,0,0,1
5,2,0,1,2,0,0,0,1
5,2,0,1,2,1,0,0,1
5,2,0,1,2,2,0,0,1
5,2,0,1,3,0,0,0,1
5,2,0,1,3,1,0,0,1
5,2,0,1,3,2,0,0,1
5,2,24,0,0,0,0,0,1
5,2,24,0,0,1,0,0,1
5,2,24,0,0,2,0,0,1
5,2,24,0,1,0,0,0,1
5,2,24,0,1,1,0,0,1
5,2,24,0,1,2,0,0,1
5,2,24,0,2,0,0,0,1
5,2,24,0,2,1,0,0,1
5,2,24,0,2,2,0,0,1
5,2,24,0,3,0,0,0,1
5,2,24,0,3,1,0,0,1
5,2,24,0,3,2,0,0,1
5,2,24,1,0,0,0,0,1
5,2,24,1,0,1,0,0,1
5,2,24,1,0,2,0,0,1
5,2,24,1,1,0,0,0,1
5,2,24,1,1,1,0,0,1
5,2,24,1,1,2,0,0,1
5,2,24,1,2,0,0,0,1
5,2,24,1,2,1,0,0,1
5,2,24,1,2,2,0,0,1
5,2,24,1,3,0,0,0,1
5,2,24,1,3,1,0,0,1
5,2,24,1,3,2,0,0,1
5,2,60,0,0,0,0,0,1
5,2,60,0,0,1,0,0,1
5,2,60,0,0,2,0,0,1
5,2,60,0,1,0,0,0,1
5,2,60,0,1,1,0,0,1
5,2,60,0,1,2,0,0,1
5,2,60,0,2,0,0,0,1
5,2,60,0,2,1,0,0,1
5,2,60,0,2,2,0,0,1
5,2,60,0,3,0,0,0,1
5,2,60,0,3,1,0,0,1
5,2,60,0,3,2,0,0,1
5,2,60,1,0,0,0,0,1
5,2,60,1,0,1,0,0,1
5,2,60,1,0,2,0,0,1
5,2,60,1,1,0,0,0,1
5,2,60,1,1,1,0,0,1
5,2,60,1,1,2,0,0,1
5,2,60,1,2,0,0,0,1
5,2,60,1,2,1,0,0,1
5,2,60,1,2,2,0,0,1
5,2,60,1,3,0,0,0,1
5,2,60,1,3,1,0,0,1
5,2,60,1,3,2,0,0,1
5,2,500,0,0,0,0,0,1
5,2,500,0,0,1,0,0,1
5,2,500,0,0,2,0,0,1
5,2,500,0,1,0,0,0,1
5,2,500,0,1,1,0,0,1
5,2,500,0,1,2,0,0,1
5,2,500,0,2,0,0,0,1
5,2,500,0,2,1,0,0,1
5,2,500,0,2,2,0,0,1
5,2,500,0,3,0,0,0,1
5,2,500,0,3,1,0,0,1
5,2,500,0,3,2,0,0,1
5,2,500,1,0,0,0,0,1
5,2,500,1,0,1,0,0,1
5,2,500,1,0,2,0,0,1
5,2,500,1,1,0,0,0,1
5,2,500,1,1,1,0,0,1
5,2,500,1,1,2,0,0,1
5,2,500,1,2,0,0,0,1
5,2,500,1,2,1,0,0,1
5,2,500,1,2,2,0,0,1
5,2,500,1,3,0,0,0,1
5,2,500,1,3,1,0,0,1
5,2,500,1,3,2,0,0,1
5,2,1200,0,0,0,0,0,1
5,2,1200,0,0,1,0,0,1
5,2,1200,0,0,2,0,0,1
5,2,1200,0,1,0,0,0,1
5,2,1200,0,1,1,0,0,1
5,2,1200,0,1,2,0,0,1
5,2,1200,0,2,0,0,0,1
5,2,1200,0,2,1,0,0,1
5,2,1200,0,2,2,0,0,1
5,2,1200,0,3,0,0,0,1
5,2,1200,0,3,1,0,0,1
5,2,1200,0,3,2,0,0,1
5,2,1200,1,0,0,0,0,1
5,2,1200,1,0,1,0,0,1
5,2,1200,1,0,2,0,0,1
5,2,1200,1,1,0,0,0,1
5,2,1200,1,1,1,0,0,1
5,2,1200,1,1,2,0,0,1
5,2,1200,1,2,0,0,0,1
5,2,1200,1,2,1,0,0,1
5,2,1200,1,2,2,0,0,1
5,2,1200,1,3,0,0,0,1
5,2,1200,1,3,1,0,0,1
5,2,1200,1,3,2,0,0,1
5,3,0,0,0,0,0,0,1
5,3,0,0,0,1,0,0,1
5,3,0,0,0,2,0,0,1
5,3,0,0,1,0,0,0,1
5,3,0,0,1,1,0,0,1
5,3,0,0,1,2,0,0,1
5,3,0,0,2,0,0,0,1
5,3,0,0,2,1,0,0,1
5,3,0,0,2,2,0,0,1
5,3,0,0,3,0,0,0,1
5,3,0,0,3,1,0,0,1
5,3,0,0,3,2,0,0,1
5,3,0,1,0,0,0,0,1
5,3,0,1,0,1,0,0,1
5,3,0,1,0,2,0,0,1
5,3,0,1,1,0,0,0,1
5,3,0,1,1,1,0,0,1
5,3,0,1,1,2,0,0,1
5,3,0,1,2,0,0,0,1
5,3,0,1,2,1,0,0,1
5,3,0,1,2,2,0,0,1
5,3,0,1,3,0,0,0,1
5,3,0,1,3,1,0,0,1
5,3,0,1,3,2,0,0,1
5,3,24,0,0,0,0,0,1
5,3,24,0,0,1,0,0,1
5,3,24,0,0,2,0,0,1
5,3,24,0,1,0,0,0,1
5,3,24,0,1,1,0,0,1
5,3,24,0,1,2,0,0,1
5,3,24,0,2,0,0,0,1
5,3,24,0,2,1,0,0,1
5,3,24,0,2,2,0,0,1
5,3,24,0,3,0,0,0,1
5,3,24,0,3,1,0,0,1
5,3,24,0,3,2,0,0,1
5,3,24,1,0,0,0,0,1
5,3,24,1,0,1,0,0,1
5,3,24,1,0,2,0,0,1
5,3,24,1,1,0,0,0,1
5,3,24,1,1,1,0,0,1
5,3,24,1,1,2,0,0,1
5,3,24,1,2,0,0,0,1
5,3,24,1,2,1,0,0,1
5,3,24,1,2,2,0,0,1
5,3,24,1,3,0,0,0,1
5,3,24,1,3,1,0,0,1
5,3,24,1,3,2,0,0,1
5,3,60,0,0,0,0,0,1
5,3,60,0,0,1,0,0,1
5,3,60,0,0,2,0,0,1
5,3,60,0,1,0,0,0,1
5,3,60,0,1,1,0,0,1
5,3,60,0,1,2,0,0,1
5,3,60,0,2,0,0,0,1
5,3,60,0,2,1,0,0,1
5,3,60,0,2,2,0,0,1
5,3,60,0,3,0,0,0,1
5,3,60,0,3,1,0,0,1
5,3,60,0,3,2,0,0,1
5,3,60,1,0,0,0,0,1
5,3,60,1,0,1,0,0,1
5,3,60,1,0,2,0,0,1
5,3,60,1,1,0,0,0,1
5,3,60,1,1,1,0,0,1
5,3,60,1,1,2,0,0,1
5,3,60,1,2,0,0,0,1
5,3,60,1,2,1,0,0,1
5,3,60,1,2,2,0,0,1
5,3,60,1,3,0,0,0,1
5,3,60,1,3,1,0,0,1
5,3,60,1,3,2,0,0,1
5,3,500,0,0,0,0,0,1
5,3,500,0,0,1,0,0,1
5,3,500,0,0,2,0,0,1
5,3,500,0,1,0,0,0,1
5,3,500,0,1,1,0,0,1
5,3,500,0,1,2,0,0,1
5,3,500,0,2,0,0,0,1
5,3,500,0,2,1,0,0,1
5,3,500,0,2,2,0,0,1
5,3,500,0,3,0,0,0,1
5,3,500,0,3,1,0,0,1
5,3,500,0,3,2,0,0,1
5,3,500,1,0,0,0,0,1
5,3,500,1,0,1,0,0,1
5,3,500,1,0,2,0,0,1
5,3,500,1,1,0,0,0,1
5,3,500,1,1,1,0,0,1
5,3,500,1,1,2,0,0,1
5,3,500,1,2,0,0,0,1
5,3,500,1,2,1,0,0,1
5,3,500,1,2,2,0,0,1
5,3,500,1,3,0,0,0,1
5,3,500,1,3,1,0,0,1
5,3,500,1,3,2,0,0,1
5,3,1200,0,0,0,0,0,1
5,3,1200,0,0,1,0,0,1
5,3,1200,0,0,2,0,0,1
5,3,1200,0,1,0,0,0,1
5,3,1200,0,1,1,0,0,1
5,3,1200,0,1,2,0,0,1
5,3,1200,0,2,0,0,0,1
5,3,1200,0,2,1,0,0,1
5,3,1200,0,2,2,0,0,1
5,3,1200,0,3,0,0,0,1
5,3,1200,0,3,1,0,0,1
5,3,1200,0,3,2,0,0,1
5,3,1200,1,0,0,0,0,1
5,3,1200,1,0,1,0,0,1
5,3,1200,1,0,2,0,0,1
5,3,1200,1,1,0,0,0,1
5,3,1200,1,1,1,0,0,1
5,3,1200,1,1,2,0,0,1
5,3,1200,1,2,0,0,0,1
5,3,1200,1,2,1,0,0,1
5,3,1200,1,2,2,0,0,1
5,3,1200,1,3,0,0,0,1
5,3,1200,1,3,1,0,0,1
5,3,1200,1,3,2,0,0,1
6,0,0,0,0,0,1,1,1
6,0,0,0,0,1,1,1,1
6,0,0,0,0,2,1,1,1
6,0,0,0,1,0,1,1,1
6,0,0,0,1,1,1,1,1
6,0,0,0,1,2,1,1,1
6,0,0,0,2,0,1,1,1
6,0,0,0,2,1,1,1,1
6,0,0,0,2,2,1,1,1
6,0,0,0,3,0,1,1,1
6,0,0,0,3,1,1,1,1
6,0,0,0,3,2,1,1,1
6,0,0,1,0,0,1,1,1
6,0,0,1,0,1,1,1,1
6,0,0,1,0,2,1,1,1
6,0,0,1,1,0,1,1,1
6,0,0,1,1,1,1,1,1
6,0,0,1,1,2,1,1,1
6,0,0,1,2,0,1,1,1
6,0,0,1,2,1,1,1,1
6,0,0,1,2,2,1,1,1
6,0,0,1,3,0,1,1,1
6,0,0,1,3,1,1,1,1
6,0,0,1,3,2,1,1,1
6,0,24,0,0,0,1,1,1
6,0,24,0,0,1,1,1,1
6,0,24,0,0,2,1,1,1
6,0,24,0,1,0,1,1,1
6,0,24,0,1,1,1,1,1
6,0,24,0,1,2,1,1,1
6,0,24,0,2,0,1,1,1
6,0,24,0,2,1,1,1,1
6,0,24,0,2,2,1,1,1
6,0,24,0,3,0,1,1,1
6,0,24,0,3,1,1,1,1
6,0,24,0,3,2,1,1,1
6,0,24,1,0,0,1,1,1
6,0,24,1,0,1,1,1,1
6,0,24,1,0,2,1,1,1
6,0,24,1,1,0,1,1,1
6,0,24,1,1,1,1,1,1
6,0,24,1,1,2,1,1,1
6,0,24,1,2,0,1,1,1
6,0,24,1,2,1,1,1,1
6,0,24,1,2,2,1,1,1
6,0,24,1,3,0,1,1,1
6,0,24,1,3,1,1,1,1
6,0,24,1,3,2,1,1,1
6,0,60,0,0,0,1,1,1
6,0,60,0,0,1,1,1,1
6,0,60,0,0,2,1,1,1
6,0,60,0,1,0,1,1,1
6,0,60,0,1,1,1,1,1
6,0,60,0,1,2,1,1,1
6,0,60,0,2,0,1,1,1
6,0,60,0,2,1,1,1,1
6,0,60,0,2,2,1,1,1
6,0,60,0,3,0,1,1,1
6,0,60,0,3,1,1,1,1
6,0,60,0,3,2,1,1,1
6,0,60,1,0,0,1,1,1
6,0,60,1,0,1,1,1,1
6,0,60,1,0,2,1,1,1
6,0,60,1,1,0,1,1,1
6,0,60,1,1,1,1,1,1
6,0,60,1,1,2,1,1,1
6,0,60,1,2,0,1,1,1
6,0,60,1,2,1,1,1,1
6,0,60,1,2,2,1,1,1
6,0,60,1,3,0,1,1,1
6,0,60,1,3,1,1,1,1
6,0,60,1,3,2,1,1,1
6,0,500,0,0,0,1,1,1
6,0,500,0,0,1,1,1,1
6,0,500,0,0,2,1,1,1
6,0,500,0,1,0,1,1,1
6,0,500,0,1,1,1,1,1
6,0,500,0,1,2,1,1,1
6,0,500,0,2,0,1,1,1
6,0,500,0,2,1,1,1,1
6,0,500,0,2,2,1,1,1
6,0,500,0,3,0,1,1,1
6,0,500,0,3,1,1,1,1
6,0,500,0,3,2,1,1,1
6,0,500,1,0,0,1,1,1
6,0,500,1,0,1,1,1,1
6,0,500,1,0,2,1,1,1
6,0,500,1,1,0,1,1,1
6,0,500,1,1,1,1,1,1
6,0,500,1,1,2,1,1,1
6,0,500,1,2,0,1,1,1
6,0,500,1,2,1,1,1,1
6,0,500,1,2,2,1,1,1
6,0,500,1,3,0,1,1,1
6,0,500,1,3,1,1,1,1
6,0,500,1,3,2,1,1,1
6,0,1200,0,0,0,1,0,1
6,0,1200,0,0,1,1,1,1
6,0,1200,0,0,2,1,1,1
6,0,1200,0,1,0,1,0,1
6,0,1200,0,1,1,1,1,1
6,0,1200,0,1,2,1,1,1
6,0,1200,0,2,0,1,0,1
6,0,1200,0,2,1,1,1,1
6,0,1200,0,2,2,1,1,1
6,0,1200,0,3,0,1,0,1
6,0,1200,0,3,1,1,1,1
6,0,1200,0,3,2,1,1,1
6,0,1200,1,0,0,1,0,1
6,0,1200,1,0,1,1,1,1
6,0,1200,1,0,2,1,1,1
6,0,1200,1,1,0,1,0,1
6,0,1200,1,1,1,1,1,1
6,0,1200,1,1,2,1,1,1
6,0,1200,1,2,0,1,0,1
6,0,1200,1,2,1,1,1,1
6,0,1200,1,2,2,1,1,1
6,0,1200,1,3,0,1,0,1
6,0,1200,1,3,1,1,1,1
6,0,1200,1,3,2,1,1,1
6,1,0,0,0,0,1,1,1
6,1,0,0,0,1,1,1,1
6,1,0,0,0,2,1,1,1
6,1,0,0,1,0,1,1,1
6,1,0,0,1,1,1,1,1
6,1,0,0,1,2,1,1,1
6,1,0,0,2,0,1,1,1
6,1,0,0,2,1,1,1,1
6,1,0,0,2,2,1,1,1
6,1,0,0,3,0,1,1,1
6,1,0,0,3,1,1,1,1
6,1,0,0,3,2,1,1,1
6,1,0,1,0,0,1,1,1
6,1,0,1,0,1,1,1,1
6,1,0,1,0,2,1,1,1
6,1,0,1,1,0,1,1,1
6,1,0,1,1,1,1,1,1
6,1,0,1,1,2,1,1,1
6,1,0,1,2,0,1,1,1
6,1,0,1,2,1,1,1,1
6,1,0,1,2,2,1,1,1
6,1,0,1,3,0,1,1,1
6,1,0,1,3,1,1,1,1
6,1,0,1,3,2,1,1,1
6,1,24,0,0,0,1,1,1
6,1,24,0,0,1,1,1,1
6,1,24,0,0,2,1,1,1
6,1,24,0,1,0,1,1,1
6,1,24,0,1,1,1,1,1
6,1,24,0,1,2,1,1,1
6,1,24,0,2,0,1,1,1
6,1,24,0,2,1,1,1,1
6,1,24,0,2,2,1,1,1
6,1,24,0,3,0,1,1,1
6,1,24,0,3,1,1,1,1
6,1,24,0,3,2,1,1,1
6,1,24,1,0,0,1,1,1
6,1,24,1,0,1,1,1,1
6,1,24,1,0,2,1,1,1
6,1,24,1,1,0,1,1,1
6,1,24,1,1,1,1,1,1
6,1,24,1,1,2,1,1,1
6,1,24,1,2,0,1,1,1
6,1,24,1,2,1,1,1,1
6,1,24,1,2,2,1,1,1
6,1,24,1,3,0,1,1,1
6,1,24,1,3,1,1,1,1
6,1,24,1,3,2,1,1,1
6,1,60,0,0,0,1,1,1
6,1,60,0,0,1,1,1,1
6,1,60,0,0,2,1,1,1
6,1,60,0,1,0,1,1,1
6,1,60,0,1,1,1,1,1
6,1,60,0,1,2,1,1,1
6,1,60,0,2,0,1,1,1
6,1,60,0,2,1,1,1,1
6,1,60,0,2,2,1,1,1
6,1,60,0,3,0,1,1,1
6,1,60,0,3,1,1,1,1
6,1,60,0,3,2,1,1,1
6,1,60,1,0,0,1,1,1
6,1,60,1,0,1,1,1,1
6,1,60,1,0,2,1,1,1
6,1,60,1,1,0,1,1,1
6,1,60,1,1,1,1,1,1
6,1,60,1,1,2,1,1,1
6,1,60,1,2,0,1,1,1
6,1,60,1,2,1,1,1,1
6,1,60,1,2,2,1,1,1
6,1,60,1,3,0,1,1,1
6,1,60,1,3,1,1,1,1
6,1,60,1,3,2,1,1,1
6,1,500,0,0,0,1,1,1
6,1,500,0,0,1,1,1,1
6,1,500,0,0,2,1,1,1
6,1,500,0,1,0,1,1,1
6,1,500,0,1,1,1,1,1
6,1,500,0,1,2,1,1,1
6,1,500,0,2,0,1,1,1
6,1,500,0,2,1,1,1,1
6,1,500,0,2,2,1,1,1
6,1,500,0,3,0,1,1,1
6,1,500,0,3,1,1,1,1
6,1,500,0,3,2,1,1,1
6,1,500,1,0,0,1,1,1
6,1,500,1,0,1,1,1,1
6,1,500,1,0,2,1,1,1
6,1,500,1,1,0,1,1,1
6,1,500,1,1,1,1,1,1
6,1,500,1,1,2,1,1,1
6,1,500,1,2,0,1,1,1
6,1,500,1,2,1,1,1,1
6,1,500,1,2,2,1,1,1
6,1,500,1,3,0,1,1,1
6,1,500,1,3,1,1,1,1
6,1,500,1,3,2,1,1,1
6,1,1200,0,0,0,1,0,1
6,1,1200,0,0,1,1,1,1
6,1,1200,0,0,2,1,1,1
6,1,1200,0,1,0,1,0,1
6,1,1200,0,1,1,1,1,1
6,1,1200,0,1,2,1,1,1
6,1,1200,0,2,0,1,0,1
6,1,1200,0,2,1,1,1,1
6,1,1200,0,2,2,1,1,1
6,1,1200,0,3,0,1,0,1
6,1,1200,0,3,1,1,1,1
6,1,1200,0,3,2,1,1,1
6,1,1200,1,0,0,1,0,1
6,1,1200,1,0,1,1,1,1
6,1,1200,1,0,2,1,1,1
6,1,1200,1,1,0,1,0,1
6,1,1200,1,1,1,1,1,1
6,1,1200,1,1,2,1,1,1
6,1,1200,1,2,0,1,0,1
6,1,1200,1,2,1,1,1,1
6,1,1200,1,2,2,1,1,1
6,1,1200,1,3,0,1,0,1
6,1,1200,1,3,1,1,1,1
6,1,1200,1,3,2,1,1,1
6,2,0,0,0,0,0,0,1
6,2,0,0,0,1,0,0,1
6,2,0,0,0,2,0,0,1
6,2,0,0,1,0,0,0,1
6,2,0,0,1,1,0,0,1
6,2,0,0,1,2,0,0,1
6,2,0,0,2,0,0,0,1
6,2,0,0,2,1,0,0,1
6,2,0,0,2,2,0,0,1
6,2,0,0,3,0,0,0,1
6,2,0,0,3,1,0,0,1
6,2,0,0,3,2,0,0,1
6,2,0,1,0,0,0,0,1
6,2,0,1,0,1,0,0,1
6,2,0,1,0,2,0,0,1
6,2,0,1,1,0,0,0,1
6,2,0,1,1,1,0,0,1
6,2,0,1,1,2,0,0,1
6,2,0,1,2,0,0,0,1
6,2,0,1,2,1,0,0,1
6,2,0,1,2,2,0,0,1
6,2,0,1,3,0,0,0,1
6,2,0,1,3,1,0,0,1
6,2,0,1,3,2,0,0,1
6,2,24,0,0,0,0,0,1
6,2,24,0,0,1,0,0,1
6,2,24,0,0,2,0,0,1
6,2,24,0,1,0,0,0,1
6,2,24,0,1,1,0,0,1
6,2,24,0,1,2,0,0,1
6,2,24,0,2,0,0,0,1
6,2,24,0,2,1,0,0,1
6,2,24,0,2,2,0,0,1
6,2,24,0,3,0,0,0,1
6,2,24,0,3,1,0,0,1
6,2,24,0,3,2,0,0,1
6,2,24,1,0,0,0,0,1
6,2,24,1,0,1,0,0,1
6,2,24,1,0,2,0,0,1
6,2,24,1,1,0,0,0,1
6,2,24,1,1,1,0,0,1
6,2,24,1,1,2,0,0,1
6,2,24,1,2,0,0,0,1
6,2,24,1,2,1,0,0,1
6,2,24,1,2,2,0,0,1
6,2,24,1,3,0,0,0,1
6,2,24,1,3,1,0,0,1
6,2,24,1,3,2,0,0,1
6,2,60,0,0,0,0,0,1
6,2,60,0,0,1,0,0,1
6,2,60,0,0,2,0,0,1
6,2,60,0,1,0,0,0,1
6,2,60,0,1,1,0,0,1
6,2,60,0,1,2,0,0,1
6,2,60,0,2,0,0,0,1
6,2,60,0,2,1,0,0,1
6,2,60,0,2,2,0,0,1
6,2,60,0,3,0,0,0,1
6,2,60,0,3,1,0,0,1
6,2,60,0,3,2,0,0,1
6,2,60,1,0,0,0,0,1
6,2,60,1,0,1,0,0,1
6,2,60,1,0,2,0,0,1
6,2,60,1,1,0,0,0,1
6,2,60,1,1,1,0,0,1
6,2,60,1,1,2,0,0,1
6,2,60,1,2,0,0,0,1
6,2,60,1,2,1,0,0,1
6,2,60,1,2,2,0,0,1
6,2,60,1,3,0,0,0,1
6,2,60,1,3,1,0,0,1
6,2,60,1,3,2,0,0,1
6,2,500,0,0,0,0,0,1
6,2,500,0,0,1,0,0,1
6,2,500,0,0,2,0,0,1
6,2,500,0,1,0,0,0,1
6,2,500,0,1,1,0,0,1
6,2,500,0,1,2,0,0,1
6,2,500,0,2,0,0,0,1
6,2,500,0,2,1,0,0,1
6,2,500,0,2,2,0,0,1
6,2,500,0,3,0,0,0,1
6,2,500,0,3,1,0,0,1
6,2,500,0,3,2,0,0,1
6,2,500,1,0,0,0,0,1
6,2,500,1,0,1,0,0,1
6,2,500,1,0,2,0,0,1
6,2,500,1,1,0,0,0,1
6,2,500,1,1,1,0,0,1
6,2,500,1,1,2,0,0,1
6,2,500,1,2,0,0,0,1
6,2,500,1,2,1,0,0,1
6,2,500,1,2,2,0,0,1
6,2,500,1,3,0,0,0,1
6,2,500,1,3,1,0,0,1
6,2,500,1,3,2,0,0,1
6,2,1200,0,0,0,0,0,1
6,2,1200,0,0,1,0,0,1
6,2,1200,0,0,2,0,0,1
6,2,1200,0,1,0,0,0,1
6,2,1200,0,1,1,0,0,1
6,2,1200,0,1,2,0,0,1
6,2,1200,0,2,0,0,0,1
6,2,1200,0,2,1,0,0,1
6,2,1200,0,2,2,0,0,1
6,2,1200,0,3,0,0,0,1
6,2,1200,0,3,1,0,0,1
6,2,1200,0,3,2,0,0,1
6,2,1200,1,0,0,0,0,1
6,2,1200,1,0,1,0,0,1
6,2,1200,1,0,2,0,0,1
6,2,1200,1,1,0,0,0,1
6,2,1200,1,1,1,0,0,1
6,2,1200,1,1,2,0,0,1
6,2,1200,1,2,0,0,0,1
6,2,1200,1,2,1,0,0,1
6,2,1200,1,2,2,0,0,1
6,2,1200,1,3,0,0,0,1
6,2,1200,1,3,1,0,0,1
6,2,1200,1,3,2,0,0,1
6,3,0,0,0,0,0,0,1
6,3,0,0,0,1,0,0,1
6,3,0,0,0,2,0,0,1
6,3,0,0,1,0,0,0,1
6,3,0,0,1,1,0,0,1
6,3,0,0,1,2,0,0,1
6,3,0,0,2,0,0,0,1
6,3,0,0,2,1,0,0,1
6,3,0,0,2,2,0,0,1
6,3,0,0,3,0,0,0,1
6,3,0,0,3,1,0,0,1
6,3,0,0,3,2,0,0,1
6,3,0,1,0,0,0,0,1
6,3,0,1,0,1,0,0,1
6,3,0,1,0,2,0,0,1
6,3,0,1,1,0,0,0,1
6,3,0,1,1,1,0,0,1
6,3,0,1,1,2,0,0,1
6,3,0,1,2,0,0,0,1
6,3,0,1,2,1,0,0,1
6,3,0,1,2,2,0,0,1
6,3,0,1,3,0,0,0,1
6,3,0,1,3,1,0,0,1
6,3,0,1,3,2,0,0,1
6,3,24,0,0,0,0,0,1
6,3,24,0,0,1,0,0,1
6,3,24,0,0,2,0,0,1
6,3,24,0,1,0,0,0,1
6,3,24,0,1,1,0,0,1
6,3,24,0,1,2,0,0,1
6,3,24,0,2,0,0,0,1
6,3,24,0,2,1,0,0,1
6,3,24,0,2,2,0,0,1
6,3,24,0,3,0,0,0,1
6,3,24,0,3,1,0,0,1
6,3,24,0,3,2,0,0,1
6,3,24,1,0,0,0,0,1
6,3,24,1,0,1,0,0,1
6,3,24,1,0,2,0,0,1
6,3,24,1,1,0,0,0,1
6,3,24,1,1,1,0,0,1
6,3,24,1,1,2,0,0,1
6,3,24,1,2,0,0,0,1
6,3,24,1,2,1,0,0,1
6,3,24,1,2,2,0,0,1
6,3,24,1,3,0,0,0,1
6,3,24,1,3,1,0,0,1
6,3,24,1,3,2,0,0,1
6,3,60,0,0,0,0,0,1
6,3,60,0,0,1,0,0,1
6,3,60,0,0,2,0,0,1
6,3,60,0,1,0,0,0,1
6,3,60,0,1,1,0,0,1
6,3,60,0,1,2,0,0,1
6,3,60,0,2,0,0,0,1
6,3,60,0,2,1,0,0,1
6,3,60,0,2,2,0,0,1
6,3,60,0,3,0,0,0,1
6,3,60,0,3,1,0,0,1
6,3,60,0,3,2,0,0,1
6,3,60,1,0,0,0,0,1
6,3,60,1,0,1,0,0,1
6,3,60,1,0,2,0,0,1
6,3,60,1,1,0,0,0,1
6,3,60,1,1,1,0,0,1
6,3,60,1,1,2,0,0,1
6,3,60,1,2,0,0,0,1
6,3,60,1,2,1,0,0,1
6,3,60,1,2,2,0,0,1
6,3,60,1,3,0,0,0,1
6,3,60,1,3,1,0,0,1
6,3,60,1,3,2,0,0,1
6,3,500,0,0,0,0,0,1
6,3,500,0,0,1,0,0,1
6,3,500,0,0,2,0,0,1
6,3,500,0,1,0,0,0,1
6,3,500,0,1,1,0,0,1
6,3,500,0,1,2,0,0,1
6,3,500,0,2,0,0,0,1
6,3,500,0,2,1,0,0,1
6,3,500,0,2,2,0,0,1
6,3,500,0,3,0,0,0,1
6,3,500,0,3,1,0,0,1
6,3,500,0,3,2,0,0,1
6,3,500,1,0,0,0,0,1
6,3,500,1,0,1,0,0,1
6,3,500,1,0,2,0,0,1
6,3,500,1,1,0,0,0,1
6,3,500,1,1,1,0,0,1
6,3,500,1,1,2,0,0,1
6,3,500,1,2,0,0,0,1
6,3,500,1,2,1,0,0,1
6,3,500,1,2,2,0,0,1
6,3,500,1,3,0,0,0,1
6,3,500,1,3,1,0,0,1
6,3,500,1,3,2,0,0,1
6,3,1200,0,0,0,0,0,1
6,3,1200,0,0,1,0,0,1
6,3,1200,0,0,2,0,0,1
6,3,1200,0,1,0,0,0,1
6,3,1200,0,1,1,0,0,1
6,3,1200,0,1,2,0,0,1
6,3,1200,0,2,0,0,0,1
6,3,1200,0,2,1,0,0,1
6,3,1200,0,2,2,0,0,1
6,3,1200,0,3,0,0,0,1
6,3,1200,0,3,1,0,0,1
6,3,1200,0,3,2,0,0,1
6,3,1200,1,0,0,0,0,1
6,3,1200,1,0,1,0,0,1
6,3,1200,1,0,2,0,0,1
6,3,1200,1,1,0,0,0,1
6,3,1200,1,1,1,0,0,1
6,3,1200,1,1,2,0,0,1
6,3,1200,1,2,0,0,0,1
6,3,1200,1,2,1,0,0,1
6,3,1200,1,2,2,0,0,1
6,3,1200,1,3,0,0,0,1
6,3,1200,1,3,1,0,0,1
6,3,1200,1,3,2,0,0,1
{"suite":"lll-controls","rows":3360,"failures":0}
