kind,a,d,precision,outcome,elapsed_ns
algebraic_control,1,2,-64,Equal,7770
log_identity,1,2,-64,Equal,103843
perturbed_control,1,2,-64,NotEqual,6800
algebraic_control,1,2,-256,Equal,2990
log_identity,1,2,-256,Equal,35538
perturbed_control,1,2,-256,NotEqual,2440
algebraic_control,1,2,-512,Equal,2310
log_identity,1,2,-512,Equal,8509
perturbed_control,1,2,-512,NotEqual,1640
algebraic_control,1,3,-64,Equal,2430
log_identity,1,3,-64,Equal,33587
perturbed_control,1,3,-64,NotEqual,5230
algebraic_control,1,3,-256,Equal,2199
log_identity,1,3,-256,Equal,28938
perturbed_control,1,3,-256,NotEqual,1910
algebraic_control,1,3,-512,Equal,1990
log_identity,1,3,-512,Equal,8129
perturbed_control,1,3,-512,NotEqual,1630
algebraic_control,1,5,-64,Equal,2240
log_identity,1,5,-64,Equal,29798
perturbed_control,1,5,-64,NotEqual,4899
algebraic_control,1,5,-256,Equal,5170
log_identity,1,5,-256,Equal,18288
perturbed_control,1,5,-256,NotEqual,1830
algebraic_control,1,5,-512,Equal,1810
log_identity,1,5,-512,Equal,7689
perturbed_control,1,5,-512,NotEqual,1620
algebraic_control,1,6,-64,Equal,2210
log_identity,1,6,-64,Equal,30278
perturbed_control,1,6,-64,NotEqual,4810
algebraic_control,1,6,-256,Equal,1970
log_identity,1,6,-256,Equal,17519
perturbed_control,1,6,-256,NotEqual,1790
algebraic_control,1,6,-512,Equal,1780
log_identity,1,6,-512,Equal,7569
perturbed_control,1,6,-512,NotEqual,1470
algebraic_control,1,7,-64,Equal,2090
log_identity,1,7,-64,Equal,27518
perturbed_control,1,7,-64,NotEqual,4489
algebraic_control,1,7,-256,Equal,1860
log_identity,1,7,-256,Equal,17069
perturbed_control,1,7,-256,NotEqual,1670
algebraic_control,1,7,-512,Equal,1759
log_identity,1,7,-512,Equal,7520
perturbed_control,1,7,-512,NotEqual,1470
algebraic_control,1,10,-64,Equal,2070
log_identity,1,10,-64,Equal,28528
perturbed_control,1,10,-64,NotEqual,4860
algebraic_control,1,10,-256,Equal,2200
log_identity,1,10,-256,Equal,16229
perturbed_control,1,10,-256,NotEqual,1960
algebraic_control,1,10,-512,Equal,1880
log_identity,1,10,-512,Equal,9069
perturbed_control,1,10,-512,NotEqual,1610
algebraic_control,1,11,-64,Equal,1910
log_identity,1,11,-64,Equal,23888
perturbed_control,1,11,-64,NotEqual,4410
algebraic_control,1,11,-256,Equal,1890
log_identity,1,11,-256,Equal,15369
perturbed_control,1,11,-256,NotEqual,1710
algebraic_control,1,11,-512,Equal,1820
log_identity,1,11,-512,Equal,8709
perturbed_control,1,11,-512,NotEqual,1570
algebraic_control,1,13,-64,Equal,1910
log_identity,1,13,-64,Equal,24068
perturbed_control,1,13,-64,NotEqual,4390
algebraic_control,1,13,-256,Equal,4470
log_identity,1,13,-256,Equal,16609
perturbed_control,1,13,-256,NotEqual,1850
algebraic_control,1,13,-512,Equal,1870
log_identity,1,13,-512,Equal,8549
perturbed_control,1,13,-512,NotEqual,1530
algebraic_control,1,17,-64,Equal,1990
log_identity,1,17,-64,Equal,30018
perturbed_control,1,17,-64,NotEqual,5219
algebraic_control,1,17,-256,Equal,2100
log_identity,1,17,-256,Equal,31488
perturbed_control,1,17,-256,NotEqual,2029
algebraic_control,1,17,-512,Equal,1990
log_identity,1,17,-512,Equal,10209
perturbed_control,1,17,-512,NotEqual,1640
algebraic_control,1,19,-64,Equal,2190
log_identity,1,19,-64,Equal,35988
perturbed_control,1,19,-64,NotEqual,5390
algebraic_control,1,19,-256,Equal,2140
log_identity,1,19,-256,Equal,17759
perturbed_control,1,19,-256,NotEqual,1920
algebraic_control,1,19,-512,Equal,1910
log_identity,1,19,-512,Equal,9539
perturbed_control,1,19,-512,NotEqual,1680
algebraic_control,2,2,-64,Equal,2510
log_identity,2,2,-64,Equal,31208
perturbed_control,2,2,-64,NotEqual,4959
algebraic_control,2,2,-256,Equal,2160
log_identity,2,2,-256,Equal,18719
perturbed_control,2,2,-256,NotEqual,1690
algebraic_control,2,2,-512,Equal,2010
log_identity,2,2,-512,Equal,7729
perturbed_control,2,2,-512,NotEqual,1530
algebraic_control,2,3,-64,Equal,2210
log_identity,2,3,-64,Equal,28328
perturbed_control,2,3,-64,NotEqual,4420
algebraic_control,2,3,-256,Equal,1999
log_identity,2,3,-256,Equal,16919
perturbed_control,2,3,-256,NotEqual,1730
algebraic_control,2,3,-512,Equal,1850
log_identity,2,3,-512,Equal,7389
perturbed_control,2,3,-512,NotEqual,1440
algebraic_control,2,5,-64,Equal,5540
log_identity,2,5,-64,Equal,35397
perturbed_control,2,5,-64,NotEqual,5620
algebraic_control,2,5,-256,Equal,2349
log_identity,2,5,-256,Equal,16729
perturbed_control,2,5,-256,NotEqual,1850
algebraic_control,2,5,-512,Equal,1910
log_identity,2,5,-512,Equal,9099
perturbed_control,2,5,-512,NotEqual,1630
algebraic_control,2,6,-64,Equal,1990
log_identity,2,6,-64,Equal,23998
perturbed_control,2,6,-64,NotEqual,4450
algebraic_control,2,6,-256,Equal,1950
log_identity,2,6,-256,Equal,15659
perturbed_control,2,6,-256,NotEqual,1810
algebraic_control,2,6,-512,Equal,1890
log_identity,2,6,-512,Equal,8960
perturbed_control,2,6,-512,NotEqual,1570
algebraic_control,2,7,-64,Equal,1940
log_identity,2,7,-64,Equal,27848
perturbed_control,2,7,-64,NotEqual,4679
algebraic_control,2,7,-256,Equal,1990
log_identity,2,7,-256,Equal,16409
perturbed_control,2,7,-256,NotEqual,1710
algebraic_control,2,7,-512,Equal,1869
log_identity,2,7,-512,Equal,8570
perturbed_control,2,7,-512,NotEqual,1539
algebraic_control,2,10,-64,Equal,1940
log_identity,2,10,-64,Equal,27469
perturbed_control,2,10,-64,NotEqual,4950
algebraic_control,2,10,-256,Equal,1970
log_identity,2,10,-256,Equal,18169
perturbed_control,2,10,-256,NotEqual,1790
algebraic_control,2,10,-512,Equal,1850
log_identity,2,10,-512,Equal,9489
perturbed_control,2,10,-512,NotEqual,1560
algebraic_control,2,11,-64,Equal,2250
log_identity,2,11,-64,Equal,27198
perturbed_control,2,11,-64,NotEqual,4700
algebraic_control,2,11,-256,Equal,2179
log_identity,2,11,-256,Equal,17859
perturbed_control,2,11,-256,NotEqual,1810
algebraic_control,2,11,-512,Equal,1950
log_identity,2,11,-512,Equal,9280
perturbed_control,2,11,-512,NotEqual,1590
algebraic_control,2,13,-64,Equal,2090
log_identity,2,13,-64,Equal,25848
perturbed_control,2,13,-64,NotEqual,7359
algebraic_control,2,13,-256,Equal,3830
log_identity,2,13,-256,Equal,20928
perturbed_control,2,13,-256,NotEqual,1890
algebraic_control,2,13,-512,Equal,2130
log_identity,2,13,-512,Equal,9580
perturbed_control,2,13,-512,NotEqual,1620
algebraic_control,2,17,-64,Equal,2120
log_identity,2,17,-64,Equal,28968
perturbed_control,2,17,-64,NotEqual,4920
algebraic_control,2,17,-256,Equal,2030
log_identity,2,17,-256,Equal,22498
perturbed_control,2,17,-256,NotEqual,2090
algebraic_control,2,17,-512,Equal,1930
log_identity,2,17,-512,Equal,9689
perturbed_control,2,17,-512,NotEqual,1610
algebraic_control,2,19,-64,Equal,2030
log_identity,2,19,-64,Equal,27978
perturbed_control,2,19,-64,NotEqual,14489
algebraic_control,2,19,-256,Equal,3140
log_identity,2,19,-256,Equal,26788
perturbed_control,2,19,-256,NotEqual,2670
algebraic_control,2,19,-512,Equal,2080
log_identity,2,19,-512,Equal,9960
perturbed_control,2,19,-512,NotEqual,1949
algebraic_control,3,2,-64,Equal,2179
log_identity,3,2,-64,Equal,27608
perturbed_control,3,2,-64,NotEqual,4420
algebraic_control,3,2,-256,Equal,2090
log_identity,3,2,-256,Equal,25588
perturbed_control,3,2,-256,NotEqual,2370
algebraic_control,3,2,-512,Equal,2250
log_identity,3,2,-512,Equal,10039
perturbed_control,3,2,-512,NotEqual,1650
algebraic_control,3,3,-64,Equal,1990
log_identity,3,3,-64,Equal,27648
perturbed_control,3,3,-64,NotEqual,4490
algebraic_control,3,3,-256,Equal,2130
log_identity,3,3,-256,Equal,17679
perturbed_control,3,3,-256,NotEqual,1740
algebraic_control,3,3,-512,Equal,1900
log_identity,3,3,-512,Equal,9359
perturbed_control,3,3,-512,NotEqual,1550
algebraic_control,3,5,-64,Equal,2010
log_identity,3,5,-64,Equal,28928
perturbed_control,3,5,-64,NotEqual,4769
algebraic_control,3,5,-256,Equal,2080
log_identity,3,5,-256,Equal,21948
perturbed_control,3,5,-256,NotEqual,1940
algebraic_control,3,5,-512,Equal,1980
log_identity,3,5,-512,Equal,9709
perturbed_control,3,5,-512,NotEqual,1560
algebraic_control,3,6,-64,Equal,2120
log_identity,3,6,-64,Equal,27228
perturbed_control,3,6,-64,NotEqual,4450
algebraic_control,3,6,-256,Equal,1980
log_identity,3,6,-256,Equal,17319
perturbed_control,3,6,-256,NotEqual,1800
algebraic_control,3,6,-512,Equal,3569
log_identity,3,6,-512,Equal,14999
perturbed_control,3,6,-512,NotEqual,1910
algebraic_control,3,7,-64,Equal,2090
log_identity,3,7,-64,Equal,28088
perturbed_control,3,7,-64,NotEqual,4370
algebraic_control,3,7,-256,Equal,2010
log_identity,3,7,-256,Equal,17829
perturbed_control,3,7,-256,NotEqual,1730
algebraic_control,3,7,-512,Equal,1939
log_identity,3,7,-512,Equal,9910
perturbed_control,3,7,-512,NotEqual,1550
algebraic_control,3,10,-64,Equal,2130
log_identity,3,10,-64,Equal,30218
perturbed_control,3,10,-64,NotEqual,4760
algebraic_control,3,10,-256,Equal,2150
log_identity,3,10,-256,Equal,18989
perturbed_control,3,10,-256,NotEqual,1800
algebraic_control,3,10,-512,Equal,2100
log_identity,3,10,-512,Equal,9869
perturbed_control,3,10,-512,NotEqual,1580
algebraic_control,3,11,-64,Equal,2060
log_identity,3,11,-64,Equal,28018
perturbed_control,3,11,-64,NotEqual,6869
algebraic_control,3,11,-256,Equal,2140
log_identity,3,11,-256,Equal,17839
perturbed_control,3,11,-256,NotEqual,3640
algebraic_control,3,11,-512,Equal,3720
log_identity,3,11,-512,Equal,12000
perturbed_control,3,11,-512,NotEqual,1839
algebraic_control,3,13,-64,Equal,2059
log_identity,3,13,-64,Equal,29268
perturbed_control,3,13,-64,NotEqual,6770
algebraic_control,3,13,-256,Equal,2089
log_identity,3,13,-256,Equal,21809
perturbed_control,3,13,-256,NotEqual,2150
algebraic_control,3,13,-512,Equal,1910
log_identity,3,13,-512,Equal,9790
perturbed_control,3,13,-512,NotEqual,1870
algebraic_control,3,17,-64,Equal,2129
log_identity,3,17,-64,Equal,27828
perturbed_control,3,17,-64,NotEqual,6710
algebraic_control,3,17,-256,Equal,2090
log_identity,3,17,-256,Equal,17629
perturbed_control,3,17,-256,NotEqual,2010
algebraic_control,3,17,-512,Equal,1910
log_identity,3,17,-512,Equal,9719
perturbed_control,3,17,-512,NotEqual,1850
algebraic_control,3,19,-64,Equal,2010
log_identity,3,19,-64,Equal,41527
perturbed_control,3,19,-64,NotEqual,7179
algebraic_control,3,19,-256,Equal,2370
log_identity,3,19,-256,Equal,17888
perturbed_control,3,19,-256,NotEqual,2120
algebraic_control,3,19,-512,Equal,1970
log_identity,3,19,-512,Equal,9739
perturbed_control,3,19,-512,NotEqual,1900
