kind,a,d,precision,outcome,elapsed_ns
algebraic_control,1,2,-64,Equal,10269
log_identity,1,2,-64,Equal,116652
perturbed_control,1,2,-64,NotEqual,10229
algebraic_control,1,2,-256,Equal,3420
log_identity,1,2,-256,Equal,39547
perturbed_control,1,2,-256,NotEqual,2510
algebraic_control,1,2,-512,Equal,2409
log_identity,1,2,-512,Equal,8810
perturbed_control,1,2,-512,NotEqual,1679
algebraic_control,1,3,-64,Equal,2280
log_identity,1,3,-64,Equal,55866
perturbed_control,1,3,-64,NotEqual,9639
algebraic_control,1,3,-256,Equal,3700
log_identity,1,3,-256,Equal,35887
perturbed_control,1,3,-256,NotEqual,2100
algebraic_control,1,3,-512,Equal,2169
log_identity,1,3,-512,Equal,8330
perturbed_control,1,3,-512,NotEqual,1619
algebraic_control,1,5,-64,Equal,2370
log_identity,1,5,-64,Equal,32438
perturbed_control,1,5,-64,NotEqual,5249
algebraic_control,1,5,-256,Equal,5980
log_identity,1,5,-256,Equal,19139
perturbed_control,1,5,-256,NotEqual,1910
algebraic_control,1,5,-512,Equal,1830
log_identity,1,5,-512,Equal,7770
perturbed_control,1,5,-512,NotEqual,1580
algebraic_control,1,6,-64,Equal,2289
log_identity,1,6,-64,Equal,31238
perturbed_control,1,6,-64,NotEqual,4980
algebraic_control,1,6,-256,Equal,1990
log_identity,1,6,-256,Equal,18279
perturbed_control,1,6,-256,NotEqual,1800
algebraic_control,1,6,-512,Equal,1809
log_identity,1,6,-512,Equal,7640
perturbed_control,1,6,-512,NotEqual,1619
algebraic_control,1,7,-64,Equal,2030
log_identity,1,7,-64,Equal,28138
perturbed_control,1,7,-64,NotEqual,4540
algebraic_control,1,7,-256,Equal,2060
log_identity,1,7,-256,Equal,17328
perturbed_control,1,7,-256,NotEqual,1830
algebraic_control,1,7,-512,Equal,1690
log_identity,1,7,-512,Equal,7589
perturbed_control,1,7,-512,NotEqual,1560
algebraic_control,1,10,-64,Equal,2110
log_identity,1,10,-64,Equal,29398
perturbed_control,1,10,-64,NotEqual,4969
algebraic_control,1,10,-256,Equal,2210
log_identity,1,10,-256,Equal,16499
perturbed_control,1,10,-256,NotEqual,1830
algebraic_control,1,10,-512,Equal,1979
log_identity,1,10,-512,Equal,8910
perturbed_control,1,10,-512,NotEqual,1649
algebraic_control,1,11,-64,Equal,1950
log_identity,1,11,-64,Equal,24499
perturbed_control,1,11,-64,NotEqual,4399
algebraic_control,1,11,-256,Equal,1960
log_identity,1,11,-256,Equal,21878
perturbed_control,1,11,-256,NotEqual,2260
algebraic_control,1,11,-512,Equal,2080
log_identity,1,11,-512,Equal,9169
perturbed_control,1,11,-512,NotEqual,1520
algebraic_control,1,13,-64,Equal,2010
log_identity,1,13,-64,Equal,25298
perturbed_control,1,13,-64,NotEqual,4600
algebraic_control,1,13,-256,Equal,5060
log_identity,1,13,-256,Equal,16899
perturbed_control,1,13,-256,NotEqual,1870
algebraic_control,1,13,-512,Equal,1810
log_identity,1,13,-512,Equal,8670
perturbed_control,1,13,-512,NotEqual,1550
algebraic_control,1,17,-64,Equal,1869
log_identity,1,17,-64,Equal,30128
perturbed_control,1,17,-64,NotEqual,5110
algebraic_control,1,17,-256,Equal,2160
log_identity,1,17,-256,Equal,31928
perturbed_control,1,17,-256,NotEqual,1910
algebraic_control,1,17,-512,Equal,1960
log_identity,1,17,-512,Equal,9959
perturbed_control,1,17,-512,NotEqual,1640
algebraic_control,1,19,-64,Equal,2070
log_identity,1,19,-64,Equal,27788
perturbed_control,1,19,-64,NotEqual,4649
algebraic_control,1,19,-256,Equal,2040
log_identity,1,19,-256,Equal,17459
perturbed_control,1,19,-256,NotEqual,1739
algebraic_control,1,19,-512,Equal,1950
log_identity,1,19,-512,Equal,9159
perturbed_control,1,19,-512,NotEqual,1540
algebraic_control,2,2,-64,Equal,2440
log_identity,2,2,-64,Equal,29798
perturbed_control,2,2,-64,NotEqual,4580
algebraic_control,2,2,-256,Equal,2160
log_identity,2,2,-256,Equal,17629
perturbed_control,2,2,-256,NotEqual,1640
algebraic_control,2,2,-512,Equal,1800
log_identity,2,2,-512,Equal,7480
perturbed_control,2,2,-512,NotEqual,1440
algebraic_control,2,3,-64,Equal,2080
log_identity,2,3,-64,Equal,26988
perturbed_control,2,3,-64,NotEqual,4129
algebraic_control,2,3,-256,Equal,1860
log_identity,2,3,-256,Equal,16129
perturbed_control,2,3,-256,NotEqual,1750
algebraic_control,2,3,-512,Equal,1729
log_identity,2,3,-512,Equal,6920
perturbed_control,2,3,-512,NotEqual,1420
algebraic_control,2,5,-64,Equal,5090
log_identity,2,5,-64,Equal,37808
perturbed_control,2,5,-64,NotEqual,5689
algebraic_control,2,5,-256,Equal,2450
log_identity,2,5,-256,Equal,16059
perturbed_control,2,5,-256,NotEqual,1799
algebraic_control,2,5,-512,Equal,1830
log_identity,2,5,-512,Equal,8749
perturbed_control,2,5,-512,NotEqual,1580
algebraic_control,2,6,-64,Equal,1990
log_identity,2,6,-64,Equal,23699
perturbed_control,2,6,-64,NotEqual,4500
algebraic_control,2,6,-256,Equal,1990
log_identity,2,6,-256,Equal,15359
perturbed_control,2,6,-256,NotEqual,1759
algebraic_control,2,6,-512,Equal,1800
log_identity,2,6,-512,Equal,8249
perturbed_control,2,6,-512,NotEqual,1560
algebraic_control,2,7,-64,Equal,1859
log_identity,2,7,-64,Equal,26559
perturbed_control,2,7,-64,NotEqual,4460
algebraic_control,2,7,-256,Equal,1960
log_identity,2,7,-256,Equal,18638
perturbed_control,2,7,-256,NotEqual,3090
algebraic_control,2,7,-512,Equal,3230
log_identity,2,7,-512,Equal,9810
perturbed_control,2,7,-512,NotEqual,1570
algebraic_control,2,10,-64,Equal,1960
log_identity,2,10,-64,Equal,27948
perturbed_control,2,10,-64,NotEqual,4820
algebraic_control,2,10,-256,Equal,1980
log_identity,2,10,-256,Equal,17499
perturbed_control,2,10,-256,NotEqual,1710
algebraic_control,2,10,-512,Equal,1860
log_identity,2,10,-512,Equal,8979
perturbed_control,2,10,-512,NotEqual,1460
algebraic_control,2,11,-64,Equal,2120
log_identity,2,11,-64,Equal,25838
perturbed_control,2,11,-64,NotEqual,4540
algebraic_control,2,11,-256,Equal,2090
log_identity,2,11,-256,Equal,16608
perturbed_control,2,11,-256,NotEqual,1710
algebraic_control,2,11,-512,Equal,1800
log_identity,2,11,-512,Equal,8859
perturbed_control,2,11,-512,NotEqual,1620
algebraic_control,2,13,-64,Equal,2460
log_identity,2,13,-64,Equal,26608
perturbed_control,2,13,-64,NotEqual,4409
algebraic_control,2,13,-256,Equal,2020
log_identity,2,13,-256,Equal,16809
perturbed_control,2,13,-256,NotEqual,1759
algebraic_control,2,13,-512,Equal,1770
log_identity,2,13,-512,Equal,8909
perturbed_control,2,13,-512,NotEqual,1490
algebraic_control,2,17,-64,Equal,2009
log_identity,2,17,-64,Equal,32468
perturbed_control,2,17,-64,NotEqual,4930
algebraic_control,2,17,-256,Equal,2080
log_identity,2,17,-256,Equal,21119
perturbed_control,2,17,-256,NotEqual,1839
algebraic_control,2,17,-512,Equal,1940
log_identity,2,17,-512,Equal,9209
perturbed_control,2,17,-512,NotEqual,1580
algebraic_control,2,19,-64,Equal,1990
log_identity,2,19,-64,Equal,26918
perturbed_control,2,19,-64,NotEqual,6670
algebraic_control,2,19,-256,Equal,1890
log_identity,2,19,-256,Equal,17479
perturbed_control,2,19,-256,NotEqual,2200
algebraic_control,2,19,-512,Equal,1850
log_identity,2,19,-512,Equal,9209
perturbed_control,2,19,-512,NotEqual,1970
algebraic_control,3,2,-64,Equal,2150
log_identity,3,2,-64,Equal,26508
perturbed_control,3,2,-64,NotEqual,4039
algebraic_control,3,2,-256,Equal,2000
log_identity,3,2,-256,Equal,16489
perturbed_control,3,2,-256,NotEqual,1700
algebraic_control,3,2,-512,Equal,1909
log_identity,3,2,-512,Equal,13499
perturbed_control,3,2,-512,NotEqual,3200
algebraic_control,3,3,-64,Equal,4149
log_identity,3,3,-64,Equal,48997
perturbed_control,3,3,-64,NotEqual,8179
algebraic_control,3,3,-256,Equal,2670
log_identity,3,3,-256,Equal,21208
perturbed_control,3,3,-256,NotEqual,3310
algebraic_control,3,3,-512,Equal,3000
log_identity,3,3,-512,Equal,13269
perturbed_control,3,3,-512,NotEqual,1860
algebraic_control,3,5,-64,Equal,2190
log_identity,3,5,-64,Equal,30858
perturbed_control,3,5,-64,NotEqual,4840
algebraic_control,3,5,-256,Equal,2060
log_identity,3,5,-256,Equal,22198
perturbed_control,3,5,-256,NotEqual,1940
algebraic_control,3,5,-512,Equal,1970
log_identity,3,5,-512,Equal,9719
perturbed_control,3,5,-512,NotEqual,1540
algebraic_control,3,6,-64,Equal,2180
log_identity,3,6,-64,Equal,27028
perturbed_control,3,6,-64,NotEqual,4839
algebraic_control,3,6,-256,Equal,2040
log_identity,3,6,-256,Equal,17019
perturbed_control,3,6,-256,NotEqual,1819
algebraic_control,3,6,-512,Equal,1910
log_identity,3,6,-512,Equal,9169
perturbed_control,3,6,-512,NotEqual,1540
algebraic_control,3,7,-64,Equal,1940
log_identity,3,7,-64,Equal,26278
perturbed_control,3,7,-64,NotEqual,4470
algebraic_control,3,7,-256,Equal,2030
log_identity,3,7,-256,Equal,16908
perturbed_control,3,7,-256,NotEqual,1650
algebraic_control,3,7,-512,Equal,1910
log_identity,3,7,-512,Equal,9659
perturbed_control,3,7,-512,NotEqual,1560
algebraic_control,3,10,-64,Equal,2040
log_identity,3,10,-64,Equal,29558
perturbed_control,3,10,-64,NotEqual,4709
algebraic_control,3,10,-256,Equal,2140
log_identity,3,10,-256,Equal,18429
perturbed_control,3,10,-256,NotEqual,1770
algebraic_control,3,10,-512,Equal,1910
log_identity,3,10,-512,Equal,9740
perturbed_control,3,10,-512,NotEqual,1580
algebraic_control,3,11,-64,Equal,1969
log_identity,3,11,-64,Equal,27318
perturbed_control,3,11,-64,NotEqual,6410
algebraic_control,3,11,-256,Equal,1960
log_identity,3,11,-256,Equal,17389
perturbed_control,3,11,-256,NotEqual,1950
algebraic_control,3,11,-512,Equal,10199
log_identity,3,11,-512,Equal,11139
perturbed_control,3,11,-512,NotEqual,1940
algebraic_control,3,13,-64,Equal,1970
log_identity,3,13,-64,Equal,28928
perturbed_control,3,13,-64,NotEqual,6519
algebraic_control,3,13,-256,Equal,1910
log_identity,3,13,-256,Equal,21199
perturbed_control,3,13,-256,NotEqual,2180
algebraic_control,3,13,-512,Equal,1890
log_identity,3,13,-512,Equal,9609
perturbed_control,3,13,-512,NotEqual,1860
algebraic_control,3,17,-64,Equal,1970
log_identity,3,17,-64,Equal,27138
perturbed_control,3,17,-64,NotEqual,6610
algebraic_control,3,17,-256,Equal,1980
log_identity,3,17,-256,Equal,17429
perturbed_control,3,17,-256,NotEqual,2030
algebraic_control,3,17,-512,Equal,1899
log_identity,3,17,-512,Equal,9290
perturbed_control,3,17,-512,NotEqual,1829
algebraic_control,3,19,-64,Equal,1950
log_identity,3,19,-64,Equal,25909
perturbed_control,3,19,-64,NotEqual,6449
algebraic_control,3,19,-256,Equal,2000
log_identity,3,19,-256,Equal,16639
perturbed_control,3,19,-256,NotEqual,1860
algebraic_control,3,19,-512,Equal,1850
log_identity,3,19,-512,Equal,9039
perturbed_control,3,19,-512,NotEqual,1770
