kind,a,d,precision,outcome,elapsed_ns
algebraic_control,1,2,-64,Equal,24112687
log_identity,1,2,-64,Equal,80856818
perturbed_control,1,2,-64,NotEqual,3243558
algebraic_control,1,2,-256,Equal,573570
log_identity,1,2,-256,Equal,3448974
perturbed_control,1,2,-256,NotEqual,991822
algebraic_control,1,2,-512,Equal,426001
log_identity,1,2,-512,Equal,1440982
perturbed_control,1,2,-512,NotEqual,165569
algebraic_control,1,3,-64,Equal,124922
log_identity,1,3,-64,Equal,9533376
perturbed_control,1,3,-64,NotEqual,282371
algebraic_control,1,3,-256,Equal,165839
log_identity,1,3,-256,Equal,1603670
perturbed_control,1,3,-256,NotEqual,98123
algebraic_control,1,3,-512,Equal,116332
log_identity,1,3,-512,Equal,518135
perturbed_control,1,3,-512,NotEqual,104293
algebraic_control,1,5,-64,Equal,122751
log_identity,1,5,-64,Equal,1668575
perturbed_control,1,5,-64,NotEqual,239334
algebraic_control,1,5,-256,Equal,119722
log_identity,1,5,-256,Equal,994432
perturbed_control,1,5,-256,NotEqual,101673
algebraic_control,1,5,-512,Equal,124581
log_identity,1,5,-512,Equal,502735
perturbed_control,1,5,-512,NotEqual,98823
algebraic_control,1,6,-64,Equal,122091
log_identity,1,6,-64,Equal,1486519
perturbed_control,1,6,-64,NotEqual,215805
algebraic_control,1,6,-256,Equal,118622
log_identity,1,6,-256,Equal,985513
perturbed_control,1,6,-256,NotEqual,95914
algebraic_control,1,6,-512,Equal,122471
log_identity,1,6,-512,Equal,489446
perturbed_control,1,6,-512,NotEqual,97083
algebraic_control,1,7,-64,Equal,117792
log_identity,1,7,-64,Equal,1761599
perturbed_control,1,7,-64,NotEqual,215775
algebraic_control,1,7,-256,Equal,119392
log_identity,1,7,-256,Equal,1271373
perturbed_control,1,7,-256,NotEqual,117572
algebraic_control,1,7,-512,Equal,179408
log_identity,1,7,-512,Equal,752238
perturbed_control,1,7,-512,NotEqual,185037
algebraic_control,1,10,-64,Equal,153910
log_identity,1,10,-64,Equal,5203453
perturbed_control,1,10,-64,NotEqual,440040
algebraic_control,1,10,-256,Equal,130351
log_identity,1,10,-256,Equal,1138622
perturbed_control,1,10,-256,NotEqual,101413
algebraic_control,1,10,-512,Equal,117192
log_identity,1,10,-512,Equal,567362
perturbed_control,1,10,-512,NotEqual,94563
algebraic_control,1,11,-64,Equal,131881
log_identity,1,11,-64,Equal,1306661
perturbed_control,1,11,-64,NotEqual,203966
algebraic_control,1,11,-256,Equal,117932
log_identity,1,11,-256,Equal,1176269
perturbed_control,1,11,-256,NotEqual,134111
algebraic_control,1,11,-512,Equal,154549
log_identity,1,11,-512,Equal,585680
perturbed_control,1,11,-512,NotEqual,124232
algebraic_control,1,13,-64,Equal,118042
log_identity,1,13,-64,Equal,1371956
perturbed_control,1,13,-64,NotEqual,248123
algebraic_control,1,13,-256,Equal,147420
log_identity,1,13,-256,Equal,1016340
perturbed_control,1,13,-256,NotEqual,103753
algebraic_control,1,13,-512,Equal,138981
log_identity,1,13,-512,Equal,582440
perturbed_control,1,13,-512,NotEqual,95743
algebraic_control,1,17,-64,Equal,113982
log_identity,1,17,-64,Equal,1762529
perturbed_control,1,17,-64,NotEqual,237664
algebraic_control,1,17,-256,Equal,120192
log_identity,1,17,-256,Equal,1521616
perturbed_control,1,17,-256,NotEqual,98773
algebraic_control,1,17,-512,Equal,116362
log_identity,1,17,-512,Equal,579911
perturbed_control,1,17,-512,NotEqual,98643
algebraic_control,1,19,-64,Equal,138391
log_identity,1,19,-64,Equal,1370166
perturbed_control,1,19,-64,NotEqual,228424
algebraic_control,1,19,-256,Equal,114942
log_identity,1,19,-256,Equal,960344
perturbed_control,1,19,-256,NotEqual,96554
algebraic_control,1,19,-512,Equal,131251
log_identity,1,19,-512,Equal,578350
perturbed_control,1,19,-512,NotEqual,95104
algebraic_control,2,2,-64,Equal,131521
log_identity,2,2,-64,Equal,1516576
perturbed_control,2,2,-64,NotEqual,223925
algebraic_control,2,2,-256,Equal,127631
log_identity,2,2,-256,Equal,2050309
perturbed_control,2,2,-256,NotEqual,130331
algebraic_control,2,2,-512,Equal,175428
log_identity,2,2,-512,Equal,643286
perturbed_control,2,2,-512,NotEqual,117222
algebraic_control,2,3,-64,Equal,158729
log_identity,2,3,-64,Equal,1668486
perturbed_control,2,3,-64,NotEqual,206346
algebraic_control,2,3,-256,Equal,168138
log_identity,2,3,-256,Equal,1071926
perturbed_control,2,3,-256,NotEqual,97274
algebraic_control,2,3,-512,Equal,122542
log_identity,2,3,-512,Equal,482677
perturbed_control,2,3,-512,NotEqual,93104
algebraic_control,2,5,-64,Equal,128242
log_identity,2,5,-64,Equal,2312811
perturbed_control,2,5,-64,NotEqual,268932
algebraic_control,2,5,-256,Equal,129121
log_identity,2,5,-256,Equal,1351137
perturbed_control,2,5,-256,NotEqual,127671
algebraic_control,2,5,-512,Equal,174438
log_identity,2,5,-512,Equal,748648
perturbed_control,2,5,-512,NotEqual,130711
algebraic_control,2,6,-64,Equal,174548
log_identity,2,6,-64,Equal,1603500
perturbed_control,2,6,-64,NotEqual,213776
algebraic_control,2,6,-256,Equal,136291
log_identity,2,6,-256,Equal,940546
perturbed_control,2,6,-256,NotEqual,113662
algebraic_control,2,6,-512,Equal,175498
log_identity,2,6,-512,Equal,829003
perturbed_control,2,6,-512,NotEqual,130081
algebraic_control,2,7,-64,Equal,135341
log_identity,2,7,-64,Equal,1330429
perturbed_control,2,7,-64,NotEqual,203287
algebraic_control,2,7,-256,Equal,135421
log_identity,2,7,-256,Equal,1051548
perturbed_control,2,7,-256,NotEqual,112082
algebraic_control,2,7,-512,Equal,126651
log_identity,2,7,-512,Equal,597839
perturbed_control,2,7,-512,NotEqual,97194
algebraic_control,2,10,-64,Equal,125791
log_identity,2,10,-64,Equal,1388275
perturbed_control,2,10,-64,NotEqual,227035
algebraic_control,2,10,-256,Equal,126891
log_identity,2,10,-256,Equal,1049978
perturbed_control,2,10,-256,NotEqual,97753
algebraic_control,2,10,-512,Equal,124181
log_identity,2,10,-512,Equal,598749
perturbed_control,2,10,-512,NotEqual,108013
algebraic_control,2,11,-64,Equal,127381
log_identity,2,11,-64,Equal,1411893
perturbed_control,2,11,-64,NotEqual,234574
algebraic_control,2,11,-256,Equal,139780
log_identity,2,11,-256,Equal,1002012
perturbed_control,2,11,-256,NotEqual,109402
algebraic_control,2,11,-512,Equal,125401
log_identity,2,11,-512,Equal,653256
perturbed_control,2,11,-512,NotEqual,114792
algebraic_control,2,13,-64,Equal,135890
log_identity,2,13,-64,Equal,1892231
perturbed_control,2,13,-64,NotEqual,258702
algebraic_control,2,13,-256,Equal,129611
log_identity,2,13,-256,Equal,971183
perturbed_control,2,13,-256,NotEqual,97833
algebraic_control,2,13,-512,Equal,132691
log_identity,2,13,-512,Equal,602459
perturbed_control,2,13,-512,NotEqual,107883
algebraic_control,2,17,-64,Equal,136461
log_identity,2,17,-64,Equal,1437421
perturbed_control,2,17,-64,NotEqual,224734
algebraic_control,2,17,-256,Equal,150880
log_identity,2,17,-256,Equal,1205628
perturbed_control,2,17,-256,NotEqual,116282
algebraic_control,2,17,-512,Equal,127921
log_identity,2,17,-512,Equal,635346
perturbed_control,2,17,-512,NotEqual,98114
algebraic_control,2,19,-64,Equal,126661
log_identity,2,19,-64,Equal,1730501
perturbed_control,2,19,-64,NotEqual,485817
algebraic_control,2,19,-256,Equal,194417
log_identity,2,19,-256,Equal,1655877
perturbed_control,2,19,-256,NotEqual,169309
algebraic_control,2,19,-512,Equal,184967
log_identity,2,19,-512,Equal,894829
perturbed_control,2,19,-512,NotEqual,148410
algebraic_control,3,2,-64,Equal,269251
log_identity,3,2,-64,Equal,2053040
perturbed_control,3,2,-64,NotEqual,208765
algebraic_control,3,2,-256,Equal,140210
log_identity,3,2,-256,Equal,1001642
perturbed_control,3,2,-256,NotEqual,97313
algebraic_control,3,2,-512,Equal,123711
log_identity,3,2,-512,Equal,601258
perturbed_control,3,2,-512,NotEqual,99473
algebraic_control,3,3,-64,Equal,125112
log_identity,3,3,-64,Equal,1353577
perturbed_control,3,3,-64,NotEqual,319048
algebraic_control,3,3,-256,Equal,140181
log_identity,3,3,-256,Equal,1037909
perturbed_control,3,3,-256,NotEqual,103513
algebraic_control,3,3,-512,Equal,123571
log_identity,3,3,-512,Equal,605009
perturbed_control,3,3,-512,NotEqual,94594
algebraic_control,3,5,-64,Equal,126071
log_identity,3,5,-64,Equal,1466579
perturbed_control,3,5,-64,NotEqual,230594
algebraic_control,3,5,-256,Equal,131951
log_identity,3,5,-256,Equal,1044858
perturbed_control,3,5,-256,NotEqual,108743
algebraic_control,3,5,-512,Equal,124912
log_identity,3,5,-512,Equal,654225
perturbed_control,3,5,-512,NotEqual,94203
algebraic_control,3,6,-64,Equal,133751
log_identity,3,6,-64,Equal,1391215
perturbed_control,3,6,-64,NotEqual,227484
algebraic_control,3,6,-256,Equal,126312
log_identity,3,6,-256,Equal,1018440
perturbed_control,3,6,-256,NotEqual,107952
algebraic_control,3,6,-512,Equal,124211
log_identity,3,6,-512,Equal,608429
perturbed_control,3,6,-512,NotEqual,101663
algebraic_control,3,7,-64,Equal,125802
log_identity,3,7,-64,Equal,1809366
perturbed_control,3,7,-64,NotEqual,223245
algebraic_control,3,7,-256,Equal,130941
log_identity,3,7,-256,Equal,1031659
perturbed_control,3,7,-256,NotEqual,109323
algebraic_control,3,7,-512,Equal,125231
log_identity,3,7,-512,Equal,620437
perturbed_control,3,7,-512,NotEqual,101943
algebraic_control,3,10,-64,Equal,126772
log_identity,3,10,-64,Equal,2042810
perturbed_control,3,10,-64,NotEqual,222465
algebraic_control,3,10,-256,Equal,148370
log_identity,3,10,-256,Equal,1307730
perturbed_control,3,10,-256,NotEqual,106503
algebraic_control,3,10,-512,Equal,128792
log_identity,3,10,-512,Equal,649825
perturbed_control,3,10,-512,NotEqual,96194
algebraic_control,3,11,-64,Equal,127611
log_identity,3,11,-64,Equal,1684375
perturbed_control,3,11,-64,NotEqual,318208
algebraic_control,3,11,-256,Equal,141560
log_identity,3,11,-256,Equal,1067007
perturbed_control,3,11,-256,NotEqual,127351
algebraic_control,3,11,-512,Equal,189677
log_identity,3,11,-512,Equal,681563
perturbed_control,3,11,-512,NotEqual,108743
algebraic_control,3,13,-64,Equal,127321
log_identity,3,13,-64,Equal,1487168
perturbed_control,3,13,-64,NotEqual,337007
algebraic_control,3,13,-256,Equal,128011
log_identity,3,13,-256,Equal,1070647
perturbed_control,3,13,-256,NotEqual,113612
algebraic_control,3,13,-512,Equal,124561
log_identity,3,13,-512,Equal,633886
perturbed_control,3,13,-512,NotEqual,106283
algebraic_control,3,17,-64,Equal,127601
log_identity,3,17,-64,Equal,1491588
perturbed_control,3,17,-64,NotEqual,338437
algebraic_control,3,17,-256,Equal,134801
log_identity,3,17,-256,Equal,1033659
perturbed_control,3,17,-256,NotEqual,129732
algebraic_control,3,17,-512,Equal,128891
log_identity,3,17,-512,Equal,668044
perturbed_control,3,17,-512,NotEqual,107953
algebraic_control,3,19,-64,Equal,127261
log_identity,3,19,-64,Equal,1463140
perturbed_control,3,19,-64,NotEqual,347256
algebraic_control,3,19,-256,Equal,197297
log_identity,3,19,-256,Equal,1118893
perturbed_control,3,19,-256,NotEqual,111362
algebraic_control,3,19,-512,Equal,129371
log_identity,3,19,-512,Equal,649565
perturbed_control,3,19,-512,NotEqual,107312
