==46== Memcheck, a memory error detector
==46== Copyright (C) 2002-2026, and GNU GPL'd, by Julian Seward et al.
==46== Using Valgrind-3.27.1 and LibVEX; rerun with -h for copyright info
==46== Command: /home/tim/Documents/GitHub/workspace/.audit-builds/calcium-prototype/release/calcium-hyper-trial-probe
==46== 
==46== 
==46== HEAP SUMMARY:
==46==     in use at exit: 32,520 bytes in 262 blocks
==46==   total heap usage: 24,989 allocs, 24,727 frees, 2,086,924 bytes allocated
==46== 
==46== LEAK SUMMARY:
==46==    definitely lost: 0 bytes in 0 blocks
==46==    indirectly lost: 0 bytes in 0 blocks
==46==      possibly lost: 0 bytes in 0 blocks
==46==    still reachable: 32,520 bytes in 262 blocks
==46==         suppressed: 0 bytes in 0 blocks
==46== Reachable blocks (those to which a pointer was found) are not shown.
==46== To see them, rerun with: --leak-check=full --show-leak-kinds=all
==46== 
==46== For lists of detected and suppressed errors, rerun with: -s
==46== ERROR SUMMARY: 0 errors from 0 contexts (suppressed: 0 from 0)
