kind,n,shape,expected_zero,default,berkowitz,bareiss_success,bareiss,lu_success,lu,nonsingular_lu
0,0,0,0,True,True,1,True,1,True,True
0,0,1,0,True,True,1,True,1,True,True
0,0,2,0,True,True,1,True,1,True,True
0,0,3,0,True,True,1,True,1,True,True
0,0,4,0,True,True,1,True,1,True,True
0,0,5,0,True,True,1,True,1,True,True
0,1,0,0,True,True,1,True,1,True,True
0,1,1,1,True,True,1,True,1,True,False
0,1,2,1,True,True,1,True,1,True,False
0,1,3,1,True,True,1,True,1,True,False
0,1,4,0,True,True,1,True,1,True,True
0,1,5,0,True,True,1,True,1,True,True
0,2,0,0,True,True,1,True,1,True,True
0,2,1,1,True,True,1,True,1,True,False
0,2,2,1,True,True,1,True,1,True,False
0,2,3,1,True,True,1,True,1,True,False
0,2,4,0,True,True,1,True,1,True,True
0,2,5,1,True,True,1,True,1,True,False
0,3,0,0,True,True,1,True,1,True,True
0,3,1,1,True,True,1,True,1,True,False
0,3,2,1,True,True,1,True,1,True,False
0,3,3,1,True,True,1,True,1,True,False
0,3,4,0,True,True,1,True,1,True,True
0,3,5,1,True,True,1,True,1,True,False
0,4,0,0,True,True,1,True,1,True,True
0,4,1,1,True,True,1,True,0,Unknown,Unknown
0,4,2,1,True,True,1,True,1,True,False
0,4,3,1,True,True,1,True,1,True,False
0,4,4,0,True,True,1,True,1,True,True
0,4,5,1,True,True,1,True,1,True,False
0,5,0,0,True,True,1,True,1,True,True
0,5,1,1,True,True,1,True,0,Unknown,Unknown
0,5,2,1,True,True,1,True,1,True,False
0,5,3,1,True,True,1,True,1,True,False
0,5,4,0,True,True,1,True,1,True,True
0,5,5,1,True,True,1,True,1,True,False
0,6,0,0,True,True,1,True,1,True,True
0,6,1,1,True,True,1,True,0,Unknown,Unknown
0,6,2,1,True,True,1,True,1,True,False
0,6,3,1,True,True,1,True,1,True,False
0,6,4,0,True,True,1,True,1,True,True
0,6,5,1,True,True,1,True,1,True,False
0,7,0,0,True,True,1,True,1,True,True
0,7,1,1,True,True,1,True,0,Unknown,Unknown
0,7,2,1,True,True,1,True,0,Unknown,Unknown
0,7,3,1,True,True,1,True,1,True,False
0,7,4,0,True,True,1,True,1,True,True
0,7,5,1,True,True,1,True,1,True,False
0,8,0,0,True,True,1,True,1,True,True
0,8,1,1,True,True,1,True,0,Unknown,Unknown
0,8,2,1,True,True,1,True,0,Unknown,Unknown
0,8,3,1,True,True,1,True,1,True,False
0,8,4,0,True,True,1,True,1,True,True
0,8,5,1,True,True,1,True,1,True,False
0,9,0,0,True,True,1,True,1,True,True
0,9,1,1,True,True,1,True,0,Unknown,Unknown
0,9,2,1,True,True,1,True,0,Unknown,Unknown
0,9,3,1,True,True,1,True,1,True,False
0,9,4,0,True,True,1,True,1,True,True
0,9,5,1,True,True,1,True,1,True,False
0,10,0,0,True,True,1,True,1,True,True
0,10,1,1,True,True,1,True,0,Unknown,Unknown
0,10,2,1,True,True,1,True,0,Unknown,Unknown
0,10,3,1,True,True,1,True,1,True,False
0,10,4,0,True,True,1,True,1,True,True
0,10,5,1,True,True,1,True,1,True,False
1,0,0,0,True,True,1,True,1,True,True
1,0,1,0,True,True,1,True,1,True,True
1,0,2,0,True,True,1,True,1,True,True
1,0,3,0,True,True,1,True,1,True,True
1,0,4,0,True,True,1,True,1,True,True
1,0,5,0,True,True,1,True,1,True,True
1,1,0,0,True,True,1,True,1,True,True
1,1,1,1,True,True,1,True,1,True,False
1,1,2,1,True,True,1,True,1,True,False
1,1,3,1,True,True,1,True,1,True,False
1,1,4,0,True,True,1,True,1,True,True
1,1,5,0,True,True,1,True,1,True,True
1,2,0,0,True,True,1,True,1,True,True
1,2,1,1,True,True,1,True,1,True,False
1,2,2,1,True,True,1,True,1,True,False
1,2,3,1,True,True,1,True,1,True,False
1,2,4,0,True,True,1,True,1,True,True
1,2,5,1,True,True,1,True,1,True,False
1,3,0,0,True,True,1,True,1,True,True
1,3,1,1,True,True,1,True,1,True,False
1,3,2,1,True,True,1,True,1,True,False
1,3,3,1,True,True,1,True,1,True,False
1,3,4,0,True,True,1,True,1,True,True
1,3,5,1,True,True,1,True,1,True,False
1,4,0,0,True,True,1,True,1,True,True
1,4,1,1,True,True,1,True,0,Unknown,Unknown
1,4,2,1,True,True,1,True,1,True,False
1,4,3,1,True,True,1,True,1,True,False
1,4,4,0,True,True,1,True,1,True,True
1,4,5,1,True,True,1,True,1,True,False
1,5,0,0,True,True,1,True,1,True,True
1,5,1,1,Unknown,True,1,True,0,Unknown,Unknown
1,5,2,1,True,True,1,True,1,True,False
1,5,3,1,True,True,1,True,1,True,False
1,5,4,0,True,True,1,True,1,True,True
1,5,5,1,True,True,1,True,1,True,False
1,6,0,0,True,True,1,True,1,True,True
1,6,1,1,Unknown,True,1,True,0,Unknown,Unknown
1,6,2,1,True,True,1,True,1,True,False
1,6,3,1,True,True,1,True,1,True,False
1,6,4,0,True,True,1,True,1,True,True
1,6,5,1,True,True,1,True,1,True,False
1,7,0,0,True,True,1,True,1,True,True
1,7,1,1,Unknown,True,1,True,0,Unknown,Unknown
1,7,2,1,Unknown,True,1,True,0,Unknown,Unknown
1,7,3,1,True,True,1,True,1,True,False
1,7,4,0,True,True,1,True,1,True,True
1,7,5,1,True,True,1,True,1,True,False
1,8,0,0,True,True,1,True,1,True,True
1,8,1,1,Unknown,True,1,True,0,Unknown,Unknown
1,8,2,1,Unknown,True,1,True,0,Unknown,Unknown
1,8,3,1,True,True,1,True,1,True,False
1,8,4,0,True,True,1,True,1,True,True
1,8,5,1,True,True,1,True,1,True,False
1,9,0,0,True,True,1,True,1,True,True
1,9,1,1,Unknown,True,1,True,0,Unknown,Unknown
1,9,2,1,Unknown,True,1,True,0,Unknown,Unknown
1,9,3,1,True,True,1,True,1,True,False
1,9,4,0,True,True,1,True,1,True,True
1,9,5,1,True,True,1,True,1,True,False
1,10,0,0,True,True,1,True,1,True,True
1,10,1,1,Unknown,True,1,True,0,Unknown,Unknown
1,10,2,1,Unknown,True,1,True,0,Unknown,Unknown
1,10,3,1,True,True,1,True,1,True,False
1,10,4,0,True,True,1,True,1,True,True
1,10,5,1,True,True,1,True,1,True,False
2,0,0,0,True,True,1,True,1,True,True
2,0,1,0,True,True,1,True,1,True,True
2,0,2,0,True,True,1,True,1,True,True
2,0,3,0,True,True,1,True,1,True,True
2,0,4,0,True,True,1,True,1,True,True
2,0,5,0,True,True,1,True,1,True,True
2,1,0,0,True,True,1,True,1,True,True
2,1,1,1,True,True,1,True,1,True,False
2,1,2,1,True,True,1,True,1,True,False
2,1,3,1,True,True,1,True,1,True,False
2,1,4,0,True,True,1,True,1,True,True
2,1,5,0,True,True,1,True,1,True,True
2,2,0,0,True,True,1,True,1,True,True
2,2,1,1,True,True,1,True,1,True,False
2,2,2,1,True,True,1,True,1,True,False
2,2,3,1,True,True,1,True,1,True,False
2,2,4,0,True,True,1,True,1,True,True
2,2,5,1,True,True,1,True,1,True,False
2,3,0,0,True,True,1,True,1,True,True
2,3,1,1,True,True,1,True,1,True,False
2,3,2,1,True,True,1,True,1,True,False
2,3,3,1,True,True,1,True,1,True,False
2,3,4,0,True,True,1,True,1,True,True
2,3,5,1,True,True,1,True,1,True,False
2,4,0,0,True,True,1,True,1,True,True
2,4,1,1,True,True,1,True,0,Unknown,Unknown
2,4,2,1,True,True,1,True,1,True,False
2,4,3,1,True,True,1,True,1,True,False
2,4,4,0,True,True,1,True,1,True,True
2,4,5,1,True,True,1,True,1,True,False
2,5,0,0,True,True,1,True,1,True,True
2,5,1,1,True,True,1,True,0,Unknown,Unknown
2,5,2,1,True,True,1,True,1,True,False
2,5,3,1,True,True,1,True,1,True,False
2,5,4,0,True,True,1,True,1,True,True
2,5,5,1,True,True,1,True,1,True,False
2,6,0,0,True,True,1,True,1,True,True
2,6,1,1,True,True,1,True,0,Unknown,Unknown
2,6,2,1,True,True,1,True,1,True,False
2,6,3,1,True,True,1,True,1,True,False
2,6,4,0,True,True,1,True,1,True,True
2,6,5,1,True,True,1,True,1,True,False
2,7,0,0,True,True,1,True,1,True,True
2,7,1,1,True,True,1,True,0,Unknown,Unknown
2,7,2,1,True,True,1,True,0,Unknown,Unknown
2,7,3,1,True,True,1,True,1,True,False
2,7,4,0,True,True,1,True,1,True,True
2,7,5,1,True,True,1,True,1,True,False
2,8,0,0,True,True,1,True,1,True,True
2,8,1,1,True,True,1,True,0,Unknown,Unknown
2,8,2,1,True,True,1,True,0,Unknown,Unknown
2,8,3,1,True,True,1,True,1,True,False
2,8,4,0,True,True,1,True,1,True,True
2,8,5,1,True,True,1,True,1,True,False
2,9,0,0,True,True,1,True,1,True,True
2,9,1,1,True,True,1,True,0,Unknown,Unknown
2,9,2,1,True,True,1,True,0,Unknown,Unknown
2,9,3,1,True,True,1,True,1,True,False
2,9,4,0,True,True,1,True,1,True,True
2,9,5,1,True,True,1,True,1,True,False
2,10,0,0,True,True,1,True,1,True,True
2,10,1,1,True,True,1,True,0,Unknown,Unknown
2,10,2,1,True,True,1,True,0,Unknown,Unknown
2,10,3,1,True,True,1,True,1,True,False
2,10,4,0,True,True,1,True,1,True,True
2,10,5,1,True,True,1,True,1,True,False
{"suite":"matrix-pivots","cases":198,"failures":0,"default_unknown":10,"lu_unknown":33}
