kind,pattern,shape,alias,function,exists,status,equality
0,0,0,0,exp,1,True,True
0,0,0,0,log,1,True,True
0,0,0,1,exp,1,True,True
0,0,0,1,log,1,True,True
0,0,1,0,exp,1,True,True
0,0,1,0,log,1,True,True
0,0,1,1,exp,1,True,True
0,0,1,1,log,1,True,True
0,0,2,0,exp,1,True,True
0,0,2,0,log,1,True,True
0,0,2,1,exp,1,True,True
0,0,2,1,log,1,True,True
0,1,0,0,exp,1,True,True
0,1,0,0,log,1,True,True
0,1,0,1,exp,1,True,True
0,1,0,1,log,1,True,True
0,1,1,0,exp,1,True,True
0,1,1,0,log,1,True,True
0,1,1,1,exp,1,True,True
0,1,1,1,log,1,True,True
0,1,2,0,exp,1,True,True
0,1,2,0,log,1,True,True
0,1,2,1,exp,1,True,True
0,1,2,1,log,1,True,True
0,2,0,0,exp,1,True,True
0,2,0,0,log,1,True,True
0,2,0,1,exp,1,True,True
0,2,0,1,log,1,True,True
0,2,1,0,exp,1,True,True
0,2,1,0,log,1,True,True
0,2,1,1,exp,1,True,True
0,2,1,1,log,1,True,True
0,2,2,0,exp,1,True,True
0,2,2,0,log,1,True,True
0,2,2,1,exp,1,True,True
0,2,2,1,log,1,True,True
0,3,0,0,exp,1,True,True
0,3,0,0,log,1,True,True
0,3,0,1,exp,1,True,True
0,3,0,1,log,1,True,True
0,3,1,0,exp,1,True,True
0,3,1,0,log,1,True,True
0,3,1,1,exp,1,True,True
0,3,1,1,log,1,True,True
0,3,2,0,exp,1,True,True
0,3,2,0,log,1,True,True
0,3,2,1,exp,1,True,True
0,3,2,1,log,1,True,True
0,4,0,0,exp,1,True,True
0,4,0,0,log,1,True,True
0,4,0,1,exp,1,True,True
0,4,0,1,log,1,True,True
0,4,1,0,exp,1,True,True
0,4,1,0,log,1,True,True
0,4,1,1,exp,1,True,True
0,4,1,1,log,1,True,True
0,4,2,0,exp,1,True,True
0,4,2,0,log,1,True,True
0,4,2,1,exp,1,True,True
0,4,2,1,log,1,True,True
0,5,0,0,exp,1,True,True
0,5,0,0,log,1,True,True
0,5,0,1,exp,1,True,True
0,5,0,1,log,1,True,True
0,5,1,0,exp,1,True,True
0,5,1,0,log,1,True,True
0,5,1,1,exp,1,True,True
0,5,1,1,log,1,True,True
0,5,2,0,exp,1,True,True
0,5,2,0,log,1,True,True
0,5,2,1,exp,1,True,True
0,5,2,1,log,1,True,True
0,6,0,0,exp,1,True,True
0,6,0,0,log,1,True,True
0,6,0,1,exp,1,True,True
0,6,0,1,log,1,True,True
0,6,1,0,exp,1,True,True
0,6,1,0,log,1,True,True
0,6,1,1,exp,1,True,True
0,6,1,1,log,1,True,True
0,6,2,0,exp,1,True,True
0,6,2,0,log,1,True,True
0,6,2,1,exp,1,True,True
0,6,2,1,log,1,True,True
0,7,0,0,exp,1,True,True
0,7,0,0,log,1,True,True
0,7,0,1,exp,1,True,True
0,7,0,1,log,1,True,True
0,7,1,0,exp,1,True,True
0,7,1,0,log,1,True,True
0,7,1,1,exp,1,True,True
0,7,1,1,log,1,True,True
0,7,2,0,exp,1,True,True
0,7,2,0,log,1,True,True
0,7,2,1,exp,1,True,True
0,7,2,1,log,1,True,True
0,8,0,0,exp,1,True,True
0,8,0,0,log,1,True,True
0,8,0,1,exp,1,True,True
0,8,0,1,log,1,True,True
0,8,1,0,exp,1,True,True
0,8,1,0,log,1,True,True
0,8,1,1,exp,1,True,True
0,8,1,1,log,1,True,True
0,8,2,0,exp,1,True,True
0,8,2,0,log,1,True,True
0,8,2,1,exp,1,True,True
0,8,2,1,log,1,True,True
1,0,0,0,exp,1,True,True
1,0,0,0,log,1,True,True
1,0,0,1,exp,1,True,True
1,0,0,1,log,1,True,True
1,0,1,0,exp,1,True,True
1,0,1,0,log,1,True,True
1,0,1,1,exp,1,True,True
1,0,1,1,log,1,True,True
1,0,2,0,exp,1,True,True
1,0,2,0,log,1,True,True
1,0,2,1,exp,1,True,True
1,0,2,1,log,1,True,True
1,1,0,0,exp,1,True,True
1,1,0,0,log,1,True,True
1,1,0,1,exp,1,True,True
1,1,0,1,log,1,True,True
1,1,1,0,exp,1,True,True
1,1,1,0,log,1,True,True
1,1,1,1,exp,1,True,True
1,1,1,1,log,1,True,True
1,1,2,0,exp,1,True,True
1,1,2,0,log,1,True,True
1,1,2,1,exp,1,True,True
1,1,2,1,log,1,True,True
1,2,0,0,exp,1,True,True
1,2,0,0,log,1,True,True
1,2,0,1,exp,1,True,True
1,2,0,1,log,1,True,True
1,2,1,0,exp,1,True,True
1,2,1,0,log,1,True,True
1,2,1,1,exp,1,True,True
1,2,1,1,log,1,True,True
1,2,2,0,exp,1,True,True
1,2,2,0,log,1,True,True
1,2,2,1,exp,1,True,True
1,2,2,1,log,1,True,True
1,3,0,0,exp,1,True,True
1,3,0,0,log,1,True,True
1,3,0,1,exp,1,True,True
1,3,0,1,log,1,True,True
1,3,1,0,exp,1,True,True
1,3,1,0,log,1,True,True
1,3,1,1,exp,1,True,True
1,3,1,1,log,1,True,True
1,3,2,0,exp,1,True,True
1,3,2,0,log,1,True,True
1,3,2,1,exp,1,True,True
1,3,2,1,log,1,True,True
1,4,0,0,exp,1,True,True
1,4,0,0,log,1,True,True
1,4,0,1,exp,1,True,True
1,4,0,1,log,1,True,True
1,4,1,0,exp,1,True,True
1,4,1,0,log,1,True,True
1,4,1,1,exp,1,True,True
1,4,1,1,log,1,True,True
1,4,2,0,exp,1,True,True
1,4,2,0,log,1,True,True
1,4,2,1,exp,1,True,True
1,4,2,1,log,1,True,True
1,5,0,0,exp,1,True,True
1,5,0,0,log,1,True,True
1,5,0,1,exp,1,True,True
1,5,0,1,log,1,True,True
1,5,1,0,exp,1,True,True
1,5,1,0,log,1,True,True
1,5,1,1,exp,1,True,True
1,5,1,1,log,1,True,True
1,5,2,0,exp,1,True,True
1,5,2,0,log,1,True,True
1,5,2,1,exp,1,True,True
1,5,2,1,log,1,True,True
1,6,0,0,exp,1,True,True
1,6,0,0,log,1,True,True
1,6,0,1,exp,1,True,True
1,6,0,1,log,1,True,True
1,6,1,0,exp,1,True,True
1,6,1,0,log,1,True,True
1,6,1,1,exp,1,True,True
1,6,1,1,log,1,True,True
1,6,2,0,exp,1,True,True
1,6,2,0,log,1,True,True
1,6,2,1,exp,1,True,True
1,6,2,1,log,1,True,True
1,7,0,0,exp,1,True,True
1,7,0,0,log,1,True,True
1,7,0,1,exp,1,True,True
1,7,0,1,log,1,True,True
1,7,1,0,exp,1,True,Unknown
1,7,1,0,log,1,True,Unknown
1,7,1,1,exp,1,True,Unknown
1,7,1,1,log,1,True,Unknown
1,7,2,0,exp,1,True,Unknown
1,7,2,0,log,1,True,True
1,7,2,1,exp,1,True,Unknown
1,7,2,1,log,1,True,True
1,8,0,0,exp,1,True,True
1,8,0,0,log,1,True,True
1,8,0,1,exp,1,True,True
1,8,0,1,log,1,True,True
1,8,1,0,exp,1,True,True
1,8,1,0,log,1,True,True
1,8,1,1,exp,1,True,True
1,8,1,1,log,1,True,True
1,8,2,0,exp,1,True,True
1,8,2,0,log,1,True,True
1,8,2,1,exp,1,True,True
1,8,2,1,log,1,True,True
2,0,0,0,exp,1,True,True
2,0,0,0,log,1,True,True
2,0,0,1,exp,1,True,True
2,0,0,1,log,1,True,True
2,0,1,0,exp,1,True,True
2,0,1,0,log,1,True,True
2,0,1,1,exp,1,True,True
2,0,1,1,log,1,True,True
2,0,2,0,exp,1,True,True
2,0,2,0,log,1,True,True
2,0,2,1,exp,1,True,True
2,0,2,1,log,1,True,True
2,1,0,0,exp,1,True,True
2,1,0,0,log,1,True,True
2,1,0,1,exp,1,True,True
2,1,0,1,log,1,True,True
2,1,1,0,exp,1,True,True
2,1,1,0,log,1,True,True
2,1,1,1,exp,1,True,True
2,1,1,1,log,1,True,True
2,1,2,0,exp,1,True,True
2,1,2,0,log,1,True,True
2,1,2,1,exp,1,True,True
2,1,2,1,log,1,True,True
2,2,0,0,exp,1,True,True
2,2,0,0,log,1,True,True
2,2,0,1,exp,1,True,True
2,2,0,1,log,1,True,True
2,2,1,0,exp,1,True,True
2,2,1,0,log,1,True,True
2,2,1,1,exp,1,True,True
2,2,1,1,log,1,True,True
2,2,2,0,exp,1,True,True
2,2,2,0,log,1,True,True
2,2,2,1,exp,1,True,True
2,2,2,1,log,1,True,True
2,3,0,0,exp,1,True,True
2,3,0,0,log,1,True,True
2,3,0,1,exp,1,True,True
2,3,0,1,log,1,True,True
2,3,1,0,exp,1,True,True
2,3,1,0,log,1,True,True
2,3,1,1,exp,1,True,True
2,3,1,1,log,1,True,True
2,3,2,0,exp,1,True,True
2,3,2,0,log,1,True,True
2,3,2,1,exp,1,True,True
2,3,2,1,log,1,True,True
2,4,0,0,exp,1,True,True
2,4,0,0,log,1,True,True
2,4,0,1,exp,1,True,True
2,4,0,1,log,1,True,True
2,4,1,0,exp,1,True,True
2,4,1,0,log,1,True,True
2,4,1,1,exp,1,True,True
2,4,1,1,log,1,True,True
2,4,2,0,exp,1,True,True
2,4,2,0,log,1,True,True
2,4,2,1,exp,1,True,True
2,4,2,1,log,1,True,True
2,5,0,0,exp,1,True,True
2,5,0,0,log,1,True,True
2,5,0,1,exp,1,True,True
2,5,0,1,log,1,True,True
2,5,1,0,exp,1,True,True
2,5,1,0,log,1,True,True
2,5,1,1,exp,1,True,True
2,5,1,1,log,1,True,True
2,5,2,0,exp,1,True,True
2,5,2,0,log,1,True,True
2,5,2,1,exp,1,True,True
2,5,2,1,log,1,True,True
2,6,0,0,exp,1,True,True
2,6,0,0,log,1,True,True
2,6,0,1,exp,1,True,True
2,6,0,1,log,1,True,True
2,6,1,0,exp,1,True,True
2,6,1,0,log,1,True,True
2,6,1,1,exp,1,True,True
2,6,1,1,log,1,True,True
2,6,2,0,exp,1,True,True
2,6,2,0,log,1,True,True
2,6,2,1,exp,1,True,True
2,6,2,1,log,1,True,True
2,7,0,0,exp,1,True,Unknown
2,7,0,0,log,1,True,True
2,7,0,1,exp,1,True,Unknown
2,7,0,1,log,1,True,True
2,7,1,0,exp,1,True,Unknown
2,7,1,0,log,1,True,Unknown
2,7,1,1,exp,1,True,Unknown
2,7,1,1,log,1,True,Unknown
2,7,2,0,exp,1,True,Unknown
2,7,2,0,log,1,True,True
2,7,2,1,exp,1,True,Unknown
2,7,2,1,log,1,True,True
2,8,0,0,exp,1,True,True
2,8,0,0,log,1,True,True
2,8,0,1,exp,1,True,True
2,8,0,1,log,1,True,True
2,8,1,0,exp,1,True,True
2,8,1,0,log,1,True,True
2,8,1,1,exp,1,True,True
2,8,1,1,log,1,True,True
2,8,2,0,exp,1,True,True
2,8,2,0,log,1,True,True
2,8,2,1,exp,1,True,True
2,8,2,1,log,1,True,True
3,0,0,0,exp,1,True,True
3,0,0,0,log,1,True,True
3,0,0,1,exp,1,True,True
3,0,0,1,log,1,True,True
3,0,1,0,exp,1,True,True
3,0,1,0,log,1,True,True
3,0,1,1,exp,1,True,True
3,0,1,1,log,1,True,True
3,0,2,0,exp,1,True,True
3,0,2,0,log,1,True,True
3,0,2,1,exp,1,True,True
3,0,2,1,log,1,True,True
3,1,0,0,exp,1,True,True
3,1,0,0,log,0,False,na
3,1,0,1,exp,1,True,True
3,1,0,1,log,0,False,na
3,1,1,0,exp,1,True,True
3,1,1,0,log,0,False,na
3,1,1,1,exp,1,True,True
3,1,1,1,log,0,False,na
3,1,2,0,exp,1,True,True
3,1,2,0,log,0,False,na
3,1,2,1,exp,1,True,True
3,1,2,1,log,0,False,na
3,2,0,0,exp,1,True,True
3,2,0,0,log,0,False,na
3,2,0,1,exp,1,True,True
3,2,0,1,log,0,False,na
3,2,1,0,exp,1,True,True
3,2,1,0,log,0,False,na
3,2,1,1,exp,1,True,True
3,2,1,1,log,0,False,na
3,2,2,0,exp,1,True,True
3,2,2,0,log,0,False,na
3,2,2,1,exp,1,True,True
3,2,2,1,log,0,False,na
3,3,0,0,exp,1,True,True
3,3,0,0,log,0,False,na
3,3,0,1,exp,1,True,True
3,3,0,1,log,0,False,na
3,3,1,0,exp,1,True,True
3,3,1,0,log,0,False,na
3,3,1,1,exp,1,True,True
3,3,1,1,log,0,False,na
3,3,2,0,exp,1,True,True
3,3,2,0,log,0,False,na
3,3,2,1,exp,1,True,True
3,3,2,1,log,0,False,na
3,4,0,0,exp,1,True,True
3,4,0,0,log,0,False,na
3,4,0,1,exp,1,True,True
3,4,0,1,log,0,False,na
3,4,1,0,exp,1,True,True
3,4,1,0,log,0,False,na
3,4,1,1,exp,1,True,True
3,4,1,1,log,0,False,na
3,4,2,0,exp,1,True,True
3,4,2,0,log,0,False,na
3,4,2,1,exp,1,True,True
3,4,2,1,log,0,False,na
3,5,0,0,exp,1,True,True
3,5,0,0,log,0,False,na
3,5,0,1,exp,1,True,True
3,5,0,1,log,0,False,na
3,5,1,0,exp,1,True,True
3,5,1,0,log,0,False,na
3,5,1,1,exp,1,True,True
3,5,1,1,log,0,False,na
3,5,2,0,exp,1,True,True
3,5,2,0,log,0,False,na
3,5,2,1,exp,1,True,True
3,5,2,1,log,0,False,na
3,6,0,0,exp,1,True,True
3,6,0,0,log,0,False,na
3,6,0,1,exp,1,True,True
3,6,0,1,log,0,False,na
3,6,1,0,exp,1,True,True
3,6,1,0,log,0,False,na
3,6,1,1,exp,1,True,True
3,6,1,1,log,0,False,na
3,6,2,0,exp,1,True,True
3,6,2,0,log,0,False,na
3,6,2,1,exp,1,True,True
3,6,2,1,log,0,False,na
3,7,0,0,exp,1,True,True
3,7,0,0,log,0,False,na
3,7,0,1,exp,1,True,True
3,7,0,1,log,0,False,na
3,7,1,0,exp,1,True,True
3,7,1,0,log,0,False,na
3,7,1,1,exp,1,True,True
3,7,1,1,log,0,False,na
3,7,2,0,exp,1,True,True
3,7,2,0,log,0,False,na
3,7,2,1,exp,1,True,True
3,7,2,1,log,0,False,na
3,8,0,0,exp,1,True,True
3,8,0,0,log,0,False,na
3,8,0,1,exp,1,True,True
3,8,0,1,log,0,False,na
3,8,1,0,exp,1,True,True
3,8,1,0,log,0,False,na
3,8,1,1,exp,1,True,True
3,8,1,1,log,0,False,na
3,8,2,0,exp,1,True,True
3,8,2,0,log,0,False,na
3,8,2,1,exp,1,True,True
3,8,2,1,log,0,False,na
4,0,0,0,exp,1,True,True
4,0,0,0,log,1,True,True
4,0,0,1,exp,1,True,True
4,0,0,1,log,1,True,True
4,0,1,0,exp,1,True,True
4,0,1,0,log,1,True,True
4,0,1,1,exp,1,True,True
4,0,1,1,log,1,True,True
4,0,2,0,exp,1,True,True
4,0,2,0,log,1,True,True
4,0,2,1,exp,1,True,True
4,0,2,1,log,1,True,True
4,1,0,0,exp,1,True,True
4,1,0,0,log,1,True,True
4,1,0,1,exp,1,True,True
4,1,0,1,log,1,True,True
4,1,1,0,exp,1,True,True
4,1,1,0,log,1,True,True
4,1,1,1,exp,1,True,True
4,1,1,1,log,1,True,True
4,1,2,0,exp,1,True,True
4,1,2,0,log,1,True,True
4,1,2,1,exp,1,True,True
4,1,2,1,log,1,True,True
4,2,0,0,exp,1,True,True
4,2,0,0,log,1,True,True
4,2,0,1,exp,1,True,True
4,2,0,1,log,1,True,True
4,2,1,0,exp,1,True,True
4,2,1,0,log,1,True,True
4,2,1,1,exp,1,True,True
4,2,1,1,log,1,True,True
4,2,2,0,exp,1,True,True
4,2,2,0,log,1,True,True
4,2,2,1,exp,1,True,True
4,2,2,1,log,1,True,True
4,3,0,0,exp,1,True,True
4,3,0,0,log,1,True,True
4,3,0,1,exp,1,True,True
4,3,0,1,log,1,True,True
4,3,1,0,exp,1,True,True
4,3,1,0,log,1,True,True
4,3,1,1,exp,1,True,True
4,3,1,1,log,1,True,True
4,3,2,0,exp,1,True,True
4,3,2,0,log,1,True,True
4,3,2,1,exp,1,True,True
4,3,2,1,log,1,True,True
4,4,0,0,exp,1,True,True
4,4,0,0,log,1,True,True
4,4,0,1,exp,1,True,True
4,4,0,1,log,1,True,True
4,4,1,0,exp,1,True,True
4,4,1,0,log,1,True,True
4,4,1,1,exp,1,True,True
4,4,1,1,log,1,True,True
4,4,2,0,exp,1,True,True
4,4,2,0,log,1,True,True
4,4,2,1,exp,1,True,True
4,4,2,1,log,1,True,True
4,5,0,0,exp,1,True,True
4,5,0,0,log,1,True,True
4,5,0,1,exp,1,True,True
4,5,0,1,log,1,True,True
4,5,1,0,exp,1,True,True
4,5,1,0,log,1,True,True
4,5,1,1,exp,1,True,True
4,5,1,1,log,1,True,True
4,5,2,0,exp,1,True,True
4,5,2,0,log,1,True,True
4,5,2,1,exp,1,True,True
4,5,2,1,log,1,True,True
4,6,0,0,exp,1,True,True
4,6,0,0,log,1,True,True
4,6,0,1,exp,1,True,True
4,6,0,1,log,1,True,True
4,6,1,0,exp,1,True,True
4,6,1,0,log,1,True,True
4,6,1,1,exp,1,True,True
4,6,1,1,log,1,True,True
4,6,2,0,exp,1,True,True
4,6,2,0,log,1,True,True
4,6,2,1,exp,1,True,True
4,6,2,1,log,1,True,True
4,7,0,0,exp,1,True,True
4,7,0,0,log,1,True,True
4,7,0,1,exp,1,True,True
4,7,0,1,log,1,True,True
4,7,1,0,exp,1,True,True
4,7,1,0,log,1,True,True
4,7,1,1,exp,1,True,True
4,7,1,1,log,1,True,True
4,7,2,0,exp,1,True,True
4,7,2,0,log,1,True,True
4,7,2,1,exp,1,True,True
4,7,2,1,log,1,True,True
4,8,0,0,exp,1,True,True
4,8,0,0,log,1,True,True
4,8,0,1,exp,1,True,True
4,8,0,1,log,1,True,True
4,8,1,0,exp,1,True,True
4,8,1,0,log,1,True,True
4,8,1,1,exp,1,True,True
4,8,1,1,log,1,True,True
4,8,2,0,exp,1,True,True
4,8,2,0,log,1,True,True
4,8,2,1,exp,1,True,True
4,8,2,1,log,1,True,True
5,0,0,0,exp,1,True,True
5,0,0,0,log,1,True,True
5,0,0,1,exp,1,True,True
5,0,0,1,log,1,True,True
5,0,1,0,exp,1,True,True
5,0,1,0,log,1,True,True
5,0,1,1,exp,1,True,True
5,0,1,1,log,1,True,True
5,0,2,0,exp,1,True,True
5,0,2,0,log,1,True,True
5,0,2,1,exp,1,True,True
5,0,2,1,log,1,True,True
5,1,0,0,exp,1,True,True
5,1,0,0,log,1,True,True
5,1,0,1,exp,1,True,True
5,1,0,1,log,1,True,True
5,1,1,0,exp,1,True,True
5,1,1,0,log,1,True,True
5,1,1,1,exp,1,True,True
5,1,1,1,log,1,True,True
5,1,2,0,exp,1,True,True
5,1,2,0,log,1,True,True
5,1,2,1,exp,1,True,True
5,1,2,1,log,1,True,True
5,2,0,0,exp,1,True,True
5,2,0,0,log,1,True,True
5,2,0,1,exp,1,True,True
5,2,0,1,log,1,True,True
5,2,1,0,exp,1,True,True
5,2,1,0,log,1,True,True
5,2,1,1,exp,1,True,True
5,2,1,1,log,1,True,True
5,2,2,0,exp,1,True,True
5,2,2,0,log,1,True,True
5,2,2,1,exp,1,True,True
5,2,2,1,log,1,True,True
5,3,0,0,exp,1,True,True
5,3,0,0,log,1,True,True
5,3,0,1,exp,1,True,True
5,3,0,1,log,1,True,True
5,3,1,0,exp,1,True,True
5,3,1,0,log,1,True,True
5,3,1,1,exp,1,True,True
5,3,1,1,log,1,True,True
5,3,2,0,exp,1,True,True
5,3,2,0,log,1,True,True
5,3,2,1,exp,1,True,True
5,3,2,1,log,1,True,True
5,4,0,0,exp,1,True,True
5,4,0,0,log,1,True,True
5,4,0,1,exp,1,True,True
5,4,0,1,log,1,True,True
5,4,1,0,exp,1,True,True
5,4,1,0,log,1,True,True
5,4,1,1,exp,1,True,True
5,4,1,1,log,1,True,True
5,4,2,0,exp,1,True,True
5,4,2,0,log,1,True,True
5,4,2,1,exp,1,True,True
5,4,2,1,log,1,True,True
5,5,0,0,exp,1,True,True
5,5,0,0,log,1,True,True
5,5,0,1,exp,1,True,True
5,5,0,1,log,1,True,True
5,5,1,0,exp,1,True,True
5,5,1,0,log,1,True,True
5,5,1,1,exp,1,True,True
5,5,1,1,log,1,True,True
5,5,2,0,exp,1,True,True
5,5,2,0,log,1,True,True
5,5,2,1,exp,1,True,True
5,5,2,1,log,1,True,True
5,6,0,0,exp,1,True,True
5,6,0,0,log,0,False,na
5,6,0,1,exp,1,True,True
5,6,0,1,log,0,False,na
5,6,1,0,exp,1,True,True
5,6,1,0,log,0,False,na
5,6,1,1,exp,1,True,True
5,6,1,1,log,0,False,na
5,6,2,0,exp,1,True,True
5,6,2,0,log,0,False,na
5,6,2,1,exp,1,True,True
5,6,2,1,log,0,False,na
5,7,0,0,exp,1,True,True
5,7,0,0,log,0,False,na
5,7,0,1,exp,1,True,True
5,7,0,1,log,0,False,na
5,7,1,0,exp,1,True,True
5,7,1,0,log,0,False,na
5,7,1,1,exp,1,True,True
5,7,1,1,log,0,False,na
5,7,2,0,exp,1,True,True
5,7,2,0,log,0,False,na
5,7,2,1,exp,1,True,True
5,7,2,1,log,0,False,na
5,8,0,0,exp,1,True,True
5,8,0,0,log,0,False,na
5,8,0,1,exp,1,True,True
5,8,0,1,log,0,False,na
5,8,1,0,exp,1,True,True
5,8,1,0,log,0,False,na
5,8,1,1,exp,1,True,True
5,8,1,1,log,0,False,na
5,8,2,0,exp,1,True,True
5,8,2,0,log,0,False,na
5,8,2,1,exp,1,True,True
5,8,2,1,log,0,False,na
{"suite":"matrix-function","rows":648,"incorrect":0,"unresolved":14}
