kind,pattern,shape,alias,function,exists,status,equality
0,0,0,0,exp,1,True,True
0,0,0,0,log,1,True,True
0,0,0,1,exp,1,True,True
0,0,0,1,log,1,True,True
0,0,1,0,exp,1,True,True
0,0,1,0,log,1,True,True
0,0,1,1,exp,1,True,True
0,0,1,1,log,1,True,True
0,0,2,0,exp,1,True,True
0,0,2,0,log,1,True,True
0,0,2,1,exp,1,True,True
0,0,2,1,log,1,True,True
0,1,0,0,exp,1,True,True
0,1,0,0,log,1,True,True
0,1,0,1,exp,1,True,True
0,1,0,1,log,1,True,True
0,1,1,0,exp,1,True,True
0,1,1,0,log,1,True,True
0,1,1,1,exp,1,True,True
0,1,1,1,log,1,True,True
0,1,2,0,exp,1,True,True
0,1,2,0,log,1,True,True
0,1,2,1,exp,1,True,True
0,1,2,1,log,1,True,True
0,2,0,0,exp,1,True,True
0,2,0,0,log,1,True,True
0,2,0,1,exp,1,True,True
0,2,0,1,log,1,True,True
0,2,1,0,exp,1,True,True
0,2,1,0,log,1,True,True
0,2,1,1,exp,1,True,True
0,2,1,1,log,1,True,True
0,2,2,0,exp,1,True,True
0,2,2,0,log,1,True,True
0,2,2,1,exp,1,True,True
0,2,2,1,log,1,True,True
0,3,0,0,exp,1,True,True
0,3,0,0,log,1,True,True
0,3,0,1,exp,1,True,True
0,3,0,1,log,1,True,True
0,3,1,0,exp,1,True,True
0,3,1,0,log,1,True,True
0,3,1,1,exp,1,True,True
0,3,1,1,log,1,True,True
0,3,2,0,exp,1,True,True
0,3,2,0,log,1,True,True
0,3,2,1,exp,1,True,True
0,3,2,1,log,1,True,True
0,4,0,0,exp,1,True,True
0,4,0,0,log,1,True,True
0,4,0,1,exp,1,True,True
0,4,0,1,log,1,True,True
0,4,1,0,exp,1,True,True
0,4,1,0,log,1,True,True
0,4,1,1,exp,1,True,True
0,4,1,1,log,1,True,True
0,4,2,0,exp,1,True,True
0,4,2,0,log,1,True,True
0,4,2,1,exp,1,True,True
0,4,2,1,log,1,True,True
0,5,0,0,exp,1,True,True
0,5,0,0,log,1,True,True
0,5,0,1,exp,1,True,True
0,5,0,1,log,1,True,True
0,5,1,0,exp,1,True,True
0,5,1,0,log,1,True,True
0,5,1,1,exp,1,True,True
0,5,1,1,log,1,True,True
0,5,2,0,exp,1,True,True
0,5,2,0,log,1,True,True
0,5,2,1,exp,1,True,True
0,5,2,1,log,1,True,True
0,6,0,0,exp,1,True,True
0,6,0,0,log,1,True,True
0,6,0,1,exp,1,True,True
0,6,0,1,log,1,True,True
0,6,1,0,exp,1,True,True
0,6,1,0,log,1,True,True
0,6,1,1,exp,1,True,True
0,6,1,1,log,1,True,True
0,6,2,0,exp,1,True,True
0,6,2,0,log,1,True,True
0,6,2,1,exp,1,True,True
0,6,2,1,log,1,True,True
0,7,0,0,exp,1,True,True
0,7,0,0,log,1,True,True
0,7,0,1,exp,1,True,True
0,7,0,1,log,1,True,True
0,7,1,0,exp,1,True,True
0,7,1,0,log,1,True,True
0,7,1,1,exp,1,True,True
0,7,1,1,log,1,True,True
0,7,2,0,exp,1,True,True
0,7,2,0,log,1,True,True
0,7,2,1,exp,1,True,True
0,7,2,1,log,1,True,True
0,8,0,0,exp,1,True,True
0,8,0,0,log,1,True,True
0,8,0,1,exp,1,True,True
0,8,0,1,log,1,True,True
0,8,1,0,exp,1,True,True
0,8,1,0,log,1,True,True
0,8,1,1,exp,1,True,True
0,8,1,1,log,1,True,True
0,8,2,0,exp,1,True,True
0,8,2,0,log,1,True,True
0,8,2,1,exp,1,True,True
0,8,2,1,log,1,True,True
1,0,0,0,exp,1,True,True
1,0,0,0,log,1,True,True
1,0,0,1,exp,1,True,True
1,0,0,1,log,1,True,True
1,0,1,0,exp,1,True,True
1,0,1,0,log,1,True,True
1,0,1,1,exp,1,True,True
1,0,1,1,log,1,True,True
1,0,2,0,exp,1,True,True
1,0,2,0,log,1,True,True
1,0,2,1,exp,1,True,True
1,0,2,1,log,1,True,True
1,1,0,0,exp,1,True,True
1,1,0,0,log,1,True,True
1,1,0,1,exp,1,True,True
1,1,0,1,log,1,True,True
1,1,1,0,exp,1,True,True
1,1,1,0,log,1,True,True
1,1,1,1,exp,1,True,True
1,1,1,1,log,1,True,True
1,1,2,0,exp,1,True,True
1,1,2,0,log,1,True,True
1,1,2,1,exp,1,True,True
1,1,2,1,log,1,True,True
1,2,0,0,exp,1,True,True
1,2,0,0,log,1,True,True
1,2,0,1,exp,1,True,True
1,2,0,1,log,1,True,True
1,2,1,0,exp,1,True,True
1,2,1,0,log,1,True,True
1,2,1,1,exp,1,True,True
1,2,1,1,log,1,True,True
1,2,2,0,exp,1,True,True
1,2,2,0,log,1,True,True
1,2,2,1,exp,1,True,True
1,2,2,1,log,1,True,True
1,3,0,0,exp,1,True,True
1,3,0,0,log,1,True,True
1,3,0,1,exp,1,True,True
1,3,0,1,log,1,True,True
1,3,1,0,exp,1,True,True
1,3,1,0,log,1,True,True
1,3,1,1,exp,1,True,True
1,3,1,1,log,1,True,True
1,3,2,0,exp,1,True,True
1,3,2,0,log,1,True,True
1,3,2,1,exp,1,True,True
1,3,2,1,log,1,True,True
1,4,0,0,exp,1,True,True
1,4,0,0,log,1,True,True
1,4,0,1,exp,1,True,True
1,4,0,1,log,1,True,True
1,4,1,0,exp,1,True,True
1,4,1,0,log,1,True,True
1,4,1,1,exp,1,True,True
1,4,1,1,log,1,True,True
1,4,2,0,exp,1,True,True
1,4,2,0,log,1,True,True
1,4,2,1,exp,1,True,True
1,4,2,1,log,1,True,True
1,5,0,0