family,kind,r,c,alias,method,success,rank_or_det,equality
rref,0,0,0,0,0,1,0,True
rref,0,0,0,0,1,1,0,True
rref,0,0,0,0,2,1,0,True
rref,0,0,0,1,0,1,0,True
rref,0,0,0,1,1,1,0,True
rref,0,0,0,1,2,1,0,True
rref,1,0,0,0,0,1,0,True
rref,1,0,0,0,1,1,0,True
rref,1,0,0,0,2,1,0,True
rref,1,0,0,1,0,1,0,True
rref,1,0,0,1,1,1,0,True
rref,1,0,0,1,2,1,0,True
rref,2,0,0,0,0,1,0,True
rref,2,0,0,0,1,1,0,True
rref,2,0,0,0,2,1,0,True
rref,2,0,0,1,0,1,0,True
rref,2,0,0,1,1,1,0,True
rref,2,0,0,1,2,1,0,True
rref,0,0,1,0,0,1,0,True
rref,0,0,1,0,1,1,0,True
rref,0,0,1,0,2,1,0,True
rref,0,0,1,1,0,1,0,True
rref,0,0,1,1,1,1,0,True
rref,0,0,1,1,2,1,0,True
rref,1,0,1,0,0,1,0,True
rref,1,0,1,0,1,1,0,True
rref,1,0,1,0,2,1,0,True
rref,1,0,1,1,0,1,0,True
rref,1,0,1,1,1,1,0,True
rref,1,0,1,1,2,1,0,True
rref,2,0,1,0,0,1,0,True
rref,2,0,1,0,1,1,0,True
rref,2,0,1,0,2,1,0,True
rref,2,0,1,1,0,1,0,True
rref,2,0,1,1,1,1,0,True
rref,2,0,1,1,2,1,0,True
rref,0,0,2,0,0,1,0,True
rref,0,0,2,0,1,1,0,True
rref,0,0,2,0,2,1,0,True
rref,0,0,2,1,0,1,0,True
rref,0,0,2,1,1,1,0,True
rref,0,0,2,1,2,1,0,True
rref,1,0,2,0,0,1,0,True
rref,1,0,2,0,1,1,0,True
rref,1,0,2,0,2,1,0,True
rref,1,0,2,1,0,1,0,True
rref,1,0,2,1,1,1,0,True
rref,1,0,2,1,2,1,0,True
rref,2,0,2,0,0,1,0,True
rref,2,0,2,0,1,1,0,True
rref,2,0,2,0,2,1,0,True
rref,2,0,2,1,0,1,0,True
rref,2,0,2,1,1,1,0,True
rref,2,0,2,1,2,1,0,True
rref,0,0,3,0,0,1,0,True
rref,0,0,3,0,1,1,0,True
rref,0,0,3,0,2,1,0,True
rref,0,0,3,1,0,1,0,True
rref,0,0,3,1,1,1,0,True
rref,0,0,3,1,2,1,0,True
rref,1,0,3,0,0,1,0,True
rref,1,0,3,0,1,1,0,True
rref,1,0,3,0,2,1,0,True
rref,1,0,3,1,0,1,0,True
rref,1,0,3,1,1,1,0,True
rref,1,0,3,1,2,1,0,True
rref,2,0,3,0,0,1,0,True
rref,2,0,3,0,1,1,0,True
rref,2,0,3,0,2,1,0,True
rref,2,0,3,1,0,1,0,True
rref,2,0,3,1,1,1,0,True
rref,2,0,3,1,2,1,0,True
rref,0,0,4,0,0,1,0,True
rref,0,0,4,0,1,1,0,True
rref,0,0,4,0,2,1,0,True
rref,0,0,4,1,0,1,0,True
rref,0,0,4,1,1,1,0,True
rref,0,0,4,1,2,1,0,True
rref,1,0,4,0,0,1,0,True
rref,1,0,4,0,1,1,0,True
rref,1,0,4,0,2,1,0,True
rref,1,0,4,1,0,1,0,True
rref,1,0,4,1,1,1,0,True
rref,1,0,4,1,2,1,0,True
rref,2,0,4,0,0,1,0,True
rref,2,0,4,0,1,1,0,True
rref,2,0,4,0,2,1,0,True
rref,2,0,4,1,0,1,0,True
rref,2,0,4,1,1,1,0,True
rref,2,0,4,1,2,1,0,True
rref,0,0,5,0,0,1,0,True
rref,0,0,5,0,1,1,0,True
rref,0,0,5,0,2,1,0,True
rref,0,0,5,1,0,1,0,True
rref,0,0,5,1,1,1,0,True
rref,0,0,5,1,2,1,0,True
rref,1,0,5,0,0,1,0,True
rref,1,0,5,0,1,1,0,True
rref,1,0,5,0,2,1,0,True
rref,1,0,5,1,0,1,0,True
rref,1,0,5,1,1,1,0,True
rref,1,0,5,1,2,1,0,True
rref,2,0,5,0,0,1,0,True
rref,2,0,5,0,1,1,0,True
rref,2,0,5,0,2,1,0,True
rref,2,0,5,1,0,1,0,True
rref,2,0,5,1,1,1,0,True
rref,2,0,5,1,2,1,0,True
rref,0,0,6,0,0,1,0,True
rref,0,0,6,0,1,1,0,True
rref,0,0,6,0,2,1,0,True
rref,0,0,6,1,0,1,0,True
rref,0,0,6,1,1,1,0,True
rref,0,0,6,1,2,1,0,True
rref,1,0,6,0,0,1,0,True
rref,1,0,6,0,1,1,0,True
rref,1,0,6,0,2,1,0,True
rref,1,0,6,1,0,1,0,True
rref,1,0,6,1,1,1,0,True
rref,1,0,6,1,2,1,0,True
rref,2,0,6,0,0,1,0,True
rref,2,0,6,0,1,1,0,True
rref,2,0,6,0,2,1,0,True
rref,2,0,6,1,0,1,0,True
rref,2,0,6,1,1,1,0,True
rref,2,0,6,1,2,1,0,True
rref,0,1,0,0,0,1,0,True
rref,0,1,0,0,1,1,0,True
rref,0,1,0,0,2,1,0,True
rref,0,1,0,1,0,1,0,True
rref,0,1,0,1,1,1,0,True
rref,0,1,0,1,2,1,0,True
rref,1,1,0,0,0,1,0,True
rref,1,1,0,0,1,1,0,True
rref,1,1,0,0,2,1,0,True
rref,1,1,0,1,0,1,0,True
rref,1,1,0,1,1,1,0,True
rref,1,1,0,1,2,1,0,True
rref,2,1,0,0,0,1,0,True
rref,2,1,0,0,1,1,0,True
rref,2,1,0,0,2,1,0,True
rref,2,1,0,1,0,1,0,True
rref,2,1,0,1,1,1,0,True
rref,2,1,0,1,2,1,0,True
rref,0,1,1,0,0,1,0,True
rref,0,1,1,0,1,1,0,True
rref,0,1,1,0,2,1,0,True
rref,0,1,1,1,0,1,0,True
rref,0,1,1,1,1,1,0,True
rref,0,1,1,1,2,1,0,True
rref,1,1,1,0,0,1,0,False
rref,1,1,1,0,1,1,0,False
rref,1,1,1,0,2,1,0,True
rref,1,1,1,1,0,1,0,True
rref,1,1,1,1,1,1,0,True
rref,1,1,1,1,2,1,0,True
rref,2,1,1,0,0,1,0,False
rref,2,1,1,0,1,1,0,False
rref,2,1,1,0,2,1,0,True
rref,2,1,1,1,0,1,0,True
rref,2,1,1,1,1,1,0,True
rref,2,1,1,1,2,1,0,True
rref,0,1,2,0,0,1,0,True
rref,0,1,2,0,1,1,0,True
rref,0,1,2,0,2,1,0,True
rref,0,1,2,1,0,1,0,True
rref,0,1,2,1,1,1,0,True
rref,0,1,2,1,2,1,0,True
rref,1,1,2,0,0,1,0,False
rref,1,1,2,0,1,1,0,False
rref,1,1,2,0,2,1,0,True
rref,1,1,2,1,0,1,0,True
rref,1,1,2,1,1,1,0,True
rref,1,1,2,1,2,1,0,True
rref,2,1,2,0,0,1,0,False
rref,2,1,2,0,1,1,0,False
rref,2,1,2,0,2,1,0,True
rref,2,1,2,1,0,1,0,True
rref,2,1,2,1,1,1,0,True
rref,2,1,2,1,2,1,0,True
rref,0,1,3,0,0,1,0,True
rref,0,1,3,0,1,1,0,True
rref,0,1,3,0,2,1,0,True
rref,0,1,3,1,0,1,0,True
rref,0,1,3,1,1,1,0,True
rref,0,1,3,1,2,1,0,True
rref,1,1,3,0,0,1,0,False
rref,1,1,3,0,1,1,0,False
rref,1,1,3,0,2,1,0,True
rref,1,1,3,1,0,1,0,True
rref,1,1,3,1,1,1,0,True
rref,1,1,3,1,2,1,0,True
rref,2,1,3,0,0,1,0,False
rref,2,1,3,0,1,1,0,False
rref,2,1,3,0,2,1,0,True
rref,2,1,3,1,0,1,0,True
rref,2,1,3,1,1,1,0,True
rref,2,1,3,1,2,1,0,True
rref,0,1,4,0,0,1,0,True
rref,0,1,4,0,1,1,0,True
rref,0,1,4,0,2,1,0,True
rref,0,1,4,1,0,1,0,True
rref,0,1,4,1,1,1,0,True
rref,0,1,4,1,2,1,0,True
rref,1,1,4,0,0,1,0,False
rref,1,1,4,0,1,1,0,False
rref,1,1,4,0,2,1,0,True
rref,1,1,4,1,0,1,0,True
rref,1,1,4,1,1,1,0,True
rref,1,1,4,1,2,1,0,True
rref,2,1,4,0,0,1,0,False
rref,2,1,4,0,1,1,0,False
rref,2,1,4,0,2,1,0,True
rref,2,1,4,1,0,1,0,True
rref,2,1,4,1,1,1,0,True
rref,2,1,4,1,2,1,0,True
rref,0,1,5,0,0,1,0,True
rref,0,1,5,0,1,1,0,True
rref,0,1,5,0,2,1,0,True
rref,0,1,5,1,0,1,0,True
rref,0,1,5,1,1,1,0,True
rref,0,1,5,1,2,1,0,True
rref,1,1,5,0,0,1,0,False
rref,1,1,5,0,1,1,0,False
rref,1,1,5,0,2,1,0,True
rref,1,1,5,1,0,1,0,True
rref,1,1,5,1,1,1,0,True
rref,1,1,5,1,2,1,0,True
rref,2,1,5,0,0,1,0,False
rref,2,1,5,0,1,1,0,False
rref,2,1,5,0,2,1,0,True
rref,2,1,5,1,0,1,0,True
rref,2,1,5,1,1,1,0,True
rref,2,1,5,1,2,1,0,True
rref,0,1,6,0,0,1,0,True
rref,0,1,6,0,1,1,0,True
rref,0,1,6,0,2,1,0,True
rref,0,1,6,1,0,1,0,True
rref,0,1,6,1,1,1,0,True
rref,0,1,6,1,2,1,0,True
rref,1,1,6,0,0,1,0,False
rref,1,1,6,0,1,1,0,False
rref,1,1,6,0,2,1,0,True
rref,1,1,6,1,0,1,0,True
rref,1,1,6,1,1,1,0,True
rref,1,1,6,1,2,1,0,True
rref,2,1,6,0,0,1,0,False
rref,2,1,6,0,1,1,0,False
rref,2,1,6,0,2,1,0,True
rref,2,1,6,1,0,1,0,True
rref,2,1,6,1,1,1,0,True
rref,2,1,6,1,2,1,0,True
rref,0,2,0,0,0,1,0,True
rref,0,2,0,0,1,1,0,True
rref,0,2,0,0,2,1,0,True
rref,0,2,0,1,0,1,0,True
rref,0,2,0,1,1,1,0,True
rref,0,2,0,1,2,1,0,True
rref,1,2,0,0,0,1,0,True
rref,1,2,0,0,1,1,0,True
rref,1,2,0,0,2,1,0,True
rref,1,2,0,1,0,1,0,True
rref,1,2,0,1,1,1,0,True
rref,1,2,0,1,2,1,0,True
rref,2,2,0,0,0,1,0,True
rref,2,2,0,0,1,1,0,True
rref,2,2,0,0,2,1,0,True
rref,2,2,0,1,0,1,0,True
rref,2,2,0,1,1,1,0,True
rref,2,2,0,1,2,1,0,True
rref,0,2,1,0,0,1,0,True
rref,0,2,1,0,1,1,0,True
rref,0,2,1,0,2,1,0,True
rref,0,2,1,1,0,1,0,True
rref,0,2,1,1,1,1,0,True
rref,0,2,1,1,2,1,0,True
rref,1,2,1,0,0,1,0,False
rref,1,2,1,0,1,1,0,False
rref,1,2,1,0,2,1,0,True
rref,1,2,1,1,0,1,0,True
rref,1,2,1,1,1,1,0,True
rref,1,2,1,1,2,1,0,True
rref,2,2,1,0,0,1,0,False
rref,2,2,1,0,1,1,0,False
rref,2,2,1,0,2,1,0,True
rref,2,2,1,1,0,1,0,True
rref,2,2,1,1,1,1,0,True
rref,2,2,1,1,2,1,0,True
rref,0,2,2,0,0,1,0,True
rref,0,2,2,0,1,1,0,True
rref,0,2,2,0,2,1,0,True
rref,0,2,2,1,0,1,0,True
rref,0,2,2,1,1,1,0,True
rref,0,2,2,1,2,1,0,True
rref,1,2,2,0,0,1,0,False
rref,1,2,2,0,1,1,0,False
rref,1,2,2,0,2,1,0,True
rref,1,2,2,1,0,1,0,True
rref,1,2,2,1,1,1,0,True
rref,1,2,2,1,2,1,0,True
rref,2,2,2,0,0,1,0,False
rref,2,2,2,0,1,1,0,False
rref,2,2,2,0,2,1,0,True
rref,2,2,2,1,0,1,0,True
rref,2,2,2,1,1,1,0,True
rref,2,2,2,1,2,1,0,True
rref,0,2,3,0,0,1,0,True
rref,0,2,3,0,1,1,0,True
rref,0,2,3,0,2,1,0,True
rref,0,2,3,1,0,1,0,True
rref,0,2,3,1,1,1,0,True
rref,0,2,3,1,2,1,0,True
rref,1,2,3,0,0,1,0,False
rref,1,2,3,0,1,1,0,False
rref,1,2,3,0,2,1,0,True
rref,1,2,3,1,0,1,0,True
rref,1,2,3,1,1,1,0,True
rref,1,2,3,1,2,1,0,True
rref,2,2,3,0,0,1,0,False
rref,2,2,3,0,1,1,0,False
rref,2,2,3,0,2,1,0,True
rref,2,2,3,1,0,1,0,True
rref,2,2,3,1,1,1,0,True
rref,2,2,3,1,2,1,0,True
rref,0,2,4,0,0,1,0,True
rref,0,2,4,0,1,1,0,True
rref,0,2,4,0,2,1,0,True
rref,0,2,4,1,0,1,0,True
rref,0,2,4,1,1,1,0,True
rref,0,2,4,1,2,1,0,True
rref,1,2,4,0,0,1,0,False
rref,1,2,4,0,1,1,0,False
rref,1,2,4,0,2,1,0,True
rref,1,2,4,1,0,1,0,True
rref,1,2,4,1,1,1,0,True
rref,1,2,4,1,2,1,0,True
rref,2,2,4,0,0,1,0,False
rref,2,2,4,0,1,1,0,False
rref,2,2,4,0,2,1,0,True
rref,2,2,4,1,0,1,0,True
rref,2,2,4,1,1,1,0,True
rref,2,2,4,1,2,1,0,True
rref,0,2,5,0,0,1,0,True
rref,0,2,5,0,1,1,0,True
rref,0,2,5,0,2,1,0,True
rref,0,2,5,1,0,1,0,True
rref,0,2,5,1,1,1,0,True
rref,0,2,5,1,2,1,0,True
rref,1,2,5,0,0,1,0,False
rref,1,2,5,0,1,1,0,False
rref,1,2,5,0,2,1,0,True
rref,1,2,5,1,0,1,0,True
rref,1,2,5,1,1,1,0,True
rref,1,2,5,1,2,1,0,True
rref,2,2,5,0,0,1,0,False
rref,2,2,5,0,1,1,0,False
rref,2,2,5,0,2,1,0,True
rref,2,2,5,1,0,1,0,True
rref,2,2,5,1,1,1,0,True
rref,2,2,5,1,2,1,0,True
rref,0,2,6,0,0,1,0,True
rref,0,2,6,0,1,1,0,True
rref,0,2,6,0,2,1,0,True
rref,0,2,6,1,0,1,0,True
rref,0,2,6,1,1,1,0,True
rref,0,2,6,1,2,1,0,True
rref,1,2,6,0,0,1,0,False
rref,1,2,6,0,1,1,0,False
rref,1,2,6,0,2,1,0,True
rref,1,2,6,1,0,1,0,True
rref,1,2,6,1,1,1,0,True
rref,1,2,6,1,2,1,0,True
rref,2,2,6,0,0,1,0,False
rref,2,2,6,0,1,1,0,False
rref,2,2,6,0,2,1,0,True
rref,2,2,6,1,0,1,0,True
rref,2,2,6,1,1,1,0,True
rref,2,2,6,1,2,1,0,True
rref,0,3,0,0,0,1,0,True
rref,0,3,0,0,1,1,0,True
rref,0,3,0,0,2,1,0,True
rref,0,3,0,1,0,1,0,True
rref,0,3,0,1,1,1,0,True
rref,0,3,0,1,2,1,0,True
rref,1,3,0,0,0,1,0,True
rref,1,3,0,0,1,1,0,True
rref,1,3,0,0,2,1,0,True
rref,1,3,0,1,0,1,0,True
rref,1,3,0,1,1,1,0,True
rref,1,3,0,1,2,1,0,True
rref,2,3,0,0,0,1,0,True
rref,2,3,0,0,1,1,0,True
rref,2,3,0,0,2,1,0,True
rref,2,3,0,1,0,1,0,True
rref,2,3,0,1,1,1,0,True
rref,2,3,0,1,2,1,0,True
rref,0,3,1,0,0,1,0,True
rref,0,3,1,0,1,1,0,True
rref,0,3,1,0,2,1,0,True
rref,0,3,1,1,0,1,0,True
rref,0,3,1,1,1,1,0,True
rref,0,3,1,1,2,1,0,True
rref,1,3,1,0,0,1,0,False
rref,1,3,1,0,1,1,0,False
rref,1,3,1,0,2,1,0,True
rref,1,3,1,1,0,1,0,True
rref,1,3,1,1,1,1,0,True
rref,1,3,1,1,2,1,0,True
rref,2,3,1,0,0,1,0,False
rref,2,3,1,0,1,1,0,False
rref,2,3,1,0,2,1,0,True
rref,2,3,1,1,0,1,0,True
rref,2,3,1,1,1,1,0,True
rref,2,3,1,1,2,1,0,True
rref,0,3,2,0,0,1,0,True
rref,0,3,2,0,1,1,0,True
rref,0,3,2,0,2,1,0,True
rref,0,3,2,1,0,1,0,True
rref,0,3,2,1,1,1,0,True
rref,0,3,2,1,2,1,0,True
rref,1,3,2,0,0,1,0,False
rref,1,3,2,0,1,1,0,False
rref,1,3,2,0,2,1,0,True
rref,1,3,2,1,0,1,0,True
rref,1,3,2,1,1,1,0,True
rref,1,3,2,1,2,1,0,True
rref,2,3,2,0,0,1,0,False
rref,2,3,2,0,1,1,0,False
rref,2,3,2,0,2,1,0,True
rref,2,3,2,1,0,1,0,True
rref,2,3,2,1,1,1,0,True
rref,2,3,2,1,2,1,0,True
rref,0,3,3,0,0,1,0,True
rref,0,3,3,0,1,1,0,True
rref,0,3,3,0,2,1,0,True
rref,0,3,3,1,0,1,0,True
rref,0,3,3,1,1,1,0,True
rref,0,3,3,1,2,1,0,True
rref,1,3,3,0,0,1,0,False
rref,1,3,3,0,1,1,0,False
rref,1,3,3,0,2,1,0,True
rref,1,3,3,1,0,1,0,True
rref,1,3,3,1,1,1,0,True
rref,1,3,3,1,2,1,0,True
rref,2,3,3,0,0,1,0,False
rref,2,3,3,0,1,1,0,False
rref,2,3,3,0,2,1,0,True
rref,2,3,3,1,0,1,0,True
rref,2,3,3,1,1,1,0,True
rref,2,3,3,1,2,1,0,True
rref,0,3,4,0,0,1,0,True
rref,0,3,4,0,1,1,0,True
rref,0,3,4,0,2,1,0,True
rref,0,3,4,1,0,1,0,True
rref,0,3,4,1,1,1,0,True
rref,0,3,4,1,2,1,0,True
rref,1,3,4,0,0,1,0,False
rref,1,3,4,0,1,1,0,False
rref,1,3,4,0,2,1,0,True
rref,1,3,4,1,0,1,0,True
rref,1,3,4,1,1,1,0,True
rref,1,3,4,1,2,1,0,True
rref,2,3,4,0,0,1,0,False
rref,2,3,4,0,1,1,0,False
rref,2,3,4,0,2,1,0,True
rref,2,3,4,1,0,1,0,True
rref,2,3,4,1,1,1,0,True
rref,2,3,4,1,2,1,0,True
rref,0,3,5,0,0,1,0,True
rref,0,3,5,0,1,1,0,True
rref,0,3,5,0,2,1,0,True
rref,0,3,5,1,0,1,0,True
rref,0,3,5,1,1,1,0,True
rref,0,3,5,1,2,1,0,True
rref,1,3,5,0,0,1,0,False
rref,1,3,5,0,1,1,0,False
rref,1,3,5,0,2,1,0,True
rref,1,3,5,1,0,1,0,True
rref,1,3,5,1,1,1,0,True
rref,1,3,5,1,2,1,0,True
rref,2,3,5,0,0,1,0,False
rref,2,3,5,0,1,1,0,False
rref,2,3,5,0,2,1,0,True
rref,2,3,5,1,0,1,0,True
rref,2,3,5,1,1,1,0,True
rref,2,3,5,1,2,1,0,True
rref,0,3,6,0,0,1,0,True
rref,0,3,6,0,1,1,0,True
rref,0,3,6,0,2,1,0,True
rref,0,3,6,1,0,1,0,True
rref,0,3,6,1,1,1,0,True
rref,0,3,6,1,2,1,0,True
rref,1,3,6,0,0,1,0,False
rref,1,3,6,0,1,1,0,False
rref,1,3,6,0,2,1,0,True
rref,1,3,6,1,0,1,0,True
rref,1,3,6,1,1,1,0,True
rref,1,3,6,1,2,1,0,True
rref,2,3,6,0,0,1,0,False
rref,2,3,6,0,1,1,0,False
rref,2,3,6,0,2,1,0,True
rref,2,3,6,1,0,1,0,True
rref,2,3,6,1,1,1,0,True
rref,2,3,6,1,2,1,0,True
rref,0,4,0,0,0,1,0,True
rref,0,4,0,0,1,1,0,True
rref,0,4,0,0,2,1,0,True
rref,0,4,0,1,0,1,0,True
rref,0,4,0,1,1,1,0,True
rref,0,4,0,1,2,1,0,True
rref,1,4,0,0,0,1,0,True
rref,1,4,0,0,1,1,0,True
rref,1,4,0,0,2,1,0,True
rref,1,4,0,1,0,1,0,True
rref,1,4,0,1,1,1,0,True
rref,1,4,0,1,2,1,0,True
rref,2,4,0,0,0,1,0,True
rref,2,4,0,0,1,1,0,True
rref,2,4,0,0,2,1,0,True
rref,2,4,0,1,0,1,0,True
rref,2,4,0,1,1,1,0,True
rref,2,4,0,1,2,1,0,True
rref,0,4,1,0,0,1,0,True
rref,0,4,1,0,1,1,0,True
rref,0,4,1,0,2,1,0,True
rref,0,4,1,1,0,1,0,True
rref,0,4,1,1,1,1,0,True
rref,0,4,1,1,2,1,0,True
rref,1,4,1,0,0,1,0,False
rref,1,4,1,0,1,1,0,False
rref,1,4,1,0,2,1,0,True
rref,1,4,1,1,0,1,0,True
rref,1,4,1,1,1,1,0,True
rref,1,4,1,1,2,1,0,True
rref,2,4,1,0,0,1,0,False
rref,2,4,1,0,1,1,0,False
rref,2,4,1,0,2,1,0,True
rref,2,4,1,1,0,1,0,True
rref,2,4,1,1,1,1,0,True
rref,2,4,1,1,2,1,0,True
rref,0,4,2,0,0,1,0,True
rref,0,4,2,0,1,1,0,True
rref,0,4,2,0,2,1,0,True
rref,0,4,2,1,0,1,0,True
rref,0,4,2,1,1,1,0,True
rref,0,4,2,1,2,1,0,True
rref,1,4,2,0,0,1,0,False
rref,1,4,2,0,1,1,0,False
rref,1,4,2,0,2,1,0,True
rref,1,4,2,1,0,1,0,True
rref,1,4,2,1,1,1,0,True
rref,1,4,2,1,2,1,0,True
rref,2,4,2,0,0,1,0,False
rref,2,4,2,0,1,1,0,False
rref,2,4,2,0,2,1,0,True
rref,2,4,2,1,0,1,0,True
rref,2,4,2,1,1,1,0,True
rref,2,4,2,1,2,1,0,True
rref,0,4,3,0,0,1,0,True
rref,0,4,3,0,1,1,0,True
rref,0,4,3,0,2,1,0,True
rref,0,4,3,1,0,1,0,True
rref,0,4,3,1,1,1,0,True
rref,0,4,3,1,2,1,0,True
rref,1,4,3,0,0,1,0,False
rref,1,4,3,0,1,1,0,False
rref,1,4,3,0,2,1,0,True
rref,1,4,3,1,0,1,0,True
rref,1,4,3,1,1,1,0,True
rref,1,4,3,1,2,1,0,True
rref,2,4,3,0,0,1,0,False
rref,2,4,3,0,1,1,0,False
rref,2,4,3,0,2,1,0,True
rref,2,4,3,1,0,1,0,True
rref,2,4,3,1,1,1,0,True
rref,2,4,3,1,2,1,0,True
rref,0,4,4,0,0,1,0,True
rref,0,4,4,0,1,1,0,True
rref,0,4,4,0,2,1,0,True
rref,0,4,4,1,0,1,0,True
rref,0,4,4,1,1,1,0,True
rref,0,4,4,1,2,1,0,True
rref,1,4,4,0,0,1,0,False
rref,1,4,4,0,1,1,0,False
rref,1,4,4,0,2,1,0,True
rref,1,4,4,1,0,1,0,True
rref,1,4,4,1,1,1,0,True
rref,1,4,4,1,2,1,0,True
rref,2,4,4,0,0,1,0,False
rref,2,4,4,0,1,1,0,False
rref,2,4,4,0,2,1,0,True
rref,2,4,4,1,0,1,0,True
rref,2,4,4,1,1,1,0,True
rref,2,4,4,1,2,1,0,True
rref,0,4,5,0,0,1,0,True
rref,0,4,5,0,1,1,0,True
rref,0,4,5,0,2,1,0,True
rref,0,4,5,1,0,1,0,True
rref,0,4,5,1,1,1,0,True
rref,0,4,5,1,2,1,0,True
rref,1,4,5,0,0,1,0,False
rref,1,4,5,0,1,1,0,False
rref,1,4,5,0,2,1,0,True
rref,1,4,5,1,0,1,0,True
rref,1,4,5,1,1,1,0,True
rref,1,4,5,1,2,1,0,True
rref,2,4,5,0,0,1,0,False
rref,2,4,5,0,1,1,0,False
rref,2,4,5,0,2,1,0,True
rref,2,4,5,1,0,1,0,True
rref,2,4,5,1,1,1,0,True
rref,2,4,5,1,2,1,0,True
rref,0,4,6,0,0,1,0,True
rref,0,4,6,0,1,1,0,True
rref,0,4,6,0,2,1,0,True
rref,0,4,6,1,0,1,0,True
rref,0,4,6,1,1,1,0,True
rref,0,4,6,1,2,1,0,True
rref,1,4,6,0,0,1,0,False
rref,1,4,6,0,1,1,0,False
rref,1,4,6,0,2,1,0,True
rref,1,4,6,1,0,1,0,True
rref,1,4,6,1,1,1,0,True
rref,1,4,6,1,2,1,0,True
rref,2,4,6,0,0,1,0,False
rref,2,4,6,0,1,1,0,False
rref,2,4,6,0,2,1,0,True
rref,2,4,6,1,0,1,0,True
rref,2,4,6,1,1,1,0,True
rref,2,4,6,1,2,1,0,True
rref,0,5,0,0,0,1,0,True
rref,0,5,0,0,1,1,0,True
rref,0,5,0,0,2,1,0,True
rref,0,5,0,1,0,1,0,True
rref,0,5,0,1,1,1,0,True
rref,0,5,0,1,2,1,0,True
rref,1,5,0,0,0,1,0,True
rref,1,5,0,0,1,1,0,True
rref,1,5,0,0,2,1,0,True
rref,1,5,0,1,0,1,0,True
rref,1,5,0,1,1,1,0,True
rref,1,5,0,1,2,1,0,True
rref,2,5,0,0,0,1,0,True
rref,2,5,0,0,1,1,0,True
rref,2,5,0,0,2,1,0,True
rref,2,5,0,1,0,1,0,True
rref,2,5,0,1,1,1,0,True
rref,2,5,0,1,2,1,0,True
rref,0,5,1,0,0,1,0,True
rref,0,5,1,0,1,1,0,True
rref,0,5,1,0,2,1,0,True
rref,0,5,1,1,0,1,0,True
rref,0,5,1,1,1,1,0,True
rref,0,5,1,1,2,1,0,True
rref,1,5,1,0,0,1,0,False
rref,1,5,1,0,1,1,0,False
rref,1,5,1,0,2,1,0,True
rref,1,5,1,1,0,1,0,True
rref,1,5,1,1,1,1,0,True
rref,1,5,1,1,2,1,0,True
rref,2,5,1,0,0,1,0,False
rref,2,5,1,0,1,1,0,False
rref,2,5,1,0,2,1,0,True
rref,2,5,1,1,0,1,0,True
rref,2,5,1,1,1,1,0,True
rref,2,5,1,1,2,1,0,True
rref,0,5,2,0,0,1,0,True
rref,0,5,2,0,1,1,0,True
rref,0,5,2,0,2,1,0,True
rref,0,5,2,1,0,1,0,True
rref,0,5,2,1,1,1,0,True
rref,0,5,2,1,2,1,0,True
rref,1,5,2,0,0,1,0,False
rref,1,5,2,0,1,1,0,False
rref,1,5,2,0,2,1,0,True
rref,1,5,2,1,0,1,0,True
rref,1,5,2,1,1,1,0,True
rref,1,5,2,1,2,1,0,True
rref,2,5,2,0,0,1,0,False
rref,2,5,2,0,1,1,0,False
rref,2,5,2,0,2,1,0,True
rref,2,5,2,1,0,1,0,True
rref,2,5,2,1,1,1,0,True
rref,2,5,2,1,2,1,0,True
rref,0,5,3,0,0,1,0,True
rref,0,5,3,0,1,1,0,True
rref,0,5,3,0,2,1,0,True
rref,0,5,3,1,0,1,0,True
rref,0,5,3,1,1,1,0,True
rref,0,5,3,1,2,1,0,True
rref,1,5,3,0,0,1,0,False
rref,1,5,3,0,1,1,0,False
rref,1,5,3,0,2,1,0,True
rref,1,5,3,1,0,1,0,True
rref,1,5,3,1,1,1,0,True
rref,1,5,3,1,2,1,0,True
rref,2,5,3,0,0,1,0,False
rref,2,5,3,0,1,1,0,False
rref,2,5,3,0,2,1,0,True
rref,2,5,3,1,0,1,0,True
rref,2,5,3,1,1,1,0,True
rref,2,5,3,1,2,1,0,True
rref,0,5,4,0,0,1,0,True
rref,0,5,4,0,1,1,0,True
rref,0,5,4,0,2,1,0,True
rref,0,5,4,1,0,1,0,True
rref,0,5,4,1,1,1,0,True
rref,0,5,4,1,2,1,0,True
rref,1,5,4,0,0,1,0,False
rref,1,5,4,0,1,1,0,False
rref,1,5,4,0,2,1,0,True
rref,1,5,4,1,0,1,0,True
rref,1,5,4,1,1,1,0,True
rref,1,5,4,1,2,1,0,True
rref,2,5,4,0,0,1,0,False
rref,2,5,4,0,1,1,0,False
rref,2,5,4,0,2,1,0,True
rref,2,5,4,1,0,1,0,True
rref,2,5,4,1,1,1,0,True
rref,2,5,4,1,2,1,0,True
rref,0,5,5,0,0,1,0,True
rref,0,5,5,0,1,1,0,True
rref,0,5,5,0,2,1,0,True
rref,0,5,5,1,0,1,0,True
rref,0,5,5,1,1,1,0,True
rref,0,5,5,1,2,1,0,True
rref,1,5,5,0,0,1,0,False
rref,1,5,5,0,1,1,0,False
rref,1,5,5,0,2,1,0,True
rref,1,5,5,1,0,1,0,True
rref,1,5,5,1,1,1,0,True
rref,1,5,5,1,2,1,0,True
rref,2,5,5,0,0,1,0,False
rref,2,5,5,0,1,1,0,False
rref,2,5,5,0,2,1,0,True
rref,2,5,5,1,0,1,0,True
rref,2,5,5,1,1,1,0,True
rref,2,5,5,1,2,1,0,True
rref,0,5,6,0,0,1,0,True
rref,0,5,6,0,1,1,0,True
rref,0,5,6,0,2,1,0,True
rref,0,5,6,1,0,1,0,True
rref,0,5,6,1,1,1,0,True
rref,0,5,6,1,2,1,0,True
rref,1,5,6,0,0,1,0,False
rref,1,5,6,0,1,1,0,False
rref,1,5,6,0,2,1,0,True
rref,1,5,6,1,0,1,0,True
rref,1,5,6,1,1,1,0,True
rref,1,5,6,1,2,1,0,True
rref,2,5,6,0,0,1,0,False
rref,2,5,6,0,1,1,0,False
rref,2,5,6,0,2,1,0,True
rref,2,5,6,1,0,1,0,True
rref,2,5,6,1,1,1,0,True
rref,2,5,6,1,2,1,0,True
rref,0,6,0,0,0,1,0,True
rref,0,6,0,0,1,1,0,True
rref,0,6,0,0,2,1,0,True
rref,0,6,0,1,0,1,0,True
rref,0,6,0,1,1,1,0,True
rref,0,6,0,1,2,1,0,True
rref,1,6,0,0,0,1,0,True
rref,1,6,0,0,1,1,0,True
rref,1,6,0,0,2,1,0,True
rref,1,6,0,1,0,1,0,True
rref,1,6,0,1,1,1,0,True
rref,1,6,0,1,2,1,0,True
rref,2,6,0,0,0,1,0,True
rref,2,6,0,0,1,1,0,True
rref,2,6,0,0,2,1,0,True
rref,2,6,0,1,0,1,0,True
rref,2,6,0,1,1,1,0,True
rref,2,6,0,1,2,1,0,True
rref,0,6,1,0,0,1,0,True
rref,0,6,1,0,1,1,0,True
rref,0,6,1,0,2,1,0,True
rref,0,6,1,1,0,1,0,True
rref,0,6,1,1,1,1,0,True
rref,0,6,1,1,2,1,0,True
rref,1,6,1,0,0,1,0,False
rref,1,6,1,0,1,1,0,False
rref,1,6,1,0,2,1,0,True
rref,1,6,1,1,0,1,0,True
rref,1,6,1,1,1,1,0,True
rref,1,6,1,1,2,1,0,True
rref,2,6,1,0,0,1,0,False
rref,2,6,1,0,1,1,0,False
rref,2,6,1,0,2,1,0,True
rref,2,6,1,1,0,1,0,True
rref,2,6,1,1,1,1,0,True
rref,2,6,1,1,2,1,0,True
rref,0,6,2,0,0,1,0,True
rref,0,6,2,0,1,1,0,True
rref,0,6,2,0,2,1,0,True
rref,0,6,2,1,0,1,0,True
rref,0,6,2,1,1,1,0,True
rref,0,6,2,1,2,1,0,True
rref,1,6,2,0,0,1,0,False
rref,1,6,2,0,1,1,0,False
rref,1,6,2,0,2,1,0,True
rref,1,6,2,1,0,1,0,True
rref,1,6,2,1,1,1,0,True
rref,1,6,2,1,2,1,0,True
rref,2,6,2,0,0,1,0,False
rref,2,6,2,0,1,1,0,False
rref,2,6,2,0,2,1,0,True
rref,2,6,2,1,0,1,0,True
rref,2,6,2,1,1,1,0,True
rref,2,6,2,1,2,1,0,True
rref,0,6,3,0,0,1,0,True
rref,0,6,3,0,1,1,0,True
rref,0,6,3,0,2,1,0,True
rref,0,6,3,1,0,1,0,True
rref,0,6,3,1,1,1,0,True
rref,0,6,3,1,2,1,0,True
rref,1,6,3,0,0,1,0,False
rref,1,6,3,0,1,1,0,False
rref,1,6,3,0,2,1,0,True
rref,1,6,3,1,0,1,0,True
rref,1,6,3,1,1,1,0,True
rref,1,6,3,1,2,1,0,True
rref,2,6,3,0,0,1,0,False
rref,2,6,3,0,1,1,0,False
rref,2,6,3,0,2,1,0,True
rref,2,6,3,1,0,1,0,True
rref,2,6,3,1,1,1,0,True
rref,2,6,3,1,2,1,0,True
rref,0,6,4,0,0,1,0,True
rref,0,6,4,0,1,1,0,True
rref,0,6,4,0,2,1,0,True
rref,0,6,4,1,0,1,0,True
rref,0,6,4,1,1,1,0,True
rref,0,6,4,1,2,1,0,True
rref,1,6,4,0,0,1,0,False
rref,1,6,4,0,1,1,0,False
rref,1,6,4,0,2,1,0,True
rref,1,6,4,1,0,1,0,True
rref,1,6,4,1,1,1,0,True
rref,1,6,4,1,2,1,0,True
rref,2,6,4,0,0,1,0,False
rref,2,6,4,0,1,1,0,False
rref,2,6,4,0,2,1,0,True
rref,2,6,4,1,0,1,0,True
rref,2,6,4,1,1,1,0,True
rref,2,6,4,1,2,1,0,True
rref,0,6,5,0,0,1,0,True
rref,0,6,5,0,1,1,0,True
rref,0,6,5,0,2,1,0,True
rref,0,6,5,1,0,1,0,True
rref,0,6,5,1,1,1,0,True
rref,0,6,5,1,2,1,0,True
rref,1,6,5,0,0,1,0,False
rref,1,6,5,0,1,1,0,False
rref,1,6,5,0,2,1,0,True
rref,1,6,5,1,0,1,0,True
rref,1,6,5,1,1,1,0,True
rref,1,6,5,1,2,1,0,True
rref,2,6,5,0,0,1,0,False
rref,2,6,5,0,1,1,0,False
rref,2,6,5,0,2,1,0,True
rref,2,6,5,1,0,1,0,True
rref,2,6,5,1,1,1,0,True
rref,2,6,5,1,2,1,0,True
rref,0,6,6,0,0,1,0,True
rref,0,6,6,0,1,1,0,True
rref,0,6,6,0,2,1,0,True
rref,0,6,6,1,0,1,0,True
rref,0,6,6,1,1,1,0,True
rref,0,6,6,1,2,1,0,True
rref,1,6,6,0,0,1,0,False
rref,1,6,6,0,1,1,0,False
rref,1,6,6,0,2,1,0,True
rref,1,6,6,1,0,1,0,True
rref,1,6,6,1,1,1,0,True
rref,1,6,6,1,2,1,0,True
rref,2,6,6,0,0,1,0,False
rref,2,6,6,0,1,1,0,False
rref,2,6,6,0,2,1,0,True
rref,2,6,6,1,0,1,0,True
rref,2,6,6,1,1,1,0,True
rref,2,6,6,1,2,1,0,True
adjugate,0,0,0,0,0,1,True,True
adjugate,0,0,0,0,1,1,True,True
adjugate,0,0,0,0,2,1,True,True
inverse,0,0,0,0,0,True,na,True
adjugate,0,0,0,1,0,1,True,True
adjugate,0,0,0,1,1,1,True,True
adjugate,0,0,0,1,2,1,True,True
inverse,0,0,0,1,0,True,na,True
adjugate,0,1,1,0,0,1,True,True
adjugate,0,1,1,0,1,1,True,True
adjugate,0,1,1,0,2,1,True,True
inverse,0,1,1,0,0,True,na,True
adjugate,0,1,1,1,0,1,True,True
adjugate,0,1,1,1,1,1,True,True
adjugate,0,1,1,1,2,1,True,True
inverse,0,1,1,1,0,True,na,True
adjugate,0,2,2,0,0,1,True,True
adjugate,0,2,2,0,1,1,True,True
adjugate,0,2,2,0,2,1,True,True
inverse,0,2,2,0,0,True,na,True
adjugate,0,2,2,1,0,1,True,False
adjugate,0,2,2,1,1,1,True,False
adjugate,0,2,2,1,2,1,True,True
inverse,0,2,2,1,0,True,na,False
adjugate,0,3,3,0,0,1,True,True
adjugate,0,3,3,0,1,1,True,True
adjugate,0,3,3,0,2,1,True,True
inverse,0,3,3,0,0,True,na,True
adjugate,0,3,3,1,0,1,True,True
adjugate,0,3,3,1,1,1,True,True
adjugate,0,3,3,1,2,1,True,True
inverse,0,3,3,1,0,True,na,True
adjugate,0,4,4,0,0,1,True,True
adjugate,0,4,4,0,1,1,True,True
adjugate,0,4,4,0,2,1,True,True
inverse,0,4,4,0,0,True,na,True
adjugate,0,4,4,1,0,1,True,True
adjugate,0,4,4,1,1,1,True,True
adjugate,0,4,4,1,2,1,True,True
inverse,0,4,4,1,0,True,na,True
adjugate,0,5,5,0,0,1,True,True
adjugate,0,5,5,0,1,1,True,True
adjugate,0,5,5,0,2,1,True,True
inverse,0,5,5,0,0,True,na,True
adjugate,0,5,5,1,0,1,True,True
adjugate,0,5,5,1,1,1,True,True
adjugate,0,5,5,1,2,1,True,True
inverse,0,5,5,1,0,True,na,True
adjugate,0,6,6,0,0,1,True,True
adjugate,0,6,6,0,1,1,True,True
adjugate,0,6,6,0,2,1,True,True
inverse,0,6,6,0,0,True,na,True
adjugate,0,6,6,1,0,1,True,True
adjugate,0,6,6,1,1,1,True,True
adjugate,0,6,6,1,2,1,True,True
inverse,0,6,6,1,0,True,na,True
adjugate,0,7,7,0,0,1,True,True
adjugate,0,7,7,0,1,1,True,True
adjugate,0,7,7,0,2,1,True,True
inverse,0,7,7,0,0,True,na,True
adjugate,0,7,7,1,0,1,True,True
adjugate,0,7,7,1,1,1,True,True
adjugate,0,7,7,1,2,1,True,True
inverse,0,7,7,1,0,True,na,True
adjugate,1,0,0,0,0,1,True,True
adjugate,1,0,0,0,1,1,True,True
adjugate,1,0,0,0,2,1,True,True
inverse,1,0,0,0,0,True,na,True
adjugate,1,0,0,1,0,1,True,True
adjugate,1,0,0,1,1,1,True,True
adjugate,1,0,0,1,2,1,True,True
inverse,1,0,0,1,0,True,na,True
adjugate,1,1,1,0,0,1,True,True
adjugate,1,1,1,0,1,1,True,True
adjugate,1,1,1,0,2,1,True,True
inverse,1,1,1,0,0,True,na,True
adjugate,1,1,1,1,0,1,True,True
adjugate,1,1,1,1,1,1,True,True
adjugate,1,1,1,1,2,1,True,True
inverse,1,1,1,1,0,True,na,True
adjugate,1,2,2,0,0,1,True,True
adjugate,1,2,2,0,1,1,True,True
adjugate,1,2,2,0,2,1,True,True
inverse,1,2,2,0,0,True,na,True
adjugate,1,2,2,1,0,1,True,False
adjugate,1,2,2,1,1,1,True,False
adjugate,1,2,2,1,2,1,True,True
inverse,1,2,2,1,0,True,na,False
adjugate,1,3,3,0,0,1,True,True
adjugate,1,3,3,0,1,1,True,True
adjugate,1,3,3,0,2,1,True,True
inverse,1,3,3,0,0,True,na,True
adjugate,1,3,3,1,0,1,True,True
adjugate,1,3,3,1,1,1,True,True
adjugate,1,3,3,1,2,1,True,True
inverse,1,3,3,1,0,True,na,True
adjugate,1,4,4,0,0,1,True,True
adjugate,1,4,4,0,1,1,True,True
adjugate,1,4,4,0,2,1,True,True
inverse,1,4,4,0,0,True,na,True
adjugate,1,4,4,1,0,1,True,True
adjugate,1,4,4,1,1,1,True,True
adjugate,1,4,4,1,2,1,True,True
inverse,1,4,4,1,0,True,na,True
adjugate,1,5,5,0,0,1,True,True
adjugate,1,5,5,0,1,1,True,True
adjugate,1,5,5,0,2,1,True,True
inverse,1,5,5,0,0,True,na,True
adjugate,1,5,5,1,0,1,True,True
adjugate,1,5,5,1,1,1,True,True
adjugate,1,5,5,1,2,1,True,True
inverse,1,5,5,1,0,True,na,True
adjugate,1,6,6,0,0,1,True,True
adjugate,1,6,6,0,1,1,Unknown,Unknown
adjugate,1,6,6,0,2,1,True,True
inverse,1,6,6,0,0,True,na,True
adjugate,1,6,6,1,0,1,True,True
adjugate,1,6,6,1,1,1,Unknown,Unknown
adjugate,1,6,6,1,2,1,True,True
inverse,1,6,6,1,0,True,na,True
adjugate,1,7,7,0,0,1,True,True
adjugate,1,7,7,0,1,1,Unknown,Unknown
adjugate,1,7,7,0,2,1,True,True
inverse,1,7,7,0,0,True,na,True
adjugate,1,7,7,1,0,1,True,True
adjugate,1,7,7,1,1,1,Unknown,Unknown
adjugate,1,7,7,1,2,1,True,True
inverse,1,7,7,1,0,True,na,True
adjugate,2,0,0,0,0,1,True,True
adjugate,2,0,0,0,1,1,True,True
adjugate,2,0,0,0,2,1,True,True
inverse,2,0,0,0,0,True,na,True
adjugate,2,0,0,1,0,1,True,True
adjugate,2,0,0,1,1,1,True,True
adjugate,2,0,0,1,2,1,True,True
inverse,2,0,0,1,0,True,na,True
adjugate,2,1,1,0,0,1,True,True
adjugate,2,1,1,0,1,1,True,True
adjugate,2,1,1,0,2,1,True,True
inverse,2,1,1,0,0,True,na,True
adjugate,2,1,1,1,0,1,True,True
adjugate,2,1,1,1,1,1,True,True
adjugate,2,1,1,1,2,1,True,True
inverse,2,1,1,1,0,True,na,True
adjugate,2,2,2,0,0,1,True,True
adjugate,2,2,2,0,1,1,True,True
adjugate,2,2,2,0,2,1,True,True
inverse,2,2,2,0,0,True,na,True
adjugate,2,2,2,1,0,1,True,False
adjugate,2,2,2,1,1,1,True,False
adjugate,2,2,2,1,2,1,True,True
inverse,2,2,2,1,0,True,na,False
adjugate,2,3,3,0,0,1,True,True
adjugate,2,3,3,0,1,1,True,True
adjugate,2,3,3,0,2,1,True,True
inverse,2,3,3,0,0,True,na,True
adjugate,2,3,3,1,0,1,True,True
adjugate,2,3,3,1,1,1,True,True
adjugate,2,3,3,1,2,1,True,True
inverse,2,3,3,1,0,True,na,True
adjugate,2,4,4,0,0,1,True,True
adjugate,2,4,4,0,1,1,True,True
adjugate,2,4,4,0,2,1,True,True
inverse,2,4,4,0,0,True,na,True
adjugate,2,4,4,1,0,1,True,True
adjugate,2,4,4,1,1,1,True,True
adjugate,2,4,4,1,2,1,True,True
inverse,2,4,4,1,0,True,na,True
adjugate,2,5,5,0,0,1,True,True
adjugate,2,5,5,0,1,1,True,True
adjugate,2,5,5,0,2,1,True,True
inverse,2,5,5,0,0,True,na,True
adjugate,2,5,5,1,0,1,True,True
adjugate,2,5,5,1,1,1,True,True
adjugate,2,5,5,1,2,1,True,True
inverse,2,5,5,1,0,True,na,True
adjugate,2,6,6,0,0,1,True,True
adjugate,2,6,6,0,1,1,True,True
adjugate,2,6,6,0,2,1,True,True
inverse,2,6,6,0,0,True,na,True
adjugate,2,6,6,1,0,1,True,True
adjugate,2,6,6,1,1,1,True,True
adjugate,2,6,6,1,2,1,True,True
inverse,2,6,6,1,0,True,na,True
adjugate,2,7,7,0,0,1,True,True
adjugate,2,7,7,0,1,1,True,True
adjugate,2,7,7,0,2,1,True,True
inverse,2,7,7,0,0,True,na,True
adjugate,2,7,7,1,0,1,True,True
adjugate,2,7,7,1,1,1,True,True
adjugate,2,7,7,1,2,1,True,True
inverse,2,7,7,1,0,True,na,True
{"suite":"matrix-output","rows":1074,"failures":157}
