family,kind,n,case,method,equality
structured,0,0,0,Bareiss,Equal
structured,0,0,0,Faddeev,Equal
structured,0,0,0,Berkowitz,Equal
structured,0,0,1,Bareiss,Equal
structured,0,0,1,Faddeev,Equal
structured,0,0,1,Berkowitz,Equal
structured,0,0,2,Bareiss,Equal
structured,0,0,2,Faddeev,Equal
structured,0,0,2,Berkowitz,Equal
structured,0,0,3,Bareiss,Equal
structured,0,0,3,Faddeev,Equal
structured,0,0,3,Berkowitz,Equal
structured,0,0,4,Bareiss,Equal
structured,0,0,4,Faddeev,Equal
structured,0,0,4,Berkowitz,Equal
structured,0,0,5,Bareiss,Equal
structured,0,0,5,Faddeev,Equal
structured,0,0,5,Berkowitz,Equal
structured,0,1,0,Bareiss,Equal
structured,0,1,0,Faddeev,Equal
structured,0,1,0,Berkowitz,Equal
structured,0,1,1,Bareiss,Equal
structured,0,1,1,Faddeev,Equal
structured,0,1,1,Berkowitz,Equal
structured,0,1,2,Bareiss,Equal
structured,0,1,2,Faddeev,Equal
structured,0,1,2,Berkowitz,Equal
structured,0,1,3,Bareiss,Equal
structured,0,1,3,Faddeev,Equal
structured,0,1,3,Berkowitz,Equal
structured,0,1,4,Bareiss,Equal
structured,0,1,4,Faddeev,Equal
structured,0,1,4,Berkowitz,Equal
structured,0,1,5,Bareiss,Equal
structured,0,1,5,Faddeev,Equal
structured,0,1,5,Berkowitz,Equal
structured,0,2,0,Bareiss,Equal
structured,0,2,0,Faddeev,Equal
structured,0,2,0,Berkowitz,Equal
structured,0,2,1,Bareiss,Equal
structured,0,2,1,Faddeev,Equal
structured,0,2,1,Berkowitz,Equal
structured,0,2,2,Bareiss,Equal
structured,0,2,2,Faddeev,Equal
structured,0,2,2,Berkowitz,Equal
structured,0,2,3,Bareiss,Equal
structured,0,2,3,Faddeev,Equal
structured,0,2,3,Berkowitz,Equal
structured,0,2,4,Bareiss,Equal
structured,0,2,4,Faddeev,Equal
structured,0,2,4,Berkowitz,Equal
structured,0,2,5,Bareiss,Equal
structured,0,2,5,Faddeev,Equal
structured,0,2,5,Berkowitz,Equal
structured,0,3,0,Bareiss,Equal
structured,0,3,0,Faddeev,Equal
structured,0,3,0,Berkowitz,Equal
structured,0,3,1,Bareiss,Equal
structured,0,3,1,Faddeev,Equal
structured,0,3,1,Berkowitz,Equal
structured,0,3,2,Bareiss,Equal
structured,0,3,2,Faddeev,Equal
structured,0,3,2,Berkowitz,Equal
structured,0,3,3,Bareiss,Equal
structured,0,3,3,Faddeev,Equal
structured,0,3,3,Berkowitz,Equal
structured,0,3,4,Bareiss,Equal
structured,0,3,4,Faddeev,Equal
structured,0,3,4,Berkowitz,Equal
structured,0,3,5,Bareiss,Equal
structured,0,3,5,Faddeev,Equal
structured,0,3,5,Berkowitz,Equal
structured,0,4,0,Bareiss,Equal
structured,0,4,0,Faddeev,Equal
structured,0,4,0,Berkowitz,Equal
structured,0,4,1,Bareiss,Equal
structured,0,4,1,Faddeev,Equal
structured,0,4,1,Berkowitz,Equal
structured,0,4,2,Bareiss,Equal
structured,0,4,2,Faddeev,Equal
structured,0,4,2,Berkowitz,Equal
structured,0,4,3,Bareiss,Equal
structured,0,4,3,Faddeev,Equal
structured,0,4,3,Berkowitz,Equal
structured,0,4,4,Bareiss,Equal
structured,0,4,4,Faddeev,Equal
structured,0,4,4,Berkowitz,Equal
structured,0,4,5,Bareiss,Equal
structured,0,4,5,Faddeev,Equal
structured,0,4,5,Berkowitz,Equal
structured,0,5,0,Bareiss,Equal
structured,0,5,0,Faddeev,Equal
structured,0,5,0,Berkowitz,Equal
structured,0,5,1,Bareiss,Equal
structured,0,5,1,Faddeev,Equal
structured,0,5,1,Berkowitz,Equal
structured,0,5,2,Bareiss,Equal
structured,0,5,2,Faddeev,Equal
structured,0,5,2,Berkowitz,Equal
structured,0,5,3,Bareiss,Equal
structured,0,5,3,Faddeev,Equal
structured,0,5,3,Berkowitz,Equal
structured,0,5,4,Bareiss,Equal
structured,0,5,4,Faddeev,Equal
structured,0,5,4,Berkowitz,Equal
structured,0,5,5,Bareiss,Equal
structured,0,5,5,Faddeev,Equal
structured,0,5,5,Berkowitz,Equal
structured,0,6,0,Bareiss,Equal
structured,0,6,0,Faddeev,Equal
structured,0,6,0,Berkowitz,Equal
structured,0,6,1,Bareiss,Equal
structured,0,6,1,Faddeev,Equal
structured,0,6,1,Berkowitz,Equal
structured,0,6,2,Bareiss,Equal
structured,0,6,2,Faddeev,Equal
structured,0,6,2,Berkowitz,Equal
structured,0,6,3,Bareiss,Equal
structured,0,6,3,Faddeev,Equal
structured,0,6,3,Berkowitz,Equal
structured,0,6,4,Bareiss,Equal
structured,0,6,4,Faddeev,Equal
structured,0,6,4,Berkowitz,Equal
structured,0,6,5,Bareiss,Equal
structured,0,6,5,Faddeev,Equal
structured,0,6,5,Berkowitz,Equal
structured,0,7,0,Bareiss,Equal
structured,0,7,0,Faddeev,Equal
structured,0,7,0,Berkowitz,Equal
structured,0,7,1,Bareiss,Equal
structured,0,7,1,Faddeev,Equal
structured,0,7,1,Berkowitz,Equal
structured,0,7,2,Bareiss,Equal
structured,0,7,2,Faddeev,Equal
structured,0,7,2,Berkowitz,Equal
structured,0,7,3,Bareiss,Equal
structured,0,7,3,Faddeev,Equal
structured,0,7,3,Berkowitz,Equal
structured,0,7,4,Bareiss,Equal
structured,0,7,4,Faddeev,Equal
structured,0,7,4,Berkowitz,Equal
structured,0,7,5,Bareiss,Equal
structured,0,7,5,Faddeev,Equal
structured,0,7,5,Berkowitz,Equal
structured,0,8,0,Bareiss,Equal
structured,0,8,0,Faddeev,Equal
structured,0,8,0,Berkowitz,Equal
structured,0,8,1,Bareiss,Equal
structured,0,8,1,Faddeev,Equal
structured,0,8,1,Berkowitz,Equal
structured,0,8,2,Bareiss,Equal
structured,0,8,2,Faddeev,Equal
structured,0,8,2,Berkowitz,Equal
structured,0,8,3,Bareiss,Equal
structured,0,8,3,Faddeev,Equal
structured,0,8,3,Berkowitz,Equal
structured,0,8,4,Bareiss,Equal
structured,0,8,4,Faddeev,Equal
structured,0,8,4,Berkowitz,Equal
structured,0,8,5,Bareiss,Equal
structured,0,8,5,Faddeev,Equal
structured,0,8,5,Berkowitz,Equal
structured,0,9,0,Bareiss,Equal
structured,0,9,0,Faddeev,Equal
structured,0,9,0,Berkowitz,Equal
structured,0,9,1,Bareiss,Equal
structured,0,9,1,Faddeev,Equal
structured,0,9,1,Berkowitz,Equal
structured,0,9,2,Bareiss,Equal
structured,0,9,2,Faddeev,Equal
structured,0,9,2,Berkowitz,Equal
structured,0,9,3,Bareiss,Equal
structured,0,9,3,Faddeev,Equal
structured,0,9,3,Berkowitz,Equal
structured,0,9,4,Bareiss,Equal
structured,0,9,4,Faddeev,Equal
structured,0,9,4,Berkowitz,Equal
structured,0,9,5,Bareiss,Equal
structured,0,9,5,Faddeev,Equal
structured,0,9,5,Berkowitz,Equal
structured,0,10,0,Bareiss,Equal
structured,0,10,0,Faddeev,Equal
structured,0,10,0,Berkowitz,Equal
structured,0,10,1,Bareiss,Equal
structured,0,10,1,Faddeev,Equal
structured,0,10,1,Berkowitz,Equal
structured,0,10,2,Bareiss,Equal
structured,0,10,2,Faddeev,Equal
structured,0,10,2,Berkowitz,Equal
structured,0,10,3,Bareiss,Equal
structured,0,10,3,Faddeev,Equal
structured,0,10,3,Berkowitz,Equal
structured,0,10,4,Bareiss,Equal
structured,0,10,4,Faddeev,Equal
structured,0,10,4,Berkowitz,Equal
structured,0,10,5,Bareiss,Equal
structured,0,10,5,Faddeev,Equal
structured,0,10,5,Berkowitz,Equal
structured,1,0,0,Bareiss,Equal
structured,1,0,0,Faddeev,Equal
structured,1,0,0,Berkowitz,Equal
structured,1,0,1,Bareiss,Equal
structured,1,0,1,Faddeev,Equal
structured,1,0,1,Berkowitz,Equal
structured,1,0,2,Bareiss,Equal
structured,1,0,2,Faddeev,Equal
structured,1,0,2,Berkowitz,Equal
structured,1,0,3,Bareiss,Equal
structured,1,0,3,Faddeev,Equal
structured,1,0,3,Berkowitz,Equal
structured,1,0,4,Bareiss,Equal
structured,1,0,4,Faddeev,Equal
structured,1,0,4,Berkowitz,Equal
structured,1,0,5,Bareiss,Equal
structured,1,0,5,Faddeev,Equal
structured,1,0,5,Berkowitz,Equal
structured,1,1,0,Bareiss,Equal
structured,1,1,0,Faddeev,Equal
structured,1,1,0,Berkowitz,Equal
structured,1,1,1,Bareiss,Equal
structured,1,1,1,Faddeev,Equal
structured,1,1,1,Berkowitz,Equal
structured,1,1,2,Bareiss,Equal
structured,1,1,2,Faddeev,Equal
structured,1,1,2,Berkowitz,Equal
structured,1,1,3,Bareiss,Equal
structured,1,1,3,Faddeev,Equal
structured,1,1,3,Berkowitz,Equal
structured,1,1,4,Bareiss,Equal
structured,1,1,4,Faddeev,Equal
structured,1,1,4,Berkowitz,Equal
structured,1,1,5,Bareiss,Equal
structured,1,1,5,Faddeev,Equal
structured,1,1,5,Berkowitz,Equal
structured,1,2,0,Bareiss,Equal
structured,1,2,0,Faddeev,Equal
structured,1,2,0,Berkowitz,Equal
structured,1,2,1,Bareiss,Equal
structured,1,2,1,Faddeev,Equal
structured,1,2,1,Berkowitz,Equal
structured,1,2,2,Bareiss,Equal
structured,1,2,2,Faddeev,Equal
structured,1,2,2,Berkowitz,Equal
structured,1,2,3,Bareiss,Equal
structured,1,2,3,Faddeev,Equal
structured,1,2,3,Berkowitz,Equal
structured,1,2,4,Bareiss,Equal
structured,1,2,4,Faddeev,Equal
structured,1,2,4,Berkowitz,Equal
structured,1,2,5,Bareiss,Equal
structured,1,2,5,Faddeev,Equal
structured,1,2,5,Berkowitz,Equal
structured,1,3,0,Bareiss,Equal
structured,1,3,0,Faddeev,Equal
structured,1,3,0,Berkowitz,Equal
structured,1,3,1,Bareiss,Equal
structured,1,3,1,Faddeev,Equal
structured,1,3,1,Berkowitz,Equal
structured,1,3,2,Bareiss,Equal
structured,1,3,2,Faddeev,Equal
structured,1,3,2,Berkowitz,Equal
structured,1,3,3,Bareiss,Equal
structured,1,3,3,Faddeev,Equal
structured,1,3,3,Berkowitz,Equal
structured,1,3,4,Bareiss,Equal
structured,1,3,4,Faddeev,Equal
structured,1,3,4,Berkowitz,Equal
structured,1,3,5,Bareiss,Equal
structured,1,3,5,Faddeev,Equal
structured,1,3,5,Berkowitz,Equal
structured,1,4,0,Bareiss,Equal
structured,1,4,0,Faddeev,Equal
structured,1,4,0,Berkowitz,Equal
structured,1,4,1,Bareiss,Equal
structured,1,4,1,Faddeev,Equal
structured,1,4,1,Berkowitz,Equal
structured,1,4,2,Bareiss,Equal
structured,1,4,2,Faddeev,Equal
structured,1,4,2,Berkowitz,Equal
structured,1,4,3,Bareiss,Equal
structured,1,4,3,Faddeev,Equal
structured,1,4,3,Berkowitz,Equal
structured,1,4,4,Bareiss,Equal
structured,1,4,4,Faddeev,Equal
structured,1,4,4,Berkowitz,Equal
structured,1,4,5,Bareiss,Equal
structured,1,4,5,Faddeev,Equal
structured,1,4,5,Berkowitz,Equal
structured,1,5,0,Bareiss,Equal
structured,1,5,0,Faddeev,Equal
structured,1,5,0,Berkowitz,Equal
structured,1,5,1,Bareiss,Equal
structured,1,5,1,Faddeev,Equal
structured,1,5,1,Berkowitz,Equal
structured,1,5,2,Bareiss,Equal
structured,1,5,2,Faddeev,Equal
structured,1,5,2,Berkowitz,Equal
structured,1,5,3,Bareiss,Equal
structured,1,5,3,Faddeev,Equal
structured,1,5,3,Berkowitz,Equal
structured,1,5,4,Bareiss,Equal
structured,1,5,4,Faddeev,Equal
structured,1,5,4,Berkowitz,Equal
structured,1,5,5,Bareiss,Equal
structured,1,5,5,Faddeev,Equal
structured,1,5,5,Berkowitz,Equal
structured,1,6,0,Bareiss,Equal
structured,1,6,0,Faddeev,Equal
structured,1,6,0,Berkowitz,Equal
structured,1,6,1,Bareiss,Equal
structured,1,6,1,Faddeev,Equal
structured,1,6,1,Berkowitz,Equal
structured,1,6,2,Bareiss,Equal
structured,1,6,2,Faddeev,Equal
structured,1,6,2,Berkowitz,Equal
structured,1,6,3,Bareiss,Equal
structured,1,6,3,Faddeev,Equal
structured,1,6,3,Berkowitz,Equal
structured,1,6,4,Bareiss,Equal
structured,1,6,4,Faddeev,Equal
structured,1,6,4,Berkowitz,Equal
structured,1,6,5,Bareiss,Equal
structured,1,6,5,Faddeev,Equal
structured,1,6,5,Berkowitz,Equal
structured,1,7,0,Bareiss,Equal
structured,1,7,0,Faddeev,Equal
structured,1,7,0,Berkowitz,Equal
structured,1,7,1,Bareiss,Equal
structured,1,7,1,Faddeev,Equal
structured,1,7,1,Berkowitz,Equal
structured,1,7,2,Bareiss,Equal
structured,1,7,2,Faddeev,Equal
structured,1,7,2,Berkowitz,Equal
structured,1,7,3,Bareiss,Equal
structured,1,7,3,Faddeev,Equal
structured,1,7,3,Berkowitz,Equal
structured,1,7,4,Bareiss,Equal
structured,1,7,4,Faddeev,Equal
structured,1,7,4,Berkowitz,Equal
structured,1,7,5,Bareiss,Equal
structured,1,7,5,Faddeev,Equal
structured,1,7,5,Berkowitz,Equal
structured,1,8,0,Bareiss,Equal
structured,1,8,0,Faddeev,Equal
structured,1,8,0,Berkowitz,Equal
structured,1,8,1,Bareiss,Equal
structured,1,8,1,Faddeev,Equal
structured,1,8,1,Berkowitz,Equal
structured,1,8,2,Bareiss,Equal
structured,1,8,2,Faddeev,Equal
structured,1,8,2,Berkowitz,Equal
structured,1,8,3,Bareiss,Equal
structured,1,8,3,Faddeev,Equal
structured,1,8,3,Berkowitz,Equal
structured,1,8,4,Bareiss,Equal
structured,1,8,4,Faddeev,Equal
structured,1,8,4,Berkowitz,Equal
structured,1,8,5,Bareiss,Equal
structured,1,8,5,Faddeev,Equal
structured,1,8,5,Berkowitz,Equal
structured,1,9,0,Bareiss,Equal
structured,1,9,0,Faddeev,Equal
structured,1,9,0,Berkowitz,Equal
structured,1,9,1,Bareiss,Equal
structured,1,9,1,Faddeev,Equal
structured,1,9,1,Berkowitz,Equal
structured,1,9,2,Bareiss,Equal
structured,1,9,2,Faddeev,Equal
structured,1,9,2,Berkowitz,Equal
structured,1,9,3,Bareiss,Equal
structured,1,9,3,Faddeev,Equal
structured,1,9,3,Berkowitz,Equal
structured,1,9,4,Bareiss,Equal
structured,1,9,4,Faddeev,Equal
structured,1,9,4,Berkowitz,Equal
structured,1,9,5,Bareiss,Equal
structured,1,9,5,Faddeev,Equal
structured,1,9,5,Berkowitz,Equal
structured,1,10,0,Bareiss,Equal
structured,1,10,0,Faddeev,Equal
structured,1,10,0,Berkowitz,Equal
structured,1,10,1,Bareiss,Equal
structured,1,10,1,Faddeev,Equal
structured,1,10,1,Berkowitz,Equal
structured,1,10,2,Bareiss,Equal
structured,1,10,2,Faddeev,Equal
structured,1,10,2,Berkowitz,Equal
structured,1,10,3,Bareiss,Equal
structured,1,10,3,Faddeev,Equal
structured,1,10,3,Berkowitz,Equal
structured,1,10,4,Bareiss,Equal
structured,1,10,4,Faddeev,Equal
structured,1,10,4,Berkowitz,Equal
structured,1,10,5,Bareiss,Equal
structured,1,10,5,Faddeev,Equal
structured,1,10,5,Berkowitz,Equal
structured,2,0,0,Bareiss,Equal
structured,2,0,0,Faddeev,Equal
structured,2,0,0,Berkowitz,Equal
structured,2,0,1,Bareiss,Equal
structured,2,0,1,Faddeev,Equal
structured,2,0,1,Berkowitz,Equal
structured,2,0,2,Bareiss,Equal
structured,2,0,2,Faddeev,Equal
structured,2,0,2,Berkowitz,Equal
structured,2,0,3,Bareiss,Equal
structured,2,0,3,Faddeev,Equal
structured,2,0,3,Berkowitz,Equal
structured,2,0,4,Bareiss,Equal
structured,2,0,4,Faddeev,Equal
structured,2,0,4,Berkowitz,Equal
structured,2,0,5,Bareiss,Equal
structured,2,0,5,Faddeev,Equal
structured,2,0,5,Berkowitz,Equal
structured,2,1,0,Bareiss,Equal
structured,2,1,0,Faddeev,Equal
structured,2,1,0,Berkowitz,Equal
structured,2,1,1,Bareiss,Equal
structured,2,1,1,Faddeev,Equal
structured,2,1,1,Berkowitz,Equal
structured,2,1,2,Bareiss,Equal
structured,2,1,2,Faddeev,Equal
structured,2,1,2,Berkowitz,Equal
structured,2,1,3,Bareiss,Equal
structured,2,1,3,Faddeev,Equal
structured,2,1,3,Berkowitz,Equal
structured,2,1,4,Bareiss,Equal
structured,2,1,4,Faddeev,Equal
structured,2,1,4,Berkowitz,Equal
structured,2,1,5,Bareiss,Equal
structured,2,1,5,Faddeev,Equal
structured,2,1,5,Berkowitz,Equal
structured,2,2,0,Bareiss,Equal
structured,2,2,0,Faddeev,Equal
structured,2,2,0,Berkowitz,Equal
structured,2,2,1,Bareiss,Equal
structured,2,2,1,Faddeev,Equal
structured,2,2,1,Berkowitz,Equal
structured,2,2,2,Bareiss,Equal
structured,2,2,2,Faddeev,Equal
structured,2,2,2,Berkowitz,Equal
structured,2,2,3,Bareiss,Equal
structured,2,2,3,Faddeev,Equal
structured,2,2,3,Berkowitz,Equal
structured,2,2,4,Bareiss,Equal
structured,2,2,4,Faddeev,Equal
structured,2,2,4,Berkowitz,Equal
structured,2,2,5,Bareiss,Equal
structured,2,2,5,Faddeev,Equal
structured,2,2,5,Berkowitz,Equal
structured,2,3,0,Bareiss,Unknown
structured,2,3,0,Faddeev,Unknown
structured,2,3,0,Berkowitz,Equal
structured,2,3,1,Bareiss,Equal
structured,2,3,1,Faddeev,Equal
structured,2,3,1,Berkowitz,Equal
structured,2,3,2,Bareiss,Equal
structured,2,3,2,Faddeev,Equal
structured,2,3,2,Berkowitz,Equal
structured,2,3,3,Bareiss,Equal
structured,2,3,3,Faddeev,Equal
structured,2,3,3,Berkowitz,Equal
structured,2,3,4,Bareiss,Unknown
structured,2,3,4,Faddeev,Unknown
structured,2,3,4,Berkowitz,Unknown
structured,2,3,5,Bareiss,Equal
structured,2,3,5,Faddeev,Equal
structured,2,3,5,Berkowitz,Equal
structured,2,4,0,Bareiss,Unknown
structured,2,4,0,Faddeev,Unknown
structured,2,4,0,Berkowitz,Equal
structured,2,4,1,Bareiss,Equal
structured,2,4,1,Faddeev,Equal
structured,2,4,1,Berkowitz,Equal
structured,2,4,2,Bareiss,Equal
structured,2,4,2,Faddeev,Equal
structured,2,4,2,Berkowitz,Equal
structured,2,4,3,Bareiss,Equal
structured,2,4,3,Faddeev,Equal
structured,2,4,3,Berkowitz,Equal
structured,2,4,4,Bareiss,Unknown
structured,2,4,4,Faddeev,Unknown
structured,2,4,4,Berkowitz,Unknown
structured,2,4,5,Bareiss,Equal
structured,2,4,5,Faddeev,Equal
structured,2,4,5,Berkowitz,Equal
structured,2,5,0,Bareiss,Unknown
structured,2,5,0,Faddeev,Unknown
structured,2,5,0,Berkowitz,Equal
structured,2,5,1,Bareiss,Equal
structured,2,5,1,Faddeev,Equal
structured,2,5,1,Berkowitz,Equal
structured,2,5,2,Bareiss,Equal
structured,2,5,2,Faddeev,Equal
structured,2,5,2,Berkowitz,Equal
structured,2,5,3,Bareiss,Equal
structured,2,5,3,Faddeev,Equal
structured,2,5,3,Berkowitz,Equal
structured,2,5,4,Bareiss,Unknown
structured,2,5,4,Faddeev,Unknown
structured,2,5,4,Berkowitz,Unknown
structured,2,5,5,Bareiss,Equal
structured,2,5,5,Faddeev,Equal
structured,2,5,5,Berkowitz,Equal
structured,2,6,0,Bareiss,Unknown
structured,2,6,0,Faddeev,Unknown
structured,2,6,0,Berkowitz,Equal
structured,2,6,1,Bareiss,Equal
structured,2,6,1,Faddeev,Equal
structured,2,6,1,Berkowitz,Equal
structured,2,6,2,Bareiss,Equal
structured,2,6,2,Faddeev,Equal
structured,2,6,2,Berkowitz,Equal
structured,2,6,3,Bareiss,Equal
structured,2,6,3,Faddeev,Equal
structured,2,6,3,Berkowitz,Equal
structured,2,6,4,Bareiss,Unknown
structured,2,6,4,Faddeev,Unknown
structured,2,6,4,Berkowitz,Unknown
structured,2,6,5,Bareiss,Equal
structured,2,6,5,Faddeev,Equal
structured,2,6,5,Berkowitz,Equal
structured,2,7,0,Bareiss,Unknown
structured,2,7,0,Faddeev,Unknown
structured,2,7,0,Berkowitz,Equal
structured,2,7,1,Bareiss,Equal
structured,2,7,1,Faddeev,Equal
structured,2,7,1,Berkowitz,Equal
structured,2,7,2,Bareiss,Equal
structured,2,7,2,Faddeev,Equal
structured,2,7,2,Berkowitz,Equal
structured,2,7,3,Bareiss,Equal
structured,2,7,3,Faddeev,Equal
structured,2,7,3,Berkowitz,Equal
structured,2,7,4,Bareiss,Unknown
structured,2,7,4,Faddeev,Unknown
structured,2,7,4,Berkowitz,Unknown
structured,2,7,5,Bareiss,Equal
structured,2,7,5,Faddeev,Equal
structured,2,7,5,Berkowitz,Equal
structured,2,8,0,Bareiss,Unknown
structured,2,8,0,Faddeev,Unknown
structured,2,8,0,Berkowitz,Equal
structured,2,8,1,Bareiss,Equal
structured,2,8,1,Faddeev,Equal
structured,2,8,1,Berkowitz,Equal
structured,2,8,2,Bareiss,Equal
structured,2,8,2,Faddeev,Equal
structured,2,8,2,Berkowitz,Equal
structured,2,8,3,Bareiss,Equal
structured,2,8,3,Faddeev,Equal
structured,2,8,3,Berkowitz,Equal
structured,2,8,4,Bareiss,Unknown
structured,2,8,4,Faddeev,Unknown
structured,2,8,4,Berkowitz,Unknown
structured,2,8,5,Bareiss,Equal
structured,2,8,5,Faddeev,Equal
structured,2,8,5,Berkowitz,Equal
structured,2,9,0,Bareiss,Unknown
structured,2,9,0,Faddeev,Unknown
structured,2,9,0,Berkowitz,Equal
structured,2,9,1,Bareiss,Equal
structured,2,9,1,Faddeev,Equal
structured,2,9,1,Berkowitz,Equal
structured,2,9,2,Bareiss,Equal
structured,2,9,2,Faddeev,Equal
structured,2,9,2,Berkowitz,Equal
structured,2,9,3,Bareiss,Equal
structured,2,9,3,Faddeev,Equal
structured,2,9,3,Berkowitz,Equal
structured,2,9,4,Bareiss,Unknown
structured,2,9,4,Faddeev,Unknown
structured,2,9,4,Berkowitz,Unknown
structured,2,9,5,Bareiss,Equal
structured,2,9,5,Faddeev,Equal
structured,2,9,5,Berkowitz,Equal
structured,2,10,0,Bareiss,Unknown
structured,2,10,0,Faddeev,Unknown
structured,2,10,0,Berkowitz,Equal
structured,2,10,1,Bareiss,Equal
structured,2,10,1,Faddeev,Equal
structured,2,10,1,Berkowitz,Equal
structured,2,10,2,Bareiss,Equal
structured,2,10,2,Faddeev,Equal
structured,2,10,2,Berkowitz,Equal
structured,2,10,3,Bareiss,Equal
structured,2,10,3,Faddeev,Equal
structured,2,10,3,Berkowitz,Equal
structured,2,10,4,Bareiss,Unknown
structured,2,10,4,Faddeev,Unknown
structured,2,10,4,Berkowitz,Unknown
structured,2,10,5,Bareiss,Equal
structured,2,10,5,Faddeev,Equal
structured,2,10,5,Berkowitz,Equal
dense,0,0,0,Bareiss,Equal
dense,0,0,0,Faddeev,Equal
dense,0,0,0,Berkowitz,Equal
dense,0,0,1,Bareiss,Equal
dense,0,0,1,Faddeev,Equal
dense,0,0,1,Berkowitz,Equal
dense,0,0,2,Bareiss,Equal
dense,0,0,2,Faddeev,Equal
dense,0,0,2,Berkowitz,Equal
dense,0,0,3,Bareiss,Equal
dense,0,0,3,Faddeev,Equal
dense,0,0,3,Berkowitz,Equal
dense,0,1,0,Bareiss,Equal
dense,0,1,0,Faddeev,Equal
dense,0,1,0,Berkowitz,Equal
dense,0,1,1,Bareiss,Equal
dense,0,1,1,Faddeev,Equal
dense,0,1,1,Berkowitz,Equal
dense,0,1,2,Bareiss,Equal
dense,0,1,2,Faddeev,Equal
dense,0,1,2,Berkowitz,Equal
dense,0,1,3,Bareiss,Equal
dense,0,1,3,Faddeev,Equal
dense,0,1,3,Berkowitz,Equal
dense,0,2,0,Bareiss,Equal
dense,0,2,0,Faddeev,Equal
dense,0,2,0,Berkowitz,Equal
dense,0,2,1,Bareiss,Equal
dense,0,2,1,Faddeev,Equal
dense,0,2,1,Berkowitz,Equal
dense,0,2,2,Bareiss,Equal
dense,0,2,2,Faddeev,Equal
dense,0,2,2,Berkowitz,Equal
dense,0,2,3,Bareiss,Equal
dense,0,2,3,Faddeev,Equal
dense,0,2,3,Berkowitz,Equal
dense,0,3,0,Bareiss,Equal
dense,0,3,0,Faddeev,Equal
dense,0,3,0,Berkowitz,Equal
dense,0,3,1,Bareiss,Equal
dense,0,3,1,Faddeev,Equal
dense,0,3,1,Berkowitz,Equal
dense,0,3,2,Bareiss,Equal
dense,0,3,2,Faddeev,Equal
dense,0,3,2,Berkowitz,Equal
dense,0,3,3,Bareiss,Equal
dense,0,3,3,Faddeev,Equal
dense,0,3,3,Berkowitz,Equal
dense,0,4,0,Bareiss,Equal
dense,0,4,0,Faddeev,Equal
dense,0,4,0,Berkowitz,Equal
dense,0,4,1,Bareiss,Equal
dense,0,4,1,Faddeev,Equal
dense,0,4,1,Berkowitz,Equal
dense,0,4,2,Bareiss,Equal
dense,0,4,2,Faddeev,Equal
dense,0,4,2,Berkowitz,Equal
dense,0,4,3,Bareiss,Equal
dense,0,4,3,Faddeev,Equal
dense,0,4,3,Berkowitz,Equal
dense,0,5,0,Bareiss,Equal
dense,0,5,0,Faddeev,Equal
dense,0,5,0,Berkowitz,Equal
dense,0,5,1,Bareiss,Equal
dense,0,5,1,Faddeev,Equal
dense,0,5,1,Berkowitz,Equal
dense,0,5,2,Bareiss,Equal
dense,0,5,2,Faddeev,Equal
dense,0,5,2,Berkowitz,Equal
dense,0,5,3,Bareiss,Equal
dense,0,5,3,Faddeev,Equal
dense,0,5,3,Berkowitz,Equal
dense,0,6,0,Bareiss,Equal
dense,0,6,0,Faddeev,Equal
dense,0,6,0,Berkowitz,Equal
dense,0,6,1,Bareiss,Equal
dense,0,6,1,Faddeev,Equal
dense,0,6,1,Berkowitz,Equal
dense,0,6,2,Bareiss,Equal
dense,0,6,2,Faddeev,Equal
dense,0,6,2,Berkowitz,Equal
dense,0,6,3,Bareiss,Equal
dense,0,6,3,Faddeev,Equal
dense,0,6,3,Berkowitz,Equal
dense,1,0,0,Bareiss,Equal
dense,1,0,0,Faddeev,Equal
dense,1,0,0,Berkowitz,Equal
dense,1,0,1,Bareiss,Equal
dense,1,0,1,Faddeev,Equal
dense,1,0,1,Berkowitz,Equal
dense,1,0,2,Bareiss,Equal
dense,1,0,2,Faddeev,Equal
dense,1,0,2,Berkowitz,Equal
dense,1,0,3,Bareiss,Equal
dense,1,0,3,Faddeev,Equal
dense,1,0,3,Berkowitz,Equal
dense,1,1,0,Bareiss,Equal
dense,1,1,0,Faddeev,Equal
dense,1,1,0,Berkowitz,Equal
dense,1,1,1,Bareiss,Equal
dense,1,1,1,Faddeev,Equal
dense,1,1,1,Berkowitz,Equal
dense,1,1,2,Bareiss,Equal
dense,1,1,2,Faddeev,Equal
dense,1,1,2,Berkowitz,Equal
dense,1,1,3,Bareiss,Equal
dense,1,1,3,Faddeev,Equal
dense,1,1,3,Berkowitz,Equal
dense,1,2,0,Bareiss,Equal
dense,1,2,0,Faddeev,Equal
dense,1,2,0,Berkowitz,Equal
dense,1,2,1,Bareiss,Equal
dense,1,2,1,Faddeev,Equal
dense,1,2,1,Berkowitz,Equal
dense,1,2,2,Bareiss,Equal
dense,1,2,2,Faddeev,Equal
dense,1,2,2,Berkowitz,Equal
dense,1,2,3,Bareiss,Equal
dense,1,2,3,Faddeev,Equal
dense,1,2,3,Berkowitz,Equal
dense,1,3,0,Bareiss,Equal
dense,1,3,0,Faddeev,Equal
dense,1,3,0,Berkowitz,Equal
dense,1,3,1,Bareiss,Equal
dense,1,3,1,Faddeev,Equal
dense,1,3,1,Berkowitz,Equal
dense,1,3,2,Bareiss,Equal
dense,1,3,2,Faddeev,Equal
dense,1,3,2,Berkowitz,Equal
dense,1,3,3,Bareiss,Equal
dense,1,3,3,Faddeev,Equal
dense,1,3,3,Berkowitz,Equal
dense,1,4,0,Bareiss,Equal
dense,1,4,0,Faddeev,Equal
dense,1,4,0,Berkowitz,Equal
dense,1,4,1,Bareiss,Equal
dense,1,4,1,Faddeev,Equal
dense,1,4,1,Berkowitz,Equal
dense,1,4,2,Bareiss,Equal
dense,1,4,2,Faddeev,Equal
dense,1,4,2,Berkowitz,Equal
dense,1,4,3,Bareiss,Equal
dense,1,4,3,Faddeev,Equal
dense,1,4,3,Berkowitz,Equal
dense,1,5,0,Bareiss,Equal
dense,1,5,0,Faddeev,Equal
dense,1,5,0,Berkowitz,Equal
dense,1,5,1,Bareiss,Equal
dense,1,5,1,Faddeev,Equal
dense,1,5,1,Berkowitz,Equal
dense,1,5,2,Bareiss,Equal
dense,1,5,2,Faddeev,Equal
dense,1,5,2,Berkowitz,Equal
dense,1,5,3,Bareiss,Equal
dense,1,5,3,Faddeev,Equal
dense,1,5,3,Berkowitz,Equal
dense,1,6,0,Bareiss,Equal
dense,1,6,0,Faddeev,Equal
dense,1,6,0,Berkowitz,Equal
dense,1,6,1,Bareiss,Equal
dense,1,6,1,Faddeev,Equal
dense,1,6,1,Berkowitz,Equal
dense,1,6,2,Bareiss,Equal
dense,1,6,2,Faddeev,Equal
dense,1,6,2,Berkowitz,Equal
dense,1,6,3,Bareiss,Equal
dense,1,6,3,Faddeev,Equal
dense,1,6,3,Berkowitz,Equal
dense,2,0,0,Bareiss,Equal
dense,2,0,0,Faddeev,Equal
dense,2,0,0,Berkowitz,Equal
dense,2,0,1,Bareiss,Equal
dense,2,0,1,Faddeev,Equal
dense,2,0,1,Berkowitz,Equal
dense,2,0,2,Bareiss,Equal
dense,2,0,2,Faddeev,Equal
dense,2,0,2,Berkowitz,Equal
dense,2,0,3,Bareiss,Equal
dense,2,0,3,Faddeev,Equal
dense,2,0,3,Berkowitz,Equal
dense,2,1,0,Bareiss,Equal
dense,2,1,0,Faddeev,Equal
dense,2,1,0,Berkowitz,Equal
dense,2,1,1,Bareiss,Equal
dense,2,1,1,Faddeev,Equal
dense,2,1,1,Berkowitz,Equal
dense,2,1,2,Bareiss,Equal
dense,2,1,2,Faddeev,Equal
dense,2,1,2,Berkowitz,Equal
dense,2,1,3,Bareiss,Equal
dense,2,1,3,Faddeev,Equal
dense,2,1,3,Berkowitz,Equal
dense,2,2,0,Bareiss,Unknown
dense,2,2,0,Faddeev,Unknown
dense,2,2,0,Berkowitz,Unknown
dense,2,2,1,Bareiss,Unknown
dense,2,2,1,Faddeev,Unknown
dense,2,2,1,Berkowitz,Unknown
dense,2,2,2,Bareiss,Unknown
dense,2,2,2,Faddeev,Unknown
dense,2,2,2,Berkowitz,Unknown
dense,2,2,3,Bareiss,Equal
dense,2,2,3,Faddeev,Equal
dense,2,2,3,Berkowitz,Equal
dense,2,3,0,Bareiss,Unknown
dense,2,3,0,Faddeev,Unknown
dense,2,3,0,Berkowitz,Unknown
dense,2,3,1,Bareiss,Equal
dense,2,3,1,Faddeev,Equal
dense,2,3,1,Berkowitz,Unknown
dense,2,3,2,Bareiss,Equal
dense,2,3,2,Faddeev,Equal
dense,2,3,2,Berkowitz,Unknown
dense,2,3,3,Bareiss,Unknown
dense,2,3,3,Faddeev,Unknown
dense,2,3,3,Berkowitz,Unknown
dense,2,4,0,Bareiss,Unknown
dense,2,4,0,Faddeev,Unknown
dense,2,4,0,Berkowitz,Unknown
dense,2,4,1,Bareiss,Unknown
dense,2,4,1,Faddeev,Unknown
dense,2,4,1,Berkowitz,Unknown
dense,2,4,2,Bareiss,Unknown
dense,2,4,2,Faddeev,Unknown
dense,2,4,2,Berkowitz,Unknown
dense,2,4,3,Bareiss,Unknown
dense,2,4,3,Faddeev,Unknown
dense,2,4,3,Berkowitz,Unknown
dense,2,5,0,Bareiss,Unknown
dense,2,5,0,Faddeev,Unknown
dense,2,5,0,Berkowitz,Unknown
dense,2,5,1,Bareiss,Unknown
dense,2,5,1,Faddeev,Unknown
dense,2,5,1,Berkowitz,Unknown
dense,2,5,2,Bareiss,Unknown
dense,2,5,2,Faddeev,Unknown
dense,2,5,2,Berkowitz,Unknown
dense,2,5,3,Bareiss,Unknown
dense,2,5,3,Faddeev,Unknown
dense,2,5,3,Berkowitz,Unknown
dense,2,6,0,Bareiss,Unknown
dense,2,6,0,Faddeev,Unknown
dense,2,6,0,Berkowitz,Unknown
dense,2,6,1,Bareiss,Unknown
dense,2,6,1,Faddeev,Unknown
dense,2,6,1,Berkowitz,Unknown
dense,2,6,2,Bareiss,Unknown
dense,2,6,2,Faddeev,Unknown
dense,2,6,2,Berkowitz,Unknown
dense,2,6,3,Bareiss,Unknown
dense,2,6,3,Faddeev,Unknown
dense,2,6,3,Berkowitz,Unknown
dense,3,0,0,Bareiss,Equal
dense,3,0,0,Faddeev,Equal
dense,3,0,0,Berkowitz,Equal
dense,3,0,1,Bareiss,Equal
dense,3,0,1,Faddeev,Equal
dense,3,0,1,Berkowitz,Equal
dense,3,0,2,Bareiss,Equal
dense,3,0,2,Faddeev,Equal
dense,3,0,2,Berkowitz,Equal
dense,3,0,3,Bareiss,Equal
dense,3,0,3,Faddeev,Equal
dense,3,0,3,Berkowitz,Equal
dense,3,1,0,Bareiss,Equal
dense,3,1,0,Faddeev,Equal
dense,3,1,0,Berkowitz,Equal
dense,3,1,1,Bareiss,Equal
dense,3,1,1,Faddeev,Equal
dense,3,1,1,Berkowitz,Equal
dense,3,1,2,Bareiss,Equal
dense,3,1,2,Faddeev,Equal
dense,3,1,2,Berkowitz,Equal
dense,3,1,3,Bareiss,Equal
dense,3,1,3,Faddeev,Equal
dense,3,1,3,Berkowitz,Equal
dense,3,2,0,Bareiss,Unknown
dense,3,2,0,Faddeev,Unknown
dense,3,2,0,Berkowitz,Unknown
dense,3,2,1,Bareiss,Unknown
dense,3,2,1,Faddeev,Unknown
dense,3,2,1,Berkowitz,Unknown
dense,3,2,2,Bareiss,Unknown
dense,3,2,2,Faddeev,Unknown
dense,3,2,2,Berkowitz,Unknown
dense,3,2,3,Bareiss,Equal
dense,3,2,3,Faddeev,Equal
dense,3,2,3,Berkowitz,Equal
dense,3,3,0,Bareiss,Unknown
dense,3,3,0,Faddeev,Unknown
dense,3,3,0,Berkowitz,Unknown
dense,3,3,1,Bareiss,Equal
dense,3,3,1,Faddeev,Equal
dense,3,3,1,Berkowitz,Equal
dense,3,3,2,Bareiss,Equal
dense,3,3,2,Faddeev,Equal
dense,3,3,2,Berkowitz,Equal
dense,3,3,3,Bareiss,Unknown
dense,3,3,3,Faddeev,Unknown
dense,3,3,3,Berkowitz,Unknown
dense,3,4,0,Bareiss,Unknown
dense,3,4,0,Faddeev,Unknown
dense,3,4,0,Berkowitz,Unknown
dense,3,4,1,Bareiss,Unknown
dense,3,4,1,Faddeev,Unknown
dense,3,4,1,Berkowitz,Unknown
dense,3,4,2,Bareiss,Unknown
dense,3,4,2,Faddeev,Unknown
dense,3,4,2,Berkowitz,Unknown
dense,3,4,3,Bareiss,Unknown
dense,3,4,3,Faddeev,Unknown
dense,3,4,3,Berkowitz,Unknown
dense,3,5,0,Bareiss,Unknown
dense,3,5,0,Faddeev,Unknown
dense,3,5,0,Berkowitz,Unknown
dense,3,5,1,Bareiss,Unknown
dense,3,5,1,Faddeev,Unknown
dense,3,5,1,Berkowitz,Unknown
dense,3,5,2,Bareiss,Unknown
dense,3,5,2,Faddeev,Unknown
dense,3,5,2,Berkowitz,Unknown
dense,3,5,3,Bareiss,Unknown
dense,3,5,3,Faddeev,Unknown
dense,3,5,3,Berkowitz,Unknown
dense,3,6,0,Bareiss,Unknown
dense,3,6,0,Faddeev,Unknown
dense,3,6,0,Berkowitz,Unknown
dense,3,6,1,Bareiss,Unknown
dense,3,6,1,Faddeev,Unknown
dense,3,6,1,Berkowitz,Unknown
dense,3,6,2,Bareiss,Unknown
dense,3,6,2,Faddeev,Unknown
dense,3,6,2,Berkowitz,Unknown
dense,3,6,3,Bareiss,Unknown
dense,3,6,3,Faddeev,Unknown
dense,3,6,3,Berkowitz,Unknown
{"suite":"matrix-methods","inputs":310,"queries":930}
