==19== Memcheck, a memory error detector
==19== Copyright (C) 2002-2026, and GNU GPL'd, by Julian Seward et al.
==19== Using Valgrind-3.27.1 and LibVEX; rerun with -h for copyright info
==19== Command: /tmp/calcium-consumer-builds.X7kU2Y/calcium-reuse/debug/calcium-matrix-pivot-hyper
==19== 
==19== 
==19== HEAP SUMMARY:
==19==     in use at exit: 26,656 bytes in 205 blocks
==19==   total heap usage: 85,751 allocs, 85,546 frees, 5,477,596 bytes allocated
==19== 
==19== 56 bytes in 1 blocks are still reachable in loss record 1 of 32
==19==    at 0x4AB1AE6: malloc (vg_replace_malloc.c:447)
==19==    by 0x41B42F1: <alloc::alloc::Global>::alloc_impl_runtime (in /tmp/calcium-consumer-builds.X7kU2Y/calcium-reuse/debug/calcium-matrix-pivot-hyper)
==19==    by 0x41A3E44: alloc::boxed::box_new_uninit (in /tmp/calcium-consumer-builds.X7kU2Y/calcium-reuse/debug/calcium-matrix-pivot-hyper)
==19==    by 0x415BEAB: <hyperreal::computable::node::ApproximationCache>::cell_or_init (in /tmp/calcium-consumer-builds.X7kU2Y/calcium-reuse/debug/calcium-matrix-pivot-hyper)
==19==    by 0x415C2DC: <hyperreal::computable::node::ApproximationCache>::store (in /tmp/calcium-consumer-builds.X7kU2Y/calcium-reuse/debug/calcium-matrix-pivot-hyper)
==19==    by 0x4138586: <hyperreal::computable::node::Computable>::store_shared_constant_cache_value (in /tmp/calcium-consumer-builds.X7kU2Y/calcium-reuse/debug/calcium-matrix-pivot-hyper)
==19==    by 0x4134B58: <hyperreal::computable::node::Computable>::store_cache_value (in /tmp/calcium-consumer-builds.X7kU2Y/calcium-reuse/debug/calcium-matrix-pivot-hyper)
==19==    by 0x412F1E1: <hyperreal::computable::node::Computable>::approx_signal (in /tmp/calcium-consumer-builds.X7kU2Y/calcium-reuse/debug/calcium-matrix-pivot-hyper)
==19==    by 0x41806A9: hyperreal::computable::approximation::multiply_with_known_msd (in /tmp/calcium-consumer-builds.X7kU2Y/calcium-reuse/debug/calcium-matrix-pivot-hyper)
==19==    by 0x418FADE: hyperreal::computable::approximation::multiply (in /tmp/calcium-consumer-builds.X7kU2Y/calcium-reuse/debug/calcium-matrix-pivot-hyper)
==19==    by 0x416DD7B: <hyperreal::computable::approximation::Approximation>::approximate (in /tmp/calcium-consumer-builds.X7kU2Y/calcium-reuse/debug/calcium-matrix-pivot-hyper)
==19==    by 0x412F15B: <hyperreal::computable::node::Computable>::approx_signal (in /tmp/calcium-consumer-builds.X7kU2Y/calcium-reuse/debug/calcium-matrix-pivot-hyper)
==19== 
==19== 80 bytes in 1 blocks are still reachable in loss record 2 of 32
==19==    at 0x4AB1AE6: malloc (vg_replace_malloc.c:447)
==19==    by 0x421C6F2: <alloc::raw_vec::RawVecInner>::try_allocate_in (in /tmp/calcium-consumer-builds.X7kU2Y/calcium-reuse/debug/calcium-matrix-pivot-hyper)
==19==    by 0x41D6F23: <alloc::raw_vec::RawVecInner>::with_capacity_in (in /tmp/calcium-consumer-builds.X7kU2Y/calcium-reuse/debug/calcium-matrix-pivot-hyper)
==19==    by 0x41D59DD: <u64 as <[_]>::to_vec_in::ConvertVec>::to_vec::<alloc::alloc::Global> (in /tmp/calcium-consumer-builds.X7kU2Y/calcium-reuse/debug/calcium-matrix-pivot-hyper)
==19==    by 0x41D5F6D: <[u64]>::to_vec (in /tmp/calcium-consumer-builds.X7kU2Y/calcium-reuse/debug/calcium-matrix-pivot-hyper)
==19==    by 0x41B4713: <num_bigint::big_digit::BigDigits>::from_slice (in /tmp/calcium-consumer-builds.X7kU2Y/calcium-reuse/debug/calcium-matrix-pivot-hyper)
==19==    by 0x41B5A9F: <num_bigint::big_digit::BigDigits as core::clone::Clone>::clone (in /tmp/calcium-consumer-builds.X7kU2Y/calcium-reuse/debug/calcium-matrix-pivot-hyper)
==19==    by 0x41AEDC6: <num_bigint::biguint::BigUint as core::clone::Clone>::clone (in /tmp/calcium-consumer-builds.X7kU2Y/calcium-reuse/debug/calcium-matrix-pivot-hyper)
==19==    by 0x41A7C0E: <num_bigint::bigint::BigInt as core::clone::Clone>::clone (in /tmp/calcium-consumer-builds.X7kU2Y/calcium-reuse/debug/calcium-matrix-pivot-hyper)
==19==    by 0x412F170: <hyperreal::computable::node::Computable>::approx_signal (in /tmp/calcium-consumer-builds.X7kU2Y/calcium-reuse/debug/calcium-matrix-pivot-hyper)
==19==    by 0x41806A9: hyperreal::computable::approximation::multiply_with_known_msd (in /tmp/calcium-consumer-builds.X7kU2Y/calcium-reuse/debug/calcium-matrix-pivot-hyper)
==19==    by 0x418FADE: hyperreal::computable::approximation::multiply (in /tmp/calcium-consumer-builds.X7kU2Y/calcium-reuse/debug/calcium-matrix-pivot-hyper)
==19== 
==19== 104 bytes in 1 blocks are still reachable in loss record 3 of 32
==19==    at 0x4AB1AE6: malloc (vg_replace_malloc.c:447)
==19==    by 0x41B42F1: <alloc::alloc::Global>::alloc_impl_runtime (in /tmp/calcium-consumer-builds.X7kU2Y/calcium-reuse/debug/calcium-matrix-pivot-hyper)
==19==    by 0x41A3E44: alloc::boxed::box_new_uninit (in /tmp/calcium-consumer-builds.X7kU2Y/calcium-reuse/debug/calcium-matrix-pivot-hyper)
==19==    by 0x41CBA17: <alloc::sync::Arc<hyperreal::rational::arithmetic::RationalData>>::new (in /tmp/calcium-consumer-builds.X7kU2Y/calcium-reuse/debug/calcium-matrix-pivot-hyper)
==19==    by 0x4118F66: <hyperreal::rational::arithmetic::Rational>::from_parts_raw (in /tmp/calcium-consumer-builds.X7kU2Y/calcium-reuse/debug/calcium-matrix-pivot-hyper)
==19==    by 0x41052A5: hyperreal::rational::arithmetic::RATIONAL_ONE::{closure#0} (in /tmp/calcium-consumer-builds.X7kU2Y/calcium-reuse/debug/calcium-matrix-pivot-hyper)
==19==    by 0x41BE9C1: <hyperreal::rational::arithmetic::RATIONAL_ONE::{closure#0} as core::ops::function::FnOnce<()>>::call_once (in /tmp/calcium-consumer-builds.X7kU2Y/calcium-reuse/debug/calcium-matrix-pivot-hyper)
==19==    by 0x41BDA52: <fn() -> hyperreal::rational::arithmetic::Rational as core::ops::function::FnOnce<()>>::call_once (in /tmp/calcium-consumer-builds.X7kU2Y/calcium-reuse/debug/calcium-matrix-pivot-hyper)
==19==    by 0x41AB8D7: <std::sync::lazy_lock::LazyLock<hyperreal::rational::arithmetic::Rational>>::force::{closure#0} (in /tmp/calcium-consumer-builds.X7kU2Y/calcium-reuse/debug/calcium-matrix-pivot-hyper)
==19==    by 0x41C27D6: <std::sync::once::Once>::call_once_force::<<std::sync::lazy_lock::LazyLock<hyperreal::rational::arithmetic::Rational>>::force::{closure#0}>::{closure#0} (in /tmp/calcium-consumer-builds.X7kU2Y/calcium-reuse/debug/calcium-matrix-pivot-hyper)
==19==    by 0x4204BD8: <std::sys::sync::once::futex::Once>::call (in /tmp/calcium-consumer-builds.X7kU2Y/calcium-reuse/debug/calcium-matrix-pivot-hyper)
==19==    by 0x41C211D: <std::sync::once::Once>::call_once_force::<<std::sync::lazy_lock::LazyLock<hyperreal::rational::arithmetic::Rational>>::force::{closure#0}> (in /tmp/calcium-consumer-builds.X7kU2Y/calcium-reuse/debug/calcium-matrix-pivot-hyper)
==19== 
==19== 104 bytes in 1 blocks are still reachable in loss record 4 of 32
==19==    at 0x4AB1AE6: malloc (vg_replace_malloc.c:447)
==19==    by 0x41B42F1: <alloc::alloc::Global>::alloc_impl_runtime (in /tmp/calcium-consumer-builds.X7kU2Y/calcium-reuse/debug/calcium-matrix-pivot-hyper)
==19==    by 0x41A3E44: alloc::boxed::box_new_uninit (in /tmp/calcium-consumer-builds.X7kU2Y/calcium-reuse/debug/calcium-matrix-pivot-hyper)
==19==    by 0x41CBA17: <alloc::sync::Arc<hyperreal::rational::arithmetic::RationalData>>::new (in /tmp/calcium-consumer-builds.X7kU2Y/calcium-reuse/debug/calcium-matrix-pivot-hyper)
==19==    by 0x4118F66: <hyperreal::rational::arithmetic::Rational>::from_parts_raw (in /tmp/calcium-consumer-builds.X7kU2Y/calcium-reuse/debug/calcium-matrix-pivot-hyper)
==19==    by 0x4105340: hyperreal::rational::arithmetic::RATIONAL_ZERO::{closure#0} (in /tmp/calcium-consumer-builds.X7kU2Y/calcium-reuse/debug/calcium-matrix-pivot-hyper)
==19==    by 0x41BE9FD: <hyperreal::rational::arithmetic::RATIONAL_ZERO::{closure#0} as core::ops::function::FnOnce<()>>::call_once (in /tmp/calcium-consumer-builds.X7kU2Y/calcium-reuse/debug/calcium-matrix-pivot-hyper)
==19==    by 0x41BDA52: <fn() -> hyperreal::rational::arithmetic::Rational as core::ops::function::FnOnce<()>>::call_once (in /tmp/calcium-consumer-builds.X7kU2Y/calcium-reuse/debug/calcium-matrix-pivot-hyper)
==19==    by 0x41AB8D7: <std::sync::lazy_lock::LazyLock<hyperreal::rational::arithmetic::Rational>>::force::{closure#0} (in /tmp/calcium-consumer-builds.X7kU2Y/calcium-reuse/debug/calcium-matrix-pivot-hyper)
==19==    by 0x41C27D6: <std::sync::once::Once>::call_once_force::<<std::sync::lazy_lock::LazyLock<hyperreal::rational::arithmetic::Rational>>::force::{closure#0}>::{closure#0} (in /tmp/calcium-consumer-builds.X7kU2Y/calcium-reuse/debug/calcium-matrix-pivot-hyper)
==19==    by 0x4204BD8: <std::sys::sync::once::futex::Once>::call (in /tmp/calcium-consumer-builds.X7kU2Y/calcium-reuse/debug/calcium-matrix-pivot-hyper)
==19==    by 0x41C211D: <std::sync::once::Once>::call_once_force::<<std::sync::lazy_lock::LazyLock<hyperreal::rational::arithmetic::Rational>>::force::{closure#0}> (in /tmp/calcium-consumer-builds.X7kU2Y/calcium-reuse/debug/calcium-matrix-pivot-hyper)
==19== 
==19== 104 bytes in 1 blocks are still reachable in loss record 5 of 32
==19==    at 0x4AB1AE6: malloc (vg_replace_malloc.c:447)
==19==    by 0x41B42F1: <alloc::alloc::Global>::alloc_impl_runtime (in /tmp/calcium-consumer-builds.X7kU2Y/calcium-reuse/debug/calcium-matrix-pivot-hyper)
==19==    by 0x41A3E44: alloc::boxed::box_new_uninit (in /tmp/calcium-consumer-builds.X7kU2Y/calcium-reuse/debug/calcium-matrix-pivot-hyper)
==19==    by 0x41CBA17: <alloc::sync::Arc<hyperreal::rational::arithmetic::RationalData>>::new (in /tmp/calcium-consumer-builds.X7kU2Y/calcium-reuse/debug/calcium-matrix-pivot-hyper)
==19==    by 0x4118F66: <hyperreal::rational::arithmetic::Rational>::from_parts_raw (in /tmp/calcium-consumer-builds.X7kU2Y/calcium-reuse/debug/calcium-matrix-pivot-hyper)
==19==    by 0x41094F0: <hyperreal::rational::arithmetic::Rational>::extract_square_reduced (in /tmp/calcium-consumer-builds.X7kU2Y/calcium-reuse/debug/calcium-matrix-pivot-hyper)
==19==    by 0x410A731: <hyperreal::rational::arithmetic::Rational>::extract_square_reduced_retained (in /tmp/calcium-consumer-builds.X7kU2Y/calcium-reuse/debug/calcium-matrix-pivot-hyper)
==19==    by 0x40DFDE5: <hyperreal::real::arithmetic::Real>::sqrt (in /tmp/calcium-consumer-builds.X7kU2Y/calcium-reuse/debug/calcium-matrix-pivot-hyper)
==19==    by 0x40CAC09: calcium_matrix_pivot_hyper::main (in /tmp/calcium-consumer-builds.X7kU2Y/calcium-reuse/debug/calcium-matrix-pivot-hyper)
==19==    by 0x40CE592: <fn() as core::ops::function::FnOnce<()>>::call_once (in /tmp/calcium-consumer-builds.X7kU2Y/calcium-reuse/debug/calcium-matrix-pivot-hyper)
==19==    by 0x40CA7F5: std::sys::backtrace::__rust_begin_short_backtrace::<fn(), ()> (in /tmp/calcium-consumer-builds.X7kU2Y/calcium-reuse/debug/calcium-matrix-pivot-hyper)
==19==    by 0x40CA808: std::rt::lang_start::<()>::{closure#0} (in /tmp/calcium-consumer-builds.X7kU2Y/calcium-reuse/debug/calcium-matrix-pivot-hyper)
==19== 
==19== 104 bytes in 1 blocks are still reachable in loss record 6 of 32
==19==    at 0x4AB1AE6: malloc (vg_replace_malloc.c:447)
==19==    by 0x41B42F1: <alloc::alloc::Global>::alloc_impl_runtime (in /tmp/calcium-consumer-builds.X7kU2Y/calcium-reuse/debug/calcium-matrix-pivot-hyper)
==19==    by 0x41A3E44: alloc::boxed::box_new_uninit (in /tmp/calcium-consumer-builds.X7kU2Y/calcium-reuse/debug/calcium-matrix-pivot-hyper)
==19==    by 0x41CBA17: <alloc::sync::Arc<hyperreal::rational::arithmetic::RationalData>>::new (in /tmp/calcium-consumer-builds.X7kU2Y/calcium-reuse/debug/calcium-matrix-pivot-hyper)
==19==    by 0x4118F66: <hyperreal::rational::arithmetic::Rational>::from_parts_raw (in /tmp/calcium-consumer-builds.X7kU2Y/calcium-reuse/debug/calcium-matrix-pivot-hyper)
==19==    by 0x4109608: <hyperreal::rational::arithmetic::Rational>::extract_square_reduced (in /tmp/calcium-consumer-builds.X7kU2Y/calcium-reuse/debug/calcium-matrix-pivot-hyper)
==19==    by 0x410A731: <hyperreal::rational::arithmetic::Rational>::extract_square_reduced_retained (in /tmp/calcium-consumer-builds.X7kU2Y/calcium-reuse/debug/calcium-matrix-pivot-hyper)
==19==    by 0x40DFDE5: <hyperreal::real::arithmetic::Real>::sqrt (in /tmp/calcium-consumer-builds.X7kU2Y/calcium-reuse/debug/calcium-matrix-pivot-hyper)
==19==    by 0x40CAC09: calcium_matrix_pivot_hyper::main (in /tmp/calcium-consumer-builds.X7kU2Y/calcium-reuse/debug/calcium-matrix-pivot-hyper)
==19==    by 0x40CE592: <fn() as core::ops::function::FnOnce<()>>::call_once (in /tmp/calcium-consumer-builds.X7kU2Y/calcium-reuse/debug/calcium-matrix-pivot-hyper)
==19==    by 0x40CA7F5: std::sys::backtrace::__rust_begin_short_backtrace::<fn(), ()> (in /tmp/calcium-consumer-builds.X7kU2Y/calcium-reuse/debug/calcium-matrix-pivot-hyper)
==19==    by 0x40CA808: std::rt::lang_start::<()>::{closure#0} (in /tmp/calcium-consumer-builds.X7kU2Y/calcium-reuse/debug/calcium-matrix-pivot-hyper)
==19== 
==19== 104 bytes in 1 blocks are still reachable in loss record 7 of 32
==19==    at 0x4AB1AE6: malloc (vg_replace_malloc.c:447)
==19==    by 0x41B42F1: <alloc::alloc::Global>::alloc_impl_runtime (in /tmp/calcium-consumer-builds.X7kU2Y/calcium-reuse/debug/calcium-matrix-pivot-hyper)
==19==    by 0x41A3E44: alloc::boxed::box_new_uninit (in /tmp/calcium-consumer-builds.X7kU2Y/calcium-reuse/debug/calcium-matrix-pivot-hyper)
==19==    by 0x41CBA17: <alloc::sync::Arc<hyperreal::rational::arithmetic::RationalData>>::new (in /tmp/calcium-consumer-builds.X7kU2Y/calcium-reuse/debug/calcium-matrix-pivot-hyper)
==19==    by 0x4118F66: <hyperreal::rational::arithmetic::Rational>::from_parts_raw (in /tmp/calcium-consumer-builds.X7kU2Y/calcium-reuse/debug/calcium-matrix-pivot-hyper)
==19==    by 0x411CA4A: <hyperreal::rational::arithmetic::Rational>::inverse (in /tmp/calcium-consumer-builds.X7kU2Y/calcium-reuse/debug/calcium-matrix-pivot-hyper)
==19==    by 0x40DAA51: <hyperreal::real::arithmetic::Real>::inverse_ref (in /tmp/calcium-consumer-builds.X7kU2Y/calcium-reuse/debug/calcium-matrix-pivot-hyper)
==19==    by 0x40FFDA2: <&hyperreal::real::arithmetic::Real as core::ops::arith::Div>::div (in /tmp/calcium-consumer-builds.X7kU2Y/calcium-reuse/debug/calcium-matrix-pivot-hyper)
==19==    by 0x41004C5: <hyperreal::real::arithmetic::Real as core::ops::arith::Div>::div (in /tmp/calcium-consumer-builds.X7kU2Y/calcium-reuse/debug/calcium-matrix-pivot-hyper)
==19==    by 0x40D18CD: hypersolve::bareiss::bareiss_quotient (in /tmp/calcium-consumer-builds.X7kU2Y/calcium-reuse/debug/calcium-matrix-pivot-hyper)
==19==    by 0x40D162F: hypersolve::bareiss::bareiss_update (in /tmp/calcium-consumer-builds.X7kU2Y/calcium-reuse/debug/calcium-matrix-pivot-hyper)
==19==    by 0x40D2B76: hypersolve::bareiss::determinant_bareiss (in /tmp/calcium-consumer-builds.X7kU2Y/calcium-reuse/debug/calcium-matrix-pivot-hyper)
==19== 
==19== 104 bytes in 1 blocks are still reachable in loss record 8 of 32
==19==    at 0x4AB1AE6: malloc (vg_replace_malloc.c:447)
==19==    by 0x41B42F1: <alloc::alloc::Global>::alloc_impl_runtime (in /tmp/calcium-consumer-builds.X7kU2Y/calcium-reuse/debug/calcium-matrix-pivot-hyper)
==19==    by 0x41A3E44: alloc::boxed::box_new_uninit (in /tmp/calcium-consumer-builds.X7kU2Y/calcium-reuse/debug/calcium-matrix-pivot-hyper)
==19==    by 0x41CBA17: <alloc::sync::Arc<hyperreal::rational::arithmetic::RationalData>>::new (in /tmp/calcium-consumer-builds.X7kU2Y/calcium-reuse/debug/calcium-matrix-pivot-hyper)
==19==    by 0x4118F66: <hyperreal::rational::arithmetic::Rational>::from_parts_raw (in /tmp/calcium-consumer-builds.X7kU2Y/calcium-reuse/debug/calcium-matrix-pivot-hyper)
==19==    by 0x411CA4A: <hyperreal::rational::arithmetic::Rational>::inverse (in /tmp/calcium-consumer-builds.X7kU2Y/calcium-reuse/debug/calcium-matrix-pivot-hyper)
==19==    by 0x40DAA07: <hyperreal::real::arithmetic::Real>::inverse_ref (in /tmp/calcium-consumer-builds.X7kU2Y/calcium-reuse/debug/calcium-matrix-pivot-hyper)
==19==    by 0x40FFDA2: <&hyperreal::real::arithmetic::Real as core::ops::arith::Div>::div (in /tmp/calcium-consumer-builds.X7kU2Y/calcium-reuse/debug/calcium-matrix-pivot-hyper)
==19==    by 0x41004C5: <hyperreal::real::arithmetic::Real as core::ops::arith::Div>::div (in /tmp/calcium-consumer-builds.X7kU2Y/calcium-reuse/debug/calcium-matrix-pivot-hyper)
==19==    by 0x40D18CD: hypersolve::bareiss::bareiss_quotient (in /tmp/calcium-consumer-builds.X7kU2Y/calcium-reuse/debug/calcium-matrix-pivot-hyper)
==19==    by 0x40D162F: hypersolve::bareiss::bareiss_update (in /tmp/calcium-consumer-builds.X7kU2Y/calcium-reuse/debug/calcium-matrix-pivot-hyper)
==19==    by 0x40D2B76: hypersolve::bareiss::determinant_bareiss (in /tmp/calcium-consumer-builds.X7kU2Y/calcium-reuse/debug/calcium-matrix-pivot-hyper)
==19== 
==19== 104 bytes in 1 blocks are still reachable in loss record 9 of 32
==19==    at 0x4AB1AE6: malloc (vg_replace_malloc.c:447)
==19==    by 0x41B42F1: <alloc::alloc::Global>::alloc_impl_runtime (in /tmp/calcium-consumer-builds.X7kU2Y/calcium-reuse/debug/calcium-matrix-pivot-hyper)
==19==    by 0x41A3E44: alloc::boxed::box_new_uninit (in /tmp/calcium-consumer-builds.X7kU2Y/calcium-reuse/debug/calcium-matrix-pivot-hyper)
==19==    by 0x41CBA17: <alloc::sync::Arc<hyperreal::rational::arithmetic::RationalData>>::new (in /tmp/calcium-consumer-builds.X7kU2Y/calcium-reuse/debug/calcium-matrix-pivot-hyper)
==19==    by 0x4118F66: <hyperreal::rational::arithmetic::Rational>::from_parts_raw (in /tmp/calcium-consumer-builds.X7kU2Y/calcium-reuse/debug/calcium-matrix-pivot-hyper)
==19==    by 0x41053D2: hyperreal::rational::arithmetic::RATIONAL_MINUS_ONE::{closure#0} (in /tmp/calcium-consumer-builds.X7kU2Y/calcium-reuse/debug/calcium-matrix-pivot-hyper)
==19==    by 0x41BEA3D: <hyperreal::rational::arithmetic::RATIONAL_MINUS_ONE::{closure#0} as core::ops::function::FnOnce<()>>::call_once (in /tmp/calcium-consumer-builds.X7kU2Y/calcium-reuse/debug/calcium-matrix-pivot-hyper)
==19==    by 0x41BDA52: <fn() -> hyperreal::rational::arithmetic::Rational as core::ops::function::FnOnce<()>>::call_once (in /tmp/calcium-consumer-builds.X7kU2Y/calcium-reuse/debug/calcium-matrix-pivot-hyper)
==19==    by 0x41AB8D7: <std::sync::lazy_lock::LazyLock<hyperreal::rational::arithmetic::Rational>>::force::{closure#0} (in /tmp/calcium-consumer-builds.X7kU2Y/calcium-reuse/debug/calcium-matrix-pivot-hyper)
==19==    by 0x41C27D6: <std::sync::once::Once>::call_once_force::<<std::sync::lazy_lock::LazyLock<hyperreal::rational::arithmetic::Rational>>::force::{closure#0}>::{closure#0} (in /tmp/calcium-consumer-builds.X7kU2Y/calcium-reuse/debug/calcium-matrix-pivot-hyper)
==19==    by 0x4204BD8: <std::sys::sync::once::futex::Once>::call (in /tmp/calcium-consumer-builds.X7kU2Y/calcium-reuse/debug/calcium-matrix-pivot-hyper)
==19==    by 0x41C211D: <std::sync::once::Once>::call_once_force::<<std::sync::lazy_lock::LazyLock<hyperreal::rational::arithmetic::Rational>>::force::{closure#0}> (in /tmp/calcium-consumer-builds.X7kU2Y/calcium-reuse/debug/calcium-matrix-pivot-hyper)
==19== 
==19== 176 bytes in 1 blocks are still reachable in loss record 10 of 32
==19==    at 0x4AB1AE6: malloc (vg_replace_malloc.c:447)
==19==    by 0x41B42F1: <alloc::alloc::Global>::alloc_impl_runtime (in /tmp/calcium-consumer-builds.X7kU2Y/calcium-reuse/debug/calcium-matrix-pivot-hyper)
==19==    by 0x41A3E44: alloc::boxed::box_new_uninit (in /tmp/calcium-consumer-builds.X7kU2Y/calcium-reuse/debug/calcium-matrix-pivot-hyper)
==19==    by 0x411A124: <hyperreal::rational::arithmetic::Rational>::retain_inverse_entry (in /tmp/calcium-consumer-builds.X7kU2Y/calcium-reuse/debug/calcium-matrix-pivot-hyper)
==19==    by 0x4119525: <hyperreal::rational::arithmetic::Rational>::retain_inverse_pair (in /tmp/calcium-consumer-builds.X7kU2Y/calcium-reuse/debug/calcium-matrix-pivot-hyper)
==19==    by 0x411CA7B: <hyperreal::rational::arithmetic::Rational>::inverse (in /tmp/calcium-consumer-builds.X7kU2Y/calcium-reuse/debug/calcium-matrix-pivot-hyper)
==19==    by 0x40DAA51: <hyperreal::real::arithmetic::Real>::inverse_ref (in /tmp/calcium-consumer-builds.X7kU2Y/calcium-reuse/debug/calcium-matrix-pivot-hyper)
==19==    by 0x40FFDA2: <&hyperreal::real::arithmetic::Real as core::ops::arith::Div>::div (in /tmp/calcium-consumer-builds.X7kU2Y/calcium-reuse/debug/calcium-matrix-pivot-hyper)
==19==    by 0x41004C5: <hyperreal::real::arithmetic::Real as core::ops::arith::Div>::div (in /tmp/calcium-consumer-builds.X7kU2Y/calcium-reuse/debug/calcium-matrix-pivot-hyper)
==19==    by 0x40D18CD: hypersolve::bareiss::bareiss_quotient (in /tmp/calcium-consumer-builds.X7kU2Y/calcium-reuse/debug/calcium-matrix-pivot-hyper)
==19==    by 0x40D162F: hypersolve::bareiss::bareiss_update (in /tmp/calcium-consumer-builds.X7kU2Y/calcium-reuse/debug/calcium-matrix-pivot-hyper)
==19==    by 0x40D2B76: hypersolve::bareiss::determinant_bareiss (in /tmp/calcium-consumer-builds.X7kU2Y/calcium-reuse/debug/calcium-matrix-pivot-hyper)
==19== 
==19== 176 bytes in 1 blocks are still reachable in loss record 11 of 32
==19==    at 0x4AB1AE6: malloc (vg_replace_malloc.c:447)
==19==    by 0x41B42F1: <alloc::alloc::Global>::alloc_impl_runtime (in /tmp/calcium-consumer-builds.X7kU2Y/calcium-reuse/debug/calcium-matrix-pivot-hyper)
==19==    by 0x41A3E44: alloc::boxed::box_new_uninit (in /tmp/calcium-consumer-builds.X7kU2Y/calcium-reuse/debug/calcium-matrix-pivot-hyper)
==19==    by 0x411A124: <hyperreal::rational::arithmetic::Rational>::retain_inverse_entry (in /tmp/calcium-consumer-builds.X7kU2Y/calcium-reuse/debug/calcium-matrix-pivot-hyper)
==19==    by 0x4119540: <hyperreal::rational::arithmetic::Rational>::retain_inverse_pair (in /tmp/calcium-consumer-builds.X7kU2Y/calcium-reuse/debug/calcium-matrix-pivot-hyper)
==19==    by 0x411CA7B: <hyperreal::rational::arithmetic::Rational>::inverse (in /tmp/calcium-consumer-builds.X7kU2Y/calcium-reuse/debug/calcium-matrix-pivot-hyper)
==19==    by 0x40DAA51: <hyperreal::real::arithmetic::Real>::inverse_ref (in /tmp/calcium-consumer-builds.X7kU2Y/calcium-reuse/debug/calcium-matrix-pivot-hyper)
==19==    by 0x40FFDA2: <&hyperreal::real::arithmetic::Real as core::ops::arith::Div>::div (in /tmp/calcium-consumer-builds.X7kU2Y/calcium-reuse/debug/calcium-matrix-pivot-hyper)
==19==    by 0x41004C5: <hyperreal::real::arithmetic::Real as core::ops::arith::Div>::div (in /tmp/calcium-consumer-builds.X7kU2Y/calcium-reuse/debug/calcium-matrix-pivot-hyper)
==19==    by 0x40D18CD: hypersolve::bareiss::bareiss_quotient (in /tmp/calcium-consumer-builds.X7kU2Y/calcium-reuse/debug/calcium-matrix-pivot-hyper)
==19==    by 0x40D162F: hypersolve::bareiss::bareiss_update (in /tmp/calcium-consumer-builds.X7kU2Y/calcium-reuse/debug/calcium-matrix-pivot-hyper)
==19==    by 0x40D2B76: hypersolve::bareiss::determinant_bareiss (in /tmp/calcium-consumer-builds.X7kU2Y/calcium-reuse/debug/calcium-matrix-pivot-hyper)
==19== 
==19== 176 bytes in 1 blocks are still reachable in loss record 12 of 32
==19==    at 0x4AB1AE6: malloc (vg_replace_malloc.c:447)
==19==    by 0x41B42F1: <alloc::alloc::Global>::alloc_impl_runtime (in /tmp/calcium-consumer-builds.X7kU2Y/calcium-reuse/debug/calcium-matrix-pivot-hyper)
==19==    by 0x41A3E44: alloc::boxed::box_new_uninit (in /tmp/calcium-consumer-builds.X7kU2Y/calcium-reuse/debug/calcium-matrix-pivot-hyper)
==19==    by 0x411A124: <hyperreal::rational::arithmetic::Rational>::retain_inverse_entry (in /tmp/calcium-consumer-builds.X7kU2Y/calcium-reuse/debug/calcium-matrix-pivot-hyper)
==19==    by 0x4119525: <hyperreal::rational::arithmetic::Rational>::retain_inverse_pair (in /tmp/calcium-consumer-builds.X7kU2Y/calcium-reuse/debug/calcium-matrix-pivot-hyper)
==19==    by 0x411CA7B: <hyperreal::rational::arithmetic::Rational>::inverse (in /tmp/calcium-consumer-builds.X7kU2Y/calcium-reuse/debug/calcium-matrix-pivot-hyper)
==19==    by 0x40DAA07: <hyperreal::real::arithmetic::Real>::inverse_ref (in /tmp/calcium-consumer-builds.X7kU2Y/calcium-reuse/debug/calcium-matrix-pivot-hyper)
==19==    by 0x40FFDA2: <&hyperreal::real::arithmetic::Real as core::ops::arith::Div>::div (in /tmp/calcium-consumer-builds.X7kU2Y/calcium-reuse/debug/calcium-matrix-pivot-hyper)
==19==    by 0x41004C5: <hyperreal::real::arithmetic::Real as core::ops::arith::Div>::div (in /tmp/calcium-consumer-builds.X7kU2Y/calcium-reuse/debug/calcium-matrix-pivot-hyper)
==19==    by 0x40D18CD: hypersolve::bareiss::bareiss_quotient (in /tmp/calcium-consumer-builds.X7kU2Y/calcium-reuse/debug/calcium-matrix-pivot-hyper)
==19==    by 0x40D162F: hypersolve::bareiss::bareiss_update (in /tmp/calcium-consumer-builds.X7kU2Y/calcium-reuse/debug/calcium-matrix-pivot-hyper)
==19==    by 0x40D2B76: hypersolve::bareiss::determinant_bareiss (in /tmp/calcium-consumer-builds.X7kU2Y/calcium-reuse/debug/calcium-matrix-pivot-hyper)
==19== 
==19== 176 bytes in 1 blocks are still reachable in loss record 13 of 32
==19==    at 0x4AB1AE6: malloc (vg_replace_malloc.c:447)
==19==    by 0x41B42F1: <alloc::alloc::Global>::alloc_impl_runtime (in /tmp/calcium-consumer-builds.X7kU2Y/calcium-reuse/debug/calcium-matrix-pivot-hyper)
==19==    by 0x41A3E44: alloc::boxed::box_new_uninit (in /tmp/calcium-consumer-builds.X7kU2Y/calcium-reuse/debug/calcium-matrix-pivot-hyper)
==19==    by 0x411A124: <hyperreal::rational::arithmetic::Rational>::retain_inverse_entry (in /tmp/calcium-consumer-builds.X7kU2Y/calcium-reuse/debug/calcium-matrix-pivot-hyper)
==19==    by 0x4119540: <hyperreal::rational::arithmetic::Rational>::retain_inverse_pair (in /tmp/calcium-consumer-builds.X7kU2Y/calcium-reuse/debug/calcium-matrix-pivot-hyper)
==19==    by 0x411CA7B: <hyperreal::rational::arithmetic::Rational>::inverse (in /tmp/calcium-consumer-builds.X7kU2Y/calcium-reuse/debug/calcium-matrix-pivot-hyper)
==19==    by 0x40DC510: <hyperreal::real::arithmetic::Real>::inverse_ref (in /tmp/calcium-consumer-builds.X7kU2Y/calcium-reuse/debug/calcium-matrix-pivot-hyper)
==19==    by 0x40FF071: <&hyperreal::real::arithmetic::Real as core::ops::arith::Div>::div (in /tmp/calcium-consumer-builds.X7kU2Y/calcium-reuse/debug/calcium-matrix-pivot-hyper)
==19==    by 0x41004C5: <hyperreal::real::arithmetic::Real as core::ops::arith::Div>::div (in /tmp/calcium-consumer-builds.X7kU2Y/calcium-reuse/debug/calcium-matrix-pivot-hyper)
==19==    by 0x40D18CD: hypersolve::bareiss::bareiss_quotient (in /tmp/calcium-consumer-builds.X7kU2Y/calcium-reuse/debug/calcium-matrix-pivot-hyper)
==19==    by 0x40D162F: hypersolve::bareiss::bareiss_update (in /tmp/calcium-consumer-builds.X7kU2Y/calcium-reuse/debug/calcium-matrix-pivot-hyper)
==19==    by 0x40D2B76: hypersolve::bareiss::determinant_bareiss (in /tmp/calcium-consumer-builds.X7kU2Y/calcium-reuse/debug/calcium-matrix-pivot-hyper)
==19== 
==19== 312 bytes in 3 blocks are still reachable in loss record 14 of 32
==19==    at 0x4AB1AE6: malloc (vg_replace_malloc.c:447)
==19==    by 0x41B42F1: <alloc::alloc::Global>::alloc_impl_runtime (in /tmp/calcium-consumer-builds.X7kU2Y/calcium-reuse/debug/calcium-matrix-pivot-hyper)
==19==    by 0x41A3E44: alloc::boxed::box_new_uninit (in /tmp/calcium-consumer-builds.X7kU2Y/calcium-reuse/debug/calcium-matrix-pivot-hyper)
==19==    by 0x41CBA17: <alloc::sync::Arc<hyperreal::rational::arithmetic::RationalData>>::new (in /tmp/calcium-consumer-builds.X7kU2Y/calcium-reuse/debug/calcium-matrix-pivot-hyper)
==19==    by 0x4118F66: <hyperreal::rational::arithmetic::Rational>::from_parts_raw (in /tmp/calcium-consumer-builds.X7kU2Y/calcium-reuse/debug/calcium-matrix-pivot-hyper)
==19==    by 0x41226FC: <hyperreal::rational::arithmetic::Rational>::from_reduced_word_parts (in /tmp/calcium-consumer-builds.X7kU2Y/calcium-reuse/debug/calcium-matrix-pivot-hyper)
==19==    by 0x410D379: <hyperreal::rational::arithmetic::Rational>::mul_div_words (in /tmp/calcium-consumer-builds.X7kU2Y/calcium-reuse/debug/calcium-matrix-pivot-hyper)
==19==    by 0x4127009: <&hyperreal::rational::arithmetic::Rational as core::ops::arith::Mul>::mul (in /tmp/calcium-consumer-builds.X7kU2Y/calcium-reuse/debug/calcium-matrix-pivot-hyper)
==19==    by 0x40E8B3F: <hyperreal::real::arithmetic::Real>::scaled_by_rational (in /tmp/calcium-consumer-builds.X7kU2Y/calcium-reuse/debug/calcium-matrix-pivot-hyper)
==19==    by 0x40F3D99: <&hyperreal::real::arithmetic::Real as core::ops::arith::Mul>::mul (in /tmp/calcium-consumer-builds.X7kU2Y/calcium-reuse/debug/calcium-matrix-pivot-hyper)
==19==    by 0x40D8075: <hyperreal::real::arithmetic::Real as core::ops::arith::MulAssign<&hyperreal::real::arithmetic::Real>>::mul_assign (in /tmp/calcium-consumer-builds.X7kU2Y/calcium-reuse/debug/calcium-matrix-pivot-hyper)
==19==    by 0x40CBC26: calcium_matrix_pivot_hyper::main (in /tmp/calcium-consumer-builds.X7kU2Y/calcium-reuse/debug/calcium-matrix-pivot-hyper)
==19== 
==19== 312 bytes in 3 blocks are still reachable in loss record 15 of 32
==19==    at 0x4AB1AE6: malloc (vg_replace_malloc.c:447)
==19==    by 0x41B42F1: <alloc::alloc::Global>::alloc_impl_runtime (in /tmp/calcium-consumer-builds.X7kU2Y/calcium-reuse/debug/calcium-matrix-pivot-hyper)
==19==    by 0x41A3E44: alloc::boxed::box_new_uninit (in /tmp/calcium-consumer-builds.X7kU2Y/calcium-reuse/debug/calcium-matrix-pivot-hyper)
==19==    by 0x41CBA17: <alloc::sync::Arc<hyperreal::rational::arithmetic::RationalData>>::new (in /tmp/calcium-consumer-builds.X7kU2Y/calcium-reuse/debug/calcium-matrix-pivot-hyper)
==19==    by 0x4118F66: <hyperreal::rational::arithmetic::Rational>::from_parts_raw (in /tmp/calcium-consumer-builds.X7kU2Y/calcium-reuse/debug/calcium-matrix-pivot-hyper)
==19==    by 0x41226FC: <hyperreal::rational::arithmetic::Rational>::from_reduced_word_parts (in /tmp/calcium-consumer-builds.X7kU2Y/calcium-reuse/debug/calcium-matrix-pivot-hyper)
==19==    by 0x410D379: <hyperreal::rational::arithmetic::Rational>::mul_div_words (in /tmp/calcium-consumer-builds.X7kU2Y/calcium-reuse/debug/calcium-matrix-pivot-hyper)
==19==    by 0x4127009: <&hyperreal::rational::arithmetic::Rational as core::ops::arith::Mul>::mul (in /tmp/calcium-consumer-builds.X7kU2Y/calcium-reuse/debug/calcium-matrix-pivot-hyper)
==19==    by 0x40F7019: <&hyperreal::real::arithmetic::Real as core::ops::arith::Mul>::mul (in /tmp/calcium-consumer-builds.X7kU2Y/calcium-reuse/debug/calcium-matrix-pivot-hyper)
==19==    by 0x40D8075: <hyperreal::real::arithmetic::Real as core::ops::arith::MulAssign<&hyperreal::real::arithmetic::Real>>::mul_assign (in /tmp/calcium-consumer-builds.X7kU2Y/calcium-reuse/debug/calcium-matrix-pivot-hyper)
==19==    by 0x40CBC26: calcium_matrix_pivot_hyper::main (in /tmp/calcium-consumer-builds.X7kU2Y/calcium-reuse/debug/calcium-matrix-pivot-hyper)
==19==    by 0x40CE592: <fn() as core::ops::function::FnOnce<()>>::call_once (in /tmp/calcium-consumer-builds.X7kU2Y/calcium-reuse/debug/calcium-matrix-pivot-hyper)
==19== 
==19== 352 bytes in 2 blocks are still reachable in loss record 16 of 32
==19==    at 0x4AB1AE6: malloc (vg_replace_malloc.c:447)
==19==    by 0x41B42F1: <alloc::alloc::Global>::alloc_impl_runtime (in /tmp/calcium-consumer-builds.X7kU2Y/calcium-reuse/debug/calcium-matrix-pivot-hyper)
==19==    by 0x41A3E44: alloc::boxed::box_new_uninit (in /tmp/calcium-consumer-builds.X7kU2Y/calcium-reuse/debug/calcium-matrix-pivot-hyper)
==19==    by 0x410E95D: <hyperreal::rational::arithmetic::Rational>::retain_linear (in /tmp/calcium-consumer-builds.X7kU2Y/calcium-reuse/debug/calcium-matrix-pivot-hyper)
==19==    by 0x410FBCD: <hyperreal::rational::arithmetic::Rational>::retain_product_pair (in /tmp/calcium-consumer-builds.X7kU2Y/calcium-reuse/debug/calcium-matrix-pivot-hyper)
==19==    by 0x41270E5: <&hyperreal::rational::arithmetic::Rational as core::ops::arith::Mul>::mul (in /tmp/calcium-consumer-builds.X7kU2Y/calcium-reuse/debug/calcium-matrix-pivot-hyper)
==19==    by 0x41275B7: <hyperreal::rational::arithmetic::Rational as core::ops::arith::Mul<&hyperreal::rational::arithmetic::Rational>>::mul (in /tmp/calcium-consumer-builds.X7kU2Y/calcium-reuse/debug/calcium-matrix-pivot-hyper)
==19==    by 0x40F706C: <&hyperreal::real::arithmetic::Real as core::ops::arith::Mul>::mul (in /tmp/calcium-consumer-builds.X7kU2Y/calcium-reuse/debug/calcium-matrix-pivot-hyper)
==19==    by 0x40FA395: <hyperreal::real::arithmetic::Real as core::ops::arith::Mul>::mul (in /tmp/calcium-consumer-builds.X7kU2Y/calcium-reuse/debug/calcium-matrix-pivot-hyper)
==19==    by 0x40D1507: hypersolve::bareiss::bareiss_update (in /tmp/calcium-consumer-builds.X7kU2Y/calcium-reuse/debug/calcium-matrix-pivot-hyper)
==19==    by 0x40D2B76: hypersolve::bareiss::determinant_bareiss (in /tmp/calcium-consumer-builds.X7kU2Y/calcium-reuse/debug/calcium-matrix-pivot-hyper)
==19==    by 0x40CB4BF: calcium_matrix_pivot_hyper::main (in /tmp/calcium-consumer-builds.X7kU2Y/calcium-reuse/debug/calcium-matrix-pivot-hyper)
==19== 
==19== 416 bytes in 4 blocks are still reachable in loss record 17 of 32
==19==    at 0x4AB1AE6: malloc (vg_replace_malloc.c:447)
==19==    by 0x41B42F1: <alloc::alloc::Global>::alloc_impl_runtime (in /tmp/calcium-consumer-builds.X7kU2Y/calcium-reuse/debug/calcium-matrix-pivot-hyper)
==19==    by 0x41A3E44: alloc::boxed::box_new_uninit (in /tmp/calcium-consumer-builds.X7kU2Y/calcium-reuse/debug/calcium-matrix-pivot-hyper)
==19==    by 0x41CBA17: <alloc::sync::Arc<hyperreal::rational::arithmetic::RationalData>>::new (in /tmp/calcium-consumer-builds.X7kU2Y/calcium-reuse/debug/calcium-matrix-pivot-hyper)
==19==    by 0x4118F66: <hyperreal::rational::arithmetic::Rational>::from_parts_raw (in /tmp/calcium-consumer-builds.X7kU2Y/calcium-reuse/debug/calcium-matrix-pivot-hyper)
==19==    by 0x41226FC: <hyperreal::rational::arithmetic::Rational>::from_reduced_word_parts (in /tmp/calcium-consumer-builds.X7kU2Y/calcium-reuse/debug/calcium-matrix-pivot-hyper)
==19==    by 0x410D379: <hyperreal::rational::arithmetic::Rational>::mul_div_words (in /tmp/calcium-consumer-builds.X7kU2Y/calcium-reuse/debug/calcium-matrix-pivot-hyper)
==19==    by 0x4127009: <&hyperreal::rational::arithmetic::Rational as core::ops::arith::Mul>::mul (in /tmp/calcium-consumer-builds.X7kU2Y/calcium-reuse/debug/calcium-matrix-pivot-hyper)
==19==    by 0x41275B7: <hyperreal::rational::arithmetic::Rational as core::ops::arith::Mul<&hyperreal::rational::arithmetic::Rational>>::mul (in /tmp/calcium-consumer-builds.X7kU2Y/calcium-reuse/debug/calcium-matrix-pivot-hyper)
==19==    by 0x40F706C: <&hyperreal::real::arithmetic::Real as core::ops::arith::Mul>::mul (in /tmp/calcium-consumer-builds.X7kU2Y/calcium-reuse/debug/calcium-matrix-pivot-hyper)
==19==    by 0x40D8075: <hyperreal::real::arithmetic::Real as core::ops::arith::MulAssign<&hyperreal::real::arithmetic::Real>>::mul_assign (in /tmp/calcium-consumer-builds.X7kU2Y/calcium-reuse/debug/calcium-matrix-pivot-hyper)
==19==    by 0x40CBC26: calcium_matrix_pivot_hyper::main (in /tmp/calcium-consumer-builds.X7kU2Y/calcium-reuse/debug/calcium-matrix-pivot-hyper)
==19== 
==19== 544 bytes in 1 blocks are still reachable in loss record 18 of 32
==19==    at 0x4AB1AE6: malloc (vg_replace_malloc.c:447)
==19==    by 0x42151C9: std::sys::pal::unix::stack_overflow::thread_info::set_current_info (in /tmp/calcium-consumer-builds.X7kU2Y/calcium-reuse/debug/calcium-matrix-pivot-hyper)
==19==    by 0x421228F: std::rt::lang_start_internal (in /tmp/calcium-consumer-builds.X7kU2Y/calcium-reuse/debug/calcium-matrix-pivot-hyper)
==19==    by 0x40CA7E0: std::rt::lang_start::<()> (in /tmp/calcium-consumer-builds.X7kU2Y/calcium-reuse/debug/calcium-matrix-pivot-hyper)
==19==    by 0x40CE5F4: main (in /tmp/calcium-consumer-builds.X7kU2Y/calcium-reuse/debug/calcium-matrix-pivot-hyper)
==19== 
==19== 624 bytes in 6 blocks are still reachable in loss record 19 of 32
==19==    at 0x4AB1AE6: malloc (vg_replace_malloc.c:447)
==19==    by 0x41B42F1: <alloc::alloc::Global>::alloc_impl_runtime (in /tmp/calcium-consumer-builds.X7kU2Y/calcium-reuse/debug/calcium-matrix-pivot-hyper)
==19==    by 0x41A3E44: alloc::boxed::box_new_uninit (in /tmp/calcium-consumer-builds.X7kU2Y/calcium-reuse/debug/calcium-matrix-pivot-hyper)
==19==    by 0x41CBA17: <alloc::sync::Arc<hyperreal::rational::arithmetic::RationalData>>::new (in /tmp/calcium-consumer-builds.X7kU2Y/calcium-reuse/debug/calcium-matrix-pivot-hyper)
==19==    by 0x40CFE96: <hyperreal::rational::arithmetic::Rational>::from_parts_raw (in /tmp/calcium-consumer-builds.X7kU2Y/calcium-reuse/debug/calcium-matrix-pivot-hyper)
==19==    by 0x40D02A5: <&hyperreal::rational::arithmetic::Rational as core::ops::arith::Neg>::neg (in /tmp/calcium-consumer-builds.X7kU2Y/calcium-reuse/debug/calcium-matrix-pivot-hyper)
==19==    by 0x40D055E: <hyperreal::rational::arithmetic::Rational as core::ops::arith::Neg>::neg (in /tmp/calcium-consumer-builds.X7kU2Y/calcium-reuse/debug/calcium-matrix-pivot-hyper)
==19==    by 0x40D45C9: <hyperreal::real::arithmetic::Real as core::ops::arith::Neg>::neg (in /tmp/calcium-consumer-builds.X7kU2Y/calcium-reuse/debug/calcium-matrix-pivot-hyper)
==19==    by 0x40D21F0: hypersolve::bareiss::determinant_bareiss (in /tmp/calcium-consumer-builds.X7kU2Y/calcium-reuse/debug/calcium-matrix-pivot-hyper)
==19==    by 0x40CB4BF: calcium_matrix_pivot_hyper::main (in /tmp/calcium-consumer-builds.X7kU2Y/calcium-reuse/debug/calcium-matrix-pivot-hyper)
==19==    by 0x40CE592: <fn() as core::ops::function::FnOnce<()>>::call_once (in /tmp/calcium-consumer-builds.X7kU2Y/calcium-reuse/debug/calcium-matrix-pivot-hyper)
==19==    by 0x40CA7F5: std::sys::backtrace::__rust_begin_short_backtrace::<fn(), ()> (in /tmp/calcium-consumer-builds.X7kU2Y/calcium-reuse/debug/calcium-matrix-pivot-hyper)
==19== 
==19== 624 bytes in 6 blocks are still reachable in loss record 20 of 32
==19==    at 0x4AB1AE6: malloc (vg_replace_malloc.c:447)
==19==    by 0x41B42F1: <alloc::alloc::Global>::alloc_impl_runtime (in /tmp/calcium-consumer-builds.X7kU2Y/calcium-reuse/debug/calcium-matrix-pivot-hyper)
==19==    by 0x41A3E44: alloc::boxed::box_new_uninit (in /tmp/calcium-consumer-builds.X7kU2Y/calcium-reuse/debug/calcium-matrix-pivot-hyper)
==19==    by 0x41CBA17: <alloc::sync::Arc<hyperreal::rational::arithmetic::RationalData>>::new (in /tmp/calcium-consumer-builds.X7kU2Y/calcium-reuse/debug/calcium-matrix-pivot-hyper)
==19==    by 0x4118F66: <hyperreal::rational::arithmetic::Rational>::from_parts_raw (in /tmp/calcium-consumer-builds.X7kU2Y/calcium-reuse/debug/calcium-matrix-pivot-hyper)
==19==    by 0x41226FC: <hyperreal::rational::arithmetic::Rational>::from_reduced_word_parts (in /tmp/calcium-consumer-builds.X7kU2Y/calcium-reuse/debug/calcium-matrix-pivot-hyper)
==19==    by 0x410D379: <hyperreal::rational::arithmetic::Rational>::mul_div_words (in /tmp/calcium-consumer-builds.X7kU2Y/calcium-reuse/debug/calcium-matrix-pivot-hyper)
==19==    by 0x4127009: <&hyperreal::rational::arithmetic::Rational as core::ops::arith::Mul>::mul (in /tmp/calcium-consumer-builds.X7kU2Y/calcium-reuse/debug/calcium-matrix-pivot-hyper)
==19==    by 0x40D80B3: <hyperreal::real::arithmetic::Real as core::ops::arith::MulAssign<&hyperreal::real::arithmetic::Real>>::mul_assign (in /tmp/calcium-consumer-builds.X7kU2Y/calcium-reuse/debug/calcium-matrix-pivot-hyper)
==19==    by 0x40CBC26: calcium_matrix_pivot_hyper::main (in /tmp/calcium-consumer-builds.X7kU2Y/calcium-reuse/debug/calcium-matrix-pivot-hyper)
==19==    by 0x40CE592: <fn() as core::ops::function::FnOnce<()>>::call_once (in /tmp/calcium-consumer-builds.X7kU2Y/calcium-reuse/debug/calcium-matrix-pivot-hyper)
==19==    by 0x40CA7F5: std::sys::backtrace::__rust_begin_short_backtrace::<fn(), ()> (in /tmp/calcium-consumer-builds.X7kU2Y/calcium-reuse/debug/calcium-matrix-pivot-hyper)
==19== 
==19== 728 bytes in 7 blocks are still reachable in loss record 21 of 32
==19==    at 0x4AB1AE6: malloc (vg_replace_malloc.c:447)
==19==    by 0x41B42F1: <alloc::alloc::Global>::alloc_impl_runtime (in /tmp/calcium-consumer-builds.X7kU2Y/calcium-reuse/debug/calcium-matrix-pivot-hyper)
==19==    by 0x41A3E44: alloc::boxed::box_new_uninit (in /tmp/calcium-consumer-builds.X7kU2Y/calcium-reuse/debug/calcium-matrix-pivot-hyper)
==19==    by 0x41CBA17: <alloc::sync::Arc<hyperreal::rational::arithmetic::RationalData>>::new (in /tmp/calcium-consumer-builds.X7kU2Y/calcium-reuse/debug/calcium-matrix-pivot-hyper)
==19==    by 0x4118F66: <hyperreal::rational::arithmetic::Rational>::from_parts_raw (in /tmp/calcium-consumer-builds.X7kU2Y/calcium-reuse/debug/calcium-matrix-pivot-hyper)
==19==    by 0x41226FC: <hyperreal::rational::arithmetic::Rational>::from_reduced_word_parts (in /tmp/calcium-consumer-builds.X7kU2Y/calcium-reuse/debug/calcium-matrix-pivot-hyper)
==19==    by 0x410D379: <hyperreal::rational::arithmetic::Rational>::mul_div_words (in /tmp/calcium-consumer-builds.X7kU2Y/calcium-reuse/debug/calcium-matrix-pivot-hyper)
==19==    by 0x4127009: <&hyperreal::rational::arithmetic::Rational as core::ops::arith::Mul>::mul (in /tmp/calcium-consumer-builds.X7kU2Y/calcium-reuse/debug/calcium-matrix-pivot-hyper)
==19==    by 0x41275B7: <hyperreal::rational::arithmetic::Rational as core::ops::arith::Mul<&hyperreal::rational::arithmetic::Rational>>::mul (in /tmp/calcium-consumer-builds.X7kU2Y/calcium-reuse/debug/calcium-matrix-pivot-hyper)
==19==    by 0x40F706C: <&hyperreal::real::arithmetic::Real as core::ops::arith::Mul>::mul (in /tmp/calcium-consumer-builds.X7kU2Y/calcium-reuse/debug/calcium-matrix-pivot-hyper)
==19==    by 0x40FA395: <hyperreal::real::arithmetic::Real as core::ops::arith::Mul>::mul (in /tmp/calcium-consumer-builds.X7kU2Y/calcium-reuse/debug/calcium-matrix-pivot-hyper)
==19==    by 0x40D1507: hypersolve::bareiss::bareiss_update (in /tmp/calcium-consumer-builds.X7kU2Y/calcium-reuse/debug/calcium-matrix-pivot-hyper)
==19== 
==19== 728 bytes in 7 blocks are still reachable in loss record 22 of 32
==19==    at 0x4AB1AE6: malloc (vg_replace_malloc.c:447)
==19==    by 0x41B42F1: <alloc::alloc::Global>::alloc_impl_runtime (in /tmp/calcium-consumer-builds.X7kU2Y/calcium-reuse/debug/calcium-matrix-pivot-hyper)
==19==    by 0x41A3E44: alloc::boxed::box_new_uninit (in /tmp/calcium-consumer-builds.X7kU2Y/calcium-reuse/debug/calcium-matrix-pivot-hyper)
==19==    by 0x41CBA17: <alloc::sync::Arc<hyperreal::rational::arithmetic::RationalData>>::new (in /tmp/calcium-consumer-builds.X7kU2Y/calcium-reuse/debug/calcium-matrix-pivot-hyper)
==19==    by 0x4118F66: <hyperreal::rational::arithmetic::Rational>::from_parts_raw (in /tmp/calcium-consumer-builds.X7kU2Y/calcium-reuse/debug/calcium-matrix-pivot-hyper)
==19==    by 0x411CA4A: <hyperreal::rational::arithmetic::Rational>::inverse (in /tmp/calcium-consumer-builds.X7kU2Y/calcium-reuse/debug/calcium-matrix-pivot-hyper)
==19==    by 0x40DC510: <hyperreal::real::arithmetic::Real>::inverse_ref (in /tmp/calcium-consumer-builds.X7kU2Y/calcium-reuse/debug/calcium-matrix-pivot-hyper)
==19==    by 0x40FF071: <&hyperreal::real::arithmetic::Real as core::ops::arith::Div>::div (in /tmp/calcium-consumer-builds.X7kU2Y/calcium-reuse/debug/calcium-matrix-pivot-hyper)
==19==    by 0x41004C5: <hyperreal::real::arithmetic::Real as core::ops::arith::Div>::div (in /tmp/calcium-consumer-builds.X7kU2Y/calcium-reuse/debug/calcium-matrix-pivot-hyper)
==19==    by 0x40D18CD: hypersolve::bareiss::bareiss_quotient (in /tmp/calcium-consumer-builds.X7kU2Y/calcium-reuse/debug/calcium-matrix-pivot-hyper)
==19==    by 0x40D162F: hypersolve::bareiss::bareiss_update (in /tmp/calcium-consumer-builds.X7kU2Y/calcium-reuse/debug/calcium-matrix-pivot-hyper)
==19==    by 0x40D2B76: hypersolve::bareiss::determinant_bareiss (in /tmp/calcium-consumer-builds.X7kU2Y/calcium-reuse/debug/calcium-matrix-pivot-hyper)
==19== 
==19== 1,056 bytes in 6 blocks are still reachable in loss record 23 of 32
==19==    at 0x4AB1AE6: malloc (vg_replace_malloc.c:447)
==19==    by 0x41B42F1: <alloc::alloc::Global>::alloc_impl_runtime (in /tmp/calcium-consumer-builds.X7kU2Y/calcium-reuse/debug/calcium-matrix-pivot-hyper)
==19==    by 0x41A3E44: alloc::boxed::box_new_uninit (in /tmp/calcium-consumer-builds.X7kU2Y/calcium-reuse/debug/calcium-matrix-pivot-hyper)
==19==    by 0x4114864: <hyperreal::rational::arithmetic::Rational>::retain_negation_entry (in /tmp/calcium-consumer-builds.X7kU2Y/calcium-reuse/debug/calcium-matrix-pivot-hyper)
==19==    by 0x4113E95: <hyperreal::rational::arithmetic::Rational>::retain_negation_pair (in /tmp/calcium-consumer-builds.X7kU2Y/calcium-reuse/debug/calcium-matrix-pivot-hyper)
==19==    by 0x40D02D1: <&hyperreal::rational::arithmetic::Rational as core::ops::arith::Neg>::neg (in /tmp/calcium-consumer-builds.X7kU2Y/calcium-reuse/debug/calcium-matrix-pivot-hyper)
==19==    by 0x40D055E: <hyperreal::rational::arithmetic::Rational as core::ops::arith::Neg>::neg (in /tmp/calcium-consumer-builds.X7kU2Y/calcium-reuse/debug/calcium-matrix-pivot-hyper)
==19==    by 0x40D45C9: <hyperreal::real::arithmetic::Real as core::ops::arith::Neg>::neg (in /tmp/calcium-consumer-builds.X7kU2Y/calcium-reuse/debug/calcium-matrix-pivot-hyper)
==19==    by 0x40D21F0: hypersolve::bareiss::determinant_bareiss (in /tmp/calcium-consumer-builds.X7kU2Y/calcium-reuse/debug/calcium-matrix-pivot-hyper)
==19==    by 0x40CB4BF: calcium_matrix_pivot_hyper::main (in /tmp/calcium-consumer-builds.X7kU2Y/calcium-reuse/debug/calcium-matrix-pivot-hyper)
==19==    by 0x40CE592: <fn() as core::ops::function::FnOnce<()>>::call_once (in /tmp/calcium-consumer-builds.X7kU2Y/calcium-reuse/debug/calcium-matrix-pivot-hyper)
==19==    by 0x40CA7F5: std::sys::backtrace::__rust_begin_short_backtrace::<fn(), ()> (in /tmp/calcium-consumer-builds.X7kU2Y/calcium-reuse/debug/calcium-matrix-pivot-hyper)
==19== 
==19== 1,056 bytes in 6 blocks are still reachable in loss record 24 of 32
==19==    at 0x4AB1AE6: malloc (vg_replace_malloc.c:447)
==19==    by 0x41B42F1: <alloc::alloc::Global>::alloc_impl_runtime (in /tmp/calcium-consumer-builds.X7kU2Y/calcium-reuse/debug/calcium-matrix-pivot-hyper)
==19==    by 0x41A3E44: alloc::boxed::box_new_uninit (in /tmp/calcium-consumer-builds.X7kU2Y/calcium-reuse/debug/calcium-matrix-pivot-hyper)
==19==    by 0x4114864: <hyperreal::rational::arithmetic::Rational>::retain_negation_entry (in /tmp/calcium-consumer-builds.X7kU2Y/calcium-reuse/debug/calcium-matrix-pivot-hyper)
==19==    by 0x4113EB0: <hyperreal::rational::arithmetic::Rational>::retain_negation_pair (in /tmp/calcium-consumer-builds.X7kU2Y/calcium-reuse/debug/calcium-matrix-pivot-hyper)
==19==    by 0x40D02D1: <&hyperreal::rational::arithmetic::Rational as core::ops::arith::Neg>::neg (in /tmp/calcium-consumer-builds.X7kU2Y/calcium-reuse/debug/calcium-matrix-pivot-hyper)
==19==    by 0x40D055E: <hyperreal::rational::arithmetic::Rational as core::ops::arith::Neg>::neg (in /tmp/calcium-consumer-builds.X7kU2Y/calcium-reuse/debug/calcium-matrix-pivot-hyper)
==19==    by 0x40D45C9: <hyperreal::real::arithmetic::Real as core::ops::arith::Neg>::neg (in /tmp/calcium-consumer-builds.X7kU2Y/calcium-reuse/debug/calcium-matrix-pivot-hyper)
==19==    by 0x40D21F0: hypersolve::bareiss::determinant_bareiss (in /tmp/calcium-consumer-builds.X7kU2Y/calcium-reuse/debug/calcium-matrix-pivot-hyper)
==19==    by 0x40CB4BF: calcium_matrix_pivot_hyper::main (in /tmp/calcium-consumer-builds.X7kU2Y/calcium-reuse/debug/calcium-matrix-pivot-hyper)
==19==    by 0x40CE592: <fn() as core::ops::function::FnOnce<()>>::call_once (in /tmp/calcium-consumer-builds.X7kU2Y/calcium-reuse/debug/calcium-matrix-pivot-hyper)
==19==    by 0x40CA7F5: std::sys::backtrace::__rust_begin_short_backtrace::<fn(), ()> (in /tmp/calcium-consumer-builds.X7kU2Y/calcium-reuse/debug/calcium-matrix-pivot-hyper)
==19== 
==19== 1,232 bytes in 7 blocks are still reachable in loss record 25 of 32
==19==    at 0x4AB1AE6: malloc (vg_replace_malloc.c:447)
==19==    by 0x41B42F1: <alloc::alloc::Global>::alloc_impl_runtime (in /tmp/calcium-consumer-builds.X7kU2Y/calcium-reuse/debug/calcium-matrix-pivot-hyper)
==19==    by 0x41A3E44: alloc::boxed::box_new_uninit (in /tmp/calcium-consumer-builds.X7kU2Y/calcium-reuse/debug/calcium-matrix-pivot-hyper)
==19==    by 0x411A124: <hyperreal::rational::arithmetic::Rational>::retain_inverse_entry (in /tmp/calcium-consumer-builds.X7kU2Y/calcium-reuse/debug/calcium-matrix-pivot-hyper)
==19==    by 0x4119525: <hyperreal::rational::arithmetic::Rational>::retain_inverse_pair (in /tmp/calcium-consumer-builds.X7kU2Y/calcium-reuse/debug/calcium-matrix-pivot-hyper)
==19==    by 0x411CA7B: <hyperreal::rational::arithmetic::Rational>::inverse (in /tmp/calcium-consumer-builds.X7kU2Y/calcium-reuse/debug/calcium-matrix-pivot-hyper)
==19==    by 0x40DC510: <hyperreal::real::arithmetic::Real>::inverse_ref (in /tmp/calcium-consumer-builds.X7kU2Y/calcium-reuse/debug/calcium-matrix-pivot-hyper)
==19==    by 0x40FF071: <&hyperreal::real::arithmetic::Real as core::ops::arith::Div>::div (in /tmp/calcium-consumer-builds.X7kU2Y/calcium-reuse/debug/calcium-matrix-pivot-hyper)
==19==    by 0x41004C5: <hyperreal::real::arithmetic::Real as core::ops::arith::Div>::div (in /tmp/calcium-consumer-builds.X7kU2Y/calcium-reuse/debug/calcium-matrix-pivot-hyper)
==19==    by 0x40D18CD: hypersolve::bareiss::bareiss_quotient (in /tmp/calcium-consumer-builds.X7kU2Y/calcium-reuse/debug/calcium-matrix-pivot-hyper)
==19==    by 0x40D162F: hypersolve::bareiss::bareiss_update (in /tmp/calcium-consumer-builds.X7kU2Y/calcium-reuse/debug/calcium-matrix-pivot-hyper)
==19==    by 0x40D2B76: hypersolve::bareiss::determinant_bareiss (in /tmp/calcium-consumer-builds.X7kU2Y/calcium-reuse/debug/calcium-matrix-pivot-hyper)
==19== 
==19== 1,408 bytes in 8 blocks are still reachable in loss record 26 of 32
==19==    at 0x4AB1AE6: malloc (vg_replace_malloc.c:447)
==19==    by 0x41B42F1: <alloc::alloc::Global>::alloc_impl_runtime (in /tmp/calcium-consumer-builds.X7kU2Y/calcium-reuse/debug/calcium-matrix-pivot-hyper)
==19==    by 0x41A3E44: alloc::boxed::box_new_uninit (in /tmp/calcium-consumer-builds.X7kU2Y/calcium-reuse/debug/calcium-matrix-pivot-hyper)
==19==    by 0x410E95D: <hyperreal::rational::arithmetic::Rational>::retain_linear (in /tmp/calcium-consumer-builds.X7kU2Y/calcium-reuse/debug/calcium-matrix-pivot-hyper)
==19==    by 0x410FBCD: <hyperreal::rational::arithmetic::Rational>::retain_product_pair (in /tmp/calcium-consumer-builds.X7kU2Y/calcium-reuse/debug/calcium-matrix-pivot-hyper)
==19==    by 0x41270E5: <&hyperreal::rational::arithmetic::Rational as core::ops::arith::Mul>::mul (in /tmp/calcium-consumer-builds.X7kU2Y/calcium-reuse/debug/calcium-matrix-pivot-hyper)
==19==    by 0x40F9F49: <&hyperreal::real::arithmetic::Real as core::ops::arith::Mul>::mul (in /tmp/calcium-consumer-builds.X7kU2Y/calcium-reuse/debug/calcium-matrix-pivot-hyper)
==19==    by 0x40FA395: <hyperreal::real::arithmetic::Real as core::ops::arith::Mul>::mul (in /tmp/calcium-consumer-builds.X7kU2Y/calcium-reuse/debug/calcium-matrix-pivot-hyper)
==19==    by 0x40D1507: hypersolve::bareiss::bareiss_update (in /tmp/calcium-consumer-builds.X7kU2Y/calcium-reuse/debug/calcium-matrix-pivot-hyper)
==19==    by 0x40D2B76: hypersolve::bareiss::determinant_bareiss (in /tmp/calcium-consumer-builds.X7kU2Y/calcium-reuse/debug/calcium-matrix-pivot-hyper)
==19==    by 0x40CB4BF: calcium_matrix_pivot_hyper::main (in /tmp/calcium-consumer-builds.X7kU2Y/calcium-reuse/debug/calcium-matrix-pivot-hyper)
==19==    by 0x40CE592: <fn() as core::ops::function::FnOnce<()>>::call_once (in /tmp/calcium-consumer-builds.X7kU2Y/calcium-reuse/debug/calcium-matrix-pivot-hyper)
==19== 
==19== 1,872 bytes in 18 blocks are still reachable in loss record 27 of 32
==19==    at 0x4AB1AE6: malloc (vg_replace_malloc.c:447)
==19==    by 0x41B42F1: <alloc::alloc::Global>::alloc_impl_runtime (in /tmp/calcium-consumer-builds.X7kU2Y/calcium-reuse/debug/calcium-matrix-pivot-hyper)
==19==    by 0x41A3E44: alloc::boxed::box_new_uninit (in /tmp/calcium-consumer-builds.X7kU2Y/calcium-reuse/debug/calcium-matrix-pivot-hyper)
==19==    by 0x41CBA17: <alloc::sync::Arc<hyperreal::rational::arithmetic::RationalData>>::new (in /tmp/calcium-consumer-builds.X7kU2Y/calcium-reuse/debug/calcium-matrix-pivot-hyper)
==19==    by 0x40CC966: <hyperreal::rational::arithmetic::Rational>::from_parts_raw (in /tmp/calcium-consumer-builds.X7kU2Y/calcium-reuse/debug/calcium-matrix-pivot-hyper)
==19==    by 0x40CDC45: <&hyperreal::rational::arithmetic::Rational as core::ops::arith::Neg>::neg (in /tmp/calcium-consumer-builds.X7kU2Y/calcium-reuse/debug/calcium-matrix-pivot-hyper)
==19==    by 0x40CDEFE: <hyperreal::rational::arithmetic::Rational as core::ops::arith::Neg>::neg (in /tmp/calcium-consumer-builds.X7kU2Y/calcium-reuse/debug/calcium-matrix-pivot-hyper)
==19==    by 0x40CD9A9: <hyperreal::real::arithmetic::Real as core::ops::arith::Neg>::neg (in /tmp/calcium-consumer-builds.X7kU2Y/calcium-reuse/debug/calcium-matrix-pivot-hyper)
==19==    by 0x40CB25A: calcium_matrix_pivot_hyper::main (in /tmp/calcium-consumer-builds.X7kU2Y/calcium-reuse/debug/calcium-matrix-pivot-hyper)
==19==    by 0x40CE592: <fn() as core::ops::function::FnOnce<()>>::call_once (in /tmp/calcium-consumer-builds.X7kU2Y/calcium-reuse/debug/calcium-matrix-pivot-hyper)
==19==    by 0x40CA7F5: std::sys::backtrace::__rust_begin_short_backtrace::<fn(), ()> (in /tmp/calcium-consumer-builds.X7kU2Y/calcium-reuse/debug/calcium-matrix-pivot-hyper)
==19==    by 0x40CA808: std::rt::lang_start::<()>::{closure#0} (in /tmp/calcium-consumer-builds.X7kU2Y/calcium-reuse/debug/calcium-matrix-pivot-hyper)
==19== 
==19== 2,184 bytes in 21 blocks are still reachable in loss record 28 of 32
==19==    at 0x4AB1AE6: malloc (vg_replace_malloc.c:447)
==19==    by 0x41B42F1: <alloc::alloc::Global>::alloc_impl_runtime (in /tmp/calcium-consumer-builds.X7kU2Y/calcium-reuse/debug/calcium-matrix-pivot-hyper)
==19==    by 0x41A3E44: alloc::boxed::box_new_uninit (in /tmp/calcium-consumer-builds.X7kU2Y/calcium-reuse/debug/calcium-matrix-pivot-hyper)
==19==    by 0x41CBA17: <alloc::sync::Arc<hyperreal::rational::arithmetic::RationalData>>::new (in /tmp/calcium-consumer-builds.X7kU2Y/calcium-reuse/debug/calcium-matrix-pivot-hyper)
==19==    by 0x4118F66: <hyperreal::rational::arithmetic::Rational>::from_parts_raw (in /tmp/calcium-consumer-builds.X7kU2Y/calcium-reuse/debug/calcium-matrix-pivot-hyper)
==19==    by 0x41226FC: <hyperreal::rational::arithmetic::Rational>::from_reduced_word_parts (in /tmp/calcium-consumer-builds.X7kU2Y/calcium-reuse/debug/calcium-matrix-pivot-hyper)
==19==    by 0x410DF2E: <hyperreal::rational::arithmetic::Rational>::mul_div_words (in /tmp/calcium-consumer-builds.X7kU2Y/calcium-reuse/debug/calcium-matrix-pivot-hyper)
==19==    by 0x4127009: <&hyperreal::rational::arithmetic::Rational as core::ops::arith::Mul>::mul (in /tmp/calcium-consumer-builds.X7kU2Y/calcium-reuse/debug/calcium-matrix-pivot-hyper)
==19==    by 0x40F3581: <&hyperreal::real::arithmetic::Real as core::ops::arith::Mul<hyperreal::real::arithmetic::Real>>::mul (in /tmp/calcium-consumer-builds.X7kU2Y/calcium-reuse/debug/calcium-matrix-pivot-hyper)
==19==    by 0x40FF35F: <&hyperreal::real::arithmetic::Real as core::ops::arith::Div>::div (in /tmp/calcium-consumer-builds.X7kU2Y/calcium-reuse/debug/calcium-matrix-pivot-hyper)
==19==    by 0x41004C5: <hyperreal::real::arithmetic::Real as core::ops::arith::Div>::div (in /tmp/calcium-consumer-builds.X7kU2Y/calcium-reuse/debug/calcium-matrix-pivot-hyper)
==19==    by 0x40D18CD: hypersolve::bareiss::bareiss_quotient (in /tmp/calcium-consumer-builds.X7kU2Y/calcium-reuse/debug/calcium-matrix-pivot-hyper)
==19== 
==19== 2,600 bytes in 25 blocks are still reachable in loss record 29 of 32
==19==    at 0x4AB1AE6: malloc (vg_replace_malloc.c:447)
==19==    by 0x41B42F1: <alloc::alloc::Global>::alloc_impl_runtime (in /tmp/calcium-consumer-builds.X7kU2Y/calcium-reuse/debug/calcium-matrix-pivot-hyper)
==19==    by 0x41A3E44: alloc::boxed::box_new_uninit (in /tmp/calcium-consumer-builds.X7kU2Y/calcium-reuse/debug/calcium-matrix-pivot-hyper)
==19==    by 0x41CBA17: <alloc::sync::Arc<hyperreal::rational::arithmetic::RationalData>>::new (in /tmp/calcium-consumer-builds.X7kU2Y/calcium-reuse/debug/calcium-matrix-pivot-hyper)
==19==    by 0x4118F66: <hyperreal::rational::arithmetic::Rational>::from_parts_raw (in /tmp/calcium-consumer-builds.X7kU2Y/calcium-reuse/debug/calcium-matrix-pivot-hyper)
==19==    by 0x41226FC: <hyperreal::rational::arithmetic::Rational>::from_reduced_word_parts (in /tmp/calcium-consumer-builds.X7kU2Y/calcium-reuse/debug/calcium-matrix-pivot-hyper)
==19==    by 0x410D379: <hyperreal::rational::arithmetic::Rational>::mul_div_words (in /tmp/calcium-consumer-builds.X7kU2Y/calcium-reuse/debug/calcium-matrix-pivot-hyper)
==19==    by 0x4127009: <&hyperreal::rational::arithmetic::Rational as core::ops::arith::Mul>::mul (in /tmp/calcium-consumer-builds.X7kU2Y/calcium-reuse/debug/calcium-matrix-pivot-hyper)
==19==    by 0x40F9F49: <&hyperreal::real::arithmetic::Real as core::ops::arith::Mul>::mul (in /tmp/calcium-consumer-builds.X7kU2Y/calcium-reuse/debug/calcium-matrix-pivot-hyper)
==19==    by 0x40FA395: <hyperreal::real::arithmetic::Real as core::ops::arith::Mul>::mul (in /tmp/calcium-consumer-builds.X7kU2Y/calcium-reuse/debug/calcium-matrix-pivot-hyper)
==19==    by 0x40D1507: hypersolve::bareiss::bareiss_update (in /tmp/calcium-consumer-builds.X7kU2Y/calcium-reuse/debug/calcium-matrix-pivot-hyper)
==19==    by 0x40D2B76: hypersolve::bareiss::determinant_bareiss (in /tmp/calcium-consumer-builds.X7kU2Y/calcium-reuse/debug/calcium-matrix-pivot-hyper)
==19== 
==19== 2,704 bytes in 26 blocks are still reachable in loss record 30 of 32
==19==    at 0x4AB1AE6: malloc (vg_replace_malloc.c:447)
==19==    by 0x41B42F1: <alloc::alloc::Global>::alloc_impl_runtime (in /tmp/calcium-consumer-builds.X7kU2Y/calcium-reuse/debug/calcium-matrix-pivot-hyper)
==19==    by 0x41A3E44: alloc::boxed::box_new_uninit (in /tmp/calcium-consumer-builds.X7kU2Y/calcium-reuse/debug/calcium-matrix-pivot-hyper)
==19==    by 0x41CBA17: <alloc::sync::Arc<hyperreal::rational::arithmetic::RationalData>>::new (in /tmp/calcium-consumer-builds.X7kU2Y/calcium-reuse/debug/calcium-matrix-pivot-hyper)
==19==    by 0x4118F66: <hyperreal::rational::arithmetic::Rational>::from_parts_raw (in /tmp/calcium-consumer-builds.X7kU2Y/calcium-reuse/debug/calcium-matrix-pivot-hyper)
==19==    by 0x4104995: <hyperreal::rational::arithmetic::Rational>::small_integer::{closure#0} (in /tmp/calcium-consumer-builds.X7kU2Y/calcium-reuse/debug/calcium-matrix-pivot-hyper)
==19==    by 0x41C9F45: <std::sync::once_lock::OnceLock<hyperreal::rational::arithmetic::Rational>>::get_or_init::<<hyperreal::rational::arithmetic::Rational>::small_integer::{closure#0}>::{closure#0} (in /tmp/calcium-consumer-builds.X7kU2Y/calcium-reuse/debug/calcium-matrix-pivot-hyper)
==19==    by 0x41C9E78: <std::sync::once_lock::OnceLock<hyperreal::rational::arithmetic::Rational>>::initialize::<<std::sync::once_lock::OnceLock<hyperreal::rational::arithmetic::Rational>>::get_or_init<<hyperreal::rational::arithmetic::Rational>::small_integer::{closure#0}>::{closure#0}, !>::{closure#0} (in /tmp/calcium-consumer-builds.X7kU2Y/calcium-reuse/debug/calcium-matrix-pivot-hyper)
==19==    by 0x41C2513: <std::sync::once::Once>::call_once_force::<<std::sync::once_lock::OnceLock<hyperreal::rational::arithmetic::Rational>>::initialize<<std::sync::once_lock::OnceLock<hyperreal::rational::arithmetic::Rational>>::get_or_init<<hyperreal::rational::arithmetic::Rational>::small_integer::{closure#0}>::{closure#0}, !>::{closure#0}>::{closure#0} (in /tmp/calcium-consumer-builds.X7kU2Y/calcium-reuse/debug/calcium-matrix-pivot-hyper)
==19==    by 0x4204BD8: <std::sys::sync::once::futex::Once>::call (in /tmp/calcium-consumer-builds.X7kU2Y/calcium-reuse/debug/calcium-matrix-pivot-hyper)
==19==    by 0x41C1BF6: <std::sync::once::Once>::call_once_force::<<std::sync::once_lock::OnceLock<hyperreal::rational::arithmetic::Rational>>::initialize<<std::sync::once_lock::OnceLock<hyperreal::rational::arithmetic::Rational>>::get_or_init<<hyperreal::rational::arithmetic::Rational>::small_integer::{closure#0}>::{closure#0}, !>::{closure#0}> (in /tmp/calcium-consumer-builds.X7kU2Y/calcium-reuse/debug/calcium-matrix-pivot-hyper)
==19==    by 0x41C7755: <std::sync::once_lock::OnceLock<hyperreal::rational::arithmetic::Rational>>::initialize::<<std::sync::once_lock::OnceLock<hyperreal::rational::arithmetic::Rational>>::get_or_init<<hyperreal::rational::arithmetic::Rational>::small_integer::{closure#0}>::{closure#0}, !> (in /tmp/calcium-consumer-builds.X7kU2Y/calcium-reuse/debug/calcium-matrix-pivot-hyper)
==19== 
==19== 3,168 bytes in 18 blocks are still reachable in loss record 31 of 32
==19==    at 0x4AB1AE6: malloc (vg_replace_malloc.c:447)
==19==    by 0x41B42F1: <alloc::alloc::Global>::alloc_impl_runtime (in /tmp/calcium-consumer-builds.X7kU2Y/calcium-reuse/debug/calcium-matrix-pivot-hyper)
==19==    by 0x41A3E44: alloc::boxed::box_new_uninit (in /tmp/calcium-consumer-builds.X7kU2Y/calcium-reuse/debug/calcium-matrix-pivot-hyper)
==19==    by 0x4114864: <hyperreal::rational::arithmetic::Rational>::retain_negation_entry (in /tmp/calcium-consumer-builds.X7kU2Y/calcium-reuse/debug/calcium-matrix-pivot-hyper)
==19==    by 0x4113E95: <hyperreal::rational::arithmetic::Rational>::retain_negation_pair (in /tmp/calcium-consumer-builds.X7kU2Y/calcium-reuse/debug/calcium-matrix-pivot-hyper)
==19==    by 0x40CDC71: <&hyperreal::rational::arithmetic::Rational as core::ops::arith::Neg>::neg (in /tmp/calcium-consumer-builds.X7kU2Y/calcium-reuse/debug/calcium-matrix-pivot-hyper)
==19==    by 0x40CDEFE: <hyperreal::rational::arithmetic::Rational as core::ops::arith::Neg>::neg (in /tmp/calcium-consumer-builds.X7kU2Y/calcium-reuse/debug/calcium-matrix-pivot-hyper)
==19==    by 0x40CD9A9: <hyperreal::real::arithmetic::Real as core::ops::arith::Neg>::neg (in /tmp/calcium-consumer-builds.X7kU2Y/calcium-reuse/debug/calcium-matrix-pivot-hyper)
==19==    by 0x40CB25A: calcium_matrix_pivot_hyper::main (in /tmp/calcium-consumer-builds.X7kU2Y/calcium-reuse/debug/calcium-matrix-pivot-hyper)
==19==    by 0x40CE592: <fn() as core::ops::function::FnOnce<()>>::call_once (in /tmp/calcium-consumer-builds.X7kU2Y/calcium-reuse/debug/calcium-matrix-pivot-hyper)
==19==    by 0x40CA7F5: std::sys::backtrace::__rust_begin_short_backtrace::<fn(), ()> (in /tmp/calcium-consumer-builds.X7kU2Y/calcium-reuse/debug/calcium-matrix-pivot-hyper)
==19==    by 0x40CA808: std::rt::lang_start::<()>::{closure#0} (in /tmp/calcium-consumer-builds.X7kU2Y/calcium-reuse/debug/calcium-matrix-pivot-hyper)
==19== 
==19== 3,168 bytes in 18 blocks are still reachable in loss record 32 of 32
==19==    at 0x4AB1AE6: malloc (vg_replace_malloc.c:447)
==19==    by 0x41B42F1: <alloc::alloc::Global>::alloc_impl_runtime (in /tmp/calcium-consumer-builds.X7kU2Y/calcium-reuse/debug/calcium-matrix-pivot-hyper)
==19==    by 0x41A3E44: alloc::boxed::box_new_uninit (in /tmp/calcium-consumer-builds.X7kU2Y/calcium-reuse/debug/calcium-matrix-pivot-hyper)
==19==    by 0x4114864: <hyperreal::rational::arithmetic::Rational>::retain_negation_entry (in /tmp/calcium-consumer-builds.X7kU2Y/calcium-reuse/debug/calcium-matrix-pivot-hyper)
==19==    by 0x4113EB0: <hyperreal::rational::arithmetic::Rational>::retain_negation_pair (in /tmp/calcium-consumer-builds.X7kU2Y/calcium-reuse/debug/calcium-matrix-pivot-hyper)
==19==    by 0x40CDC71: <&hyperreal::rational::arithmetic::Rational as core::ops::arith::Neg>::neg (in /tmp/calcium-consumer-builds.X7kU2Y/calcium-reuse/debug/calcium-matrix-pivot-hyper)
==19==    by 0x40CDEFE: <hyperreal::rational::arithmetic::Rational as core::ops::arith::Neg>::neg (in /tmp/calcium-consumer-builds.X7kU2Y/calcium-reuse/debug/calcium-matrix-pivot-hyper)
==19==    by 0x40CD9A9: <hyperreal::real::arithmetic::Real as core::ops::arith::Neg>::neg (in /tmp/calcium-consumer-builds.X7kU2Y/calcium-reuse/debug/calcium-matrix-pivot-hyper)
==19==    by 0x40CB25A: calcium_matrix_pivot_hyper::main (in /tmp/calcium-consumer-builds.X7kU2Y/calcium-reuse/debug/calcium-matrix-pivot-hyper)
==19==    by 0x40CE592: <fn() as core::ops::function::FnOnce<()>>::call_once (in /tmp/calcium-consumer-builds.X7kU2Y/calcium-reuse/debug/calcium-matrix-pivot-hyper)
==19==    by 0x40CA7F5: std::sys::backtrace::__rust_begin_short_backtrace::<fn(), ()> (in /tmp/calcium-consumer-builds.X7kU2Y/calcium-reuse/debug/calcium-matrix-pivot-hyper)
==19==    by 0x40CA808: std::rt::lang_start::<()>::{closure#0} (in /tmp/calcium-consumer-builds.X7kU2Y/calcium-reuse/debug/calcium-matrix-pivot-hyper)
==19== 
==19== LEAK SUMMARY:
==19==    definitely lost: 0 bytes in 0 blocks
==19==    indirectly lost: 0 bytes in 0 blocks
==19==      possibly lost: 0 bytes in 0 blocks
==19==    still reachable: 26,656 bytes in 205 blocks
==19==         suppressed: 0 bytes in 0 blocks
==19== 
==19== For lists of detected and suppressed errors, rerun with: -s
==19== ERROR SUMMARY: 0 errors from 0 contexts (suppressed: 0 from 0)
