kind,n,shape,expected_zero,method,equality
0,0,0,0,FractionFree,Equal
0,0,1,0,FractionFree,Equal
0,0,2,0,FractionFree,Equal
0,0,3,0,FractionFree,Equal
0,0,4,0,FractionFree,Equal
0,0,5,0,FractionFree,Equal
0,1,0,0,FractionFree,Equal
0,1,1,1,FractionFree,Equal
0,1,2,1,FractionFree,Equal
0,1,3,1,FractionFree,Equal
0,1,4,0,FractionFree,Equal
0,1,5,0,FractionFree,Equal
0,2,0,0,FractionFree,Equal
0,2,1,1,FractionFree,Equal
0,2,2,1,FractionFree,Equal
0,2,3,1,FractionFree,Equal
0,2,4,0,FractionFree,Equal
0,2,5,1,FractionFree,Equal
0,3,0,0,FractionFree,Equal
0,3,1,1,FractionFree,Equal
0,3,2,1,FractionFree,Equal
0,3,3,1,FractionFree,Equal
0,3,4,0,FractionFree,Equal
0,3,5,1,FractionFree,Equal
0,4,0,0,FractionFree,Equal
0,4,1,1,FractionFree,Equal
0,4,2,1,FractionFree,Equal
0,4,3,1,FractionFree,Equal
0,4,4,0,FractionFree,Equal
0,4,5,1,FractionFree,Equal
0,5,0,0,FractionFree,Equal
0,5,1,1,FractionFree,Equal
0,5,2,1,FractionFree,Equal
0,5,3,1,FractionFree,Equal
0,5,4,0,FractionFree,Equal
0,5,5,1,FractionFree,Equal
0,6,0,0,FractionFree,Equal
0,6,1,1,FractionFree,Equal
0,6,2,1,FractionFree,Equal
0,6,3,1,FractionFree,Equal
0,6,4,0,FractionFree,Equal
0,6,5,1,FractionFree,Equal
0,7,0,0,FractionFree,Equal
0,7,1,1,FractionFree,Equal
0,7,2,1,FractionFree,Equal
0,7,3,1,FractionFree,Equal
0,7,4,0,FractionFree,Equal
0,7,5,1,FractionFree,Equal
0,8,0,0,FractionFree,Equal
0,8,1,1,FractionFree,Equal
0,8,2,1,FractionFree,Equal
0,8,3,1,FractionFree,Equal
0,8,4,0,FractionFree,Equal
0,8,5,1,FractionFree,Equal
0,9,0,0,FractionFree,Equal
0,9,1,1,FractionFree,Equal
0,9,2,1,FractionFree,Equal
0,9,3,1,FractionFree,Equal
0,9,4,0,FractionFree,Equal
0,9,5,1,FractionFree,Equal
0,10,0,0,FractionFree,Equal
0,10,1,1,FractionFree,Equal
0,10,2,1,FractionFree,Equal
0,10,3,1,FractionFree,Equal
0,10,4,0,FractionFree,Equal
0,10,5,1,FractionFree,Equal
1,0,0,0,FractionFree,Equal
1,0,1,0,FractionFree,Equal
1,0,2,0,FractionFree,Equal
1,0,3,0,FractionFree,Equal
1,0,4,0,FractionFree,Equal
1,0,5,0,FractionFree,Equal
1,1,0,0,FractionFree,Equal
1,1,1,1,FractionFree,Equal
1,1,2,1,FractionFree,Equal
1,1,3,1,FractionFree,Equal
1,1,4,0,FractionFree,Equal
1,1,5,0,FractionFree,Equal
1,2,0,0,FractionFree,Equal
1,2,1,1,FractionFree,Equal
1,2,2,1,FractionFree,Equal
1,2,3,1,FractionFree,Equal
1,2,4,0,FractionFree,Equal
1,2,5,1,FractionFree,Equal
1,3,0,0,FractionFree,Equal
1,3,1,1,FractionFree,Equal
1,3,2,1,FractionFree,Equal
1,3,3,1,FractionFree,Equal
1,3,4,0,FractionFree,Equal
1,3,5,1,FractionFree,Equal
1,4,0,0,FractionFree,Equal
1,4,1,1,FractionFree,Equal
1,4,2,1,FractionFree,Equal
1,4,3,1,FractionFree,Equal
1,4,4,0,FractionFree,Equal
1,4,5,1,FractionFree,Equal
1,5,0,0,FractionFree,Equal
1,5,1,1,FractionFree,Equal
1,5,2,1,FractionFree,Equal
1,5,3,1,FractionFree,Equal
1,5,4,0,FractionFree,Equal
1,5,5,1,FractionFree,Equal
1,6,0,0,FractionFree,Equal
1,6,1,1,FractionFree,Equal
1,6,2,1,FractionFree,Equal
1,6,3,1,FractionFree,Equal
1,6,4,0,FractionFree,Equal
1,6,5,1,FractionFree,Equal
1,7,0,0,FractionFree,Equal
1,7,1,1,FractionFree,Equal
1,7,2,1,FractionFree,Equal
1,7,3,1,FractionFree,Equal
1,7,4,0,FractionFree,Equal
1,7,5,1,FractionFree,Equal
1,8,0,0,FractionFree,Equal
1,8,1,1,FractionFree,Equal
1,8,2,1,FractionFree,Equal
1,8,3,1,FractionFree,Equal
1,8,4,0,FractionFree,Equal
1,8,5,1,FractionFree,Equal
1,9,0,0,FractionFree,Equal
1,9,1,1,FractionFree,Equal
1,9,2,1,FractionFree,Equal
1,9,3,1,FractionFree,Equal
1,9,4,0,FractionFree,Equal
1,9,5,1,FractionFree,Equal
1,10,0,0,FractionFree,Equal
1,10,1,1,FractionFree,Equal
1,10,2,1,FractionFree,Equal
1,10,3,1,FractionFree,Equal
1,10,4,0,FractionFree,Equal
1,10,5,1,FractionFree,Equal
2,0,0,0,FractionFree,Equal
2,0,1,0,FractionFree,Equal
2,0,2,0,FractionFree,Equal
2,0,3,0,FractionFree,Equal
2,0,4,0,FractionFree,Equal
2,0,5,0,FractionFree,Equal
2,1,0,0,FractionFree,Equal
2,1,1,1,FractionFree,Equal
2,1,2,1,FractionFree,Equal
2,1,3,1,FractionFree,Equal
2,1,4,0,FractionFree,Equal
2,1,5,0,FractionFree,Equal
2,2,0,0,FractionFree,Equal
2,2,1,1,FractionFree,Equal
2,2,2,1,FractionFree,Equal
2,2,3,1,FractionFree,Equal
2,2,4,0,FractionFree,Equal
2,2,5,1,FractionFree,Equal
2,3,0,0,FractionFree,Unknown
2,3,1,1,FractionFree,Equal
2,3,2,1,FractionFree,Equal
2,3,3,1,FractionFree,Equal
2,3,4,0,FractionFree,Unknown
2,3,5,1,FractionFree,Equal
2,4,0,0,FractionFree,Unknown
2,4,1,1,FractionFree,Equal
2,4,2,1,FractionFree,Equal
2,4,3,1,FractionFree,Equal
2,4,4,0,FractionFree,Unknown
2,4,5,1,FractionFree,Equal
2,5,0,0,FractionFree,Unknown
2,5,1,1,FractionFree,Equal
2,5,2,1,FractionFree,Equal
2,5,3,1,FractionFree,Equal
2,5,4,0,FractionFree,Unknown
2,5,5,1,FractionFree,Equal
2,6,0,0,FractionFree,Unknown
2,6,1,1,FractionFree,Equal
2,6,2,1,FractionFree,Equal
2,6,3,1,FractionFree,Equal
2,6,4,0,FractionFree,Unknown
2,6,5,1,FractionFree,Equal
2,7,0,0,FractionFree,Unknown
2,7,1,1,FractionFree,Equal
2,7,2,1,FractionFree,Equal
2,7,3,1,FractionFree,Equal
2,7,4,0,FractionFree,Unknown
2,7,5,1,FractionFree,Equal
2,8,0,0,FractionFree,Unknown
2,8,1,1,FractionFree,Equal
2,8,2,1,FractionFree,Equal
2,8,3,1,FractionFree,Equal
2,8,4,0,FractionFree,Unknown
2,8,5,1,FractionFree,Equal
2,9,0,0,FractionFree,Unknown
2,9,1,1,FractionFree,Equal
2,9,2,1,FractionFree,Equal
2,9,3,1,FractionFree,Equal
2,9,4,0,FractionFree,Unknown
2,9,5,1,FractionFree,Equal
2,10,0,0,FractionFree,Unknown
2,10,1,1,FractionFree,Equal
2,10,2,1,FractionFree,Equal
2,10,3,1,FractionFree,Equal
2,10,4,0,FractionFree,Unknown
2,10,5,1,FractionFree,Equal
{"suite":"hyper-matrix-pivots","cases":198,"unknown":16,"pivot_free":0}
