node:internal/child_process:1120
    result.error = new ErrnoException(result.error, 'spawnSync ' + options.file);
                   ^

<ref *1> Error: spawnSync git EPERM
    at Object.spawnSync (node:internal/child_process:1120:20)
    at spawnSync (node:child_process:902:24)
    at execFileSync (node:child_process:945:15)
    at git (file:///home/tim/Documents/GitHub/workspace/exactcore-hyper-comparison/audits/continuation/calcium/inventory.mjs:17:29)
    at file:///home/tim/Documents/GitHub/workspace/exactcore-hyper-comparison/audits/continuation/calcium/inventory.mjs:34:16
    at ModuleJob.run (node:internal/modules/esm/module_job:343:25)
    at async onImport.tracePromise.__proto__ (node:internal/modules/esm/loader:665:26)
    at async asyncRunEntryPointWithESMLoader (node:internal/modules/run_main:117:5) {
  errno: -1,
  code: 'EPERM',
  syscall: 'spawnSync git',
  path: 'git',
  spawnargs: [
    '-C',
    '/home/tim/Documents/GitHub/workspace/exact-real-references/calcium',
    'rev-parse',
    'HEAD'
  ],
  error: [Circular *1],
  status: 0,
  signal: null,
  output: [ null, '8dbb16fc4fe92eaf3ebbc7478d629e994d39f944\n', '' ],
  pid: 26,
  stdout: '8dbb16fc4fe92eaf3ebbc7478d629e994d39f944\n',
  stderr: ''
}

Node.js v22.22.2
