   Compiling syn v2.0.117
   Compiling bytemuck v1.25.0
   Compiling version_check v0.9.5
   Compiling num-complex v0.4.6
   Compiling gmp-mpfr-sys v1.7.1
   Compiling ahash v0.8.12
   Compiling safe_arch v0.7.4
   Compiling shlex v1.3.0
   Compiling find-msvc-tools v0.1.9
   Compiling cc v1.2.62
   Compiling wide v0.7.33
   Compiling zerocopy-derive v0.8.48
   Compiling serde_derive v1.0.228
   Compiling zerocopy v0.8.48
   Compiling serde v1.0.228
   Compiling regex-automata v0.4.14
   Compiling ppv-lite86 v0.2.21
   Compiling rand_chacha v0.9.0
   Compiling rand v0.9.4
   Compiling safe_arch v1.0.0
   Compiling approx v0.5.1
   Compiling rug v1.30.0
   Compiling simba v0.9.1
   Compiling wide v1.4.0
   Compiling libmimalloc-sys v0.1.47
   Compiling tracing-core v0.1.36
   Compiling hashbrown v0.17.1
   Compiling alloc-no-stdlib v2.0.4
   Compiling foldhash v0.1.5
   Compiling alloc-stdlib v0.2.2
   Compiling hashbrown v0.15.5
   Compiling indexmap v2.14.0
   Compiling xprec v0.2.2
   Compiling half v2.7.1
   Compiling tracing-attributes v0.1.31
   Compiling smartstring v1.0.1
   Compiling colored v3.1.1
   Compiling fixedbitset v0.5.7
   Compiling pin-project-lite v0.2.17
   Compiling bitflags v1.3.2
   Compiling dyn-clone v1.0.20
   Compiling lazy_static v1.5.0
   Compiling log v0.4.29
   Compiling ciborium-ll v0.2.2
   Compiling tracing-log v0.2.0
   Compiling clap_builder v4.6.0
   Compiling numerica v1.4.3
   Compiling sharded-slab v0.1.7
   Compiling region v3.0.2
   Compiling tracing v0.1.44
   Compiling petgraph v0.8.3
   Compiling num v0.4.3
   Compiling wasmtime-jit-icache-coherence v34.0.2
   Compiling brotli-decompressor v5.0.0
   Compiling matchers v0.2.0
   Compiling itertools v0.13.0
   Compiling thread_local v1.1.9
   Compiling nu-ansi-term v0.50.3
   Compiling symbolica v1.5.1
   Compiling spec_math v0.1.6
   Compiling static_assertions v1.1.0
   Compiling criterion-plot v0.6.0
   Compiling symjit v2.14.9
   Compiling tracing-subscriber v0.3.23
   Compiling brotli v8.0.2
   Compiling mimalloc v0.1.50
   Compiling hyperreal v0.13.1 (/home/tim/Documents/GitHub/workspace/hyperreal)
   Compiling graphica v1.2.1
   Compiling clap v4.6.1
   Compiling ciborium v0.2.2
   Compiling tinytemplate v1.2.1
   Compiling regex v1.12.3
   Compiling libloading v0.9.0
   Compiling byteorder v1.5.0
   Compiling self_cell v1.2.2
   Compiling bytes v1.11.1
   Compiling append-only-vec v0.1.8
   Compiling tinyjson v2.5.1
   Compiling criterion v0.7.0
   Compiling proptest v1.11.0
   Compiling hyperlattice v0.6.1 (/home/tim/Documents/GitHub/workspace/hyperlattice)
    Finished `test` profile [unoptimized] target(s) in 37.45s
     Running tests/complex.rs (/tmp/calcium-consumer-builds.X7kU2Y/calcium-reuse/debug/deps/complex-e44a8892838029d1)
