{"campaign":"point53","status":"recomputed","rawRows":3840,"counts":{"baseline":{"sameResult":{"groups":70,"intervals":{"legacy":{"below":17,"above":5,"includes":48},"correctedBootstrap":{"below":11,"above":2,"includes":57},"orderStatistic":{"below":9,"above":1,"includes":60}},"changedBootstrapClassification":9,"lostDirectionalBootstrapClaims":9,"changedBootstrapInterval":66},"changedResult":{"groups":10,"intervals":{"legacy":{"below":0,"above":7,"includes":3},"correctedBootstrap":{"below":0,"above":5,"includes":5},"orderStatistic":{"below":0,"above":3,"includes":7}},"changedBootstrapClassification":2,"lostDirectionalBootstrapClaims":2,"changedBootstrapInterval":9}}}}
{"campaign":"history56","groups":128}
{"campaign":"history56","groups":256}
{"campaign":"history56","groups":384}
{"campaign":"history56","groups":512}
{"campaign":"history56","groups":640}
{"campaign":"history56","groups":768}
{"campaign":"history56","status":"recomputed","rawRows":36864,"counts":{"baseline":{"sameResult":{"groups":512,"intervals":{"legacy":{"below":14,"above":192,"includes":306},"correctedBootstrap":{"below":9,"above":151,"includes":352},"orderStatistic":{"below":5,"above":114,"includes":393}},"changedBootstrapClassification":46,"lostDirectionalBootstrapClaims":46,"changedBootstrapInterval":478},"changedResult":{"groups":256,"intervals":{"legacy":{"below":3,"above":186,"includes":67},"correctedBootstrap":{"below":2,"above":176,"includes":78},"orderStatistic":{"below":0,"above":166,"includes":90}},"changedBootstrapClassification":11,"lostDirectionalBootstrapClaims":11,"changedBootstrapInterval":236}}}}
{"campaign":"demand57","groups":128}
{"campaign":"demand57","groups":256}
{"campaign":"demand57","groups":384}
{"campaign":"demand57","groups":512}
{"campaign":"demand57","groups":640}
{"campaign":"demand57","groups":768}
{"campaign":"demand57","status":"recomputed","rawRows":55296,"counts":{"baseline":{"sameResult":{"groups":512,"intervals":{"legacy":{"below":8,"above":134,"includes":370},"correctedBootstrap":{"below":4,"above":96,"includes":412},"orderStatistic":{"below":2,"above":73,"includes":437}},"changedBootstrapClassification":42,"lostDirectionalBootstrapClaims":42,"changedBootstrapInterval":476},"changedResult":{"groups":256,"intervals":{"legacy":{"below":1,"above":223,"includes":32},"correctedBootstrap":{"below":1,"above":215,"includes":40},"orderStatistic":{"below":1,"above":201,"includes":54}},"changedBootstrapClassification":8,"lostDirectionalBootstrapClaims":8,"changedBootstrapInterval":238}},"eager":{"sameResult":{"groups":768,"intervals":{"legacy":{"below":119,"above":184,"includes":465},"correctedBootstrap":{"below":95,"above":141,"includes":532},"orderStatistic":{"below":79,"above":111,"includes":578}},"changedBootstrapClassification":67,"lostDirectionalBootstrapClaims":67,"changedBootstrapInterval":714},"changedResult":{"groups":0,"intervals":{"legacy":{"below":0,"above":0,"includes":0},"correctedBootstrap":{"below":0,"above":0,"includes":0},"orderStatistic":{"below":0,"above":0,"includes":0}},"changedBootstrapClassification":0,"lostDirectionalBootstrapClaims":0,"changedBootstrapInterval":0}}}}
{"campaign":"wasm59","groups":128}
{"campaign":"wasm59","groups":256}
{"campaign":"wasm59","groups":384}
{"campaign":"wasm59","groups":512}
{"campaign":"wasm59","groups":640}
{"campaign":"wasm59","groups":768}
{"campaign":"wasm59","status":"recomputed","rawRows":55296,"counts":{"baseline":{"sameResult":{"groups":512,"intervals":{"legacy":{"below":165,"above":34,"includes":313},"correctedBootstrap":{"below":140,"above":19,"includes":353},"orderStatistic":{"below":113,"above":6,"includes":393}},"changedBootstrapClassification":40,"lostDirectionalBootstrapClaims":40,"changedBootstrapInterval":493},"changedResult":{"groups":256,"intervals":{"legacy":{"below":8,"above":163,"includes":85},"correctedBootstrap":{"below":5,"above":156,"includes":95},"orderStatistic":{"below":5,"above":151,"includes":100}},"changedBootstrapClassification":10,"lostDirectionalBootstrapClaims":10,"changedBootstrapInterval":249}},"eager":{"sameResult":{"groups":768,"intervals":{"legacy":{"below":159,"above":33,"includes":576},"correctedBootstrap":{"below":134,"above":24,"includes":610},"orderStatistic":{"below":118,"above":23,"includes":627}},"changedBootstrapClassification":34,"lostDirectionalBootstrapClaims":34,"changedBootstrapInterval":689},"changedResult":{"groups":0,"intervals":{"legacy":{"below":0,"above":0,"includes":0},"correctedBootstrap":{"below":0,"above":0,"includes":0},"orderStatistic":{"below":0,"above":0,"includes":0}},"changedBootstrapClassification":0,"lostDirectionalBootstrapClaims":0,"changedBootstrapInterval":0}}}}
{"status":"pass","totalRows":151296,"totalComparisons":3920,"inventoryMatches":45,"output":"point-statistics-v60-analysis.json"}
