   Compiling hypersolve v0.3.1 (/home/tim/Documents/GitHub/workspace/exactcore-hyper-comparison/audits/continuation/calcium/point-demand-candidate/hypersolve)
   Compiling hypercurve v0.3.1 (/home/tim/Documents/GitHub/workspace/exactcore-hyper-comparison/audits/continuation/calcium/point-demand-consumer-v66/hypercurve)
    Finished `release` profile [optimized] target(s) in 3m 28s
     Running unittests src/lib.rs (/tmp/calcium-consumer-builds.X7kU2Y/calcium-reuse/release/deps/hypercurve-c5092a1f7fa4e371)
     Running tests/exact_structural_facts.rs (/tmp/calcium-consumer-builds.X7kU2Y/calcium-reuse/release/deps/exact_structural_facts-70818b91ea496ce9)
     Running tests/hypercurve_adversarial_polygons.rs (/tmp/calcium-consumer-builds.X7kU2Y/calcium-reuse/release/deps/hypercurve_adversarial_polygons-ed0dd883e7025971)
     Running tests/hypercurve_analytic_parallel_region.rs (/tmp/calcium-consumer-builds.X7kU2Y/calcium-reuse/release/deps/hypercurve_analytic_parallel_region-23706436fe2deaa6)
     Running tests/hypercurve_arc_bezier.rs (/tmp/calcium-consumer-builds.X7kU2Y/calcium-reuse/release/deps/hypercurve_arc_bezier-4b6e9391acbaad69)
     Running tests/hypercurve_bbox.rs (/tmp/calcium-consumer-builds.X7kU2Y/calcium-reuse/release/deps/hypercurve_bbox-2fadd32945d0808d)
     Running tests/hypercurve_bezier_algebraic_image.rs (/tmp/calcium-consumer-builds.X7kU2Y/calcium-reuse/release/deps/hypercurve_bezier_algebraic_image-939eff3245139ad7)
     Running tests/hypercurve_bezier_algebraic_parameter.rs (/tmp/calcium-consumer-builds.X7kU2Y/calcium-reuse/release/deps/hypercurve_bezier_algebraic_parameter-c60d2d3f9133b6c5)
     Running tests/hypercurve_bezier_arrangement.rs (/tmp/calcium-consumer-builds.X7kU2Y/calcium-reuse/release/deps/hypercurve_bezier_arrangement-5be670059b6989ad)
     Running tests/hypercurve_bezier_evaluation.rs (/tmp/calcium-consumer-builds.X7kU2Y/calcium-reuse/release/deps/hypercurve_bezier_evaluation-880e886132323f26)
     Running tests/hypercurve_bezier_fit_offset.rs (/tmp/calcium-consumer-builds.X7kU2Y/calcium-reuse/release/deps/hypercurve_bezier_fit_offset-170faddd25a15cd7)
     Running tests/hypercurve_bezier_region.rs (/tmp/calcium-consumer-builds.X7kU2Y/calcium-reuse/release/deps/hypercurve_bezier_region-9e48022f61a58943)
     Running tests/hypercurve_bezier_split_materialization.rs (/tmp/calcium-consumer-builds.X7kU2Y/calcium-reuse/release/deps/hypercurve_bezier_split_materialization-cdbe48d7cfe525ae)
     Running tests/hypercurve_bezier_tangent_order.rs (/tmp/calcium-consumer-builds.X7kU2Y/calcium-reuse/release/deps/hypercurve_bezier_tangent_order-7a62c7144b660644)
     Running tests/hypercurve_bspline.rs (/tmp/calcium-consumer-builds.X7kU2Y/calcium-reuse/release/deps/hypercurve_bspline-6bffc24a8a57c29b)
     Running tests/hypercurve_circle_predicates.rs (/tmp/calcium-consumer-builds.X7kU2Y/calcium-reuse/release/deps/hypercurve_circle_predicates-f115c58d3e7b62d1)
     Running tests/hypercurve_contour.rs (/tmp/calcium-consumer-builds.X7kU2Y/calcium-reuse/release/deps/hypercurve_contour-64cea5c199acc2ce)
     Running tests/hypercurve_curve.rs (/tmp/calcium-consumer-builds.X7kU2Y/calcium-reuse/release/deps/hypercurve_curve-d01dfba073502bde)
     Running tests/hypercurve_curve_intersection.rs (/tmp/calcium-consumer-builds.X7kU2Y/calcium-reuse/release/deps/hypercurve_curve_intersection-9e9419cf26fbc3ac)
     Running tests/hypercurve_curve_region_boolean.rs (/tmp/calcium-consumer-builds.X7kU2Y/calcium-reuse/release/deps/hypercurve_curve_region_boolean-8ab783865ee9f627)
     Running tests/hypercurve_curve_region_boolean_fuzz.rs (/tmp/calcium-consumer-builds.X7kU2Y/calcium-reuse/release/deps/hypercurve_curve_region_boolean_fuzz-7d2246526e9db8e5)
     Running tests/hypercurve_curve_region_promotion.rs (/tmp/calcium-consumer-builds.X7kU2Y/calcium-reuse/release/deps/hypercurve_curve_region_promotion-1a7f05d46e9f966d)
     Running tests/hypercurve_curve_region_stroke.rs (/tmp/calcium-consumer-builds.X7kU2Y/calcium-reuse/release/deps/hypercurve_curve_region_stroke-fe3a86ed36554fe9)
     Running tests/hypercurve_curve_string.rs (/tmp/calcium-consumer-builds.X7kU2Y/calcium-reuse/release/deps/hypercurve_curve_string-f98a760bdb1f8a82)
     Running tests/hypercurve_derivative_completeness.rs (/tmp/calcium-consumer-builds.X7kU2Y/calcium-reuse/release/deps/hypercurve_derivative_completeness-2d3b61122e1c036c)
     Running tests/hypercurve_dispatch_trace.rs (/tmp/calcium-consumer-builds.X7kU2Y/calcium-reuse/release/deps/hypercurve_dispatch_trace-1a289f52915078e7)
     Running tests/hypercurve_events.rs (/tmp/calcium-consumer-builds.X7kU2Y/calcium-reuse/release/deps/hypercurve_events-e39eed1f3788a02f)
     Running tests/hypercurve_fragments.rs (/tmp/calcium-consumer-builds.X7kU2Y/calcium-reuse/release/deps/hypercurve_fragments-5583031b71622365)
     Running tests/hypercurve_fuzz_regressions.rs (/tmp/calcium-consumer-builds.X7kU2Y/calcium-reuse/release/deps/hypercurve_fuzz_regressions-8ab0026596d8e1f3)
     Running tests/hypercurve_geo_regressions.rs (/tmp/calcium-consumer-builds.X7kU2Y/calcium-reuse/release/deps/hypercurve_geo_regressions-d9a47275049a0c12)
     Running tests/hypercurve_nurbs.rs (/tmp/calcium-consumer-builds.X7kU2Y/calcium-reuse/release/deps/hypercurve_nurbs-8e55415712d2ce63)
     Running tests/hypercurve_nurbs_interpolation.rs (/tmp/calcium-consumer-builds.X7kU2Y/calcium-reuse/release/deps/hypercurve_nurbs_interpolation-bd2982f001a827db)
     Running tests/hypercurve_offset.rs (/tmp/calcium-consumer-builds.X7kU2Y/calcium-reuse/release/deps/hypercurve_offset-31dce7f9ce08c825)
     Running tests/hypercurve_pcb_boolean_regressions.rs (/tmp/calcium-consumer-builds.X7kU2Y/calcium-reuse/release/deps/hypercurve_pcb_boolean_regressions-eea9b539b4a0d738)
     Running tests/hypercurve_polynomial_spline.rs (/tmp/calcium-consumer-builds.X7kU2Y/calcium-reuse/release/deps/hypercurve_polynomial_spline-846f769a9b9e0c21)
     Running tests/hypercurve_pr59_shape_regressions.rs (/tmp/calcium-consumer-builds.X7kU2Y/calcium-reuse/release/deps/hypercurve_pr59_shape_regressions-8f17ea9d71cedef9)
     Running tests/hypercurve_rational_bezier.rs (/tmp/calcium-consumer-builds.X7kU2Y/calcium-reuse/release/deps/hypercurve_rational_bezier-50e6aaa6b7a1013e)
     Running tests/hypercurve_reconstruct.rs (/tmp/calcium-consumer-builds.X7kU2Y/calcium-reuse/release/deps/hypercurve_reconstruct-f393f58baba56716)
     Running tests/hypercurve_self_contacts.rs (/tmp/calcium-consumer-builds.X7kU2Y/calcium-reuse/release/deps/hypercurve_self_contacts-9169640baadae786)
     Running tests/hypercurve_split.rs (/tmp/calcium-consumer-builds.X7kU2Y/calcium-reuse/release/deps/hypercurve_split-e55a7dfe3092cbe4)
     Running tests/hypercurve_svg.rs (/tmp/calcium-consumer-builds.X7kU2Y/calcium-reuse/release/deps/hypercurve_svg-03e55371fa43a1db)
     Running tests/hypercurve_triangulation.rs (/tmp/calcium-consumer-builds.X7kU2Y/calcium-reuse/release/deps/hypercurve_triangulation-ebb25c6b9e4d18e4)
     Running tests/line_constant_coordinates.rs (/tmp/calcium-consumer-builds.X7kU2Y/calcium-reuse/release/deps/line_constant_coordinates-47816e114e32540d)
     Running tests/pathological_benchmark_fixture.rs (/tmp/calcium-consumer-builds.X7kU2Y/calcium-reuse/release/deps/pathological_benchmark_fixture-de853ba473ed56bb)
     Running tests/readme.rs (/tmp/calcium-consumer-builds.X7kU2Y/calcium-reuse/release/deps/readme-941432bd56aacad5)
   Doc-tests hypercurve
