   Compiling hyperreal v0.13.1 (/home/tim/Documents/GitHub/workspace/exactcore-hyper-comparison/audits/continuation/calcium/point-image-candidate/hyperreal)
   Compiling hyperlattice v0.6.1 (/home/tim/Documents/GitHub/workspace/exactcore-hyper-comparison/audits/continuation/calcium/point-image-candidate/hyperlattice)
   Compiling hyperlimit v0.4.1 (/home/tim/Documents/GitHub/workspace/exactcore-hyper-comparison/audits/continuation/calcium/point-image-candidate/hyperlimit)
   Compiling hypertri v0.4.1 (/home/tim/Documents/GitHub/workspace/exactcore-hyper-comparison/audits/continuation/calcium/point-image-candidate/hypertri)
   Compiling hypersolve v0.3.1 (/home/tim/Documents/GitHub/workspace/exactcore-hyper-comparison/audits/continuation/calcium/point-image-candidate/hypersolve)
   Compiling hypercurve v0.3.1 (/home/tim/Documents/GitHub/workspace/exactcore-hyper-comparison/audits/continuation/calcium/point-image-candidate/hypercurve)
    Finished `test` profile [unoptimized] target(s) in 45.74s
     Running unittests src/lib.rs (/tmp/calcium-consumer-builds.X7kU2Y/calcium-reuse/debug/deps/hypercurve-c6fe511d25cab157)
     Running tests/exact_structural_facts.rs (/tmp/calcium-consumer-builds.X7kU2Y/calcium-reuse/debug/deps/exact_structural_facts-ab5b0d745b5ba366)
     Running tests/hypercurve_adversarial_polygons.rs (/tmp/calcium-consumer-builds.X7kU2Y/calcium-reuse/debug/deps/hypercurve_adversarial_polygons-0102c3d47a1ba49e)
     Running tests/hypercurve_analytic_parallel_region.rs (/tmp/calcium-consumer-builds.X7kU2Y/calcium-reuse/debug/deps/hypercurve_analytic_parallel_region-549d5314f2cbf957)
     Running tests/hypercurve_arc_bezier.rs (/tmp/calcium-consumer-builds.X7kU2Y/calcium-reuse/debug/deps/hypercurve_arc_bezier-41a54c9146a7e3a6)
     Running tests/hypercurve_bbox.rs (/tmp/calcium-consumer-builds.X7kU2Y/calcium-reuse/debug/deps/hypercurve_bbox-4544ae1f2b2c8efc)
     Running tests/hypercurve_bezier_algebraic_image.rs (/tmp/calcium-consumer-builds.X7kU2Y/calcium-reuse/debug/deps/hypercurve_bezier_algebraic_image-fdb0af9770867811)
     Running tests/hypercurve_bezier_algebraic_parameter.rs (/tmp/calcium-consumer-builds.X7kU2Y/calcium-reuse/debug/deps/hypercurve_bezier_algebraic_parameter-d238e2ec1fe984c7)
     Running tests/hypercurve_bezier_arrangement.rs (/tmp/calcium-consumer-builds.X7kU2Y/calcium-reuse/debug/deps/hypercurve_bezier_arrangement-9b3b5805af927ae3)
     Running tests/hypercurve_bezier_evaluation.rs (/tmp/calcium-consumer-builds.X7kU2Y/calcium-reuse/debug/deps/hypercurve_bezier_evaluation-014bc5d4260fc0c3)
     Running tests/hypercurve_bezier_fit_offset.rs (/tmp/calcium-consumer-builds.X7kU2Y/calcium-reuse/debug/deps/hypercurve_bezier_fit_offset-f50560e2949316ac)
     Running tests/hypercurve_bezier_region.rs (/tmp/calcium-consumer-builds.X7kU2Y/calcium-reuse/debug/deps/hypercurve_bezier_region-049a4e05654931a9)
     Running tests/hypercurve_bezier_split_materialization.rs (/tmp/calcium-consumer-builds.X7kU2Y/calcium-reuse/debug/deps/hypercurve_bezier_split_materialization-abaaa95724ff2936)
     Running tests/hypercurve_bezier_tangent_order.rs (/tmp/calcium-consumer-builds.X7kU2Y/calcium-reuse/debug/deps/hypercurve_bezier_tangent_order-a661759953a0774a)
     Running tests/hypercurve_bspline.rs (/tmp/calcium-consumer-builds.X7kU2Y/calcium-reuse/debug/deps/hypercurve_bspline-09dc0bf8d9c14cc3)
     Running tests/hypercurve_circle_predicates.rs (/tmp/calcium-consumer-builds.X7kU2Y/calcium-reuse/debug/deps/hypercurve_circle_predicates-72e332088a7a6faa)
     Running tests/hypercurve_contour.rs (/tmp/calcium-consumer-builds.X7kU2Y/calcium-reuse/debug/deps/hypercurve_contour-88778486503469b6)
     Running tests/hypercurve_curve.rs (/tmp/calcium-consumer-builds.X7kU2Y/calcium-reuse/debug/deps/hypercurve_curve-69ba5cf9577b7395)
     Running tests/hypercurve_curve_intersection.rs (/tmp/calcium-consumer-builds.X7kU2Y/calcium-reuse/debug/deps/hypercurve_curve_intersection-fae4f84dcf0dd1ec)
     Running tests/hypercurve_curve_region_boolean.rs (/tmp/calcium-consumer-builds.X7kU2Y/calcium-reuse/debug/deps/hypercurve_curve_region_boolean-c09d5aec1bf3c1f5)
     Running tests/hypercurve_curve_region_boolean_fuzz.rs (/tmp/calcium-consumer-builds.X7kU2Y/calcium-reuse/debug/deps/hypercurve_curve_region_boolean_fuzz-5027ab8de7cebdc2)
     Running tests/hypercurve_curve_region_promotion.rs (/tmp/calcium-consumer-builds.X7kU2Y/calcium-reuse/debug/deps/hypercurve_curve_region_promotion-2176c7c4b7b17b19)
     Running tests/hypercurve_curve_region_stroke.rs (/tmp/calcium-consumer-builds.X7kU2Y/calcium-reuse/debug/deps/hypercurve_curve_region_stroke-73791301c781cd03)
     Running tests/hypercurve_curve_string.rs (/tmp/calcium-consumer-builds.X7kU2Y/calcium-reuse/debug/deps/hypercurve_curve_string-93886a60d286cf5c)
     Running tests/hypercurve_derivative_completeness.rs (/tmp/calcium-consumer-builds.X7kU2Y/calcium-reuse/debug/deps/hypercurve_derivative_completeness-a48f37537bac10e6)
     Running tests/hypercurve_dispatch_trace.rs (/tmp/calcium-consumer-builds.X7kU2Y/calcium-reuse/debug/deps/hypercurve_dispatch_trace-c9522b0eee685bb2)
     Running tests/hypercurve_events.rs (/tmp/calcium-consumer-builds.X7kU2Y/calcium-reuse/debug/deps/hypercurve_events-d328700354bd89d0)
     Running tests/hypercurve_fragments.rs (/tmp/calcium-consumer-builds.X7kU2Y/calcium-reuse/debug/deps/hypercurve_fragments-352d3437b47606ff)
     Running tests/hypercurve_fuzz_regressions.rs (/tmp/calcium-consumer-builds.X7kU2Y/calcium-reuse/debug/deps/hypercurve_fuzz_regressions-4364282bef443331)
     Running tests/hypercurve_geo_regressions.rs (/tmp/calcium-consumer-builds.X7kU2Y/calcium-reuse/debug/deps/hypercurve_geo_regressions-89d37e0a12740a28)
     Running tests/hypercurve_nurbs.rs (/tmp/calcium-consumer-builds.X7kU2Y/calcium-reuse/debug/deps/hypercurve_nurbs-6369312dce6047f6)
     Running tests/hypercurve_nurbs_interpolation.rs (/tmp/calcium-consumer-builds.X7kU2Y/calcium-reuse/debug/deps/hypercurve_nurbs_interpolation-8f3a7c3297b74676)
     Running tests/hypercurve_offset.rs (/tmp/calcium-consumer-builds.X7kU2Y/calcium-reuse/debug/deps/hypercurve_offset-60ea0fe9711a71ed)
     Running tests/hypercurve_pcb_boolean_regressions.rs (/tmp/calcium-consumer-builds.X7kU2Y/calcium-reuse/debug/deps/hypercurve_pcb_boolean_regressions-af54f8b08af9800e)
     Running tests/hypercurve_polynomial_spline.rs (/tmp/calcium-consumer-builds.X7kU2Y/calcium-reuse/debug/deps/hypercurve_polynomial_spline-bb52a945cd372cf1)
     Running tests/hypercurve_pr59_shape_regressions.rs (/tmp/calcium-consumer-builds.X7kU2Y/calcium-reuse/debug/deps/hypercurve_pr59_shape_regressions-50f271a291a0e39f)
     Running tests/hypercurve_rational_bezier.rs (/tmp/calcium-consumer-builds.X7kU2Y/calcium-reuse/debug/deps/hypercurve_rational_bezier-c07030fb867ed19c)
     Running tests/hypercurve_reconstruct.rs (/tmp/calcium-consumer-builds.X7kU2Y/calcium-reuse/debug/deps/hypercurve_reconstruct-348d384b2c362a7d)
     Running tests/hypercurve_self_contacts.rs (/tmp/calcium-consumer-builds.X7kU2Y/calcium-reuse/debug/deps/hypercurve_self_contacts-3d5b22ebb3d1ab82)
     Running tests/hypercurve_split.rs (/tmp/calcium-consumer-builds.X7kU2Y/calcium-reuse/debug/deps/hypercurve_split-0e436a2950f14f86)
     Running tests/hypercurve_svg.rs (/tmp/calcium-consumer-builds.X7kU2Y/calcium-reuse/debug/deps/hypercurve_svg-c51c83f348b9e8ad)
     Running tests/hypercurve_triangulation.rs (/tmp/calcium-consumer-builds.X7kU2Y/calcium-reuse/debug/deps/hypercurve_triangulation-61d4b7cc65b9cf8f)
     Running tests/line_constant_coordinates.rs (/tmp/calcium-consumer-builds.X7kU2Y/calcium-reuse/debug/deps/line_constant_coordinates-ef6b93de0966f5a0)
     Running tests/pathological_benchmark_fixture.rs (/tmp/calcium-consumer-builds.X7kU2Y/calcium-reuse/debug/deps/pathological_benchmark_fixture-379b85e3082379d9)
     Running tests/readme.rs (/tmp/calcium-consumer-builds.X7kU2Y/calcium-reuse/debug/deps/readme-2d770afa8754fc49)
