   Compiling hyperreal v0.13.1 (/home/tim/Documents/GitHub/workspace/exactcore-hyper-comparison/audits/continuation/calcium/point-image-qualified-candidate/hyperreal)
   Compiling hyperlattice v0.6.1 (/home/tim/Documents/GitHub/workspace/exactcore-hyper-comparison/audits/continuation/calcium/point-image-qualified-candidate/hyperlattice)
   Compiling hyperlimit v0.4.1 (/home/tim/Documents/GitHub/workspace/exactcore-hyper-comparison/audits/continuation/calcium/point-image-qualified-candidate/hyperlimit)
   Compiling hypersolve v0.3.1 (/home/tim/Documents/GitHub/workspace/exactcore-hyper-comparison/audits/continuation/calcium/point-image-qualified-candidate/hypersolve)
   Compiling hypertri v0.4.1 (/home/tim/Documents/GitHub/workspace/exactcore-hyper-comparison/audits/continuation/calcium/point-image-qualified-candidate/hypertri)
   Compiling hypercurve v0.3.1 (/home/tim/Documents/GitHub/workspace/exactcore-hyper-comparison/audits/continuation/calcium/point-image-qualified-candidate/hypercurve)
    Finished `release` profile [optimized] target(s) in 3m 47s
     Running unittests src/lib.rs (/tmp/calcium-consumer-builds.X7kU2Y/calcium-reuse/release/deps/hypercurve-77e941a173ce3603)
     Running tests/exact_structural_facts.rs (/tmp/calcium-consumer-builds.X7kU2Y/calcium-reuse/release/deps/exact_structural_facts-69cae9f4b767504b)
     Running tests/hypercurve_adversarial_polygons.rs (/tmp/calcium-consumer-builds.X7kU2Y/calcium-reuse/release/deps/hypercurve_adversarial_polygons-f05df0106abc0826)
     Running tests/hypercurve_analytic_parallel_region.rs (/tmp/calcium-consumer-builds.X7kU2Y/calcium-reuse/release/deps/hypercurve_analytic_parallel_region-a87e021b011a5a39)
     Running tests/hypercurve_arc_bezier.rs (/tmp/calcium-consumer-builds.X7kU2Y/calcium-reuse/release/deps/hypercurve_arc_bezier-606b39cc951c458a)
     Running tests/hypercurve_bbox.rs (/tmp/calcium-consumer-builds.X7kU2Y/calcium-reuse/release/deps/hypercurve_bbox-64f9d157a5256660)
     Running tests/hypercurve_bezier_algebraic_image.rs (/tmp/calcium-consumer-builds.X7kU2Y/calcium-reuse/release/deps/hypercurve_bezier_algebraic_image-692bde1d0ab6f323)
     Running tests/hypercurve_bezier_algebraic_parameter.rs (/tmp/calcium-consumer-builds.X7kU2Y/calcium-reuse/release/deps/hypercurve_bezier_algebraic_parameter-80aba02ba404b60d)
     Running tests/hypercurve_bezier_arrangement.rs (/tmp/calcium-consumer-builds.X7kU2Y/calcium-reuse/release/deps/hypercurve_bezier_arrangement-b4206ab83b1f9351)
     Running tests/hypercurve_bezier_evaluation.rs (/tmp/calcium-consumer-builds.X7kU2Y/calcium-reuse/release/deps/hypercurve_bezier_evaluation-1a1c551a296ddee6)
     Running tests/hypercurve_bezier_fit_offset.rs (/tmp/calcium-consumer-builds.X7kU2Y/calcium-reuse/release/deps/hypercurve_bezier_fit_offset-9b3fe24827e92a2a)
     Running tests/hypercurve_bezier_region.rs (/tmp/calcium-consumer-builds.X7kU2Y/calcium-reuse/release/deps/hypercurve_bezier_region-993bcc2c90cfafd0)
     Running tests/hypercurve_bezier_split_materialization.rs (/tmp/calcium-consumer-builds.X7kU2Y/calcium-reuse/release/deps/hypercurve_bezier_split_materialization-b9e5c9f0541a4ef2)
     Running tests/hypercurve_bezier_tangent_order.rs (/tmp/calcium-consumer-builds.X7kU2Y/calcium-reuse/release/deps/hypercurve_bezier_tangent_order-c59f0660e4d0606c)
     Running tests/hypercurve_bspline.rs (/tmp/calcium-consumer-builds.X7kU2Y/calcium-reuse/release/deps/hypercurve_bspline-f9885bc5ae70af0e)
     Running tests/hypercurve_circle_predicates.rs (/tmp/calcium-consumer-builds.X7kU2Y/calcium-reuse/release/deps/hypercurve_circle_predicates-8d556d7cdf5b2cd8)
     Running tests/hypercurve_contour.rs (/tmp/calcium-consumer-builds.X7kU2Y/calcium-reuse/release/deps/hypercurve_contour-16796d7d2c9d7439)
     Running tests/hypercurve_curve.rs (/tmp/calcium-consumer-builds.X7kU2Y/calcium-reuse/release/deps/hypercurve_curve-c2a36c5cd17175c3)
     Running tests/hypercurve_curve_intersection.rs (/tmp/calcium-consumer-builds.X7kU2Y/calcium-reuse/release/deps/hypercurve_curve_intersection-eab3000e3618a294)
     Running tests/hypercurve_curve_region_boolean.rs (/tmp/calcium-consumer-builds.X7kU2Y/calcium-reuse/release/deps/hypercurve_curve_region_boolean-83b48e47025b1bd6)
     Running tests/hypercurve_curve_region_boolean_fuzz.rs (/tmp/calcium-consumer-builds.X7kU2Y/calcium-reuse/release/deps/hypercurve_curve_region_boolean_fuzz-293b418146e9801d)
     Running tests/hypercurve_curve_region_promotion.rs (/tmp/calcium-consumer-builds.X7kU2Y/calcium-reuse/release/deps/hypercurve_curve_region_promotion-919d573868f8335a)
     Running tests/hypercurve_curve_region_stroke.rs (/tmp/calcium-consumer-builds.X7kU2Y/calcium-reuse/release/deps/hypercurve_curve_region_stroke-5aaae209229402e8)
     Running tests/hypercurve_curve_string.rs (/tmp/calcium-consumer-builds.X7kU2Y/calcium-reuse/release/deps/hypercurve_curve_string-9846539b62384b8f)
     Running tests/hypercurve_derivative_completeness.rs (/tmp/calcium-consumer-builds.X7kU2Y/calcium-reuse/release/deps/hypercurve_derivative_completeness-1e9f146f3315a8a2)
     Running tests/hypercurve_dispatch_trace.rs (/tmp/calcium-consumer-builds.X7kU2Y/calcium-reuse/release/deps/hypercurve_dispatch_trace-36a69fafb2c23d5f)
     Running tests/hypercurve_events.rs (/tmp/calcium-consumer-builds.X7kU2Y/calcium-reuse/release/deps/hypercurve_events-09f99d63f4c42421)
     Running tests/hypercurve_fragments.rs (/tmp/calcium-consumer-builds.X7kU2Y/calcium-reuse/release/deps/hypercurve_fragments-ef9bb529ba8028d9)
     Running tests/hypercurve_fuzz_regressions.rs (/tmp/calcium-consumer-builds.X7kU2Y/calcium-reuse/release/deps/hypercurve_fuzz_regressions-772d0a6595f1735f)
     Running tests/hypercurve_geo_regressions.rs (/tmp/calcium-consumer-builds.X7kU2Y/calcium-reuse/release/deps/hypercurve_geo_regressions-a24c67b0ed74c65a)
     Running tests/hypercurve_nurbs.rs (/tmp/calcium-consumer-builds.X7kU2Y/calcium-reuse/release/deps/hypercurve_nurbs-4ab378fa4ede205c)
     Running tests/hypercurve_nurbs_interpolation.rs (/tmp/calcium-consumer-builds.X7kU2Y/calcium-reuse/release/deps/hypercurve_nurbs_interpolation-a998b00c56b5223b)
     Running tests/hypercurve_offset.rs (/tmp/calcium-consumer-builds.X7kU2Y/calcium-reuse/release/deps/hypercurve_offset-4e5774276b6ca47b)
     Running tests/hypercurve_pcb_boolean_regressions.rs (/tmp/calcium-consumer-builds.X7kU2Y/calcium-reuse/release/deps/hypercurve_pcb_boolean_regressions-b0030c9dc00b82d9)
     Running tests/hypercurve_polynomial_spline.rs (/tmp/calcium-consumer-builds.X7kU2Y/calcium-reuse/release/deps/hypercurve_polynomial_spline-cc21fd83d7d44ab4)
     Running tests/hypercurve_pr59_shape_regressions.rs (/tmp/calcium-consumer-builds.X7kU2Y/calcium-reuse/release/deps/hypercurve_pr59_shape_regressions-05661113ac84d5ae)
     Running tests/hypercurve_rational_bezier.rs (/tmp/calcium-consumer-builds.X7kU2Y/calcium-reuse/release/deps/hypercurve_rational_bezier-9cae9cfe5868b144)
     Running tests/hypercurve_reconstruct.rs (/tmp/calcium-consumer-builds.X7kU2Y/calcium-reuse/release/deps/hypercurve_reconstruct-e9db85ec89c0f60b)
     Running tests/hypercurve_self_contacts.rs (/tmp/calcium-consumer-builds.X7kU2Y/calcium-reuse/release/deps/hypercurve_self_contacts-4e3c22e66b382170)
     Running tests/hypercurve_split.rs (/tmp/calcium-consumer-builds.X7kU2Y/calcium-reuse/release/deps/hypercurve_split-816129379b7574a9)
     Running tests/hypercurve_svg.rs (/tmp/calcium-consumer-builds.X7kU2Y/calcium-reuse/release/deps/hypercurve_svg-ebf48a4f5b7bc2ab)
     Running tests/hypercurve_triangulation.rs (/tmp/calcium-consumer-builds.X7kU2Y/calcium-reuse/release/deps/hypercurve_triangulation-b1d8b9349d889b8f)
     Running tests/line_constant_coordinates.rs (/tmp/calcium-consumer-builds.X7kU2Y/calcium-reuse/release/deps/line_constant_coordinates-ff2c46487389b769)
     Running tests/pathological_benchmark_fixture.rs (/tmp/calcium-consumer-builds.X7kU2Y/calcium-reuse/release/deps/pathological_benchmark_fixture-d3c44cde471b69b9)
     Running tests/readme.rs (/tmp/calcium-consumer-builds.X7kU2Y/calcium-reuse/release/deps/readme-7be4eaa3299c70e0)
   Doc-tests hypercurve
