node:internal/modules/run_main:123
    triggerUncaughtException(
    ^

AssertionError [ERR_ASSERTION]: Expected values to be strictly deep-equal:
+ actual - expected

  {
    allocations: 2908903,
+   cumulativeRequestedBytes: 215408740,
-   cumulativeRequestedBytes: 215408746,
    definitelyLost: 0,
    errors: 0,
    frees: 2893585,
    indirectlyLost: 0,
    possiblyLost: 0,

    at pointImageEvidence (file:///home/tim/Documents/GitHub/workspace/exactcore-hyper-comparison/audits/continuation/calcium/point-image-evidence.mjs:63:9)
    at file:///home/tim/Documents/GitHub/workspace/exactcore-hyper-comparison/audits/continuation/calcium/record-point-image.mjs:7:16
    at ModuleJob.run (node:internal/modules/esm/module_job:343:25)
    at async onImport.tracePromise.__proto__ (node:internal/modules/esm/loader:665:26)
    at async asyncRunEntryPointWithESMLoader (node:internal/modules/run_main:117:5) {
  generatedMessage: true,
  code: 'ERR_ASSERTION',
  actual: {
    errors: 0,
    definitelyLost: 0,
    indirectlyLost: 0,
    possiblyLost: 0,
    reachableBytes: 1840544,
    reachableBlocks: 15318,
    allocations: 2908903,
    frees: 2893585,
    cumulativeRequestedBytes: 215408740
  },
  expected: {
    errors: 0,
    definitelyLost: 0,
    indirectlyLost: 0,
    possiblyLost: 0,
    reachableBytes: 1840544,
    reachableBlocks: 15318,
    allocations: 2908903,
    frees: 2893585,
    cumulativeRequestedBytes: 215408746
  },
  operator: 'deepStrictEqual',
  diff: 'simple'
}

Node.js v22.22.2
