   Compiling hyperreal v0.13.1 (/home/tim/Documents/GitHub/workspace/exactcore-hyper-comparison/audits/continuation/calcium/polynomial-facts-trial/hyperreal)
   Compiling hyperlattice v0.6.1 (/home/tim/Documents/GitHub/workspace/exactcore-hyper-comparison/audits/continuation/calcium/polynomial-facts-trial/hyperlattice)
   Compiling hyperlimit v0.4.1 (/home/tim/Documents/GitHub/workspace/exactcore-hyper-comparison/audits/continuation/calcium/polynomial-facts-trial/hyperlimit)
   Compiling hypersolve v0.3.1 (/home/tim/Documents/GitHub/workspace/exactcore-hyper-comparison/audits/continuation/calcium/polynomial-facts-trial/hypersolve)
   Compiling hypertri v0.4.1 (/home/tim/Documents/GitHub/workspace/exactcore-hyper-comparison/audits/continuation/calcium/polynomial-facts-trial/hypertri)
   Compiling hypercurve v0.3.1 (/home/tim/Documents/GitHub/workspace/exactcore-hyper-comparison/audits/continuation/calcium/polynomial-facts-trial/hypercurve)
    Finished `test` profile [unoptimized] target(s) in 47.40s
     Running unittests src/lib.rs (/tmp/calcium-consumer-builds.X7kU2Y/calcium-reuse/debug/deps/hypercurve-259d689c4c123d5b)
     Running tests/exact_structural_facts.rs (/tmp/calcium-consumer-builds.X7kU2Y/calcium-reuse/debug/deps/exact_structural_facts-e56ed84147b5edc5)
     Running tests/hypercurve_adversarial_polygons.rs (/tmp/calcium-consumer-builds.X7kU2Y/calcium-reuse/debug/deps/hypercurve_adversarial_polygons-738c2d4cca61f8f1)
     Running tests/hypercurve_analytic_parallel_region.rs (/tmp/calcium-consumer-builds.X7kU2Y/calcium-reuse/debug/deps/hypercurve_analytic_parallel_region-7597b81ad9e70f70)
     Running tests/hypercurve_arc_bezier.rs (/tmp/calcium-consumer-builds.X7kU2Y/calcium-reuse/debug/deps/hypercurve_arc_bezier-f0d29edaecab1fca)
     Running tests/hypercurve_bbox.rs (/tmp/calcium-consumer-builds.X7kU2Y/calcium-reuse/debug/deps/hypercurve_bbox-aba7d20b0e3de759)
     Running tests/hypercurve_bezier_algebraic_image.rs (/tmp/calcium-consumer-builds.X7kU2Y/calcium-reuse/debug/deps/hypercurve_bezier_algebraic_image-4447b800fcaed620)
     Running tests/hypercurve_bezier_algebraic_parameter.rs (/tmp/calcium-consumer-builds.X7kU2Y/calcium-reuse/debug/deps/hypercurve_bezier_algebraic_parameter-f49667888de120b6)
     Running tests/hypercurve_bezier_arrangement.rs (/tmp/calcium-consumer-builds.X7kU2Y/calcium-reuse/debug/deps/hypercurve_bezier_arrangement-a4b71889a9fa09b8)
     Running tests/hypercurve_bezier_evaluation.rs (/tmp/calcium-consumer-builds.X7kU2Y/calcium-reuse/debug/deps/hypercurve_bezier_evaluation-d1de6cb58c56674a)
     Running tests/hypercurve_bezier_fit_offset.rs (/tmp/calcium-consumer-builds.X7kU2Y/calcium-reuse/debug/deps/hypercurve_bezier_fit_offset-42d4498dca32735a)
     Running tests/hypercurve_bezier_region.rs (/tmp/calcium-consumer-builds.X7kU2Y/calcium-reuse/debug/deps/hypercurve_bezier_region-2fcde76ee5c23ba3)
     Running tests/hypercurve_bezier_split_materialization.rs (/tmp/calcium-consumer-builds.X7kU2Y/calcium-reuse/debug/deps/hypercurve_bezier_split_materialization-7501e759152005f9)
     Running tests/hypercurve_bezier_tangent_order.rs (/tmp/calcium-consumer-builds.X7kU2Y/calcium-reuse/debug/deps/hypercurve_bezier_tangent_order-ab4c9fe876d5fcb2)
     Running tests/hypercurve_bspline.rs (/tmp/calcium-consumer-builds.X7kU2Y/calcium-reuse/debug/deps/hypercurve_bspline-bf8947149b8061f3)
     Running tests/hypercurve_circle_predicates.rs (/tmp/calcium-consumer-builds.X7kU2Y/calcium-reuse/debug/deps/hypercurve_circle_predicates-f5a96b3877192617)
     Running tests/hypercurve_contour.rs (/tmp/calcium-consumer-builds.X7kU2Y/calcium-reuse/debug/deps/hypercurve_contour-95881f64d748a66f)
     Running tests/hypercurve_curve.rs (/tmp/calcium-consumer-builds.X7kU2Y/calcium-reuse/debug/deps/hypercurve_curve-7a0bc8a76ab226b2)
     Running tests/hypercurve_curve_intersection.rs (/tmp/calcium-consumer-builds.X7kU2Y/calcium-reuse/debug/deps/hypercurve_curve_intersection-2bbbc6f088c3551a)
     Running tests/hypercurve_curve_region_boolean.rs (/tmp/calcium-consumer-builds.X7kU2Y/calcium-reuse/debug/deps/hypercurve_curve_region_boolean-988fd97a26ab3a64)
     Running tests/hypercurve_curve_region_boolean_fuzz.rs (/tmp/calcium-consumer-builds.X7kU2Y/calcium-reuse/debug/deps/hypercurve_curve_region_boolean_fuzz-b1eacd60dfb23a6a)
     Running tests/hypercurve_curve_region_promotion.rs (/tmp/calcium-consumer-builds.X7kU2Y/calcium-reuse/debug/deps/hypercurve_curve_region_promotion-87b9f50500f4494f)
     Running tests/hypercurve_curve_region_stroke.rs (/tmp/calcium-consumer-builds.X7kU2Y/calcium-reuse/debug/deps/hypercurve_curve_region_stroke-eae8bb01effbbd0f)
     Running tests/hypercurve_curve_string.rs (/tmp/calcium-consumer-builds.X7kU2Y/calcium-reuse/debug/deps/hypercurve_curve_string-422a606058a2b842)
     Running tests/hypercurve_derivative_completeness.rs (/tmp/calcium-consumer-builds.X7kU2Y/calcium-reuse/debug/deps/hypercurve_derivative_completeness-f156f59a485b68c8)
     Running tests/hypercurve_dispatch_trace.rs (/tmp/calcium-consumer-builds.X7kU2Y/calcium-reuse/debug/deps/hypercurve_dispatch_trace-4e061566076eec27)
     Running tests/hypercurve_events.rs (/tmp/calcium-consumer-builds.X7kU2Y/calcium-reuse/debug/deps/hypercurve_events-1e56c17442c63737)
     Running tests/hypercurve_fragments.rs (/tmp/calcium-consumer-builds.X7kU2Y/calcium-reuse/debug/deps/hypercurve_fragments-cc9dc97110a869bf)
     Running tests/hypercurve_fuzz_regressions.rs (/tmp/calcium-consumer-builds.X7kU2Y/calcium-reuse/debug/deps/hypercurve_fuzz_regressions-9cd8855d9635fb14)
     Running tests/hypercurve_geo_regressions.rs (/tmp/calcium-consumer-builds.X7kU2Y/calcium-reuse/debug/deps/hypercurve_geo_regressions-8b5a6b31efd333b1)
     Running tests/hypercurve_nurbs.rs (/tmp/calcium-consumer-builds.X7kU2Y/calcium-reuse/debug/deps/hypercurve_nurbs-309550fc75e346f2)
     Running tests/hypercurve_nurbs_interpolation.rs (/tmp/calcium-consumer-builds.X7kU2Y/calcium-reuse/debug/deps/hypercurve_nurbs_interpolation-5bed8f736bffb8b9)
     Running tests/hypercurve_offset.rs (/tmp/calcium-consumer-builds.X7kU2Y/calcium-reuse/debug/deps/hypercurve_offset-7db24e034ca2a988)
     Running tests/hypercurve_pcb_boolean_regressions.rs (/tmp/calcium-consumer-builds.X7kU2Y/calcium-reuse/debug/deps/hypercurve_pcb_boolean_regressions-a0fa5678569c038d)
     Running tests/hypercurve_polynomial_spline.rs (/tmp/calcium-consumer-builds.X7kU2Y/calcium-reuse/debug/deps/hypercurve_polynomial_spline-4182a2959b6cc1fd)
     Running tests/hypercurve_pr59_shape_regressions.rs (/tmp/calcium-consumer-builds.X7kU2Y/calcium-reuse/debug/deps/hypercurve_pr59_shape_regressions-549e88344bae37b1)
     Running tests/hypercurve_rational_bezier.rs (/tmp/calcium-consumer-builds.X7kU2Y/calcium-reuse/debug/deps/hypercurve_rational_bezier-d4a3cc1371eb9d6e)
     Running tests/hypercurve_reconstruct.rs (/tmp/calcium-consumer-builds.X7kU2Y/calcium-reuse/debug/deps/hypercurve_reconstruct-4305964ad8f6c913)
     Running tests/hypercurve_self_contacts.rs (/tmp/calcium-consumer-builds.X7kU2Y/calcium-reuse/debug/deps/hypercurve_self_contacts-e52741a23316414b)
     Running tests/hypercurve_split.rs (/tmp/calcium-consumer-builds.X7kU2Y/calcium-reuse/debug/deps/hypercurve_split-b95826b37449f0a0)
     Running tests/hypercurve_svg.rs (/tmp/calcium-consumer-builds.X7kU2Y/calcium-reuse/debug/deps/hypercurve_svg-1462f4556f50268c)
     Running tests/hypercurve_triangulation.rs (/tmp/calcium-consumer-builds.X7kU2Y/calcium-reuse/debug/deps/hypercurve_triangulation-0dcd2669ada956d7)
     Running tests/line_constant_coordinates.rs (/tmp/calcium-consumer-builds.X7kU2Y/calcium-reuse/debug/deps/line_constant_coordinates-1d7190724ab610b0)
     Running tests/pathological_benchmark_fixture.rs (/tmp/calcium-consumer-builds.X7kU2Y/calcium-reuse/debug/deps/pathological_benchmark_fixture-1d572c5675de2f44)
     Running tests/readme.rs (/tmp/calcium-consumer-builds.X7kU2Y/calcium-reuse/debug/deps/readme-220421041aa5d5b3)
