code,length,zero,one,proper,monic,correct
0,0,0,1,1,0,1
1,1,1,0,1,1,1
2,1,2,2,0,0,1
3,2,1,1,1,1,1
4,2,1,1,1,1,1
5,2,1,1,0,1,1
6,2,2,1,0,0,1
7,2,1,2,0,0,1
8,2,2,2,0,0,1
9,3,1,1,1,1,1
10,3,1,1,1,1,1
11,3,1,1,0,1,1
12,3,1,1,1,1,1
13,3,1,1,1,1,1
14,3,1,1,0,1,1
15,3,1,1,0,1,1
16,3,1,1,0,1,1
17,3,1,1,0,1,1
18,3,2,1,0,0,1
19,3,1,2,0,0,1
20,3,2,2,0,0,1
21,3,1,1,0,0,1
22,3,1,1,0,0,1
23,3,1,1,0,0,1
24,3,2,1,0,0,1
25,3,1,2,0,0,1
26,3,2,2,0,0,1
27,4,1,1,1,1,1
28,4,1,1,1,1,1
29,4,1,1,0,1,1
30,4,1,1,1,1,1
31,4,1,1,1,1,1
32,4,1,1,0,1,1
33,4,1,1,0,1,1
34,4,1,1,0,1,1
35,4,1,1,0,1,1
36,4,1,1,1,1,1
37,4,1,1,1,1,1
38,4,1,1,0,1,1
39,4,1,1,1,1,1
40,4,1,1,1,1,1
41,4,1,1,0,1,1
42,4,1,1,0,1,1
43,4,1,1,0,1,1
44,4,1,1,0,1,1
45,4,1,1,0,1,1
46,4,1,1,0,1,1
47,4,1,1,0,1,1
48,4,1,1,0,1,1
49,4,1,1,0,1,1
50,4,1,1,0,1,1
51,4,1,1,0,1,1
52,4,1,1,0,1,1
53,4,1,1,0,1,1
54,4,2,1,0,0,1
55,4,1,2,0,0,1
56,4,2,2,0,0,1
57,4,1,1,0,0,1
58,4,1,1,0,0,1
59,4,1,1,0,0,1
60,4,2,1,0,0,1
61,4,1,2,0,0,1
62,4,2,2,0,0,1
63,4,1,1,0,0,1
64,4,1,1,0,0,1
65,4,1,1,0,0,1
66,4,1,1,0,0,1
67,4,1,1,0,0,1
68,4,1,1,0,0,1
69,4,1,1,0,0,1
70,4,1,1,0,0,1
71,4,1,1,0,0,1
72,4,2,1,0,0,1
73,4,1,2,0,0,1
74,4,2,2,0,0,1
75,4,1,1,0,0,1
76,4,1,1,0,0,1
77,4,1,1,0,0,1
78,4,2,1,0,0,1
79,4,1,2,0,0,1
80,4,2,2,0,0,1
{"suite":"polynomial-decision","cases":81,"checks":405,"failed_cases":0}
