kind,degree,index,relation,floor,coefficient_known,outcome,result_degree,steps
0,1,0,self,-32,true,Known,1,1
0,1,0,self,-128,true,Known,1,1
0,1,0,self,-512,true,Known,1,1
0,1,0,plus-one,-32,true,Known,0,1
0,1,0,plus-one,-128,true,Known,0,1
0,1,0,plus-one,-512,true,Known,0,1
0,1,0,unknown-leading-control,-32,true,Known,0,0
0,1,0,unknown-leading-control,-128,true,Known,0,0
0,1,0,unknown-leading-control,-512,true,Known,0,0
0,2,0,self,-32,true,Known,2,1
0,2,0,self,-128,true,Known,2,1
0,2,0,self,-512,true,Known,2,1
0,2,0,plus-one,-32,true,Known,0,1
0,2,0,plus-one,-128,true,Known,0,1
0,2,0,plus-one,-512,true,Known,0,1
0,2,0,unknown-leading-control,-32,true,Known,0,0
0,2,0,unknown-leading-control,-128,true,Known,0,0
0,2,0,unknown-leading-control,-512,true,Known,0,0
0,2,1,self,-32,true,Known,2,1
0,2,1,self,-128,true,Known,2,1
0,2,1,self,-512,true,Known,2,1
0,2,1,plus-one,-32,true,Known,0,1
0,2,1,plus-one,-128,true,Known,0,1
0,2,1,plus-one,-512,true,Known,0,1
0,2,1,unknown-leading-control,-32,true,Known,0,0
0,2,1,unknown-leading-control,-128,true,Known,0,0
0,2,1,unknown-leading-control,-512,true,Known,0,0
0,3,0,self,-32,true,Known,3,1
0,3,0,self,-128,true,Known,3,1
0,3,0,self,-512,true,Known,3,1
0,3,0,plus-one,-32,true,Known,0,1
0,3,0,plus-one,-128,true,Known,0,1
0,3,0,plus-one,-512,true,Known,0,1
0,3,0,unknown-leading-control,-32,true,Known,0,0
0,3,0,unknown-leading-control,-128,true,Known,0,0
0,3,0,unknown-leading-control,-512,true,Known,0,0
0,3,1,self,-32,true,Known,3,1
0,3,1,self,-128,true,Known,3,1
0,3,1,self,-512,true,Known,3,1
0,3,1,plus-one,-32,true,Known,0,1
0,3,1,plus-one,-128,true,Known,0,1
0,3,1,plus-one,-512,true,Known,0,1
0,3,1,unknown-leading-control,-32,true,Known,0,0
0,3,1,unknown-leading-control,-128,true,Known,0,0
0,3,1,unknown-leading-control,-512,true,Known,0,0
0,3,2,self,-32,true,Known,3,1
0,3,2,self,-128,true,Known,3,1
0,3,2,self,-512,true,Known,3,1
0,3,2,plus-one,-32,true,Known,0,1
0,3,2,plus-one,-128,true,Known,0,1
0,3,2,plus-one,-512,true,Known,0,1
0,3,2,unknown-leading-control,-32,true,Known,0,0
0,3,2,unknown-leading-control,-128,true,Known,0,0
0,3,2,unknown-leading-control,-512,true,Known,0,0
0,4,0,self,-32,true,Known,4,1
0,4,0,self,-128,true,Known,4,1
0,4,0,self,-512,true,Known,4,1
0,4,0,plus-one,-32,true,Known,0,1
0,4,0,plus-one,-128,true,Known,0,1
0,4,0,plus-one,-512,true,Known,0,1
0,4,0,unknown-leading-control,-32,true,Known,0,0
0,4,0,unknown-leading-control,-128,true,Known,0,0
0,4,0,unknown-leading-control,-512,true,Known,0,0
0,4,1,self,-32,true,Known,4,1
0,4,1,self,-128,true,Known,4,1
0,4,1,self,-512,true,Known,4,1
0,4,1,plus-one,-32,true,Known,0,1
0,4,1,plus-one,-128,true,Known,0,1
0,4,1,plus-one,-512,true,Known,0,1
0,4,1,unknown-leading-control,-32,true,Known,0,0
0,4,1,unknown-leading-control,-128,true,Known,0,0
0,4,1,unknown-leading-control,-512,true,Known,0,0
0,4,2,self,-32,true,Known,4,1
0,4,2,self,-128,true,Known,4,1
0,4,2,self,-512,true,Known,4,1
0,4,2,plus-one,-32,true,Known,0,1
0,4,2,plus-one,-128,true,Known,0,1
0,4,2,plus-one,-512,true,Known,0,1
0,4,2,unknown-leading-control,-32,true,Known,0,0
0,4,2,unknown-leading-control,-128,true,Known,0,0
0,4,2,unknown-leading-control,-512,true,Known,0,0
0,4,3,self,-32,true,Known,4,1
0,4,3,self,-128,true,Known,4,1
0,4,3,self,-512,true,Known,4,1
0,4,3,plus-one,-32,true,Known,0,1
0,4,3,plus-one,-128,true,Known,0,1
0,4,3,plus-one,-512,true,Known,0,1
0,4,3,unknown-leading-control,-32,true,Known,0,0
0,4,3,unknown-leading-control,-128,true,Known,0,0
0,4,3,unknown-leading-control,-512,true,Known,0,0
1,1,0,self,-32,true,Known,1,1
1,1,0,self,-128,true,Known,1,1
1,1,0,self,-512,true,Known,1,1
1,1,0,plus-one,-32,true,Known,0,1
1,1,0,plus-one,-128,true,Known,0,1
1,1,0,plus-one,-512,true,Known,0,1
1,1,0,unknown-leading-control,-32,true,Known,1,1
1,1,0,unknown-leading-control,-128,true,Known,1,1
1,1,0,unknown-leading-control,-512,true,Known,1,1
1,2,0,self,-32,true,Known,2,1
1,2,0,self,-128,true,Known,2,1
1,2,0,self,-512,true,Known,2,1
1,2,0,plus-one,-32,true,Known,0,1
1,2,0,plus-one,-128,true,Known,0,1
1,2,0,plus-one,-512,true,Known,0,1
1,2,0,unknown-leading-control,-32,true,Known,2,1
1,2,0,unknown-leading-control,-128,true,Known,2,1
1,2,0,unknown-leading-control,-512,true,Known,2,1
1,2,1,self,-32,true,Known,2,1
1,2,1,self,-128,true,Known,2,1
1,2,1,self,-512,true,Known,2,1
1,2,1,plus-one,-32,true,Known,0,1
1,2,1,plus-one,-128,true,Known,0,1
1,2,1,plus-one,-512,true,Known,0,1
1,2,1,unknown-leading-control,-32,true,Known,2,1
1,2,1,unknown-leading-control,-128,true,Known,2,1
1,2,1,unknown-leading-control,-512,true,Known,2,1
1,3,0,self,-32,true,Known,3,1
1,3,0,self,-128,true,Known,3,1
1,3,0,self,-512,true,Known,3,1
1,3,0,plus-one,-32,true,Known,0,1
1,3,0,plus-one,-128,true,Known,0,1
1,3,0,plus-one,-512,true,Known,0,1
1,3,0,unknown-leading-control,-32,true,Known,3,1
1,3,0,unknown-leading-control,-128,true,Known,3,1
1,3,0,unknown-leading-control,-512,true,Known,3,1
1,3,1,self,-32,true,Known,3,1
1,3,1,self,-128,true,Known,3,1
1,3,1,self,-512,true,Known,3,1
1,3,1,plus-one,-32,true,Known,0,1
1,3,1,plus-one,-128,true,Known,0,1
1,3,1,plus-one,-512,true,Known,0,1
1,3,1,unknown-leading-control,-32,true,Known,3,1
1,3,1,unknown-leading-control,-128,true,Known,3,1
1,3,1,unknown-leading-control,-512,true,Known,3,1
1,3,2,self,-32,true,Known,3,1
1,3,2,self,-128,true,Known,3,1
1,3,2,self,-512,true,Known,3,1
1,3,2,plus-one,-32,true,Known,0,1
1,3,2,plus-one,-128,true,Known,0,1
1,3,2,plus-one,-512,true,Known,0,1
1,3,2,unknown-leading-control,-32,true,Known,3,1
1,3,2,unknown-leading-control,-128,true,Known,3,1
1,3,2,unknown-leading-control,-512,true,Known,3,1
1,4,0,self,-32,true,Known,4,1
1,4,0,self,-128,true,Known,4,1
1,4,0,self,-512,true,Known,4,1
1,4,0,plus-one,-32,true,Known,0,1
1,4,0,plus-one,-128,true,Known,0,1
1,4,0,plus-one,-512,true,Known,0,1
1,4,0,unknown-leading-control,-32,true,Known,4,1
1,4,0,unknown-leading-control,-128,true,Known,4,1
1,4,0,unknown-leading-control,-512,true,Known,4,1
1,4,1,self,-32,true,Known,4,1
1,4,1,self,-128,true,Known,4,1
1,4,1,self,-512,true,Known,4,1
1,4,1,plus-one,-32,true,Known,0,1
1,4,1,plus-one,-128,true,Known,0,1
1,4,1,plus-one,-512,true,Known,0,1
1,4,1,unknown-leading-control,-32,true,Known,4,1
1,4,1,unknown-leading-control,-128,true,Known,4,1
1,4,1,unknown-leading-control,-512,true,Known,4,1
1,4,2,self,-32,true,Known,4,1
1,4,2,self,-128,true,Known,4,1
1,4,2,self,-512,true,Known,4,1
1,4,2,plus-one,-32,true,Known,0,1
1,4,2,plus-one,-128,true,Known,0,1
1,4,2,plus-one,-512,true,Known,0,1
1,4,2,unknown-leading-control,-32,true,Known,4,1
1,4,2,unknown-leading-control,-128,true,Known,4,1
1,4,2,unknown-leading-control,-512,true,Known,4,1
1,4,3,self,-32,true,Known,4,1
1,4,3,self,-128,true,Known,4,1
1,4,3,self,-512,true,Known,4,1
1,4,3,plus-one,-32,true,Known,0,1
1,4,3,plus-one,-128,true,Known,0,1
1,4,3,plus-one,-512,true,Known,0,1
1,4,3,unknown-leading-control,-32,true,Known,4,1
1,4,3,unknown-leading-control,-128,true,Known,4,1
1,4,3,unknown-leading-control,-512,true,Known,4,1
2,1,0,self,-32,true,Known,1,1
2,1,0,self,-128,true,Known,1,1
2,1,0,self,-512,true,Known,1,1
2,1,0,plus-one,-32,true,Known,0,1
2,1,0,plus-one,-128,true,Known,0,1
2,1,0,plus-one,-512,true,Known,0,1
2,1,0,unknown-leading-control,-32,true,Known,1,1
2,1,0,unknown-leading-control,-128,true,Known,1,1
2,1,0,unknown-leading-control,-512,true,Known,1,1
2,2,0,self,-32,true,Known,2,1
2,2,0,self,-128,true,Known,2,1
2,2,0,self,-512,true,Known,2,1
2,2,0,plus-one,-32,true,Known,0,1
2,2,0,plus-one,-128,true,Known,0,1
2,2,0,plus-one,-512,true,Known,0,1
2,2,0,unknown-leading-control,-32,true,Known,2,1
2,2,0,unknown-leading-control,-128,true,Known,2,1
2,2,0,unknown-leading-control,-512,true,Known,2,1
2,2,1,self,-32,true,Known,2,1
2,2,1,self,-128,true,Known,2,1
2,2,1,self,-512,true,Known,2,1
2,2,1,plus-one,-32,true,Known,0,1
2,2,1,plus-one,-128,true,Known,0,1
2,2,1,plus-one,-512,true,Known,0,1
2,2,1,unknown-leading-control,-32,true,Known,2,1
2,2,1,unknown-leading-control,-128,true,Known,2,1
2,2,1,unknown-leading-control,-512,true,Known,2,1
2,3,0,self,-32,true,Known,3,1
2,3,0,self,-128,true,Known,3,1
2,3,0,self,-512,true,Known,3,1
2,3,0,plus-one,-32,true,Known,0,1
2,3,0,plus-one,-128,true,Known,0,1
2,3,0,plus-one,-512,true,Known,0,1
2,3,0,unknown-leading-control,-32,true,Known,3,1
2,3,0,unknown-leading-control,-128,true,Known,3,1
2,3,0,unknown-leading-control,-512,true,Known,3,1
2,3,1,self,-32,true,Known,3,1
2,3,1,self,-128,true,Known,3,1
2,3,1,self,-512,true,Known,3,1
2,3,1,plus-one,-32,true,Known,0,1
2,3,1,plus-one,-128,true,Known,0,1
2,3,1,plus-one,-512,true,Known,0,1
2,3,1,unknown-leading-control,-32,true,Known,3,1
2,3,1,unknown-leading-control,-128,true,Known,3,1
2,3,1,unknown-leading-control,-512,true,Known,3,1
2,3,2,self,-32,true,Known,3,1
2,3,2,self,-128,true,Known,3,1
2,3,2,self,-512,true,Known,3,1
2,3,2,plus-one,-32,true,Known,0,1
2,3,2,plus-one,-128,true,Known,0,1
2,3,2,plus-one,-512,true,Known,0,1
2,3,2,unknown-leading-control,-32,true,Known,3,1
2,3,2,unknown-leading-control,-128,true,Known,3,1
2,3,2,unknown-leading-control,-512,true,Known,3,1
2,4,0,self,-32,true,Known,4,1
2,4,0,self,-128,true,Known,4,1
2,4,0,self,-512,true,Known,4,1
2,4,0,plus-one,-32,true,Known,0,1
2,4,0,plus-one,-128,true,Known,0,1
2,4,0,plus-one,-512,true,Known,0,1
2,4,0,unknown-leading-control,-32,true,Known,4,1
2,4,0,unknown-leading-control,-128,true,Known,4,1
2,4,0,unknown-leading-control,-512,true,Known,4,1
2,4,1,self,-32,true,Known,4,1
2,4,1,self,-128,true,Known,4,1
2,4,1,self,-512,true,Known,4,1
2,4,1,plus-one,-32,true,Known,0,1
2,4,1,plus-one,-128,true,Known,0,1
2,4,1,plus-one,-512,true,Known,0,1
2,4,1,unknown-leading-control,-32,true,Known,4,1
2,4,1,unknown-leading-control,-128,true,Known,4,1
2,4,1,unknown-leading-control,-512,true,Known,4,1
2,4,2,self,-32,true,Known,4,1
2,4,2,self,-128,true,Known,4,1
2,4,2,self,-512,true,Known,4,1
2,4,2,plus-one,-32,true,Known,0,1
2,4,2,plus-one,-128,true,Known,0,1
2,4,2,plus-one,-512,true,Known,0,1
2,4,2,unknown-leading-control,-32,true,Known,4,1
2,4,2,unknown-leading-control,-128,true,Known,4,1
2,4,2,unknown-leading-control,-512,true,Known,4,1
2,4,3,self,-32,true,Known,4,1
2,4,3,self,-128,true,Known,4,1
2,4,3,self,-512,true,Known,4,1
2,4,3,plus-one,-32,true,Known,0,1
2,4,3,plus-one,-128,true,Known,0,1
2,4,3,plus-one,-512,true,Known,0,1
2,4,3,unknown-leading-control,-32,true,Known,4,1
2,4,3,unknown-leading-control,-128,true,Known,4,1
2,4,3,unknown-leading-control,-512,true,Known,4,1
3,1,0,self,-32,false,Unknown:UndecidedCoefficient { side: Left, index: 0 },-1,0
3,1,0,self,-128,false,Unknown:UndecidedCoefficient { side: Left, index: 0 },-1,0
3,1,0,self,-512,false,Unknown:UndecidedCoefficient { side: Left, index: 0 },-1,0
3,1,0,plus-one,-32,false,Unknown:UndecidedCoefficient { side: Left, index: 0 },-1,0
3,1,0,plus-one,-128,false,Unknown:UndecidedCoefficient { side: Left, index: 0 },-1,0
3,1,0,plus-one,-512,false,Unknown:UndecidedCoefficient { side: Left, index: 0 },-1,0
3,1,0,unknown-leading-control,-32,false,Unknown:UndecidedCoefficient { side: Left, index: 1 },-1,0
3,1,0,unknown-leading-control,-128,false,Unknown:UndecidedCoefficient { side: Left, index: 1 },-1,0
3,1,0,unknown-leading-control,-512,false,Unknown:UndecidedCoefficient { side: Left, index: 1 },-1,0
3,2,0,self,-32,false,Unknown:UndecidedCoefficient { side: Left, index: 0 },-1,0
3,2,0,self,-128,false,Unknown:UndecidedCoefficient { side: Left, index: 0 },-1,0
3,2,0,self,-512,false,Unknown:UndecidedCoefficient { side: Left, index: 0 },-1,0
3,2,0,plus-one,-32,false,Unknown:UndecidedCoefficient { side: Left, index: 0 },-1,0
3,2,0,plus-one,-128,false,Unknown:UndecidedCoefficient { side: Left, index: 0 },-1,0
3,2,0,plus-one,-512,false,Unknown:UndecidedCoefficient { side: Left, index: 0 },-1,0
3,2,0,unknown-leading-control,-32,false,Unknown:UndecidedCoefficient { side: Left, index: 2 },-1,0
3,2,0,unknown-leading-control,-128,false,Unknown:UndecidedCoefficient { side: Left, index: 2 },-1,0
3,2,0,unknown-leading-control,-512,false,Unknown:UndecidedCoefficient { side: Left, index: 2 },-1,0
3,2,1,self,-32,false,Unknown:UndecidedCoefficient { side: Left, index: 1 },-1,0
3,2,1,self,-128,false,Unknown:UndecidedCoefficient { side: Left, index: 1 },-1,0
3,2,1,self,-512,false,Unknown:UndecidedCoefficient { side: Left, index: 1 },-1,0
3,2,1,plus-one,-32,false,Unknown:UndecidedCoefficient { side: Left, index: 1 },-1,0
3,2,1,plus-one,-128,false,Unknown:UndecidedCoefficient { side: Left, index: 1 },-1,0
3,2,1,plus-one,-512,false,Unknown:UndecidedCoefficient { side: Left, index: 1 },-1,0
3,2,1,unknown-leading-control,-32,false,Unknown:UndecidedCoefficient { side: Left, index: 2 },-1,0
3,2,1,unknown-leading-control,-128,false,Unknown:UndecidedCoefficient { side: Left, index: 2 },-1,0
3,2,1,unknown-leading-control,-512,false,Unknown:UndecidedCoefficient { side: Left, index: 2 },-1,0
3,3,0,self,-32,false,Unknown:UndecidedCoefficient { side: Left, index: 0 },-1,0
3,3,0,self,-128,false,Unknown:UndecidedCoefficient { side: Left, index: 0 },-1,0
3,3,0,self,-512,false,Unknown:UndecidedCoefficient { side: Left, index: 0 },-1,0
3,3,0,plus-one,-32,false,Unknown:UndecidedCoefficient { side: Left, index: 0 },-1,0
3,3,0,plus-one,-128,false,Unknown:UndecidedCoefficient { side: Left, index: 0 },-1,0
3,3,0,plus-one,-512,false,Unknown:UndecidedCoefficient { side: Left, index: 0 },-1,0
3,3,0,unknown-leading-control,-32,false,Unknown:UndecidedCoefficient { side: Left, index: 3 },-1,0
3,3,0,unknown-leading-control,-128,false,Unknown:UndecidedCoefficient { side: Left, index: 3 },-1,0
3,3,0,unknown-leading-control,-512,false,Unknown:UndecidedCoefficient { side: Left, index: 3 },-1,0
3,3,1,self,-32,false,Unknown:UndecidedCoefficient { side: Left, index: 1 },-1,0
3,3,1,self,-128,false,Unknown:UndecidedCoefficient { side: Left, index: 1 },-1,0
3,3,1,self,-512,false,Unknown:UndecidedCoefficient { side: Left, index: 1 },-1,0
3,3,1,plus-one,-32,false,Unknown:UndecidedCoefficient { side: Left, index: 1 },-1,0
3,3,1,plus-one,-128,false,Unknown:UndecidedCoefficient { side: Left, index: 1 },-1,0
3,3,1,plus-one,-512,false,Unknown:UndecidedCoefficient { side: Left, index: 1 },-1,0
3,3,1,unknown-leading-control,-32,false,Unknown:UndecidedCoefficient { side: Left, index: 3 },-1,0
3,3,1,unknown-leading-control,-128,false,Unknown:UndecidedCoefficient { side: Left, index: 3 },-1,0
3,3,1,unknown-leading-control,-512,false,Unknown:UndecidedCoefficient { side: Left, index: 3 },-1,0
3,3,2,self,-32,false,Unknown:UndecidedCoefficient { side: Left, index: 2 },-1,0
3,3,2,self,-128,false,Unknown:UndecidedCoefficient { side: Left, index: 2 },-1,0
3,3,2,self,-512,false,Unknown:UndecidedCoefficient { side: Left, index: 2 },-1,0
3,3,2,plus-one,-32,false,Unknown:UndecidedCoefficient { side: Left, index: 2 },-1,0
3,3,2,plus-one,-128,false,Unknown:UndecidedCoefficient { side: Left, index: 2 },-1,0
3,3,2,plus-one,-512,false,Unknown:UndecidedCoefficient { side: Left, index: 2 },-1,0
3,3,2,unknown-leading-control,-32,false,Unknown:UndecidedCoefficient { side: Left, index: 3 },-1,0
3,3,2,unknown-leading-control,-128,false,Unknown:UndecidedCoefficient { side: Left, index: 3 },-1,0
3,3,2,unknown-leading-control,-512,false,Unknown:UndecidedCoefficient { side: Left, index: 3 },-1,0
3,4,0,self,-32,false,Unknown:UndecidedCoefficient { side: Left, index: 0 },-1,0
3,4,0,self,-128,false,Unknown:UndecidedCoefficient { side: Left, index: 0 },-1,0
3,4,0,self,-512,false,Unknown:UndecidedCoefficient { side: Left, index: 0 },-1,0
3,4,0,plus-one,-32,false,Unknown:UndecidedCoefficient { side: Left, index: 0 },-1,0
3,4,0,plus-one,-128,false,Unknown:UndecidedCoefficient { side: Left, index: 0 },-1,0
3,4,0,plus-one,-512,false,Unknown:UndecidedCoefficient { side: Left, index: 0 },-1,0
3,4,0,unknown-leading-control,-32,false,Unknown:UndecidedCoefficient { side: Left, index: 4 },-1,0
3,4,0,unknown-leading-control,-128,false,Unknown:UndecidedCoefficient { side: Left, index: 4 },-1,0
3,4,0,unknown-leading-control,-512,false,Unknown:UndecidedCoefficient { side: Left, index: 4 },-1,0
3,4,1,self,-32,false,Unknown:UndecidedCoefficient { side: Left, index: 1 },-1,0
3,4,1,self,-128,false,Unknown:UndecidedCoefficient { side: Left, index: 1 },-1,0
3,4,1,self,-512,false,Unknown:UndecidedCoefficient { side: Left, index: 1 },-1,0
3,4,1,plus-one,-32,false,Unknown:UndecidedCoefficient { side: Left, index: 1 },-1,0
3,4,1,plus-one,-128,false,Unknown:UndecidedCoefficient { side: Left, index: 1 },-1,0
3,4,1,plus-one,-512,false,Unknown:UndecidedCoefficient { side: Left, index: 1 },-1,0
3,4,1,unknown-leading-control,-32,false,Unknown:UndecidedCoefficient { side: Left, index: 4 },-1,0
3,4,1,unknown-leading-control,-128,false,Unknown:UndecidedCoefficient { side: Left, index: 4 },-1,0
3,4,1,unknown-leading-control,-512,false,Unknown:UndecidedCoefficient { side: Left, index: 4 },-1,0
3,4,2,self,-32,false,Unknown:UndecidedCoefficient { side: Left, index: 2 },-1,0
3,4,2,self,-128,false,Unknown:UndecidedCoefficient { side: Left, index: 2 },-1,0
3,4,2,self,-512,false,Unknown:UndecidedCoefficient { side: Left, index: 2 },-1,0
3,4,2,plus-one,-32,false,Unknown:UndecidedCoefficient { side: Left, index: 2 },-1,0
3,4,2,plus-one,-128,false,Unknown:UndecidedCoefficient { side: Left, index: 2 },-1,0
3,4,2,plus-one,-512,false,Unknown:UndecidedCoefficient { side: Left, index: 2 },-1,0
3,4,2,unknown-leading-control,-32,false,Unknown:UndecidedCoefficient { side: Left, index: 4 },-1,0
3,4,2,unknown-leading-control,-128,false,Unknown:UndecidedCoefficient { side: Left, index: 4 },-1,0
3,4,2,unknown-leading-control,-512,false,Unknown:UndecidedCoefficient { side: Left, index: 4 },-1,0
3,4,3,self,-32,false,Unknown:UndecidedCoefficient { side: Left, index: 3 },-1,0
3,4,3,self,-128,false,Unknown:UndecidedCoefficient { side: Left, index: 3 },-1,0
3,4,3,self,-512,false,Unknown:UndecidedCoefficient { side: Left, index: 3 },-1,0
3,4,3,plus-one,-32,false,Unknown:UndecidedCoefficient { side: Left, index: 3 },-1,0
3,4,3,plus-one,-128,false,Unknown:UndecidedCoefficient { side: Left, index: 3 },-1,0
3,4,3,plus-one,-512,false,Unknown:UndecidedCoefficient { side: Left, index: 3 },-1,0
3,4,3,unknown-leading-control,-32,false,Unknown:UndecidedCoefficient { side: Left, index: 4 },-1,0
3,4,3,unknown-leading-control,-128,false,Unknown:UndecidedCoefficient { side: Left, index: 4 },-1,0
3,4,3,unknown-leading-control,-512,false,Unknown:UndecidedCoefficient { side: Left, index: 4 },-1,0
4,1,0,self,-32,true,Known,1,1
4,1,0,self,-128,true,Known,1,1
4,1,0,self,-512,true,Known,1,1
4,1,0,plus-one,-32,true,Known,0,1
4,1,0,plus-one,-128,true,Known,0,1
4,1,0,plus-one,-512,true,Known,0,1
4,1,0,unknown-leading-control,-32,true,Known,1,1
4,1,0,unknown-leading-control,-128,true,Known,1,1
4,1,0,unknown-leading-control,-512,true,Known,1,1
4,2,0,self,-32,true,Known,2,1
4,2,0,self,-128,true,Known,2,1
4,2,0,self,-512,true,Known,2,1
4,2,0,plus-one,-32,true,Known,0,1
4,2,0,plus-one,-128,true,Known,0,1
4,2,0,plus-one,-512,true,Known,0,1
4,2,0,unknown-leading-control,-32,true,Known,2,1
4,2,0,unknown-leading-control,-128,true,Known,2,1
4,2,0,unknown-leading-control,-512,true,Known,2,1
4,2,1,self,-32,true,Known,2,1
4,2,1,self,-128,true,Known,2,1
4,2,1,self,-512,true,Known,2,1
4,2,1,plus-one,-32,true,Known,0,1
4,2,1,plus-one,-128,true,Known,0,1
4,2,1,plus-one,-512,true,Known,0,1
4,2,1,unknown-leading-control,-32,true,Known,2,1
4,2,1,unknown-leading-control,-128,true,Known,2,1
4,2,1,unknown-leading-control,-512,true,Known,2,1
4,3,0,self,-32,true,Known,3,1
4,3,0,self,-128,true,Known,3,1
4,3,0,self,-512,true,Known,3,1
4,3,0,plus-one,-32,true,Known,0,1
4,3,0,plus-one,-128,true,Known,0,1
4,3,0,plus-one,-512,true,Known,0,1
4,3,0,unknown-leading-control,-32,true,Known,3,1
4,3,0,unknown-leading-control,-128,true,Known,3,1
4,3,0,unknown-leading-control,-512,true,Known,3,1
4,3,1,self,-32,true,Known,3,1
4,3,1,self,-128,true,Known,3,1
4,3,1,self,-512,true,Known,3,1
4,3,1,plus-one,-32,true,Known,0,1
4,3,1,plus-one,-128,true,Known,0,1
4,3,1,plus-one,-512,true,Known,0,1
4,3,1,unknown-leading-control,-32,true,Known,3,1
4,3,1,unknown-leading-control,-128,true,Known,3,1
4,3,1,unknown-leading-control,-512,true,Known,3,1
4,3,2,self,-32,true,Known,3,1
4,3,2,self,-128,true,Known,3,1
4,3,2,self,-512,true,Known,3,1
4,3,2,plus-one,-32,true,Known,0,1
4,3,2,plus-one,-128,true,Known,0,1
4,3,2,plus-one,-512,true,Known,0,1
4,3,2,unknown-leading-control,-32,true,Known,3,1
4,3,2,unknown-leading-control,-128,true,Known,3,1
4,3,2,unknown-leading-control,-512,true,Known,3,1
4,4,0,self,-32,true,Known,4,1
4,4,0,self,-128,true,Known,4,1
4,4,0,self,-512,true,Known,4,1
4,4,0,plus-one,-32,true,Known,0,1
4,4,0,plus-one,-128,true,Known,0,1
4,4,0,plus-one,-512,true,Known,0,1
4,4,0,unknown-leading-control,-32,true,Known,4,1
4,4,0,unknown-leading-control,-128,true,Known,4,1
4,4,0,unknown-leading-control,-512,true,Known,4,1
4,4,1,self,-32,true,Known,4,1
4,4,1,self,-128,true,Known,4,1
4,4,1,self,-512,true,Known,4,1
4,4,1,plus-one,-32,true,Known,0,1
4,4,1,plus-one,-128,true,Known,0,1
4,4,1,plus-one,-512,true,Known,0,1
4,4,1,unknown-leading-control,-32,true,Known,4,1
4,4,1,unknown-leading-control,-128,true,Known,4,1
4,4,1,unknown-leading-control,-512,true,Known,4,1
4,4,2,self,-32,true,Known,4,1
4,4,2,self,-128,true,Known,4,1
4,4,2,self,-512,true,Known,4,1
4,4,2,plus-one,-32,true,Known,0,1
4,4,2,plus-one,-128,true,Known,0,1
4,4,2,plus-one,-512,true,Known,0,1
4,4,2,unknown-leading-control,-32,true,Known,4,1
4,4,2,unknown-leading-control,-128,true,Known,4,1
4,4,2,unknown-leading-control,-512,true,Known,4,1
4,4,3,self,-32,true,Known,4,1
4,4,3,self,-128,true,Known,4,1
4,4,3,self,-512,true,Known,4,1
4,4,3,plus-one,-32,true,Known,0,1
4,4,3,plus-one,-128,true,Known,0,1
4,4,3,plus-one,-512,true,Known,0,1
4,4,3,unknown-leading-control,-32,true,Known,4,1
4,4,3,unknown-leading-control,-128,true,Known,4,1
4,4,3,unknown-leading-control,-512,true,Known,4,1
5,1,0,self,-32,true,Known,1,1
5,1,0,self,-128,true,Known,1,1
5,1,0,self,-512,true,Known,1,1
5,1,0,plus-one,-32,true,Known,0,1
5,1,0,plus-one,-128,true,Known,0,1
5,1,0,plus-one,-512,true,Known,0,1
5,1,0,unknown-leading-control,-32,true,Known,1,1
5,1,0,unknown-leading-control,-128,true,Known,1,1
5,1,0,unknown-leading-control,-512,true,Known,1,1
5,2,0,self,-32,true,Known,2,1
5,2,0,self,-128,true,Known,2,1
5,2,0,self,-512,true,Known,2,1
5,2,0,plus-one,-32,true,Known,0,1
5,2,0,plus-one,-128,true,Known,0,1
5,2,0,plus-one,-512,true,Known,0,1
5,2,0,unknown-leading-control,-32,true,Known,2,1
5,2,0,unknown-leading-control,-128,true,Known,2,1
5,2,0,unknown-leading-control,-512,true,Known,2,1
5,2,1,self,-32,true,Known,2,1
5,2,1,self,-128,true,Known,2,1
5,2,1,self,-512,true,Known,2,1
5,2,1,plus-one,-32,true,Known,0,1
5,2,1,plus-one,-128,true,Known,0,1
5,2,1,plus-one,-512,true,Known,0,1
5,2,1,unknown-leading-control,-32,true,Known,2,1
5,2,1,unknown-leading-control,-128,true,Known,2,1
5,2,1,unknown-leading-control,-512,true,Known,2,1
5,3,0,self,-32,true,Known,3,1
5,3,0,self,-128,true,Known,3,1
5,3,0,self,-512,true,Known,3,1
5,3,0,plus-one,-32,true,Known,0,1
5,3,0,plus-one,-128,true,Known,0,1
5,3,0,plus-one,-512,true,Known,0,1
5,3,0,unknown-leading-control,-32,true,Known,3,1
5,3,0,unknown-leading-control,-128,true,Known,3,1
5,3,0,unknown-leading-control,-512,true,Known,3,1
5,3,1,self,-32,true,Known,3,1
5,3,1,self,-128,true,Known,3,1
5,3,1,self,-512,true,Known,3,1
5,3,1,plus-one,-32,true,Known,0,1
5,3,1,plus-one,-128,true,Known,0,1
5,3,1,plus-one,-512,true,Known,0,1
5,3,1,unknown-leading-control,-32,true,Known,3,1
5,3,1,unknown-leading-control,-128,true,Known,3,1
5,3,1,unknown-leading-control,-512,true,Known,3,1
5,3,2,self,-32,true,Known,3,1
5,3,2,self,-128,true,Known,3,1
5,3,2,self,-512,true,Known,3,1
5,3,2,plus-one,-32,true,Known,0,1
5,3,2,plus-one,-128,true,Known,0,1
5,3,2,plus-one,-512,true,Known,0,1
5,3,2,unknown-leading-control,-32,true,Known,3,1
5,3,2,unknown-leading-control,-128,true,Known,3,1
5,3,2,unknown-leading-control,-512,true,Known,3,1
5,4,0,self,-32,true,Known,4,1
5,4,0,self,-128,true,Known,4,1
5,4,0,self,-512,true,Known,4,1
5,4,0,plus-one,-32,true,Known,0,1
5,4,0,plus-one,-128,true,Known,0,1
5,4,0,plus-one,-512,true,Known,0,1
5,4,0,unknown-leading-control,-32,true,Known,4,1
5,4,0,unknown-leading-control,-128,true,Known,4,1
5,4,0,unknown-leading-control,-512,true,Known,4,1
5,4,1,self,-32,true,Known,4,1
5,4,1,self,-128,true,Known,4,1
5,4,1,self,-512,true,Known,4,1
5,4,1,plus-one,-32,true,Known,0,1
5,4,1,plus-one,-128,true,Known,0,1
5,4,1,plus-one,-512,true,Known,0,1
5,4,1,unknown-leading-control,-32,true,Known,4,1
5,4,1,unknown-leading-control,-128,true,Known,4,1
5,4,1,unknown-leading-control,-512,true,Known,4,1
5,4,2,self,-32,true,Known,4,1
5,4,2,self,-128,true,Known,4,1
5,4,2,self,-512,true,Known,4,1
5,4,2,plus-one,-32,true,Known,0,1
5,4,2,plus-one,-128,true,Known,0,1
5,4,2,plus-one,-512,true,Known,0,1
5,4,2,unknown-leading-control,-32,true,Known,4,1
5,4,2,unknown-leading-control,-128,true,Known,4,1
5,4,2,unknown-leading-control,-512,true,Known,4,1
5,4,3,self,-32,true,Known,4,1
5,4,3,self,-128,true,Known,4,1
5,4,3,self,-512,true,Known,4,1
5,4,3,plus-one,-32,true,Known,0,1
5,4,3,plus-one,-128,true,Known,0,1
5,4,3,plus-one,-512,true,Known,0,1
5,4,3,unknown-leading-control,-32,true,Known,4,1
5,4,3,unknown-leading-control,-128,true,Known,4,1
5,4,3,unknown-leading-control,-512,true,Known,4,1
6,1,0,self,-32,false,Unknown:UndecidedCoefficient { side: Left, index: 0 },-1,0
6,1,0,self,-128,false,Unknown:UndecidedCoefficient { side: Left, index: 0 },-1,0
6,1,0,self,-512,false,Unknown:UndecidedCoefficient { side: Left, index: 0 },-1,0
6,1,0,plus-one,-32,false,Unknown:UndecidedCoefficient { side: Left, index: 0 },-1,0
6,1,0,plus-one,-128,false,Unknown:UndecidedCoefficient { side: Left, index: 0 },-1,0
6,1,0,plus-one,-512,false,Unknown:UndecidedCoefficient { side: Left, index: 0 },-1,0
6,1,0,unknown-leading-control,-32,false,Unknown:UndecidedCoefficient { side: Left, index: 1 },-1,0
6,1,0,unknown-leading-control,-128,false,Unknown:UndecidedCoefficient { side: Left, index: 1 },-1,0
6,1,0,unknown-leading-control,-512,false,Unknown:UndecidedCoefficient { side: Left, index: 1 },-1,0
6,2,0,self,-32,false,Unknown:UndecidedCoefficient { side: Left, index: 0 },-1,0
6,2,0,self,-128,false,Unknown:UndecidedCoefficient { side: Left, index: 0 },-1,0
6,2,0,self,-512,false,Unknown:UndecidedCoefficient { side: Left, index: 0 },-1,0
6,2,0,plus-one,-32,false,Unknown:UndecidedCoefficient { side: Left, index: 0 },-1,0
6,2,0,plus-one,-128,false,Unknown:UndecidedCoefficient { side: Left, index: 0 },-1,0
6,2,0,plus-one,-512,false,Unknown:UndecidedCoefficient { side: Left, index: 0 },-1,0
6,2,0,unknown-leading-control,-32,false,Unknown:UndecidedCoefficient { side: Left, index: 2 },-1,0
6,2,0,unknown-leading-control,-128,false,Unknown:UndecidedCoefficient { side: Left, index: 2 },-1,0
6,2,0,unknown-leading-control,-512,false,Unknown:UndecidedCoefficient { side: Left, index: 2 },-1,0
6,2,1,self,-32,false,Unknown:UndecidedCoefficient { side: Left, index: 1 },-1,0
6,2,1,self,-128,false,Unknown:UndecidedCoefficient { side: Left, index: 1 },-1,0
6,2,1,self,-512,false,Unknown:UndecidedCoefficient { side: Left, index: 1 },-1,0
6,2,1,plus-one,-32,false,Unknown:UndecidedCoefficient { side: Left, index: 1 },-1,0
6,2,1,plus-one,-128,false,Unknown:UndecidedCoefficient { side: Left, index: 1 },-1,0
6,2,1,plus-one,-512,false,Unknown:UndecidedCoefficient { side: Left, index: 1 },-1,0
6,2,1,unknown-leading-control,-32,false,Unknown:UndecidedCoefficient { side: Left, index: 2 },-1,0
6,2,1,unknown-leading-control,-128,false,Unknown:UndecidedCoefficient { side: Left, index: 2 },-1,0
6,2,1,unknown-leading-control,-512,false,Unknown:UndecidedCoefficient { side: Left, index: 2 },-1,0
6,3,0,self,-32,false,Unknown:UndecidedCoefficient { side: Left, index: 0 },-1,0
6,3,0,self,-128,false,Unknown:UndecidedCoefficient { side: Left, index: 0 },-1,0
6,3,0,self,-512,false,Unknown:UndecidedCoefficient { side: Left, index: 0 },-1,0
6,3,0,plus-one,-32,false,Unknown:UndecidedCoefficient { side: Left, index: 0 },-1,0
6,3,0,plus-one,-128,false,Unknown:UndecidedCoefficient { side: Left, index: 0 },-1,0
6,3,0,plus-one,-512,false,Unknown:UndecidedCoefficient { side: Left, index: 0 },-1,0
6,3,0,unknown-leading-control,-32,false,Unknown:UndecidedCoefficient { side: Left, index: 3 },-1,0
6,3,0,unknown-leading-control,-128,false,Unknown:UndecidedCoefficient { side: Left, index: 3 },-1,0
6,3,0,unknown-leading-control,-512,false,Unknown:UndecidedCoefficient { side: Left, index: 3 },-1,0
6,3,1,self,-32,false,Unknown:UndecidedCoefficient { side: Left, index: 1 },-1,0
6,3,1,self,-128,false,Unknown:UndecidedCoefficient { side: Left, index: 1 },-1,0
6,3,1,self,-512,false,Unknown:UndecidedCoefficient { side: Left, index: 1 },-1,0
6,3,1,plus-one,-32,false,Unknown:UndecidedCoefficient { side: Left, index: 1 },-1,0
6,3,1,plus-one,-128,false,Unknown:UndecidedCoefficient { side: Left, index: 1 },-1,0
6,3,1,plus-one,-512,false,Unknown:UndecidedCoefficient { side: Left, index: 1 },-1,0
6,3,1,unknown-leading-control,-32,false,Unknown:UndecidedCoefficient { side: Left, index: 3 },-1,0
6,3,1,unknown-leading-control,-128,false,Unknown:UndecidedCoefficient { side: Left, index: 3 },-1,0
6,3,1,unknown-leading-control,-512,false,Unknown:UndecidedCoefficient { side: Left, index: 3 },-1,0
6,3,2,self,-32,false,Unknown:UndecidedCoefficient { side: Left, index: 2 },-1,0
6,3,2,self,-128,false,Unknown:UndecidedCoefficient { side: Left, index: 2 },-1,0
6,3,2,self,-512,false,Unknown:UndecidedCoefficient { side: Left, index: 2 },-1,0
6,3,2,plus-one,-32,false,Unknown:UndecidedCoefficient { side: Left, index: 2 },-1,0
6,3,2,plus-one,-128,false,Unknown:UndecidedCoefficient { side: Left, index: 2 },-1,0
6,3,2,plus-one,-512,false,Unknown:UndecidedCoefficient { side: Left, index: 2 },-1,0
6,3,2,unknown-leading-control,-32,false,Unknown:UndecidedCoefficient { side: Left, index: 3 },-1,0
6,3,2,unknown-leading-control,-128,false,Unknown:UndecidedCoefficient { side: Left, index: 3 },-1,0
6,3,2,unknown-leading-control,-512,false,Unknown:UndecidedCoefficient { side: Left, index: 3 },-1,0
6,4,0,self,-32,false,Unknown:UndecidedCoefficient { side: Left, index: 0 },-1,0
6,4,0,self,-128,false,Unknown:UndecidedCoefficient { side: Left, index: 0 },-1,0
6,4,0,self,-512,false,Unknown:UndecidedCoefficient { side: Left, index: 0 },-1,0
6,4,0,plus-one,-32,false,Unknown:UndecidedCoefficient { side: Left, index: 0 },-1,0
6,4,0,plus-one,-128,false,Unknown:UndecidedCoefficient { side: Left, index: 0 },-1,0
6,4,0,plus-one,-512,false,Unknown:UndecidedCoefficient { side: Left, index: 0 },-1,0
6,4,0,unknown-leading-control,-32,false,Unknown:UndecidedCoefficient { side: Left, index: 4 },-1,0
6,4,0,unknown-leading-control,-128,false,Unknown:UndecidedCoefficient { side: Left, index: 4 },-1,0
6,4,0,unknown-leading-control,-512,false,Unknown:UndecidedCoefficient { side: Left, index: 4 },-1,0
6,4,1,self,-32,false,Unknown:UndecidedCoefficient { side: Left, index: 1 },-1,0
6,4,1,self,-128,false,Unknown:UndecidedCoefficient { side: Left, index: 1 },-1,0
6,4,1,self,-512,false,Unknown:UndecidedCoefficient { side: Left, index: 1 },-1,0
6,4,1,plus-one,-32,false,Unknown:UndecidedCoefficient { side: Left, index: 1 },-1,0
6,4,1,plus-one,-128,false,Unknown:UndecidedCoefficient { side: Left, index: 1 },-1,0
6,4,1,plus-one,-512,false,Unknown:UndecidedCoefficient { side: Left, index: 1 },-1,0
6,4,1,unknown-leading-control,-32,false,Unknown:UndecidedCoefficient { side: Left, index: 4 },-1,0
6,4,1,unknown-leading-control,-128,false,Unknown:UndecidedCoefficient { side: Left, index: 4 },-1,0
6,4,1,unknown-leading-control,-512,false,Unknown:UndecidedCoefficient { side: Left, index: 4 },-1,0
6,4,2,self,-32,false,Unknown:UndecidedCoefficient { side: Left, index: 2 },-1,0
6,4,2,self,-128,false,Unknown:UndecidedCoefficient { side: Left, index: 2 },-1,0
6,4,2,self,-512,false,Unknown:UndecidedCoefficient { side: Left, index: 2 },-1,0
6,4,2,plus-one,-32,false,Unknown:UndecidedCoefficient { side: Left, index: 2 },-1,0
6,4,2,plus-one,-128,false,Unknown:UndecidedCoefficient { side: Left, index: 2 },-1,0
6,4,2,plus-one,-512,false,Unknown:UndecidedCoefficient { side: Left, index: 2 },-1,0
6,4,2,unknown-leading-control,-32,false,Unknown:UndecidedCoefficient { side: Left, index: 4 },-1,0
6,4,2,unknown-leading-control,-128,false,Unknown:UndecidedCoefficient { side: Left, index: 4 },-1,0
6,4,2,unknown-leading-control,-512,false,Unknown:UndecidedCoefficient { side: Left, index: 4 },-1,0
6,4,3,self,-32,false,Unknown:UndecidedCoefficient { side: Left, index: 3 },-1,0
6,4,3,self,-128,false,Unknown:UndecidedCoefficient { side: Left, index: 3 },-1,0
6,4,3,self,-512,false,Unknown:UndecidedCoefficient { side: Left, index: 3 },-1,0
6,4,3,plus-one,-32,false,Unknown:UndecidedCoefficient { side: Left, index: 3 },-1,0
6,4,3,plus-one,-128,false,Unknown:UndecidedCoefficient { side: Left, index: 3 },-1,0
6,4,3,plus-one,-512,false,Unknown:UndecidedCoefficient { side: Left, index: 3 },-1,0
6,4,3,unknown-leading-control,-32,false,Unknown:UndecidedCoefficient { side: Left, index: 4 },-1,0
6,4,3,unknown-leading-control,-128,false,Unknown:UndecidedCoefficient { side: Left, index: 4 },-1,0
6,4,3,unknown-leading-control,-512,false,Unknown:UndecidedCoefficient { side: Left, index: 4 },-1,0
