polynomial,input,state,integer_result,rational_result
0,two-thirds,zero,Equal,Equal
0,two-thirds,seven,Equal,Equal
0,two-thirds,unknown,Equal,Equal
0,two-thirds,in-place,Equal,Equal
0,sqrt-two,zero,Equal,Equal
0,sqrt-two,seven,Equal,Equal
0,sqrt-two,unknown,Equal,Equal
0,sqrt-two,in-place,Equal,Equal
0,pi,zero,Equal,Equal
0,pi,seven,Equal,Equal
0,pi,unknown,Equal,Equal
0,pi,in-place,Equal,Equal
0,one-plus-i,zero,Equal,Equal
0,one-plus-i,seven,Equal,Equal
0,one-plus-i,unknown,Equal,Equal
0,one-plus-i,in-place,Equal,Equal
1,two-thirds,zero,Equal,Equal
1,two-thirds,seven,Equal,Equal
1,two-thirds,unknown,Equal,Equal
1,two-thirds,in-place,Equal,Equal
1,sqrt-two,zero,Equal,Equal
1,sqrt-two,seven,Equal,Equal
1,sqrt-two,unknown,Equal,Equal
1,sqrt-two,in-place,Equal,Equal
1,pi,zero,Equal,Equal
1,pi,seven,Equal,Equal
1,pi,unknown,Equal,Equal
1,pi,in-place,Equal,Equal
1,one-plus-i,zero,Equal,Equal
1,one-plus-i,seven,Equal,Equal
1,one-plus-i,unknown,Equal,Equal
1,one-plus-i,in-place,Equal,Equal
2,two-thirds,zero,Equal,Equal
2,two-thirds,seven,Equal,Equal
2,two-thirds,unknown,Equal,Equal
2,two-thirds,in-place,Equal,Equal
2,sqrt-two,zero,NotEqual,Equal
2,sqrt-two,seven,NotEqual,Equal
2,sqrt-two,unknown,Unknown,Equal
2,sqrt-two,in-place,NotEqual,Equal
2,pi,zero,NotEqual,Equal
2,pi,seven,NotEqual,Equal
2,pi,unknown,Unknown,Equal
2,pi,in-place,NotEqual,Equal
2,one-plus-i,zero,NotEqual,Equal
2,one-plus-i,seven,NotEqual,Equal
2,one-plus-i,unknown,Unknown,Equal
2,one-plus-i,in-place,NotEqual,Equal
3,two-thirds,zero,Equal,Equal
3,two-thirds,seven,Equal,Equal
3,two-thirds,unknown,Equal,Equal
3,two-thirds,in-place,Equal,Equal
3,sqrt-two,zero,NotEqual,Equal
3,sqrt-two,seven,NotEqual,Equal
3,sqrt-two,unknown,Unknown,Equal
3,sqrt-two,in-place,NotEqual,Equal
3,pi,zero,NotEqual,Equal
3,pi,seven,NotEqual,Equal
3,pi,unknown,Unknown,Equal
3,pi,in-place,NotEqual,Equal
3,one-plus-i,zero,NotEqual,Equal
3,one-plus-i,seven,NotEqual,Equal
3,one-plus-i,unknown,Unknown,Equal
3,one-plus-i,in-place,NotEqual,Equal
{"suite":"polynomial-output","cases":64,"integer_failed":24,"rational_failed":0}
