kind,code,set_equal,factor_success,factor_equal,squarefree_success,squarefree_equal,roots_success,root_count,matches
0,0,1,1,1,1,1,1,0,0
0,1,1,1,1,1,1,1,1,1
0,2,1,1,1,1,1,1,1,1
0,3,1,1,1,1,1,1,1,1
0,4,1,1,1,1,1,1,2,2
0,5,1,1,1,1,1,1,2,2
0,6,1,1,1,1,1,1,1,1
0,7,1,1,1,1,1,1,2,2
0,8,1,1,1,1,1,1,2,2
0,9,1,1,1,1,1,1,1,1
0,10,1,1,1,1,1,1,2,2
0,11,1,1,1,1,1,1,2,2
0,12,1,1,1,1,1,1,2,2
0,13,1,1,1,1,1,1,3,3
0,14,1,1,1,1,1,1,3,3
0,15,1,1,1,1,1,1,2,2
0,16,1,1,1,1,1,1,3,3
0,17,1,1,1,1,1,1,3,3
0,18,1,1,1,1,1,1,1,1
0,19,1,1,1,1,1,1,2,2
0,20,1,1,1,1,1,1,2,2
0,21,1,1,1,1,1,1,2,2
0,22,1,1,1,1,1,1,3,3
0,23,1,1,1,1,1,1,3,3
0,24,1,1,1,1,1,1,2,2
0,25,1,1,1,1,1,1,3,3
0,26,1,1,1,1,1,1,3,3
1,0,1,1,1,1,1,1,0,0
1,1,1,1,1,1,1,1,1,1
1,2,1,1,1,1,1,1,1,1
1,3,1,1,1,1,1,1,1,1
1,4,1,1,1,1,1,1,2,2
1,5,1,1,1,1,1,1,2,2
1,6,1,1,1,1,1,1,1,1
1,7,1,1,1,1,1,1,2,2
1,8,1,1,1,1,1,1,2,2
1,9,1,1,1,1,1,1,1,1
1,10,1,1,1,1,1,1,2,2
1,11,1,1,1,1,1,1,2,2
1,12,1,1,1,1,1,1,2,2
1,13,1,1,1,1,1,1,3,3
1,14,1,1,1,1,1,1,3,3
1,15,1,1,1,1,1,1,2,2
1,16,1,1,1,1,1,1,3,3
1,17,1,1,1,1,1,1,3,3
1,18,1,1,1,1,1,1,1,1
1,19,1,1,1,1,1,1,2,2
1,20,1,1,1,1,1,1,2,2
1,21,1,1,1,1,1,1,2,2
1,22,1,1,1,1,1,1,3,3
1,23,1,1,1,1,1,1,3,3
1,24,1,1,1,1,1,1,2,2
1,25,1,1,1,1,1,1,3,3
1,26,1,1,1,1,1,1,3,3
2,0,1,1,1,1,1,1,0,0
2,1,1,1,1,1,1,1,1,1
2,2,1,1,1,1,1,1,1,1
2,3,1,1,1,1,1,1,1,1
2,4,1,1,1,1,1,1,2,2
2,5,1,1,1,1,1,1,2,2
2,6,1,1,1,1,1,1,1,1
2,7,1,1,1,1,1,1,2,2
2,8,1,1,1,1,1,1,2,2
2,9,1,1,1,1,1,1,1,1
2,10,1,1,1,1,1,1,2,2
2,11,1,1,1,1,1,1,2,2
2,12,1,1,1,1,1,1,2,2
2,13,1,1,1,1,1,1,3,3
2,14,1,1,1,1,1,1,3,3
2,15,1,1,1,1,1,1,2,2
2,16,1,1,1,1,1,1,3,3
2,17,1,1,1,1,1,1,3,3
2,18,1,1,1,1,1,1,1,1
2,19,1,1,1,1,1,1,2,2
2,20,1,1,1,1,1,1,2,2
2,21,1,1,1,1,1,1,2,2
2,22,1,1,1,1,1,1,3,3
2,23,1,1,1,1,1,1,3,3
2,24,1,1,1,1,1,1,2,2
2,25,1,1,1,1,1,1,3,3
2,26,1,1,1,1,1,1,3,3
{"suite":"polynomial-roots","cases":81,"failed_cases":0,"factor_failures":0,"root_failures":0,"root_unmatched":0}
