mode,left_length,right_length,checks,failures
0,0,0,27,0
0,0,1,27,0
0,0,3,27,0
0,0,4,27,0
0,0,10,27,0
0,0,12,27,0
0,1,0,27,0
0,1,1,27,0
0,1,3,27,0
0,1,4,27,0
0,1,10,27,0
0,1,12,27,0
0,3,0,27,0
0,3,1,27,0
0,3,3,27,0
0,3,4,27,0
0,3,10,27,0
0,3,12,27,0
0,4,0,27,0
0,4,1,27,0
0,4,3,27,0
0,4,4,27,0
0,4,10,27,0
0,4,12,27,0
0,10,0,27,0
0,10,1,27,0
0,10,3,27,0
0,10,4,27,0
0,10,10,27,0
0,10,12,27,0
0,12,0,27,0
0,12,1,27,0
0,12,3,27,0
0,12,4,27,0
0,12,10,27,0
0,12,12,27,0
1,0,0,27,0
1,0,1,27,0
1,0,3,27,0
1,0,4,27,0
1,0,10,27,0
1,0,12,27,0
1,1,0,27,0
1,1,1,27,0
1,1,3,27,0
1,1,4,27,0
1,1,10,27,0
1,1,12,27,0
1,3,0,27,0
1,3,1,27,0
1,3,3,27,0
1,3,4,27,0
1,3,10,27,0
1,3,12,27,0
1,4,0,27,0
1,4,1,27,0
1,4,3,27,0
1,4,4,27,0
1,4,10,27,0
1,4,12,27,0
1,10,0,27,0
1,10,1,27,0
1,10,3,27,0
1,10,4,27,0
1,10,10,27,0
1,10,12,27,0
1,12,0,27,0
1,12,1,27,0
1,12,3,27,0
1,12,4,27,0
1,12,10,27,0
1,12,12,27,0
2,0,0,27,0
2,0,1,27,0
2,0,3,27,0
2,0,4,27,0
2,0,10,27,0
2,0,12,27,0
2,1,0,27,0
2,1,1,27,0
2,1,3,27,0
2,1,4,27,0
2,1,10,27,0
2,1,12,27,0
2,3,0,27,0
2,3,1,27,0
2,3,3,27,0
2,3,4,27,0
2,3,10,27,0
2,3,12,27,0
2,4,0,27,0
2,4,1,27,0
2,4,3,27,0
2,4,4,27,0
2,4,10,27,0
2,4,12,27,0
2,10,0,27,0
2,10,1,27,0
2,10,3,27,0
2,10,4,27,0
2,10,10,27,0
2,10,12,27,0
2,12,0,27,0
2,12,1,27,0
2,12,3,27,0
2,12,4,27,0
2,12,10,27,0
2,12,12,27,0
3,0,0,27,0
3,0,1,27,0
3,0,3,27,0
3,0,4,27,0
3,0,10,27,0
3,0,12,27,0
3,1,0,27,0
3,1,1,27,0
3,1,3,27,0
3,1,4,27,0
3,1,10,27,0
3,1,12,27,0
3,3,0,27,0
3,3,1,27,0
3,3,3,27,0
3,3,4,27,0
3,3,10,27,0
3,3,12,27,0
3,4,0,27,0
3,4,1,27,0
3,4,3,27,0
3,4,4,27,0
3,4,10,27,0
3,4,12,27,0
3,10,0,27,0
3,10,1,27,0
3,10,3,27,0
3,10,4,27,0
3,10,10,27,0
3,10,12,27,0
3,12,0,27,0
3,12,1,27,0
3,12,3,27,0
3,12,4,27,0
3,12,10,27,0
3,12,12,27,0
4,0,0,27,0
4,0,1,27,0
4,0,3,27,0
4,0,4,27,0
4,0,10,27,0
4,0,12,27,0
4,1,0,27,0
4,1,1,27,0
4,1,3,27,0
4,1,4,27,0
4,1,10,27,0
4,1,12,27,0
4,3,0,27,0
4,3,1,27,0
4,3,3,27,0
4,3,4,27,0
4,3,10,27,0
4,3,12,27,0
4,4,0,27,0
4,4,1,27,0
4,4,3,27,0
4,4,4,27,0
4,4,10,27,0
4,4,12,27,0
4,10,0,27,0
4,10,1,27,0
4,10,3,27,0
4,10,4,27,0
4,10,10,27,0
4,10,12,27,0
4,12,0,27,0
4,12,1,27,0
4,12,3,27,0
4,12,4,27,0
4,12,10,27,0
4,12,12,27,0
{"suite":"polynomial-arithmetic","cases":180,"checks":4860,"failures":0}
