==46== Memcheck, a memory error detector
==46== Copyright (C) 2002-2026, and GNU GPL'd, by Julian Seward et al.
==46== Using Valgrind-3.27.1 and LibVEX; rerun with -h for copyright info
==46== Command: /tmp/calcium-consumer-builds.X7kU2Y/calcium-reuse/release/calcium-polynomial-decision-trial
==46== 
==46== 
==46== HEAP SUMMARY:
==46==     in use at exit: 3,240 bytes in 25 blocks
==46==   total heap usage: 383,927 allocs, 383,902 frees, 22,351,860 bytes allocated
==46== 
==46== 56 bytes in 1 blocks are still reachable in loss record 1 of 23
==46==    at 0x4A24AE6: malloc (vg_replace_malloc.c:447)
==46==    by 0x411B463: <hyperreal::computable::node::ApproximationCache>::store (in /tmp/calcium-consumer-builds.X7kU2Y/calcium-reuse/release/calcium-polynomial-decision-trial)
==46==    by 0x40FF9FB: <hyperreal::computable::node::Computable>::store_cache_value (in /tmp/calcium-consumer-builds.X7kU2Y/calcium-reuse/release/calcium-polynomial-decision-trial)
==46==    by 0x40F95C1: <hyperreal::computable::node::Computable>::approx_signal (in /tmp/calcium-consumer-builds.X7kU2Y/calcium-reuse/release/calcium-polynomial-decision-trial)
==46==    by 0x40F76FA: <hyperreal::computable::node::Computable>::sign_until (in /tmp/calcium-consumer-builds.X7kU2Y/calcium-reuse/release/calcium-polynomial-decision-trial)
==46==    by 0x40AC828: hyperlimit::resolve::resolve_real_sign_direct (in /tmp/calcium-consumer-builds.X7kU2Y/calcium-reuse/release/calcium-polynomial-decision-trial)
==46==    by 0x409B81D: calcium_polynomial_decision_trial::main (in /tmp/calcium-consumer-builds.X7kU2Y/calcium-reuse/release/calcium-polynomial-decision-trial)
==46==    by 0x409DA42: std::sys::backtrace::__rust_begin_short_backtrace::<fn(), ()> (in /tmp/calcium-consumer-builds.X7kU2Y/calcium-reuse/release/calcium-polynomial-decision-trial)
==46==    by 0x409DAA8: std::rt::lang_start::<()>::{closure#0} (in /tmp/calcium-consumer-builds.X7kU2Y/calcium-reuse/release/calcium-polynomial-decision-trial)
==46==    by 0x4191D96: std::rt::lang_start_internal (in /tmp/calcium-consumer-builds.X7kU2Y/calcium-reuse/release/calcium-polynomial-decision-trial)
==46==    by 0x409D814: main (in /tmp/calcium-consumer-builds.X7kU2Y/calcium-reuse/release/calcium-polynomial-decision-trial)
==46== 
==46== 56 bytes in 1 blocks are still reachable in loss record 2 of 23
==46==    at 0x4A24AE6: malloc (vg_replace_malloc.c:447)
==46==    by 0x411B463: <hyperreal::computable::node::ApproximationCache>::store (in /tmp/calcium-consumer-builds.X7kU2Y/calcium-reuse/release/calcium-polynomial-decision-trial)
==46==    by 0x40FF9FB: <hyperreal::computable::node::Computable>::store_cache_value (in /tmp/calcium-consumer-builds.X7kU2Y/calcium-reuse/release/calcium-polynomial-decision-trial)
==46==    by 0x40F9A0F: <hyperreal::computable::node::Computable>::approx_signal (in /tmp/calcium-consumer-builds.X7kU2Y/calcium-reuse/release/calcium-polynomial-decision-trial)
==46==    by 0x413A746: hyperreal::computable::approximation::half_pi_minus_rational (in /tmp/calcium-consumer-builds.X7kU2Y/calcium-reuse/release/calcium-polynomial-decision-trial)
==46==    by 0x413BD54: hyperreal::computable::approximation::cos_half_pi_minus_rational (in /tmp/calcium-consumer-builds.X7kU2Y/calcium-reuse/release/calcium-polynomial-decision-trial)
==46==    by 0x4126953: <hyperreal::computable::approximation::Approximation>::approximate (in /tmp/calcium-consumer-builds.X7kU2Y/calcium-reuse/release/calcium-polynomial-decision-trial)
==46==    by 0x40F96BB: <hyperreal::computable::node::Computable>::approx_signal (in /tmp/calcium-consumer-builds.X7kU2Y/calcium-reuse/release/calcium-polynomial-decision-trial)
==46==    by 0x41073D6: <hyperreal::computable::node::Computable>::exp (in /tmp/calcium-consumer-builds.X7kU2Y/calcium-reuse/release/calcium-polynomial-decision-trial)
==46==    by 0x40DC3A8: <hyperreal::real::arithmetic::Real>::exp (in /tmp/calcium-consumer-builds.X7kU2Y/calcium-reuse/release/calcium-polynomial-decision-trial)
==46==    by 0x409B5D6: calcium_polynomial_decision_trial::main (in /tmp/calcium-consumer-builds.X7kU2Y/calcium-reuse/release/calcium-polynomial-decision-trial)
==46==    by 0x409DA42: std::sys::backtrace::__rust_begin_short_backtrace::<fn(), ()> (in /tmp/calcium-consumer-builds.X7kU2Y/calcium-reuse/release/calcium-polynomial-decision-trial)
==46== 
==46== 72 bytes in 1 blocks are still reachable in loss record 3 of 23
==46==    at 0x4A24AE6: malloc (vg_replace_malloc.c:447)
==46==    by 0x4157C92: <alloc::raw_vec::RawVecInner>::try_allocate_in (in /tmp/calcium-consumer-builds.X7kU2Y/calcium-reuse/release/calcium-polynomial-decision-trial)
==46==    by 0x40F99A0: <hyperreal::computable::node::Computable>::approx_signal (in /tmp/calcium-consumer-builds.X7kU2Y/calcium-reuse/release/calcium-polynomial-decision-trial)
==46==    by 0x413A746: hyperreal::computable::approximation::half_pi_minus_rational (in /tmp/calcium-consumer-builds.X7kU2Y/calcium-reuse/release/calcium-polynomial-decision-trial)
==46==    by 0x413BD54: hyperreal::computable::approximation::cos_half_pi_minus_rational (in /tmp/calcium-consumer-builds.X7kU2Y/calcium-reuse/release/calcium-polynomial-decision-trial)
==46==    by 0x4126953: <hyperreal::computable::approximation::Approximation>::approximate (in /tmp/calcium-consumer-builds.X7kU2Y/calcium-reuse/release/calcium-polynomial-decision-trial)
==46==    by 0x40F8AC4: <hyperreal::computable::node::Computable>::approx_signal (in /tmp/calcium-consumer-builds.X7kU2Y/calcium-reuse/release/calcium-polynomial-decision-trial)
==46==    by 0x4144308: hyperreal::computable::approximation::exp (in /tmp/calcium-consumer-builds.X7kU2Y/calcium-reuse/release/calcium-polynomial-decision-trial)
==46==    by 0x4126646: <hyperreal::computable::approximation::Approximation>::approximate (in /tmp/calcium-consumer-builds.X7kU2Y/calcium-reuse/release/calcium-polynomial-decision-trial)
==46==    by 0x40F8AC4: <hyperreal::computable::node::Computable>::approx_signal (in /tmp/calcium-consumer-builds.X7kU2Y/calcium-reuse/release/calcium-polynomial-decision-trial)
==46==    by 0x4146537: hyperreal::computable::approximation::sqrt (in /tmp/calcium-consumer-builds.X7kU2Y/calcium-reuse/release/calcium-polynomial-decision-trial)
==46==    by 0x412685D: <hyperreal::computable::approximation::Approximation>::approximate (in /tmp/calcium-consumer-builds.X7kU2Y/calcium-reuse/release/calcium-polynomial-decision-trial)
==46== 
==46== 72 bytes in 1 blocks are still reachable in loss record 4 of 23
==46==    at 0x4A24AE6: malloc (vg_replace_malloc.c:447)
==46==    by 0x40F94CE: <hyperreal::computable::node::Computable>::approx_signal (in /tmp/calcium-consumer-builds.X7kU2Y/calcium-reuse/release/calcium-polynomial-decision-trial)
==46==    by 0x4144308: hyperreal::computable::approximation::exp (in /tmp/calcium-consumer-builds.X7kU2Y/calcium-reuse/release/calcium-polynomial-decision-trial)
==46==    by 0x4126646: <hyperreal::computable::approximation::Approximation>::approximate (in /tmp/calcium-consumer-builds.X7kU2Y/calcium-reuse/release/calcium-polynomial-decision-trial)
==46==    by 0x40F8AC4: <hyperreal::computable::node::Computable>::approx_signal (in /tmp/calcium-consumer-builds.X7kU2Y/calcium-reuse/release/calcium-polynomial-decision-trial)
==46==    by 0x4146537: hyperreal::computable::approximation::sqrt (in /tmp/calcium-consumer-builds.X7kU2Y/calcium-reuse/release/calcium-polynomial-decision-trial)
==46==    by 0x412685D: <hyperreal::computable::approximation::Approximation>::approximate (in /tmp/calcium-consumer-builds.X7kU2Y/calcium-reuse/release/calcium-polynomial-decision-trial)
==46==    by 0x40F8AC4: <hyperreal::computable::node::Computable>::approx_signal (in /tmp/calcium-consumer-builds.X7kU2Y/calcium-reuse/release/calcium-polynomial-decision-trial)
==46==    by 0x40F76FA: <hyperreal::computable::node::Computable>::sign_until (in /tmp/calcium-consumer-builds.X7kU2Y/calcium-reuse/release/calcium-polynomial-decision-trial)
==46==    by 0x40AC828: hyperlimit::resolve::resolve_real_sign_direct (in /tmp/calcium-consumer-builds.X7kU2Y/calcium-reuse/release/calcium-polynomial-decision-trial)
==46==    by 0x409B81D: calcium_polynomial_decision_trial::main (in /tmp/calcium-consumer-builds.X7kU2Y/calcium-reuse/release/calcium-polynomial-decision-trial)
==46==    by 0x409DA42: std::sys::backtrace::__rust_begin_short_backtrace::<fn(), ()> (in /tmp/calcium-consumer-builds.X7kU2Y/calcium-reuse/release/calcium-polynomial-decision-trial)
==46== 
==46== 104 bytes in 1 blocks are still reachable in loss record 5 of 23
==46==    at 0x4A24AE6: malloc (vg_replace_malloc.c:447)
==46==    by 0x40D2B89: <hyperreal::rational::arithmetic::RATIONAL_ZERO::{closure#0} as core::ops::function::FnOnce<()>>::call_once (in /tmp/calcium-consumer-builds.X7kU2Y/calcium-reuse/release/calcium-polynomial-decision-trial)
==46==    by 0x40ADC7A: <std::sync::once::Once>::call_once_force::<<std::sync::lazy_lock::LazyLock<hyperreal::rational::arithmetic::Rational>>::force::{closure#0}>::{closure#0} (in /tmp/calcium-consumer-builds.X7kU2Y/calcium-reuse/release/calcium-polynomial-decision-trial)
==46==    by 0x4184618: <std::sys::sync::once::futex::Once>::call (in /tmp/calcium-consumer-builds.X7kU2Y/calcium-reuse/release/calcium-polynomial-decision-trial)
==46==    by 0x40E5A26: <hyperreal::real::arithmetic::Real>::zero (in /tmp/calcium-consumer-builds.X7kU2Y/calcium-reuse/release/calcium-polynomial-decision-trial)
==46==    by 0x409B01F: calcium_polynomial_decision_trial::main (in /tmp/calcium-consumer-builds.X7kU2Y/calcium-reuse/release/calcium-polynomial-decision-trial)
==46==    by 0x409DA42: std::sys::backtrace::__rust_begin_short_backtrace::<fn(), ()> (in /tmp/calcium-consumer-builds.X7kU2Y/calcium-reuse/release/calcium-polynomial-decision-trial)
==46==    by 0x409DAA8: std::rt::lang_start::<()>::{closure#0} (in /tmp/calcium-consumer-builds.X7kU2Y/calcium-reuse/release/calcium-polynomial-decision-trial)
==46==    by 0x4191D96: std::rt::lang_start_internal (in /tmp/calcium-consumer-builds.X7kU2Y/calcium-reuse/release/calcium-polynomial-decision-trial)
==46==    by 0x409D814: main (in /tmp/calcium-consumer-builds.X7kU2Y/calcium-reuse/release/calcium-polynomial-decision-trial)
==46== 
==46== 104 bytes in 1 blocks are still reachable in loss record 6 of 23
==46==    at 0x4A24AE6: malloc (vg_replace_malloc.c:447)
==46==    by 0x40D2A52: <hyperreal::rational::arithmetic::RATIONAL_ONE::{closure#0} as core::ops::function::FnOnce<()>>::call_once (in /tmp/calcium-consumer-builds.X7kU2Y/calcium-reuse/release/calcium-polynomial-decision-trial)
==46==    by 0x40ADC7A: <std::sync::once::Once>::call_once_force::<<std::sync::lazy_lock::LazyLock<hyperreal::rational::arithmetic::Rational>>::force::{closure#0}>::{closure#0} (in /tmp/calcium-consumer-builds.X7kU2Y/calcium-reuse/release/calcium-polynomial-decision-trial)
==46==    by 0x4184618: <std::sys::sync::once::futex::Once>::call (in /tmp/calcium-consumer-builds.X7kU2Y/calcium-reuse/release/calcium-polynomial-decision-trial)
==46==    by 0x40E598F: <hyperreal::real::arithmetic::Real>::one (in /tmp/calcium-consumer-builds.X7kU2Y/calcium-reuse/release/calcium-polynomial-decision-trial)
==46==    by 0x409BA29: calcium_polynomial_decision_trial::main (in /tmp/calcium-consumer-builds.X7kU2Y/calcium-reuse/release/calcium-polynomial-decision-trial)
==46==    by 0x409DA42: std::sys::backtrace::__rust_begin_short_backtrace::<fn(), ()> (in /tmp/calcium-consumer-builds.X7kU2Y/calcium-reuse/release/calcium-polynomial-decision-trial)
==46==    by 0x409DAA8: std::rt::lang_start::<()>::{closure#0} (in /tmp/calcium-consumer-builds.X7kU2Y/calcium-reuse/release/calcium-polynomial-decision-trial)
==46==    by 0x4191D96: std::rt::lang_start_internal (in /tmp/calcium-consumer-builds.X7kU2Y/calcium-reuse/release/calcium-polynomial-decision-trial)
==46==    by 0x409D814: main (in /tmp/calcium-consumer-builds.X7kU2Y/calcium-reuse/release/calcium-polynomial-decision-trial)
==46== 
==46== 104 bytes in 1 blocks are still reachable in loss record 7 of 23
==46==    at 0x4A24AE6: malloc (vg_replace_malloc.c:447)
==46==    by 0x40D2CC2: <hyperreal::rational::arithmetic::RATIONAL_MINUS_ONE::{closure#0} as core::ops::function::FnOnce<()>>::call_once (in /tmp/calcium-consumer-builds.X7kU2Y/calcium-reuse/release/calcium-polynomial-decision-trial)
==46==    by 0x40ADC7A: <std::sync::once::Once>::call_once_force::<<std::sync::lazy_lock::LazyLock<hyperreal::rational::arithmetic::Rational>>::force::{closure#0}>::{closure#0} (in /tmp/calcium-consumer-builds.X7kU2Y/calcium-reuse/release/calcium-polynomial-decision-trial)
==46==    by 0x4184618: <std::sys::sync::once::futex::Once>::call (in /tmp/calcium-consumer-builds.X7kU2Y/calcium-reuse/release/calcium-polynomial-decision-trial)
==46==    by 0x40CDE0D: <&hyperreal::rational::arithmetic::Rational as core::ops::arith::Neg>::neg (in /tmp/calcium-consumer-builds.X7kU2Y/calcium-reuse/release/calcium-polynomial-decision-trial)
==46==    by 0x40A67A7: <&hyperreal::real::arithmetic::Real as core::ops::arith::Sub>::sub (in /tmp/calcium-consumer-builds.X7kU2Y/calcium-reuse/release/calcium-polynomial-decision-trial)
==46==    by 0x40A0B8E: hypersolve::resultant::subresultant_chain_univariate_polynomials (in /tmp/calcium-consumer-builds.X7kU2Y/calcium-reuse/release/calcium-polynomial-decision-trial)
==46==    by 0x409BC21: calcium_polynomial_decision_trial::main (in /tmp/calcium-consumer-builds.X7kU2Y/calcium-reuse/release/calcium-polynomial-decision-trial)
==46==    by 0x409DA42: std::sys::backtrace::__rust_begin_short_backtrace::<fn(), ()> (in /tmp/calcium-consumer-builds.X7kU2Y/calcium-reuse/release/calcium-polynomial-decision-trial)
==46==    by 0x409DAA8: std::rt::lang_start::<()>::{closure#0} (in /tmp/calcium-consumer-builds.X7kU2Y/calcium-reuse/release/calcium-polynomial-decision-trial)
==46==    by 0x4191D96: std::rt::lang_start_internal (in /tmp/calcium-consumer-builds.X7kU2Y/calcium-reuse/release/calcium-polynomial-decision-trial)
==46==    by 0x409D814: main (in /tmp/calcium-consumer-builds.X7kU2Y/calcium-reuse/release/calcium-polynomial-decision-trial)
==46== 
==46== 104 bytes in 1 blocks are still reachable in loss record 8 of 23
==46==    at 0x4A24AE6: malloc (vg_replace_malloc.c:447)
==46==    by 0x4154144: <std::sync::once::Once>::call_once_force::<<std::sync::once_lock::OnceLock<hyperreal::rational::arithmetic::Rational>>::initialize<<std::sync::once_lock::OnceLock<hyperreal::rational::arithmetic::Rational>>::get_or_init<<hyperreal::rational::arithmetic::Rational>::small_integer::{closure#0}>::{closure#0}, !>::{closure#0}>::{closure#0} (in /tmp/calcium-consumer-builds.X7kU2Y/calcium-reuse/release/calcium-polynomial-decision-trial)
==46==    by 0x4184618: <std::sys::sync::once::futex::Once>::call (in /tmp/calcium-consumer-builds.X7kU2Y/calcium-reuse/release/calcium-polynomial-decision-trial)
==46==    by 0x4153694: <std::sync::once_lock::OnceLock<hyperreal::rational::arithmetic::Rational>>::initialize::<<std::sync::once_lock::OnceLock<hyperreal::rational::arithmetic::Rational>>::get_or_init<<hyperreal::rational::arithmetic::Rational>::small_integer::{closure#0}>::{closure#0}, !> (in /tmp/calcium-consumer-builds.X7kU2Y/calcium-reuse/release/calcium-polynomial-decision-trial)
==46==    by 0x40B8416: <hyperreal::rational::arithmetic::Rational>::add_ref (in /tmp/calcium-consumer-builds.X7kU2Y/calcium-reuse/release/calcium-polynomial-decision-trial)
==46==    by 0x409D05A: <hyperreal::real::arithmetic::Real as core::ops::arith::AddAssign>::add_assign (in /tmp/calcium-consumer-builds.X7kU2Y/calcium-reuse/release/calcium-polynomial-decision-trial)
==46==    by 0x409BBF1: calcium_polynomial_decision_trial::main (in /tmp/calcium-consumer-builds.X7kU2Y/calcium-reuse/release/calcium-polynomial-decision-trial)
==46==    by 0x409DA42: std::sys::backtrace::__rust_begin_short_backtrace::<fn(), ()> (in /tmp/calcium-consumer-builds.X7kU2Y/calcium-reuse/release/calcium-polynomial-decision-trial)
==46==    by 0x409DAA8: std::rt::lang_start::<()>::{closure#0} (in /tmp/calcium-consumer-builds.X7kU2Y/calcium-reuse/release/calcium-polynomial-decision-trial)
==46==    by 0x4191D96: std::rt::lang_start_internal (in /tmp/calcium-consumer-builds.X7kU2Y/calcium-reuse/release/calcium-polynomial-decision-trial)
==46==    by 0x409D814: main (in /tmp/calcium-consumer-builds.X7kU2Y/calcium-reuse/release/calcium-polynomial-decision-trial)
==46== 
==46== 104 bytes in 1 blocks are still reachable in loss record 9 of 23
==46==    at 0x4A24AE6: malloc (vg_replace_malloc.c:447)
==46==    by 0x40B2052: <hyperreal::rational::arithmetic::Rational>::extract_square_reduced (in /tmp/calcium-consumer-builds.X7kU2Y/calcium-reuse/release/calcium-polynomial-decision-trial)
==46==    by 0x40B2B49: <hyperreal::rational::arithmetic::Rational>::extract_square_reduced_retained (in /tmp/calcium-consumer-builds.X7kU2Y/calcium-reuse/release/calcium-polynomial-decision-trial)
==46==    by 0x40DF86F: <hyperreal::real::arithmetic::Real>::sqrt (in /tmp/calcium-consumer-builds.X7kU2Y/calcium-reuse/release/calcium-polynomial-decision-trial)
==46==    by 0x409B06A: calcium_polynomial_decision_trial::main (in /tmp/calcium-consumer-builds.X7kU2Y/calcium-reuse/release/calcium-polynomial-decision-trial)
==46==    by 0x409DA42: std::sys::backtrace::__rust_begin_short_backtrace::<fn(), ()> (in /tmp/calcium-consumer-builds.X7kU2Y/calcium-reuse/release/calcium-polynomial-decision-trial)
==46==    by 0x409DAA8: std::rt::lang_start::<()>::{closure#0} (in /tmp/calcium-consumer-builds.X7kU2Y/calcium-reuse/release/calcium-polynomial-decision-trial)
==46==    by 0x4191D96: std::rt::lang_start_internal (in /tmp/calcium-consumer-builds.X7kU2Y/calcium-reuse/release/calcium-polynomial-decision-trial)
==46==    by 0x409D814: main (in /tmp/calcium-consumer-builds.X7kU2Y/calcium-reuse/release/calcium-polynomial-decision-trial)
==46== 
==46== 104 bytes in 1 blocks are still reachable in loss record 10 of 23
==46==    at 0x4A24AE6: malloc (vg_replace_malloc.c:447)
==46==    by 0x40B21C5: <hyperreal::rational::arithmetic::Rational>::extract_square_reduced (in /tmp/calcium-consumer-builds.X7kU2Y/calcium-reuse/release/calcium-polynomial-decision-trial)
==46==    by 0x40B2B49: <hyperreal::rational::arithmetic::Rational>::extract_square_reduced_retained (in /tmp/calcium-consumer-builds.X7kU2Y/calcium-reuse/release/calcium-polynomial-decision-trial)
==46==    by 0x40DF86F: <hyperreal::real::arithmetic::Real>::sqrt (in /tmp/calcium-consumer-builds.X7kU2Y/calcium-reuse/release/calcium-polynomial-decision-trial)
==46==    by 0x409B06A: calcium_polynomial_decision_trial::main (in /tmp/calcium-consumer-builds.X7kU2Y/calcium-reuse/release/calcium-polynomial-decision-trial)
==46==    by 0x409DA42: std::sys::backtrace::__rust_begin_short_backtrace::<fn(), ()> (in /tmp/calcium-consumer-builds.X7kU2Y/calcium-reuse/release/calcium-polynomial-decision-trial)
==46==    by 0x409DAA8: std::rt::lang_start::<()>::{closure#0} (in /tmp/calcium-consumer-builds.X7kU2Y/calcium-reuse/release/calcium-polynomial-decision-trial)
==46==    by 0x4191D96: std::rt::lang_start_internal (in /tmp/calcium-consumer-builds.X7kU2Y/calcium-reuse/release/calcium-polynomial-decision-trial)
==46==    by 0x409D814: main (in /tmp/calcium-consumer-builds.X7kU2Y/calcium-reuse/release/calcium-polynomial-decision-trial)
==46== 
==46== 104 bytes in 1 blocks are still reachable in loss record 11 of 23
==46==    at 0x4A24AE6: malloc (vg_replace_malloc.c:447)
==46==    by 0x40C0D3F: <hyperreal::rational::arithmetic::Rational>::from_fraction_parts_reduced (in /tmp/calcium-consumer-builds.X7kU2Y/calcium-reuse/release/calcium-polynomial-decision-trial)
==46==    by 0x4123F9D: <hyperreal::computable::node::HALF_RATIONAL::{closure#0} as core::ops::function::FnOnce<()>>::call_once (in /tmp/calcium-consumer-builds.X7kU2Y/calcium-reuse/release/calcium-polynomial-decision-trial)
==46==    by 0x40F5A3A: <std::sync::once::Once>::call_once_force::<<std::sync::lazy_lock::LazyLock<hyperreal::rational::arithmetic::Rational>>::force::{closure#0}>::{closure#0} (in /tmp/calcium-consumer-builds.X7kU2Y/calcium-reuse/release/calcium-polynomial-decision-trial)
==46==    by 0x4184618: <std::sys::sync::once::futex::Once>::call (in /tmp/calcium-consumer-builds.X7kU2Y/calcium-reuse/release/calcium-polynomial-decision-trial)
==46==    by 0x4103081: <hyperreal::computable::node::ExpRelationForm>::logarithm (in /tmp/calcium-consumer-builds.X7kU2Y/calcium-reuse/release/calcium-polynomial-decision-trial)
==46==    by 0x40FD369: <hyperreal::computable::node::Computable>::exact_sign (in /tmp/calcium-consumer-builds.X7kU2Y/calcium-reuse/release/calcium-polynomial-decision-trial)
==46==    by 0x40F9F41: <hyperreal::computable::node::Computable>::structural_facts (in /tmp/calcium-consumer-builds.X7kU2Y/calcium-reuse/release/calcium-polynomial-decision-trial)
==46==    by 0x409FAF0: <hyperreal::real::arithmetic::Real>::structural_facts (in /tmp/calcium-consumer-builds.X7kU2Y/calcium-reuse/release/calcium-polynomial-decision-trial)
==46==    by 0x409FC30: hypersolve::resultant::trim_coefficients (in /tmp/calcium-consumer-builds.X7kU2Y/calcium-reuse/release/calcium-polynomial-decision-trial)
==46==    by 0x40A0C48: hypersolve::resultant::subresultant_chain_univariate_polynomials (in /tmp/calcium-consumer-builds.X7kU2Y/calcium-reuse/release/calcium-polynomial-decision-trial)
==46==    by 0x409BC21: calcium_polynomial_decision_trial::main (in /tmp/calcium-consumer-builds.X7kU2Y/calcium-reuse/release/calcium-polynomial-decision-trial)
==46== 
==46== 104 bytes in 1 blocks are still reachable in loss record 12 of 23
==46==    at 0x4A24AE6: malloc (vg_replace_malloc.c:447)
==46==    by 0x4154144: <std::sync::once::Once>::call_once_force::<<std::sync::once_lock::OnceLock<hyperreal::rational::arithmetic::Rational>>::initialize<<std::sync::once_lock::OnceLock<hyperreal::rational::arithmetic::Rational>>::get_or_init<<hyperreal::rational::arithmetic::Rational>::small_integer::{closure#0}>::{closure#0}, !>::{closure#0}>::{closure#0} (in /tmp/calcium-consumer-builds.X7kU2Y/calcium-reuse/release/calcium-polynomial-decision-trial)
==46==    by 0x4184618: <std::sys::sync::once::futex::Once>::call (in /tmp/calcium-consumer-builds.X7kU2Y/calcium-reuse/release/calcium-polynomial-decision-trial)
==46==    by 0x4153694: <std::sync::once_lock::OnceLock<hyperreal::rational::arithmetic::Rational>>::initialize::<<std::sync::once_lock::OnceLock<hyperreal::rational::arithmetic::Rational>>::get_or_init<<hyperreal::rational::arithmetic::Rational>::small_integer::{closure#0}>::{closure#0}, !> (in /tmp/calcium-consumer-builds.X7kU2Y/calcium-reuse/release/calcium-polynomial-decision-trial)
==46==    by 0x40C07DD: <hyperreal::rational::arithmetic::Rational>::from_primitive_integer (in /tmp/calcium-consumer-builds.X7kU2Y/calcium-reuse/release/calcium-polynomial-decision-trial)
==46==    by 0x409B2A4: calcium_polynomial_decision_trial::main (in /tmp/calcium-consumer-builds.X7kU2Y/calcium-reuse/release/calcium-polynomial-decision-trial)
==46==    by 0x409DA42: std::sys::backtrace::__rust_begin_short_backtrace::<fn(), ()> (in /tmp/calcium-consumer-builds.X7kU2Y/calcium-reuse/release/calcium-polynomial-decision-trial)
==46==    by 0x409DAA8: std::rt::lang_start::<()>::{closure#0} (in /tmp/calcium-consumer-builds.X7kU2Y/calcium-reuse/release/calcium-polynomial-decision-trial)
==46==    by 0x4191D96: std::rt::lang_start_internal (in /tmp/calcium-consumer-builds.X7kU2Y/calcium-reuse/release/calcium-polynomial-decision-trial)
==46==    by 0x409D814: main (in /tmp/calcium-consumer-builds.X7kU2Y/calcium-reuse/release/calcium-polynomial-decision-trial)
==46== 
==46== 104 bytes in 1 blocks are still reachable in loss record 13 of 23
==46==    at 0x4A24AE6: malloc (vg_replace_malloc.c:447)
==46==    by 0x41542DA: <std::sync::once::Once>::call_once_force::<<std::sync::once_lock::OnceLock<hyperreal::rational::arithmetic::Rational>>::initialize<<std::sync::once_lock::OnceLock<hyperreal::rational::arithmetic::Rational>>::get_or_init<<hyperreal::rational::arithmetic::Rational>::small_reduced_dyadic::{closure#0}>::{closure#0}, !>::{closure#0}>::{closure#0} (in /tmp/calcium-consumer-builds.X7kU2Y/calcium-reuse/release/calcium-polynomial-decision-trial)
==46==    by 0x4184618: <std::sys::sync::once::futex::Once>::call (in /tmp/calcium-consumer-builds.X7kU2Y/calcium-reuse/release/calcium-polynomial-decision-trial)
==46==    by 0x41536E8: <std::sync::once_lock::OnceLock<hyperreal::rational::arithmetic::Rational>>::initialize::<<std::sync::once_lock::OnceLock<hyperreal::rational::arithmetic::Rational>>::get_or_init<<hyperreal::rational::arithmetic::Rational>::small_reduced_dyadic::{closure#0}>::{closure#0}, !> (in /tmp/calcium-consumer-builds.X7kU2Y/calcium-reuse/release/calcium-polynomial-decision-trial)
==46==    by 0x40C02BA: <hyperreal::rational::arithmetic::Rational>::small_reduced_dyadic (in /tmp/calcium-consumer-builds.X7kU2Y/calcium-reuse/release/calcium-polynomial-decision-trial)
==46==    by 0x40C7E86: <hyperreal::rational::arithmetic::Rational>::from_reduced_word_parts (in /tmp/calcium-consumer-builds.X7kU2Y/calcium-reuse/release/calcium-polynomial-decision-trial)
==46==    by 0x40CEED1: <&hyperreal::rational::arithmetic::Rational as core::ops::arith::Mul>::mul (in /tmp/calcium-consumer-builds.X7kU2Y/calcium-reuse/release/calcium-polynomial-decision-trial)
==46==    by 0x40CF1F2: <hyperreal::rational::arithmetic::Rational as core::ops::arith::Mul>::mul (in /tmp/calcium-consumer-builds.X7kU2Y/calcium-reuse/release/calcium-polynomial-decision-trial)
==46==    by 0x41144E2: <hyperreal::computable::node::Computable>::rational_offset_parts (in /tmp/calcium-consumer-builds.X7kU2Y/calcium-reuse/release/calcium-polynomial-decision-trial)
==46==    by 0x4116E8E: <hyperreal::computable::node::Computable>::add (in /tmp/calcium-consumer-builds.X7kU2Y/calcium-reuse/release/calcium-polynomial-decision-trial)
==46==    by 0x410A973: <hyperreal::computable::node::Computable>::ln (in /tmp/calcium-consumer-builds.X7kU2Y/calcium-reuse/release/calcium-polynomial-decision-trial)
==46==    by 0x410AE2A: <hyperreal::computable::node::Computable>::ln (in /tmp/calcium-consumer-builds.X7kU2Y/calcium-reuse/release/calcium-polynomial-decision-trial)
==46== 
==46== 104 bytes in 1 blocks are still reachable in loss record 14 of 23
==46==    at 0x4A24AE6: malloc (vg_replace_malloc.c:447)
==46==    by 0x41542DA: <std::sync::once::Once>::call_once_force::<<std::sync::once_lock::OnceLock<hyperreal::rational::arithmetic::Rational>>::initialize<<std::sync::once_lock::OnceLock<hyperreal::rational::arithmetic::Rational>>::get_or_init<<hyperreal::rational::arithmetic::Rational>::small_reduced_dyadic::{closure#0}>::{closure#0}, !>::{closure#0}>::{closure#0} (in /tmp/calcium-consumer-builds.X7kU2Y/calcium-reuse/release/calcium-polynomial-decision-trial)
==46==    by 0x4184618: <std::sys::sync::once::futex::Once>::call (in /tmp/calcium-consumer-builds.X7kU2Y/calcium-reuse/release/calcium-polynomial-decision-trial)
==46==    by 0x41536E8: <std::sync::once_lock::OnceLock<hyperreal::rational::arithmetic::Rational>>::initialize::<<std::sync::once_lock::OnceLock<hyperreal::rational::arithmetic::Rational>>::get_or_init<<hyperreal::rational::arithmetic::Rational>::small_reduced_dyadic::{closure#0}>::{closure#0}, !> (in /tmp/calcium-consumer-builds.X7kU2Y/calcium-reuse/release/calcium-polynomial-decision-trial)
==46==    by 0x40C02BA: <hyperreal::rational::arithmetic::Rational>::small_reduced_dyadic (in /tmp/calcium-consumer-builds.X7kU2Y/calcium-reuse/release/calcium-polynomial-decision-trial)
==46==    by 0x40C7E86: <hyperreal::rational::arithmetic::Rational>::from_reduced_word_parts (in /tmp/calcium-consumer-builds.X7kU2Y/calcium-reuse/release/calcium-polynomial-decision-trial)
==46==    by 0x40B4408: <hyperreal::rational::arithmetic::Rational>::add_sub_words (in /tmp/calcium-consumer-builds.X7kU2Y/calcium-reuse/release/calcium-polynomial-decision-trial)
==46==    by 0x40B7BB1: <hyperreal::rational::arithmetic::Rational>::add_ref (in /tmp/calcium-consumer-builds.X7kU2Y/calcium-reuse/release/calcium-polynomial-decision-trial)
==46==    by 0x4116EFF: <hyperreal::computable::node::Computable>::add (in /tmp/calcium-consumer-builds.X7kU2Y/calcium-reuse/release/calcium-polynomial-decision-trial)
==46==    by 0x410A973: <hyperreal::computable::node::Computable>::ln (in /tmp/calcium-consumer-builds.X7kU2Y/calcium-reuse/release/calcium-polynomial-decision-trial)
==46==    by 0x410AE2A: <hyperreal::computable::node::Computable>::ln (in /tmp/calcium-consumer-builds.X7kU2Y/calcium-reuse/release/calcium-polynomial-decision-trial)
==46==    by 0x40DB2BF: <hyperreal::real::arithmetic::Real>::ln (in /tmp/calcium-consumer-builds.X7kU2Y/calcium-reuse/release/calcium-polynomial-decision-trial)
==46== 
==46== 104 bytes in 1 blocks are still reachable in loss record 15 of 23
==46==    at 0x4A24AE6: malloc (vg_replace_malloc.c:447)
==46==    by 0x40C0D3F: <hyperreal::rational::arithmetic::Rational>::from_fraction_parts_reduced (in /tmp/calcium-consumer-builds.X7kU2Y/calcium-reuse/release/calcium-polynomial-decision-trial)
==46==    by 0x4123FFD: <hyperreal::computable::node::THREE_HALVES_RATIONAL::{closure#0} as core::ops::function::FnOnce<()>>::call_once (in /tmp/calcium-consumer-builds.X7kU2Y/calcium-reuse/release/calcium-polynomial-decision-trial)
==46==    by 0x40F5A3A: <std::sync::once::Once>::call_once_force::<<std::sync::lazy_lock::LazyLock<hyperreal::rational::arithmetic::Rational>>::force::{closure#0}>::{closure#0} (in /tmp/calcium-consumer-builds.X7kU2Y/calcium-reuse/release/calcium-polynomial-decision-trial)
==46==    by 0x4184618: <std::sys::sync::once::futex::Once>::call (in /tmp/calcium-consumer-builds.X7kU2Y/calcium-reuse/release/calcium-polynomial-decision-trial)
==46==    by 0x41082F0: <hyperreal::computable::node::Computable>::exact_rational_half_pi_shortcut_magnitude (in /tmp/calcium-consumer-builds.X7kU2Y/calcium-reuse/release/calcium-polynomial-decision-trial)
==46==    by 0x4103DF1: <hyperreal::computable::node::Computable>::sin_rational (in /tmp/calcium-consumer-builds.X7kU2Y/calcium-reuse/release/calcium-polynomial-decision-trial)
==46==    by 0x40DD342: <hyperreal::real::arithmetic::Real>::sin (in /tmp/calcium-consumer-builds.X7kU2Y/calcium-reuse/release/calcium-polynomial-decision-trial)
==46==    by 0x409B5C3: calcium_polynomial_decision_trial::main (in /tmp/calcium-consumer-builds.X7kU2Y/calcium-reuse/release/calcium-polynomial-decision-trial)
==46==    by 0x409DA42: std::sys::backtrace::__rust_begin_short_backtrace::<fn(), ()> (in /tmp/calcium-consumer-builds.X7kU2Y/calcium-reuse/release/calcium-polynomial-decision-trial)
==46==    by 0x409DAA8: std::rt::lang_start::<()>::{closure#0} (in /tmp/calcium-consumer-builds.X7kU2Y/calcium-reuse/release/calcium-polynomial-decision-trial)
==46==    by 0x4191D96: std::rt::lang_start_internal (in /tmp/calcium-consumer-builds.X7kU2Y/calcium-reuse/release/calcium-polynomial-decision-trial)
==46== 
==46== 104 bytes in 1 blocks are still reachable in loss record 16 of 23
==46==    at 0x4A24AE6: malloc (vg_replace_malloc.c:447)
==46==    by 0x41222F5: <hyperreal::rational::arithmetic::Rational as core::ops::arith::Neg>::neg (in /tmp/calcium-consumer-builds.X7kU2Y/calcium-reuse/release/calcium-polynomial-decision-trial)
==46==    by 0x4102A61: <hyperreal::computable::node::ExpRelationForm>::linear (in /tmp/calcium-consumer-builds.X7kU2Y/calcium-reuse/release/calcium-polynomial-decision-trial)
==46==    by 0x4102A52: <hyperreal::computable::node::ExpRelationForm>::linear (in /tmp/calcium-consumer-builds.X7kU2Y/calcium-reuse/release/calcium-polynomial-decision-trial)
==46==    by 0x4102E77: <hyperreal::computable::node::ExpRelationForm>::logarithm (in /tmp/calcium-consumer-builds.X7kU2Y/calcium-reuse/release/calcium-polynomial-decision-trial)
==46==    by 0x4102F39: <hyperreal::computable::node::ExpRelationForm>::logarithm (in /tmp/calcium-consumer-builds.X7kU2Y/calcium-reuse/release/calcium-polynomial-decision-trial)
==46==    by 0x4102F39: <hyperreal::computable::node::ExpRelationForm>::logarithm (in /tmp/calcium-consumer-builds.X7kU2Y/calcium-reuse/release/calcium-polynomial-decision-trial)
==46==    by 0x40FD369: <hyperreal::computable::node::Computable>::exact_sign (in /tmp/calcium-consumer-builds.X7kU2Y/calcium-reuse/release/calcium-polynomial-decision-trial)
==46==    by 0x40F9F41: <hyperreal::computable::node::Computable>::structural_facts (in /tmp/calcium-consumer-builds.X7kU2Y/calcium-reuse/release/calcium-polynomial-decision-trial)
==46==    by 0x40AC580: <hyperreal::real::arithmetic::Real>::structural_facts (in /tmp/calcium-consumer-builds.X7kU2Y/calcium-reuse/release/calcium-polynomial-decision-trial)
==46==    by 0x40AC7DB: hyperlimit::resolve::resolve_real_sign_direct (in /tmp/calcium-consumer-builds.X7kU2Y/calcium-reuse/release/calcium-polynomial-decision-trial)
==46==    by 0x409B81D: calcium_polynomial_decision_trial::main (in /tmp/calcium-consumer-builds.X7kU2Y/calcium-reuse/release/calcium-polynomial-decision-trial)
==46== 
==46== 104 bytes in 1 blocks are still reachable in loss record 17 of 23
==46==    at 0x4A24AE6: malloc (vg_replace_malloc.c:447)
==46==    by 0x40CDCE4: <&hyperreal::rational::arithmetic::Rational as core::ops::arith::Neg>::neg (in /tmp/calcium-consumer-builds.X7kU2Y/calcium-reuse/release/calcium-polynomial-decision-trial)
==46==    by 0x40CEDAA: <&hyperreal::rational::arithmetic::Rational as core::ops::arith::Mul>::mul (in /tmp/calcium-consumer-builds.X7kU2Y/calcium-reuse/release/calcium-polynomial-decision-trial)
==46==    by 0x40CF1F2: <hyperreal::rational::arithmetic::Rational as core::ops::arith::Mul>::mul (in /tmp/calcium-consumer-builds.X7kU2Y/calcium-reuse/release/calcium-polynomial-decision-trial)
==46==    by 0x4102AF2: <hyperreal::computable::node::ExpRelationForm>::linear (in /tmp/calcium-consumer-builds.X7kU2Y/calcium-reuse/release/calcium-polynomial-decision-trial)
==46==    by 0x4102A36: <hyperreal::computable::node::ExpRelationForm>::linear (in /tmp/calcium-consumer-builds.X7kU2Y/calcium-reuse/release/calcium-polynomial-decision-trial)
==46==    by 0x4102E77: <hyperreal::computable::node::ExpRelationForm>::logarithm (in /tmp/calcium-consumer-builds.X7kU2Y/calcium-reuse/release/calcium-polynomial-decision-trial)
==46==    by 0x40FD38F: <hyperreal::computable::node::Computable>::exact_sign (in /tmp/calcium-consumer-builds.X7kU2Y/calcium-reuse/release/calcium-polynomial-decision-trial)
==46==    by 0x40F9F41: <hyperreal::computable::node::Computable>::structural_facts (in /tmp/calcium-consumer-builds.X7kU2Y/calcium-reuse/release/calcium-polynomial-decision-trial)
==46==    by 0x40AC580: <hyperreal::real::arithmetic::Real>::structural_facts (in /tmp/calcium-consumer-builds.X7kU2Y/calcium-reuse/release/calcium-polynomial-decision-trial)
==46==    by 0x40AC7DB: hyperlimit::resolve::resolve_real_sign_direct (in /tmp/calcium-consumer-builds.X7kU2Y/calcium-reuse/release/calcium-polynomial-decision-trial)
==46==    by 0x409B81D: calcium_polynomial_decision_trial::main (in /tmp/calcium-consumer-builds.X7kU2Y/calcium-reuse/release/calcium-polynomial-decision-trial)
==46== 
==46== 176 bytes in 1 blocks are still reachable in loss record 18 of 23
==46==    at 0x4A24AE6: malloc (vg_replace_malloc.c:447)
==46==    by 0x40B51D2: <hyperreal::rational::arithmetic::Rational>::retain_linear (in /tmp/calcium-consumer-builds.X7kU2Y/calcium-reuse/release/calcium-polynomial-decision-trial)
==46==    by 0x40B8255: <hyperreal::rational::arithmetic::Rational>::add_ref (in /tmp/calcium-consumer-builds.X7kU2Y/calcium-reuse/release/calcium-polynomial-decision-trial)
==46==    by 0x4116EFF: <hyperreal::computable::node::Computable>::add (in /tmp/calcium-consumer-builds.X7kU2Y/calcium-reuse/release/calcium-polynomial-decision-trial)
==46==    by 0x410A973: <hyperreal::computable::node::Computable>::ln (in /tmp/calcium-consumer-builds.X7kU2Y/calcium-reuse/release/calcium-polynomial-decision-trial)
==46==    by 0x410AE2A: <hyperreal::computable::node::Computable>::ln (in /tmp/calcium-consumer-builds.X7kU2Y/calcium-reuse/release/calcium-polynomial-decision-trial)
==46==    by 0x40DB2BF: <hyperreal::real::arithmetic::Real>::ln (in /tmp/calcium-consumer-builds.X7kU2Y/calcium-reuse/release/calcium-polynomial-decision-trial)
==46==    by 0x409B471: calcium_polynomial_decision_trial::main (in /tmp/calcium-consumer-builds.X7kU2Y/calcium-reuse/release/calcium-polynomial-decision-trial)
==46==    by 0x409DA42: std::sys::backtrace::__rust_begin_short_backtrace::<fn(), ()> (in /tmp/calcium-consumer-builds.X7kU2Y/calcium-reuse/release/calcium-polynomial-decision-trial)
==46==    by 0x409DAA8: std::rt::lang_start::<()>::{closure#0} (in /tmp/calcium-consumer-builds.X7kU2Y/calcium-reuse/release/calcium-polynomial-decision-trial)
==46==    by 0x4191D96: std::rt::lang_start_internal (in /tmp/calcium-consumer-builds.X7kU2Y/calcium-reuse/release/calcium-polynomial-decision-trial)
==46==    by 0x409D814: main (in /tmp/calcium-consumer-builds.X7kU2Y/calcium-reuse/release/calcium-polynomial-decision-trial)
==46== 
==46== 176 bytes in 1 blocks are still reachable in loss record 19 of 23
==46==    at 0x4A24AE6: malloc (vg_replace_malloc.c:447)
==46==    by 0x40B8B21: <hyperreal::rational::arithmetic::Rational>::retain_negation_entry (in /tmp/calcium-consumer-builds.X7kU2Y/calcium-reuse/release/calcium-polynomial-decision-trial)
==46==    by 0x40B8883: <hyperreal::rational::arithmetic::Rational>::retain_negation_pair (in /tmp/calcium-consumer-builds.X7kU2Y/calcium-reuse/release/calcium-polynomial-decision-trial)
==46==    by 0x4122354: <hyperreal::rational::arithmetic::Rational as core::ops::arith::Neg>::neg (in /tmp/calcium-consumer-builds.X7kU2Y/calcium-reuse/release/calcium-polynomial-decision-trial)
==46==    by 0x4102A61: <hyperreal::computable::node::ExpRelationForm>::linear (in /tmp/calcium-consumer-builds.X7kU2Y/calcium-reuse/release/calcium-polynomial-decision-trial)
==46==    by 0x4102A52: <hyperreal::computable::node::ExpRelationForm>::linear (in /tmp/calcium-consumer-builds.X7kU2Y/calcium-reuse/release/calcium-polynomial-decision-trial)
==46==    by 0x4102E77: <hyperreal::computable::node::ExpRelationForm>::logarithm (in /tmp/calcium-consumer-builds.X7kU2Y/calcium-reuse/release/calcium-polynomial-decision-trial)
==46==    by 0x4102F39: <hyperreal::computable::node::ExpRelationForm>::logarithm (in /tmp/calcium-consumer-builds.X7kU2Y/calcium-reuse/release/calcium-polynomial-decision-trial)
==46==    by 0x4102F39: <hyperreal::computable::node::ExpRelationForm>::logarithm (in /tmp/calcium-consumer-builds.X7kU2Y/calcium-reuse/release/calcium-polynomial-decision-trial)
==46==    by 0x40FD369: <hyperreal::computable::node::Computable>::exact_sign (in /tmp/calcium-consumer-builds.X7kU2Y/calcium-reuse/release/calcium-polynomial-decision-trial)
==46==    by 0x40F9F41: <hyperreal::computable::node::Computable>::structural_facts (in /tmp/calcium-consumer-builds.X7kU2Y/calcium-reuse/release/calcium-polynomial-decision-trial)
==46==    by 0x40AC580: <hyperreal::real::arithmetic::Real>::structural_facts (in /tmp/calcium-consumer-builds.X7kU2Y/calcium-reuse/release/calcium-polynomial-decision-trial)
==46== 
==46== 176 bytes in 1 blocks are still reachable in loss record 20 of 23
==46==    at 0x4A24AE6: malloc (vg_replace_malloc.c:447)
==46==    by 0x40B8B21: <hyperreal::rational::arithmetic::Rational>::retain_negation_entry (in /tmp/calcium-consumer-builds.X7kU2Y/calcium-reuse/release/calcium-polynomial-decision-trial)
==46==    by 0x4122354: <hyperreal::rational::arithmetic::Rational as core::ops::arith::Neg>::neg (in /tmp/calcium-consumer-builds.X7kU2Y/calcium-reuse/release/calcium-polynomial-decision-trial)
==46==    by 0x4102A61: <hyperreal::computable::node::ExpRelationForm>::linear (in /tmp/calcium-consumer-builds.X7kU2Y/calcium-reuse/release/calcium-polynomial-decision-trial)
==46==    by 0x4102A52: <hyperreal::computable::node::ExpRelationForm>::linear (in /tmp/calcium-consumer-builds.X7kU2Y/calcium-reuse/release/calcium-polynomial-decision-trial)
==46==    by 0x4102E77: <hyperreal::computable::node::ExpRelationForm>::logarithm (in /tmp/calcium-consumer-builds.X7kU2Y/calcium-reuse/release/calcium-polynomial-decision-trial)
==46==    by 0x4102F39: <hyperreal::computable::node::ExpRelationForm>::logarithm (in /tmp/calcium-consumer-builds.X7kU2Y/calcium-reuse/release/calcium-polynomial-decision-trial)
==46==    by 0x4102F39: <hyperreal::computable::node::ExpRelationForm>::logarithm (in /tmp/calcium-consumer-builds.X7kU2Y/calcium-reuse/release/calcium-polynomial-decision-trial)
==46==    by 0x40FD369: <hyperreal::computable::node::Computable>::exact_sign (in /tmp/calcium-consumer-builds.X7kU2Y/calcium-reuse/release/calcium-polynomial-decision-trial)
==46==    by 0x40F9F41: <hyperreal::computable::node::Computable>::structural_facts (in /tmp/calcium-consumer-builds.X7kU2Y/calcium-reuse/release/calcium-polynomial-decision-trial)
==46==    by 0x40AC580: <hyperreal::real::arithmetic::Real>::structural_facts (in /tmp/calcium-consumer-builds.X7kU2Y/calcium-reuse/release/calcium-polynomial-decision-trial)
==46==    by 0x40AC7DB: hyperlimit::resolve::resolve_real_sign_direct (in /tmp/calcium-consumer-builds.X7kU2Y/calcium-reuse/release/calcium-polynomial-decision-trial)
==46== 
==46== 208 bytes in 2 blocks are still reachable in loss record 21 of 23
==46==    at 0x4A24AE6: malloc (vg_replace_malloc.c:447)
==46==    by 0x40C0D3F: <hyperreal::rational::arithmetic::Rational>::from_fraction_parts_reduced (in /tmp/calcium-consumer-builds.X7kU2Y/calcium-reuse/release/calcium-polynomial-decision-trial)
==46==    by 0x40FF852: <hyperreal::computable::node::Computable>::exact_rational (in /tmp/calcium-consumer-builds.X7kU2Y/calcium-reuse/release/calcium-polynomial-decision-trial)
==46==    by 0x4116E5D: <hyperreal::computable::node::Computable>::add (in /tmp/calcium-consumer-builds.X7kU2Y/calcium-reuse/release/calcium-polynomial-decision-trial)
==46==    by 0x410A973: <hyperreal::computable::node::Computable>::ln (in /tmp/calcium-consumer-builds.X7kU2Y/calcium-reuse/release/calcium-polynomial-decision-trial)
==46==    by 0x410AE2A: <hyperreal::computable::node::Computable>::ln (in /tmp/calcium-consumer-builds.X7kU2Y/calcium-reuse/release/calcium-polynomial-decision-trial)
==46==    by 0x40DB2BF: <hyperreal::real::arithmetic::Real>::ln (in /tmp/calcium-consumer-builds.X7kU2Y/calcium-reuse/release/calcium-polynomial-decision-trial)
==46==    by 0x409B471: calcium_polynomial_decision_trial::main (in /tmp/calcium-consumer-builds.X7kU2Y/calcium-reuse/release/calcium-polynomial-decision-trial)
==46==    by 0x409DA42: std::sys::backtrace::__rust_begin_short_backtrace::<fn(), ()> (in /tmp/calcium-consumer-builds.X7kU2Y/calcium-reuse/release/calcium-polynomial-decision-trial)
==46==    by 0x409DAA8: std::rt::lang_start::<()>::{closure#0} (in /tmp/calcium-consumer-builds.X7kU2Y/calcium-reuse/release/calcium-polynomial-decision-trial)
==46==    by 0x4191D96: std::rt::lang_start_internal (in /tmp/calcium-consumer-builds.X7kU2Y/calcium-reuse/release/calcium-polynomial-decision-trial)
==46==    by 0x409D814: main (in /tmp/calcium-consumer-builds.X7kU2Y/calcium-reuse/release/calcium-polynomial-decision-trial)
==46== 
==46== 352 bytes in 2 blocks are still reachable in loss record 22 of 23
==46==    at 0x4A24AE6: malloc (vg_replace_malloc.c:447)
==46==    by 0x40B51D2: <hyperreal::rational::arithmetic::Rational>::retain_linear (in /tmp/calcium-consumer-builds.X7kU2Y/calcium-reuse/release/calcium-polynomial-decision-trial)
==46==    by 0x40B9BFD: <hyperreal::rational::arithmetic::Rational>::subtract_ref (in /tmp/calcium-consumer-builds.X7kU2Y/calcium-reuse/release/calcium-polynomial-decision-trial)
==46==    by 0x40A67A7: <&hyperreal::real::arithmetic::Real as core::ops::arith::Sub>::sub (in /tmp/calcium-consumer-builds.X7kU2Y/calcium-reuse/release/calcium-polynomial-decision-trial)
==46==    by 0x40A0B8E: hypersolve::resultant::subresultant_chain_univariate_polynomials (in /tmp/calcium-consumer-builds.X7kU2Y/calcium-reuse/release/calcium-polynomial-decision-trial)
==46==    by 0x409BC21: calcium_polynomial_decision_trial::main (in /tmp/calcium-consumer-builds.X7kU2Y/calcium-reuse/release/calcium-polynomial-decision-trial)
==46==    by 0x409DA42: std::sys::backtrace::__rust_begin_short_backtrace::<fn(), ()> (in /tmp/calcium-consumer-builds.X7kU2Y/calcium-reuse/release/calcium-polynomial-decision-trial)
==46==    by 0x409DAA8: std::rt::lang_start::<()>::{closure#0} (in /tmp/calcium-consumer-builds.X7kU2Y/calcium-reuse/release/calcium-polynomial-decision-trial)
==46==    by 0x4191D96: std::rt::lang_start_internal (in /tmp/calcium-consumer-builds.X7kU2Y/calcium-reuse/release/calcium-polynomial-decision-trial)
==46==    by 0x409D814: main (in /tmp/calcium-consumer-builds.X7kU2Y/calcium-reuse/release/calcium-polynomial-decision-trial)
==46== 
==46== 544 bytes in 1 blocks are still reachable in loss record 23 of 23
==46==    at 0x4A24AE6: malloc (vg_replace_malloc.c:447)
==46==    by 0x4194C09: std::sys::pal::unix::stack_overflow::thread_info::set_current_info (in /tmp/calcium-consumer-builds.X7kU2Y/calcium-reuse/release/calcium-polynomial-decision-trial)
==46==    by 0x4191CCF: std::rt::lang_start_internal (in /tmp/calcium-consumer-builds.X7kU2Y/calcium-reuse/release/calcium-polynomial-decision-trial)
==46==    by 0x409D814: main (in /tmp/calcium-consumer-builds.X7kU2Y/calcium-reuse/release/calcium-polynomial-decision-trial)
==46== 
==46== LEAK SUMMARY:
==46==    definitely lost: 0 bytes in 0 blocks
==46==    indirectly lost: 0 bytes in 0 blocks
==46==      possibly lost: 0 bytes in 0 blocks
==46==    still reachable: 3,240 bytes in 25 blocks
==46==         suppressed: 0 bytes in 0 blocks
==46== 
==46== For lists of detected and suppressed errors, rerun with: -s
==46== ERROR SUMMARY: 0 errors from 0 contexts (suppressed: 0 from 0)
