mode,length,constant,order,checks,failures
0,1,1,0,21,0
0,1,1,1,21,0
0,1,1,2,21,0
0,1,1,3,21,0
0,1,1,8,21,0
0,1,1,15,21,0
0,1,1,17,21,0
0,1,2,0,21,0
0,1,2,1,21,0
0,1,2,2,21,0
0,1,2,3,21,0
0,1,2,8,21,0
0,1,2,15,21,0
0,1,2,17,21,0
0,2,1,0,21,0
0,2,1,1,21,0
0,2,1,2,21,0
0,2,1,3,21,0
0,2,1,8,21,0
0,2,1,15,21,0
0,2,1,17,21,0
0,2,2,0,21,0
0,2,2,1,21,0
0,2,2,2,21,0
0,2,2,3,21,0
0,2,2,8,21,0
0,2,2,15,21,0
0,2,2,17,21,0
0,4,1,0,21,0
0,4,1,1,21,0
0,4,1,2,21,0
0,4,1,3,21,0
0,4,1,8,21,0
0,4,1,15,21,0
0,4,1,17,21,0
0,4,2,0,21,0
0,4,2,1,21,0
0,4,2,2,21,0
0,4,2,3,21,0
0,4,2,8,21,0
0,4,2,15,21,0
0,4,2,17,21,0
0,8,1,0,21,0
0,8,1,1,21,0
0,8,1,2,21,0
0,8,1,3,21,0
0,8,1,8,21,0
0,8,1,15,21,0
0,8,1,17,21,0
0,8,2,0,21,0
0,8,2,1,21,0
0,8,2,2,21,0
0,8,2,3,21,0
0,8,2,8,21,0
0,8,2,15,21,0
0,8,2,17,21,0
0,9,1,0,21,0
0,9,1,1,21,0
0,9,1,2,21,0
0,9,1,3,21,0
0,9,1,8,21,0
0,9,1,15,21,0
0,9,1,17,21,0
0,9,2,0,21,0
0,9,2,1,21,0
0,9,2,2,21,0
0,9,2,3,21,0
0,9,2,8,21,0
0,9,2,15,21,0
0,9,2,17,21,0
1,1,1,0,21,0
1,1,1,1,21,0
1,1,1,2,21,0
1,1,1,3,21,0
1,1,1,8,21,0
1,1,1,15,21,0
1,1,1,17,21,0
1,1,2,0,21,0
1,1,2,1,21,0
1,1,2,2,21,0
1,1,2,3,21,0
1,1,2,8,21,0
1,1,2,15,21,0
1,1,2,17,21,0
1,2,1,0,21,0
1,2,1,1,21,0
1,2,1,2,21,0
1,2,1,3,21,0
1,2,1,8,21,0
1,2,1,15,21,0
1,2,1,17,21,0
1,2,2,0,21,0
1,2,2,1,21,0
1,2,2,2,21,0
1,2,2,3,21,0
1,2,2,8,21,0
1,2,2,15,21,0
1,2,2,17,21,0
1,4,1,0,21,0
1,4,1,1,21,0
1,4,1,2,21,0
1,4,1,3,21,0
1,4,1,8,21,0
1,4,1,15,21,0
1,4,1,17,21,0
1,4,2,0,21,0
1,4,2,1,21,0
1,4,2,2,21,0
1,4,2,3,21,0
1,4,2,8,21,0
1,4,2,15,21,0
1,4,2,17,21,0
1,8,1,0,21,0
1,8,1,1,21,0
1,8,1,2,21,0
1,8,1,3,21,0
1,8,1,8,21,0
1,8,1,15,21,0
1,8,1,17,21,0
1,8,2,0,21,0
1,8,2,1,21,0
1,8,2,2,21,0
1,8,2,3,21,0
1,8,2,8,21,0
1,8,2,15,21,0
1,8,2,17,21,0
1,9,1,0,21,0
1,9,1,1,21,0
1,9,1,2,21,0
1,9,1,3,21,0
1,9,1,8,21,0
1,9,1,15,21,0
1,9,1,17,21,0
1,9,2,0,21,0
1,9,2,1,21,0
1,9,2,2,21,0
1,9,2,3,21,0
1,9,2,8,21,0
1,9,2,15,21,0
1,9,2,17,21,0
2,1,1,0,21,0
2,1,1,1,21,0
2,1,1,2,21,0
2,1,1,3,21,0
2,1,1,8,21,0
2,1,1,15,21,0
2,1,1,17,21,0
2,1,2,0,21,0
2,1,2,1,21,0
2,1,2,2,21,0
2,1,2,3,21,0
2,1,2,8,21,0
2,1,2,15,21,0
2,1,2,17,21,0
2,2,1,0,21,0
2,2,1,1,21,0
2,2,1,2,21,0
2,2,1,3,21,0
2,2,1,8,21,0
2,2,1,15,21,0
2,2,1,17,21,0
2,2,2,0,21,0
2,2,2,1,21,0
2,2,2,2,21,0
2,2,2,3,21,0
2,2,2,8,21,0
2,2,2,15,21,0
2,2,2,17,21,0
2,4,1,0,21,0
2,4,1,1,21,0
2,4,1,2,21,0
2,4,1,3,21,0
2,4,1,8,21,0
2,4,1,15,21,0
2,4,1,17,21,0
2,4,2,0,21,0
2,4,2,1,21,0
2,4,2,2,21,0
2,4,2,3,21,0
2,4,2,8,21,0
2,4,2,15,21,0
2,4,2,17,21,0
2,8,1,0,21,0
2,8,1,1,21,0
2,8,1,2,21,0
2,8,1,3,21,0
2,8,1,8,21,0
2,8,1,15,21,0
2,8,1,17,21,0
2,8,2,0,21,0
2,8,2,1,21,0
2,8,2,2,21,0
2,8,2,3,21,0
2,8,2,8,21,0
2,8,2,15,21,0
2,8,2,17,21,0
2,9,1,0,21,0
2,9,1,1,21,0
2,9,1,2,21,0
2,9,1,3,21,0
2,9,1,8,21,0
2,9,1,15,21,0
2,9,1,17,21,0
2,9,2,0,21,0
2,9,2,1,21,0
2,9,2,2,21,0
2,9,2,3,21,0
2,9,2,8,21,0
2,9,2,15,21,0
2,9,2,17,21,0
3,1,1,0,21,0
3,1,1,1,21,0
3,1,1,2,21,0
3,1,1,3,21,0
3,1,1,8,21,0
3,1,1,15,21,0
3,1,1,17,21,0
3,1,2,0,21,0
3,1,2,1,21,0
3,1,2,2,21,0
3,1,2,3,21,0
3,1,2,8,21,0
3,1,2,15,21,0
3,1,2,17,21,0
3,2,1,0,21,0
3,2,1,1,21,0
3,2,1,2,21,0
3,2,1,3,21,0
3,2,1,8,21,0
3,2,1,15,21,0
3,2,1,17,21,0
3,2,2,0,21,0
3,2,2,1,21,0
3,2,2,2,21,0
3,2,2,3,21,0
3,2,2,8,21,0
3,2,2,15,21,0
3,2,2,17,21,0
3,4,1,0,21,0
3,4,1,1,21,0
3,4,1,2,21,0
3,4,1,3,21,0
3,4,1,8,21,0
3,4,1,15,21,0
3,4,1,17,21,0
3,4,2,0,21,0
3,4,2,1,21,0
3,4,2,2,21,0
3,4,2,3,21,0
3,4,2,8,21,0
3,4,2,15,21,0
3,4,2,17,21,0
3,8,1,0,21,0
3,8,1,1,21,0
3,8,1,2,21,0
3,8,1,3,21,0
3,8,1,8,21,0
3,8,1,15,21,0
3,8,1,17,21,0
3,8,2,0,21,0
3,8,2,1,21,0
3,8,2,2,21,0
3,8,2,3,21,0
3,8,2,8,21,0
3,8,2,15,21,0
3,8,2,17,21,0
3,9,1,0,21,0
3,9,1,1,21,0
3,9,1,2,21,0
3,9,1,3,21,0
3,9,1,8,21,0
3,9,1,15,21,0
3,9,1,17,21,0
3,9,2,0,21,0
3,9,2,1,21,0
3,9,2,2,21,0
3,9,2,3,21,0
3,9,2,8,21,0
3,9,2,15,21,0
3,9,2,17,21,0
{"suite":"polynomial-series","cases":280,"checks":5880,"failures":0}
