node:internal/modules/run_main:123
    triggerUncaughtException(
    ^

AssertionError [ERR_ASSERTION]: Expected values to be strictly deep-equal:
+ actual - expected

  [
+   'bind-arf-rounding-v2.mjs',
+   'bind-complex-product-v2.mjs',
    'check-complex-product-v2.mjs',
+   'check-point-extended-v1.mjs',
+   'freeze-complex-product-v2.mjs',
+   'point-extended-field-v1.mjs',
+   'prepare-arf-conversion-v2.mjs',
+   'prepare-complex-product-v2.mjs',
+   'prepare-snapshot-v43.mjs',
    'snapshot-v43-check-complex-product-v2.mjs',
+   'snapshot-v43-verify-arf-rounding-v2.mjs',
+   'snapshot-v43-verify-complex-product-v2.mjs',
+   'verify-arf-rounding-v2.mjs',
+   'verify-complex-product-v2.mjs'
  ]

    at verifyInventory (file:///home/tim/Documents/GitHub/workspace/exactcore-hyper-comparison/audits/continuation/calcium/prototype-statistics-inventory-v63.mjs:30:9)
    at file:///home/tim/Documents/GitHub/workspace/exactcore-hyper-comparison/audits/continuation/calcium/prototype-statistics-inventory-v63.mjs:45:16
    at ModuleJob.run (node:internal/modules/esm/module_job:343:25)
    at async onImport.tracePromise.__proto__ (node:internal/modules/esm/loader:665:26)
    at async asyncRunEntryPointWithESMLoader (node:internal/modules/run_main:117:5) {
  generatedMessage: true,
  code: 'ERR_ASSERTION',
  actual: [
    'bind-arf-rounding-v2.mjs',
    'bind-complex-product-v2.mjs',
    'check-complex-product-v2.mjs',
    'check-point-extended-v1.mjs',
    'freeze-complex-product-v2.mjs',
    'point-extended-field-v1.mjs',
    'prepare-arf-conversion-v2.mjs',
    'prepare-complex-product-v2.mjs',
    'prepare-snapshot-v43.mjs',
    'snapshot-v43-check-complex-product-v2.mjs',
    'snapshot-v43-verify-arf-rounding-v2.mjs',
    'snapshot-v43-verify-complex-product-v2.mjs',
    'verify-arf-rounding-v2.mjs',
    'verify-complex-product-v2.mjs'
  ],
  expected: [
    'check-complex-product-v2.mjs',
    'snapshot-v43-check-complex-product-v2.mjs'
  ],
  operator: 'deepStrictEqual',
  diff: 'simple'
}

Node.js v22.22.2
