{"base":-1,"exact":["-1","1"],"exponent":0,"family":"monomial","precision":-128,"terms":1,"value":[["-1","1"],["-1","1"]]}
{"base":-1,"exact":["-1","1"],"exponent":0,"family":"monomial","precision":-256,"terms":1,"value":[["-1","1"],["-1","1"]]}
{"base":-1,"exact":["0","1"],"exponent":0,"family":"monomial","precision":-128,"terms":2,"value":[["0","1"],["0","1"]]}
{"base":-1,"exact":["0","1"],"exponent":0,"family":"monomial","precision":-256,"terms":2,"value":[["0","1"],["0","1"]]}
{"base":0,"exact":["0","1"],"exponent":0,"family":"monomial","precision":-128,"terms":1,"value":[["0","1"],["0","1"]]}
{"base":0,"exact":["0","1"],"exponent":0,"family":"monomial","precision":-256,"terms":1,"value":[["0","1"],["0","1"]]}
{"base":0,"exact":["1","1"],"exponent":0,"family":"monomial","precision":-128,"terms":2,"value":[["1","1"],["1","1"]]}
{"base":0,"exact":["1","1"],"exponent":0,"family":"monomial","precision":-256,"terms":2,"value":[["1","1"],["1","1"]]}
{"base":1,"exact":["1","1"],"exponent":0,"family":"monomial","precision":-128,"terms":1,"value":[["1","1"],["1","1"]]}
{"base":1,"exact":["1","1"],"exponent":0,"family":"monomial","precision":-256,"terms":1,"value":[["1","1"],["1","1"]]}
{"base":1,"exact":["2","1"],"exponent":0,"family":"monomial","precision":-128,"terms":2,"value":[["2","1"],["2","1"]]}
{"base":1,"exact":["2","1"],"exponent":0,"family":"monomial","precision":-256,"terms":2,"value":[["2","1"],["2","1"]]}
{"base":-1,"exact":["1","1"],"exponent":30,"family":"monomial","precision":-128,"terms":1,"value":[["1","1"],["1","1"]]}
{"base":-1,"exact":["1","1"],"exponent":30,"family":"monomial","precision":-256,"terms":1,"value":[["1","1"],["1","1"]]}
{"base":-1,"exact":["2","1"],"exponent":30,"family":"monomial","precision":-128,"terms":2,"value":[["2","1"],["2","1"]]}
{"base":-1,"exact":["2","1"],"exponent":30,"family":"monomial","precision":-256,"terms":2,"value":[["2","1"],["2","1"]]}
{"base":0,"exact":["0","1"],"exponent":30,"family":"monomial","precision":-128,"terms":1,"value":[["0","1"],["0","1"]]}
{"base":0,"exact":["0","1"],"exponent":30,"family":"monomial","precision":-256,"terms":1,"value":[["0","1"],["0","1"]]}
{"base":0,"exact":["1","1"],"exponent":30,"family":"monomial","precision":-128,"terms":2,"value":[["1","1"],["1","1"]]}
{"base":0,"exact":["1","1"],"exponent":30,"family":"monomial","precision":-256,"terms":2,"value":[["1","1"],["1","1"]]}
{"base":1,"exact":["1","1"],"exponent":30,"family":"monomial","precision":-128,"terms":1,"value":[["1","1"],["1","1"]]}
{"base":1,"exact":["1","1"],"exponent":30,"family":"monomial","precision":-256,"terms":1,"value":[["1","1"],["1","1"]]}
{"base":1,"exact":["2","1"],"exponent":30,"family":"monomial","precision":-128,"terms":2,"value":[["2","1"],["2","1"]]}
{"base":1,"exact":["2","1"],"exponent":30,"family":"monomial","precision":-256,"terms":2,"value":[["2","1"],["2","1"]]}
{"base":-1,"exact":["1","1"],"exponent":63,"family":"monomial","precision":-128,"terms":1,"value":[["1","1"],["1","1"]]}
{"base":-1,"exact":["1","1"],"exponent":63,"family":"monomial","precision":-256,"terms":1,"value":[["1","1"],["1","1"]]}
{"base":-1,"exact":["2","1"],"exponent":63,"family":"monomial","precision":-128,"terms":2,"value":[["2","1"],["2","1"]]}
{"base":-1,"exact":["2","1"],"exponent":63,"family":"monomial","precision":-256,"terms":2,"value":[["2","1"],["2","1"]]}
{"base":0,"exact":["0","1"],"exponent":63,"family":"monomial","precision":-128,"terms":1,"value":[["0","1"],["0","1"]]}
{"base":0,"exact":["0","1"],"exponent":63,"family":"monomial","precision":-256,"terms":1,"value":[["0","1"],["0","1"]]}
{"base":0,"exact":["1","1"],"exponent":63,"family":"monomial","precision":-128,"terms":2,"value":[["1","1"],["1","1"]]}
{"base":0,"exact":["1","1"],"exponent":63,"family":"monomial","precision":-256,"terms":2,"value":[["1","1"],["1","1"]]}
{"base":1,"exact":["1","1"],"exponent":63,"family":"monomial","precision":-128,"terms":1,"value":[["1","1"],["1","1"]]}
{"base":1,"exact":["1","1"],"exponent":63,"family":"monomial","precision":-256,"terms":1,"value":[["1","1"],["1","1"]]}
{"base":1,"exact":["2","1"],"exponent":63,"family":"monomial","precision":-128,"terms":2,"value":[["2","1"],["2","1"]]}
{"base":1,"exact":["2","1"],"exponent":63,"family":"monomial","precision":-256,"terms":2,"value":[["2","1"],["2","1"]]}
{"base":-1,"exact":["1","1"],"exponent":64,"family":"monomial","precision":-128,"terms":1,"value":[["1","1"],["1","1"]]}
{"base":-1,"exact":["1","1"],"exponent":64,"family":"monomial","precision":-256,"terms":1,"value":[["1","1"],["1","1"]]}
{"base":-1,"exact":["2","1"],"exponent":64,"family":"monomial","precision":-128,"terms":2,"value":[["2","1"],["2","1"]]}
{"base":-1,"exact":["2","1"],"exponent":64,"family":"monomial","precision":-256,"terms":2,"value":[["2","1"],["2","1"]]}
{"base":0,"exact":["0","1"],"exponent":64,"family":"monomial","precision":-128,"terms":1,"value":[["0","1"],["0","1"]]}
{"base":0,"exact":["0","1"],"exponent":64,"family":"monomial","precision":-256,"terms":1,"value":[["0","1"],["0","1"]]}
{"base":0,"exact":["1","1"],"exponent":64,"family":"monomial","precision":-128,"terms":2,"value":[["1","1"],["1","1"]]}
{"base":0,"exact":["1","1"],"exponent":64,"family":"monomial","precision":-256,"terms":2,"value":[["1","1"],["1","1"]]}
{"base":1,"exact":["1","1"],"exponent":64,"family":"monomial","precision":-128,"terms":1,"value":[["1","1"],["1","1"]]}
{"base":1,"exact":["1","1"],"exponent":64,"family":"monomial","precision":-256,"terms":1,"value":[["1","1"],["1","1"]]}
{"base":1,"exact":["2","1"],"exponent":64,"family":"monomial","precision":-128,"terms":2,"value":[["2","1"],["2","1"]]}
{"base":1,"exact":["2","1"],"exponent":64,"family":"monomial","precision":-256,"terms":2,"value":[["2","1"],["2","1"]]}
{"base":-1,"exact":["1","1"],"exponent":80,"family":"monomial","precision":-128,"terms":1,"value":[["1","1"],["1","1"]]}
{"base":-1,"exact":["1","1"],"exponent":80,"family":"monomial","precision":-256,"terms":1,"value":[["1","1"],["1","1"]]}
{"base":-1,"exact":["2","1"],"exponent":80,"family":"monomial","precision":-128,"terms":2,"value":[["2","1"],["2","1"]]}
{"base":-1,"exact":["2","1"],"exponent":80,"family":"monomial","precision":-256,"terms":2,"value":[["2","1"],["2","1"]]}
{"base":0,"exact":["0","1"],"exponent":80,"family":"monomial","precision":-128,"terms":1,"value":[["0","1"],["0","1"]]}
{"base":0,"exact":["0","1"],"exponent":80,"family":"monomial","precision":-256,"terms":1,"value":[["0","1"],["0","1"]]}
{"base":0,"exact":["1","1"],"exponent":80,"family":"monomial","precision":-128,"terms":2,"value":[["1","1"],["1","1"]]}
{"base":0,"exact":["1","1"],"exponent":80,"family":"monomial","precision":-256,"terms":2,"value":[["1","1"],["1","1"]]}
{"base":1,"exact":["1","1"],"exponent":80,"family":"monomial","precision":-128,"terms":1,"value":[["1","1"],["1","1"]]}
{"base":1,"exact":["1","1"],"exponent":80,"family":"monomial","precision":-256,"terms":1,"value":[["1","1"],["1","1"]]}
{"base":1,"exact":["2","1"],"exponent":80,"family":"monomial","precision":-128,"terms":2,"value":[["2","1"],["2","1"]]}
{"base":1,"exact":["2","1"],"exponent":80,"family":"monomial","precision":-256,"terms":2,"value":[["2","1"],["2","1"]]}
{"base":-1,"exact":["1","1"],"exponent":256,"family":"monomial","precision":-128,"terms":1,"value":[["1","1"],["1","1"]]}
{"base":-1,"exact":["1","1"],"exponent":256,"family":"monomial","precision":-256,"terms":1,"value":[["1","1"],["1","1"]]}
{"base":-1,"exact":["2","1"],"exponent":256,"family":"monomial","precision":-128,"terms":2,"value":[["2","1"],["2","1"]]}
{"base":-1,"exact":["2","1"],"exponent":256,"family":"monomial","precision":-256,"terms":2,"value":[["2","1"],["2","1"]]}
{"base":0,"exact":["0","1"],"exponent":256,"family":"monomial","precision":-128,"terms":1,"value":[["0","1"],["0","1"]]}
{"base":0,"exact":["0","1"],"exponent":256,"family":"monomial","precision":-256,"terms":1,"value":[["0","1"],["0","1"]]}
{"base":0,"exact":["1","1"],"exponent":256,"family":"monomial","precision":-128,"terms":2,"value":[["1","1"],["1","1"]]}
{"base":0,"exact":["1","1"],"exponent":256,"family":"monomial","precision":-256,"terms":2,"value":[["1","1"],["1","1"]]}
{"base":1,"exact":["1","1"],"exponent":256,"family":"monomial","precision":-128,"terms":1,"value":[["1","1"],["1","1"]]}
{"base":1,"exact":["1","1"],"exponent":256,"family":"monomial","precision":-256,"terms":1,"value":[["1","1"],["1","1"]]}
{"base":1,"exact":["2","1"],"exponent":256,"family":"monomial","precision":-128,"terms":2,"value":[["2","1"],["2","1"]]}
{"base":1,"exact":["2","1"],"exponent":256,"family":"monomial","precision":-256,"terms":2,"value":[["2","1"],["2","1"]]}
{"certificate":"Equal { certificate: BoundedRefinement { min_precision: -128 } }","direct":[["-17997402800984075160775413966706175844827","340282366920938463463374607431768211456"],["-17997402800984075160775413966706175844825","340282366920938463463374607431768211456"]],"equality":true,"family":"normal-mpoly","nested":[["-17997402800984075160775413966706175844827","340282366920938463463374607431768211456"],["-17997402800984075160775413966706175844825","340282366920938463463374607431768211456"]],"precision":-128,"seed":0}
{"certificate":"Equal { certificate: BoundedRefinement { min_precision: -256 } }","direct":[["-3062099411774194352950098391479305914546696303390136717908485203915031445260709","57896044618658097711785492504343953926634992332820282019728792003956564819968"],["-765524852943548588237524597869826478636674075847534179477121300978757861315177","14474011154664524427946373126085988481658748083205070504932198000989141204992"]],"equality":true,"family":"normal-mpoly","nested":[["-3062099411774194352950098391479305914546696303390136717908485203915031445260709","57896044618658097711785492504343953926634992332820282019728792003956564819968"],["-765524852943548588237524597869826478636674075847534179477121300978757861315177","14474011154664524427946373126085988481658748083205070504932198000989141204992"]],"precision":-256,"seed":0}
{"certificate":"Equal { certificate: BoundedRefinement { min_precision: -128 } }","direct":[["7757142027448008393556720568473989755817","340282366920938463463374607431768211456"],["7757142027448008393556720568473989755819","340282366920938463463374607431768211456"]],"equality":true,"family":"normal-mpoly","nested":[["7757142027448008393556720568473989755817","340282366920938463463374607431768211456"],["7757142027448008393556720568473989755819","340282366920938463463374607431768211456"]],"precision":-128,"seed":1}
{"certificate":"Equal { certificate: BoundedRefinement { min_precision: -256 } }","direct":[["2639618649641895697772475334375611028718943290232020271829297919335715780615201","115792089237316195423570985008687907853269984665640564039457584007913129639936"],["2639618649641895697772475334375611028718943290232020271829297919335715780615203","115792089237316195423570985008687907853269984665640564039457584007913129639936"]],"equality":true,"family":"normal-mpoly","nested":[["2639618649641895697772475334375611028718943290232020271829297919335715780615201","115792089237316195423570985008687907853269984665640564039457584007913129639936"],["2639618649641895697772475334375611028718943290232020271829297919335715780615203","115792089237316195423570985008687907853269984665640564039457584007913129639936"]],"precision":-256,"seed":1}
{"certificate":"Equal { certificate: BoundedRefinement { min_precision: -128 } }","direct":[["-51401446361171685979982223334126014757","21267647932558653966460912964485513216"],["-411211570889373487839857786673008118055","170141183460469231731687303715884105728"]],"equality":true,"family":"normal-mpoly","nested":[["-51401446361171685979982223334126014757","21267647932558653966460912964485513216"],["-411211570889373487839857786673008118055","170141183460469231731687303715884105728"]],"precision":-128,"seed":2}
{"certificate":"Equal { certificate: BoundedRefinement { min_precision: -256 } }","direct":[["-279856093295026573906078399818132911686499007442688128414095077307282238816843","115792089237316195423570985008687907853269984665640564039457584007913129639936"],["-279856093295026573906078399818132911686499007442688128414095077307282238816841","115792089237316195423570985008687907853269984665640564039457584007913129639936"]],"equality":true,"family":"normal-mpoly","nested":[["-279856093295026573906078399818132911686499007442688128414095077307282238816843","115792089237316195423570985008687907853269984665640564039457584007913129639936"],["-279856093295026573906078399818132911686499007442688128414095077307282238816841","115792089237316195423570985008687907853269984665640564039457584007913129639936"]],"precision":-256,"seed":2}
{"certificate":"Equal { certificate: BoundedRefinement { min_precision: -128 } }","direct":[["627543404477598547402598052393874985441","340282366920938463463374607431768211456"],["627543404477598547402598052393874985443","340282366920938463463374607431768211456"]],"equality":true,"family":"normal-mpoly","nested":[["313771702238799273701299026196937492721","170141183460469231731687303715884105728"],["156885851119399636850649513098468746361","85070591730234615865843651857942052864"]],"precision":-128,"seed":3}
{"certificate":"Equal { certificate: BoundedRefinement { min_precision: -256 } }","direct":[["213541955021261086384493822687763597101712923623999696742026253198863492134457","115792089237316195423570985008687907853269984665640564039457584007913129639936"],["213541955021261086384493822687763597101712923623999696742026253198863492134459","115792089237316195423570985008687907853269984665640564039457584007913129639936"]],"equality":true,"family":"normal-mpoly","nested":[["213541955021261086384493822687763597101712923623999696742026253198863492134457","115792089237316195423570985008687907853269984665640564039457584007913129639936"],["213541955021261086384493822687763597101712923623999696742026253198863492134459","115792089237316195423570985008687907853269984665640564039457584007913129639936"]],"precision":-256,"seed":3}
{"certificate":"Equal { certificate: BoundedRefinement { min_precision: -128 } }","direct":[["368686488973142241275206623924557296723","85070591730234615865843651857942052864"],["737372977946284482550413247849114593447","170141183460469231731687303715884105728"]],"equality":true,"family":"normal-mpoly","nested":[["368686488973142241275206623924557296723","85070591730234615865843651857942052864"],["737372977946284482550413247849114593447","170141183460469231731687303715884105728"]],"precision":-128,"seed":4}
{"certificate":"Equal { certificate: BoundedRefinement { min_precision: -256 } }","direct":[["501830044478205283881208752726444944855889040755577707910806678320850818255887","115792089237316195423570985008687907853269984665640564039457584007913129639936"],["501830044478205283881208752726444944855889040755577707910806678320850818255889","115792089237316195423570985008687907853269984665640564039457584007913129639936"]],"equality":true,"family":"normal-mpoly","nested":[["501830044478205283881208752726444944855889040755577707910806678320850818255887","115792089237316195423570985008687907853269984665640564039457584007913129639936"],["501830044478205283881208752726444944855889040755577707910806678320850818255889","115792089237316195423570985008687907853269984665640564039457584007913129639936"]],"precision":-256,"seed":4}
{"certificate":"Equal { certificate: BoundedRefinement { min_precision: -128 } }","direct":[["-14974805885497951607096100617558449804173","170141183460469231731687303715884105728"],["-3743701471374487901774025154389612451043","42535295865117307932921825928971026432"]],"equality":true,"family":"normal-mpoly","nested":[["-29949611770995903214192201235116899608345","340282366920938463463374607431768211456"],["-29949611770995903214192201235116899608343","340282366920938463463374607431768211456"]],"precision":-128,"seed":5}
{"certificate":"Equal { certificate: BoundedRefinement { min_precision: -256 } }","direct":[["-5095662390898842783868945848763858718009055512171608487728186813219585098387843","57896044618658097711785492504343953926634992332820282019728792003956564819968"],["-2547831195449421391934472924381929359004527756085804243864093406609792549193921","28948022309329048855892746252171976963317496166410141009864396001978282409984"]],"equality":true,"family":"normal-mpoly","nested":[["-5095662390898842783868945848763858718009055512171608487728186813219585098387843","57896044618658097711785492504343953926634992332820282019728792003956564819968"],["-2547831195449421391934472924381929359004527756085804243864093406609792549193921","28948022309329048855892746252171976963317496166410141009864396001978282409984"]],"precision":-256,"seed":5}
{"certificate":"Equal { certificate: BoundedRefinement { min_precision: -128 } }","direct":[["-45471914358754233987223793488703175716189","340282366920938463463374607431768211456"],["-45471914358754233987223793488703175716187","340282366920938463463374607431768211456"]],"equality":true,"family":"normal-mpoly","nested":[["-45471914358754233987223793488703175716189","340282366920938463463374607431768211456"],["-45471914358754233987223793488703175716187","340282366920938463463374607431768211456"]],"precision":-128,"seed":6}
{"certificate":"Equal { certificate: BoundedRefinement { min_precision: -256 } }","direct":[["-7736645323211549246989705763963140117254830302623977513898914043845935584826279","57896044618658097711785492504343953926634992332820282019728792003956564819968"],["-3868322661605774623494852881981570058627415151311988756949457021922967792413139","28948022309329048855892746252171976963317496166410141009864396001978282409984"]],"equality":true,"family":"normal-mpoly","nested":[["-7736645323211549246989705763963140117254830302623977513898914043845935584826279","57896044618658097711785492504343953926634992332820282019728792003956564819968"],["-3868322661605774623494852881981570058627415151311988756949457021922967792413139","28948022309329048855892746252171976963317496166410141009864396001978282409984"]],"precision":-256,"seed":6}
{"certificate":"Equal { certificate: BoundedRefinement { min_precision: -128 } }","direct":[["-38205237940068073056289044938060968792855","340282366920938463463374607431768211456"],["-38205237940068073056289044938060968792853","340282366920938463463374607431768211456"]],"equality":true,"family":"normal-mpoly","nested":[["-38205237940068073056289044938060968792855","340282366920938463463374607431768211456"],["-38205237940068073056289044938060968792853","340282366920938463463374607431768211456"]],"precision":-128,"seed":7}
{"certificate":"Equal { certificate: BoundedRefinement { min_precision: -256 } }","direct":[["-6500284397512001612716900919775297800709870899108586837557103500899560634869667","57896044618658097711785492504343953926634992332820282019728792003956564819968"],["-3250142198756000806358450459887648900354935449554293418778551750449780317434833","28948022309329048855892746252171976963317496166410141009864396001978282409984"]],"equality":true,"family":"normal-mpoly","nested":[["-6500284397512001612716900919775297800709870899108586837557103500899560634869667","57896044618658097711785492504343953926634992332820282019728792003956564819968"],["-3250142198756000806358450459887648900354935449554293418778551750449780317434833","28948022309329048855892746252171976963317496166410141009864396001978282409984"]],"precision":-256,"seed":7}
{"certificate":"Equal { certificate: StructuralEquality }","direct":[["0","1"],["0","1"]],"equality":true,"family":"normal-mpoly","nested":[["0","1"],["0","1"]],"precision":-128,"seed":8}
{"certificate":"Equal { certificate: StructuralEquality }","direct":[["0","1"],["0","1"]],"equality":true,"family":"normal-mpoly","nested":[["0","1"],["0","1"]],"precision":-256,"seed":8}
{"certificate":"Equal { certificate: StructuralEquality }","direct":[["7","1"],["7","1"]],"equality":true,"family":"normal-mpoly","nested":[["7","1"],["7","1"]],"precision":-128,"seed":9}
{"certificate":"Equal { certificate: StructuralEquality }","direct":[["7","1"],["7","1"]],"equality":true,"family":"normal-mpoly","nested":[["7","1"],["7","1"]],"precision":-256,"seed":9}
{"actual":[["0","1"],["0","1"]],"certificate":"Equal { certificate: StructuralEquality }","equality":true,"family":"long-poly","horner":[["0","1"],["0","1"]],"length":0,"precision":-128}
{"actual":[["0","1"],["0","1"]],"certificate":"Equal { certificate: StructuralEquality }","equality":true,"family":"long-poly","horner":[["0","1"],["0","1"]],"length":0,"precision":-256}
{"actual":[["-2","1"],["-2","1"]],"certificate":"Equal { certificate: StructuralEquality }","equality":true,"family":"long-poly","horner":[["-2","1"],["-2","1"]],"length":1,"precision":-128}
{"actual":[["-2","1"],["-2","1"]],"certificate":"Equal { certificate: StructuralEquality }","equality":true,"family":"long-poly","horner":[["-2","1"],["-2","1"]],"length":1,"precision":-256}
{"actual":[["-531065137212475999049237962432321691119","170141183460469231731687303715884105728"],["-265532568606237999524618981216160845559","85070591730234615865843651857942052864"]],"certificate":"Equal { certificate: StructuralEquality }","equality":true,"family":"long-poly","horner":[["-531065137212475999049237962432321691119","170141183460469231731687303715884105728"],["-265532568606237999524618981216160845559","85070591730234615865843651857942052864"]],"length":2,"precision":-128}
{"actual":[["-361424203759708578276224589637626792775792282079370275224923144810183393987393","115792089237316195423570985008687907853269984665640564039457584007913129639936"],["-361424203759708578276224589637626792775792282079370275224923144810183393987391","115792089237316195423570985008687907853269984665640564039457584007913129639936"]],"certificate":"Equal { certificate: StructuralEquality }","equality":true,"family":"long-poly","horner":[["-361424203759708578276224589637626792775792282079370275224923144810183393987393","115792089237316195423570985008687907853269984665640564039457584007913129639936"],["-361424203759708578276224589637626792775792282079370275224923144810183393987391","115792089237316195423570985008687907853269984665640564039457584007913129639936"]],"length":2,"precision":-256}
{"actual":[["-253700329988611605647111238526709090525","170141183460469231731687303715884105728"],["-63425082497152901411777809631677272631","42535295865117307932921825928971026432"]],"certificate":"Equal { certificate: StructuralEquality }","equality":true,"family":"long-poly","horner":[["-253700329988611605647111238526709090525","170141183460469231731687303715884105728"],["-63425082497152901411777809631677272631","42535295865117307932921825928971026432"]],"length":7,"precision":-128}
{"actual":[["-86329748777147902304521043733454622883565961495921146633217222508923869708371","57896044618658097711785492504343953926634992332820282019728792003956564819968"],["-43164874388573951152260521866727311441782980747960573316608611254461934854185","28948022309329048855892746252171976963317496166410141009864396001978282409984"]],"certificate":"Equal { certificate: StructuralEquality }","equality":true,"family":"long-poly","horner":[["-86329748777147902304521043733454622883565961495921146633217222508923869708371","57896044618658097711785492504343953926634992332820282019728792003956564819968"],["-43164874388573951152260521866727311441782980747960573316608611254461934854185","28948022309329048855892746252171976963317496166410141009864396001978282409984"]],"length":7,"precision":-256}
{"actual":[["-103941410360099136043749992408009569227","340282366920938463463374607431768211456"],["-103941410360099136043749992408009569225","340282366920938463463374607431768211456"]],"certificate":"Equal { certificate: StructuralEquality }","equality":true,"family":"long-poly","horner":[["-103941410360099136043749992408009569227","340282366920938463463374607431768211456"],["-103941410360099136043749992408009569225","340282366920938463463374607431768211456"]],"length":8,"precision":-128}
{"actual":[["-17684714569217544377384456013176907412106013100886183584384733307861733019011","57896044618658097711785492504343953926634992332820282019728792003956564819968"],["-8842357284608772188692228006588453706053006550443091792192366653930866509505","28948022309329048855892746252171976963317496166410141009864396001978282409984"]],"certificate":"Equal { certificate: StructuralEquality }","equality":true,"family":"long-poly","horner":[["-17684714569217544377384456013176907412106013100886183584384733307861733019011","57896044618658097711785492504343953926634992332820282019728792003956564819968"],["-8842357284608772188692228006588453706053006550443091792192366653930866509505","28948022309329048855892746252171976963317496166410141009864396001978282409984"]],"length":8,"precision":-256}
{"actual":[["-762871758167038600617603426314729129147","340282366920938463463374607431768211456"],["-762871758167038600617603426314729129145","340282366920938463463374607431768211456"]],"certificate":"Equal { certificate: StructuralEquality }","equality":true,"family":"long-poly","horner":[["-762871758167038600617603426314729129147","340282366920938463463374607431768211456"],["-762871758167038600617603426314729129145","340282366920938463463374607431768211456"]],"length":9,"precision":-128}
{"actual":[["-259591807526217663017442782731963565397794518493625505294021793306248428030867","115792089237316195423570985008687907853269984665640564039457584007913129639936"],["-259591807526217663017442782731963565397794518493625505294021793306248428030865","115792089237316195423570985008687907853269984665640564039457584007913129639936"]],"certificate":"Equal { certificate: StructuralEquality }","equality":true,"family":"long-poly","horner":[["-259591807526217663017442782731963565397794518493625505294021793306248428030867","115792089237316195423570985008687907853269984665640564039457584007913129639936"],["-259591807526217663017442782731963565397794518493625505294021793306248428030865","115792089237316195423570985008687907853269984665640564039457584007913129639936"]],"length":9,"precision":-256}
{"actual":[["-556597382779400034199244198872973066821","340282366920938463463374607431768211456"],["-556597382779400034199244198872973066819","340282366920938463463374607431768211456"]],"certificate":"Equal { certificate: StructuralEquality }","equality":true,"family":"long-poly","horner":[["-556597382779400034199244198872973066821","340282366920938463463374607431768211456"],["-556597382779400034199244198872973066819","340282366920938463463374607431768211456"]],"length":63,"precision":-128}
{"actual":[["-189400274834173838162396160704823311910308994094893946421131241738573954072337","115792089237316195423570985008687907853269984665640564039457584007913129639936"],["-189400274834173838162396160704823311910308994094893946421131241738573954072335","115792089237316195423570985008687907853269984665640564039457584007913129639936"]],"certificate":"Equal { certificate: StructuralEquality }","equality":true,"family":"long-poly","horner":[["-189400274834173838162396160704823311910308994094893946421131241738573954072337","115792089237316195423570985008687907853269984665640564039457584007913129639936"],["-189400274834173838162396160704823311910308994094893946421131241738573954072335","115792089237316195423570985008687907853269984665640564039457584007913129639936"]],"length":63,"precision":-256}
{"actual":[["-6004121676292450267841939196803094455","42535295865117307932921825928971026432"],["-24016486705169801071367756787212377819","170141183460469231731687303715884105728"]],"certificate":"Equal { certificate: DifferenceStructuralFacts }","equality":true,"family":"long-poly","horner":[["-6004121676292450267841939196803094455","42535295865117307932921825928971026432"],["-24016486705169801071367756787212377819","170141183460469231731687303715884105728"]],"length":64,"precision":-128}
{"actual":[["-16344773882320861408723991974489397324209356100173950267158068172771281362325","115792089237316195423570985008687907853269984665640564039457584007913129639936"],["-16344773882320861408723991974489397324209356100173950267158068172771281362323","115792089237316195423570985008687907853269984665640564039457584007913129639936"]],"certificate":"Equal { certificate: DifferenceStructuralFacts }","equality":true,"family":"long-poly","horner":[["-16344773882320861408723991974489397324209356100173950267158068172771281362325","115792089237316195423570985008687907853269984665640564039457584007913129639936"],["-16344773882320861408723991974489397324209356100173950267158068172771281362323","115792089237316195423570985008687907853269984665640564039457584007913129639936"]],"length":64,"precision":-256}
{"actual":[["-733856150912621206145571335745213297919","340282366920938463463374607431768211456"],["-733856150912621206145571335745213297917","340282366920938463463374607431768211456"]],"certificate":"Equal { certificate: DifferenceStructuralFacts }","equality":true,"family":"long-poly","horner":[["-733856150912621206145571335745213297919","340282366920938463463374607431768211456"],["-733856150912621206145571335745213297917","340282366920938463463374607431768211456"]],"length":65,"precision":-128}
{"actual":[["-249718308012036159313604481278594474871521271510778047953147162370854044405547","115792089237316195423570985008687907853269984665640564039457584007913129639936"],["-249718308012036159313604481278594474871521271510778047953147162370854044405545","115792089237316195423570985008687907853269984665640564039457584007913129639936"]],"certificate":"Equal { certificate: DifferenceStructuralFacts }","equality":true,"family":"long-poly","horner":[["-249718308012036159313604481278594474871521271510778047953147162370854044405547","115792089237316195423570985008687907853269984665640564039457584007913129639936"],["-249718308012036159313604481278594474871521271510778047953147162370854044405545","115792089237316195423570985008687907853269984665640564039457584007913129639936"]],"length":65,"precision":-256}
{"actual":[["-6004121650258055458040064827490859647","42535295865117307932921825928971026432"],["-24016486601032221832160259309963438587","170141183460469231731687303715884105728"]],"certificate":"Unknown { min_precision: -128 }","equality":null,"family":"long-poly","horner":[["-6004121650258055458040064827490859647","42535295865117307932921825928971026432"],["-24016486601032221832160259309963438587","170141183460469231731687303715884105728"]],"length":127,"precision":-128}
{"actual":[["-16344773811448497510855373134792452971291652559799101580633813108820524785327","115792089237316195423570985008687907853269984665640564039457584007913129639936"],["-16344773811448497510855373134792452971291652559799101580633813108820524785325","115792089237316195423570985008687907853269984665640564039457584007913129639936"]],"certificate":"Unknown { min_precision: -256 }","equality":null,"family":"long-poly","horner":[["-16344773811448497510855373134792452971291652559799101580633813108820524785327","115792089237316195423570985008687907853269984665640564039457584007913129639936"],["-16344773811448497510855373134792452971291652559799101580633813108820524785325","115792089237316195423570985008687907853269984665640564039457584007913129639936"]],"length":127,"precision":-256}
{"actual":[["-183464037701132411392407047790391610423","85070591730234615865843651857942052864"],["-366928075402264822784814095580783220845","170141183460469231731687303715884105728"]],"certificate":"Unknown { min_precision: -128 }","equality":null,"family":"long-poly","horner":[["-183464037701132411392407047790391610423","85070591730234615865843651857942052864"],["-366928075402264822784814095580783220845","170141183460469231731687303715884105728"]],"length":128,"precision":-128}
{"actual":[["-62429576993813626809161137412005919732295249994221788249181592380984857514171","28948022309329048855892746252171976963317496166410141009864396001978282409984"],["-124859153987627253618322274824011839464590499988443576498363184761969715028341","57896044618658097711785492504343953926634992332820282019728792003956564819968"]],"certificate":"Unknown { min_precision: -256 }","equality":null,"family":"long-poly","horner":[["-62429576993813626809161137412005919732295249994221788249181592380984857514171","28948022309329048855892746252171976963317496166410141009864396001978282409984"],["-124859153987627253618322274824011839464590499988443576498363184761969715028341","57896044618658097711785492504343953926634992332820282019728792003956564819968"]],"length":128,"precision":-256}
{"actual":[["-8491110267932870874787628602413927929","85070591730234615865843651857942052864"],["-16982220535865741749575257204827855857","170141183460469231731687303715884105728"]],"certificate":"Unknown { min_precision: -128 }","equality":null,"family":"long-poly","horner":[["-67928882143462966998301028819311423431","680564733841876926926749214863536422912"],["-67928882143462966998301028819311423429","680564733841876926926749214863536422912"]],"length":129,"precision":-128}
{"actual":[["-11557500399035525094773620744105276324563939195172699617665508524538556867125","115792089237316195423570985008687907853269984665640564039457584007913129639936"],["-11557500399035525094773620744105276324563939195172699617665508524538556867123","115792089237316195423570985008687907853269984665640564039457584007913129639936"]],"certificate":"Unknown { min_precision: -256 }","equality":null,"family":"long-poly","horner":[["-23115000798071050189547241488210552649127878390345399235331017049077113734249","231584178474632390847141970017375815706539969331281128078915168015826259279872"],["-23115000798071050189547241488210552649127878390345399235331017049077113734247","231584178474632390847141970017375815706539969331281128078915168015826259279872"]],"length":129,"precision":-256}
{"rows":116,"terminal":true}
