==531960== Memcheck, a memory error detector
==531960== Copyright (C) 2002-2026, and GNU GPL'd, by Julian Seward et al.
==531960== Using Valgrind-3.27.1 and LibVEX; rerun with -h for copyright info
==531960== Command: /tmp/calcium-qqbar-remainder-v84.1aubRO/cleanup-cubic cleanup 4 32
==531960== 
==531960== 
==531960== HEAP SUMMARY:
==531960==     in use at exit: 13,056 bytes in 128 blocks
==531960==   total heap usage: 3,818 allocs, 3,690 frees, 245,992 bytes allocated
==531960== 
==531960== 1,536 bytes in 96 blocks are indirectly lost in loss record 1 of 2
==531960==    at 0x48486CD: calloc (vg_replace_malloc.c:1616)
==531960==    by 0x48DCE09: flint_calloc (in /home/tim/Documents/GitHub/workspace/exact-real-references/flint/libflint.so.25.0.0)
==531960==    by 0x4AC5624: fmpz_poly_realloc (in /home/tim/Documents/GitHub/workspace/exact-real-references/flint/libflint.so.25.0.0)
==531960==    by 0x4AC8A47: fmpz_poly_set_coeff_si (in /home/tim/Documents/GitHub/workspace/exact-real-references/flint/libflint.so.25.0.0)
==531960==    by 0x51B0D4A: qqbar_init (in /home/tim/Documents/GitHub/workspace/exact-real-references/flint/libflint.so.25.0.0)
==531960==    by 0x50B7ABF: _gr_qqbar_poly_roots.part.0 (in /home/tim/Documents/GitHub/workspace/exact-real-references/flint/libflint.so.25.0.0)
==531960==    by 0x400D87: gr_poly_roots (gr_poly.h:631)
==531960==    by 0x400D87: root_cleanup.isra.0 (flint-qqbar-cleanup-cubic-v84.c:51)
==531960==    by 0x40073C: main (flint-qqbar-cleanup-cubic-v84.c:81)
==531960== 
==531960== 13,056 (11,520 direct, 1,536 indirect) bytes in 32 blocks are definitely lost in loss record 2 of 2
==531960==    at 0x4840AE6: malloc (vg_replace_malloc.c:447)
==531960==    by 0x48DCD79: flint_malloc (in /home/tim/Documents/GitHub/workspace/exact-real-references/flint/libflint.so.25.0.0)
==531960==    by 0x50B7A93: _gr_qqbar_poly_roots.part.0 (in /home/tim/Documents/GitHub/workspace/exact-real-references/flint/libflint.so.25.0.0)
==531960==    by 0x400D87: gr_poly_roots (gr_poly.h:631)
==531960==    by 0x400D87: root_cleanup.isra.0 (flint-qqbar-cleanup-cubic-v84.c:51)
==531960==    by 0x40073C: main (flint-qqbar-cleanup-cubic-v84.c:81)
==531960== 
==531960== LEAK SUMMARY:
==531960==    definitely lost: 11,520 bytes in 32 blocks
==531960==    indirectly lost: 1,536 bytes in 96 blocks
==531960==      possibly lost: 0 bytes in 0 blocks
==531960==    still reachable: 0 bytes in 0 blocks
==531960==         suppressed: 0 bytes in 0 blocks
==531960== 
==531960== For lists of detected and suppressed errors, rerun with: -s
==531960== ERROR SUMMARY: 2 errors from 2 contexts (suppressed: 0 from 0)
