node:internal/modules/run_main:123
    triggerUncaughtException(
    ^

AssertionError [ERR_ASSERTION]: Expected values to be strictly deep-equal:
+ actual - expected
... Skipped lines

  {
    checks: {
      'accuracy-imag': 294,
      'accuracy-real': 294,
      'contains-imag': 294,
...
        i: 0,
+       j: undefined,
        name: 'copyRootOrder',
        phase: 0,
+       prec: undefined,
        type: 'unary'
      },
      {
        actual: -1,
+       expected: -0,
-       expected: 0,
        i: 0,
        j: 0,
        name: 'rootOrder',
        phase: 0,
+       prec: undefined,
        type: 'pair'
      },
      {
        actual: -1,
        expected: 0,
        i: 1,
+       j: undefined,
        name: 'copyRootOrder',
        phase: 0,
+       prec: undefined,
        type: 'unary'
      },
      {
        actual: -1,
+       expected: -0,
-       expected: 0,
        i: 1,
        j: 1,
        name: 'rootOrder',
        phase: 0,
+       prec: undefined,
        type: 'pair'
      },
      {
        actual: -1,
        expected: 0,
        i: 2,
+       j: undefined,
        name: 'copyRootOrder',
        phase: 0,
+       prec: undefined,
        type: 'unary'
      },
      {
        actual: 0,
        expected: 1,
        i: 2,
+       j: undefined,
        name: 'exact-dyadic-imag',
        phase: 0,
        prec: 32,
        type: 'enclosure'
      },
...
        i: 2,
+       j: undefined,
        name: 'exact-dyadic-imag',
        phase: 0,
        prec: 128,
        type: 'enclosure'
      },
...
        i: 2,
+       j: undefined,
        name: 'exact-dyadic-imag',
        phase: 0,
        prec: 512,
        type: 'enclosure'
      },
      {
        actual: -1,
+       expected: -0,
-       expected: 0,
        i: 2,
        j: 2,
        name: 'rootOrder',
        phase: 0,
+       prec: undefined,
        type: 'pair'
      },
      {
        actual: 1,
        expected: 0,
        i: 4,
+       j: undefined,
        name: 'copyRootOrder',
        phase: 0,
+       prec: undefined,
        type: 'unary'
      },
      {
        actual: 0,
        expected: 1,
        i: 4,
+       j: undefined,
        name: 'exact-dyadic-imag',
        phase: 0,
        prec: 32,
        type: 'enclosure'
      },
...
        i: 4,
+       j: undefined,
        name: 'exact-dyadic-imag',
        phase: 0,
        prec: 128,
        type: 'enclosure'
      },
...
        i: 4,
+       j: undefined,
        name: 'exact-dyadic-imag',
        phase: 0,
        prec: 512,
        type: 'enclosure'
      },
      {
        actual: 1,
+       expected: -0,
-       expected: 0,
        i: 4,
        j: 4,
        name: 'rootOrder',
        phase: 0,
+       prec: undefined,
        type: 'pair'
      },
      {
        actual: 1,
        expected: 0,
        i: 5,
+       j: undefined,
        name: 'copyRootOrder',
        phase: 0,
+       prec: undefined,
        type: 'unary'
      },
      {
        actual: 1,
+       expected: -0,
-       expected: 0,
        i: 5,
        j: 5,
        name: 'rootOrder',
        phase: 0,
+       prec: undefined,
        type: 'pair'
      },
      {
        actual: 1,
        expected: 0,
        i: 6,
+       j: undefined,
        name: 'copyRootOrder',
        phase: 0,
+       prec: undefined,
        type: 'unary'
      },
      {
        actual: 1,
+       expected: -0,
-       expected: 0,
        i: 6,
        j: 6,
        name: 'rootOrder',
        phase: 0,
+       prec: undefined,
        type: 'pair'
      },
      {
        actual: -1,
        expected: 0,
        i: 7,
+       j: undefined,
        name: 'copyRootOrder',
        phase: 0,
+       prec: undefined,
        type: 'unary'
      },
      {
        actual: -1,
+       expected: -0,
-       expected: 0,
        i: 7,
        j: 7,
        name: 'rootOrder',
        phase: 0,
+       prec: undefined,
        type: 'pair'
      },
      {
        actual: -1,
        expected: 0,
        i: 8,
+       j: undefined,
        name: 'copyRootOrder',
        phase: 0,
+       prec: undefined,
        type: 'unary'
      },
      {
        actual: -1,
+       expected: -0,
-       expected: 0,
        i: 8,
        j: 8,
        name: 'rootOrder',
        phase: 0,
+       prec: undefined,
        type: 'pair'
      },
      {
        actual: -1,
        expected: 0,
        i: 9,
+       j: undefined,
        name: 'copyRootOrder',
        phase: 0,
+       prec: undefined,
        type: 'unary'
      },
      {
        actual: 0,
        expected: 1,
        i: 9,
+       j: undefined,
        name: 'exact-dyadic-imag',
        phase: 0,
        prec: 32,
        type: 'enclosure'
      },
...
        i: 9,
+       j: undefined,
        name: 'exact-dyadic-imag',
        phase: 0,
        prec: 128,
        type: 'enclosure'
      },
...
        i: 9,
+       j: undefined,
        name: 'exact-dyadic-imag',
        phase: 0,
        prec: 512,
        type: 'enclosure'
      },
      {
        actual: -1,
+       expected: -0,
-       expected: 0,
        i: 9,
        j: 9,
        name: 'rootOrder',
        phase: 0,
+       prec: undefined,
        type: 'pair'
      },
      {
        actual: 1,
        expected: 0,
        i: 11,
+       j: undefined,
        name: 'copyRootOrder',
        phase: 0,
+       prec: undefined,
        type: 'unary'
      },
      {
        actual: 0,
        expected: 1,
        i: 11,
+       j: undefined,
        name: 'exact-dyadic-imag',
        phase: 0,
        prec: 32,
        type: 'enclosure'
      },
...
        i: 11,
+       j: undefined,
        name: 'exact-dyadic-imag',
        phase: 0,
        prec: 128,
        type: 'enclosure'
      },
...
        i: 11,
+       j: undefined,
        name: 'exact-dyadic-imag',
        phase: 0,
        prec: 512,
        type: 'enclosure'
      },
      {
        actual: 1,
+       expected: -0,
-       expected: 0,
        i: 11,
        j: 11,
        name: 'rootOrder',
        phase: 0,
+       prec: undefined,
        type: 'pair'
      },
      {
        actual: 1,
        expected: 0,
        i: 12,
+       j: undefined,
        name: 'copyRootOrder',
        phase: 0,
+       prec: undefined,
        type: 'unary'
      },
      {
        actual: 1,
+       expected: -0,
-       expected: 0,
        i: 12,
        j: 12,
        name: 'rootOrder',
        phase: 0,
+       prec: undefined,
        type: 'pair'
      },
      {
        actual: 1,
        expected: 0,
        i: 13,
+       j: undefined,
        name: 'copyRootOrder',
        phase: 0,
+       prec: undefined,
        type: 'unary'
      },
      {
        actual: 1,
+       expected: -0,
-       expected: 0,
        i: 13,
        j: 13,
        name: 'rootOrder',
        phase: 0,
+       prec: undefined,
        type: 'pair'
      },
      {
        actual: -1,
        expected: 0,
        i: 14,
+       j: undefined,
        name: 'copyRootOrder',
        phase: 0,
+       prec: undefined,
        type: 'unary'
      },
      {
        actual: 0,
        expected: 1,
        i: 14,
+       j: undefined,
        name: 'exact-dyadic-real',
        phase: 0,
        prec: 32,
        type: 'enclosure'
      },
...
        i: 14,
+       j: undefined,
        name: 'exact-dyadic-real',
        phase: 0,
        prec: 128,
        type: 'enclosure'
      },
...
        i: 14,
+       j: undefined,
        name: 'exact-dyadic-real',
        phase: 0,
        prec: 512,
        type: 'enclosure'
      },
      {
        actual: -1,
+       expected: -0,
-       expected: 0,
        i: 14,
        j: 14,
        name: 'rootOrder',
        phase: 0,
+       prec: undefined,
        type: 'pair'
      },
      {
        actual: -1,
        expected: 0,
        i: 15,
+       j: undefined,
        name: 'copyRootOrder',
        phase: 0,
+       prec: undefined,
        type: 'unary'
      },
      {
        actual: 0,
        expected: 1,
        i: 15,
+       j: undefined,
        name: 'exact-dyadic-real',
        phase: 0,
        prec: 32,
        type: 'enclosure'
      },
...
        i: 15,
+       j: undefined,
        name: 'exact-dyadic-real',
        phase: 0,
        prec: 128,
        type: 'enclosure'
      },
...
        i: 15,
+       j: undefined,
        name: 'exact-dyadic-real',
        phase: 0,
        prec: 512,
        type: 'enclosure'
      },
      {
        actual: -1,
+       expected: -0,
-       expected: 0,
        i: 15,
        j: 15,
        name: 'rootOrder',
        phase: 0,
+       prec: undefined,
        type: 'pair'
      },
      {
        actual: -1,
        expected: 0,
        i: 16,
+       j: undefined,
        name: 'copyRootOrder',
        phase: 0,
+       prec: undefined,
        type: 'unary'
      },
      {
        actual: -1,
+       expected: -0,
-       expected: 0,
        i: 16,
        j: 16,
        name: 'rootOrder',
        phase: 0,
+       prec: undefined,
        type: 'pair'
      },
      {
        actual: 1,
        expected: 0,
        i: 18,
+       j: undefined,
        name: 'copyRootOrder',
        phase: 0,
+       prec: undefined,
        type: 'unary'
      },
      {
        actual: 1,
+       expected: -0,
-       expected: 0,
        i: 18,
        j: 18,
        name: 'rootOrder',
        phase: 0,
+       prec: undefined,
        type: 'pair'
      },
      {
        actual: 1,
        expected: 0,
        i: 19,
+       j: undefined,
        name: 'copyRootOrder',
        phase: 0,
+       prec: undefined,
        type: 'unary'
      },
      {
        actual: 0,
        expected: 1,
        i: 19,
+       j: undefined,
        name: 'exact-dyadic-real',
        phase: 0,
        prec: 32,
        type: 'enclosure'
      },
...
        i: 19,
+       j: undefined,
        name: 'exact-dyadic-real',
        phase: 0,
        prec: 128,
        type: 'enclosure'
      },
...
        i: 19,
+       j: undefined,
        name: 'exact-dyadic-real',
        phase: 0,
        prec: 512,
        type: 'enclosure'
      },
      {
        actual: 1,
+       expected: -0,
-       expected: 0,
        i: 19,
        j: 19,
        name: 'rootOrder',
        phase: 0,
+       prec: undefined,
        type: 'pair'
      },
      {
        actual: 1,
        expected: 0,
        i: 20,
+       j: undefined,
        name: 'copyRootOrder',
        phase: 0,
+       prec: undefined,
        type: 'unary'
      },
      {
        actual: 0,
        expected: 1,
        i: 20,
+       j: undefined,
        name: 'exact-dyadic-real',
        phase: 0,
        prec: 32,
        type: 'enclosure'
      },
...
        i: 20,
+       j: undefined,
        name: 'exact-dyadic-real',
        phase: 0,
        prec: 128,
        type: 'enclosure'
      },
...
        i: 20,
+       j: undefined,
        name: 'exact-dyadic-real',
        phase: 0,
        prec: 512,
        type: 'enclosure'
      },
      {
        actual: 1,
+       expected: -0,
-       expected: 0,
        i: 20,
        j: 20,
        name: 'rootOrder',
        phase: 0,
+       prec: undefined,
        type: 'pair'
      },
      {
        actual: -1,
        expected: 0,
        i: 21,
+       j: undefined,
        name: 'copyRootOrder',
        phase: 0,
+       prec: undefined,
        type: 'unary'
      },
      {
        actual: -1,
+       expected: -0,
-       expected: 0,
        i: 21,
        j: 21,
        name: 'rootOrder',
        phase: 0,
+       prec: undefined,
        type: 'pair'
      },
      {
        actual: -1,
        expected: 0,
        i: 22,
+       j: undefined,
        name: 'copyRootOrder',
        phase: 0,
+       prec: undefined,
        type: 'unary'
      },
      {
        actual: -1,
+       expected: -0,
-       expected: 0,
        i: 22,
        j: 22,
        name: 'rootOrder',
        phase: 0,
+       prec: undefined,
        type: 'pair'
      },
      {
        actual: -1,
        expected: 0,
        i: 23,
+       j: undefined,
        name: 'copyRootOrder',
        phase: 0,
+       prec: undefined,
        type: 'unary'
      },
      {
        actual: -1,
+       expected: -0,
-       expected: 0,
        i: 23,
        j: 23,
        name: 'rootOrder',
        phase: 0,
+       prec: undefined,
        type: 'pair'
      },
      {
        actual: 1,
        expected: 0,
        i: 25,
+       j: undefined,
        name: 'copyRootOrder',
        phase: 0,
+       prec: undefined,
        type: 'unary'
      },
      {
        actual: 1,
+       expected: -0,
-       expected: 0,
        i: 25,
        j: 25,
        name: 'rootOrder',
        phase: 0,
+       prec: undefined,
        type: 'pair'
      },
      {
        actual: 1,
        expected: 0,
        i: 26,
+       j: undefined,
        name: 'copyRootOrder',
        phase: 0,
+       prec: undefined,
        type: 'unary'
      },
      {
        actual: 1,
+       expected: -0,
-       expected: 0,
        i: 26,
        j: 26,
        name: 'rootOrder',
        phase: 0,
+       prec: undefined,
        type: 'pair'
      },
      {
        actual: 1,
        expected: 0,
        i: 27,
+       j: undefined,
        name: 'copyRootOrder',
        phase: 0,
+       prec: undefined,
        type: 'unary'
      },
      {
        actual: 1,
+       expected: -0,
-       expected: 0,
        i: 27,
        j: 27,
        name: 'rootOrder',
        phase: 0,
+       prec: undefined,
        type: 'pair'
      },
      {
        actual: -1,
        expected: 0,
        i: 28,
+       j: undefined,
        name: 'copyRootOrder',
        phase: 0,
+       prec: undefined,
        type: 'unary'
      },
      {
        actual: 0,
        expected: 1,
        i: 28,
+       j: undefined,
        name: 'exact-dyadic-real',
        phase: 0,
        prec: 32,
        type: 'enclosure'
      },
...
        i: 28,
+       j: undefined,
        name: 'exact-dyadic-real',
        phase: 0,
        prec: 128,
        type: 'enclosure'
      },
...
        i: 28,
+       j: undefined,
        name: 'exact-dyadic-real',
        phase: 0,
        prec: 512,
        type: 'enclosure'
      },
      {
        actual: -1,
+       expected: -0,
-       expected: 0,
        i: 28,
        j: 28,
        name: 'rootOrder',
        phase: 0,
+       prec: undefined,
        type: 'pair'
      },
      {
        actual: -1,
        expected: 0,
        i: 29,
+       j: undefined,
        name: 'copyRootOrder',
        phase: 0,
+       prec: undefined,
        type: 'unary'
      },
      {
        actual: 0,
        expected: 1,
        i: 29,
+       j: undefined,
        name: 'exact-dyadic-real',
        phase: 0,
        prec: 32,
        type: 'enclosure'
      },
...
        i: 29,
+       j: undefined,
        name: 'exact-dyadic-real',
        phase: 0,
        prec: 128,
        type: 'enclosure'
      },
...
        i: 29,
+       j: undefined,
        name: 'exact-dyadic-real',
        phase: 0,
        prec: 512,
        type: 'enclosure'
      },
      {
        actual: -1,
+       expected: -0,
-       expected: 0,
        i: 29,
        j: 29,
        name: 'rootOrder',
        phase: 0,
+       prec: undefined,
        type: 'pair'
      },
      {
        actual: -1,
        expected: 0,
        i: 30,
+       j: undefined,
        name: 'copyRootOrder',
        phase: 0,
+       prec: undefined,
        type: 'unary'
      },
      {
        actual: -1,
+       expected: -0,
-       expected: 0,
        i: 30,
        j: 30,
        name: 'rootOrder',
        phase: 0,
+       prec: undefined,
        type: 'pair'
      },
      {
        actual: 1,
        expected: 0,
        i: 32,
+       j: undefined,
        name: 'copyRootOrder',
        phase: 0,
+       prec: undefined,
        type: 'unary'
      },
      {
        actual: 1,
+       expected: -0,
-       expected: 0,
        i: 32,
        j: 32,
        name: 'rootOrder',
        phase: 0,
+       prec: undefined,
        type: 'pair'
      },
      {
        actual: 1,
        expected: 0,
        i: 33,
+       j: undefined,
        name: 'copyRootOrder',
        phase: 0,
+       prec: undefined,
        type: 'unary'
      },
      {
        actual: 0,
        expected: 1,
        i: 33,
+       j: undefined,
        name: 'exact-dyadic-real',
        phase: 0,
        prec: 32,
        type: 'enclosure'
      },
...
        i: 33,
+       j: undefined,
        name: 'exact-dyadic-real',
        phase: 0,
        prec: 128,
        type: 'enclosure'
      },
...
        i: 33,
+       j: undefined,
        name: 'exact-dyadic-real',
        phase: 0,
        prec: 512,
        type: 'enclosure'
      },
      {
        actual: 1,
+       expected: -0,
-       expected: 0,
        i: 33,
        j: 33,
        name: 'rootOrder',
        phase: 0,
+       prec: undefined,
        type: 'pair'
      },
      {
        actual: 1,
        expected: 0,
        i: 34,
+       j: undefined,
        name: 'copyRootOrder',
        phase: 0,
+       prec: undefined,
        type: 'unary'
      },
      {
        actual: 0,
        expected: 1,
        i: 34,
+       j: undefined,
        name: 'exact-dyadic-real',
        phase: 0,
        prec: 32,
        type: 'enclosure'
      },
...
        i: 34,
+       j: undefined,
        name: 'exact-dyadic-real',
        phase: 0,
        prec: 128,
        type: 'enclosure'
      },
...
        i: 34,
+       j: undefined,
        name: 'exact-dyadic-real',
        phase: 0,
        prec: 512,
        type: 'enclosure'
      },
      {
        actual: 1,
+       expected: -0,
-       expected: 0,
        i: 34,
        j: 34,
        name: 'rootOrder',
        phase: 0,
+       prec: undefined,
        type: 'pair'
      },
      {
        actual: -1,
        expected: 0,
        i: 35,
+       j: undefined,
        name: 'copyRootOrder',
        phase: 0,
+       prec: undefined,
        type: 'unary'
      },
      {
        actual: -1,
+       expected: -0,
-       expected: 0,
        i: 35,
        j: 35,
        name: 'rootOrder',
        phase: 0,
+       prec: undefined,
        type: 'pair'
      },
      {
        actual: -1,
        expected: 0,
        i: 36,
+       j: undefined,
        name: 'copyRootOrder',
        phase: 0,
+       prec: undefined,
        type: 'unary'
      },
      {
        actual: -1,
+       expected: -0,
-       expected: 0,
        i: 36,
        j: 36,
        name: 'rootOrder',
        phase: 0,
+       prec: undefined,
        type: 'pair'
      },
      {
        actual: -1,
        expected: 0,
        i: 37,
+       j: undefined,
        name: 'copyRootOrder',
        phase: 0,
+       prec: undefined,
        type: 'unary'
      },
      {
        actual: 0,
        expected: 1,
        i: 37,
+       j: undefined,
        name: 'exact-dyadic-imag',
        phase: 0,
        prec: 32,
        type: 'enclosure'
      },
...
        i: 37,
+       j: undefined,
        name: 'exact-dyadic-imag',
        phase: 0,
        prec: 128,
        type: 'enclosure'
      },
...
        i: 37,
+       j: undefined,
        name: 'exact-dyadic-imag',
        phase: 0,
        prec: 512,
        type: 'enclosure'
      },
      {
        actual: -1,
+       expected: -0,
-       expected: 0,
        i: 37,
        j: 37,
        name: 'rootOrder',
        phase: 0,
+       prec: undefined,
        type: 'pair'
      },
      {
        actual: 1,
        expected: 0,
        i: 39,
+       j: undefined,
        name: 'copyRootOrder',
        phase: 0,
+       prec: undefined,
        type: 'unary'
      },
      {
        actual: 0,
        expected: 1,
        i: 39,
+       j: undefined,
        name: 'exact-dyadic-imag',
        phase: 0,
        prec: 32,
        type: 'enclosure'
      },
...
        i: 39,
+       j: undefined,
        name: 'exact-dyadic-imag',
        phase: 0,
        prec: 128,
        type: 'enclosure'
      },
...
        i: 39,
+       j: undefined,
        name: 'exact-dyadic-imag',
        phase: 0,
        prec: 512,
        type: 'enclosure'
      },
      {
        actual: 1,
+       expected: -0,
-       expected: 0,
        i: 39,
        j: 39,
        name: 'rootOrder',
        phase: 0,
+       prec: undefined,
        type: 'pair'
      },
      {
        actual: 1,
        expected: 0,
        i: 40,
+       j: undefined,
        name: 'copyRootOrder',
        phase: 0,
+       prec: undefined,
        type: 'unary'
      },
      {
        actual: 1,
+       expected: -0,
-       expected: 0,
        i: 40,
        j: 40,
        name: 'rootOrder',
        phase: 0,
+       prec: undefined,
        type: 'pair'
      },
      {
        actual: 1,
        expected: 0,
        i: 41,
+       j: undefined,
        name: 'copyRootOrder',
        phase: 0,
+       prec: undefined,
        type: 'unary'
      },
      {
        actual: 1,
+       expected: -0,
-       expected: 0,
        i: 41,
        j: 41,
        name: 'rootOrder',
        phase: 0,
+       prec: undefined,
        type: 'pair'
      },
      {
        actual: -1,
        expected: 0,
        i: 42,
+       j: undefined,
        name: 'copyRootOrder',
        phase: 0,
+       prec: undefined,
        type: 'unary'
      },
      {
        actual: -1,
+       expected: -0,
-       expected: 0,
        i: 42,
        j: 42,
        name: 'rootOrder',
        phase: 0,
+       prec: undefined,
        type: 'pair'
      },
      {
        actual: -1,
        expected: 0,
        i: 43,
+       j: undefined,
        name: 'copyRootOrder',
        phase: 0,
+       prec: undefined,
        type: 'unary'
      },
      {
        actual: -1,
+       expected: -0,
-       expected: 0,
        i: 43,
        j: 43,
        name: 'rootOrder',
        phase: 0,
+       prec: undefined,
        type: 'pair'
      },
      {
        actual: -1,
        expected: 0,
        i: 44,
+       j: undefined,
        name: 'copyRootOrder',
        phase: 0,
+       prec: undefined,
        type: 'unary'
      },
      {
        actual: 0,
        expected: 1,
        i: 44,
+       j: undefined,
        name: 'exact-dyadic-imag',
        phase: 0,
        prec: 32,
        type: 'enclosure'
      },
...
        i: 44,
+       j: undefined,
        name: 'exact-dyadic-imag',
        phase: 0,
        prec: 128,
        type: 'enclosure'
      },
...
        i: 44,
+       j: undefined,
        name: 'exact-dyadic-imag',
        phase: 0,
        prec: 512,
        type: 'enclosure'
      },
      {
        actual: -1,
+       expected: -0,
-       expected: 0,
        i: 44,
        j: 44,
        name: 'rootOrder',
        phase: 0,
+       prec: undefined,
        type: 'pair'
      },
      {
        actual: 1,
        expected: 0,
        i: 46,
+       j: undefined,
        name: 'copyRootOrder',
        phase: 0,
+       prec: undefined,
        type: 'unary'
      },
      {
        actual: 0,
        expected: 1,
        i: 46,
+       j: undefined,
        name: 'exact-dyadic-imag',
        phase: 0,
        prec: 32,
        type: 'enclosure'
      },
...
        i: 46,
+       j: undefined,
        name: 'exact-dyadic-imag',
        phase: 0,
        prec: 128,
        type: 'enclosure'
      },
...
        i: 46,
+       j: undefined,
        name: 'exact-dyadic-imag',
        phase: 0,
        prec: 512,
        type: 'enclosure'
      },
      {
        actual: 1,
+       expected: -0,
-       expected: 0,
        i: 46,
        j: 46,
        name: 'rootOrder',
        phase: 0,
+       prec: undefined,
        type: 'pair'
      },
      {
        actual: 1,
        expected: 0,
        i: 47,
+       j: undefined,
        name: 'copyRootOrder',
        phase: 0,
+       prec: undefined,
        type: 'unary'
      },
      {
        actual: 1,
+       expected: -0,
-       expected: 0,
        i: 47,
        j: 47,
        name: 'rootOrder',
        phase: 0,
+       prec: undefined,
        type: 'pair'
      },
      {
        actual: 1,
        expected: 0,
        i: 48,
+       j: undefined,
        name: 'copyRootOrder',
        phase: 0,
+       prec: undefined,
        type: 'unary'
      },
      {
        actual: 1,
+       expected: -0,
-       expected: 0,
        i: 48,
        j: 48,
        name: 'rootOrder',
        phase: 0,
+       prec: undefined,
        type: 'pair'
      },
      {
        actual: -1,
        expected: 0,
        i: 0,
+       j: undefined,
        name: 'copyRootOrder',
        phase: 1,
+       prec: undefined,
        type: 'unary'
      },
      {
        actual: -1,
+       expected: -0,
-       expected: 0,
        i: 0,
        j: 0,
        name: 'rootOrder',
        phase: 1,
+       prec: undefined,
        type: 'pair'
      },
      {
        actual: -1,
        expected: 0,
        i: 1,
+       j: undefined,
        name: 'copyRootOrder',
        phase: 1,
+       prec: undefined,
        type: 'unary'
      },
      {
        actual: -1,
+       expected: -0,
-       expected: 0,
        i: 1,
        j: 1,
        name: 'rootOrder',
        phase: 1,
+       prec: undefined,
        type: 'pair'
      },
      {
        actual: -1,
        expected: 0,
        i: 2,
+       j: undefined,
        name: 'copyRootOrder',
        phase: 1,
+       prec: undefined,
        type: 'unary'
      },
      {
        actual: 0,
        expected: 1,
        i: 2,
+       j: undefined,
        name: 'exact-dyadic-imag',
        phase: 1,
        prec: 32,
        type: 'enclosure'
      },
...
        i: 2,
+       j: undefined,
        name: 'exact-dyadic-imag',
        phase: 1,
        prec: 128,
        type: 'enclosure'
      },
...
        i: 2,
+       j: undefined,
        name: 'exact-dyadic-imag',
        phase: 1,
        prec: 512,
        type: 'enclosure'
      },
      {
        actual: -1,
+       expected: -0,
-       expected: 0,
        i: 2,
        j: 2,
        name: 'rootOrder',
        phase: 1,
+       prec: undefined,
        type: 'pair'
      },
      {
        actual: 1,
        expected: 0,
        i: 4,
+       j: undefined,
        name: 'copyRootOrder',
        phase: 1,
+       prec: undefined,
        type: 'unary'
      },
      {
        actual: 0,
        expected: 1,
        i: 4,
+       j: undefined,
        name: 'exact-dyadic-imag',
        phase: 1,
        prec: 32,
        type: 'enclosure'
      },
...
        i: 4,
+       j: undefined,
        name: 'exact-dyadic-imag',
        phase: 1,
        prec: 128,
        type: 'enclosure'
      },
...
        i: 4,
+       j: undefined,
        name: 'exact-dyadic-imag',
        phase: 1,
        prec: 512,
        type: 'enclosure'
      },
      {
        actual: 1,
+       expected: -0,
-       expected: 0,
        i: 4,
        j: 4,
        name: 'rootOrder',
        phase: 1,
+       prec: undefined,
        type: 'pair'
      },
      {
        actual: 1,
        expected: 0,
        i: 5,
+       j: undefined,
        name: 'copyRootOrder',
        phase: 1,
+       prec: undefined,
        type: 'unary'
      },
      {
        actual: 1,
+       expected: -0,
-       expected: 0,
        i: 5,
        j: 5,
        name: 'rootOrder',
        phase: 1,
+       prec: undefined,
        type: 'pair'
      },
      {
        actual: 1,
        expected: 0,
        i: 6,
+       j: undefined,
        name: 'copyRootOrder',
        phase: 1,
+       prec: undefined,
        type: 'unary'
      },
      {
        actual: 1,
+       expected: -0,
-       expected: 0,
        i: 6,
        j: 6,
        name: 'rootOrder',
        phase: 1,
+       prec: undefined,
        type: 'pair'
      },
      {
        actual: -1,
        expected: 0,
        i: 7,
+       j: undefined,
        name: 'copyRootOrder',
        phase: 1,
+       prec: undefined,
        type: 'unary'
      },
      {
        actual: -1,
+       expected: -0,
-       expected: 0,
        i: 7,
        j: 7,
        name: 'rootOrder',
        phase: 1,
+       prec: undefined,
        type: 'pair'
      },
      {
        actual: -1,
        expected: 0,
        i: 8,
+       j: undefined,
        name: 'copyRootOrder',
        phase: 1,
+       prec: undefined,
        type: 'unary'
      },
      {
        actual: -1,
+       expected: -0,
-       expected: 0,
        i: 8,
        j: 8,
        name: 'rootOrder',
        phase: 1,
+       prec: undefined,
        type: 'pair'
      },
      {
        actual: -1,
        expected: 0,
        i: 9,
+       j: undefined,
        name: 'copyRootOrder',
        phase: 1,
+       prec: undefined,
        type: 'unary'
      },
      {
        actual: 0,
        expected: 1,
        i: 9,
+       j: undefined,
        name: 'exact-dyadic-imag',
        phase: 1,
        prec: 32,
        type: 'enclosure'
      },
...
        i: 9,
+       j: undefined,
        name: 'exact-dyadic-imag',
        phase: 1,
        prec: 128,
        type: 'enclosure'
      },
...
        i: 9,
+       j: undefined,
        name: 'exact-dyadic-imag',
        phase: 1,
        prec: 512,
        type: 'enclosure'
      },
      {
        actual: -1,
+       expected: -0,
-       expected: 0,
        i: 9,
        j: 9,
        name: 'rootOrder',
        phase: 1,
+       prec: undefined,
        type: 'pair'
      },
      {
        actual: 1,
        expected: 0,
        i: 11,
+       j: undefined,
        name: 'copyRootOrder',
        phase: 1,
+       prec: undefined,
        type: 'unary'
      },
      {
        actual: 0,
        expected: 1,
        i: 11,
+       j: undefined,
        name: 'exact-dyadic-imag',
        phase: 1,
        prec: 32,
        type: 'enclosure'
      },
...
        i: 11,
+       j: undefined,
        name: 'exact-dyadic-imag',
        phase: 1,
        prec: 128,
        type: 'enclosure'
      },
...
        i: 11,
+       j: undefined,
        name: 'exact-dyadic-imag',
        phase: 1,
        prec: 512,
        type: 'enclosure'
      },
      {
        actual: 1,
+       expected: -0,
-       expected: 0,
        i: 11,
        j: 11,
        name: 'rootOrder',
        phase: 1,
+       prec: undefined,
        type: 'pair'
      },
      {
        actual: 1,
        expected: 0,
        i: 12,
+       j: undefined,
        name: 'copyRootOrder',
        phase: 1,
+       prec: undefined,
        type: 'unary'
      },
      {
        actual: 1,
+       expected: -0,
-       expected: 0,
        i: 12,
        j: 12,
        name: 'rootOrder',
        phase: 1,
+       prec: undefined,
        type: 'pair'
      },
      {
        actual: 1,
        expected: 0,
        i: 13,
+       j: undefined,
        name: 'copyRootOrder',
        phase: 1,
+       prec: undefined,
        type: 'unary'
      },
      {
        actual: 1,
+       expected: -0,
-       expected: 0,
        i: 13,
        j: 13,
        name: 'rootOrder',
        phase: 1,
+       prec: undefined,
        type: 'pair'
      },
      {
        actual: -1,
        expected: 0,
        i: 14,
+       j: undefined,
        name: 'copyRootOrder',
        phase: 1,
+       prec: undefined,
        type: 'unary'
      },
      {
        actual: 0,
        expected: 1,
        i: 14,
+       j: undefined,
        name: 'exact-dyadic-real',
        phase: 1,
        prec: 32,
        type: 'enclosure'
      },
...
        i: 14,
+       j: undefined,
        name: 'exact-dyadic-real',
        phase: 1,
        prec: 128,
        type: 'enclosure'
      },
...
        i: 14,
+       j: undefined,
        name: 'exact-dyadic-real',
        phase: 1,
        prec: 512,
        type: 'enclosure'
      },
      {
        actual: -1,
+       expected: -0,
-       expected: 0,
        i: 14,
        j: 14,
        name: 'rootOrder',
        phase: 1,
+       prec: undefined,
        type: 'pair'
      },
      {
        actual: -1,
        expected: 0,
        i: 15,
+       j: undefined,
        name: 'copyRootOrder',
        phase: 1,
+       prec: undefined,
        type: 'unary'
      },
      {
        actual: 0,
        expected: 1,
        i: 15,
+       j: undefined,
        name: 'exact-dyadic-real',
        phase: 1,
        prec: 32,
        type: 'enclosure'
      },
...
        i: 15,
+       j: undefined,
        name: 'exact-dyadic-real',
        phase: 1,
        prec: 128,
        type: 'enclosure'
      },
...
        i: 15,
+       j: undefined,
        name: 'exact-dyadic-real',
        phase: 1,
        prec: 512,
        type: 'enclosure'
      },
      {
        actual: -1,
+       expected: -0,
-       expected: 0,
        i: 15,
        j: 15,
        name: 'rootOrder',
        phase: 1,
+       prec: undefined,
        type: 'pair'
      },
      {
        actual: -1,
        expected: 0,
        i: 16,
+       j: undefined,
        name: 'copyRootOrder',
        phase: 1,
+       prec: undefined,
        type: 'unary'
      },
      {
        actual: -1,
+       expected: -0,
-       expected: 0,
        i: 16,
        j: 16,
        name: 'rootOrder',
        phase: 1,
+       prec: undefined,
        type: 'pair'
      },
      {
        actual: 1,
        expected: 0,
        i: 18,
+       j: undefined,
        name: 'copyRootOrder',
        phase: 1,
+       prec: undefined,
        type: 'unary'
      },
      {
        actual: 1,
+       expected: -0,
-       expected: 0,
        i: 18,
        j: 18,
        name: 'rootOrder',
        phase: 1,
+       prec: undefined,
        type: 'pair'
      },
      {
        actual: 1,
        expected: 0,
        i: 19,
+       j: undefined,
        name: 'copyRootOrder',
        phase: 1,
+       prec: undefined,
        type: 'unary'
      },
      {
        actual: 0,
        expected: 1,
        i: 19,
+       j: undefined,
        name: 'exact-dyadic-real',
        phase: 1,
        prec: 32,
        type: 'enclosure'
      },
...
        i: 19,
+       j: undefined,
        name: 'exact-dyadic-real',
        phase: 1,
        prec: 128,
        type: 'enclosure'
      },
...
        i: 19,
+       j: undefined,
        name: 'exact-dyadic-real',
        phase: 1,
        prec: 512,
        type: 'enclosure'
      },
      {
        actual: 1,
+       expected: -0,
-       expected: 0,
        i: 19,
        j: 19,
        name: 'rootOrder',
        phase: 1,
+       prec: undefined,
        type: 'pair'
      },
      {
        actual: 1,
        expected: 0,
        i: 20,
+       j: undefined,
        name: 'copyRootOrder',
        phase: 1,
+       prec: undefined,
        type: 'unary'
      },
      {
        actual: 0,
        expected: 1,
        i: 20,
+       j: undefined,
        name: 'exact-dyadic-real',
        phase: 1,
        prec: 32,
        type: 'enclosure'
      },
...
        i: 20,
+       j: undefined,
        name: 'exact-dyadic-real',
        phase: 1,
        prec: 128,
        type: 'enclosure'
      },
...
        i: 20,
+       j: undefined,
        name: 'exact-dyadic-real',
        phase: 1,
        prec: 512,
        type: 'enclosure'
      },
      {
        actual: 1,
+       expected: -0,
-       expected: 0,
        i: 20,
        j: 20,
        name: 'rootOrder',
        phase: 1,
+       prec: undefined,
        type: 'pair'
      },
      {
        actual: -1,
        expected: 0,
        i: 21,
+       j: undefined,
        name: 'copyRootOrder',
        phase: 1,
+       prec: undefined,
        type: 'unary'
      },
      {
        actual: -1,
+       expected: -0,
-       expected: 0,
        i: 21,
        j: 21,
        name: 'rootOrder',
        phase: 1,
+       prec: undefined,
        type: 'pair'
      },
      {
        actual: -1,
        expected: 0,
        i: 22,
+       j: undefined,
        name: 'copyRootOrder',
        phase: 1,
+       prec: undefined,
        type: 'unary'
      },
      {
        actual: -1,
+       expected: -0,
-       expected: 0,
        i: 22,
        j: 22,
        name: 'rootOrder',
        phase: 1,
+       prec: undefined,
        type: 'pair'
      },
      {
        actual: -1,
        expected: 0,
        i: 23,
+       j: undefined,
        name: 'copyRootOrder',
        phase: 1,
+       prec: undefined,
        type: 'unary'
      },
      {
        actual: -1,
+       expected: -0,
-       expected: 0,
        i: 23,
        j: 23,
        name: 'rootOrder',
        phase: 1,
+       prec: undefined,
        type: 'pair'
      },
      {
        actual: 1,
        expected: 0,
        i: 25,
+       j: undefined,
        name: 'copyRootOrder',
        phase: 1,
+       prec: undefined,
        type: 'unary'
      },
      {
        actual: 1,
+       expected: -0,
-       expected: 0,
        i: 25,
        j: 25,
        name: 'rootOrder',
        phase: 1,
+       prec: undefined,
        type: 'pair'
      },
      {
        actual: 1,
        expected: 0,
        i: 26,
+       j: undefined,
        name: 'copyRootOrder',
        phase: 1,
+       prec: undefined,
        type: 'unary'
      },
      {
        actual: 1,
+       expected: -0,
-       expected: 0,
        i: 26,
        j: 26,
        name: 'rootOrder',
        phase: 1,
+       prec: undefined,
        type: 'pair'
      },
      {
        actual: 1,
        expected: 0,
        i: 27,
+       j: undefined,
        name: 'copyRootOrder',
        phase: 1,
+       prec: undefined,
        type: 'unary'
      },
      {
        actual: 1,
+       expected: -0,
-       expected: 0,
        i: 27,
        j: 27,
        name: 'rootOrder',
        phase: 1,
+       prec: undefined,
        type: 'pair'
      },
      {
        actual: -1,
        expected: 0,
        i: 28,
+       j: undefined,
        name: 'copyRootOrder',
        phase: 1,
+       prec: undefined,
        type: 'unary'
      },
      {
        actual: 0,
        expected: 1,
        i: 28,
+       j: undefined,
        name: 'exact-dyadic-real',
        phase: 1,
        prec: 32,
        type: 'enclosure'
      },
...
        i: 28,
+       j: undefined,
        name: 'exact-dyadic-real',
        phase: 1,
        prec: 128,
        type: 'enclosure'
      },
...
        i: 28,
+       j: undefined,
        name: 'exact-dyadic-real',
        phase: 1,
        prec: 512,
        type: 'enclosure'
      },
      {
        actual: -1,
+       expected: -0,
-       expected: 0,
        i: 28,
        j: 28,
        name: 'rootOrder',
        phase: 1,
+       prec: undefined,
        type: 'pair'
      },
      {
        actual: -1,
        expected: 0,
        i: 29,
+       j: undefined,
        name: 'copyRootOrder',
        phase: 1,
+       prec: undefined,
        type: 'unary'
      },
      {
        actual: 0,
        expected: 1,
        i: 29,
+       j: undefined,
        name: 'exact-dyadic-real',
        phase: 1,
        prec: 32,
        type: 'enclosure'
      },
...
        i: 29,
+       j: undefined,
        name: 'exact-dyadic-real',
        phase: 1,
        prec: 128,
        type: 'enclosure'
      },
...
        i: 29,
+       j: undefined,
        name: 'exact-dyadic-real',
        phase: 1,
        prec: 512,
        type: 'enclosure'
      },
      {
        actual: -1,
+       expected: -0,
-       expected: 0,
        i: 29,
        j: 29,
        name: 'rootOrder',
        phase: 1,
+       prec: undefined,
        type: 'pair'
      },
      {
        actual: -1,
        expected: 0,
        i: 30,
+       j: undefined,
        name: 'copyRootOrder',
        phase: 1,
+       prec: undefined,
        type: 'unary'
      },
      {
        actual: -1,
+       expected: -0,
-       expected: 0,
        i: 30,
        j: 30,
        name: 'rootOrder',
        phase: 1,
+       prec: undefined,
        type: 'pair'
      },
      {
        actual: 1,
        expected: 0,
        i: 32,
+       j: undefined,
        name: 'copyRootOrder',
        phase: 1,
+       prec: undefined,
        type: 'unary'
      },
      {
        actual: 1,
+       expected: -0,
-       expected: 0,
        i: 32,
        j: 32,
        name: 'rootOrder',
        phase: 1,
+       prec: undefined,
        type: 'pair'
      },
      {
        actual: 1,
        expected: 0,
        i: 33,
+       j: undefined,
        name: 'copyRootOrder',
        phase: 1,
+       prec: undefined,
        type: 'unary'
      },
      {
        actual: 0,
        expected: 1,
        i: 33,
+       j: undefined,
        name: 'exact-dyadic-real',
        phase: 1,
        prec: 32,
        type: 'enclosure'
      },
...
        i: 33,
+       j: undefined,
        name: 'exact-dyadic-real',
        phase: 1,
        prec: 128,
        type: 'enclosure'
      },
...
        i: 33,
+       j: undefined,
        name: 'exact-dyadic-real',
        phase: 1,
        prec: 512,
        type: 'enclosure'
      },
      {
        actual: 1,
+       expected: -0,
-       expected: 0,
        i: 33,
        j: 33,
        name: 'rootOrder',
        phase: 1,
+       prec: undefined,
        type: 'pair'
      },
      {
        actual: 1,
        expected: 0,
        i: 34,
+       j: undefined,
        name: 'copyRootOrder',
        phase: 1,
+       prec: undefined,
        type: 'unary'
      },
      {
        actual: 0,
        expected: 1,
        i: 34,
+       j: undefined,
        name: 'exact-dyadic-real',
        phase: 1,
        prec: 32,
        type: 'enclosure'
      },
...
        i: 34,
+       j: undefined,
        name: 'exact-dyadic-real',
        phase: 1,
        prec: 128,
        type: 'enclosure'
      },
...
        i: 34,
+       j: undefined,
        name: 'exact-dyadic-real',
        phase: 1,
        prec: 512,
        type: 'enclosure'
      },
      {
        actual: 1,
+       expected: -0,
-       expected: 0,
        i: 34,
        j: 34,
        name: 'rootOrder',
        phase: 1,
+       prec: undefined,
        type: 'pair'
      },
      {
        actual: -1,
        expected: 0,
        i: 35,
+       j: undefined,
        name: 'copyRootOrder',
        phase: 1,
+       prec: undefined,
        type: 'unary'
      },
      {
        actual: -1,
+       expected: -0,
-       expected: 0,
        i: 35,
        j: 35,
        name: 'rootOrder',
        phase: 1,
+       prec: undefined,
        type: 'pair'
      },
      {
        actual: -1,
        expected: 0,
        i: 36,
+       j: undefined,
        name: 'copyRootOrder',
        phase: 1,
+       prec: undefined,
        type: 'unary'
      },
      {
        actual: -1,
+       expected: -0,
-       expected: 0,
        i: 36,
        j: 36,
        name: 'rootOrder',
        phase: 1,
+       prec: undefined,
        type: 'pair'
      },
      {
        actual: -1,
        expected: 0,
        i: 37,
+       j: undefined,
        name: 'copyRootOrder',
        phase: 1,
+       prec: undefined,
        type: 'unary'
      },
      {
        actual: 0,
        expected: 1,
        i: 37,
+       j: undefined,
        name: 'exact-dyadic-imag',
        phase: 1,
        prec: 32,
        type: 'enclosure'
      },
...
        i: 37,
+       j: undefined,
        name: 'exact-dyadic-imag',
        phase: 1,
        prec: 128,
        type: 'enclosure'
      },
...
        i: 37,
+       j: undefined,
        name: 'exact-dyadic-imag',
        phase: 1,
        prec: 512,
        type: 'enclosure'
      },
      {
        actual: -1,
+       expected: -0,
-       expected: 0,
        i: 37,
        j: 37,
        name: 'rootOrder',
        phase: 1,
+       prec: undefined,
        type: 'pair'
      },
      {
        actual: 1,
        expected: 0,
        i: 39,
+       j: undefined,
        name: 'copyRootOrder',
        phase: 1,
+       prec: undefined,
        type: 'unary'
      },
      {
        actual: 0,
        expected: 1,
        i: 39,
+       j: undefined,
        name: 'exact-dyadic-imag',
        phase: 1,
        prec: 32,
        type: 'enclosure'
      },
...
        i: 39,
+       j: undefined,
        name: 'exact-dyadic-imag',
        phase: 1,
        prec: 128,
        type: 'enclosure'
      },
...
        i: 39,
+       j: undefined,
        name: 'exact-dyadic-imag',
        phase: 1,
        prec: 512,
        type: 'enclosure'
      },
      {
        actual: 1,
+       expected: -0,
-       expected: 0,
        i: 39,
        j: 39,
        name: 'rootOrder',
        phase: 1,
+       prec: undefined,
        type: 'pair'
      },
      {
        actual: 1,
        expected: 0,
        i: 40,
+       j: undefined,
        name: 'copyRootOrder',
        phase: 1,
+       prec: undefined,
        type: 'unary'
      },
      {
        actual: 1,
+       expected: -0,
-       expected: 0,
        i: 40,
        j: 40,
        name: 'rootOrder',
        phase: 1,
+       prec: undefined,
        type: 'pair'
      },
      {
        actual: 1,
        expected: 0,
        i: 41,
+       j: undefined,
        name: 'copyRootOrder',
        phase: 1,
+       prec: undefined,
        type: 'unary'
      },
      {
        actual: 1,
+       expected: -0,
-       expected: 0,
        i: 41,
        j: 41,
        name: 'rootOrder',
        phase: 1,
+       prec: undefined,
        type: 'pair'
      },
      {
        actual: -1,
        expected: 0,
        i: 42,
+       j: undefined,
        name: 'copyRootOrder',
        phase: 1,
+       prec: undefined,
        type: 'unary'
      },
      {
        actual: -1,
+       expected: -0,
-       expected: 0,
        i: 42,
        j: 42,
        name: 'rootOrder',
        phase: 1,
+       prec: undefined,
        type: 'pair'
      },
      {
        actual: -1,
        expected: 0,
        i: 43,
+       j: undefined,
        name: 'copyRootOrder',
        phase: 1,
+       prec: undefined,
        type: 'unary'
      },
      {
        actual: -1,
+       expected: -0,
-       expected: 0,
        i: 43,
        j: 43,
        name: 'rootOrder',
        phase: 1,
+       prec: undefined,
        type: 'pair'
      },
      {
        actual: -1,
        expected: 0,
        i: 44,
+       j: undefined,
        name: 'copyRootOrder',
        phase: 1,
+       prec: undefined,
        type: 'unary'
      },
      {
        actual: 0,
        expected: 1,
        i: 44,
+       j: undefined,
        name: 'exact-dyadic-imag',
        phase: 1,
        prec: 32,
        type: 'enclosure'
      },
...
        i: 44,
+       j: undefined,
        name: 'exact-dyadic-imag',
        phase: 1,
        prec: 128,
        type: 'enclosure'
      },
...
        i: 44,
+       j: undefined,
        name: 'exact-dyadic-imag',
        phase: 1,
        prec: 512,
        type: 'enclosure'
      },
      {
        actual: -1,
+       expected: -0,
-       expected: 0,
        i: 44,
        j: 44,
        name: 'rootOrder',
        phase: 1,
+       prec: undefined,
        type: 'pair'
      },
      {
        actual: 1,
        expected: 0,
        i: 46,
+       j: undefined,
        name: 'copyRootOrder',
        phase: 1,
+       prec: undefined,
        type: 'unary'
      },
      {
        actual: 0,
        expected: 1,
        i: 46,
+       j: undefined,
        name: 'exact-dyadic-imag',
        phase: 1,
        prec: 32,
        type: 'enclosure'
      },
...
        i: 46,
+       j: undefined,
        name: 'exact-dyadic-imag',
        phase: 1,
        prec: 128,
        type: 'enclosure'
      },
...
        i: 46,
+       j: undefined,
        name: 'exact-dyadic-imag',
        phase: 1,
        prec: 512,
        type: 'enclosure'
      },
      {
        actual: 1,
+       expected: -0,
-       expected: 0,
        i: 46,
        j: 46,
        name: 'rootOrder',
        phase: 1,
+       prec: undefined,
        type: 'pair'
      },
      {
        actual: 1,
        expected: 0,
        i: 47,
+       j: undefined,
        name: 'copyRootOrder',
        phase: 1,
+       prec: undefined,
        type: 'unary'
      },
      {
        actual: 1,
+       expected: -0,
-       expected: 0,
        i: 47,
        j: 47,
        name: 'rootOrder',
        phase: 1,
+       prec: undefined,
        type: 'pair'
      },
      {
        actual: 1,
        expected: 0,
        i: 48,
+       j: undefined,
        name: 'copyRootOrder',
        phase: 1,
+       prec: undefined,
        type: 'unary'
      },
      {
        actual: 1,
+       expected: -0,
-       expected: 0,
        i: 48,
        j: 48,
        name: 'rootOrder',
        phase: 1,
+       prec: undefined,
        type: 'pair'
      }
    ],
    kind: 'independent-signed-square-root-coordinate-oracle',
    limits: '49 degree-at-most-four valid values, two cache states, all ordered pairs, three enclosure precisions. Exact BigInt endpoint tests and independent order formulas. No general root isolation/LLL, archive execution, malformed input, benchmark or universal memory claim.',

    at file:///home/tim/Documents/GitHub/workspace/exactcore-hyper-comparison/audits/continuation/calcium/record-qqbar-decisions.mjs:69:8
    at ModuleJob.run (node:internal/modules/esm/module_job:343:25)
    at async onImport.tracePromise.__proto__ (node:internal/modules/esm/loader:665:26)
    at async asyncRunEntryPointWithESMLoader (node:internal/modules/run_main:117:5) {
  generatedMessage: true,
  code: 'ERR_ASSERTION',
  actual: {
    kind: 'independent-signed-square-root-coordinate-oracle',
    status: 'mathematical-contract-fail',
    counts: {
      unary: 98,
      pair: 4802,
      enclosure: 294,
      preserved: 98,
      terminal: 1
    },
    checks: {
      signRe: 98,
      signIm: 98,
      complexSign: 98,
      copyEqual: 98,
      copyRootOrder: 98,
      copyHashEqual: 98,
      'contains-real': 294,
      'accuracy-real': 294,
      'contains-imag': 294,
      'accuracy-imag': 294,
      equal: 4802,
      compareRe: 4802,
      compareIm: 4802,
      compareAbsRe: 4802,
      compareAbsIm: 4802,
      compareAbs: 4802,
      rootOrder: 4802,
      'exact-dyadic-imag': 126,
      'exact-dyadic-real': 126,
      preservedPolynomial: 98,
      preservedEnclosure: 98
    },
    totalChecks: 35826,
    failedByCheck: {
      copyRootOrder: 84,
      rootOrder: 84,
      'exact-dyadic-imag': 48,
      'exact-dyadic-real': 48
    },
    failures: [
      {
        type: 'unary',
        phase: 0,
        i: 0,
        j: undefined,
        prec: undefined,
        name: 'copyRootOrder',
        actual: -1,
        expected: 0
      },
      {
        type: 'pair',
        phase: 0,
        i: 0,
        j: 0,
        prec: undefined,
        name: 'rootOrder',
        actual: -1,
        expected: -0
      },
      {
        type: 'unary',
        phase: 0,
        i: 1,
        j: undefined,
        prec: undefined,
        name: 'copyRootOrder',
        actual: -1,
        expected: 0
      },
      {
        type: 'pair',
        phase: 0,
        i: 1,
        j: 1,
        prec: undefined,
        name: 'rootOrder',
        actual: -1,
        expected: -0
      },
      {
        type: 'unary',
        phase: 0,
        i: 2,
        j: undefined,
        prec: undefined,
        name: 'copyRootOrder',
        actual: -1,
        expected: 0
      },
      {
        type: 'enclosure',
        phase: 0,
        i: 2,
        j: undefined,
        prec: 32,
        name: 'exact-dyadic-imag',
        actual: 0,
        expected: 1
      },
      {
        type: 'enclosure',
        phase: 0,
        i: 2,
        j: undefined,
        prec: 128,
        name: 'exact-dyadic-imag',
        actual: 0,
        expected: 1
      },
      {
        type: 'enclosure',
        phase: 0,
        i: 2,
        j: undefined,
        prec: 512,
        name: 'exact-dyadic-imag',
        actual: 0,
        expected: 1
      },
      {
        type: 'pair',
        phase: 0,
        i: 2,
        j: 2,
        prec: undefined,
        name: 'rootOrder',
        actual: -1,
        expected: -0
      },
      {
        type: 'unary',
        phase: 0,
        i: 4,
        j: undefined,
        prec: undefined,
        name: 'copyRootOrder',
        actual: 1,
        expected: 0
      },
      {
        type: 'enclosure',
        phase: 0,
        i: 4,
        j: undefined,
        prec: 32,
        name: 'exact-dyadic-imag',
        actual: 0,
        expected: 1
      },
      {
        type: 'enclosure',
        phase: 0,
        i: 4,
        j: undefined,
        prec: 128,
        name: 'exact-dyadic-imag',
        actual: 0,
        expected: 1
      },
      {
        type: 'enclosure',
        phase: 0,
        i: 4,
        j: undefined,
        prec: 512,
        name: 'exact-dyadic-imag',
        actual: 0,
        expected: 1
      },
      {
        type: 'pair',
        phase: 0,
        i: 4,
        j: 4,
        prec: undefined,
        name: 'rootOrder',
        actual: 1,
        expected: -0
      },
      {
        type: 'unary',
        phase: 0,
        i: 5,
        j: undefined,
        prec: undefined,
        name: 'copyRootOrder',
        actual: 1,
        expected: 0
      },
      {
        type: 'pair',
        phase: 0,
        i: 5,
        j: 5,
        prec: undefined,
        name: 'rootOrder',
        actual: 1,
        expected: -0
      },
      {
        type: 'unary',
        phase: 0,
        i: 6,
        j: undefined,
        prec: undefined,
        name: 'copyRootOrder',
        actual: 1,
        expected: 0
      },
      {
        type: 'pair',
        phase: 0,
        i: 6,
        j: 6,
        prec: undefined,
        name: 'rootOrder',
        actual: 1,
        expected: -0
      },
      {
        type: 'unary',
        phase: 0,
        i: 7,
        j: undefined,
        prec: undefined,
        name: 'copyRootOrder',
        actual: -1,
        expected: 0
      },
      {
        type: 'pair',
        phase: 0,
        i: 7,
        j: 7,
        prec: undefined,
        name: 'rootOrder',
        actual: -1,
        expected: -0
      },
      {
        type: 'unary',
        phase: 0,
        i: 8,
        j: undefined,
        prec: undefined,
        name: 'copyRootOrder',
        actual: -1,
        expected: 0
      },
      {
        type: 'pair',
        phase: 0,
        i: 8,
        j: 8,
        prec: undefined,
        name: 'rootOrder',
        actual: -1,
        expected: -0
      },
      {
        type: 'unary',
        phase: 0,
        i: 9,
        j: undefined,
        prec: undefined,
        name: 'copyRootOrder',
        actual: -1,
        expected: 0
      },
      {
        type: 'enclosure',
        phase: 0,
        i: 9,
        j: undefined,
        prec: 32,
        name: 'exact-dyadic-imag',
        actual: 0,
        expected: 1
      },
      {
        type: 'enclosure',
        phase: 0,
        i: 9,
        j: undefined,
        prec: 128,
        name: 'exact-dyadic-imag',
        actual: 0,
        expected: 1
      },
      {
        type: 'enclosure',
        phase: 0,
        i: 9,
        j: undefined,
        prec: 512,
        name: 'exact-dyadic-imag',
        actual: 0,
        expected: 1
      },
      {
        type: 'pair',
        phase: 0,
        i: 9,
        j: 9,
        prec: undefined,
        name: 'rootOrder',
        actual: -1,
        expected: -0
      },
      {
        type: 'unary',
        phase: 0,
        i: 11,
        j: undefined,
        prec: undefined,
        name: 'copyRootOrder',
        actual: 1,
        expected: 0
      },
      {
        type: 'enclosure',
        phase: 0,
        i: 11,
        j: undefined,
        prec: 32,
        name: 'exact-dyadic-imag',
        actual: 0,
        expected: 1
      },
      {
        type: 'enclosure',
        phase: 0,
        i: 11,
        j: undefined,
        prec: 128,
        name: 'exact-dyadic-imag',
        actual: 0,
        expected: 1
      },
      {
        type: 'enclosure',
        phase: 0,
        i: 11,
        j: undefined,
        prec: 512,
        name: 'exact-dyadic-imag',
        actual: 0,
        expected: 1
      },
      {
        type: 'pair',
        phase: 0,
        i: 11,
        j: 11,
        prec: undefined,
        name: 'rootOrder',
        actual: 1,
        expected: -0
      },
      {
        type: 'unary',
        phase: 0,
        i: 12,
        j: undefined,
        prec: undefined,
        name: 'copyRootOrder',
        actual: 1,
        expected: 0
      },
      {
        type: 'pair',
        phase: 0,
        i: 12,
        j: 12,
        prec: undefined,
        name: 'rootOrder',
        actual: 1,
        expected: -0
      },
      {
        type: 'unary',
        phase: 0,
        i: 13,
        j: undefined,
        prec: undefined,
        name: 'copyRootOrder',
        actual: 1,
        expected: 0
      },
      {
        type: 'pair',
        phase: 0,
        i: 13,
        j: 13,
        prec: undefined,
        name: 'rootOrder',
        actual: 1,
        expected: -0
      },
      {
        type: 'unary',
        phase: 0,
        i: 14,
        j: undefined,
        prec: undefined,
        name: 'copyRootOrder',
        actual: -1,
        expected: 0
      },
      {
        type: 'enclosure',
        phase: 0,
        i: 14,
        j: undefined,
        prec: 32,
        name: 'exact-dyadic-real',
        actual: 0,
        expected: 1
      },
      {
        type: 'enclosure',
        phase: 0,
        i: 14,
        j: undefined,
        prec: 128,
        name: 'exact-dyadic-real',
        actual: 0,
        expected: 1
      },
      {
        type: 'enclosure',
        phase: 0,
        i: 14,
        j: undefined,
        prec: 512,
        name: 'exact-dyadic-real',
        actual: 0,
        expected: 1
      },
      {
        type: 'pair',
        phase: 0,
        i: 14,
        j: 14,
        prec: undefined,
        name: 'rootOrder',
        actual: -1,
        expected: -0
      },
      {
        type: 'unary',
        phase: 0,
        i: 15,
        j: undefined,
        prec: undefined,
        name: 'copyRootOrder',
        actual: -1,
        expected: 0
      },
      {
        type: 'enclosure',
        phase: 0,
        i: 15,
        j: undefined,
        prec: 32,
        name: 'exact-dyadic-real',
        actual: 0,
        expected: 1
      },
      {
        type: 'enclosure',
        phase: 0,
        i: 15,
        j: undefined,
        prec: 128,
        name: 'exact-dyadic-real',
        actual: 0,
        expected: 1
      },
      {
        type: 'enclosure',
        phase: 0,
        i: 15,
        j: undefined,
        prec: 512,
        name: 'exact-dyadic-real',
        actual: 0,
        expected: 1
      },
      {
        type: 'pair',
        phase: 0,
        i: 15,
        j: 15,
        prec: undefined,
        name: 'rootOrder',
        actual: -1,
        expected: -0
      },
      {
        type: 'unary',
        phase: 0,
        i: 16,
        j: undefined,
        prec: undefined,
        name: 'copyRootOrder',
        actual: -1,
        expected: 0
      },
      {
        type: 'pair',
        phase: 0,
        i: 16,
        j: 16,
        prec: undefined,
        name: 'rootOrder',
        actual: -1,
        expected: -0
      },
      {
        type: 'unary',
        phase: 0,
        i: 18,
        j: undefined,
        prec: undefined,
        name: 'copyRootOrder',
        actual: 1,
        expected: 0
      },
      {
        type: 'pair',
        phase: 0,
        i: 18,
        j: 18,
        prec: undefined,
        name: 'rootOrder',
        actual: 1,
        expected: -0
      },
      {
        type: 'unary',
        phase: 0,
        i: 19,
        j: undefined,
        prec: undefined,
        name: 'copyRootOrder',
        actual: 1,
        expected: 0
      },
      {
        type: 'enclosure',
        phase: 0,
        i: 19,
        j: undefined,
        prec: 32,
        name: 'exact-dyadic-real',
        actual: 0,
        expected: 1
      },
      {
        type: 'enclosure',
        phase: 0,
        i: 19,
        j: undefined,
        prec: 128,
        name: 'exact-dyadic-real',
        actual: 0,
        expected: 1
      },
      {
        type: 'enclosure',
        phase: 0,
        i: 19,
        j: undefined,
        prec: 512,
        name: 'exact-dyadic-real',
        actual: 0,
        expected: 1
      },
      {
        type: 'pair',
        phase: 0,
        i: 19,
        j: 19,
        prec: undefined,
        name: 'rootOrder',
        actual: 1,
        expected: -0
      },
      {
        type: 'unary',
        phase: 0,
        i: 20,
        j: undefined,
        prec: undefined,
        name: 'copyRootOrder',
        actual: 1,
        expected: 0
      },
      {
        type: 'enclosure',
        phase: 0,
        i: 20,
        j: undefined,
        prec: 32,
        name: 'exact-dyadic-real',
        actual: 0,
        expected: 1
      },
      {
        type: 'enclosure',
        phase: 0,
        i: 20,
        j: undefined,
        prec: 128,
        name: 'exact-dyadic-real',
        actual: 0,
        expected: 1
      },
      {
        type: 'enclosure',
        phase: 0,
        i: 20,
        j: undefined,
        prec: 512,
        name: 'exact-dyadic-real',
        actual: 0,
        expected: 1
      },
      {
        type: 'pair',
        phase: 0,
        i: 20,
        j: 20,
        prec: undefined,
        name: 'rootOrder',
        actual: 1,
        expected: -0
      },
      {
        type: 'unary',
        phase: 0,
        i: 21,
        j: undefined,
        prec: undefined,
        name: 'copyRootOrder',
        actual: -1,
        expected: 0
      },
      {
        type: 'pair',
        phase: 0,
        i: 21,
        j: 21,
        prec: undefined,
        name: 'rootOrder',
        actual: -1,
        expected: -0
      },
      {
        type: 'unary',
        phase: 0,
        i: 22,
        j: undefined,
        prec: undefined,
        name: 'copyRootOrder',
        actual: -1,
        expected: 0
      },
      {
        type: 'pair',
        phase: 0,
        i: 22,
        j: 22,
        prec: undefined,
        name: 'rootOrder',
        actual: -1,
        expected: -0
      },
      {
        type: 'unary',
        phase: 0,
        i: 23,
        j: undefined,
        prec: undefined,
        name: 'copyRootOrder',
        actual: -1,
        expected: 0
      },
      {
        type: 'pair',
        phase: 0,
        i: 23,
        j: 23,
        prec: undefined,
        name: 'rootOrder',
        actual: -1,
        expected: -0
      },
      {
        type: 'unary',
        phase: 0,
        i: 25,
        j: undefined,
        prec: undefined,
        name: 'copyRootOrder',
        actual: 1,
        expected: 0
      },
      {
        type: 'pair',
        phase: 0,
        i: 25,
        j: 25,
        prec: undefined,
        name: 'rootOrder',
        actual: 1,
        expected: -0
      },
      {
        type: 'unary',
        phase: 0,
        i: 26,
        j: undefined,
        prec: undefined,
        name: 'copyRootOrder',
        actual: 1,
        expected: 0
      },
      {
        type: 'pair',
        phase: 0,
        i: 26,
        j: 26,
        prec: undefined,
        name: 'rootOrder',
        actual: 1,
        expected: -0
      },
      {
        type: 'unary',
        phase: 0,
        i: 27,
        j: undefined,
        prec: undefined,
        name: 'copyRootOrder',
        actual: 1,
        expected: 0
      },
      {
        type: 'pair',
        phase: 0,
        i: 27,
        j: 27,
        prec: undefined,
        name: 'rootOrder',
        actual: 1,
        expected: -0
      },
      {
        type: 'unary',
        phase: 0,
        i: 28,
        j: undefined,
        prec: undefined,
        name: 'copyRootOrder',
        actual: -1,
        expected: 0
      },
      {
        type: 'enclosure',
        phase: 0,
        i: 28,
        j: undefined,
        prec: 32,
        name: 'exact-dyadic-real',
        actual: 0,
        expected: 1
      },
      {
        type: 'enclosure',
        phase: 0,
        i: 28,
        j: undefined,
        prec: 128,
        name: 'exact-dyadic-real',
        actual: 0,
        expected: 1
      },
      {
        type: 'enclosure',
        phase: 0,
        i: 28,
        j: undefined,
        prec: 512,
        name: 'exact-dyadic-real',
        actual: 0,
        expected: 1
      },
      {
        type: 'pair',
        phase: 0,
        i: 28,
        j: 28,
        prec: undefined,
        name: 'rootOrder',
        actual: -1,
        expected: -0
      },
      {
        type: 'unary',
        phase: 0,
        i: 29,
        j: undefined,
        prec: undefined,
        name: 'copyRootOrder',
        actual: -1,
        expected: 0
      },
      {
        type: 'enclosure',
        phase: 0,
        i: 29,
        j: undefined,
        prec: 32,
        name: 'exact-dyadic-real',
        actual: 0,
        expected: 1
      },
      {
        type: 'enclosure',
        phase: 0,
        i: 29,
        j: undefined,
        prec: 128,
        name: 'exact-dyadic-real',
        actual: 0,
        expected: 1
      },
      {
        type: 'enclosure',
        phase: 0,
        i: 29,
        j: undefined,
        prec: 512,
        name: 'exact-dyadic-real',
        actual: 0,
        expected: 1
      },
      {
        type: 'pair',
        phase: 0,
        i: 29,
        j: 29,
        prec: undefined,
        name: 'rootOrder',
        actual: -1,
        expected: -0
      },
      {
        type: 'unary',
        phase: 0,
        i: 30,
        j: undefined,
        prec: undefined,
        name: 'copyRootOrder',
        actual: -1,
        expected: 0
      },
      {
        type: 'pair',
        phase: 0,
        i: 30,
        j: 30,
        prec: undefined,
        name: 'rootOrder',
        actual: -1,
        expected: -0
      },
      {
        type: 'unary',
        phase: 0,
        i: 32,
        j: undefined,
        prec: undefined,
        name: 'copyRootOrder',
        actual: 1,
        expected: 0
      },
      {
        type: 'pair',
        phase: 0,
        i: 32,
        j: 32,
        prec: undefined,
        name: 'rootOrder',
        actual: 1,
        expected: -0
      },
      {
        type: 'unary',
        phase: 0,
        i: 33,
        j: undefined,
        prec: undefined,
        name: 'copyRootOrder',
        actual: 1,
        expected: 0
      },
      {
        type: 'enclosure',
        phase: 0,
        i: 33,
        j: undefined,
        prec: 32,
        name: 'exact-dyadic-real',
        actual: 0,
        expected: 1
      },
      {
        type: 'enclosure',
        phase: 0,
        i: 33,
        j: undefined,
        prec: 128,
        name: 'exact-dyadic-real',
        actual: 0,
        expected: 1
      },
      {
        type: 'enclosure',
        phase: 0,
        i: 33,
        j: undefined,
        prec: 512,
        name: 'exact-dyadic-real',
        actual: 0,
        expected: 1
      },
      {
        type: 'pair',
        phase: 0,
        i: 33,
        j: 33,
        prec: undefined,
        name: 'rootOrder',
        actual: 1,
        expected: -0
      },
      {
        type: 'unary',
        phase: 0,
        i: 34,
        j: undefined,
        prec: undefined,
        name: 'copyRootOrder',
        actual: 1,
        expected: 0
      },
      {
        type: 'enclosure',
        phase: 0,
        i: 34,
        j: undefined,
        prec: 32,
        name: 'exact-dyadic-real',
        actual: 0,
        expected: 1
      },
      {
        type: 'enclosure',
        phase: 0,
        i: 34,
        j: undefined,
        prec: 128,
        name: 'exact-dyadic-real',
        actual: 0,
        expected: 1
      },
      {
        type: 'enclosure',
        phase: 0,
        i: 34,
        j: undefined,
        prec: 512,
        name: 'exact-dyadic-real',
        actual: 0,
        expected: 1
      },
      {
        type: 'pair',
        phase: 0,
        i: 34,
        j: 34,
        prec: undefined,
        name: 'rootOrder',
        actual: 1,
        expected: -0
      },
      {
        type: 'unary',
        phase: 0,
        i: 35,
        j: undefined,
        prec: undefined,
        name: 'copyRootOrder',
        actual: -1,
        expected: 0
      },
      {
        type: 'pair',
        phase: 0,
        i: 35,
        j: 35,
        prec: undefined,
        name: 'rootOrder',
        actual: -1,
        expected: -0
      },
      {
        type: 'unary',
        phase: 0,
        i: 36,
        j: undefined,
        prec: undefined,
        name: 'copyRootOrder',
        actual: -1,
        expected: 0
      },
      {
        type: 'pair',
        phase: 0,
        i: 36,
        j: 36,
        prec: undefined,
        name: 'rootOrder',
        actual: -1,
        expected: -0
      },
      ... 164 more items
    ],
    limits: '49 degree-at-most-four valid values, two cache states, all ordered pairs, three enclosure precisions. Exact BigInt endpoint tests and independent order formulas. No general root isolation/LLL, archive execution, malformed input, benchmark or universal memory claim.'
  },
  expected: {
    kind: 'independent-signed-square-root-coordinate-oracle',
    status: 'mathematical-contract-fail',
    counts: {
      unary: 98,
      pair: 4802,
      enclosure: 294,
      preserved: 98,
      terminal: 1
    },
    checks: {
      signRe: 98,
      signIm: 98,
      complexSign: 98,
      copyEqual: 98,
      copyRootOrder: 98,
      copyHashEqual: 98,
      'contains-real': 294,
      'accuracy-real': 294,
      'contains-imag': 294,
      'accuracy-imag': 294,
      equal: 4802,
      compareRe: 4802,
      compareIm: 4802,
      compareAbsRe: 4802,
      compareAbsIm: 4802,
      compareAbs: 4802,
      rootOrder: 4802,
      'exact-dyadic-imag': 126,
      'exact-dyadic-real': 126,
      preservedPolynomial: 98,
      preservedEnclosure: 98
    },
    totalChecks: 35826,
    failedByCheck: {
      copyRootOrder: 84,
      rootOrder: 84,
      'exact-dyadic-imag': 48,
      'exact-dyadic-real': 48
    },
    failures: [
      {
        type: 'unary',
        phase: 0,
        i: 0,
        name: 'copyRootOrder',
        actual: -1,
        expected: 0
      },
      {
        type: 'pair',
        phase: 0,
        i: 0,
        j: 0,
        name: 'rootOrder',
        actual: -1,
        expected: 0
      },
      {
        type: 'unary',
        phase: 0,
        i: 1,
        name: 'copyRootOrder',
        actual: -1,
        expected: 0
      },
      {
        type: 'pair',
        phase: 0,
        i: 1,
        j: 1,
        name: 'rootOrder',
        actual: -1,
        expected: 0
      },
      {
        type: 'unary',
        phase: 0,
        i: 2,
        name: 'copyRootOrder',
        actual: -1,
        expected: 0
      },
      {
        type: 'enclosure',
        phase: 0,
        i: 2,
        prec: 32,
        name: 'exact-dyadic-imag',
        actual: 0,
        expected: 1
      },
      {
        type: 'enclosure',
        phase: 0,
        i: 2,
        prec: 128,
        name: 'exact-dyadic-imag',
        actual: 0,
        expected: 1
      },
      {
        type: 'enclosure',
        phase: 0,
        i: 2,
        prec: 512,
        name: 'exact-dyadic-imag',
        actual: 0,
        expected: 1
      },
      {
        type: 'pair',
        phase: 0,
        i: 2,
        j: 2,
        name: 'rootOrder',
        actual: -1,
        expected: 0
      },
      {
        type: 'unary',
        phase: 0,
        i: 4,
        name: 'copyRootOrder',
        actual: 1,
        expected: 0
      },
      {
        type: 'enclosure',
        phase: 0,
        i: 4,
        prec: 32,
        name: 'exact-dyadic-imag',
        actual: 0,
        expected: 1
      },
      {
        type: 'enclosure',
        phase: 0,
        i: 4,
        prec: 128,
        name: 'exact-dyadic-imag',
        actual: 0,
        expected: 1
      },
      {
        type: 'enclosure',
        phase: 0,
        i: 4,
        prec: 512,
        name: 'exact-dyadic-imag',
        actual: 0,
        expected: 1
      },
      {
        type: 'pair',
        phase: 0,
        i: 4,
        j: 4,
        name: 'rootOrder',
        actual: 1,
        expected: 0
      },
      {
        type: 'unary',
        phase: 0,
        i: 5,
        name: 'copyRootOrder',
        actual: 1,
        expected: 0
      },
      {
        type: 'pair',
        phase: 0,
        i: 5,
        j: 5,
        name: 'rootOrder',
        actual: 1,
        expected: 0
      },
      {
        type: 'unary',
        phase: 0,
        i: 6,
        name: 'copyRootOrder',
        actual: 1,
        expected: 0
      },
      {
        type: 'pair',
        phase: 0,
        i: 6,
        j: 6,
        name: 'rootOrder',
        actual: 1,
        expected: 0
      },
      {
        type: 'unary',
        phase: 0,
        i: 7,
        name: 'copyRootOrder',
        actual: -1,
        expected: 0
      },
      {
        type: 'pair',
        phase: 0,
        i: 7,
        j: 7,
        name: 'rootOrder',
        actual: -1,
        expected: 0
      },
      {
        type: 'unary',
        phase: 0,
        i: 8,
        name: 'copyRootOrder',
        actual: -1,
        expected: 0
      },
      {
        type: 'pair',
        phase: 0,
        i: 8,
        j: 8,
        name: 'rootOrder',
        actual: -1,
        expected: 0
      },
      {
        type: 'unary',
        phase: 0,
        i: 9,
        name: 'copyRootOrder',
        actual: -1,
        expected: 0
      },
      {
        type: 'enclosure',
        phase: 0,
        i: 9,
        prec: 32,
        name: 'exact-dyadic-imag',
        actual: 0,
        expected: 1
      },
      {
        type: 'enclosure',
        phase: 0,
        i: 9,
        prec: 128,
        name: 'exact-dyadic-imag',
        actual: 0,
        expected: 1
      },
      {
        type: 'enclosure',
        phase: 0,
        i: 9,
        prec: 512,
        name: 'exact-dyadic-imag',
        actual: 0,
        expected: 1
      },
      {
        type: 'pair',
        phase: 0,
        i: 9,
        j: 9,
        name: 'rootOrder',
        actual: -1,
        expected: 0
      },
      {
        type: 'unary',
        phase: 0,
        i: 11,
        name: 'copyRootOrder',
        actual: 1,
        expected: 0
      },
      {
        type: 'enclosure',
        phase: 0,
        i: 11,
        prec: 32,
        name: 'exact-dyadic-imag',
        actual: 0,
        expected: 1
      },
      {
        type: 'enclosure',
        phase: 0,
        i: 11,
        prec: 128,
        name: 'exact-dyadic-imag',
        actual: 0,
        expected: 1
      },
      {
        type: 'enclosure',
        phase: 0,
        i: 11,
        prec: 512,
        name: 'exact-dyadic-imag',
        actual: 0,
        expected: 1
      },
      {
        type: 'pair',
        phase: 0,
        i: 11,
        j: 11,
        name: 'rootOrder',
        actual: 1,
        expected: 0
      },
      {
        type: 'unary',
        phase: 0,
        i: 12,
        name: 'copyRootOrder',
        actual: 1,
        expected: 0
      },
      {
        type: 'pair',
        phase: 0,
        i: 12,
        j: 12,
        name: 'rootOrder',
        actual: 1,
        expected: 0
      },
      {
        type: 'unary',
        phase: 0,
        i: 13,
        name: 'copyRootOrder',
        actual: 1,
        expected: 0
      },
      {
        type: 'pair',
        phase: 0,
        i: 13,
        j: 13,
        name: 'rootOrder',
        actual: 1,
        expected: 0
      },
      {
        type: 'unary',
        phase: 0,
        i: 14,
        name: 'copyRootOrder',
        actual: -1,
        expected: 0
      },
      {
        type: 'enclosure',
        phase: 0,
        i: 14,
        prec: 32,
        name: 'exact-dyadic-real',
        actual: 0,
        expected: 1
      },
      {
        type: 'enclosure',
        phase: 0,
        i: 14,
        prec: 128,
        name: 'exact-dyadic-real',
        actual: 0,
        expected: 1
      },
      {
        type: 'enclosure',
        phase: 0,
        i: 14,
        prec: 512,
        name: 'exact-dyadic-real',
        actual: 0,
        expected: 1
      },
      {
        type: 'pair',
        phase: 0,
        i: 14,
        j: 14,
        name: 'rootOrder',
        actual: -1,
        expected: 0
      },
      {
        type: 'unary',
        phase: 0,
        i: 15,
        name: 'copyRootOrder',
        actual: -1,
        expected: 0
      },
      {
        type: 'enclosure',
        phase: 0,
        i: 15,
        prec: 32,
        name: 'exact-dyadic-real',
        actual: 0,
        expected: 1
      },
      {
        type: 'enclosure',
        phase: 0,
        i: 15,
        prec: 128,
        name: 'exact-dyadic-real',
        actual: 0,
        expected: 1
      },
      {
        type: 'enclosure',
        phase: 0,
        i: 15,
        prec: 512,
        name: 'exact-dyadic-real',
        actual: 0,
        expected: 1
      },
      {
        type: 'pair',
        phase: 0,
        i: 15,
        j: 15,
        name: 'rootOrder',
        actual: -1,
        expected: 0
      },
      {
        type: 'unary',
        phase: 0,
        i: 16,
        name: 'copyRootOrder',
        actual: -1,
        expected: 0
      },
      {
        type: 'pair',
        phase: 0,
        i: 16,
        j: 16,
        name: 'rootOrder',
        actual: -1,
        expected: 0
      },
      {
        type: 'unary',
        phase: 0,
        i: 18,
        name: 'copyRootOrder',
        actual: 1,
        expected: 0
      },
      {
        type: 'pair',
        phase: 0,
        i: 18,
        j: 18,
        name: 'rootOrder',
        actual: 1,
        expected: 0
      },
      {
        type: 'unary',
        phase: 0,
        i: 19,
        name: 'copyRootOrder',
        actual: 1,
        expected: 0
      },
      {
        type: 'enclosure',
        phase: 0,
        i: 19,
        prec: 32,
        name: 'exact-dyadic-real',
        actual: 0,
        expected: 1
      },
      {
        type: 'enclosure',
        phase: 0,
        i: 19,
        prec: 128,
        name: 'exact-dyadic-real',
        actual: 0,
        expected: 1
      },
      {
        type: 'enclosure',
        phase: 0,
        i: 19,
        prec: 512,
        name: 'exact-dyadic-real',
        actual: 0,
        expected: 1
      },
      {
        type: 'pair',
        phase: 0,
        i: 19,
        j: 19,
        name: 'rootOrder',
        actual: 1,
        expected: 0
      },
      {
        type: 'unary',
        phase: 0,
        i: 20,
        name: 'copyRootOrder',
        actual: 1,
        expected: 0
      },
      {
        type: 'enclosure',
        phase: 0,
        i: 20,
        prec: 32,
        name: 'exact-dyadic-real',
        actual: 0,
        expected: 1
      },
      {
        type: 'enclosure',
        phase: 0,
        i: 20,
        prec: 128,
        name: 'exact-dyadic-real',
        actual: 0,
        expected: 1
      },
      {
        type: 'enclosure',
        phase: 0,
        i: 20,
        prec: 512,
        name: 'exact-dyadic-real',
        actual: 0,
        expected: 1
      },
      {
        type: 'pair',
        phase: 0,
        i: 20,
        j: 20,
        name: 'rootOrder',
        actual: 1,
        expected: 0
      },
      {
        type: 'unary',
        phase: 0,
        i: 21,
        name: 'copyRootOrder',
        actual: -1,
        expected: 0
      },
      {
        type: 'pair',
        phase: 0,
        i: 21,
        j: 21,
        name: 'rootOrder',
        actual: -1,
        expected: 0
      },
      {
        type: 'unary',
        phase: 0,
        i: 22,
        name: 'copyRootOrder',
        actual: -1,
        expected: 0
      },
      {
        type: 'pair',
        phase: 0,
        i: 22,
        j: 22,
        name: 'rootOrder',
        actual: -1,
        expected: 0
      },
      {
        type: 'unary',
        phase: 0,
        i: 23,
        name: 'copyRootOrder',
        actual: -1,
        expected: 0
      },
      {
        type: 'pair',
        phase: 0,
        i: 23,
        j: 23,
        name: 'rootOrder',
        actual: -1,
        expected: 0
      },
      {
        type: 'unary',
        phase: 0,
        i: 25,
        name: 'copyRootOrder',
        actual: 1,
        expected: 0
      },
      {
        type: 'pair',
        phase: 0,
        i: 25,
        j: 25,
        name: 'rootOrder',
        actual: 1,
        expected: 0
      },
      {
        type: 'unary',
        phase: 0,
        i: 26,
        name: 'copyRootOrder',
        actual: 1,
        expected: 0
      },
      {
        type: 'pair',
        phase: 0,
        i: 26,
        j: 26,
        name: 'rootOrder',
        actual: 1,
        expected: 0
      },
      {
        type: 'unary',
        phase: 0,
        i: 27,
        name: 'copyRootOrder',
        actual: 1,
        expected: 0
      },
      {
        type: 'pair',
        phase: 0,
        i: 27,
        j: 27,
        name: 'rootOrder',
        actual: 1,
        expected: 0
      },
      {
        type: 'unary',
        phase: 0,
        i: 28,
        name: 'copyRootOrder',
        actual: -1,
        expected: 0
      },
      {
        type: 'enclosure',
        phase: 0,
        i: 28,
        prec: 32,
        name: 'exact-dyadic-real',
        actual: 0,
        expected: 1
      },
      {
        type: 'enclosure',
        phase: 0,
        i: 28,
        prec: 128,
        name: 'exact-dyadic-real',
        actual: 0,
        expected: 1
      },
      {
        type: 'enclosure',
        phase: 0,
        i: 28,
        prec: 512,
        name: 'exact-dyadic-real',
        actual: 0,
        expected: 1
      },
      {
        type: 'pair',
        phase: 0,
        i: 28,
        j: 28,
        name: 'rootOrder',
        actual: -1,
        expected: 0
      },
      {
        type: 'unary',
        phase: 0,
        i: 29,
        name: 'copyRootOrder',
        actual: -1,
        expected: 0
      },
      {
        type: 'enclosure',
        phase: 0,
        i: 29,
        prec: 32,
        name: 'exact-dyadic-real',
        actual: 0,
        expected: 1
      },
      {
        type: 'enclosure',
        phase: 0,
        i: 29,
        prec: 128,
        name: 'exact-dyadic-real',
        actual: 0,
        expected: 1
      },
      {
        type: 'enclosure',
        phase: 0,
        i: 29,
        prec: 512,
        name: 'exact-dyadic-real',
        actual: 0,
        expected: 1
      },
      {
        type: 'pair',
        phase: 0,
        i: 29,
        j: 29,
        name: 'rootOrder',
        actual: -1,
        expected: 0
      },
      {
        type: 'unary',
        phase: 0,
        i: 30,
        name: 'copyRootOrder',
        actual: -1,
        expected: 0
      },
      {
        type: 'pair',
        phase: 0,
        i: 30,
        j: 30,
        name: 'rootOrder',
        actual: -1,
        expected: 0
      },
      {
        type: 'unary',
        phase: 0,
        i: 32,
        name: 'copyRootOrder',
        actual: 1,
        expected: 0
      },
      {
        type: 'pair',
        phase: 0,
        i: 32,
        j: 32,
        name: 'rootOrder',
        actual: 1,
        expected: 0
      },
      {
        type: 'unary',
        phase: 0,
        i: 33,
        name: 'copyRootOrder',
        actual: 1,
        expected: 0
      },
      {
        type: 'enclosure',
        phase: 0,
        i: 33,
        prec: 32,
        name: 'exact-dyadic-real',
        actual: 0,
        expected: 1
      },
      {
        type: 'enclosure',
        phase: 0,
        i: 33,
        prec: 128,
        name: 'exact-dyadic-real',
        actual: 0,
        expected: 1
      },
      {
        type: 'enclosure',
        phase: 0,
        i: 33,
        prec: 512,
        name: 'exact-dyadic-real',
        actual: 0,
        expected: 1
      },
      {
        type: 'pair',
        phase: 0,
        i: 33,
        j: 33,
        name: 'rootOrder',
        actual: 1,
        expected: 0
      },
      {
        type: 'unary',
        phase: 0,
        i: 34,
        name: 'copyRootOrder',
        actual: 1,
        expected: 0
      },
      {
        type: 'enclosure',
        phase: 0,
        i: 34,
        prec: 32,
        name: 'exact-dyadic-real',
        actual: 0,
        expected: 1
      },
      {
        type: 'enclosure',
        phase: 0,
        i: 34,
        prec: 128,
        name: 'exact-dyadic-real',
        actual: 0,
        expected: 1
      },
      {
        type: 'enclosure',
        phase: 0,
        i: 34,
        prec: 512,
        name: 'exact-dyadic-real',
        actual: 0,
        expected: 1
      },
      {
        type: 'pair',
        phase: 0,
        i: 34,
        j: 34,
        name: 'rootOrder',
        actual: 1,
        expected: 0
      },
      {
        type: 'unary',
        phase: 0,
        i: 35,
        name: 'copyRootOrder',
        actual: -1,
        expected: 0
      },
      {
        type: 'pair',
        phase: 0,
        i: 35,
        j: 35,
        name: 'rootOrder',
        actual: -1,
        expected: 0
      },
      {
        type: 'unary',
        phase: 0,
        i: 36,
        name: 'copyRootOrder',
        actual: -1,
        expected: 0
      },
      {
        type: 'pair',
        phase: 0,
        i: 36,
        j: 36,
        name: 'rootOrder',
        actual: -1,
        expected: 0
      },
      ... 164 more items
    ],
    limits: '49 degree-at-most-four valid values, two cache states, all ordered pairs, three enclosure precisions. Exact BigInt endpoint tests and independent order formulas. No general root isolation/LLL, archive execution, malformed input, benchmark or universal memory claim.'
  },
  operator: 'deepStrictEqual',
  diff: 'simple'
}

Node.js v22.22.2
