==46== Memcheck, a memory error detector
==46== Copyright (C) 2002-2026, and GNU GPL'd, by Julian Seward et al.
==46== Using Valgrind-3.27.1 and LibVEX; rerun with -h for copyright info
==46== Command: /tmp/calcium-consumer-builds.X7kU2Y/calcium-reuse/debug/calcium-rank-dominance-baseline
==46== 
==46== 
==46== HEAP SUMMARY:
==46==     in use at exit: 2,272 bytes in 16 blocks
==46==   total heap usage: 137,603 allocs, 137,587 frees, 11,824,062 bytes allocated
==46== 
==46== 56 bytes in 1 blocks are still reachable in loss record 1 of 15
==46==    at 0x4B2BAE6: malloc (vg_replace_malloc.c:447)
==46==    by 0x4228941: <alloc::alloc::Global>::alloc_impl_runtime (in /tmp/calcium-consumer-builds.X7kU2Y/calcium-reuse/debug/calcium-rank-dominance-baseline)
==46==    by 0x4215514: alloc::boxed::box_new_uninit (in /tmp/calcium-consumer-builds.X7kU2Y/calcium-reuse/debug/calcium-rank-dominance-baseline)
==46==    by 0x41CACCB: <hyperreal::computable::node::ApproximationCache>::cell_or_init (in /tmp/calcium-consumer-builds.X7kU2Y/calcium-reuse/debug/calcium-rank-dominance-baseline)
==46==    by 0x41CB0FC: <hyperreal::computable::node::ApproximationCache>::store (in /tmp/calcium-consumer-builds.X7kU2Y/calcium-reuse/debug/calcium-rank-dominance-baseline)
==46==    by 0x41A05C6: <hyperreal::computable::node::Computable>::store_shared_constant_cache_value (in /tmp/calcium-consumer-builds.X7kU2Y/calcium-reuse/debug/calcium-rank-dominance-baseline)
==46==    by 0x419CB08: <hyperreal::computable::node::Computable>::store_cache_value (in /tmp/calcium-consumer-builds.X7kU2Y/calcium-reuse/debug/calcium-rank-dominance-baseline)
==46==    by 0x4197191: <hyperreal::computable::node::Computable>::approx_signal (in /tmp/calcium-consumer-builds.X7kU2Y/calcium-reuse/debug/calcium-rank-dominance-baseline)
==46==    by 0x4198B36: <hyperreal::computable::node::Computable>::approx (in /tmp/calcium-consumer-builds.X7kU2Y/calcium-reuse/debug/calcium-rank-dominance-baseline)
==46==    by 0x4149262: <hyperreal::real::arithmetic::Real>::certified_dyadic_interval (in /tmp/calcium-consumer-builds.X7kU2Y/calcium-reuse/debug/calcium-rank-dominance-baseline)
==46==    by 0x40E3F5F: calcium_rank_dominance_baseline::scalar (in /tmp/calcium-consumer-builds.X7kU2Y/calcium-reuse/debug/calcium-rank-dominance-baseline)
==46==    by 0x40E10B4: calcium_rank_dominance_baseline::main (in /tmp/calcium-consumer-builds.X7kU2Y/calcium-reuse/debug/calcium-rank-dominance-baseline)
==46== 
==46== 104 bytes in 1 blocks are still reachable in loss record 2 of 15
==46==    at 0x4B2BAE6: malloc (vg_replace_malloc.c:447)
==46==    by 0x4228941: <alloc::alloc::Global>::alloc_impl_runtime (in /tmp/calcium-consumer-builds.X7kU2Y/calcium-reuse/debug/calcium-rank-dominance-baseline)
==46==    by 0x4215514: alloc::boxed::box_new_uninit (in /tmp/calcium-consumer-builds.X7kU2Y/calcium-reuse/debug/calcium-rank-dominance-baseline)
==46==    by 0x4240C27: <alloc::sync::Arc<hyperreal::rational::arithmetic::RationalData>>::new (in /tmp/calcium-consumer-builds.X7kU2Y/calcium-reuse/debug/calcium-rank-dominance-baseline)
==46==    by 0x4180CB6: <hyperreal::rational::arithmetic::Rational>::from_parts_raw (in /tmp/calcium-consumer-builds.X7kU2Y/calcium-reuse/debug/calcium-rank-dominance-baseline)
==46==    by 0x416C2F5: hyperreal::rational::arithmetic::RATIONAL_ONE::{closure#0} (in /tmp/calcium-consumer-builds.X7kU2Y/calcium-reuse/debug/calcium-rank-dominance-baseline)
==46==    by 0x4233411: <hyperreal::rational::arithmetic::RATIONAL_ONE::{closure#0} as core::ops::function::FnOnce<()>>::call_once (in /tmp/calcium-consumer-builds.X7kU2Y/calcium-reuse/debug/calcium-rank-dominance-baseline)
==46==    by 0x4232192: <fn() -> hyperreal::rational::arithmetic::Rational as core::ops::function::FnOnce<()>>::call_once (in /tmp/calcium-consumer-builds.X7kU2Y/calcium-reuse/debug/calcium-rank-dominance-baseline)
==46==    by 0x421D2B7: <std::sync::lazy_lock::LazyLock<hyperreal::rational::arithmetic::Rational>>::force::{closure#0} (in /tmp/calcium-consumer-builds.X7kU2Y/calcium-reuse/debug/calcium-rank-dominance-baseline)
==46==    by 0x4237966: <std::sync::once::Once>::call_once_force::<<std::sync::lazy_lock::LazyLock<hyperreal::rational::arithmetic::Rational>>::force::{closure#0}>::{closure#0} (in /tmp/calcium-consumer-builds.X7kU2Y/calcium-reuse/debug/calcium-rank-dominance-baseline)
==46==    by 0x427A638: <std::sys::sync::once::futex::Once>::call (in /tmp/calcium-consumer-builds.X7kU2Y/calcium-reuse/debug/calcium-rank-dominance-baseline)
==46==    by 0x423726D: <std::sync::once::Once>::call_once_force::<<std::sync::lazy_lock::LazyLock<hyperreal::rational::arithmetic::Rational>>::force::{closure#0}> (in /tmp/calcium-consumer-builds.X7kU2Y/calcium-reuse/debug/calcium-rank-dominance-baseline)
==46== 
==46== 104 bytes in 1 blocks are still reachable in loss record 3 of 15
==46==    at 0x4B2BAE6: malloc (vg_replace_malloc.c:447)
==46==    by 0x4228941: <alloc::alloc::Global>::alloc_impl_runtime (in /tmp/calcium-consumer-builds.X7kU2Y/calcium-reuse/debug/calcium-rank-dominance-baseline)
==46==    by 0x4215514: alloc::boxed::box_new_uninit (in /tmp/calcium-consumer-builds.X7kU2Y/calcium-reuse/debug/calcium-rank-dominance-baseline)
==46==    by 0x4240C27: <alloc::sync::Arc<hyperreal::rational::arithmetic::RationalData>>::new (in /tmp/calcium-consumer-builds.X7kU2Y/calcium-reuse/debug/calcium-rank-dominance-baseline)
==46==    by 0x4180CB6: <hyperreal::rational::arithmetic::Rational>::from_parts_raw (in /tmp/calcium-consumer-builds.X7kU2Y/calcium-reuse/debug/calcium-rank-dominance-baseline)
==46==    by 0x416C390: hyperreal::rational::arithmetic::RATIONAL_ZERO::{closure#0} (in /tmp/calcium-consumer-builds.X7kU2Y/calcium-reuse/debug/calcium-rank-dominance-baseline)
==46==    by 0x423344D: <hyperreal::rational::arithmetic::RATIONAL_ZERO::{closure#0} as core::ops::function::FnOnce<()>>::call_once (in /tmp/calcium-consumer-builds.X7kU2Y/calcium-reuse/debug/calcium-rank-dominance-baseline)
==46==    by 0x4232192: <fn() -> hyperreal::rational::arithmetic::Rational as core::ops::function::FnOnce<()>>::call_once (in /tmp/calcium-consumer-builds.X7kU2Y/calcium-reuse/debug/calcium-rank-dominance-baseline)
==46==    by 0x421D2B7: <std::sync::lazy_lock::LazyLock<hyperreal::rational::arithmetic::Rational>>::force::{closure#0} (in /tmp/calcium-consumer-builds.X7kU2Y/calcium-reuse/debug/calcium-rank-dominance-baseline)
==46==    by 0x4237966: <std::sync::once::Once>::call_once_force::<<std::sync::lazy_lock::LazyLock<hyperreal::rational::arithmetic::Rational>>::force::{closure#0}>::{closure#0} (in /tmp/calcium-consumer-builds.X7kU2Y/calcium-reuse/debug/calcium-rank-dominance-baseline)
==46==    by 0x427A638: <std::sys::sync::once::futex::Once>::call (in /tmp/calcium-consumer-builds.X7kU2Y/calcium-reuse/debug/calcium-rank-dominance-baseline)
==46==    by 0x423726D: <std::sync::once::Once>::call_once_force::<<std::sync::lazy_lock::LazyLock<hyperreal::rational::arithmetic::Rational>>::force::{closure#0}> (in /tmp/calcium-consumer-builds.X7kU2Y/calcium-reuse/debug/calcium-rank-dominance-baseline)
==46== 
==46== 104 bytes in 1 blocks are still reachable in loss record 4 of 15
==46==    at 0x4B2BAE6: malloc (vg_replace_malloc.c:447)
==46==    by 0x4292152: <alloc::raw_vec::RawVecInner>::try_allocate_in (in /tmp/calcium-consumer-builds.X7kU2Y/calcium-reuse/debug/calcium-rank-dominance-baseline)
==46==    by 0x424C983: <alloc::raw_vec::RawVecInner>::with_capacity_in (in /tmp/calcium-consumer-builds.X7kU2Y/calcium-reuse/debug/calcium-rank-dominance-baseline)
==46==    by 0x424B43D: <u64 as <[_]>::to_vec_in::ConvertVec>::to_vec::<alloc::alloc::Global> (in /tmp/calcium-consumer-builds.X7kU2Y/calcium-reuse/debug/calcium-rank-dominance-baseline)
==46==    by 0x424B9CD: <[u64]>::to_vec (in /tmp/calcium-consumer-builds.X7kU2Y/calcium-reuse/debug/calcium-rank-dominance-baseline)
==46==    by 0x4228D63: <num_bigint::big_digit::BigDigits>::from_slice (in /tmp/calcium-consumer-builds.X7kU2Y/calcium-reuse/debug/calcium-rank-dominance-baseline)
==46==    by 0x422A0EF: <num_bigint::big_digit::BigDigits as core::clone::Clone>::clone (in /tmp/calcium-consumer-builds.X7kU2Y/calcium-reuse/debug/calcium-rank-dominance-baseline)
==46==    by 0x4221E66: <num_bigint::biguint::BigUint as core::clone::Clone>::clone (in /tmp/calcium-consumer-builds.X7kU2Y/calcium-reuse/debug/calcium-rank-dominance-baseline)
==46==    by 0x421936E: <num_bigint::bigint::BigInt as core::clone::Clone>::clone (in /tmp/calcium-consumer-builds.X7kU2Y/calcium-reuse/debug/calcium-rank-dominance-baseline)
==46==    by 0x4197120: <hyperreal::computable::node::Computable>::approx_signal (in /tmp/calcium-consumer-builds.X7kU2Y/calcium-reuse/debug/calcium-rank-dominance-baseline)
==46==    by 0x4198B36: <hyperreal::computable::node::Computable>::approx (in /tmp/calcium-consumer-builds.X7kU2Y/calcium-reuse/debug/calcium-rank-dominance-baseline)
==46==    by 0x4149262: <hyperreal::real::arithmetic::Real>::certified_dyadic_interval (in /tmp/calcium-consumer-builds.X7kU2Y/calcium-reuse/debug/calcium-rank-dominance-baseline)
==46== 
==46== 104 bytes in 1 blocks are still reachable in loss record 5 of 15
==46==    at 0x4B2BAE6: malloc (vg_replace_malloc.c:447)
==46==    by 0x4228941: <alloc::alloc::Global>::alloc_impl_runtime (in /tmp/calcium-consumer-builds.X7kU2Y/calcium-reuse/debug/calcium-rank-dominance-baseline)
==46==    by 0x4215514: alloc::boxed::box_new_uninit (in /tmp/calcium-consumer-builds.X7kU2Y/calcium-reuse/debug/calcium-rank-dominance-baseline)
==46==    by 0x4240C27: <alloc::sync::Arc<hyperreal::rational::arithmetic::RationalData>>::new (in /tmp/calcium-consumer-builds.X7kU2Y/calcium-reuse/debug/calcium-rank-dominance-baseline)
==46==    by 0x4180CB6: <hyperreal::rational::arithmetic::Rational>::from_parts_raw (in /tmp/calcium-consumer-builds.X7kU2Y/calcium-reuse/debug/calcium-rank-dominance-baseline)
==46==    by 0x416C422: hyperreal::rational::arithmetic::RATIONAL_MINUS_ONE::{closure#0} (in /tmp/calcium-consumer-builds.X7kU2Y/calcium-reuse/debug/calcium-rank-dominance-baseline)
==46==    by 0x423348D: <hyperreal::rational::arithmetic::RATIONAL_MINUS_ONE::{closure#0} as core::ops::function::FnOnce<()>>::call_once (in /tmp/calcium-consumer-builds.X7kU2Y/calcium-reuse/debug/calcium-rank-dominance-baseline)
==46==    by 0x4232192: <fn() -> hyperreal::rational::arithmetic::Rational as core::ops::function::FnOnce<()>>::call_once (in /tmp/calcium-consumer-builds.X7kU2Y/calcium-reuse/debug/calcium-rank-dominance-baseline)
==46==    by 0x421D2B7: <std::sync::lazy_lock::LazyLock<hyperreal::rational::arithmetic::Rational>>::force::{closure#0} (in /tmp/calcium-consumer-builds.X7kU2Y/calcium-reuse/debug/calcium-rank-dominance-baseline)
==46==    by 0x4237966: <std::sync::once::Once>::call_once_force::<<std::sync::lazy_lock::LazyLock<hyperreal::rational::arithmetic::Rational>>::force::{closure#0}>::{closure#0} (in /tmp/calcium-consumer-builds.X7kU2Y/calcium-reuse/debug/calcium-rank-dominance-baseline)
==46==    by 0x427A638: <std::sys::sync::once::futex::Once>::call (in /tmp/calcium-consumer-builds.X7kU2Y/calcium-reuse/debug/calcium-rank-dominance-baseline)
==46==    by 0x423726D: <std::sync::once::Once>::call_once_force::<<std::sync::lazy_lock::LazyLock<hyperreal::rational::arithmetic::Rational>>::force::{closure#0}> (in /tmp/calcium-consumer-builds.X7kU2Y/calcium-reuse/debug/calcium-rank-dominance-baseline)
==46== 
==46== 104 bytes in 1 blocks are still reachable in loss record 6 of 15
==46==    at 0x4B2BAE6: malloc (vg_replace_malloc.c:447)
==46==    by 0x4228941: <alloc::alloc::Global>::alloc_impl_runtime (in /tmp/calcium-consumer-builds.X7kU2Y/calcium-reuse/debug/calcium-rank-dominance-baseline)
==46==    by 0x4215514: alloc::boxed::box_new_uninit (in /tmp/calcium-consumer-builds.X7kU2Y/calcium-reuse/debug/calcium-rank-dominance-baseline)
==46==    by 0x4240C27: <alloc::sync::Arc<hyperreal::rational::arithmetic::RationalData>>::new (in /tmp/calcium-consumer-builds.X7kU2Y/calcium-reuse/debug/calcium-rank-dominance-baseline)
==46==    by 0x4180CB6: <hyperreal::rational::arithmetic::Rational>::from_parts_raw (in /tmp/calcium-consumer-builds.X7kU2Y/calcium-reuse/debug/calcium-rank-dominance-baseline)
==46==    by 0x416BDF0: <hyperreal::rational::arithmetic::Rational>::small_reduced_general_fraction::{closure#0} (in /tmp/calcium-consumer-builds.X7kU2Y/calcium-reuse/debug/calcium-rank-dominance-baseline)
==46==    by 0x423F1B4: <std::sync::once_lock::OnceLock<hyperreal::rational::arithmetic::Rational>>::get_or_init::<<hyperreal::rational::arithmetic::Rational>::small_reduced_general_fraction::{closure#0}>::{closure#0} (in /tmp/calcium-consumer-builds.X7kU2Y/calcium-reuse/debug/calcium-rank-dominance-baseline)
==46==    by 0x423F12C: <std::sync::once_lock::OnceLock<hyperreal::rational::arithmetic::Rational>>::initialize::<<std::sync::once_lock::OnceLock<hyperreal::rational::arithmetic::Rational>>::get_or_init<<hyperreal::rational::arithmetic::Rational>::small_reduced_general_fraction::{closure#0}>::{closure#0}, !>::{closure#0} (in /tmp/calcium-consumer-builds.X7kU2Y/calcium-reuse/debug/calcium-rank-dominance-baseline)
==46==    by 0x42377DD: <std::sync::once::Once>::call_once_force::<<std::sync::once_lock::OnceLock<hyperreal::rational::arithmetic::Rational>>::initialize<<std::sync::once_lock::OnceLock<hyperreal::rational::arithmetic::Rational>>::get_or_init<<hyperreal::rational::arithmetic::Rational>::small_reduced_general_fraction::{closure#0}>::{closure#0}, !>::{closure#0}>::{closure#0} (in /tmp/calcium-consumer-builds.X7kU2Y/calcium-reuse/debug/calcium-rank-dominance-baseline)
==46==    by 0x427A638: <std::sys::sync::once::futex::Once>::call (in /tmp/calcium-consumer-builds.X7kU2Y/calcium-reuse/debug/calcium-rank-dominance-baseline)
==46==    by 0x4236F65: <std::sync::once::Once>::call_once_force::<<std::sync::once_lock::OnceLock<hyperreal::rational::arithmetic::Rational>>::initialize<<std::sync::once_lock::OnceLock<hyperreal::rational::arithmetic::Rational>>::get_or_init<<hyperreal::rational::arithmetic::Rational>::small_reduced_general_fraction::{closure#0}>::{closure#0}, !>::{closure#0}> (in /tmp/calcium-consumer-builds.X7kU2Y/calcium-reuse/debug/calcium-rank-dominance-baseline)
==46==    by 0x423CA1F: <std::sync::once_lock::OnceLock<hyperreal::rational::arithmetic::Rational>>::initialize::<<std::sync::once_lock::OnceLock<hyperreal::rational::arithmetic::Rational>>::get_or_init<<hyperreal::rational::arithmetic::Rational>::small_reduced_general_fraction::{closure#0}>::{closure#0}, !> (in /tmp/calcium-consumer-builds.X7kU2Y/calcium-reuse/debug/calcium-rank-dominance-baseline)
==46== 
==46== 104 bytes in 1 blocks are still reachable in loss record 7 of 15
==46==    at 0x4B2BAE6: malloc (vg_replace_malloc.c:447)
==46==    by 0x4228941: <alloc::alloc::Global>::alloc_impl_runtime (in /tmp/calcium-consumer-builds.X7kU2Y/calcium-reuse/debug/calcium-rank-dominance-baseline)
==46==    by 0x4215514: alloc::boxed::box_new_uninit (in /tmp/calcium-consumer-builds.X7kU2Y/calcium-reuse/debug/calcium-rank-dominance-baseline)
==46==    by 0x4240C27: <alloc::sync::Arc<hyperreal::rational::arithmetic::RationalData>>::new (in /tmp/calcium-consumer-builds.X7kU2Y/calcium-reuse/debug/calcium-rank-dominance-baseline)
==46==    by 0x4120636: <hyperreal::rational::arithmetic::Rational>::from_parts_raw (in /tmp/calcium-consumer-builds.X7kU2Y/calcium-reuse/debug/calcium-rank-dominance-baseline)
==46==    by 0x4120D35: <&hyperreal::rational::arithmetic::Rational as core::ops::arith::Neg>::neg (in /tmp/calcium-consumer-builds.X7kU2Y/calcium-reuse/debug/calcium-rank-dominance-baseline)
==46==    by 0x4120FEE: <hyperreal::rational::arithmetic::Rational as core::ops::arith::Neg>::neg (in /tmp/calcium-consumer-builds.X7kU2Y/calcium-reuse/debug/calcium-rank-dominance-baseline)
==46==    by 0x411F179: <hyperreal::real::arithmetic::Real as core::ops::arith::Neg>::neg (in /tmp/calcium-consumer-builds.X7kU2Y/calcium-reuse/debug/calcium-rank-dominance-baseline)
==46==    by 0x410DFA1: hypersolve::bareiss::pivot_free_determinant (in /tmp/calcium-consumer-builds.X7kU2Y/calcium-reuse/debug/calcium-rank-dominance-baseline)
==46==    by 0x410D35E: hypersolve::bareiss::determinant_bareiss (in /tmp/calcium-consumer-builds.X7kU2Y/calcium-reuse/debug/calcium-rank-dominance-baseline)
==46==    by 0x4107912: hypersolve::rank::exact_matrix_rank (in /tmp/calcium-consumer-builds.X7kU2Y/calcium-reuse/debug/calcium-rank-dominance-baseline)
==46==    by 0x410818B: hypersolve::rank::analyze_exact_affine_rank (in /tmp/calcium-consumer-builds.X7kU2Y/calcium-reuse/debug/calcium-rank-dominance-baseline)
==46== 
==46== 104 bytes in 1 blocks are still reachable in loss record 8 of 15
==46==    at 0x4B2BAE6: malloc (vg_replace_malloc.c:447)
==46==    by 0x4228941: <alloc::alloc::Global>::alloc_impl_runtime (in /tmp/calcium-consumer-builds.X7kU2Y/calcium-reuse/debug/calcium-rank-dominance-baseline)
==46==    by 0x4215514: alloc::boxed::box_new_uninit (in /tmp/calcium-consumer-builds.X7kU2Y/calcium-reuse/debug/calcium-rank-dominance-baseline)
==46==    by 0x4240C27: <alloc::sync::Arc<hyperreal::rational::arithmetic::RationalData>>::new (in /tmp/calcium-consumer-builds.X7kU2Y/calcium-reuse/debug/calcium-rank-dominance-baseline)
==46==    by 0x4180CB6: <hyperreal::rational::arithmetic::Rational>::from_parts_raw (in /tmp/calcium-consumer-builds.X7kU2Y/calcium-reuse/debug/calcium-rank-dominance-baseline)
==46==    by 0x4182A8A: <hyperreal::rational::arithmetic::Rational>::from_fraction_parts_reduced (in /tmp/calcium-consumer-builds.X7kU2Y/calcium-reuse/debug/calcium-rank-dominance-baseline)
==46==    by 0x418497C: <hyperreal::rational::arithmetic::Rational>::fraction (in /tmp/calcium-consumer-builds.X7kU2Y/calcium-reuse/debug/calcium-rank-dominance-baseline)
==46==    by 0x41953F6: hyperreal::computable::node::HALF_PI_SHORTCUT_RATIONAL_LIMIT::{closure#0} (in /tmp/calcium-consumer-builds.X7kU2Y/calcium-reuse/debug/calcium-rank-dominance-baseline)
==46==    by 0x423338D: <hyperreal::computable::node::HALF_PI_SHORTCUT_RATIONAL_LIMIT::{closure#0} as core::ops::function::FnOnce<()>>::call_once (in /tmp/calcium-consumer-builds.X7kU2Y/calcium-reuse/debug/calcium-rank-dominance-baseline)
==46==    by 0x4232192: <fn() -> hyperreal::rational::arithmetic::Rational as core::ops::function::FnOnce<()>>::call_once (in /tmp/calcium-consumer-builds.X7kU2Y/calcium-reuse/debug/calcium-rank-dominance-baseline)
==46==    by 0x421D2B7: <std::sync::lazy_lock::LazyLock<hyperreal::rational::arithmetic::Rational>>::force::{closure#0} (in /tmp/calcium-consumer-builds.X7kU2Y/calcium-reuse/debug/calcium-rank-dominance-baseline)
==46==    by 0x4237966: <std::sync::once::Once>::call_once_force::<<std::sync::lazy_lock::LazyLock<hyperreal::rational::arithmetic::Rational>>::force::{closure#0}>::{closure#0} (in /tmp/calcium-consumer-builds.X7kU2Y/calcium-reuse/debug/calcium-rank-dominance-baseline)
==46== 
==46== 104 bytes in 1 blocks are still reachable in loss record 9 of 15
==46==    at 0x4B2BAE6: malloc (vg_replace_malloc.c:447)
==46==    by 0x4228941: <alloc::alloc::Global>::alloc_impl_runtime (in /tmp/calcium-consumer-builds.X7kU2Y/calcium-reuse/debug/calcium-rank-dominance-baseline)
==46==    by 0x4215514: alloc::boxed::box_new_uninit (in /tmp/calcium-consumer-builds.X7kU2Y/calcium-reuse/debug/calcium-rank-dominance-baseline)
==46==    by 0x4240C27: <alloc::sync::Arc<hyperreal::rational::arithmetic::RationalData>>::new (in /tmp/calcium-consumer-builds.X7kU2Y/calcium-reuse/debug/calcium-rank-dominance-baseline)
==46==    by 0x4180CB6: <hyperreal::rational::arithmetic::Rational>::from_parts_raw (in /tmp/calcium-consumer-builds.X7kU2Y/calcium-reuse/debug/calcium-rank-dominance-baseline)
==46==    by 0x4171220: <hyperreal::rational::arithmetic::Rational>::extract_square_reduced (in /tmp/calcium-consumer-builds.X7kU2Y/calcium-reuse/debug/calcium-rank-dominance-baseline)
==46==    by 0x4172461: <hyperreal::rational::arithmetic::Rational>::extract_square_reduced_retained (in /tmp/calcium-consumer-builds.X7kU2Y/calcium-reuse/debug/calcium-rank-dominance-baseline)
==46==    by 0x413CF15: <hyperreal::real::arithmetic::Real>::sqrt (in /tmp/calcium-consumer-builds.X7kU2Y/calcium-reuse/debug/calcium-rank-dominance-baseline)
==46==    by 0x40E3DDB: calcium_rank_dominance_baseline::scalar (in /tmp/calcium-consumer-builds.X7kU2Y/calcium-reuse/debug/calcium-rank-dominance-baseline)
==46==    by 0x40E10B4: calcium_rank_dominance_baseline::main (in /tmp/calcium-consumer-builds.X7kU2Y/calcium-reuse/debug/calcium-rank-dominance-baseline)
==46==    by 0x40E7162: <fn() as core::ops::function::FnOnce<()>>::call_once (in /tmp/calcium-consumer-builds.X7kU2Y/calcium-reuse/debug/calcium-rank-dominance-baseline)
==46==    by 0x40E0835: std::sys::backtrace::__rust_begin_short_backtrace::<fn(), ()> (in /tmp/calcium-consumer-builds.X7kU2Y/calcium-reuse/debug/calcium-rank-dominance-baseline)
==46== 
==46== 104 bytes in 1 blocks are still reachable in loss record 10 of 15
==46==    at 0x4B2BAE6: malloc (vg_replace_malloc.c:447)
==46==    by 0x4228941: <alloc::alloc::Global>::alloc_impl_runtime (in /tmp/calcium-consumer-builds.X7kU2Y/calcium-reuse/debug/calcium-rank-dominance-baseline)
==46==    by 0x4215514: alloc::boxed::box_new_uninit (in /tmp/calcium-consumer-builds.X7kU2Y/calcium-reuse/debug/calcium-rank-dominance-baseline)
==46==    by 0x4240C27: <alloc::sync::Arc<hyperreal::rational::arithmetic::RationalData>>::new (in /tmp/calcium-consumer-builds.X7kU2Y/calcium-reuse/debug/calcium-rank-dominance-baseline)
==46==    by 0x4180CB6: <hyperreal::rational::arithmetic::Rational>::from_parts_raw (in /tmp/calcium-consumer-builds.X7kU2Y/calcium-reuse/debug/calcium-rank-dominance-baseline)
==46==    by 0x4171338: <hyperreal::rational::arithmetic::Rational>::extract_square_reduced (in /tmp/calcium-consumer-builds.X7kU2Y/calcium-reuse/debug/calcium-rank-dominance-baseline)
==46==    by 0x4172461: <hyperreal::rational::arithmetic::Rational>::extract_square_reduced_retained (in /tmp/calcium-consumer-builds.X7kU2Y/calcium-reuse/debug/calcium-rank-dominance-baseline)
==46==    by 0x413CF15: <hyperreal::real::arithmetic::Real>::sqrt (in /tmp/calcium-consumer-builds.X7kU2Y/calcium-reuse/debug/calcium-rank-dominance-baseline)
==46==    by 0x40E3DDB: calcium_rank_dominance_baseline::scalar (in /tmp/calcium-consumer-builds.X7kU2Y/calcium-reuse/debug/calcium-rank-dominance-baseline)
==46==    by 0x40E10B4: calcium_rank_dominance_baseline::main (in /tmp/calcium-consumer-builds.X7kU2Y/calcium-reuse/debug/calcium-rank-dominance-baseline)
==46==    by 0x40E7162: <fn() as core::ops::function::FnOnce<()>>::call_once (in /tmp/calcium-consumer-builds.X7kU2Y/calcium-reuse/debug/calcium-rank-dominance-baseline)
==46==    by 0x40E0835: std::sys::backtrace::__rust_begin_short_backtrace::<fn(), ()> (in /tmp/calcium-consumer-builds.X7kU2Y/calcium-reuse/debug/calcium-rank-dominance-baseline)
==46== 
==46== 176 bytes in 1 blocks are still reachable in loss record 11 of 15
==46==    at 0x4B2BAE6: malloc (vg_replace_malloc.c:447)
==46==    by 0x4228941: <alloc::alloc::Global>::alloc_impl_runtime (in /tmp/calcium-consumer-builds.X7kU2Y/calcium-reuse/debug/calcium-rank-dominance-baseline)
==46==    by 0x4215514: alloc::boxed::box_new_uninit (in /tmp/calcium-consumer-builds.X7kU2Y/calcium-reuse/debug/calcium-rank-dominance-baseline)
==46==    by 0x417C594: <hyperreal::rational::arithmetic::Rational>::retain_negation_entry (in /tmp/calcium-consumer-builds.X7kU2Y/calcium-reuse/debug/calcium-rank-dominance-baseline)
==46==    by 0x417BBC5: <hyperreal::rational::arithmetic::Rational>::retain_negation_pair (in /tmp/calcium-consumer-builds.X7kU2Y/calcium-reuse/debug/calcium-rank-dominance-baseline)
==46==    by 0x4120D61: <&hyperreal::rational::arithmetic::Rational as core::ops::arith::Neg>::neg (in /tmp/calcium-consumer-builds.X7kU2Y/calcium-reuse/debug/calcium-rank-dominance-baseline)
==46==    by 0x4120FEE: <hyperreal::rational::arithmetic::Rational as core::ops::arith::Neg>::neg (in /tmp/calcium-consumer-builds.X7kU2Y/calcium-reuse/debug/calcium-rank-dominance-baseline)
==46==    by 0x411F179: <hyperreal::real::arithmetic::Real as core::ops::arith::Neg>::neg (in /tmp/calcium-consumer-builds.X7kU2Y/calcium-reuse/debug/calcium-rank-dominance-baseline)
==46==    by 0x410DFA1: hypersolve::bareiss::pivot_free_determinant (in /tmp/calcium-consumer-builds.X7kU2Y/calcium-reuse/debug/calcium-rank-dominance-baseline)
==46==    by 0x410D35E: hypersolve::bareiss::determinant_bareiss (in /tmp/calcium-consumer-builds.X7kU2Y/calcium-reuse/debug/calcium-rank-dominance-baseline)
==46==    by 0x4107912: hypersolve::rank::exact_matrix_rank (in /tmp/calcium-consumer-builds.X7kU2Y/calcium-reuse/debug/calcium-rank-dominance-baseline)
==46==    by 0x410818B: hypersolve::rank::analyze_exact_affine_rank (in /tmp/calcium-consumer-builds.X7kU2Y/calcium-reuse/debug/calcium-rank-dominance-baseline)
==46== 
==46== 176 bytes in 1 blocks are still reachable in loss record 12 of 15
==46==    at 0x4B2BAE6: malloc (vg_replace_malloc.c:447)
==46==    by 0x4228941: <alloc::alloc::Global>::alloc_impl_runtime (in /tmp/calcium-consumer-builds.X7kU2Y/calcium-reuse/debug/calcium-rank-dominance-baseline)
==46==    by 0x4215514: alloc::boxed::box_new_uninit (in /tmp/calcium-consumer-builds.X7kU2Y/calcium-reuse/debug/calcium-rank-dominance-baseline)
==46==    by 0x417C594: <hyperreal::rational::arithmetic::Rational>::retain_negation_entry (in /tmp/calcium-consumer-builds.X7kU2Y/calcium-reuse/debug/calcium-rank-dominance-baseline)
==46==    by 0x417BBE0: <hyperreal::rational::arithmetic::Rational>::retain_negation_pair (in /tmp/calcium-consumer-builds.X7kU2Y/calcium-reuse/debug/calcium-rank-dominance-baseline)
==46==    by 0x4120D61: <&hyperreal::rational::arithmetic::Rational as core::ops::arith::Neg>::neg (in /tmp/calcium-consumer-builds.X7kU2Y/calcium-reuse/debug/calcium-rank-dominance-baseline)
==46==    by 0x4120FEE: <hyperreal::rational::arithmetic::Rational as core::ops::arith::Neg>::neg (in /tmp/calcium-consumer-builds.X7kU2Y/calcium-reuse/debug/calcium-rank-dominance-baseline)
==46==    by 0x411F179: <hyperreal::real::arithmetic::Real as core::ops::arith::Neg>::neg (in /tmp/calcium-consumer-builds.X7kU2Y/calcium-reuse/debug/calcium-rank-dominance-baseline)
==46==    by 0x410DFA1: hypersolve::bareiss::pivot_free_determinant (in /tmp/calcium-consumer-builds.X7kU2Y/calcium-reuse/debug/calcium-rank-dominance-baseline)
==46==    by 0x410D35E: hypersolve::bareiss::determinant_bareiss (in /tmp/calcium-consumer-builds.X7kU2Y/calcium-reuse/debug/calcium-rank-dominance-baseline)
==46==    by 0x4107912: hypersolve::rank::exact_matrix_rank (in /tmp/calcium-consumer-builds.X7kU2Y/calcium-reuse/debug/calcium-rank-dominance-baseline)
==46==    by 0x410818B: hypersolve::rank::analyze_exact_affine_rank (in /tmp/calcium-consumer-builds.X7kU2Y/calcium-reuse/debug/calcium-rank-dominance-baseline)
==46== 
==46== 176 bytes in 1 blocks are still reachable in loss record 13 of 15
==46==    at 0x4B2BAE6: malloc (vg_replace_malloc.c:447)
==46==    by 0x4228941: <alloc::alloc::Global>::alloc_impl_runtime (in /tmp/calcium-consumer-builds.X7kU2Y/calcium-reuse/debug/calcium-rank-dominance-baseline)
==46==    by 0x4215514: alloc::boxed::box_new_uninit (in /tmp/calcium-consumer-builds.X7kU2Y/calcium-reuse/debug/calcium-rank-dominance-baseline)
==46==    by 0x4171DF3: <hyperreal::rational::arithmetic::Rational>::retain_square_reduction (in /tmp/calcium-consumer-builds.X7kU2Y/calcium-reuse/debug/calcium-rank-dominance-baseline)
==46==    by 0x4172495: <hyperreal::rational::arithmetic::Rational>::extract_square_reduced_retained (in /tmp/calcium-consumer-builds.X7kU2Y/calcium-reuse/debug/calcium-rank-dominance-baseline)
==46==    by 0x413CF15: <hyperreal::real::arithmetic::Real>::sqrt (in /tmp/calcium-consumer-builds.X7kU2Y/calcium-reuse/debug/calcium-rank-dominance-baseline)
==46==    by 0x40E3DDB: calcium_rank_dominance_baseline::scalar (in /tmp/calcium-consumer-builds.X7kU2Y/calcium-reuse/debug/calcium-rank-dominance-baseline)
==46==    by 0x40E10B4: calcium_rank_dominance_baseline::main (in /tmp/calcium-consumer-builds.X7kU2Y/calcium-reuse/debug/calcium-rank-dominance-baseline)
==46==    by 0x40E7162: <fn() as core::ops::function::FnOnce<()>>::call_once (in /tmp/calcium-consumer-builds.X7kU2Y/calcium-reuse/debug/calcium-rank-dominance-baseline)
==46==    by 0x40E0835: std::sys::backtrace::__rust_begin_short_backtrace::<fn(), ()> (in /tmp/calcium-consumer-builds.X7kU2Y/calcium-reuse/debug/calcium-rank-dominance-baseline)
==46==    by 0x40E0AC8: std::rt::lang_start::<()>::{closure#0} (in /tmp/calcium-consumer-builds.X7kU2Y/calcium-reuse/debug/calcium-rank-dominance-baseline)
==46==    by 0x4287DB6: std::rt::lang_start_internal (in /tmp/calcium-consumer-builds.X7kU2Y/calcium-reuse/debug/calcium-rank-dominance-baseline)
==46== 
==46== 208 bytes in 2 blocks are still reachable in loss record 14 of 15
==46==    at 0x4B2BAE6: malloc (vg_replace_malloc.c:447)
==46==    by 0x4228941: <alloc::alloc::Global>::alloc_impl_runtime (in /tmp/calcium-consumer-builds.X7kU2Y/calcium-reuse/debug/calcium-rank-dominance-baseline)
==46==    by 0x4215514: alloc::boxed::box_new_uninit (in /tmp/calcium-consumer-builds.X7kU2Y/calcium-reuse/debug/calcium-rank-dominance-baseline)
==46==    by 0x4240C27: <alloc::sync::Arc<hyperreal::rational::arithmetic::RationalData>>::new (in /tmp/calcium-consumer-builds.X7kU2Y/calcium-reuse/debug/calcium-rank-dominance-baseline)
==46==    by 0x4180CB6: <hyperreal::rational::arithmetic::Rational>::from_parts_raw (in /tmp/calcium-consumer-builds.X7kU2Y/calcium-reuse/debug/calcium-rank-dominance-baseline)
==46==    by 0x416B9E5: <hyperreal::rational::arithmetic::Rational>::small_integer::{closure#0} (in /tmp/calcium-consumer-builds.X7kU2Y/calcium-reuse/debug/calcium-rank-dominance-baseline)
==46==    by 0x423F155: <std::sync::once_lock::OnceLock<hyperreal::rational::arithmetic::Rational>>::get_or_init::<<hyperreal::rational::arithmetic::Rational>::small_integer::{closure#0}>::{closure#0} (in /tmp/calcium-consumer-builds.X7kU2Y/calcium-reuse/debug/calcium-rank-dominance-baseline)
==46==    by 0x423F088: <std::sync::once_lock::OnceLock<hyperreal::rational::arithmetic::Rational>>::initialize::<<std::sync::once_lock::OnceLock<hyperreal::rational::arithmetic::Rational>>::get_or_init<<hyperreal::rational::arithmetic::Rational>::small_integer::{closure#0}>::{closure#0}, !>::{closure#0} (in /tmp/calcium-consumer-builds.X7kU2Y/calcium-reuse/debug/calcium-rank-dominance-baseline)
==46==    by 0x42376A3: <std::sync::once::Once>::call_once_force::<<std::sync::once_lock::OnceLock<hyperreal::rational::arithmetic::Rational>>::initialize<<std::sync::once_lock::OnceLock<hyperreal::rational::arithmetic::Rational>>::get_or_init<<hyperreal::rational::arithmetic::Rational>::small_integer::{closure#0}>::{closure#0}, !>::{closure#0}>::{closure#0} (in /tmp/calcium-consumer-builds.X7kU2Y/calcium-reuse/debug/calcium-rank-dominance-baseline)
==46==    by 0x427A638: <std::sys::sync::once::futex::Once>::call (in /tmp/calcium-consumer-builds.X7kU2Y/calcium-reuse/debug/calcium-rank-dominance-baseline)
==46==    by 0x4236D46: <std::sync::once::Once>::call_once_force::<<std::sync::once_lock::OnceLock<hyperreal::rational::arithmetic::Rational>>::initialize<<std::sync::once_lock::OnceLock<hyperreal::rational::arithmetic::Rational>>::get_or_init<<hyperreal::rational::arithmetic::Rational>::small_integer::{closure#0}>::{closure#0}, !>::{closure#0}> (in /tmp/calcium-consumer-builds.X7kU2Y/calcium-reuse/debug/calcium-rank-dominance-baseline)
==46==    by 0x423C965: <std::sync::once_lock::OnceLock<hyperreal::rational::arithmetic::Rational>>::initialize::<<std::sync::once_lock::OnceLock<hyperreal::rational::arithmetic::Rational>>::get_or_init<<hyperreal::rational::arithmetic::Rational>::small_integer::{closure#0}>::{closure#0}, !> (in /tmp/calcium-consumer-builds.X7kU2Y/calcium-reuse/debug/calcium-rank-dominance-baseline)
==46== 
==46== 544 bytes in 1 blocks are still reachable in loss record 15 of 15
==46==    at 0x4B2BAE6: malloc (vg_replace_malloc.c:447)
==46==    by 0x428AC29: std::sys::pal::unix::stack_overflow::thread_info::set_current_info (in /tmp/calcium-consumer-builds.X7kU2Y/calcium-reuse/debug/calcium-rank-dominance-baseline)
==46==    by 0x4287CEF: std::rt::lang_start_internal (in /tmp/calcium-consumer-builds.X7kU2Y/calcium-reuse/debug/calcium-rank-dominance-baseline)
==46==    by 0x40E0820: std::rt::lang_start::<()> (in /tmp/calcium-consumer-builds.X7kU2Y/calcium-reuse/debug/calcium-rank-dominance-baseline)
==46==    by 0x40E71C4: main (in /tmp/calcium-consumer-builds.X7kU2Y/calcium-reuse/debug/calcium-rank-dominance-baseline)
==46== 
==46== LEAK SUMMARY:
==46==    definitely lost: 0 bytes in 0 blocks
==46==    indirectly lost: 0 bytes in 0 blocks
==46==      possibly lost: 0 bytes in 0 blocks
==46==    still reachable: 2,272 bytes in 16 blocks
==46==         suppressed: 0 bytes in 0 blocks
==46== 
==46== For lists of detected and suppressed errors, rerun with: -s
==46== ERROR SUMMARY: 0 errors from 0 contexts (suppressed: 0 from 0)
