family,kind,width,position,floor,status,expected_rank
row,0,2,0,-32,Certified,1
row,0,2,1,-32,Certified,1
row,0,3,0,-32,Certified,1
row,0,3,1,-32,Certified,1
row,0,3,2,-32,Certified,1
row,0,4,0,-32,Certified,1
row,0,4,1,-32,Certified,1
row,0,4,2,-32,Certified,1
row,0,4,3,-32,Certified,1
row,0,6,0,-32,Certified,1
row,0,6,1,-32,Certified,1
row,0,6,2,-32,Certified,1
row,0,6,3,-32,Certified,1
row,0,6,4,-32,Certified,1
row,0,6,5,-32,Certified,1
row,0,8,0,-32,Certified,1
row,0,8,1,-32,Certified,1
row,0,8,2,-32,Certified,1
row,0,8,3,-32,Certified,1
row,0,8,4,-32,Certified,1
row,0,8,5,-32,Certified,1
row,0,8,6,-32,Certified,1
row,0,8,7,-32,Certified,1
column,0,2,0,-32,Certified,1
column,0,2,1,-32,Certified,1
column,0,3,0,-32,Certified,1
column,0,3,1,-32,Certified,1
column,0,3,2,-32,Certified,1
column,0,4,0,-32,Certified,1
column,0,4,1,-32,Certified,1
column,0,4,2,-32,Certified,1
column,0,4,3,-32,Certified,1
column,0,6,0,-32,Certified,1
column,0,6,1,-32,Certified,1
column,0,6,2,-32,Certified,1
column,0,6,3,-32,Certified,1
column,0,6,4,-32,Certified,1
column,0,6,5,-32,Certified,1
rank2,0,3,0,-32,Certified,2
rank2,0,4,0,-32,Certified,2
rank2,0,5,0,-32,Certified,2
rank2,0,6,0,-32,Certified,2
rank2,0,7,0,-32,Certified,2
blocked,0,2,0,-32,Certified,2
blocked,0,2,1,-32,Certified,1
blocked,0,3,2,-32,Certified,2
row,1,2,0,-32,Certified,1
row,1,2,1,-32,Certified,1
row,1,3,0,-32,Certified,1
row,1,3,1,-32,Certified,1
row,1,3,2,-32,Certified,1
row,1,4,0,-32,Certified,1
row,1,4,1,-32,Certified,1
row,1,4,2,-32,Certified,1
row,1,4,3,-32,Certified,1
row,1,6,0,-32,Certified,1
row,1,6,1,-32,Certified,1
row,1,6,2,-32,Certified,1
row,1,6,3,-32,Certified,1
row,1,6,4,-32,Certified,1
row,1,6,5,-32,Certified,1
row,1,8,0,-32,Certified,1
row,1,8,1,-32,Certified,1
row,1,8,2,-32,Certified,1
row,1,8,3,-32,Certified,1
row,1,8,4,-32,Certified,1
row,1,8,5,-32,Certified,1
row,1,8,6,-32,Certified,1
row,1,8,7,-32,Certified,1
column,1,2,0,-32,Certified,1
column,1,2,1,-32,Certified,1
column,1,3,0,-32,Certified,1
column,1,3,1,-32,Certified,1
column,1,3,2,-32,Certified,1
column,1,4,0,-32,Certified,1
column,1,4,1,-32,Certified,1
column,1,4,2,-32,Certified,1
column,1,4,3,-32,Certified,1
column,1,6,0,-32,Certified,1
column,1,6,1,-32,Certified,1
column,1,6,2,-32,Certified,1
column,1,6,3,-32,Certified,1
column,1,6,4,-32,Certified,1
column,1,6,5,-32,Certified,1
rank2,1,3,0,-32,Certified,2
rank2,1,4,0,-32,Certified,2
rank2,1,5,0,-32,Certified,2
rank2,1,6,0,-32,Certified,2
rank2,1,7,0,-32,Certified,2
blocked,1,2,0,-32,Certified,2
blocked,1,2,1,-32,Certified,1
blocked,1,3,2,-32,Certified,2
row,2,2,0,-32,Certified,1
row,2,2,1,-32,Certified,1
row,2,3,0,-32,Certified,1
row,2,3,1,-32,Certified,1
row,2,3,2,-32,Certified,1
row,2,4,0,-32,Certified,1
row,2,4,1,-32,Certified,1
row,2,4,2,-32,Certified,1
row,2,4,3,-32,Certified,1
row,2,6,0,-32,Certified,1
row,2,6,1,-32,Certified,1
row,2,6,2,-32,Certified,1
row,2,6,3,-32,Certified,1
row,2,6,4,-32,Certified,1
row,2,6,5,-32,Certified,1
row,2,8,0,-32,Certified,1
row,2,8,1,-32,Certified,1
row,2,8,2,-32,Certified,1
row,2,8,3,-32,Certified,1
row,2,8,4,-32,Certified,1
row,2,8,5,-32,Certified,1
row,2,8,6,-32,Certified,1
row,2,8,7,-32,Certified,1
column,2,2,0,-32,Certified,1
column,2,2,1,-32,Certified,1
column,2,3,0,-32,Certified,1
column,2,3,1,-32,Certified,1
column,2,3,2,-32,Certified,1
column,2,4,0,-32,Certified,1
column,2,4,1,-32,Certified,1
column,2,4,2,-32,Certified,1
column,2,4,3,-32,Certified,1
column,2,6,0,-32,Certified,1
column,2,6,1,-32,Certified,1
column,2,6,2,-32,Certified,1
column,2,6,3,-32,Certified,1
column,2,6,4,-32,Certified,1
column,2,6,5,-32,Certified,1
rank2,2,3,0,-32,Certified,2
rank2,2,4,0,-32,Certified,2
rank2,2,5,0,-32,Certified,2
rank2,2,6,0,-32,Certified,2
rank2,2,7,0,-32,Certified,2
blocked,2,2,0,-32,Certified,2
blocked,2,2,1,-32,Certified,1
blocked,2,3,2,-32,Certified,2
row,3,2,0,-32,Certified,1
row,3,2,1,-32,Undecided,1
row,3,3,0,-32,Certified,1
row,3,3,1,-32,Undecided,1
row,3,3,2,-32,Undecided,1
row,3,4,0,-32,Certified,1
row,3,4,1,-32,Undecided,1
row,3,4,2,-32,Undecided,1
row,3,4,3,-32,Undecided,1
row,3,6,0,-32,Certified,1
row,3,6,1,-32,Undecided,1
row,3,6,2,-32,Undecided,1
row,3,6,3,-32,Undecided,1
row,3,6,4,-32,Undecided,1
row,3,6,5,-32,Undecided,1
row,3,8,0,-32,Certified,1
row,3,8,1,-32,Undecided,1
row,3,8,2,-32,Undecided,1
row,3,8,3,-32,Undecided,1
row,3,8,4,-32,Undecided,1
row,3,8,5,-32,Undecided,1
row,3,8,6,-32,Undecided,1
row,3,8,7,-32,Undecided,1
column,3,2,0,-32,Certified,1
column,3,2,1,-32,Undecided,1
column,3,3,0,-32,Certified,1
column,3,3,1,-32,Undecided,1
column,3,3,2,-32,Undecided,1
column,3,4,0,-32,Certified,1
column,3,4,1,-32,Undecided,1
column,3,4,2,-32,Undecided,1
column,3,4,3,-32,Undecided,1
column,3,6,0,-32,Certified,1
column,3,6,1,-32,Undecided,1
column,3,6,2,-32,Undecided,1
column,3,6,3,-32,Undecided,1
column,3,6,4,-32,Undecided,1
column,3,6,5,-32,Undecided,1
rank2,3,3,0,-32,Undecided,2
rank2,3,4,0,-32,Undecided,2
rank2,3,5,0,-32,Undecided,2
rank2,3,6,0,-32,Undecided,2
rank2,3,7,0,-32,Undecided,2
blocked,3,2,0,-32,Undecided,2
blocked,3,2,1,-32,Undecided,1
blocked,3,3,2,-32,Undecided,2
row,4,2,0,-32,Certified,1
row,4,2,1,-32,Undecided,1
row,4,3,0,-32,Certified,1
row,4,3,1,-32,Undecided,1
row,4,3,2,-32,Undecided,1
row,4,4,0,-32,Certified,1
row,4,4,1,-32,Undecided,1
row,4,4,2,-32,Undecided,1
row,4,4,3,-32,Undecided,1
row,4,6,0,-32,Certified,1
row,4,6,1,-32,Undecided,1
row,4,6,2,-32,Undecided,1
row,4,6,3,-32,Undecided,1
row,4,6,4,-32,Undecided,1
row,4,6,5,-32,Undecided,1
row,4,8,0,-32,Certified,1
row,4,8,1,-32,Undecided,1
row,4,8,2,-32,Undecided,1
row,4,8,3,-32,Undecided,1
row,4,8,4,-32,Undecided,1
row,4,8,5,-32,Undecided,1
row,4,8,6,-32,Undecided,1
row,4,8,7,-32,Undecided,1
column,4,2,0,-32,Certified,1
column,4,2,1,-32,Undecided,1
column,4,3,0,-32,Certified,1
column,4,3,1,-32,Undecided,1
column,4,3,2,-32,Undecided,1
column,4,4,0,-32,Certified,1
column,4,4,1,-32,Undecided,1
column,4,4,2,-32,Undecided,1
column,4,4,3,-32,Undecided,1
column,4,6,0,-32,Certified,1
column,4,6,1,-32,Undecided,1
column,4,6,2,-32,Undecided,1
column,4,6,3,-32,Undecided,1
column,4,6,4,-32,Undecided,1
column,4,6,5,-32,Undecided,1
rank2,4,3,0,-32,Undecided,2
rank2,4,4,0,-32,Undecided,2
rank2,4,5,0,-32,Undecided,2
rank2,4,6,0,-32,Undecided,2
rank2,4,7,0,-32,Undecided,2
blocked,4,2,0,-32,Undecided,1
blocked,4,2,1,-32,Undecided,0
blocked,4,3,2,-32,Undecided,1
row,5,2,0,-32,Certified,1
row,5,2,1,-32,Certified,1
row,5,3,0,-32,Certified,1
row,5,3,1,-32,Certified,1
row,5,3,2,-32,Certified,1
row,5,4,0,-32,Certified,1
row,5,4,1,-32,Certified,1
row,5,4,2,-32,Certified,1
row,5,4,3,-32,Certified,1
row,5,6,0,-32,Certified,1
row,5,6,1,-32,Certified,1
row,5,6,2,-32,Certified,1
row,5,6,3,-32,Certified,1
row,5,6,4,-32,Certified,1
row,5,6,5,-32,Certified,1
row,5,8,0,-32,Certified,1
row,5,8,1,-32,Certified,1
row,5,8,2,-32,Certified,1
row,5,8,3,-32,Certified,1
row,5,8,4,-32,Certified,1
row,5,8,5,-32,Certified,1
row,5,8,6,-32,Certified,1
row,5,8,7,-32,Certified,1
column,5,2,0,-32,Certified,1
column,5,2,1,-32,Certified,1
column,5,3,0,-32,Certified,1
column,5,3,1,-32,Certified,1
column,5,3,2,-32,Certified,1
column,5,4,0,-32,Certified,1
column,5,4,1,-32,Certified,1
column,5,4,2,-32,Certified,1
column,5,4,3,-32,Certified,1
column,5,6,0,-32,Certified,1
column,5,6,1,-32,Certified,1
column,5,6,2,-32,Certified,1
column,5,6,3,-32,Certified,1
column,5,6,4,-32,Certified,1
column,5,6,5,-32,Certified,1
rank2,5,3,0,-32,Certified,2
rank2,5,4,0,-32,Certified,2
rank2,5,5,0,-32,Certified,2
rank2,5,6,0,-32,Certified,2
rank2,5,7,0,-32,Certified,2
blocked,5,2,0,-32,Certified,1
blocked,5,2,1,-32,Certified,0
blocked,5,3,2,-32,Certified,1
row,0,2,0,-128,Certified,1
row,0,2,1,-128,Certified,1
row,0,3,0,-128,Certified,1
row,0,3,1,-128,Certified,1
row,0,3,2,-128,Certified,1
row,0,4,0,-128,Certified,1
row,0,4,1,-128,Certified,1
row,0,4,2,-128,Certified,1
row,0,4,3,-128,Certified,1
row,0,6,0,-128,Certified,1
row,0,6,1,-128,Certified,1
row,0,6,2,-128,Certified,1
row,0,6,3,-128,Certified,1
row,0,6,4,-128,Certified,1
row,0,6,5,-128,Certified,1
row,0,8,0,-128,Certified,1
row,0,8,1,-128,Certified,1
row,0,8,2,-128,Certified,1
row,0,8,3,-128,Certified,1
row,0,8,4,-128,Certified,1
row,0,8,5,-128,Certified,1
row,0,8,6,-128,Certified,1
row,0,8,7,-128,Certified,1
column,0,2,0,-128,Certified,1
column,0,2,1,-128,Certified,1
column,0,3,0,-128,Certified,1
column,0,3,1,-128,Certified,1
column,0,3,2,-128,Certified,1
column,0,4,0,-128,Certified,1
column,0,4,1,-128,Certified,1
column,0,4,2,-128,Certified,1
column,0,4,3,-128,Certified,1
column,0,6,0,-128,Certified,1
column,0,6,1,-128,Certified,1
column,0,6,2,-128,Certified,1
column,0,6,3,-128,Certified,1
column,0,6,4,-128,Certified,1
column,0,6,5,-128,Certified,1
rank2,0,3,0,-128,Certified,2
rank2,0,4,0,-128,Certified,2
rank2,0,5,0,-128,Certified,2
rank2,0,6,0,-128,Certified,2
rank2,0,7,0,-128,Certified,2
blocked,0,2,0,-128,Certified,2
blocked,0,2,1,-128,Certified,1
blocked,0,3,2,-128,Certified,2
row,1,2,0,-128,Certified,1
row,1,2,1,-128,Certified,1
row,1,3,0,-128,Certified,1
row,1,3,1,-128,Certified,1
row,1,3,2,-128,Certified,1
row,1,4,0,-128,Certified,1
row,1,4,1,-128,Certified,1
row,1,4,2,-128,Certified,1
row,1,4,3,-128,Certified,1
row,1,6,0,-128,Certified,1
row,1,6,1,-128,Certified,1
row,1,6,2,-128,Certified,1
row,1,6,3,-128,Certified,1
row,1,6,4,-128,Certified,1
row,1,6,5,-128,Certified,1
row,1,8,0,-128,Certified,1
row,1,8,1,-128,Certified,1
row,1,8,2,-128,Certified,1
row,1,8,3,-128,Certified,1
row,1,8,4,-128,Certified,1
row,1,8,5,-128,Certified,1
row,1,8,6,-128,Certified,1
row,1,8,7,-128,Certified,1
column,1,2,0,-128,Certified,1
column,1,2,1,-128,Certified,1
column,1,3,0,-128,Certified,1
column,1,3,1,-128,Certified,1
column,1,3,2,-128,Certified,1
column,1,4,0,-128,Certified,1
column,1,4,1,-128,Certified,1
column,1,4,2,-128,Certified,1
column,1,4,3,-128,Certified,1
column,1,6,0,-128,Certified,1
column,1,6,1,-128,Certified,1
column,1,6,2,-128,Certified,1
column,1,6,3,-128,Certified,1
column,1,6,4,-128,Certified,1
column,1,6,5,-128,Certified,1
rank2,1,3,0,-128,Certified,2
rank2,1,4,0,-128,Certified,2
rank2,1,5,0,-128,Certified,2
rank2,1,6,0,-128,Certified,2
rank2,1,7,0,-128,Certified,2
blocked,1,2,0,-128,Certified,2
blocked,1,2,1,-128,Certified,1
blocked,1,3,2,-128,Certified,2
row,2,2,0,-128,Certified,1
row,2,2,1,-128,Certified,1
row,2,3,0,-128,Certified,1
row,2,3,1,-128,Certified,1
row,2,3,2,-128,Certified,1
row,2,4,0,-128,Certified,1
row,2,4,1,-128,Certified,1
row,2,4,2,-128,Certified,1
row,2,4,3,-128,Certified,1
row,2,6,0,-128,Certified,1
row,2,6,1,-128,Certified,1
row,2,6,2,-128,Certified,1
row,2,6,3,-128,Certified,1
row,2,6,4,-128,Certified,1
row,2,6,5,-128,Certified,1
row,2,8,0,-128,Certified,1
row,2,8,1,-128,Certified,1
row,2,8,2,-128,Certified,1
row,2,8,3,-128,Certified,1
row,2,8,4,-128,Certified,1
row,2,8,5,-128,Certified,1
row,2,8,6,-128,Certified,1
row,2,8,7,-128,Certified,1
column,2,2,0,-128,Certified,1
column,2,2,1,-128,Certified,1
column,2,3,0,-128,Certified,1
column,2,3,1,-128,Certified,1
column,2,3,2,-128,Certified,1
column,2,4,0,-128,Certified,1
column,2,4,1,-128,Certified,1
column,2,4,2,-128,Certified,1
column,2,4,3,-128,Certified,1
column,2,6,0,-128,Certified,1
column,2,6,1,-128,Certified,1
column,2,6,2,-128,Certified,1
column,2,6,3,-128,Certified,1
column,2,6,4,-128,Certified,1
column,2,6,5,-128,Certified,1
rank2,2,3,0,-128,Certified,2
rank2,2,4,0,-128,Certified,2
rank2,2,5,0,-128,Certified,2
rank2,2,6,0,-128,Certified,2
rank2,2,7,0,-128,Certified,2
blocked,2,2,0,-128,Certified,2
blocked,2,2,1,-128,Certified,1
blocked,2,3,2,-128,Certified,2
row,3,2,0,-128,Certified,1
row,3,2,1,-128,Undecided,1
row,3,3,0,-128,Certified,1
row,3,3,1,-128,Undecided,1
row,3,3,2,-128,Undecided,1
row,3,4,0,-128,Certified,1
row,3,4,1,-128,Undecided,1
row,3,4,2,-128,Undecided,1
row,3,4,3,-128,Undecided,1
row,3,6,0,-128,Certified,1
row,3,6,1,-128,Undecided,1
row,3,6,2,-128,Undecided,1
row,3,6,3,-128,Undecided,1
row,3,6,4,-128,Undecided,1
row,3,6,5,-128,Undecided,1
row,3,8,0,-128,Certified,1
row,3,8,1,-128,Undecided,1
row,3,8,2,-128,Undecided,1
row,3,8,3,-128,Undecided,1
row,3,8,4,-128,Undecided,1
row,3,8,5,-128,Undecided,1
row,3,8,6,-128,Undecided,1
row,3,8,7,-128,Undecided,1
column,3,2,0,-128,Certified,1
column,3,2,1,-128,Undecided,1
column,3,3,0,-128,Certified,1
column,3,3,1,-128,Undecided,1
column,3,3,2,-128,Undecided,1
column,3,4,0,-128,Certified,1
column,3,4,1,-128,Undecided,1
column,3,4,2,-128,Undecided,1
column,3,4,3,-128,Undecided,1
column,3,6,0,-128,Certified,1
column,3,6,1,-128,Undecided,1
column,3,6,2,-128,Undecided,1
column,3,6,3,-128,Undecided,1
column,3,6,4,-128,Undecided,1
column,3,6,5,-128,Undecided,1
rank2,3,3,0,-128,Undecided,2
rank2,3,4,0,-128,Undecided,2
rank2,3,5,0,-128,Undecided,2
rank2,3,6,0,-128,Undecided,2
rank2,3,7,0,-128,Undecided,2
blocked,3,2,0,-128,Undecided,2
blocked,3,2,1,-128,Undecided,1
blocked,3,3,2,-128,Undecided,2
row,4,2,0,-128,Certified,1
row,4,2,1,-128,Undecided,1
row,4,3,0,-128,Certified,1
row,4,3,1,-128,Undecided,1
row,4,3,2,-128,Undecided,1
row,4,4,0,-128,Certified,1
row,4,4,1,-128,Undecided,1
row,4,4,2,-128,Undecided,1
row,4,4,3,-128,Undecided,1
row,4,6,0,-128,Certified,1
row,4,6,1,-128,Undecided,1
row,4,6,2,-128,Undecided,1
row,4,6,3,-128,Undecided,1
row,4,6,4,-128,Undecided,1
row,4,6,5,-128,Undecided,1
row,4,8,0,-128,Certified,1
row,4,8,1,-128,Undecided,1
row,4,8,2,-128,Undecided,1
row,4,8,3,-128,Undecided,1
row,4,8,4,-128,Undecided,1
row,4,8,5,-128,Undecided,1
row,4,8,6,-128,Undecided,1
row,4,8,7,-128,Undecided,1
column,4,2,0,-128,Certified,1
column,4,2,1,-128,Undecided,1
column,4,3,0,-128,Certified,1
column,4,3,1,-128,Undecided,1
column,4,3,2,-128,Undecided,1
column,4,4,0,-128,Certified,1
column,4,4,1,-128,Undecided,1
column,4,4,2,-128,Undecided,1
column,4,4,3,-128,Undecided,1
column,4,6,0,-128,Certified,1
column,4,6,1,-128,Undecided,1
column,4,6,2,-128,Undecided,1
column,4,6,3,-128,Undecided,1
column,4,6,4,-128,Undecided,1
column,4,6,5,-128,Undecided,1
rank2,4,3,0,-128,Undecided,2
rank2,4,4,0,-128,Undecided,2
rank2,4,5,0,-128,Undecided,2
rank2,4,6,0,-128,Undecided,2
rank2,4,7,0,-128,Undecided,2
blocked,4,2,0,-128,Undecided,1
blocked,4,2,1,-128,Undecided,0
blocked,4,3,2,-128,Undecided,1
row,5,2,0,-128,Certified,1
row,5,2,1,-128,Certified,1
row,5,3,0,-128,Certified,1
row,5,3,1,-128,Certified,1
row,5,3,2,-128,Certified,1
row,5,4,0,-128,Certified,1
row,5,4,1,-128,Certified,1
row,5,4,2,-128,Certified,1
row,5,4,3,-128,Certified,1
row,5,6,0,-128,Certified,1
row,5,6,1,-128,Certified,1
row,5,6,2,-128,Certified,1
row,5,6,3,-128,Certified,1
row,5,6,4,-128,Certified,1
row,5,6,5,-128,Certified,1
row,5,8,0,-128,Certified,1
row,5,8,1,-128,Certified,1
row,5,8,2,-128,Certified,1
row,5,8,3,-128,Certified,1
row,5,8,4,-128,Certified,1
row,5,8,5,-128,Certified,1
row,5,8,6,-128,Certified,1
row,5,8,7,-128,Certified,1
column,5,2,0,-128,Certified,1
column,5,2,1,-128,Certified,1
column,5,3,0,-128,Certified,1
column,5,3,1,-128,Certified,1
column,5,3,2,-128,Certified,1
column,5,4,0,-128,Certified,1
column,5,4,1,-128,Certified,1
column,5,4,2,-128,Certified,1
column,5,4,3,-128,Certified,1
column,5,6,0,-128,Certified,1
column,5,6,1,-128,Certified,1
column,5,6,2,-128,Certified,1
column,5,6,3,-128,Certified,1
column,5,6,4,-128,Certified,1
column,5,6,5,-128,Certified,1
rank2,5,3,0,-128,Certified,2
rank2,5,4,0,-128,Certified,2
rank2,5,5,0,-128,Certified,2
rank2,5,6,0,-128,Certified,2
rank2,5,7,0,-128,Certified,2
blocked,5,2,0,-128,Certified,1
blocked,5,2,1,-128,Certified,0
blocked,5,3,2,-128,Certified,1
row,0,2,0,-512,Certified,1
row,0,2,1,-512,Certified,1
row,0,3,0,-512,Certified,1
row,0,3,1,-512,Certified,1
row,0,3,2,-512,Certified,1
row,0,4,0,-512,Certified,1
row,0,4,1,-512,Certified,1
row,0,4,2,-512,Certified,1
row,0,4,3,-512,Certified,1
row,0,6,0,-512,Certified,1
row,0,6,1,-512,Certified,1
row,0,6,2,-512,Certified,1
row,0,6,3,-512,Certified,1
row,0,6,4,-512,Certified,1
row,0,6,5,-512,Certified,1
row,0,8,0,-512,Certified,1
row,0,8,1,-512,Certified,1
row,0,8,2,-512,Certified,1
row,0,8,3,-512,Certified,1
row,0,8,4,-512,Certified,1
row,0,8,5,-512,Certified,1
row,0,8,6,-512,Certified,1
row,0,8,7,-512,Certified,1
column,0,2,0,-512,Certified,1
column,0,2,1,-512,Certified,1
column,0,3,0,-512,Certified,1
column,0,3,1,-512,Certified,1
column,0,3,2,-512,Certified,1
column,0,4,0,-512,Certified,1
column,0,4,1,-512,Certified,1
column,0,4,2,-512,Certified,1
column,0,4,3,-512,Certified,1
column,0,6,0,-512,Certified,1
column,0,6,1,-512,Certified,1
column,0,6,2,-512,Certified,1
column,0,6,3,-512,Certified,1
column,0,6,4,-512,Certified,1
column,0,6,5,-512,Certified,1
rank2,0,3,0,-512,Certified,2
rank2,0,4,0,-512,Certified,2
rank2,0,5,0,-512,Certified,2
rank2,0,6,0,-512,Certified,2
rank2,0,7,0,-512,Certified,2
blocked,0,2,0,-512,Certified,2
blocked,0,2,1,-512,Certified,1
blocked,0,3,2,-512,Certified,2
row,1,2,0,-512,Certified,1
row,1,2,1,-512,Certified,1
row,1,3,0,-512,Certified,1
row,1,3,1,-512,Certified,1
row,1,3,2,-512,Certified,1
row,1,4,0,-512,Certified,1
row,1,4,1,-512,Certified,1
row,1,4,2,-512,Certified,1
row,1,4,3,-512,Certified,1
row,1,6,0,-512,Certified,1
row,1,6,1,-512,Certified,1
row,1,6,2,-512,Certified,1
row,1,6,3,-512,Certified,1
row,1,6,4,-512,Certified,1
row,1,6,5,-512,Certified,1
row,1,8,0,-512,Certified,1
row,1,8,1,-512,Certified,1
row,1,8,2,-512,Certified,1
row,1,8,3,-512,Certified,1
row,1,8,4,-512,Certified,1
row,1,8,5,-512,Certified,1
row,1,8,6,-512,Certified,1
row,1,8,7,-512,Certified,1
column,1,2,0,-512,Certified,1
column,1,2,1,-512,Certified,1
column,1,3,0,-512,Certified,1
column,1,3,1,-512,Certified,1
column,1,3,2,-512,Certified,1
column,1,4,0,-512,Certified,1
column,1,4,1,-512,Certified,1
column,1,4,2,-512,Certified,1
column,1,4,3,-512,Certified,1
column,1,6,0,-512,Certified,1
column,1,6,1,-512,Certified,1
column,1,6,2,-512,Certified,1
column,1,6,3,-512,Certified,1
column,1,6,4,-512,Certified,1
column,1,6,5,-512,Certified,1
rank2,1,3,0,-512,Certified,2
rank2,1,4,0,-512,Certified,2
rank2,1,5,0,-512,Certified,2
rank2,1,6,0,-512,Certified,2
rank2,1,7,0,-512,Certified,2
blocked,1,2,0,-512,Certified,2
blocked,1,2,1,-512,Certified,1
blocked,1,3,2,-512,Certified,2
row,2,2,0,-512,Certified,1
row,2,2,1,-512,Certified,1
row,2,3,0,-512,Certified,1
row,2,3,1,-512,Certified,1
row,2,3,2,-512,Certified,1
row,2,4,0,-512,Certified,1
row,2,4,1,-512,Certified,1
row,2,4,2,-512,Certified,1
row,2,4,3,-512,Certified,1
row,2,6,0,-512,Certified,1
row,2,6,1,-512,Certified,1
row,2,6,2,-512,Certified,1
row,2,6,3,-512,Certified,1
row,2,6,4,-512,Certified,1
row,2,6,5,-512,Certified,1
row,2,8,0,-512,Certified,1
row,2,8,1,-512,Certified,1
row,2,8,2,-512,Certified,1
row,2,8,3,-512,Certified,1
row,2,8,4,-512,Certified,1
row,2,8,5,-512,Certified,1
row,2,8,6,-512,Certified,1
row,2,8,7,-512,Certified,1
column,2,2,0,-512,Certified,1
column,2,2,1,-512,Certified,1
column,2,3,0,-512,Certified,1
column,2,3,1,-512,Certified,1
column,2,3,2,-512,Certified,1
column,2,4,0,-512,Certified,1
column,2,4,1,-512,Certified,1
column,2,4,2,-512,Certified,1
column,2,4,3,-512,Certified,1
column,2,6,0,-512,Certified,1
column,2,6,1,-512,Certified,1
column,2,6,2,-512,Certified,1
column,2,6,3,-512,Certified,1
column,2,6,4,-512,Certified,1
column,2,6,5,-512,Certified,1
rank2,2,3,0,-512,Certified,2
rank2,2,4,0,-512,Certified,2
rank2,2,5,0,-512,Certified,2
rank2,2,6,0,-512,Certified,2
rank2,2,7,0,-512,Certified,2
blocked,2,2,0,-512,Certified,2
blocked,2,2,1,-512,Certified,1
blocked,2,3,2,-512,Certified,2
row,3,2,0,-512,Certified,1
row,3,2,1,-512,Undecided,1
row,3,3,0,-512,Certified,1
row,3,3,1,-512,Undecided,1
row,3,3,2,-512,Undecided,1
row,3,4,0,-512,Certified,1
row,3,4,1,-512,Undecided,1
row,3,4,2,-512,Undecided,1
row,3,4,3,-512,Undecided,1
row,3,6,0,-512,Certified,1
row,3,6,1,-512,Undecided,1
row,3,6,2,-512,Undecided,1
row,3,6,3,-512,Undecided,1
row,3,6,4,-512,Undecided,1
row,3,6,5,-512,Undecided,1
row,3,8,0,-512,Certified,1
row,3,8,1,-512,Undecided,1
row,3,8,2,-512,Undecided,1
row,3,8,3,-512,Undecided,1
row,3,8,4,-512,Undecided,1
row,3,8,5,-512,Undecided,1
row,3,8,6,-512,Undecided,1
row,3,8,7,-512,Undecided,1
column,3,2,0,-512,Certified,1
column,3,2,1,-512,Undecided,1
column,3,3,0,-512,Certified,1
column,3,3,1,-512,Undecided,1
column,3,3,2,-512,Undecided,1
column,3,4,0,-512,Certified,1
column,3,4,1,-512,Undecided,1
column,3,4,2,-512,Undecided,1
column,3,4,3,-512,Undecided,1
column,3,6,0,-512,Certified,1
column,3,6,1,-512,Undecided,1
column,3,6,2,-512,Undecided,1
column,3,6,3,-512,Undecided,1
column,3,6,4,-512,Undecided,1
column,3,6,5,-512,Undecided,1
rank2,3,3,0,-512,Undecided,2
rank2,3,4,0,-512,Undecided,2
rank2,3,5,0,-512,Undecided,2
rank2,3,6,0,-512,Undecided,2
rank2,3,7,0,-512,Undecided,2
blocked,3,2,0,-512,Undecided,2
blocked,3,2,1,-512,Undecided,1
blocked,3,3,2,-512,Undecided,2
row,4,2,0,-512,Certified,1
row,4,2,1,-512,Undecided,1
row,4,3,0,-512,Certified,1
row,4,3,1,-512,Undecided,1
row,4,3,2,-512,Undecided,1
row,4,4,0,-512,Certified,1
row,4,4,1,-512,Undecided,1
row,4,4,2,-512,Undecided,1
row,4,4,3,-512,Undecided,1
row,4,6,0,-512,Certified,1
row,4,6,1,-512,Undecided,1
row,4,6,2,-512,Undecided,1
row,4,6,3,-512,Undecided,1
row,4,6,4,-512,Undecided,1
row,4,6,5,-512,Undecided,1
row,4,8,0,-512,Certified,1
row,4,8,1,-512,Undecided,1
row,4,8,2,-512,Undecided,1
row,4,8,3,-512,Undecided,1
row,4,8,4,-512,Undecided,1
row,4,8,5,-512,Undecided,1
row,4,8,6,-512,Undecided,1
row,4,8,7,-512,Undecided,1
column,4,2,0,-512,Certified,1
column,4,2,1,-512,Undecided,1
column,4,3,0,-512,Certified,1
column,4,3,1,-512,Undecided,1
column,4,3,2,-512,Undecided,1
column,4,4,0,-512,Certified,1
column,4,4,1,-512,Undecided,1
column,4,4,2,-512,Undecided,1
column,4,4,3,-512,Undecided,1
column,4,6,0,-512,Certified,1
column,4,6,1,-512,Undecided,1
column,4,6,2,-512,Undecided,1
column,4,6,3,-512,Undecided,1
column,4,6,4,-512,Undecided,1
column,4,6,5,-512,Undecided,1
rank2,4,3,0,-512,Undecided,2
rank2,4,4,0,-512,Undecided,2
rank2,4,5,0,-512,Undecided,2
rank2,4,6,0,-512,Undecided,2
rank2,4,7,0,-512,Undecided,2
blocked,4,2,0,-512,Undecided,1
blocked,4,2,1,-512,Undecided,0
blocked,4,3,2,-512,Undecided,1
row,5,2,0,-512,Certified,1
row,5,2,1,-512,Certified,1
row,5,3,0,-512,Certified,1
row,5,3,1,-512,Certified,1
row,5,3,2,-512,Certified,1
row,5,4,0,-512,Certified,1
row,5,4,1,-512,Certified,1
row,5,4,2,-512,Certified,1
row,5,4,3,-512,Certified,1
row,5,6,0,-512,Certified,1
row,5,6,1,-512,Certified,1
row,5,6,2,-512,Certified,1
row,5,6,3,-512,Certified,1
row,5,6,4,-512,Certified,1
row,5,6,5,-512,Certified,1
row,5,8,0,-512,Certified,1
row,5,8,1,-512,Certified,1
row,5,8,2,-512,Certified,1
row,5,8,3,-512,Certified,1
row,5,8,4,-512,Certified,1
row,5,8,5,-512,Certified,1
row,5,8,6,-512,Certified,1
row,5,8,7,-512,Certified,1
column,5,2,0,-512,Certified,1
column,5,2,1,-512,Certified,1
column,5,3,0,-512,Certified,1
column,5,3,1,-512,Certified,1
column,5,3,2,-512,Certified,1
column,5,4,0,-512,Certified,1
column,5,4,1,-512,Certified,1
column,5,4,2,-512,Certified,1
column,5,4,3,-512,Certified,1
column,5,6,0,-512,Certified,1
column,5,6,1,-512,Certified,1
column,5,6,2,-512,Certified,1
column,5,6,3,-512,Certified,1
column,5,6,4,-512,Certified,1
column,5,6,5,-512,Certified,1
rank2,5,3,0,-512,Certified,2
rank2,5,4,0,-512,Certified,2
rank2,5,5,0,-512,Certified,2
rank2,5,6,0,-512,Certified,2
rank2,5,7,0,-512,Certified,2
blocked,5,2,0,-512,Certified,1
blocked,5,2,1,-512,Certified,0
blocked,5,3,2,-512,Certified,1
{"suite":"rank-dominance","queries":828}
