==19== Memcheck, a memory error detector
==19== Copyright (C) 2002-2026, and GNU GPL'd, by Julian Seward et al.
==19== Using Valgrind-3.27.1 and LibVEX; rerun with -h for copyright info
==19== Command: /tmp/calcium-consumer-builds.X7kU2Y/calcium-reuse/release/calcium-scoped-thread-control
==19== 
==19== 
==19== HEAP SUMMARY:
==19==     in use at exit: 592 bytes in 2 blocks
==19==   total heap usage: 175 allocs, 173 frees, 12,236 bytes allocated
==19== 
==19== 48 bytes in 1 blocks are possibly lost in loss record 1 of 2
==19==    at 0x489DAE6: malloc (vg_replace_malloc.c:447)
==19==    by 0x403654E: alloc (unix.rs:14)
==19==    by 0x403654E: alloc_impl (alloc.rs:151)
==19==    by 0x403654E: allocate (alloc.rs:214)
==19==    by 0x403654E: {closure#0}<std::thread::thread::Inner, std::alloc::System> (sync.rs:810)
==19==    by 0x403654E: allocate_for_layout<core::mem::maybe_uninit::MaybeUninit<std::thread::thread::Inner>, alloc::sync::{impl#17}::new_uninit_in::{closure_env#0}<std::thread::thread::Inner, std::alloc::System>, fn(*mut u8) -> *mut alloc::sync::ArcInner<core::mem::maybe_uninit::MaybeUninit<std::thread::thread::Inner>>> (sync.rs:2185)
==19==    by 0x403654E: new_uninit_in<std::thread::thread::Inner, std::alloc::System> (sync.rs:808)
==19==    by 0x403654E: <std::thread::thread::Thread>::new (thread.rs:102)
==19==    by 0x403ECF9: std::thread::current::init_current (current.rs:294)
==19==    by 0x4016BA8: scoped_thread_control::main (in /tmp/calcium-consumer-builds.X7kU2Y/calcium-reuse/release/calcium-scoped-thread-control)
==19==    by 0x40169C2: std::sys::backtrace::__rust_begin_short_backtrace::<fn(), ()> (in /tmp/calcium-consumer-builds.X7kU2Y/calcium-reuse/release/calcium-scoped-thread-control)
==19==    by 0x4016A18: std::rt::lang_start::<()>::{closure#0} (in /tmp/calcium-consumer-builds.X7kU2Y/calcium-reuse/release/calcium-scoped-thread-control)
==19==    by 0x403D8E6: call_once<(), (dyn core::ops::function::Fn<(), Output=i32> + core::marker::Sync + core::panic::unwind_safe::RefUnwindSafe)> (function.rs:287)
==19==    by 0x403D8E6: do_call<&(dyn core::ops::function::Fn<(), Output=i32> + core::marker::Sync + core::panic::unwind_safe::RefUnwindSafe), i32> (panicking.rs:581)
==19==    by 0x403D8E6: catch_unwind<i32, &(dyn core::ops::function::Fn<(), Output=i32> + core::marker::Sync + core::panic::unwind_safe::RefUnwindSafe)> (panicking.rs:544)
==19==    by 0x403D8E6: catch_unwind<&(dyn core::ops::function::Fn<(), Output=i32> + core::marker::Sync + core::panic::unwind_safe::RefUnwindSafe), i32> (panic.rs:359)
==19==    by 0x403D8E6: {closure#0} (rt.rs:175)
==19==    by 0x403D8E6: do_call<std::rt::lang_start_internal::{closure_env#0}, isize> (panicking.rs:581)
==19==    by 0x403D8E6: catch_unwind<isize, std::rt::lang_start_internal::{closure_env#0}> (panicking.rs:544)
==19==    by 0x403D8E6: catch_unwind<std::rt::lang_start_internal::{closure_env#0}, isize> (panic.rs:359)
==19==    by 0x403D8E6: std::rt::lang_start_internal (rt.rs:171)
==19==    by 0x4017654: main (in /tmp/calcium-consumer-builds.X7kU2Y/calcium-reuse/release/calcium-scoped-thread-control)
==19== 
==19== 544 bytes in 1 blocks are still reachable in loss record 2 of 2
==19==    at 0x489DAE6: malloc (vg_replace_malloc.c:447)
==19==    by 0x4040779: alloc (alloc.rs:101)
==19==    by 0x4040779: alloc_impl_runtime (alloc.rs:210)
==19==    by 0x4040779: alloc_impl (alloc.rs:332)
==19==    by 0x4040779: allocate (alloc.rs:449)
==19==    by 0x4040779: try_new_uninit_in<alloc::collections::btree::node::LeafNode<usize, std::sys::pal::unix::stack_overflow::thread_info::ThreadInfo>, alloc::alloc::Global> (boxed.rs:614)
==19==    by 0x4040779: new_uninit_in<alloc::collections::btree::node::LeafNode<usize, std::sys::pal::unix::stack_overflow::thread_info::ThreadInfo>, alloc::alloc::Global> (boxed.rs:581)
==19==    by 0x4040779: new<usize, std::sys::pal::unix::stack_overflow::thread_info::ThreadInfo, alloc::alloc::Global> (node.rs:87)
==19==    by 0x4040779: new_leaf<usize, std::sys::pal::unix::stack_overflow::thread_info::ThreadInfo, alloc::alloc::Global> (node.rs:225)
==19==    by 0x4040779: insert_entry<usize, std::sys::pal::unix::stack_overflow::thread_info::ThreadInfo, alloc::alloc::Global> (entry.rs:386)
==19==    by 0x4040779: insert<usize, std::sys::pal::unix::stack_overflow::thread_info::ThreadInfo, alloc::alloc::Global> (entry.rs:360)
==19==    by 0x4040779: insert<usize, std::sys::pal::unix::stack_overflow::thread_info::ThreadInfo, alloc::alloc::Global> (map.rs:1052)
==19==    by 0x4040779: std::sys::pal::unix::stack_overflow::thread_info::set_current_info (thread_info.rs:122)
==19==    by 0x403D81F: init (stack_overflow.rs:179)
==19==    by 0x403D81F: init (mod.rs:41)
==19==    by 0x403D81F: init (rt.rs:118)
==19==    by 0x403D81F: {closure#0} (rt.rs:173)
==19==    by 0x403D81F: do_call<std::rt::lang_start_internal::{closure_env#0}, isize> (panicking.rs:581)
==19==    by 0x403D81F: catch_unwind<isize, std::rt::lang_start_internal::{closure_env#0}> (panicking.rs:544)
==19==    by 0x403D81F: catch_unwind<std::rt::lang_start_internal::{closure_env#0}, isize> (panic.rs:359)
==19==    by 0x403D81F: std::rt::lang_start_internal (rt.rs:171)
==19==    by 0x4017654: main (in /tmp/calcium-consumer-builds.X7kU2Y/calcium-reuse/release/calcium-scoped-thread-control)
==19== 
==19== LEAK SUMMARY:
==19==    definitely lost: 0 bytes in 0 blocks
==19==    indirectly lost: 0 bytes in 0 blocks
==19==      possibly lost: 48 bytes in 1 blocks
==19==    still reachable: 544 bytes in 1 blocks
==19==         suppressed: 0 bytes in 0 blocks
==19== 
==19== For lists of detected and suppressed errors, rerun with: -s
==19== ERROR SUMMARY: 1 errors from 1 contexts (suppressed: 0 from 0)
