
Elf file type is DYN (Position-Independent Executable file)
Entry point 0x47a90
There are 12 program headers, starting at offset 64

Program Headers:
  Type           Offset   VirtAddr           PhysAddr           FileSiz  MemSiz   Flg Align
  PHDR           0x000040 0x0000000000000040 0x0000000000000040 0x0002a0 0x0002a0 R   0x8
  INTERP         0x0002e0 0x00000000000002e0 0x00000000000002e0 0x00001c 0x00001c R   0x1
      [Requesting program interpreter: /lib64/ld-linux-x86-64.so.2]
  LOAD           0x000000 0x0000000000000000 0x0000000000000000 0x046a84 0x046a84 R   0x1000
  LOAD           0x046a90 0x0000000000047a90 0x0000000000047a90 0x108f50 0x108f50 R E 0x1000
  LOAD           0x14f9e0 0x00000000001519e0 0x00000000001519e0 0x0054d8 0x005620 RW  0x1000
  LOAD           0x154eb8 0x0000000000157eb8 0x0000000000157eb8 0x030370 0x030460 RW  0x1000
  TLS            0x14f9e0 0x00000000001519e0 0x00000000001519e0 0x000020 0x000350 R   0x8
  DYNAMIC        0x153c90 0x0000000000155c90 0x0000000000155c90 0x0001e0 0x0001e0 RW  0x8
  GNU_RELRO      0x14f9e0 0x00000000001519e0 0x00000000001519e0 0x0054d8 0x005620 R   0x1
  GNU_EH_FRAME   0x02ed78 0x000000000002ed78 0x000000000002ed78 0x00312c 0x00312c R   0x4
  GNU_STACK      0x000000 0x0000000000000000 0x0000000000000000 0x000000 0x000000 RW  0
  NOTE           0x0002fc 0x00000000000002fc 0x00000000000002fc 0x000044 0x000044 R   0x4

 Section to Segment mapping:
  Segment Sections...
   00     
   01     .interp 
   02     .interp .note.ABI-tag .note.gnu.build-id .dynsym .gnu.version .gnu.version_r .gnu.hash .dynstr .rela.dyn .rela.plt .gcc_except_table .rodata .eh_frame_hdr .eh_frame 
   03     .text .init .fini .plt 
   04     .tdata .data.rel.ro .fini_array .init_array .dynamic .got .got.plt .relro_padding 
   05     .tm_clone_table .data .bss 
   06     .tdata .tbss 
   07     .dynamic 
   08     .tdata .data.rel.ro .fini_array .init_array .dynamic .got .got.plt .relro_padding 
   09     .eh_frame_hdr 
   10     
   11     .note.ABI-tag .note.gnu.build-id 
