   Compiling num-rational v0.4.2
   Compiling libmimalloc-sys v0.1.47
   Compiling xprec v0.2.2
   Compiling ciborium v0.2.2
   Compiling anyhow v1.0.102
   Compiling itertools v0.14.0
   Compiling smartstring v1.0.1
   Compiling tracing-attributes v0.1.31
   Compiling foldhash v0.2.0
   Compiling dyn-clone v1.0.20
   Compiling fixedbitset v0.5.7
   Compiling log v0.4.29
   Compiling colored v3.1.1
   Compiling lazy_static v1.5.0
   Compiling bitflags v1.3.2
   Compiling pin-project-lite v0.2.17
   Compiling allocator-api2 v0.2.21
   Compiling clap_builder v4.6.0
   Compiling hashbrown v0.16.1
   Compiling tracing v0.1.44
   Compiling numerica v1.4.3
   Compiling region v3.0.2
   Compiling sharded-slab v0.1.7
   Compiling tracing-log v0.2.0
   Compiling petgraph v0.8.3
   Compiling num v0.4.3
   Compiling wasmtime-jit-icache-coherence v34.0.2
   Compiling brotli-decompressor v5.0.0
   Compiling matchers v0.2.0
   Compiling itertools v0.13.0
   Compiling derive_arbitrary v1.4.2
   Compiling thread_local v1.1.9
   Compiling static_assertions v1.1.0
   Compiling nu-ansi-term v0.50.3
   Compiling spec_math v0.1.6
   Compiling symbolica v1.5.1
   Compiling tracing-subscriber v0.3.23
   Compiling symjit v2.14.9
   Compiling criterion-plot v0.6.0
   Compiling arbitrary v1.4.2
   Compiling brotli v8.0.2
   Compiling hyperreal v0.13.1 (/home/tim/Documents/GitHub/workspace/exactcore-hyper-comparison/audits/continuation/calcium/reuse-consumers/hyperreal)
   Compiling mimalloc v0.1.50
   Compiling graphica v1.2.1
   Compiling clap v4.6.1
   Compiling regex v1.12.3
   Compiling tinytemplate v1.2.1
   Compiling libloading v0.9.0
   Compiling append-only-vec v0.1.8
   Compiling bytes v1.11.1
   Compiling self_cell v1.2.2
   Compiling tinyjson v2.5.1
   Compiling byteorder v1.5.0
   Compiling criterion v0.7.0
   Compiling proptest v1.11.0
   Compiling hyperlattice v0.6.1 (/home/tim/Documents/GitHub/workspace/exactcore-hyper-comparison/audits/continuation/calcium/reuse-consumers/hyperlattice)
    Finished `release` profile [optimized] target(s) in 3m 22s
     Running unittests src/lib.rs (/tmp/calcium-consumer-builds.X7kU2Y/calcium-reuse/release/deps/hyperlattice-8e330dc9675a59d5)
     Running tests/adversarial_borrowed_owned.rs (/tmp/calcium-consumer-builds.X7kU2Y/calcium-reuse/release/deps/adversarial_borrowed_owned-f63a119ca0880f1f)
     Running tests/adversarial_constraint_props.rs (/tmp/calcium-consumer-builds.X7kU2Y/calcium-reuse/release/deps/adversarial_constraint_props-11a23988a52a5471)
     Running tests/adversarial_matrix_invariants.rs (/tmp/calcium-consumer-builds.X7kU2Y/calcium-reuse/release/deps/adversarial_matrix_invariants-fdb1f2af7291d82d)
     Running tests/adversarial_props.rs (/tmp/calcium-consumer-builds.X7kU2Y/calcium-reuse/release/deps/adversarial_props-53a08d906c93195d)
     Running tests/adversarial_regressions.rs (/tmp/calcium-consumer-builds.X7kU2Y/calcium-reuse/release/deps/adversarial_regressions-000ebb97ec39c5d6)
     Running tests/adversarial_scalar_semantics.rs (/tmp/calcium-consumer-builds.X7kU2Y/calcium-reuse/release/deps/adversarial_scalar_semantics-800c47ec9054df5f)
     Running tests/api_surface_coverage.rs (/tmp/calcium-consumer-builds.X7kU2Y/calcium-reuse/release/deps/api_surface_coverage-39e54317ca6faf5f)
     Running tests/borrowed_ops.rs (/tmp/calcium-consumer-builds.X7kU2Y/calcium-reuse/release/deps/borrowed_ops-16d4eb045b672ed7)
     Running tests/complex.rs (/tmp/calcium-consumer-builds.X7kU2Y/calcium-reuse/release/deps/complex-b1c61c840d4cd07c)
     Running tests/geometric.rs (/tmp/calcium-consumer-builds.X7kU2Y/calcium-reuse/release/deps/geometric-74b662d157e5a4cf)
     Running tests/gmp_benchmark_coverage.rs (/tmp/calcium-consumer-builds.X7kU2Y/calcium-reuse/release/deps/gmp_benchmark_coverage-83e0dc7fa3c95593)
     Running tests/matrix.rs (/tmp/calcium-consumer-builds.X7kU2Y/calcium-reuse/release/deps/matrix-e6c4da82e6448073)
     Running tests/matrix_api_surface_coverage.rs (/tmp/calcium-consumer-builds.X7kU2Y/calcium-reuse/release/deps/matrix_api_surface_coverage-715384b1b5e7ed49)
     Running tests/readme.rs (/tmp/calcium-consumer-builds.X7kU2Y/calcium-reuse/release/deps/readme-37d7f295c41a727a)
     Running tests/real_representations.rs (/tmp/calcium-consumer-builds.X7kU2Y/calcium-reuse/release/deps/real_representations-03ca74c1520e37ba)
     Running tests/scalar.rs (/tmp/calcium-consumer-builds.X7kU2Y/calcium-reuse/release/deps/scalar-2fb30672cf9c52f4)
     Running tests/vector.rs (/tmp/calcium-consumer-builds.X7kU2Y/calcium-reuse/release/deps/vector-84080ebc99eb5bdd)
