==19== Memcheck, a memory error detector
==19== Copyright (C) 2002-2026, and GNU GPL'd, by Julian Seward et al.
==19== Using Valgrind-3.27.1 and LibVEX; rerun with -h for copyright info
==19== Command: /tmp/calcium-consumer-builds.X7kU2Y/calcium-reuse/release/calcium-reuse-proof-state
==19== 
==19== 
==19== HEAP SUMMARY:
==19==     in use at exit: 1,728 bytes in 11 blocks
==19==   total heap usage: 577,268 allocs, 577,257 frees, 45,082,116 bytes allocated
==19== 
==19== 16 bytes in 1 blocks are still reachable in loss record 1 of 10
==19==    at 0x4A4C8E1: realloc (vg_replace_malloc.c:1741)
==19==    by 0x40993D4: __gmp_default_reallocate (in /tmp/calcium-consumer-builds.X7kU2Y/calcium-reuse/release/calcium-reuse-proof-state)
==19==    by 0x409D0E0: __gmpz_realloc (in /tmp/calcium-consumer-builds.X7kU2Y/calcium-reuse/release/calcium-reuse-proof-state)
==19==    by 0x409B8D1: __gmpz_mul_ui (in /tmp/calcium-consumer-builds.X7kU2Y/calcium-reuse/release/calcium-reuse-proof-state)
==19==    by 0x4088C21: mpfr_exp2_aux2 (in /tmp/calcium-consumer-builds.X7kU2Y/calcium-reuse/release/calcium-reuse-proof-state)
==19==    by 0x4089505: mpfr_exp_2 (in /tmp/calcium-consumer-builds.X7kU2Y/calcium-reuse/release/calcium-reuse-proof-state)
==19==    by 0x407A818: mpfr_exp (in /tmp/calcium-consumer-builds.X7kU2Y/calcium-reuse/release/calcium-reuse-proof-state)
==19==    by 0x4076A95: calcium_reuse_proof_state::reference (in /tmp/calcium-consumer-builds.X7kU2Y/calcium-reuse/release/calcium-reuse-proof-state)
==19==    by 0x4074B17: calcium_reuse_proof_state::main (in /tmp/calcium-consumer-builds.X7kU2Y/calcium-reuse/release/calcium-reuse-proof-state)
==19==    by 0x4077842: std::sys::backtrace::__rust_begin_short_backtrace::<fn(), ()> (in /tmp/calcium-consumer-builds.X7kU2Y/calcium-reuse/release/calcium-reuse-proof-state)
==19==    by 0x4078818: std::rt::lang_start::<()>::{closure#0} (in /tmp/calcium-consumer-builds.X7kU2Y/calcium-reuse/release/calcium-reuse-proof-state)
==19==    by 0x41AB146: std::rt::lang_start_internal (in /tmp/calcium-consumer-builds.X7kU2Y/calcium-reuse/release/calcium-reuse-proof-state)
==19== 
==19== 48 bytes in 1 blocks are possibly lost in loss record 2 of 10
==19==    at 0x4A44AE6: malloc (vg_replace_malloc.c:447)
==19==    by 0x41A3DAE: <std::thread::thread::Thread>::new (in /tmp/calcium-consumer-builds.X7kU2Y/calcium-reuse/release/calcium-reuse-proof-state)
==19==    by 0x41AC579: std::thread::current::init_current (in /tmp/calcium-consumer-builds.X7kU2Y/calcium-reuse/release/calcium-reuse-proof-state)
==19==    by 0x40737BE: std::thread::scoped::scope::<calcium_reuse_proof_state::main::{closure#0}, ()> (in /tmp/calcium-consumer-builds.X7kU2Y/calcium-reuse/release/calcium-reuse-proof-state)
==19==    by 0x4074E82: calcium_reuse_proof_state::main (in /tmp/calcium-consumer-builds.X7kU2Y/calcium-reuse/release/calcium-reuse-proof-state)
==19==    by 0x4077842: std::sys::backtrace::__rust_begin_short_backtrace::<fn(), ()> (in /tmp/calcium-consumer-builds.X7kU2Y/calcium-reuse/release/calcium-reuse-proof-state)
==19==    by 0x4078818: std::rt::lang_start::<()>::{closure#0} (in /tmp/calcium-consumer-builds.X7kU2Y/calcium-reuse/release/calcium-reuse-proof-state)
==19==    by 0x41AB146: std::rt::lang_start_internal (in /tmp/calcium-consumer-builds.X7kU2Y/calcium-reuse/release/calcium-reuse-proof-state)
==19==    by 0x4076FE4: main (in /tmp/calcium-consumer-builds.X7kU2Y/calcium-reuse/release/calcium-reuse-proof-state)
==19== 
==19== 104 bytes in 1 blocks are still reachable in loss record 3 of 10
==19==    at 0x4A44AE6: malloc (vg_replace_malloc.c:447)
==19==    by 0x410AD09: <hyperreal::rational::arithmetic::RATIONAL_ZERO::{closure#0} as core::ops::function::FnOnce<()>>::call_once (in /tmp/calcium-consumer-builds.X7kU2Y/calcium-reuse/release/calcium-reuse-proof-state)
==19==    by 0x40E7FDA: <std::sync::once::Once>::call_once_force::<<std::sync::lazy_lock::LazyLock<hyperreal::rational::arithmetic::Rational>>::force::{closure#0}>::{closure#0} (in /tmp/calcium-consumer-builds.X7kU2Y/calcium-reuse/release/calcium-reuse-proof-state)
==19==    by 0x419D528: <std::sys::sync::once::futex::Once>::call (in /tmp/calcium-consumer-builds.X7kU2Y/calcium-reuse/release/calcium-reuse-proof-state)
==19==    by 0x4153BA9: <hyperreal::computable::node::Computable>::pi_acos_linear_form (in /tmp/calcium-consumer-builds.X7kU2Y/calcium-reuse/release/calcium-reuse-proof-state)
==19==    by 0x415658F: <hyperreal::computable::node::Computable>::signed_acos_minus_half_pi_argument (in /tmp/calcium-consumer-builds.X7kU2Y/calcium-reuse/release/calcium-reuse-proof-state)
==19==    by 0x4148A39: <hyperreal::computable::node::Computable>::sin (in /tmp/calcium-consumer-builds.X7kU2Y/calcium-reuse/release/calcium-reuse-proof-state)
==19==    by 0x4075C67: calcium_reuse_proof_state::pair (in /tmp/calcium-consumer-builds.X7kU2Y/calcium-reuse/release/calcium-reuse-proof-state)
==19==    by 0x4074AC8: calcium_reuse_proof_state::main (in /tmp/calcium-consumer-builds.X7kU2Y/calcium-reuse/release/calcium-reuse-proof-state)
==19==    by 0x4077842: std::sys::backtrace::__rust_begin_short_backtrace::<fn(), ()> (in /tmp/calcium-consumer-builds.X7kU2Y/calcium-reuse/release/calcium-reuse-proof-state)
==19==    by 0x4078818: std::rt::lang_start::<()>::{closure#0} (in /tmp/calcium-consumer-builds.X7kU2Y/calcium-reuse/release/calcium-reuse-proof-state)
==19==    by 0x41AB146: std::rt::lang_start_internal (in /tmp/calcium-consumer-builds.X7kU2Y/calcium-reuse/release/calcium-reuse-proof-state)
==19== 
==19== 104 bytes in 1 blocks are still reachable in loss record 4 of 10
==19==    at 0x4A44AE6: malloc (vg_replace_malloc.c:447)
==19==    by 0x410ABD2: <hyperreal::rational::arithmetic::RATIONAL_ONE::{closure#0} as core::ops::function::FnOnce<()>>::call_once (in /tmp/calcium-consumer-builds.X7kU2Y/calcium-reuse/release/calcium-reuse-proof-state)
==19==    by 0x40E7FDA: <std::sync::once::Once>::call_once_force::<<std::sync::lazy_lock::LazyLock<hyperreal::rational::arithmetic::Rational>>::force::{closure#0}>::{closure#0} (in /tmp/calcium-consumer-builds.X7kU2Y/calcium-reuse/release/calcium-reuse-proof-state)
==19==    by 0x419D528: <std::sys::sync::once::futex::Once>::call (in /tmp/calcium-consumer-builds.X7kU2Y/calcium-reuse/release/calcium-reuse-proof-state)
==19==    by 0x413F505: <hyperreal::computable::node::Computable>::exact_sign (in /tmp/calcium-consumer-builds.X7kU2Y/calcium-reuse/release/calcium-reuse-proof-state)
==19==    by 0x4138ECB: <hyperreal::computable::node::Computable>::sign_until (in /tmp/calcium-consumer-builds.X7kU2Y/calcium-reuse/release/calcium-reuse-proof-state)
==19==    by 0x4077C3B: std::sys::backtrace::__rust_begin_short_backtrace::<calcium_reuse_proof_state::main::{closure#0}::{closure#0}::{closure#0}, ()> (in /tmp/calcium-consumer-builds.X7kU2Y/calcium-reuse/release/calcium-reuse-proof-state)
==19==    by 0x40743A9: <std::thread::lifecycle::spawn_unchecked<calcium_reuse_proof_state::main::{closure#0}::{closure#0}::{closure#0}, ()>::{closure#1} as core::ops::function::FnOnce<()>>::call_once::{shim:vtable#0} (in /tmp/calcium-consumer-builds.X7kU2Y/calcium-reuse/release/calcium-reuse-proof-state)
==19==    by 0x41B005E: <std::sys::thread::unix::Thread>::new::thread_start (in /tmp/calcium-consumer-builds.X7kU2Y/calcium-reuse/release/calcium-reuse-proof-state)
==19==    by 0x4B103C3: start_thread (in /usr/lib64/libc.so.6)
==19==    by 0x4B93393: clone (in /usr/lib64/libc.so.6)
==19== 
==19== 104 bytes in 1 blocks are still reachable in loss record 5 of 10
==19==    at 0x4A44AE6: malloc (vg_replace_malloc.c:447)
==19==    by 0x40F96DF: <hyperreal::rational::arithmetic::Rational>::from_fraction_parts_reduced (in /tmp/calcium-consumer-builds.X7kU2Y/calcium-reuse/release/calcium-reuse-proof-state)
==19==    by 0x41645ED: <hyperreal::computable::node::HALF_RATIONAL::{closure#0} as core::ops::function::FnOnce<()>>::call_once (in /tmp/calcium-consumer-builds.X7kU2Y/calcium-reuse/release/calcium-reuse-proof-state)
==19==    by 0x413740A: <std::sync::once::Once>::call_once_force::<<std::sync::lazy_lock::LazyLock<hyperreal::rational::arithmetic::Rational>>::force::{closure#0}>::{closure#0} (in /tmp/calcium-consumer-builds.X7kU2Y/calcium-reuse/release/calcium-reuse-proof-state)
==19==    by 0x419D528: <std::sys::sync::once::futex::Once>::call (in /tmp/calcium-consumer-builds.X7kU2Y/calcium-reuse/release/calcium-reuse-proof-state)
==19==    by 0x41443E1: <hyperreal::computable::node::ExpRelationForm>::logarithm (in /tmp/calcium-consumer-builds.X7kU2Y/calcium-reuse/release/calcium-reuse-proof-state)
==19==    by 0x413E919: <hyperreal::computable::node::Computable>::exact_sign (in /tmp/calcium-consumer-builds.X7kU2Y/calcium-reuse/release/calcium-reuse-proof-state)
==19==    by 0x4138ECB: <hyperreal::computable::node::Computable>::sign_until (in /tmp/calcium-consumer-builds.X7kU2Y/calcium-reuse/release/calcium-reuse-proof-state)
==19==    by 0x4077C3B: std::sys::backtrace::__rust_begin_short_backtrace::<calcium_reuse_proof_state::main::{closure#0}::{closure#0}::{closure#0}, ()> (in /tmp/calcium-consumer-builds.X7kU2Y/calcium-reuse/release/calcium-reuse-proof-state)
==19==    by 0x40743A9: <std::thread::lifecycle::spawn_unchecked<calcium_reuse_proof_state::main::{closure#0}::{closure#0}::{closure#0}, ()>::{closure#1} as core::ops::function::FnOnce<()>>::call_once::{shim:vtable#0} (in /tmp/calcium-consumer-builds.X7kU2Y/calcium-reuse/release/calcium-reuse-proof-state)
==19==    by 0x41B005E: <std::sys::thread::unix::Thread>::new::thread_start (in /tmp/calcium-consumer-builds.X7kU2Y/calcium-reuse/release/calcium-reuse-proof-state)
==19==    by 0x4B103C3: start_thread (in /usr/lib64/libc.so.6)
==19== 
==19== 104 bytes in 1 blocks are still reachable in loss record 6 of 10
==19==    at 0x4A44AE6: malloc (vg_replace_malloc.c:447)
==19==    by 0x410AE42: <hyperreal::rational::arithmetic::RATIONAL_MINUS_ONE::{closure#0} as core::ops::function::FnOnce<()>>::call_once (in /tmp/calcium-consumer-builds.X7kU2Y/calcium-reuse/release/calcium-reuse-proof-state)
==19==    by 0x40E7FDA: <std::sync::once::Once>::call_once_force::<<std::sync::lazy_lock::LazyLock<hyperreal::rational::arithmetic::Rational>>::force::{closure#0}>::{closure#0} (in /tmp/calcium-consumer-builds.X7kU2Y/calcium-reuse/release/calcium-reuse-proof-state)
==19==    by 0x419D528: <std::sys::sync::once::futex::Once>::call (in /tmp/calcium-consumer-builds.X7kU2Y/calcium-reuse/release/calcium-reuse-proof-state)
==19==    by 0x40F91C8: <hyperreal::rational::arithmetic::Rational>::from_primitive_integer (in /tmp/calcium-consumer-builds.X7kU2Y/calcium-reuse/release/calcium-reuse-proof-state)
==19==    by 0x413E92F: <hyperreal::computable::node::Computable>::exact_sign (in /tmp/calcium-consumer-builds.X7kU2Y/calcium-reuse/release/calcium-reuse-proof-state)
==19==    by 0x4138ECB: <hyperreal::computable::node::Computable>::sign_until (in /tmp/calcium-consumer-builds.X7kU2Y/calcium-reuse/release/calcium-reuse-proof-state)
==19==    by 0x4077C3B: std::sys::backtrace::__rust_begin_short_backtrace::<calcium_reuse_proof_state::main::{closure#0}::{closure#0}::{closure#0}, ()> (in /tmp/calcium-consumer-builds.X7kU2Y/calcium-reuse/release/calcium-reuse-proof-state)
==19==    by 0x40743A9: <std::thread::lifecycle::spawn_unchecked<calcium_reuse_proof_state::main::{closure#0}::{closure#0}::{closure#0}, ()>::{closure#1} as core::ops::function::FnOnce<()>>::call_once::{shim:vtable#0} (in /tmp/calcium-consumer-builds.X7kU2Y/calcium-reuse/release/calcium-reuse-proof-state)
==19==    by 0x41B005E: <std::sys::thread::unix::Thread>::new::thread_start (in /tmp/calcium-consumer-builds.X7kU2Y/calcium-reuse/release/calcium-reuse-proof-state)
==19==    by 0x4B103C3: start_thread (in /usr/lib64/libc.so.6)
==19==    by 0x4B93393: clone (in /usr/lib64/libc.so.6)
==19== 
==19== 176 bytes in 1 blocks are still reachable in loss record 7 of 10
==19==    at 0x4A44AE6: malloc (vg_replace_malloc.c:447)
==19==    by 0x40EDBE2: <hyperreal::rational::arithmetic::Rational>::retain_linear (in /tmp/calcium-consumer-builds.X7kU2Y/calcium-reuse/release/calcium-reuse-proof-state)
==19==    by 0x40EDE44: <hyperreal::rational::arithmetic::Rational>::retain_sum_pair (in /tmp/calcium-consumer-builds.X7kU2Y/calcium-reuse/release/calcium-reuse-proof-state)
==19==    by 0x40F0C65: <hyperreal::rational::arithmetic::Rational>::add_ref (in /tmp/calcium-consumer-builds.X7kU2Y/calcium-reuse/release/calcium-reuse-proof-state)
==19==    by 0x41437BF: <hyperreal::computable::node::ExpRelationForm>::term (in /tmp/calcium-consumer-builds.X7kU2Y/calcium-reuse/release/calcium-reuse-proof-state)
==19==    by 0x4143E2B: <hyperreal::computable::node::ExpRelationForm>::linear (in /tmp/calcium-consumer-builds.X7kU2Y/calcium-reuse/release/calcium-reuse-proof-state)
==19==    by 0x4143E60: <hyperreal::computable::node::ExpRelationForm>::linear (in /tmp/calcium-consumer-builds.X7kU2Y/calcium-reuse/release/calcium-reuse-proof-state)
==19==    by 0x4143D96: <hyperreal::computable::node::ExpRelationForm>::linear (in /tmp/calcium-consumer-builds.X7kU2Y/calcium-reuse/release/calcium-reuse-proof-state)
==19==    by 0x41441D7: <hyperreal::computable::node::ExpRelationForm>::logarithm (in /tmp/calcium-consumer-builds.X7kU2Y/calcium-reuse/release/calcium-reuse-proof-state)
==19==    by 0x413E93F: <hyperreal::computable::node::Computable>::exact_sign (in /tmp/calcium-consumer-builds.X7kU2Y/calcium-reuse/release/calcium-reuse-proof-state)
==19==    by 0x4138ECB: <hyperreal::computable::node::Computable>::sign_until (in /tmp/calcium-consumer-builds.X7kU2Y/calcium-reuse/release/calcium-reuse-proof-state)
==19==    by 0x4077C3B: std::sys::backtrace::__rust_begin_short_backtrace::<calcium_reuse_proof_state::main::{closure#0}::{closure#0}::{closure#0}, ()> (in /tmp/calcium-consumer-builds.X7kU2Y/calcium-reuse/release/calcium-reuse-proof-state)
==19== 
==19== 208 bytes in 2 blocks are still reachable in loss record 8 of 10
==19==    at 0x4A44AE6: malloc (vg_replace_malloc.c:447)
==19==    by 0x4106C94: <&hyperreal::rational::arithmetic::Rational as core::ops::arith::Neg>::neg (in /tmp/calcium-consumer-builds.X7kU2Y/calcium-reuse/release/calcium-reuse-proof-state)
==19==    by 0x4107D5A: <&hyperreal::rational::arithmetic::Rational as core::ops::arith::Mul>::mul (in /tmp/calcium-consumer-builds.X7kU2Y/calcium-reuse/release/calcium-reuse-proof-state)
==19==    by 0x41081A2: <hyperreal::rational::arithmetic::Rational as core::ops::arith::Mul>::mul (in /tmp/calcium-consumer-builds.X7kU2Y/calcium-reuse/release/calcium-reuse-proof-state)
==19==    by 0x4143E52: <hyperreal::computable::node::ExpRelationForm>::linear (in /tmp/calcium-consumer-builds.X7kU2Y/calcium-reuse/release/calcium-reuse-proof-state)
==19==    by 0x4143D96: <hyperreal::computable::node::ExpRelationForm>::linear (in /tmp/calcium-consumer-builds.X7kU2Y/calcium-reuse/release/calcium-reuse-proof-state)
==19==    by 0x41441D7: <hyperreal::computable::node::ExpRelationForm>::logarithm (in /tmp/calcium-consumer-builds.X7kU2Y/calcium-reuse/release/calcium-reuse-proof-state)
==19==    by 0x413E93F: <hyperreal::computable::node::Computable>::exact_sign (in /tmp/calcium-consumer-builds.X7kU2Y/calcium-reuse/release/calcium-reuse-proof-state)
==19==    by 0x4138ECB: <hyperreal::computable::node::Computable>::sign_until (in /tmp/calcium-consumer-builds.X7kU2Y/calcium-reuse/release/calcium-reuse-proof-state)
==19==    by 0x4077C3B: std::sys::backtrace::__rust_begin_short_backtrace::<calcium_reuse_proof_state::main::{closure#0}::{closure#0}::{closure#0}, ()> (in /tmp/calcium-consumer-builds.X7kU2Y/calcium-reuse/release/calcium-reuse-proof-state)
==19==    by 0x40743A9: <std::thread::lifecycle::spawn_unchecked<calcium_reuse_proof_state::main::{closure#0}::{closure#0}::{closure#0}, ()>::{closure#1} as core::ops::function::FnOnce<()>>::call_once::{shim:vtable#0} (in /tmp/calcium-consumer-builds.X7kU2Y/calcium-reuse/release/calcium-reuse-proof-state)
==19==    by 0x41B005E: <std::sys::thread::unix::Thread>::new::thread_start (in /tmp/calcium-consumer-builds.X7kU2Y/calcium-reuse/release/calcium-reuse-proof-state)
==19== 
==19== 320 bytes in 1 blocks are still reachable in loss record 9 of 10
==19==    at 0x4A4C8E1: realloc (vg_replace_malloc.c:1741)
==19==    by 0x40993D4: __gmp_default_reallocate (in /tmp/calcium-consumer-builds.X7kU2Y/calcium-reuse/release/calcium-reuse-proof-state)
==19==    by 0x4083BDD: mpfr_set_prec (in /tmp/calcium-consumer-builds.X7kU2Y/calcium-reuse/release/calcium-reuse-proof-state)
==19==    by 0x4095B21: mpfr_cache (in /tmp/calcium-consumer-builds.X7kU2Y/calcium-reuse/release/calcium-reuse-proof-state)
==19==    by 0x408911A: mpfr_exp_2 (in /tmp/calcium-consumer-builds.X7kU2Y/calcium-reuse/release/calcium-reuse-proof-state)
==19==    by 0x407A818: mpfr_exp (in /tmp/calcium-consumer-builds.X7kU2Y/calcium-reuse/release/calcium-reuse-proof-state)
==19==    by 0x4076A85: calcium_reuse_proof_state::reference (in /tmp/calcium-consumer-builds.X7kU2Y/calcium-reuse/release/calcium-reuse-proof-state)
==19==    by 0x4074AFC: calcium_reuse_proof_state::main (in /tmp/calcium-consumer-builds.X7kU2Y/calcium-reuse/release/calcium-reuse-proof-state)
==19==    by 0x4077842: std::sys::backtrace::__rust_begin_short_backtrace::<fn(), ()> (in /tmp/calcium-consumer-builds.X7kU2Y/calcium-reuse/release/calcium-reuse-proof-state)
==19==    by 0x4078818: std::rt::lang_start::<()>::{closure#0} (in /tmp/calcium-consumer-builds.X7kU2Y/calcium-reuse/release/calcium-reuse-proof-state)
==19==    by 0x41AB146: std::rt::lang_start_internal (in /tmp/calcium-consumer-builds.X7kU2Y/calcium-reuse/release/calcium-reuse-proof-state)
==19==    by 0x4076FE4: main (in /tmp/calcium-consumer-builds.X7kU2Y/calcium-reuse/release/calcium-reuse-proof-state)
==19== 
==19== 544 bytes in 1 blocks are still reachable in loss record 10 of 10
==19==    at 0x4A44AE6: malloc (vg_replace_malloc.c:447)
==19==    by 0x41AE5D9: std::sys::pal::unix::stack_overflow::thread_info::set_current_info (in /tmp/calcium-consumer-builds.X7kU2Y/calcium-reuse/release/calcium-reuse-proof-state)
==19==    by 0x41AB07F: std::rt::lang_start_internal (in /tmp/calcium-consumer-builds.X7kU2Y/calcium-reuse/release/calcium-reuse-proof-state)
==19==    by 0x4076FE4: main (in /tmp/calcium-consumer-builds.X7kU2Y/calcium-reuse/release/calcium-reuse-proof-state)
==19== 
==19== LEAK SUMMARY:
==19==    definitely lost: 0 bytes in 0 blocks
==19==    indirectly lost: 0 bytes in 0 blocks
==19==      possibly lost: 48 bytes in 1 blocks
==19==    still reachable: 1,680 bytes in 10 blocks
==19==                       of which reachable via heuristic:
==19==                         newarray           : 320 bytes in 1 blocks
==19==         suppressed: 0 bytes in 0 blocks
==19== 
==19== For lists of detected and suppressed errors, rerun with: -s
==19== ERROR SUMMARY: 1 errors from 1 contexts (suppressed: 0 from 0)
