    Blocking waiting for file lock on build directory
   Compiling num-bigint v0.4.6
   Compiling num-complex v0.4.6
   Compiling serde_core v1.0.228
   Compiling num-rational v0.4.2
   Compiling serde v1.0.228
   Compiling num v0.4.3
   Compiling bytemuck v1.25.2
   Compiling safe_arch v1.2.0
   Compiling hyperreal v0.13.1 (/home/tim/Documents/GitHub/workspace/exactcore-hyper-comparison/audits/continuation/calcium/reuse-consumers/hyperreal)
   Compiling serde_json v1.0.149
   Compiling wide v1.7.0
   Compiling hyperlattice v0.6.1 (/home/tim/Documents/GitHub/workspace/exactcore-hyper-comparison/audits/continuation/calcium/reuse-consumers/hyperlattice)
   Compiling approx v0.5.1
   Compiling simba v0.10.2
   Compiling hyperlimit v0.4.1 (/home/tim/Documents/GitHub/workspace/exactcore-hyper-comparison/audits/continuation/calcium/reuse-consumers/hyperlimit)
   Compiling ciborium v0.2.2
   Compiling tinytemplate v1.2.1
   Compiling nalgebra v0.35.0
   Compiling criterion v0.5.1
   Compiling roots v0.0.8
   Compiling hypersolve v0.3.1 (/home/tim/Documents/GitHub/workspace/exactcore-hyper-comparison/audits/continuation/calcium/reuse-consumers/hypersolve)
    Finished `test` profile [unoptimized] target(s) in 54.82s
     Running unittests src/lib.rs (/tmp/calcium-consumer-builds.X7kU2Y/calcium-reuse/debug/deps/hypersolve-e62b06eabccd5546)
     Running tests/exactcore_root_families.rs (/tmp/calcium-consumer-builds.X7kU2Y/calcium-reuse/debug/deps/exactcore_root_families-bd68d8a2679242b0)
     Running tests/quadratic_extraction.rs (/tmp/calcium-consumer-builds.X7kU2Y/calcium-reuse/debug/deps/quadratic_extraction-4d932b86f54044ff)
     Running tests/readme.rs (/tmp/calcium-consumer-builds.X7kU2Y/calcium-reuse/debug/deps/readme-e2cb461842cb74dd)
     Running tests/real_representations.rs (/tmp/calcium-consumer-builds.X7kU2Y/calcium-reuse/debug/deps/real_representations-117101db576db863)
     Running tests/residual_props.rs (/tmp/calcium-consumer-builds.X7kU2Y/calcium-reuse/debug/deps/residual_props-92313479d8c9bc9d)
     Running tests/smoke.rs (/tmp/calcium-consumer-builds.X7kU2Y/calcium-reuse/debug/deps/smoke-c3cee544aba9a04d)
