
Elf file type is DYN (Position-Independent Executable file)
Entry point 0x47af0
There are 12 program headers, starting at offset 64

Program Headers:
  Type           Offset   VirtAddr           PhysAddr           FileSiz  MemSiz   Flg Align
  PHDR           0x000040 0x0000000000000040 0x0000000000000040 0x0002a0 0x0002a0 R   0x8
  INTERP         0x0002e0 0x00000000000002e0 0x00000000000002e0 0x00001c 0x00001c R   0x1
      [Requesting program interpreter: /lib64/ld-linux-x86-64.so.2]
  LOAD           0x000000 0x0000000000000000 0x0000000000000000 0x046ae4 0x046ae4 R   0x1000
  LOAD           0x046af0 0x0000000000047af0 0x0000000000047af0 0x1097c0 0x1097c0 R E 0x1000
  LOAD           0x1502b0 0x00000000001522b0 0x00000000001522b0 0x005668 0x005d50 RW  0x1000
  LOAD           0x155918 0x0000000000158918 0x0000000000158918 0x030370 0x030460 RW  0x1000
  TLS            0x1502b0 0x00000000001522b0 0x00000000001522b0 0x0001b0 0x0004e0 R   0x8
  DYNAMIC        0x1546f0 0x00000000001566f0 0x00000000001566f0 0x0001e0 0x0001e0 RW  0x8
  GNU_RELRO      0x1502b0 0x00000000001522b0 0x00000000001522b0 0x005668 0x005d50 R   0x1
  GNU_EH_FRAME   0x02edb0 0x000000000002edb0 0x000000000002edb0 0x003134 0x003134 R   0x4
  GNU_STACK      0x000000 0x0000000000000000 0x0000000000000000 0x000000 0x000000 RW  0
  NOTE           0x0002fc 0x00000000000002fc 0x00000000000002fc 0x000044 0x000044 R   0x4

 Section to Segment mapping:
  Segment Sections...
   00     
   01     .interp 
   02     .interp .note.ABI-tag .note.gnu.build-id .dynsym .gnu.version .gnu.version_r .gnu.hash .dynstr .rela.dyn .rela.plt .gcc_except_table .rodata .eh_frame_hdr .eh_frame 
   03     .text .init .fini .plt 
   04     .tdata .data.rel.ro .fini_array .init_array .dynamic .got .got.plt .relro_padding 
   05     .tm_clone_table .data .bss 
   06     .tdata .tbss 
   07     .dynamic 
   08     .tdata .data.rel.ro .fini_array .init_array .dynamic .got .got.plt .relro_padding 
   09     .eh_frame_hdr 
   10     
   11     .note.ABI-tag .note.gnu.build-id 
