==46== Memcheck, a memory error detector
==46== Copyright (C) 2002-2026, and GNU GPL'd, by Julian Seward et al.
==46== Using Valgrind-3.27.1 and LibVEX; rerun with -h for copyright info
==46== Command: /home/tim/Documents/GitHub/workspace/.audit-builds/calcium-prototype/release/calcium-root-exp-sign-public-trial
==46== 
==46== 
==46== HEAP SUMMARY:
==46==     in use at exit: 7,208 bytes in 59 blocks
==46==   total heap usage: 48,778 allocs, 48,719 frees, 2,842,524 bytes allocated
==46== 
==46== 56 bytes in 1 blocks are still reachable in loss record 1 of 44
==46==    at 0x49C1AE6: malloc (vg_replace_malloc.c:447)
==46==    by 0x40B94A3: <hyperreal::computable::node::ApproximationCache>::store (in /home/tim/Documents/GitHub/workspace/.audit-builds/calcium-prototype/release/calcium-root-exp-sign-public-trial)
==46==    by 0x409A88B: <hyperreal::computable::node::Computable>::store_cache_value (in /home/tim/Documents/GitHub/workspace/.audit-builds/calcium-prototype/release/calcium-root-exp-sign-public-trial)
==46==    by 0x40B7ADF: <hyperreal::computable::node::Computable>::approx_signal (in /home/tim/Documents/GitHub/workspace/.audit-builds/calcium-prototype/release/calcium-root-exp-sign-public-trial)
==46==    by 0x409F6A4: <hyperreal::computable::node::Computable>::integer_ratio_nearest (in /home/tim/Documents/GitHub/workspace/.audit-builds/calcium-prototype/release/calcium-root-exp-sign-public-trial)
==46==    by 0x409DC5A: <hyperreal::computable::node::Computable>::reduced_exp (in /home/tim/Documents/GitHub/workspace/.audit-builds/calcium-prototype/release/calcium-root-exp-sign-public-trial)
==46==    by 0x40A231E: <hyperreal::computable::node::Computable>::exp (in /home/tim/Documents/GitHub/workspace/.audit-builds/calcium-prototype/release/calcium-root-exp-sign-public-trial)
==46==    by 0x407B308: <hyperreal::real::arithmetic::Real>::exp (in /home/tim/Documents/GitHub/workspace/.audit-builds/calcium-prototype/release/calcium-root-exp-sign-public-trial)
==46==    by 0x404B0E4: calcium_root_exp_sign_public_trial::main (in /home/tim/Documents/GitHub/workspace/.audit-builds/calcium-prototype/release/calcium-root-exp-sign-public-trial)
==46==    by 0x404AC92: std::sys::backtrace::__rust_begin_short_backtrace::<fn(), ()> (in /home/tim/Documents/GitHub/workspace/.audit-builds/calcium-prototype/release/calcium-root-exp-sign-public-trial)
==46==    by 0x404ACF8: std::rt::lang_start::<()>::{closure#0} (in /home/tim/Documents/GitHub/workspace/.audit-builds/calcium-prototype/release/calcium-root-exp-sign-public-trial)
==46==    by 0x412F4E6: std::rt::lang_start_internal (in /home/tim/Documents/GitHub/workspace/.audit-builds/calcium-prototype/release/calcium-root-exp-sign-public-trial)
==46== 
==46== 56 bytes in 1 blocks are still reachable in loss record 2 of 44
==46==    at 0x49C1AE6: malloc (vg_replace_malloc.c:447)
==46==    by 0x40B94A3: <hyperreal::computable::node::ApproximationCache>::store (in /home/tim/Documents/GitHub/workspace/.audit-builds/calcium-prototype/release/calcium-root-exp-sign-public-trial)
==46==    by 0x409A88B: <hyperreal::computable::node::Computable>::store_cache_value (in /home/tim/Documents/GitHub/workspace/.audit-builds/calcium-prototype/release/calcium-root-exp-sign-public-trial)
==46==    by 0x40B7ADF: <hyperreal::computable::node::Computable>::approx_signal (in /home/tim/Documents/GitHub/workspace/.audit-builds/calcium-prototype/release/calcium-root-exp-sign-public-trial)
==46==    by 0x40D8746: hyperreal::computable::approximation::half_pi_minus_rational (in /home/tim/Documents/GitHub/workspace/.audit-builds/calcium-prototype/release/calcium-root-exp-sign-public-trial)
==46==    by 0x40D9D54: hyperreal::computable::approximation::cos_half_pi_minus_rational (in /home/tim/Documents/GitHub/workspace/.audit-builds/calcium-prototype/release/calcium-root-exp-sign-public-trial)
==46==    by 0x40C4953: <hyperreal::computable::approximation::Approximation>::approximate (in /home/tim/Documents/GitHub/workspace/.audit-builds/calcium-prototype/release/calcium-root-exp-sign-public-trial)
==46==    by 0x40B778B: <hyperreal::computable::node::Computable>::approx_signal (in /home/tim/Documents/GitHub/workspace/.audit-builds/calcium-prototype/release/calcium-root-exp-sign-public-trial)
==46==    by 0x40A1EF6: <hyperreal::computable::node::Computable>::exp (in /home/tim/Documents/GitHub/workspace/.audit-builds/calcium-prototype/release/calcium-root-exp-sign-public-trial)
==46==    by 0x407B308: <hyperreal::real::arithmetic::Real>::exp (in /home/tim/Documents/GitHub/workspace/.audit-builds/calcium-prototype/release/calcium-root-exp-sign-public-trial)
==46==    by 0x404AF0C: calcium_root_exp_sign_public_trial::main (in /home/tim/Documents/GitHub/workspace/.audit-builds/calcium-prototype/release/calcium-root-exp-sign-public-trial)
==46==    by 0x404AC92: std::sys::backtrace::__rust_begin_short_backtrace::<fn(), ()> (in /home/tim/Documents/GitHub/workspace/.audit-builds/calcium-prototype/release/calcium-root-exp-sign-public-trial)
==46== 
==46== 72 bytes in 1 blocks are still reachable in loss record 3 of 44
==46==    at 0x49C1AE6: malloc (vg_replace_malloc.c:447)
==46==    by 0x40F3622: <alloc::raw_vec::RawVecInner>::try_allocate_in (in /home/tim/Documents/GitHub/workspace/.audit-builds/calcium-prototype/release/calcium-root-exp-sign-public-trial)
==46==    by 0x40B7A70: <hyperreal::computable::node::Computable>::approx_signal (in /home/tim/Documents/GitHub/workspace/.audit-builds/calcium-prototype/release/calcium-root-exp-sign-public-trial)
==46==    by 0x40D8746: hyperreal::computable::approximation::half_pi_minus_rational (in /home/tim/Documents/GitHub/workspace/.audit-builds/calcium-prototype/release/calcium-root-exp-sign-public-trial)
==46==    by 0x40D9D54: hyperreal::computable::approximation::cos_half_pi_minus_rational (in /home/tim/Documents/GitHub/workspace/.audit-builds/calcium-prototype/release/calcium-root-exp-sign-public-trial)
==46==    by 0x40C4953: <hyperreal::computable::approximation::Approximation>::approximate (in /home/tim/Documents/GitHub/workspace/.audit-builds/calcium-prototype/release/calcium-root-exp-sign-public-trial)
==46==    by 0x40B6B94: <hyperreal::computable::node::Computable>::approx_signal (in /home/tim/Documents/GitHub/workspace/.audit-builds/calcium-prototype/release/calcium-root-exp-sign-public-trial)
==46==    by 0x40E2308: hyperreal::computable::approximation::exp (in /home/tim/Documents/GitHub/workspace/.audit-builds/calcium-prototype/release/calcium-root-exp-sign-public-trial)
==46==    by 0x40C4646: <hyperreal::computable::approximation::Approximation>::approximate (in /home/tim/Documents/GitHub/workspace/.audit-builds/calcium-prototype/release/calcium-root-exp-sign-public-trial)
==46==    by 0x40B6B94: <hyperreal::computable::node::Computable>::approx_signal (in /home/tim/Documents/GitHub/workspace/.audit-builds/calcium-prototype/release/calcium-root-exp-sign-public-trial)
==46==    by 0x40E4537: hyperreal::computable::approximation::sqrt (in /home/tim/Documents/GitHub/workspace/.audit-builds/calcium-prototype/release/calcium-root-exp-sign-public-trial)
==46==    by 0x40C485D: <hyperreal::computable::approximation::Approximation>::approximate (in /home/tim/Documents/GitHub/workspace/.audit-builds/calcium-prototype/release/calcium-root-exp-sign-public-trial)
==46== 
==46== 72 bytes in 1 blocks are still reachable in loss record 4 of 44
==46==    at 0x49C1AE6: malloc (vg_replace_malloc.c:447)
==46==    by 0x40F3622: <alloc::raw_vec::RawVecInner>::try_allocate_in (in /home/tim/Documents/GitHub/workspace/.audit-builds/calcium-prototype/release/calcium-root-exp-sign-public-trial)
==46==    by 0x40B7A70: <hyperreal::computable::node::Computable>::approx_signal (in /home/tim/Documents/GitHub/workspace/.audit-builds/calcium-prototype/release/calcium-root-exp-sign-public-trial)
==46==    by 0x40D9167: hyperreal::computable::approximation::multiply_with_known_msd (in /home/tim/Documents/GitHub/workspace/.audit-builds/calcium-prototype/release/calcium-root-exp-sign-public-trial)
==46==    by 0x40C4881: <hyperreal::computable::approximation::Approximation>::approximate (in /home/tim/Documents/GitHub/workspace/.audit-builds/calcium-prototype/release/calcium-root-exp-sign-public-trial)
==46==    by 0x40B6B94: <hyperreal::computable::node::Computable>::approx_signal (in /home/tim/Documents/GitHub/workspace/.audit-builds/calcium-prototype/release/calcium-root-exp-sign-public-trial)
==46==    by 0x40E2308: hyperreal::computable::approximation::exp (in /home/tim/Documents/GitHub/workspace/.audit-builds/calcium-prototype/release/calcium-root-exp-sign-public-trial)
==46==    by 0x40C4646: <hyperreal::computable::approximation::Approximation>::approximate (in /home/tim/Documents/GitHub/workspace/.audit-builds/calcium-prototype/release/calcium-root-exp-sign-public-trial)
==46==    by 0x40B6B94: <hyperreal::computable::node::Computable>::approx_signal (in /home/tim/Documents/GitHub/workspace/.audit-builds/calcium-prototype/release/calcium-root-exp-sign-public-trial)
==46==    by 0x40E4537: hyperreal::computable::approximation::sqrt (in /home/tim/Documents/GitHub/workspace/.audit-builds/calcium-prototype/release/calcium-root-exp-sign-public-trial)
==46==    by 0x40C485D: <hyperreal::computable::approximation::Approximation>::approximate (in /home/tim/Documents/GitHub/workspace/.audit-builds/calcium-prototype/release/calcium-root-exp-sign-public-trial)
==46==    by 0x40B6B94: <hyperreal::computable::node::Computable>::approx_signal (in /home/tim/Documents/GitHub/workspace/.audit-builds/calcium-prototype/release/calcium-root-exp-sign-public-trial)
==46== 
==46== 96 bytes in 1 blocks are still reachable in loss record 5 of 44
==46==    at 0x49C1AE6: malloc (vg_replace_malloc.c:447)
==46==    by 0x4071E4D: <&num_bigint::biguint::BigUint as core::ops::arith::Mul>::mul (in /home/tim/Documents/GitHub/workspace/.audit-builds/calcium-prototype/release/calcium-root-exp-sign-public-trial)
==46==    by 0x4058701: <hyperreal::rational::arithmetic::Rational>::add_ref (in /home/tim/Documents/GitHub/workspace/.audit-builds/calcium-prototype/release/calcium-root-exp-sign-public-trial)
==46==    by 0x4046DD3: <hyperreal::real::arithmetic::Real as core::ops::arith::Add>::add (in /home/tim/Documents/GitHub/workspace/.audit-builds/calcium-prototype/release/calcium-root-exp-sign-public-trial)
==46==    by 0x404B0D8: calcium_root_exp_sign_public_trial::main (in /home/tim/Documents/GitHub/workspace/.audit-builds/calcium-prototype/release/calcium-root-exp-sign-public-trial)
==46==    by 0x404AC92: std::sys::backtrace::__rust_begin_short_backtrace::<fn(), ()> (in /home/tim/Documents/GitHub/workspace/.audit-builds/calcium-prototype/release/calcium-root-exp-sign-public-trial)
==46==    by 0x404ACF8: std::rt::lang_start::<()>::{closure#0} (in /home/tim/Documents/GitHub/workspace/.audit-builds/calcium-prototype/release/calcium-root-exp-sign-public-trial)
==46==    by 0x412F4E6: std::rt::lang_start_internal (in /home/tim/Documents/GitHub/workspace/.audit-builds/calcium-prototype/release/calcium-root-exp-sign-public-trial)
==46==    by 0x404D374: main (in /home/tim/Documents/GitHub/workspace/.audit-builds/calcium-prototype/release/calcium-root-exp-sign-public-trial)
==46== 
==46== 96 bytes in 1 blocks are still reachable in loss record 6 of 44
==46==    at 0x49C1AE6: malloc (vg_replace_malloc.c:447)
==46==    by 0x406E5D2: <&hyperreal::rational::arithmetic::Rational as core::ops::arith::Neg>::neg (in /home/tim/Documents/GitHub/workspace/.audit-builds/calcium-prototype/release/calcium-root-exp-sign-public-trial)
==46==    by 0x406F7D3: <&hyperreal::rational::arithmetic::Rational as core::ops::arith::Mul>::mul (in /home/tim/Documents/GitHub/workspace/.audit-builds/calcium-prototype/release/calcium-root-exp-sign-public-trial)
==46==    by 0x406FC02: <hyperreal::rational::arithmetic::Rational as core::ops::arith::Mul>::mul (in /home/tim/Documents/GitHub/workspace/.audit-builds/calcium-prototype/release/calcium-root-exp-sign-public-trial)
==46==    by 0x409D444: <hyperreal::computable::node::ExpRelationForm>::linear (in /home/tim/Documents/GitHub/workspace/.audit-builds/calcium-prototype/release/calcium-root-exp-sign-public-trial)
==46==    by 0x409D997: <hyperreal::computable::node::ExpRelationForm>::logarithm (in /home/tim/Documents/GitHub/workspace/.audit-builds/calcium-prototype/release/calcium-root-exp-sign-public-trial)
==46==    by 0x409821F: <hyperreal::computable::node::Computable>::exact_sign (in /home/tim/Documents/GitHub/workspace/.audit-builds/calcium-prototype/release/calcium-root-exp-sign-public-trial)
==46==    by 0x40B8011: <hyperreal::computable::node::Computable>::structural_facts (in /home/tim/Documents/GitHub/workspace/.audit-builds/calcium-prototype/release/calcium-root-exp-sign-public-trial)
==46==    by 0x404B298: calcium_root_exp_sign_public_trial::main (in /home/tim/Documents/GitHub/workspace/.audit-builds/calcium-prototype/release/calcium-root-exp-sign-public-trial)
==46==    by 0x404AC92: std::sys::backtrace::__rust_begin_short_backtrace::<fn(), ()> (in /home/tim/Documents/GitHub/workspace/.audit-builds/calcium-prototype/release/calcium-root-exp-sign-public-trial)
==46==    by 0x404ACF8: std::rt::lang_start::<()>::{closure#0} (in /home/tim/Documents/GitHub/workspace/.audit-builds/calcium-prototype/release/calcium-root-exp-sign-public-trial)
==46==    by 0x412F4E6: std::rt::lang_start_internal (in /home/tim/Documents/GitHub/workspace/.audit-builds/calcium-prototype/release/calcium-root-exp-sign-public-trial)
==46== 
==46== 104 bytes in 1 blocks are still reachable in loss record 7 of 44
==46==    at 0x49C1AE6: malloc (vg_replace_malloc.c:447)
==46==    by 0x4073462: <hyperreal::rational::arithmetic::RATIONAL_ONE::{closure#0} as core::ops::function::FnOnce<()>>::call_once (in /home/tim/Documents/GitHub/workspace/.audit-builds/calcium-prototype/release/calcium-root-exp-sign-public-trial)
==46==    by 0x404E68A: <std::sync::once::Once>::call_once_force::<<std::sync::lazy_lock::LazyLock<hyperreal::rational::arithmetic::Rational>>::force::{closure#0}>::{closure#0} (in /home/tim/Documents/GitHub/workspace/.audit-builds/calcium-prototype/release/calcium-root-exp-sign-public-trial)
==46==    by 0x4121D68: <std::sys::sync::once::futex::Once>::call (in /home/tim/Documents/GitHub/workspace/.audit-builds/calcium-prototype/release/calcium-root-exp-sign-public-trial)
==46==    by 0x407B9A7: <hyperreal::real::arithmetic::Real>::exp (in /home/tim/Documents/GitHub/workspace/.audit-builds/calcium-prototype/release/calcium-root-exp-sign-public-trial)
==46==    by 0x404AF0C: calcium_root_exp_sign_public_trial::main (in /home/tim/Documents/GitHub/workspace/.audit-builds/calcium-prototype/release/calcium-root-exp-sign-public-trial)
==46==    by 0x404AC92: std::sys::backtrace::__rust_begin_short_backtrace::<fn(), ()> (in /home/tim/Documents/GitHub/workspace/.audit-builds/calcium-prototype/release/calcium-root-exp-sign-public-trial)
==46==    by 0x404ACF8: std::rt::lang_start::<()>::{closure#0} (in /home/tim/Documents/GitHub/workspace/.audit-builds/calcium-prototype/release/calcium-root-exp-sign-public-trial)
==46==    by 0x412F4E6: std::rt::lang_start_internal (in /home/tim/Documents/GitHub/workspace/.audit-builds/calcium-prototype/release/calcium-root-exp-sign-public-trial)
==46==    by 0x404D374: main (in /home/tim/Documents/GitHub/workspace/.audit-builds/calcium-prototype/release/calcium-root-exp-sign-public-trial)
==46== 
==46== 104 bytes in 1 blocks are still reachable in loss record 8 of 44
==46==    at 0x49C1AE6: malloc (vg_replace_malloc.c:447)
==46==    by 0x40F1DE4: <std::sync::once::Once>::call_once_force::<<std::sync::once_lock::OnceLock<hyperreal::rational::arithmetic::Rational>>::initialize<<std::sync::once_lock::OnceLock<hyperreal::rational::arithmetic::Rational>>::get_or_init<<hyperreal::rational::arithmetic::Rational>::small_integer::{closure#0}>::{closure#0}, !>::{closure#0}>::{closure#0} (in /home/tim/Documents/GitHub/workspace/.audit-builds/calcium-prototype/release/calcium-root-exp-sign-public-trial)
==46==    by 0x4121D68: <std::sys::sync::once::futex::Once>::call (in /home/tim/Documents/GitHub/workspace/.audit-builds/calcium-prototype/release/calcium-root-exp-sign-public-trial)
==46==    by 0x40F1334: <std::sync::once_lock::OnceLock<hyperreal::rational::arithmetic::Rational>>::initialize::<<std::sync::once_lock::OnceLock<hyperreal::rational::arithmetic::Rational>>::get_or_init<<hyperreal::rational::arithmetic::Rational>::small_integer::{closure#0}>::{closure#0}, !> (in /home/tim/Documents/GitHub/workspace/.audit-builds/calcium-prototype/release/calcium-root-exp-sign-public-trial)
==46==    by 0x40611ED: <hyperreal::rational::arithmetic::Rational>::from_primitive_integer (in /home/tim/Documents/GitHub/workspace/.audit-builds/calcium-prototype/release/calcium-root-exp-sign-public-trial)
==46==    by 0x407F74F: <hyperreal::real::arithmetic::Real>::sqrt (in /home/tim/Documents/GitHub/workspace/.audit-builds/calcium-prototype/release/calcium-root-exp-sign-public-trial)
==46==    by 0x404AF41: calcium_root_exp_sign_public_trial::main (in /home/tim/Documents/GitHub/workspace/.audit-builds/calcium-prototype/release/calcium-root-exp-sign-public-trial)
==46==    by 0x404AC92: std::sys::backtrace::__rust_begin_short_backtrace::<fn(), ()> (in /home/tim/Documents/GitHub/workspace/.audit-builds/calcium-prototype/release/calcium-root-exp-sign-public-trial)
==46==    by 0x404ACF8: std::rt::lang_start::<()>::{closure#0} (in /home/tim/Documents/GitHub/workspace/.audit-builds/calcium-prototype/release/calcium-root-exp-sign-public-trial)
==46==    by 0x412F4E6: std::rt::lang_start_internal (in /home/tim/Documents/GitHub/workspace/.audit-builds/calcium-prototype/release/calcium-root-exp-sign-public-trial)
==46==    by 0x404D374: main (in /home/tim/Documents/GitHub/workspace/.audit-builds/calcium-prototype/release/calcium-root-exp-sign-public-trial)
==46== 
==46== 104 bytes in 1 blocks are still reachable in loss record 9 of 44
==46==    at 0x49C1AE6: malloc (vg_replace_malloc.c:447)
==46==    by 0x40F1F7A: <std::sync::once::Once>::call_once_force::<<std::sync::once_lock::OnceLock<hyperreal::rational::arithmetic::Rational>>::initialize<<std::sync::once_lock::OnceLock<hyperreal::rational::arithmetic::Rational>>::get_or_init<<hyperreal::rational::arithmetic::Rational>::small_reduced_dyadic::{closure#0}>::{closure#0}, !>::{closure#0}>::{closure#0} (in /home/tim/Documents/GitHub/workspace/.audit-builds/calcium-prototype/release/calcium-root-exp-sign-public-trial)
==46==    by 0x4121D68: <std::sys::sync::once::futex::Once>::call (in /home/tim/Documents/GitHub/workspace/.audit-builds/calcium-prototype/release/calcium-root-exp-sign-public-trial)
==46==    by 0x40F13DC: <std::sync::once_lock::OnceLock<hyperreal::rational::arithmetic::Rational>>::initialize::<<std::sync::once_lock::OnceLock<hyperreal::rational::arithmetic::Rational>>::get_or_init<<hyperreal::rational::arithmetic::Rational>::small_reduced_general_fraction::{closure#0}>::{closure#0}, !> (in /home/tim/Documents/GitHub/workspace/.audit-builds/calcium-prototype/release/calcium-root-exp-sign-public-trial)
==46==    by 0x4068D91: <hyperreal::rational::arithmetic::Rational>::from_reduced_word_parts (in /home/tim/Documents/GitHub/workspace/.audit-builds/calcium-prototype/release/calcium-root-exp-sign-public-trial)
==46==    by 0x407090F: <&hyperreal::rational::arithmetic::Rational as core::ops::arith::Div>::div (in /home/tim/Documents/GitHub/workspace/.audit-builds/calcium-prototype/release/calcium-root-exp-sign-public-trial)
==46==    by 0x4070C82: <hyperreal::rational::arithmetic::Rational as core::ops::arith::Div>::div (in /home/tim/Documents/GitHub/workspace/.audit-builds/calcium-prototype/release/calcium-root-exp-sign-public-trial)
==46==    by 0x407F75A: <hyperreal::real::arithmetic::Real>::sqrt (in /home/tim/Documents/GitHub/workspace/.audit-builds/calcium-prototype/release/calcium-root-exp-sign-public-trial)
==46==    by 0x404AF41: calcium_root_exp_sign_public_trial::main (in /home/tim/Documents/GitHub/workspace/.audit-builds/calcium-prototype/release/calcium-root-exp-sign-public-trial)
==46==    by 0x404AC92: std::sys::backtrace::__rust_begin_short_backtrace::<fn(), ()> (in /home/tim/Documents/GitHub/workspace/.audit-builds/calcium-prototype/release/calcium-root-exp-sign-public-trial)
==46==    by 0x404ACF8: std::rt::lang_start::<()>::{closure#0} (in /home/tim/Documents/GitHub/workspace/.audit-builds/calcium-prototype/release/calcium-root-exp-sign-public-trial)
==46==    by 0x412F4E6: std::rt::lang_start_internal (in /home/tim/Documents/GitHub/workspace/.audit-builds/calcium-prototype/release/calcium-root-exp-sign-public-trial)
==46== 
==46== 104 bytes in 1 blocks are still reachable in loss record 10 of 44
==46==    at 0x49C1AE6: malloc (vg_replace_malloc.c:447)
==46==    by 0x406174F: <hyperreal::rational::arithmetic::Rational>::from_fraction_parts_reduced (in /home/tim/Documents/GitHub/workspace/.audit-builds/calcium-prototype/release/calcium-root-exp-sign-public-trial)
==46==    by 0x4060561: <hyperreal::rational::arithmetic::Rational>::from_bigint_fraction (in /home/tim/Documents/GitHub/workspace/.audit-builds/calcium-prototype/release/calcium-root-exp-sign-public-trial)
==46==    by 0x404B028: calcium_root_exp_sign_public_trial::main (in /home/tim/Documents/GitHub/workspace/.audit-builds/calcium-prototype/release/calcium-root-exp-sign-public-trial)
==46==    by 0x404AC92: std::sys::backtrace::__rust_begin_short_backtrace::<fn(), ()> (in /home/tim/Documents/GitHub/workspace/.audit-builds/calcium-prototype/release/calcium-root-exp-sign-public-trial)
==46==    by 0x404ACF8: std::rt::lang_start::<()>::{closure#0} (in /home/tim/Documents/GitHub/workspace/.audit-builds/calcium-prototype/release/calcium-root-exp-sign-public-trial)
==46==    by 0x412F4E6: std::rt::lang_start_internal (in /home/tim/Documents/GitHub/workspace/.audit-builds/calcium-prototype/release/calcium-root-exp-sign-public-trial)
==46==    by 0x404D374: main (in /home/tim/Documents/GitHub/workspace/.audit-builds/calcium-prototype/release/calcium-root-exp-sign-public-trial)
==46== 
==46== 104 bytes in 1 blocks are still reachable in loss record 11 of 44
==46==    at 0x49C1AE6: malloc (vg_replace_malloc.c:447)
==46==    by 0x4073599: <hyperreal::rational::arithmetic::RATIONAL_ZERO::{closure#0} as core::ops::function::FnOnce<()>>::call_once (in /home/tim/Documents/GitHub/workspace/.audit-builds/calcium-prototype/release/calcium-root-exp-sign-public-trial)
==46==    by 0x404E68A: <std::sync::once::Once>::call_once_force::<<std::sync::lazy_lock::LazyLock<hyperreal::rational::arithmetic::Rational>>::force::{closure#0}>::{closure#0} (in /home/tim/Documents/GitHub/workspace/.audit-builds/calcium-prototype/release/calcium-root-exp-sign-public-trial)
==46==    by 0x4121D68: <std::sys::sync::once::futex::Once>::call (in /home/tim/Documents/GitHub/workspace/.audit-builds/calcium-prototype/release/calcium-root-exp-sign-public-trial)
==46==    by 0x4098D97: <hyperreal::computable::node::Computable>::exact_sign (in /home/tim/Documents/GitHub/workspace/.audit-builds/calcium-prototype/release/calcium-root-exp-sign-public-trial)
==46==    by 0x40B8011: <hyperreal::computable::node::Computable>::structural_facts (in /home/tim/Documents/GitHub/workspace/.audit-builds/calcium-prototype/release/calcium-root-exp-sign-public-trial)
==46==    by 0x404B298: calcium_root_exp_sign_public_trial::main (in /home/tim/Documents/GitHub/workspace/.audit-builds/calcium-prototype/release/calcium-root-exp-sign-public-trial)
==46==    by 0x404AC92: std::sys::backtrace::__rust_begin_short_backtrace::<fn(), ()> (in /home/tim/Documents/GitHub/workspace/.audit-builds/calcium-prototype/release/calcium-root-exp-sign-public-trial)
==46==    by 0x404ACF8: std::rt::lang_start::<()>::{closure#0} (in /home/tim/Documents/GitHub/workspace/.audit-builds/calcium-prototype/release/calcium-root-exp-sign-public-trial)
==46==    by 0x412F4E6: std::rt::lang_start_internal (in /home/tim/Documents/GitHub/workspace/.audit-builds/calcium-prototype/release/calcium-root-exp-sign-public-trial)
==46==    by 0x404D374: main (in /home/tim/Documents/GitHub/workspace/.audit-builds/calcium-prototype/release/calcium-root-exp-sign-public-trial)
==46== 
==46== 104 bytes in 1 blocks are still reachable in loss record 12 of 44
==46==    at 0x49C1AE6: malloc (vg_replace_malloc.c:447)
==46==    by 0x40736D2: <hyperreal::rational::arithmetic::RATIONAL_MINUS_ONE::{closure#0} as core::ops::function::FnOnce<()>>::call_once (in /home/tim/Documents/GitHub/workspace/.audit-builds/calcium-prototype/release/calcium-root-exp-sign-public-trial)
==46==    by 0x404E68A: <std::sync::once::Once>::call_once_force::<<std::sync::lazy_lock::LazyLock<hyperreal::rational::arithmetic::Rational>>::force::{closure#0}>::{closure#0} (in /home/tim/Documents/GitHub/workspace/.audit-builds/calcium-prototype/release/calcium-root-exp-sign-public-trial)
==46==    by 0x4121D68: <std::sys::sync::once::futex::Once>::call (in /home/tim/Documents/GitHub/workspace/.audit-builds/calcium-prototype/release/calcium-root-exp-sign-public-trial)
==46==    by 0x40611C8: <hyperreal::rational::arithmetic::Rational>::from_primitive_integer (in /home/tim/Documents/GitHub/workspace/.audit-builds/calcium-prototype/release/calcium-root-exp-sign-public-trial)
==46==    by 0x409820F: <hyperreal::computable::node::Computable>::exact_sign (in /home/tim/Documents/GitHub/workspace/.audit-builds/calcium-prototype/release/calcium-root-exp-sign-public-trial)
==46==    by 0x40B8011: <hyperreal::computable::node::Computable>::structural_facts (in /home/tim/Documents/GitHub/workspace/.audit-builds/calcium-prototype/release/calcium-root-exp-sign-public-trial)
==46==    by 0x404B298: calcium_root_exp_sign_public_trial::main (in /home/tim/Documents/GitHub/workspace/.audit-builds/calcium-prototype/release/calcium-root-exp-sign-public-trial)
==46==    by 0x404AC92: std::sys::backtrace::__rust_begin_short_backtrace::<fn(), ()> (in /home/tim/Documents/GitHub/workspace/.audit-builds/calcium-prototype/release/calcium-root-exp-sign-public-trial)
==46==    by 0x404ACF8: std::rt::lang_start::<()>::{closure#0} (in /home/tim/Documents/GitHub/workspace/.audit-builds/calcium-prototype/release/calcium-root-exp-sign-public-trial)
==46==    by 0x412F4E6: std::rt::lang_start_internal (in /home/tim/Documents/GitHub/workspace/.audit-builds/calcium-prototype/release/calcium-root-exp-sign-public-trial)
==46==    by 0x404D374: main (in /home/tim/Documents/GitHub/workspace/.audit-builds/calcium-prototype/release/calcium-root-exp-sign-public-trial)
==46== 
==46== 104 bytes in 1 blocks are still reachable in loss record 13 of 44
==46==    at 0x49C1AE6: malloc (vg_replace_malloc.c:447)
==46==    by 0x406E664: <&hyperreal::rational::arithmetic::Rational as core::ops::arith::Neg>::neg (in /home/tim/Documents/GitHub/workspace/.audit-builds/calcium-prototype/release/calcium-root-exp-sign-public-trial)
==46==    by 0x406F7D3: <&hyperreal::rational::arithmetic::Rational as core::ops::arith::Mul>::mul (in /home/tim/Documents/GitHub/workspace/.audit-builds/calcium-prototype/release/calcium-root-exp-sign-public-trial)
==46==    by 0x406FC02: <hyperreal::rational::arithmetic::Rational as core::ops::arith::Mul>::mul (in /home/tim/Documents/GitHub/workspace/.audit-builds/calcium-prototype/release/calcium-root-exp-sign-public-trial)
==46==    by 0x409D444: <hyperreal::computable::node::ExpRelationForm>::linear (in /home/tim/Documents/GitHub/workspace/.audit-builds/calcium-prototype/release/calcium-root-exp-sign-public-trial)
==46==    by 0x409D997: <hyperreal::computable::node::ExpRelationForm>::logarithm (in /home/tim/Documents/GitHub/workspace/.audit-builds/calcium-prototype/release/calcium-root-exp-sign-public-trial)
==46==    by 0x409821F: <hyperreal::computable::node::Computable>::exact_sign (in /home/tim/Documents/GitHub/workspace/.audit-builds/calcium-prototype/release/calcium-root-exp-sign-public-trial)
==46==    by 0x40B8011: <hyperreal::computable::node::Computable>::structural_facts (in /home/tim/Documents/GitHub/workspace/.audit-builds/calcium-prototype/release/calcium-root-exp-sign-public-trial)
==46==    by 0x404B298: calcium_root_exp_sign_public_trial::main (in /home/tim/Documents/GitHub/workspace/.audit-builds/calcium-prototype/release/calcium-root-exp-sign-public-trial)
==46==    by 0x404AC92: std::sys::backtrace::__rust_begin_short_backtrace::<fn(), ()> (in /home/tim/Documents/GitHub/workspace/.audit-builds/calcium-prototype/release/calcium-root-exp-sign-public-trial)
==46==    by 0x404ACF8: std::rt::lang_start::<()>::{closure#0} (in /home/tim/Documents/GitHub/workspace/.audit-builds/calcium-prototype/release/calcium-root-exp-sign-public-trial)
==46==    by 0x412F4E6: std::rt::lang_start_internal (in /home/tim/Documents/GitHub/workspace/.audit-builds/calcium-prototype/release/calcium-root-exp-sign-public-trial)
==46== 
==46== 104 bytes in 1 blocks are still reachable in loss record 14 of 44
==46==    at 0x49C1AE6: malloc (vg_replace_malloc.c:447)
==46==    by 0x4052A62: <hyperreal::rational::arithmetic::Rational>::extract_square_reduced (in /home/tim/Documents/GitHub/workspace/.audit-builds/calcium-prototype/release/calcium-root-exp-sign-public-trial)
==46==    by 0x4053559: <hyperreal::rational::arithmetic::Rational>::extract_square_reduced_retained (in /home/tim/Documents/GitHub/workspace/.audit-builds/calcium-prototype/release/calcium-root-exp-sign-public-trial)
==46==    by 0x407E7CF: <hyperreal::real::arithmetic::Real>::sqrt (in /home/tim/Documents/GitHub/workspace/.audit-builds/calcium-prototype/release/calcium-root-exp-sign-public-trial)
==46==    by 0x404B88B: calcium_root_exp_sign_public_trial::argument (in /home/tim/Documents/GitHub/workspace/.audit-builds/calcium-prototype/release/calcium-root-exp-sign-public-trial)
==46==    by 0x404B050: calcium_root_exp_sign_public_trial::main (in /home/tim/Documents/GitHub/workspace/.audit-builds/calcium-prototype/release/calcium-root-exp-sign-public-trial)
==46==    by 0x404AC92: std::sys::backtrace::__rust_begin_short_backtrace::<fn(), ()> (in /home/tim/Documents/GitHub/workspace/.audit-builds/calcium-prototype/release/calcium-root-exp-sign-public-trial)
==46==    by 0x404ACF8: std::rt::lang_start::<()>::{closure#0} (in /home/tim/Documents/GitHub/workspace/.audit-builds/calcium-prototype/release/calcium-root-exp-sign-public-trial)
==46==    by 0x412F4E6: std::rt::lang_start_internal (in /home/tim/Documents/GitHub/workspace/.audit-builds/calcium-prototype/release/calcium-root-exp-sign-public-trial)
==46==    by 0x404D374: main (in /home/tim/Documents/GitHub/workspace/.audit-builds/calcium-prototype/release/calcium-root-exp-sign-public-trial)
==46== 
==46== 104 bytes in 1 blocks are still reachable in loss record 15 of 44
==46==    at 0x49C1AE6: malloc (vg_replace_malloc.c:447)
==46==    by 0x4052BD5: <hyperreal::rational::arithmetic::Rational>::extract_square_reduced (in /home/tim/Documents/GitHub/workspace/.audit-builds/calcium-prototype/release/calcium-root-exp-sign-public-trial)
==46==    by 0x4053559: <hyperreal::rational::arithmetic::Rational>::extract_square_reduced_retained (in /home/tim/Documents/GitHub/workspace/.audit-builds/calcium-prototype/release/calcium-root-exp-sign-public-trial)
==46==    by 0x407E7CF: <hyperreal::real::arithmetic::Real>::sqrt (in /home/tim/Documents/GitHub/workspace/.audit-builds/calcium-prototype/release/calcium-root-exp-sign-public-trial)
==46==    by 0x404B88B: calcium_root_exp_sign_public_trial::argument (in /home/tim/Documents/GitHub/workspace/.audit-builds/calcium-prototype/release/calcium-root-exp-sign-public-trial)
==46==    by 0x404B050: calcium_root_exp_sign_public_trial::main (in /home/tim/Documents/GitHub/workspace/.audit-builds/calcium-prototype/release/calcium-root-exp-sign-public-trial)
==46==    by 0x404AC92: std::sys::backtrace::__rust_begin_short_backtrace::<fn(), ()> (in /home/tim/Documents/GitHub/workspace/.audit-builds/calcium-prototype/release/calcium-root-exp-sign-public-trial)
==46==    by 0x404ACF8: std::rt::lang_start::<()>::{closure#0} (in /home/tim/Documents/GitHub/workspace/.audit-builds/calcium-prototype/release/calcium-root-exp-sign-public-trial)
==46==    by 0x412F4E6: std::rt::lang_start_internal (in /home/tim/Documents/GitHub/workspace/.audit-builds/calcium-prototype/release/calcium-root-exp-sign-public-trial)
==46==    by 0x404D374: main (in /home/tim/Documents/GitHub/workspace/.audit-builds/calcium-prototype/release/calcium-root-exp-sign-public-trial)
==46== 
==46== 104 bytes in 1 blocks are still reachable in loss record 16 of 44
==46==    at 0x49C1AE6: malloc (vg_replace_malloc.c:447)
==46==    by 0x406174F: <hyperreal::rational::arithmetic::Rational>::from_fraction_parts_reduced (in /home/tim/Documents/GitHub/workspace/.audit-builds/calcium-prototype/release/calcium-root-exp-sign-public-trial)
==46==    by 0x40C1F9D: <hyperreal::computable::node::HALF_RATIONAL::{closure#0} as core::ops::function::FnOnce<()>>::call_once (in /home/tim/Documents/GitHub/workspace/.audit-builds/calcium-prototype/release/calcium-root-exp-sign-public-trial)
==46==    by 0x4093DEA: <std::sync::once::Once>::call_once_force::<<std::sync::lazy_lock::LazyLock<hyperreal::rational::arithmetic::Rational>>::force::{closure#0}>::{closure#0} (in /home/tim/Documents/GitHub/workspace/.audit-builds/calcium-prototype/release/calcium-root-exp-sign-public-trial)
==46==    by 0x4121D68: <std::sys::sync::once::futex::Once>::call (in /home/tim/Documents/GitHub/workspace/.audit-builds/calcium-prototype/release/calcium-root-exp-sign-public-trial)
==46==    by 0x409DBA1: <hyperreal::computable::node::ExpRelationForm>::logarithm (in /home/tim/Documents/GitHub/workspace/.audit-builds/calcium-prototype/release/calcium-root-exp-sign-public-trial)
==46==    by 0x40981F9: <hyperreal::computable::node::Computable>::exact_sign (in /home/tim/Documents/GitHub/workspace/.audit-builds/calcium-prototype/release/calcium-root-exp-sign-public-trial)
==46==    by 0x40B8011: <hyperreal::computable::node::Computable>::structural_facts (in /home/tim/Documents/GitHub/workspace/.audit-builds/calcium-prototype/release/calcium-root-exp-sign-public-trial)
==46==    by 0x404B298: calcium_root_exp_sign_public_trial::main (in /home/tim/Documents/GitHub/workspace/.audit-builds/calcium-prototype/release/calcium-root-exp-sign-public-trial)
==46==    by 0x404AC92: std::sys::backtrace::__rust_begin_short_backtrace::<fn(), ()> (in /home/tim/Documents/GitHub/workspace/.audit-builds/calcium-prototype/release/calcium-root-exp-sign-public-trial)
==46==    by 0x404ACF8: std::rt::lang_start::<()>::{closure#0} (in /home/tim/Documents/GitHub/workspace/.audit-builds/calcium-prototype/release/calcium-root-exp-sign-public-trial)
==46==    by 0x412F4E6: std::rt::lang_start_internal (in /home/tim/Documents/GitHub/workspace/.audit-builds/calcium-prototype/release/calcium-root-exp-sign-public-trial)
==46== 
==46== 104 bytes in 1 blocks are still reachable in loss record 17 of 44
==46==    at 0x49C1AE6: malloc (vg_replace_malloc.c:447)
==46==    by 0x406E6F4: <&hyperreal::rational::arithmetic::Rational as core::ops::arith::Neg>::neg (in /home/tim/Documents/GitHub/workspace/.audit-builds/calcium-prototype/release/calcium-root-exp-sign-public-trial)
==46==    by 0x406F7BA: <&hyperreal::rational::arithmetic::Rational as core::ops::arith::Mul>::mul (in /home/tim/Documents/GitHub/workspace/.audit-builds/calcium-prototype/release/calcium-root-exp-sign-public-trial)
==46==    by 0x406FC02: <hyperreal::rational::arithmetic::Rational as core::ops::arith::Mul>::mul (in /home/tim/Documents/GitHub/workspace/.audit-builds/calcium-prototype/release/calcium-root-exp-sign-public-trial)
==46==    by 0x409DA4B: <hyperreal::computable::node::ExpRelationForm>::logarithm (in /home/tim/Documents/GitHub/workspace/.audit-builds/calcium-prototype/release/calcium-root-exp-sign-public-trial)
==46==    by 0x409821F: <hyperreal::computable::node::Computable>::exact_sign (in /home/tim/Documents/GitHub/workspace/.audit-builds/calcium-prototype/release/calcium-root-exp-sign-public-trial)
==46==    by 0x40B8011: <hyperreal::computable::node::Computable>::structural_facts (in /home/tim/Documents/GitHub/workspace/.audit-builds/calcium-prototype/release/calcium-root-exp-sign-public-trial)
==46==    by 0x404B298: calcium_root_exp_sign_public_trial::main (in /home/tim/Documents/GitHub/workspace/.audit-builds/calcium-prototype/release/calcium-root-exp-sign-public-trial)
==46==    by 0x404AC92: std::sys::backtrace::__rust_begin_short_backtrace::<fn(), ()> (in /home/tim/Documents/GitHub/workspace/.audit-builds/calcium-prototype/release/calcium-root-exp-sign-public-trial)
==46==    by 0x404ACF8: std::rt::lang_start::<()>::{closure#0} (in /home/tim/Documents/GitHub/workspace/.audit-builds/calcium-prototype/release/calcium-root-exp-sign-public-trial)
==46==    by 0x412F4E6: std::rt::lang_start_internal (in /home/tim/Documents/GitHub/workspace/.audit-builds/calcium-prototype/release/calcium-root-exp-sign-public-trial)
==46==    by 0x404D374: main (in /home/tim/Documents/GitHub/workspace/.audit-builds/calcium-prototype/release/calcium-root-exp-sign-public-trial)
==46== 
==46== 104 bytes in 1 blocks are still reachable in loss record 18 of 44
==46==    at 0x49C1AE6: malloc (vg_replace_malloc.c:447)
==46==    by 0x406174F: <hyperreal::rational::arithmetic::Rational>::from_fraction_parts_reduced (in /home/tim/Documents/GitHub/workspace/.audit-builds/calcium-prototype/release/calcium-root-exp-sign-public-trial)
==46==    by 0x40C1FFD: <hyperreal::computable::node::THREE_HALVES_RATIONAL::{closure#0} as core::ops::function::FnOnce<()>>::call_once (in /home/tim/Documents/GitHub/workspace/.audit-builds/calcium-prototype/release/calcium-root-exp-sign-public-trial)
==46==    by 0x4093DEA: <std::sync::once::Once>::call_once_force::<<std::sync::lazy_lock::LazyLock<hyperreal::rational::arithmetic::Rational>>::force::{closure#0}>::{closure#0} (in /home/tim/Documents/GitHub/workspace/.audit-builds/calcium-prototype/release/calcium-root-exp-sign-public-trial)
==46==    by 0x4121D68: <std::sys::sync::once::futex::Once>::call (in /home/tim/Documents/GitHub/workspace/.audit-builds/calcium-prototype/release/calcium-root-exp-sign-public-trial)
==46==    by 0x40A2E10: <hyperreal::computable::node::Computable>::exact_rational_half_pi_shortcut_magnitude (in /home/tim/Documents/GitHub/workspace/.audit-builds/calcium-prototype/release/calcium-root-exp-sign-public-trial)
==46==    by 0x409E911: <hyperreal::computable::node::Computable>::sin_rational (in /home/tim/Documents/GitHub/workspace/.audit-builds/calcium-prototype/release/calcium-root-exp-sign-public-trial)
==46==    by 0x407C2A2: <hyperreal::real::arithmetic::Real>::sin (in /home/tim/Documents/GitHub/workspace/.audit-builds/calcium-prototype/release/calcium-root-exp-sign-public-trial)
==46==    by 0x404B758: calcium_root_exp_sign_public_trial::argument (in /home/tim/Documents/GitHub/workspace/.audit-builds/calcium-prototype/release/calcium-root-exp-sign-public-trial)
==46==    by 0x404AF00: calcium_root_exp_sign_public_trial::main (in /home/tim/Documents/GitHub/workspace/.audit-builds/calcium-prototype/release/calcium-root-exp-sign-public-trial)
==46==    by 0x404AC92: std::sys::backtrace::__rust_begin_short_backtrace::<fn(), ()> (in /home/tim/Documents/GitHub/workspace/.audit-builds/calcium-prototype/release/calcium-root-exp-sign-public-trial)
==46==    by 0x404ACF8: std::rt::lang_start::<()>::{closure#0} (in /home/tim/Documents/GitHub/workspace/.audit-builds/calcium-prototype/release/calcium-root-exp-sign-public-trial)
==46== 
==46== 104 bytes in 1 blocks are still reachable in loss record 19 of 44
==46==    at 0x49C1AE6: malloc (vg_replace_malloc.c:447)
==46==    by 0x40F1DE4: <std::sync::once::Once>::call_once_force::<<std::sync::once_lock::OnceLock<hyperreal::rational::arithmetic::Rational>>::initialize<<std::sync::once_lock::OnceLock<hyperreal::rational::arithmetic::Rational>>::get_or_init<<hyperreal::rational::arithmetic::Rational>::small_integer::{closure#0}>::{closure#0}, !>::{closure#0}>::{closure#0} (in /home/tim/Documents/GitHub/workspace/.audit-builds/calcium-prototype/release/calcium-root-exp-sign-public-trial)
==46==    by 0x4121D68: <std::sys::sync::once::futex::Once>::call (in /home/tim/Documents/GitHub/workspace/.audit-builds/calcium-prototype/release/calcium-root-exp-sign-public-trial)
==46==    by 0x40F1334: <std::sync::once_lock::OnceLock<hyperreal::rational::arithmetic::Rational>>::initialize::<<std::sync::once_lock::OnceLock<hyperreal::rational::arithmetic::Rational>>::get_or_init<<hyperreal::rational::arithmetic::Rational>::small_integer::{closure#0}>::{closure#0}, !> (in /home/tim/Documents/GitHub/workspace/.audit-builds/calcium-prototype/release/calcium-root-exp-sign-public-trial)
==46==    by 0x40611ED: <hyperreal::rational::arithmetic::Rational>::from_primitive_integer (in /home/tim/Documents/GitHub/workspace/.audit-builds/calcium-prototype/release/calcium-root-exp-sign-public-trial)
==46==    by 0x404B7E2: calcium_root_exp_sign_public_trial::argument (in /home/tim/Documents/GitHub/workspace/.audit-builds/calcium-prototype/release/calcium-root-exp-sign-public-trial)
==46==    by 0x404AF00: calcium_root_exp_sign_public_trial::main (in /home/tim/Documents/GitHub/workspace/.audit-builds/calcium-prototype/release/calcium-root-exp-sign-public-trial)
==46==    by 0x404AC92: std::sys::backtrace::__rust_begin_short_backtrace::<fn(), ()> (in /home/tim/Documents/GitHub/workspace/.audit-builds/calcium-prototype/release/calcium-root-exp-sign-public-trial)
==46==    by 0x404ACF8: std::rt::lang_start::<()>::{closure#0} (in /home/tim/Documents/GitHub/workspace/.audit-builds/calcium-prototype/release/calcium-root-exp-sign-public-trial)
==46==    by 0x412F4E6: std::rt::lang_start_internal (in /home/tim/Documents/GitHub/workspace/.audit-builds/calcium-prototype/release/calcium-root-exp-sign-public-trial)
==46==    by 0x404D374: main (in /home/tim/Documents/GitHub/workspace/.audit-builds/calcium-prototype/release/calcium-root-exp-sign-public-trial)
==46== 
==46== 104 bytes in 1 blocks are still reachable in loss record 20 of 44
==46==    at 0x49C1AE6: malloc (vg_replace_malloc.c:447)
==46==    by 0x4052A62: <hyperreal::rational::arithmetic::Rational>::extract_square_reduced (in /home/tim/Documents/GitHub/workspace/.audit-builds/calcium-prototype/release/calcium-root-exp-sign-public-trial)
==46==    by 0x4053559: <hyperreal::rational::arithmetic::Rational>::extract_square_reduced_retained (in /home/tim/Documents/GitHub/workspace/.audit-builds/calcium-prototype/release/calcium-root-exp-sign-public-trial)
==46==    by 0x407E7CF: <hyperreal::real::arithmetic::Real>::sqrt (in /home/tim/Documents/GitHub/workspace/.audit-builds/calcium-prototype/release/calcium-root-exp-sign-public-trial)
==46==    by 0x404B807: calcium_root_exp_sign_public_trial::argument (in /home/tim/Documents/GitHub/workspace/.audit-builds/calcium-prototype/release/calcium-root-exp-sign-public-trial)
==46==    by 0x404B050: calcium_root_exp_sign_public_trial::main (in /home/tim/Documents/GitHub/workspace/.audit-builds/calcium-prototype/release/calcium-root-exp-sign-public-trial)
==46==    by 0x404AC92: std::sys::backtrace::__rust_begin_short_backtrace::<fn(), ()> (in /home/tim/Documents/GitHub/workspace/.audit-builds/calcium-prototype/release/calcium-root-exp-sign-public-trial)
==46==    by 0x404ACF8: std::rt::lang_start::<()>::{closure#0} (in /home/tim/Documents/GitHub/workspace/.audit-builds/calcium-prototype/release/calcium-root-exp-sign-public-trial)
==46==    by 0x412F4E6: std::rt::lang_start_internal (in /home/tim/Documents/GitHub/workspace/.audit-builds/calcium-prototype/release/calcium-root-exp-sign-public-trial)
==46==    by 0x404D374: main (in /home/tim/Documents/GitHub/workspace/.audit-builds/calcium-prototype/release/calcium-root-exp-sign-public-trial)
==46== 
==46== 104 bytes in 1 blocks are still reachable in loss record 21 of 44
==46==    at 0x49C1AE6: malloc (vg_replace_malloc.c:447)
==46==    by 0x4052BD5: <hyperreal::rational::arithmetic::Rational>::extract_square_reduced (in /home/tim/Documents/GitHub/workspace/.audit-builds/calcium-prototype/release/calcium-root-exp-sign-public-trial)
==46==    by 0x4053559: <hyperreal::rational::arithmetic::Rational>::extract_square_reduced_retained (in /home/tim/Documents/GitHub/workspace/.audit-builds/calcium-prototype/release/calcium-root-exp-sign-public-trial)
==46==    by 0x407E7CF: <hyperreal::real::arithmetic::Real>::sqrt (in /home/tim/Documents/GitHub/workspace/.audit-builds/calcium-prototype/release/calcium-root-exp-sign-public-trial)
==46==    by 0x404B807: calcium_root_exp_sign_public_trial::argument (in /home/tim/Documents/GitHub/workspace/.audit-builds/calcium-prototype/release/calcium-root-exp-sign-public-trial)
==46==    by 0x404B050: calcium_root_exp_sign_public_trial::main (in /home/tim/Documents/GitHub/workspace/.audit-builds/calcium-prototype/release/calcium-root-exp-sign-public-trial)
==46==    by 0x404AC92: std::sys::backtrace::__rust_begin_short_backtrace::<fn(), ()> (in /home/tim/Documents/GitHub/workspace/.audit-builds/calcium-prototype/release/calcium-root-exp-sign-public-trial)
==46==    by 0x404ACF8: std::rt::lang_start::<()>::{closure#0} (in /home/tim/Documents/GitHub/workspace/.audit-builds/calcium-prototype/release/calcium-root-exp-sign-public-trial)
==46==    by 0x412F4E6: std::rt::lang_start_internal (in /home/tim/Documents/GitHub/workspace/.audit-builds/calcium-prototype/release/calcium-root-exp-sign-public-trial)
==46==    by 0x404D374: main (in /home/tim/Documents/GitHub/workspace/.audit-builds/calcium-prototype/release/calcium-root-exp-sign-public-trial)
==46== 
==46== 104 bytes in 1 blocks are still reachable in loss record 22 of 44
==46==    at 0x49C1AE6: malloc (vg_replace_malloc.c:447)
==46==    by 0x40F1DE4: <std::sync::once::Once>::call_once_force::<<std::sync::once_lock::OnceLock<hyperreal::rational::arithmetic::Rational>>::initialize<<std::sync::once_lock::OnceLock<hyperreal::rational::arithmetic::Rational>>::get_or_init<<hyperreal::rational::arithmetic::Rational>::small_integer::{closure#0}>::{closure#0}, !>::{closure#0}>::{closure#0} (in /home/tim/Documents/GitHub/workspace/.audit-builds/calcium-prototype/release/calcium-root-exp-sign-public-trial)
==46==    by 0x4121D68: <std::sys::sync::once::futex::Once>::call (in /home/tim/Documents/GitHub/workspace/.audit-builds/calcium-prototype/release/calcium-root-exp-sign-public-trial)
==46==    by 0x40F1334: <std::sync::once_lock::OnceLock<hyperreal::rational::arithmetic::Rational>>::initialize::<<std::sync::once_lock::OnceLock<hyperreal::rational::arithmetic::Rational>>::get_or_init<<hyperreal::rational::arithmetic::Rational>::small_integer::{closure#0}>::{closure#0}, !> (in /home/tim/Documents/GitHub/workspace/.audit-builds/calcium-prototype/release/calcium-root-exp-sign-public-trial)
==46==    by 0x40611ED: <hyperreal::rational::arithmetic::Rational>::from_primitive_integer (in /home/tim/Documents/GitHub/workspace/.audit-builds/calcium-prototype/release/calcium-root-exp-sign-public-trial)
==46==    by 0x409D939: <hyperreal::computable::node::ExpRelationForm>::logarithm (in /home/tim/Documents/GitHub/workspace/.audit-builds/calcium-prototype/release/calcium-root-exp-sign-public-trial)
==46==    by 0x409DA59: <hyperreal::computable::node::ExpRelationForm>::logarithm (in /home/tim/Documents/GitHub/workspace/.audit-builds/calcium-prototype/release/calcium-root-exp-sign-public-trial)
==46==    by 0x40981F9: <hyperreal::computable::node::Computable>::exact_sign (in /home/tim/Documents/GitHub/workspace/.audit-builds/calcium-prototype/release/calcium-root-exp-sign-public-trial)
==46==    by 0x40B8011: <hyperreal::computable::node::Computable>::structural_facts (in /home/tim/Documents/GitHub/workspace/.audit-builds/calcium-prototype/release/calcium-root-exp-sign-public-trial)
==46==    by 0x404B298: calcium_root_exp_sign_public_trial::main (in /home/tim/Documents/GitHub/workspace/.audit-builds/calcium-prototype/release/calcium-root-exp-sign-public-trial)
==46==    by 0x404AC92: std::sys::backtrace::__rust_begin_short_backtrace::<fn(), ()> (in /home/tim/Documents/GitHub/workspace/.audit-builds/calcium-prototype/release/calcium-root-exp-sign-public-trial)
==46==    by 0x404ACF8: std::rt::lang_start::<()>::{closure#0} (in /home/tim/Documents/GitHub/workspace/.audit-builds/calcium-prototype/release/calcium-root-exp-sign-public-trial)
==46== 
==46== 104 bytes in 1 blocks are still reachable in loss record 23 of 44
==46==    at 0x49C1AE6: malloc (vg_replace_malloc.c:447)
==46==    by 0x40F1F7A: <std::sync::once::Once>::call_once_force::<<std::sync::once_lock::OnceLock<hyperreal::rational::arithmetic::Rational>>::initialize<<std::sync::once_lock::OnceLock<hyperreal::rational::arithmetic::Rational>>::get_or_init<<hyperreal::rational::arithmetic::Rational>::small_reduced_dyadic::{closure#0}>::{closure#0}, !>::{closure#0}>::{closure#0} (in /home/tim/Documents/GitHub/workspace/.audit-builds/calcium-prototype/release/calcium-root-exp-sign-public-trial)
==46==    by 0x4121D68: <std::sys::sync::once::futex::Once>::call (in /home/tim/Documents/GitHub/workspace/.audit-builds/calcium-prototype/release/calcium-root-exp-sign-public-trial)
==46==    by 0x40F1388: <std::sync::once_lock::OnceLock<hyperreal::rational::arithmetic::Rational>>::initialize::<<std::sync::once_lock::OnceLock<hyperreal::rational::arithmetic::Rational>>::get_or_init<<hyperreal::rational::arithmetic::Rational>::small_reduced_dyadic::{closure#0}>::{closure#0}, !> (in /home/tim/Documents/GitHub/workspace/.audit-builds/calcium-prototype/release/calcium-root-exp-sign-public-trial)
==46==    by 0x4060CCA: <hyperreal::rational::arithmetic::Rational>::small_reduced_dyadic (in /home/tim/Documents/GitHub/workspace/.audit-builds/calcium-prototype/release/calcium-root-exp-sign-public-trial)
==46==    by 0x4068896: <hyperreal::rational::arithmetic::Rational>::from_reduced_word_parts (in /home/tim/Documents/GitHub/workspace/.audit-builds/calcium-prototype/release/calcium-root-exp-sign-public-trial)
==46==    by 0x406EFA6: <&hyperreal::rational::arithmetic::Rational as core::ops::arith::Mul<hyperreal::rational::arithmetic::Rational>>::mul (in /home/tim/Documents/GitHub/workspace/.audit-builds/calcium-prototype/release/calcium-root-exp-sign-public-trial)
==46==    by 0x409D946: <hyperreal::computable::node::ExpRelationForm>::logarithm (in /home/tim/Documents/GitHub/workspace/.audit-builds/calcium-prototype/release/calcium-root-exp-sign-public-trial)
==46==    by 0x409DA59: <hyperreal::computable::node::ExpRelationForm>::logarithm (in /home/tim/Documents/GitHub/workspace/.audit-builds/calcium-prototype/release/calcium-root-exp-sign-public-trial)
==46==    by 0x40981F9: <hyperreal::computable::node::Computable>::exact_sign (in /home/tim/Documents/GitHub/workspace/.audit-builds/calcium-prototype/release/calcium-root-exp-sign-public-trial)
==46==    by 0x40B8011: <hyperreal::computable::node::Computable>::structural_facts (in /home/tim/Documents/GitHub/workspace/.audit-builds/calcium-prototype/release/calcium-root-exp-sign-public-trial)
==46==    by 0x404B298: calcium_root_exp_sign_public_trial::main (in /home/tim/Documents/GitHub/workspace/.audit-builds/calcium-prototype/release/calcium-root-exp-sign-public-trial)
==46== 
==46== 104 bytes in 1 blocks are still reachable in loss record 24 of 44
==46==    at 0x49C1AE6: malloc (vg_replace_malloc.c:447)
==46==    by 0x40F1F7A: <std::sync::once::Once>::call_once_force::<<std::sync::once_lock::OnceLock<hyperreal::rational::arithmetic::Rational>>::initialize<<std::sync::once_lock::OnceLock<hyperreal::rational::arithmetic::Rational>>::get_or_init<<hyperreal::rational::arithmetic::Rational>::small_reduced_dyadic::{closure#0}>::{closure#0}, !>::{closure#0}>::{closure#0} (in /home/tim/Documents/GitHub/workspace/.audit-builds/calcium-prototype/release/calcium-root-exp-sign-public-trial)
==46==    by 0x4121D68: <std::sys::sync::once::futex::Once>::call (in /home/tim/Documents/GitHub/workspace/.audit-builds/calcium-prototype/release/calcium-root-exp-sign-public-trial)
==46==    by 0x40F1388: <std::sync::once_lock::OnceLock<hyperreal::rational::arithmetic::Rational>>::initialize::<<std::sync::once_lock::OnceLock<hyperreal::rational::arithmetic::Rational>>::get_or_init<<hyperreal::rational::arithmetic::Rational>::small_reduced_dyadic::{closure#0}>::{closure#0}, !> (in /home/tim/Documents/GitHub/workspace/.audit-builds/calcium-prototype/release/calcium-root-exp-sign-public-trial)
==46==    by 0x4060CCA: <hyperreal::rational::arithmetic::Rational>::small_reduced_dyadic (in /home/tim/Documents/GitHub/workspace/.audit-builds/calcium-prototype/release/calcium-root-exp-sign-public-trial)
==46==    by 0x4068896: <hyperreal::rational::arithmetic::Rational>::from_reduced_word_parts (in /home/tim/Documents/GitHub/workspace/.audit-builds/calcium-prototype/release/calcium-root-exp-sign-public-trial)
==46==    by 0x406F8E1: <&hyperreal::rational::arithmetic::Rational as core::ops::arith::Mul>::mul (in /home/tim/Documents/GitHub/workspace/.audit-builds/calcium-prototype/release/calcium-root-exp-sign-public-trial)
==46==    by 0x406FC02: <hyperreal::rational::arithmetic::Rational as core::ops::arith::Mul>::mul (in /home/tim/Documents/GitHub/workspace/.audit-builds/calcium-prototype/release/calcium-root-exp-sign-public-trial)
==46==    by 0x409D612: <hyperreal::computable::node::ExpRelationForm>::linear (in /home/tim/Documents/GitHub/workspace/.audit-builds/calcium-prototype/release/calcium-root-exp-sign-public-trial)
==46==    by 0x409D572: <hyperreal::computable::node::ExpRelationForm>::linear (in /home/tim/Documents/GitHub/workspace/.audit-builds/calcium-prototype/release/calcium-root-exp-sign-public-trial)
==46==    by 0x409D997: <hyperreal::computable::node::ExpRelationForm>::logarithm (in /home/tim/Documents/GitHub/workspace/.audit-builds/calcium-prototype/release/calcium-root-exp-sign-public-trial)
==46==    by 0x409DA59: <hyperreal::computable::node::ExpRelationForm>::logarithm (in /home/tim/Documents/GitHub/workspace/.audit-builds/calcium-prototype/release/calcium-root-exp-sign-public-trial)
==46== 
==46== 104 bytes in 1 blocks are still reachable in loss record 25 of 44
==46==    at 0x49C1AE6: malloc (vg_replace_malloc.c:447)
==46==    by 0x406E6F4: <&hyperreal::rational::arithmetic::Rational as core::ops::arith::Neg>::neg (in /home/tim/Documents/GitHub/workspace/.audit-builds/calcium-prototype/release/calcium-root-exp-sign-public-trial)
==46==    by 0x406ED1A: <&hyperreal::rational::arithmetic::Rational as core::ops::arith::Mul<hyperreal::rational::arithmetic::Rational>>::mul (in /home/tim/Documents/GitHub/workspace/.audit-builds/calcium-prototype/release/calcium-root-exp-sign-public-trial)
==46==    by 0x409D946: <hyperreal::computable::node::ExpRelationForm>::logarithm (in /home/tim/Documents/GitHub/workspace/.audit-builds/calcium-prototype/release/calcium-root-exp-sign-public-trial)
==46==    by 0x409821F: <hyperreal::computable::node::Computable>::exact_sign (in /home/tim/Documents/GitHub/workspace/.audit-builds/calcium-prototype/release/calcium-root-exp-sign-public-trial)
==46==    by 0x40B8011: <hyperreal::computable::node::Computable>::structural_facts (in /home/tim/Documents/GitHub/workspace/.audit-builds/calcium-prototype/release/calcium-root-exp-sign-public-trial)
==46==    by 0x404B298: calcium_root_exp_sign_public_trial::main (in /home/tim/Documents/GitHub/workspace/.audit-builds/calcium-prototype/release/calcium-root-exp-sign-public-trial)
==46==    by 0x404AC92: std::sys::backtrace::__rust_begin_short_backtrace::<fn(), ()> (in /home/tim/Documents/GitHub/workspace/.audit-builds/calcium-prototype/release/calcium-root-exp-sign-public-trial)
==46==    by 0x404ACF8: std::rt::lang_start::<()>::{closure#0} (in /home/tim/Documents/GitHub/workspace/.audit-builds/calcium-prototype/release/calcium-root-exp-sign-public-trial)
==46==    by 0x412F4E6: std::rt::lang_start_internal (in /home/tim/Documents/GitHub/workspace/.audit-builds/calcium-prototype/release/calcium-root-exp-sign-public-trial)
==46==    by 0x404D374: main (in /home/tim/Documents/GitHub/workspace/.audit-builds/calcium-prototype/release/calcium-root-exp-sign-public-trial)
==46== 
==46== 176 bytes in 1 blocks are still reachable in loss record 26 of 44
==46==    at 0x49C1AE6: malloc (vg_replace_malloc.c:447)
==46==    by 0x4059531: <hyperreal::rational::arithmetic::Rational>::retain_negation_entry (in /home/tim/Documents/GitHub/workspace/.audit-builds/calcium-prototype/release/calcium-root-exp-sign-public-trial)
==46==    by 0x406E751: <&hyperreal::rational::arithmetic::Rational as core::ops::arith::Neg>::neg (in /home/tim/Documents/GitHub/workspace/.audit-builds/calcium-prototype/release/calcium-root-exp-sign-public-trial)
==46==    by 0x406F7D3: <&hyperreal::rational::arithmetic::Rational as core::ops::arith::Mul>::mul (in /home/tim/Documents/GitHub/workspace/.audit-builds/calcium-prototype/release/calcium-root-exp-sign-public-trial)
==46==    by 0x406FC02: <hyperreal::rational::arithmetic::Rational as core::ops::arith::Mul>::mul (in /home/tim/Documents/GitHub/workspace/.audit-builds/calcium-prototype/release/calcium-root-exp-sign-public-trial)
==46==    by 0x409D444: <hyperreal::computable::node::ExpRelationForm>::linear (in /home/tim/Documents/GitHub/workspace/.audit-builds/calcium-prototype/release/calcium-root-exp-sign-public-trial)
==46==    by 0x409D997: <hyperreal::computable::node::ExpRelationForm>::logarithm (in /home/tim/Documents/GitHub/workspace/.audit-builds/calcium-prototype/release/calcium-root-exp-sign-public-trial)
==46==    by 0x409821F: <hyperreal::computable::node::Computable>::exact_sign (in /home/tim/Documents/GitHub/workspace/.audit-builds/calcium-prototype/release/calcium-root-exp-sign-public-trial)
==46==    by 0x40B8011: <hyperreal::computable::node::Computable>::structural_facts (in /home/tim/Documents/GitHub/workspace/.audit-builds/calcium-prototype/release/calcium-root-exp-sign-public-trial)
==46==    by 0x404B298: calcium_root_exp_sign_public_trial::main (in /home/tim/Documents/GitHub/workspace/.audit-builds/calcium-prototype/release/calcium-root-exp-sign-public-trial)
==46==    by 0x404AC92: std::sys::backtrace::__rust_begin_short_backtrace::<fn(), ()> (in /home/tim/Documents/GitHub/workspace/.audit-builds/calcium-prototype/release/calcium-root-exp-sign-public-trial)
==46==    by 0x404ACF8: std::rt::lang_start::<()>::{closure#0} (in /home/tim/Documents/GitHub/workspace/.audit-builds/calcium-prototype/release/calcium-root-exp-sign-public-trial)
==46== 
==46== 176 bytes in 1 blocks are still reachable in loss record 27 of 44
==46==    at 0x49C1AE6: malloc (vg_replace_malloc.c:447)
==46==    by 0x4055BE2: <hyperreal::rational::arithmetic::Rational>::retain_linear (in /home/tim/Documents/GitHub/workspace/.audit-builds/calcium-prototype/release/calcium-root-exp-sign-public-trial)
==46==    by 0x4055E44: <hyperreal::rational::arithmetic::Rational>::retain_sum_pair (in /home/tim/Documents/GitHub/workspace/.audit-builds/calcium-prototype/release/calcium-root-exp-sign-public-trial)
==46==    by 0x4058B79: <hyperreal::rational::arithmetic::Rational>::add_ref (in /home/tim/Documents/GitHub/workspace/.audit-builds/calcium-prototype/release/calcium-root-exp-sign-public-trial)
==46==    by 0x409D45A: <hyperreal::computable::node::ExpRelationForm>::linear (in /home/tim/Documents/GitHub/workspace/.audit-builds/calcium-prototype/release/calcium-root-exp-sign-public-trial)
==46==    by 0x409D997: <hyperreal::computable::node::ExpRelationForm>::logarithm (in /home/tim/Documents/GitHub/workspace/.audit-builds/calcium-prototype/release/calcium-root-exp-sign-public-trial)
==46==    by 0x409821F: <hyperreal::computable::node::Computable>::exact_sign (in /home/tim/Documents/GitHub/workspace/.audit-builds/calcium-prototype/release/calcium-root-exp-sign-public-trial)
==46==    by 0x40B8011: <hyperreal::computable::node::Computable>::structural_facts (in /home/tim/Documents/GitHub/workspace/.audit-builds/calcium-prototype/release/calcium-root-exp-sign-public-trial)
==46==    by 0x404B298: calcium_root_exp_sign_public_trial::main (in /home/tim/Documents/GitHub/workspace/.audit-builds/calcium-prototype/release/calcium-root-exp-sign-public-trial)
==46==    by 0x404AC92: std::sys::backtrace::__rust_begin_short_backtrace::<fn(), ()> (in /home/tim/Documents/GitHub/workspace/.audit-builds/calcium-prototype/release/calcium-root-exp-sign-public-trial)
==46==    by 0x404ACF8: std::rt::lang_start::<()>::{closure#0} (in /home/tim/Documents/GitHub/workspace/.audit-builds/calcium-prototype/release/calcium-root-exp-sign-public-trial)
==46==    by 0x412F4E6: std::rt::lang_start_internal (in /home/tim/Documents/GitHub/workspace/.audit-builds/calcium-prototype/release/calcium-root-exp-sign-public-trial)
==46== 
==46== 176 bytes in 1 blocks are still reachable in loss record 28 of 44
==46==    at 0x49C1AE6: malloc (vg_replace_malloc.c:447)
==46==    by 0x4053168: <hyperreal::rational::arithmetic::Rational>::retain_square_reduction (in /home/tim/Documents/GitHub/workspace/.audit-builds/calcium-prototype/release/calcium-root-exp-sign-public-trial)
==46==    by 0x4053575: <hyperreal::rational::arithmetic::Rational>::extract_square_reduced_retained (in /home/tim/Documents/GitHub/workspace/.audit-builds/calcium-prototype/release/calcium-root-exp-sign-public-trial)
==46==    by 0x407E7CF: <hyperreal::real::arithmetic::Real>::sqrt (in /home/tim/Documents/GitHub/workspace/.audit-builds/calcium-prototype/release/calcium-root-exp-sign-public-trial)
==46==    by 0x404B88B: calcium_root_exp_sign_public_trial::argument (in /home/tim/Documents/GitHub/workspace/.audit-builds/calcium-prototype/release/calcium-root-exp-sign-public-trial)
==46==    by 0x404B050: calcium_root_exp_sign_public_trial::main (in /home/tim/Documents/GitHub/workspace/.audit-builds/calcium-prototype/release/calcium-root-exp-sign-public-trial)
==46==    by 0x404AC92: std::sys::backtrace::__rust_begin_short_backtrace::<fn(), ()> (in /home/tim/Documents/GitHub/workspace/.audit-builds/calcium-prototype/release/calcium-root-exp-sign-public-trial)
==46==    by 0x404ACF8: std::rt::lang_start::<()>::{closure#0} (in /home/tim/Documents/GitHub/workspace/.audit-builds/calcium-prototype/release/calcium-root-exp-sign-public-trial)
==46==    by 0x412F4E6: std::rt::lang_start_internal (in /home/tim/Documents/GitHub/workspace/.audit-builds/calcium-prototype/release/calcium-root-exp-sign-public-trial)
==46==    by 0x404D374: main (in /home/tim/Documents/GitHub/workspace/.audit-builds/calcium-prototype/release/calcium-root-exp-sign-public-trial)
==46== 
==46== 176 bytes in 1 blocks are still reachable in loss record 29 of 44
==46==    at 0x49C1AE6: malloc (vg_replace_malloc.c:447)
==46==    by 0x4055BE2: <hyperreal::rational::arithmetic::Rational>::retain_linear (in /home/tim/Documents/GitHub/workspace/.audit-builds/calcium-prototype/release/calcium-root-exp-sign-public-trial)
==46==    by 0x4055E44: <hyperreal::rational::arithmetic::Rational>::retain_sum_pair (in /home/tim/Documents/GitHub/workspace/.audit-builds/calcium-prototype/release/calcium-root-exp-sign-public-trial)
==46==    by 0x4058C65: <hyperreal::rational::arithmetic::Rational>::add_ref (in /home/tim/Documents/GitHub/workspace/.audit-builds/calcium-prototype/release/calcium-root-exp-sign-public-trial)
==46==    by 0x409CFDE: <hyperreal::computable::node::ExpRelationForm>::term (in /home/tim/Documents/GitHub/workspace/.audit-builds/calcium-prototype/release/calcium-root-exp-sign-public-trial)
==46==    by 0x409D5EB: <hyperreal::computable::node::ExpRelationForm>::linear (in /home/tim/Documents/GitHub/workspace/.audit-builds/calcium-prototype/release/calcium-root-exp-sign-public-trial)
==46==    by 0x409D620: <hyperreal::computable::node::ExpRelationForm>::linear (in /home/tim/Documents/GitHub/workspace/.audit-builds/calcium-prototype/release/calcium-root-exp-sign-public-trial)
==46==    by 0x409D556: <hyperreal::computable::node::ExpRelationForm>::linear (in /home/tim/Documents/GitHub/workspace/.audit-builds/calcium-prototype/release/calcium-root-exp-sign-public-trial)
==46==    by 0x409D556: <hyperreal::computable::node::ExpRelationForm>::linear (in /home/tim/Documents/GitHub/workspace/.audit-builds/calcium-prototype/release/calcium-root-exp-sign-public-trial)
==46==    by 0x409D997: <hyperreal::computable::node::ExpRelationForm>::logarithm (in /home/tim/Documents/GitHub/workspace/.audit-builds/calcium-prototype/release/calcium-root-exp-sign-public-trial)
==46==    by 0x409DA59: <hyperreal::computable::node::ExpRelationForm>::logarithm (in /home/tim/Documents/GitHub/workspace/.audit-builds/calcium-prototype/release/calcium-root-exp-sign-public-trial)
==46==    by 0x409821F: <hyperreal::computable::node::Computable>::exact_sign (in /home/tim/Documents/GitHub/workspace/.audit-builds/calcium-prototype/release/calcium-root-exp-sign-public-trial)
==46== 
==46== 176 bytes in 1 blocks are still reachable in loss record 30 of 44
==46==    at 0x49C1AE6: malloc (vg_replace_malloc.c:447)
==46==    by 0x4059531: <hyperreal::rational::arithmetic::Rational>::retain_negation_entry (in /home/tim/Documents/GitHub/workspace/.audit-builds/calcium-prototype/release/calcium-root-exp-sign-public-trial)
==46==    by 0x4059293: <hyperreal::rational::arithmetic::Rational>::retain_negation_pair (in /home/tim/Documents/GitHub/workspace/.audit-builds/calcium-prototype/release/calcium-root-exp-sign-public-trial)
==46==    by 0x406E751: <&hyperreal::rational::arithmetic::Rational as core::ops::arith::Neg>::neg (in /home/tim/Documents/GitHub/workspace/.audit-builds/calcium-prototype/release/calcium-root-exp-sign-public-trial)
==46==    by 0x406F7BA: <&hyperreal::rational::arithmetic::Rational as core::ops::arith::Mul>::mul (in /home/tim/Documents/GitHub/workspace/.audit-builds/calcium-prototype/release/calcium-root-exp-sign-public-trial)
==46==    by 0x406FC02: <hyperreal::rational::arithmetic::Rational as core::ops::arith::Mul>::mul (in /home/tim/Documents/GitHub/workspace/.audit-builds/calcium-prototype/release/calcium-root-exp-sign-public-trial)
==46==    by 0x409DA4B: <hyperreal::computable::node::ExpRelationForm>::logarithm (in /home/tim/Documents/GitHub/workspace/.audit-builds/calcium-prototype/release/calcium-root-exp-sign-public-trial)
==46==    by 0x409821F: <hyperreal::computable::node::Computable>::exact_sign (in /home/tim/Documents/GitHub/workspace/.audit-builds/calcium-prototype/release/calcium-root-exp-sign-public-trial)
==46==    by 0x40B8011: <hyperreal::computable::node::Computable>::structural_facts (in /home/tim/Documents/GitHub/workspace/.audit-builds/calcium-prototype/release/calcium-root-exp-sign-public-trial)
==46==    by 0x404B298: calcium_root_exp_sign_public_trial::main (in /home/tim/Documents/GitHub/workspace/.audit-builds/calcium-prototype/release/calcium-root-exp-sign-public-trial)
==46==    by 0x404AC92: std::sys::backtrace::__rust_begin_short_backtrace::<fn(), ()> (in /home/tim/Documents/GitHub/workspace/.audit-builds/calcium-prototype/release/calcium-root-exp-sign-public-trial)
==46==    by 0x404ACF8: std::rt::lang_start::<()>::{closure#0} (in /home/tim/Documents/GitHub/workspace/.audit-builds/calcium-prototype/release/calcium-root-exp-sign-public-trial)
==46== 
==46== 176 bytes in 1 blocks are still reachable in loss record 31 of 44
==46==    at 0x49C1AE6: malloc (vg_replace_malloc.c:447)
==46==    by 0x4053168: <hyperreal::rational::arithmetic::Rational>::retain_square_reduction (in /home/tim/Documents/GitHub/workspace/.audit-builds/calcium-prototype/release/calcium-root-exp-sign-public-trial)
==46==    by 0x4053575: <hyperreal::rational::arithmetic::Rational>::extract_square_reduced_retained (in /home/tim/Documents/GitHub/workspace/.audit-builds/calcium-prototype/release/calcium-root-exp-sign-public-trial)
==46==    by 0x407E7CF: <hyperreal::real::arithmetic::Real>::sqrt (in /home/tim/Documents/GitHub/workspace/.audit-builds/calcium-prototype/release/calcium-root-exp-sign-public-trial)
==46==    by 0x404B807: calcium_root_exp_sign_public_trial::argument (in /home/tim/Documents/GitHub/workspace/.audit-builds/calcium-prototype/release/calcium-root-exp-sign-public-trial)
==46==    by 0x404B050: calcium_root_exp_sign_public_trial::main (in /home/tim/Documents/GitHub/workspace/.audit-builds/calcium-prototype/release/calcium-root-exp-sign-public-trial)
==46==    by 0x404AC92: std::sys::backtrace::__rust_begin_short_backtrace::<fn(), ()> (in /home/tim/Documents/GitHub/workspace/.audit-builds/calcium-prototype/release/calcium-root-exp-sign-public-trial)
==46==    by 0x404ACF8: std::rt::lang_start::<()>::{closure#0} (in /home/tim/Documents/GitHub/workspace/.audit-builds/calcium-prototype/release/calcium-root-exp-sign-public-trial)
==46==    by 0x412F4E6: std::rt::lang_start_internal (in /home/tim/Documents/GitHub/workspace/.audit-builds/calcium-prototype/release/calcium-root-exp-sign-public-trial)
==46==    by 0x404D374: main (in /home/tim/Documents/GitHub/workspace/.audit-builds/calcium-prototype/release/calcium-root-exp-sign-public-trial)
==46== 
==46== 176 bytes in 1 blocks are still reachable in loss record 32 of 44
==46==    at 0x49C1AE6: malloc (vg_replace_malloc.c:447)
==46==    by 0x4059531: <hyperreal::rational::arithmetic::Rational>::retain_negation_entry (in /home/tim/Documents/GitHub/workspace/.audit-builds/calcium-prototype/release/calcium-root-exp-sign-public-trial)
==46==    by 0x4059293: <hyperreal::rational::arithmetic::Rational>::retain_negation_pair (in /home/tim/Documents/GitHub/workspace/.audit-builds/calcium-prototype/release/calcium-root-exp-sign-public-trial)
==46==    by 0x406E751: <&hyperreal::rational::arithmetic::Rational as core::ops::arith::Neg>::neg (in /home/tim/Documents/GitHub/workspace/.audit-builds/calcium-prototype/release/calcium-root-exp-sign-public-trial)
==46==    by 0x406ED1A: <&hyperreal::rational::arithmetic::Rational as core::ops::arith::Mul<hyperreal::rational::arithmetic::Rational>>::mul (in /home/tim/Documents/GitHub/workspace/.audit-builds/calcium-prototype/release/calcium-root-exp-sign-public-trial)
==46==    by 0x409D946: <hyperreal::computable::node::ExpRelationForm>::logarithm (in /home/tim/Documents/GitHub/workspace/.audit-builds/calcium-prototype/release/calcium-root-exp-sign-public-trial)
==46==    by 0x409821F: <hyperreal::computable::node::Computable>::exact_sign (in /home/tim/Documents/GitHub/workspace/.audit-builds/calcium-prototype/release/calcium-root-exp-sign-public-trial)
==46==    by 0x40B8011: <hyperreal::computable::node::Computable>::structural_facts (in /home/tim/Documents/GitHub/workspace/.audit-builds/calcium-prototype/release/calcium-root-exp-sign-public-trial)
==46==    by 0x404B298: calcium_root_exp_sign_public_trial::main (in /home/tim/Documents/GitHub/workspace/.audit-builds/calcium-prototype/release/calcium-root-exp-sign-public-trial)
==46==    by 0x404AC92: std::sys::backtrace::__rust_begin_short_backtrace::<fn(), ()> (in /home/tim/Documents/GitHub/workspace/.audit-builds/calcium-prototype/release/calcium-root-exp-sign-public-trial)
==46==    by 0x404ACF8: std::rt::lang_start::<()>::{closure#0} (in /home/tim/Documents/GitHub/workspace/.audit-builds/calcium-prototype/release/calcium-root-exp-sign-public-trial)
==46==    by 0x412F4E6: std::rt::lang_start_internal (in /home/tim/Documents/GitHub/workspace/.audit-builds/calcium-prototype/release/calcium-root-exp-sign-public-trial)
==46== 
==46== 176 bytes in 1 blocks are still reachable in loss record 33 of 44
==46==    at 0x49C1AE6: malloc (vg_replace_malloc.c:447)
==46==    by 0x4055BE2: <hyperreal::rational::arithmetic::Rational>::retain_linear (in /home/tim/Documents/GitHub/workspace/.audit-builds/calcium-prototype/release/calcium-root-exp-sign-public-trial)
==46==    by 0x4055E44: <hyperreal::rational::arithmetic::Rational>::retain_sum_pair (in /home/tim/Documents/GitHub/workspace/.audit-builds/calcium-prototype/release/calcium-root-exp-sign-public-trial)
==46==    by 0x4058C65: <hyperreal::rational::arithmetic::Rational>::add_ref (in /home/tim/Documents/GitHub/workspace/.audit-builds/calcium-prototype/release/calcium-root-exp-sign-public-trial)
==46==    by 0x409CFDE: <hyperreal::computable::node::ExpRelationForm>::term (in /home/tim/Documents/GitHub/workspace/.audit-builds/calcium-prototype/release/calcium-root-exp-sign-public-trial)
==46==    by 0x409D531: <hyperreal::computable::node::ExpRelationForm>::linear (in /home/tim/Documents/GitHub/workspace/.audit-builds/calcium-prototype/release/calcium-root-exp-sign-public-trial)
==46==    by 0x409D620: <hyperreal::computable::node::ExpRelationForm>::linear (in /home/tim/Documents/GitHub/workspace/.audit-builds/calcium-prototype/release/calcium-root-exp-sign-public-trial)
==46==    by 0x409D572: <hyperreal::computable::node::ExpRelationForm>::linear (in /home/tim/Documents/GitHub/workspace/.audit-builds/calcium-prototype/release/calcium-root-exp-sign-public-trial)
==46==    by 0x409D997: <hyperreal::computable::node::ExpRelationForm>::logarithm (in /home/tim/Documents/GitHub/workspace/.audit-builds/calcium-prototype/release/calcium-root-exp-sign-public-trial)
==46==    by 0x409DA59: <hyperreal::computable::node::ExpRelationForm>::logarithm (in /home/tim/Documents/GitHub/workspace/.audit-builds/calcium-prototype/release/calcium-root-exp-sign-public-trial)
==46==    by 0x409DA59: <hyperreal::computable::node::ExpRelationForm>::logarithm (in /home/tim/Documents/GitHub/workspace/.audit-builds/calcium-prototype/release/calcium-root-exp-sign-public-trial)
==46==    by 0x40981F9: <hyperreal::computable::node::Computable>::exact_sign (in /home/tim/Documents/GitHub/workspace/.audit-builds/calcium-prototype/release/calcium-root-exp-sign-public-trial)
==46== 
==46== 192 bytes in 1 blocks are still reachable in loss record 34 of 44
==46==    at 0x49C98E1: realloc (vg_replace_malloc.c:1741)
==46==    by 0x4107AB7: <alloc::raw_vec::RawVecInner>::finish_grow (in /home/tim/Documents/GitHub/workspace/.audit-builds/calcium-prototype/release/calcium-root-exp-sign-public-trial)
==46==    by 0x4107A33: <alloc::raw_vec::RawVec<u64>>::grow_one (in /home/tim/Documents/GitHub/workspace/.audit-builds/calcium-prototype/release/calcium-root-exp-sign-public-trial)
==46==    by 0x40FB4C8: num_bigint::biguint::multiplication::scalar_mul (in /home/tim/Documents/GitHub/workspace/.audit-builds/calcium-prototype/release/calcium-root-exp-sign-public-trial)
==46==    by 0x4071ECA: <&num_bigint::biguint::BigUint as core::ops::arith::Mul>::mul (in /home/tim/Documents/GitHub/workspace/.audit-builds/calcium-prototype/release/calcium-root-exp-sign-public-trial)
==46==    by 0x40586E9: <hyperreal::rational::arithmetic::Rational>::add_ref (in /home/tim/Documents/GitHub/workspace/.audit-builds/calcium-prototype/release/calcium-root-exp-sign-public-trial)
==46==    by 0x4046DD3: <hyperreal::real::arithmetic::Real as core::ops::arith::Add>::add (in /home/tim/Documents/GitHub/workspace/.audit-builds/calcium-prototype/release/calcium-root-exp-sign-public-trial)
==46==    by 0x404B0D8: calcium_root_exp_sign_public_trial::main (in /home/tim/Documents/GitHub/workspace/.audit-builds/calcium-prototype/release/calcium-root-exp-sign-public-trial)
==46==    by 0x404AC92: std::sys::backtrace::__rust_begin_short_backtrace::<fn(), ()> (in /home/tim/Documents/GitHub/workspace/.audit-builds/calcium-prototype/release/calcium-root-exp-sign-public-trial)
==46==    by 0x404ACF8: std::rt::lang_start::<()>::{closure#0} (in /home/tim/Documents/GitHub/workspace/.audit-builds/calcium-prototype/release/calcium-root-exp-sign-public-trial)
==46==    by 0x412F4E6: std::rt::lang_start_internal (in /home/tim/Documents/GitHub/workspace/.audit-builds/calcium-prototype/release/calcium-root-exp-sign-public-trial)
==46==    by 0x404D374: main (in /home/tim/Documents/GitHub/workspace/.audit-builds/calcium-prototype/release/calcium-root-exp-sign-public-trial)
==46== 
==46== 208 bytes in 2 blocks are still reachable in loss record 35 of 44
==46==    at 0x49C1AE6: malloc (vg_replace_malloc.c:447)
==46==    by 0x406E6F4: <&hyperreal::rational::arithmetic::Rational as core::ops::arith::Neg>::neg (in /home/tim/Documents/GitHub/workspace/.audit-builds/calcium-prototype/release/calcium-root-exp-sign-public-trial)
==46==    by 0x406F7BA: <&hyperreal::rational::arithmetic::Rational as core::ops::arith::Mul>::mul (in /home/tim/Documents/GitHub/workspace/.audit-builds/calcium-prototype/release/calcium-root-exp-sign-public-trial)
==46==    by 0x406FC02: <hyperreal::rational::arithmetic::Rational as core::ops::arith::Mul>::mul (in /home/tim/Documents/GitHub/workspace/.audit-builds/calcium-prototype/release/calcium-root-exp-sign-public-trial)
==46==    by 0x409D612: <hyperreal::computable::node::ExpRelationForm>::linear (in /home/tim/Documents/GitHub/workspace/.audit-builds/calcium-prototype/release/calcium-root-exp-sign-public-trial)
==46==    by 0x409D556: <hyperreal::computable::node::ExpRelationForm>::linear (in /home/tim/Documents/GitHub/workspace/.audit-builds/calcium-prototype/release/calcium-root-exp-sign-public-trial)
==46==    by 0x409D556: <hyperreal::computable::node::ExpRelationForm>::linear (in /home/tim/Documents/GitHub/workspace/.audit-builds/calcium-prototype/release/calcium-root-exp-sign-public-trial)
==46==    by 0x409D997: <hyperreal::computable::node::ExpRelationForm>::logarithm (in /home/tim/Documents/GitHub/workspace/.audit-builds/calcium-prototype/release/calcium-root-exp-sign-public-trial)
==46==    by 0x409DA59: <hyperreal::computable::node::ExpRelationForm>::logarithm (in /home/tim/Documents/GitHub/workspace/.audit-builds/calcium-prototype/release/calcium-root-exp-sign-public-trial)
==46==    by 0x409821F: <hyperreal::computable::node::Computable>::exact_sign (in /home/tim/Documents/GitHub/workspace/.audit-builds/calcium-prototype/release/calcium-root-exp-sign-public-trial)
==46==    by 0x40B8011: <hyperreal::computable::node::Computable>::structural_facts (in /home/tim/Documents/GitHub/workspace/.audit-builds/calcium-prototype/release/calcium-root-exp-sign-public-trial)
==46==    by 0x404B298: calcium_root_exp_sign_public_trial::main (in /home/tim/Documents/GitHub/workspace/.audit-builds/calcium-prototype/release/calcium-root-exp-sign-public-trial)
==46== 
==46== 208 bytes in 2 blocks are still reachable in loss record 36 of 44
==46==    at 0x49C1AE6: malloc (vg_replace_malloc.c:447)
==46==    by 0x406174F: <hyperreal::rational::arithmetic::Rational>::from_fraction_parts_reduced (in /home/tim/Documents/GitHub/workspace/.audit-builds/calcium-prototype/release/calcium-root-exp-sign-public-trial)
==46==    by 0x409B4C3: <hyperreal::computable::node::Computable>::power_of_two_rational (in /home/tim/Documents/GitHub/workspace/.audit-builds/calcium-prototype/release/calcium-root-exp-sign-public-trial)
==46==    by 0x409D5D2: <hyperreal::computable::node::ExpRelationForm>::linear (in /home/tim/Documents/GitHub/workspace/.audit-builds/calcium-prototype/release/calcium-root-exp-sign-public-trial)
==46==    by 0x409D556: <hyperreal::computable::node::ExpRelationForm>::linear (in /home/tim/Documents/GitHub/workspace/.audit-builds/calcium-prototype/release/calcium-root-exp-sign-public-trial)
==46==    by 0x409D556: <hyperreal::computable::node::ExpRelationForm>::linear (in /home/tim/Documents/GitHub/workspace/.audit-builds/calcium-prototype/release/calcium-root-exp-sign-public-trial)
==46==    by 0x409D997: <hyperreal::computable::node::ExpRelationForm>::logarithm (in /home/tim/Documents/GitHub/workspace/.audit-builds/calcium-prototype/release/calcium-root-exp-sign-public-trial)
==46==    by 0x409DA59: <hyperreal::computable::node::ExpRelationForm>::logarithm (in /home/tim/Documents/GitHub/workspace/.audit-builds/calcium-prototype/release/calcium-root-exp-sign-public-trial)
==46==    by 0x40981F9: <hyperreal::computable::node::Computable>::exact_sign (in /home/tim/Documents/GitHub/workspace/.audit-builds/calcium-prototype/release/calcium-root-exp-sign-public-trial)
==46==    by 0x40B8011: <hyperreal::computable::node::Computable>::structural_facts (in /home/tim/Documents/GitHub/workspace/.audit-builds/calcium-prototype/release/calcium-root-exp-sign-public-trial)
==46==    by 0x404B298: calcium_root_exp_sign_public_trial::main (in /home/tim/Documents/GitHub/workspace/.audit-builds/calcium-prototype/release/calcium-root-exp-sign-public-trial)
==46==    by 0x404AC92: std::sys::backtrace::__rust_begin_short_backtrace::<fn(), ()> (in /home/tim/Documents/GitHub/workspace/.audit-builds/calcium-prototype/release/calcium-root-exp-sign-public-trial)
==46== 
==46== 208 bytes in 2 blocks are still reachable in loss record 37 of 44
==46==    at 0x49C1AE6: malloc (vg_replace_malloc.c:447)
==46==    by 0x406174F: <hyperreal::rational::arithmetic::Rational>::from_fraction_parts_reduced (in /home/tim/Documents/GitHub/workspace/.audit-builds/calcium-prototype/release/calcium-root-exp-sign-public-trial)
==46==    by 0x409B477: <hyperreal::computable::node::Computable>::power_of_two_rational (in /home/tim/Documents/GitHub/workspace/.audit-builds/calcium-prototype/release/calcium-root-exp-sign-public-trial)
==46==    by 0x409D5D2: <hyperreal::computable::node::ExpRelationForm>::linear (in /home/tim/Documents/GitHub/workspace/.audit-builds/calcium-prototype/release/calcium-root-exp-sign-public-trial)
==46==    by 0x409D620: <hyperreal::computable::node::ExpRelationForm>::linear (in /home/tim/Documents/GitHub/workspace/.audit-builds/calcium-prototype/release/calcium-root-exp-sign-public-trial)
==46==    by 0x409D572: <hyperreal::computable::node::ExpRelationForm>::linear (in /home/tim/Documents/GitHub/workspace/.audit-builds/calcium-prototype/release/calcium-root-exp-sign-public-trial)
==46==    by 0x409D997: <hyperreal::computable::node::ExpRelationForm>::logarithm (in /home/tim/Documents/GitHub/workspace/.audit-builds/calcium-prototype/release/calcium-root-exp-sign-public-trial)
==46==    by 0x409DA59: <hyperreal::computable::node::ExpRelationForm>::logarithm (in /home/tim/Documents/GitHub/workspace/.audit-builds/calcium-prototype/release/calcium-root-exp-sign-public-trial)
==46==    by 0x409821F: <hyperreal::computable::node::Computable>::exact_sign (in /home/tim/Documents/GitHub/workspace/.audit-builds/calcium-prototype/release/calcium-root-exp-sign-public-trial)
==46==    by 0x40B8011: <hyperreal::computable::node::Computable>::structural_facts (in /home/tim/Documents/GitHub/workspace/.audit-builds/calcium-prototype/release/calcium-root-exp-sign-public-trial)
==46==    by 0x404B298: calcium_root_exp_sign_public_trial::main (in /home/tim/Documents/GitHub/workspace/.audit-builds/calcium-prototype/release/calcium-root-exp-sign-public-trial)
==46==    by 0x404AC92: std::sys::backtrace::__rust_begin_short_backtrace::<fn(), ()> (in /home/tim/Documents/GitHub/workspace/.audit-builds/calcium-prototype/release/calcium-root-exp-sign-public-trial)
==46== 
==46== 208 bytes in 2 blocks are still reachable in loss record 38 of 44
==46==    at 0x49C1AE6: malloc (vg_replace_malloc.c:447)
==46==    by 0x406E6F4: <&hyperreal::rational::arithmetic::Rational as core::ops::arith::Neg>::neg (in /home/tim/Documents/GitHub/workspace/.audit-builds/calcium-prototype/release/calcium-root-exp-sign-public-trial)
==46==    by 0x406F7BA: <&hyperreal::rational::arithmetic::Rational as core::ops::arith::Mul>::mul (in /home/tim/Documents/GitHub/workspace/.audit-builds/calcium-prototype/release/calcium-root-exp-sign-public-trial)
==46==    by 0x406FC02: <hyperreal::rational::arithmetic::Rational as core::ops::arith::Mul>::mul (in /home/tim/Documents/GitHub/workspace/.audit-builds/calcium-prototype/release/calcium-root-exp-sign-public-trial)
==46==    by 0x409D612: <hyperreal::computable::node::ExpRelationForm>::linear (in /home/tim/Documents/GitHub/workspace/.audit-builds/calcium-prototype/release/calcium-root-exp-sign-public-trial)
==46==    by 0x409D620: <hyperreal::computable::node::ExpRelationForm>::linear (in /home/tim/Documents/GitHub/workspace/.audit-builds/calcium-prototype/release/calcium-root-exp-sign-public-trial)
==46==    by 0x409D572: <hyperreal::computable::node::ExpRelationForm>::linear (in /home/tim/Documents/GitHub/workspace/.audit-builds/calcium-prototype/release/calcium-root-exp-sign-public-trial)
==46==    by 0x409D997: <hyperreal::computable::node::ExpRelationForm>::logarithm (in /home/tim/Documents/GitHub/workspace/.audit-builds/calcium-prototype/release/calcium-root-exp-sign-public-trial)
==46==    by 0x409DA59: <hyperreal::computable::node::ExpRelationForm>::logarithm (in /home/tim/Documents/GitHub/workspace/.audit-builds/calcium-prototype/release/calcium-root-exp-sign-public-trial)
==46==    by 0x40981F9: <hyperreal::computable::node::Computable>::exact_sign (in /home/tim/Documents/GitHub/workspace/.audit-builds/calcium-prototype/release/calcium-root-exp-sign-public-trial)
==46==    by 0x40B8011: <hyperreal::computable::node::Computable>::structural_facts (in /home/tim/Documents/GitHub/workspace/.audit-builds/calcium-prototype/release/calcium-root-exp-sign-public-trial)
==46==    by 0x404B298: calcium_root_exp_sign_public_trial::main (in /home/tim/Documents/GitHub/workspace/.audit-builds/calcium-prototype/release/calcium-root-exp-sign-public-trial)
==46== 
==46== 312 bytes in 3 blocks are still reachable in loss record 39 of 44
==46==    at 0x49C1AE6: malloc (vg_replace_malloc.c:447)
==46==    by 0x4058B01: <hyperreal::rational::arithmetic::Rational>::add_ref (in /home/tim/Documents/GitHub/workspace/.audit-builds/calcium-prototype/release/calcium-root-exp-sign-public-trial)
==46==    by 0x4046DD3: <hyperreal::real::arithmetic::Real as core::ops::arith::Add>::add (in /home/tim/Documents/GitHub/workspace/.audit-builds/calcium-prototype/release/calcium-root-exp-sign-public-trial)
==46==    by 0x404B0D8: calcium_root_exp_sign_public_trial::main (in /home/tim/Documents/GitHub/workspace/.audit-builds/calcium-prototype/release/calcium-root-exp-sign-public-trial)
==46==    by 0x404AC92: std::sys::backtrace::__rust_begin_short_backtrace::<fn(), ()> (in /home/tim/Documents/GitHub/workspace/.audit-builds/calcium-prototype/release/calcium-root-exp-sign-public-trial)
==46==    by 0x404ACF8: std::rt::lang_start::<()>::{closure#0} (in /home/tim/Documents/GitHub/workspace/.audit-builds/calcium-prototype/release/calcium-root-exp-sign-public-trial)
==46==    by 0x412F4E6: std::rt::lang_start_internal (in /home/tim/Documents/GitHub/workspace/.audit-builds/calcium-prototype/release/calcium-root-exp-sign-public-trial)
==46==    by 0x404D374: main (in /home/tim/Documents/GitHub/workspace/.audit-builds/calcium-prototype/release/calcium-root-exp-sign-public-trial)
==46== 
==46== 312 bytes in 3 blocks are still reachable in loss record 40 of 44
==46==    at 0x49C1AE6: malloc (vg_replace_malloc.c:447)
==46==    by 0x406E6F4: <&hyperreal::rational::arithmetic::Rational as core::ops::arith::Neg>::neg (in /home/tim/Documents/GitHub/workspace/.audit-builds/calcium-prototype/release/calcium-root-exp-sign-public-trial)
==46==    by 0x406F7D3: <&hyperreal::rational::arithmetic::Rational as core::ops::arith::Mul>::mul (in /home/tim/Documents/GitHub/workspace/.audit-builds/calcium-prototype/release/calcium-root-exp-sign-public-trial)
==46==    by 0x406FC02: <hyperreal::rational::arithmetic::Rational as core::ops::arith::Mul>::mul (in /home/tim/Documents/GitHub/workspace/.audit-builds/calcium-prototype/release/calcium-root-exp-sign-public-trial)
==46==    by 0x409D444: <hyperreal::computable::node::ExpRelationForm>::linear (in /home/tim/Documents/GitHub/workspace/.audit-builds/calcium-prototype/release/calcium-root-exp-sign-public-trial)
==46==    by 0x409D997: <hyperreal::computable::node::ExpRelationForm>::logarithm (in /home/tim/Documents/GitHub/workspace/.audit-builds/calcium-prototype/release/calcium-root-exp-sign-public-trial)
==46==    by 0x409821F: <hyperreal::computable::node::Computable>::exact_sign (in /home/tim/Documents/GitHub/workspace/.audit-builds/calcium-prototype/release/calcium-root-exp-sign-public-trial)
==46==    by 0x40B8011: <hyperreal::computable::node::Computable>::structural_facts (in /home/tim/Documents/GitHub/workspace/.audit-builds/calcium-prototype/release/calcium-root-exp-sign-public-trial)
==46==    by 0x404B298: calcium_root_exp_sign_public_trial::main (in /home/tim/Documents/GitHub/workspace/.audit-builds/calcium-prototype/release/calcium-root-exp-sign-public-trial)
==46==    by 0x404AC92: std::sys::backtrace::__rust_begin_short_backtrace::<fn(), ()> (in /home/tim/Documents/GitHub/workspace/.audit-builds/calcium-prototype/release/calcium-root-exp-sign-public-trial)
==46==    by 0x404ACF8: std::rt::lang_start::<()>::{closure#0} (in /home/tim/Documents/GitHub/workspace/.audit-builds/calcium-prototype/release/calcium-root-exp-sign-public-trial)
==46==    by 0x412F4E6: std::rt::lang_start_internal (in /home/tim/Documents/GitHub/workspace/.audit-builds/calcium-prototype/release/calcium-root-exp-sign-public-trial)
==46== 
==46== 352 bytes in 2 blocks are still reachable in loss record 41 of 44
==46==    at 0x49C1AE6: malloc (vg_replace_malloc.c:447)
==46==    by 0x4059531: <hyperreal::rational::arithmetic::Rational>::retain_negation_entry (in /home/tim/Documents/GitHub/workspace/.audit-builds/calcium-prototype/release/calcium-root-exp-sign-public-trial)
==46==    by 0x4059293: <hyperreal::rational::arithmetic::Rational>::retain_negation_pair (in /home/tim/Documents/GitHub/workspace/.audit-builds/calcium-prototype/release/calcium-root-exp-sign-public-trial)
==46==    by 0x406E751: <&hyperreal::rational::arithmetic::Rational as core::ops::arith::Neg>::neg (in /home/tim/Documents/GitHub/workspace/.audit-builds/calcium-prototype/release/calcium-root-exp-sign-public-trial)
==46==    by 0x406F7D3: <&hyperreal::rational::arithmetic::Rational as core::ops::arith::Mul>::mul (in /home/tim/Documents/GitHub/workspace/.audit-builds/calcium-prototype/release/calcium-root-exp-sign-public-trial)
==46==    by 0x406FC02: <hyperreal::rational::arithmetic::Rational as core::ops::arith::Mul>::mul (in /home/tim/Documents/GitHub/workspace/.audit-builds/calcium-prototype/release/calcium-root-exp-sign-public-trial)
==46==    by 0x409D444: <hyperreal::computable::node::ExpRelationForm>::linear (in /home/tim/Documents/GitHub/workspace/.audit-builds/calcium-prototype/release/calcium-root-exp-sign-public-trial)
==46==    by 0x409D997: <hyperreal::computable::node::ExpRelationForm>::logarithm (in /home/tim/Documents/GitHub/workspace/.audit-builds/calcium-prototype/release/calcium-root-exp-sign-public-trial)
==46==    by 0x409821F: <hyperreal::computable::node::Computable>::exact_sign (in /home/tim/Documents/GitHub/workspace/.audit-builds/calcium-prototype/release/calcium-root-exp-sign-public-trial)
==46==    by 0x40B8011: <hyperreal::computable::node::Computable>::structural_facts (in /home/tim/Documents/GitHub/workspace/.audit-builds/calcium-prototype/release/calcium-root-exp-sign-public-trial)
==46==    by 0x404B298: calcium_root_exp_sign_public_trial::main (in /home/tim/Documents/GitHub/workspace/.audit-builds/calcium-prototype/release/calcium-root-exp-sign-public-trial)
==46==    by 0x404AC92: std::sys::backtrace::__rust_begin_short_backtrace::<fn(), ()> (in /home/tim/Documents/GitHub/workspace/.audit-builds/calcium-prototype/release/calcium-root-exp-sign-public-trial)
==46== 
==46== 416 bytes in 4 blocks are still reachable in loss record 42 of 44
==46==    at 0x49C1AE6: malloc (vg_replace_malloc.c:447)
==46==    by 0x4101D49: num_bigint::biguint::division::div_rem_cow (in /home/tim/Documents/GitHub/workspace/.audit-builds/calcium-prototype/release/calcium-root-exp-sign-public-trial)
==46==    by 0x41021AF: num_bigint::biguint::division::div_rem_ref (in /home/tim/Documents/GitHub/workspace/.audit-builds/calcium-prototype/release/calcium-root-exp-sign-public-trial)
==46==    by 0x4061CF5: <hyperreal::rational::arithmetic::Rational>::reduce_with_possible_divisor (in /home/tim/Documents/GitHub/workspace/.audit-builds/calcium-prototype/release/calcium-root-exp-sign-public-trial)
==46==    by 0x4058B61: <hyperreal::rational::arithmetic::Rational>::add_ref (in /home/tim/Documents/GitHub/workspace/.audit-builds/calcium-prototype/release/calcium-root-exp-sign-public-trial)
==46==    by 0x409D45A: <hyperreal::computable::node::ExpRelationForm>::linear (in /home/tim/Documents/GitHub/workspace/.audit-builds/calcium-prototype/release/calcium-root-exp-sign-public-trial)
==46==    by 0x409D997: <hyperreal::computable::node::ExpRelationForm>::logarithm (in /home/tim/Documents/GitHub/workspace/.audit-builds/calcium-prototype/release/calcium-root-exp-sign-public-trial)
==46==    by 0x409821F: <hyperreal::computable::node::Computable>::exact_sign (in /home/tim/Documents/GitHub/workspace/.audit-builds/calcium-prototype/release/calcium-root-exp-sign-public-trial)
==46==    by 0x40B8011: <hyperreal::computable::node::Computable>::structural_facts (in /home/tim/Documents/GitHub/workspace/.audit-builds/calcium-prototype/release/calcium-root-exp-sign-public-trial)
==46==    by 0x404B298: calcium_root_exp_sign_public_trial::main (in /home/tim/Documents/GitHub/workspace/.audit-builds/calcium-prototype/release/calcium-root-exp-sign-public-trial)
==46==    by 0x404AC92: std::sys::backtrace::__rust_begin_short_backtrace::<fn(), ()> (in /home/tim/Documents/GitHub/workspace/.audit-builds/calcium-prototype/release/calcium-root-exp-sign-public-trial)
==46==    by 0x404ACF8: std::rt::lang_start::<()>::{closure#0} (in /home/tim/Documents/GitHub/workspace/.audit-builds/calcium-prototype/release/calcium-root-exp-sign-public-trial)
==46== 
==46== 416 bytes in 4 blocks are still reachable in loss record 43 of 44
==46==    at 0x49C1AE6: malloc (vg_replace_malloc.c:447)
==46==    by 0x4061DD5: <hyperreal::rational::arithmetic::Rational>::reduce_with_possible_divisor (in /home/tim/Documents/GitHub/workspace/.audit-builds/calcium-prototype/release/calcium-root-exp-sign-public-trial)
==46==    by 0x4058B61: <hyperreal::rational::arithmetic::Rational>::add_ref (in /home/tim/Documents/GitHub/workspace/.audit-builds/calcium-prototype/release/calcium-root-exp-sign-public-trial)
==46==    by 0x409D45A: <hyperreal::computable::node::ExpRelationForm>::linear (in /home/tim/Documents/GitHub/workspace/.audit-builds/calcium-prototype/release/calcium-root-exp-sign-public-trial)
==46==    by 0x409D997: <hyperreal::computable::node::ExpRelationForm>::logarithm (in /home/tim/Documents/GitHub/workspace/.audit-builds/calcium-prototype/release/calcium-root-exp-sign-public-trial)
==46==    by 0x409821F: <hyperreal::computable::node::Computable>::exact_sign (in /home/tim/Documents/GitHub/workspace/.audit-builds/calcium-prototype/release/calcium-root-exp-sign-public-trial)
==46==    by 0x40B8011: <hyperreal::computable::node::Computable>::structural_facts (in /home/tim/Documents/GitHub/workspace/.audit-builds/calcium-prototype/release/calcium-root-exp-sign-public-trial)
==46==    by 0x404B298: calcium_root_exp_sign_public_trial::main (in /home/tim/Documents/GitHub/workspace/.audit-builds/calcium-prototype/release/calcium-root-exp-sign-public-trial)
==46==    by 0x404AC92: std::sys::backtrace::__rust_begin_short_backtrace::<fn(), ()> (in /home/tim/Documents/GitHub/workspace/.audit-builds/calcium-prototype/release/calcium-root-exp-sign-public-trial)
==46==    by 0x404ACF8: std::rt::lang_start::<()>::{closure#0} (in /home/tim/Documents/GitHub/workspace/.audit-builds/calcium-prototype/release/calcium-root-exp-sign-public-trial)
==46==    by 0x412F4E6: std::rt::lang_start_internal (in /home/tim/Documents/GitHub/workspace/.audit-builds/calcium-prototype/release/calcium-root-exp-sign-public-trial)
==46==    by 0x404D374: main (in /home/tim/Documents/GitHub/workspace/.audit-builds/calcium-prototype/release/calcium-root-exp-sign-public-trial)
==46== 
==46== 544 bytes in 1 blocks are still reachable in loss record 44 of 44
==46==    at 0x49C1AE6: malloc (vg_replace_malloc.c:447)
==46==    by 0x4132359: std::sys::pal::unix::stack_overflow::thread_info::set_current_info (in /home/tim/Documents/GitHub/workspace/.audit-builds/calcium-prototype/release/calcium-root-exp-sign-public-trial)
==46==    by 0x412F41F: std::rt::lang_start_internal (in /home/tim/Documents/GitHub/workspace/.audit-builds/calcium-prototype/release/calcium-root-exp-sign-public-trial)
==46==    by 0x404D374: main (in /home/tim/Documents/GitHub/workspace/.audit-builds/calcium-prototype/release/calcium-root-exp-sign-public-trial)
==46== 
==46== LEAK SUMMARY:
==46==    definitely lost: 0 bytes in 0 blocks
==46==    indirectly lost: 0 bytes in 0 blocks
==46==      possibly lost: 0 bytes in 0 blocks
==46==    still reachable: 7,208 bytes in 59 blocks
==46==         suppressed: 0 bytes in 0 blocks
==46== 
==46== For lists of detected and suppressed errors, rerun with: -s
==46== ERROR SUMMARY: 0 errors from 0 contexts (suppressed: 0 from 0)
