case,negative,precision,control,outcome
0,false,-64,identity,Equal
0,false,-64,perturbed,NotEqual
0,false,-256,identity,Equal
0,false,-256,perturbed,NotEqual
0,false,-512,identity,Equal
0,false,-512,perturbed,NotEqual
0,true,-64,identity,Equal
0,true,-64,perturbed,NotEqual
0,true,-256,identity,Equal
0,true,-256,perturbed,NotEqual
0,true,-512,identity,Equal
0,true,-512,perturbed,NotEqual
1,false,-64,identity,Equal
1,false,-64,perturbed,NotEqual
1,false,-256,identity,Equal
1,false,-256,perturbed,NotEqual
1,false,-512,identity,Equal
1,false,-512,perturbed,NotEqual
1,true,-64,identity,Equal
1,true,-64,perturbed,NotEqual
1,true,-256,identity,Equal
1,true,-256,perturbed,NotEqual
1,true,-512,identity,Equal
1,true,-512,perturbed,NotEqual
2,false,-64,identity,Equal
2,false,-64,perturbed,NotEqual
2,false,-256,identity,Equal
2,false,-256,perturbed,NotEqual
2,false,-512,identity,Equal
2,false,-512,perturbed,NotEqual
2,true,-64,identity,Equal
2,true,-64,perturbed,NotEqual
2,true,-256,identity,Equal
2,true,-256,perturbed,NotEqual
2,true,-512,identity,Equal
2,true,-512,perturbed,NotEqual
3,false,-64,identity,Equal
3,false,-64,perturbed,NotEqual
3,false,-256,identity,Equal
3,false,-256,perturbed,NotEqual
3,false,-512,identity,Equal
3,false,-512,perturbed,NotEqual
3,true,-64,identity,Equal
3,true,-64,perturbed,NotEqual
3,true,-256,identity,Equal
3,true,-256,perturbed,NotEqual
3,true,-512,identity,Equal
3,true,-512,perturbed,NotEqual
4,false,-64,identity,Equal
4,false,-64,perturbed,NotEqual
4,false,-256,identity,Equal
4,false,-256,perturbed,NotEqual
4,false,-512,identity,Equal
4,false,-512,perturbed,NotEqual
4,true,-64,identity,Equal
4,true,-64,perturbed,NotEqual
4,true,-256,identity,Equal
4,true,-256,perturbed,NotEqual
4,true,-512,identity,Equal
4,true,-512,perturbed,NotEqual
5,false,-64,identity,Equal
5,false,-64,perturbed,NotEqual
5,false,-256,identity,Equal
5,false,-256,perturbed,NotEqual
5,false,-512,identity,Equal
5,false,-512,perturbed,NotEqual
5,true,-64,identity,Equal
5,true,-64,perturbed,NotEqual
5,true,-256,identity,Equal
5,true,-256,perturbed,NotEqual
5,true,-512,identity,Equal
5,true,-512,perturbed,NotEqual
6,false,-64,identity,Equal
6,false,-64,perturbed,NotEqual
6,false,-256,identity,Equal
6,false,-256,perturbed,NotEqual
6,false,-512,identity,Equal
6,false,-512,perturbed,NotEqual
6,true,-64,identity,Equal
6,true,-64,perturbed,NotEqual
6,true,-256,identity,Equal
6,true,-256,perturbed,NotEqual
6,true,-512,identity,Equal
6,true,-512,perturbed,NotEqual
7,false,-64,identity,Equal
7,false,-64,perturbed,NotEqual
7,false,-256,identity,Equal
7,false,-256,perturbed,NotEqual
7,false,-512,identity,Equal
7,false,-512,perturbed,NotEqual
7,true,-64,identity,Equal
7,true,-64,perturbed,NotEqual
7,true,-256,identity,Equal
7,true,-256,perturbed,NotEqual
7,true,-512,identity,Equal
7,true,-512,perturbed,NotEqual
