    Checking libc v0.2.186
    Checking cfg-if v1.0.4
    Checking num-traits v0.2.19
    Checking serde_core v1.0.228
    Checking zerocopy v0.8.48
    Checking serde v1.0.228
    Checking getrandom v0.3.4
    Checking crossbeam-utils v0.8.21
    Checking num-integer v0.1.46
    Checking crossbeam-epoch v0.9.18
    Checking rand_core v0.9.5
    Checking zmij v1.0.21
    Checking ciborium-io v0.2.2
    Checking either v1.15.0
    Checking once_cell v1.21.4
    Checking linux-raw-sys v0.12.1
    Checking half v2.7.1
    Checking itoa v1.0.18
    Checking bitflags v2.11.1
    Checking regex-syntax v0.8.10
    Checking memchr v2.8.0
    Checking serde_json v1.0.149
    Checking rustix v1.1.4
    Checking ciborium-ll v0.2.2
    Checking crossbeam-deque v0.8.6
    Checking getrandom v0.4.2
    Checking num-bigint v0.4.6
    Checking anstyle v1.0.14
    Checking fastrand v2.4.1
    Checking clap_lex v1.1.0
    Checking plotters-backend v0.3.7
    Checking num-rational v0.4.2
    Checking plotters-svg v0.3.7
    Checking clap_builder v4.6.0
    Checking tempfile v3.27.0
    Checking rayon-core v1.13.0
    Checking ciborium v0.2.2
    Checking regex-automata v0.4.14
    Checking ppv-lite86 v0.2.21
    Checking itertools v0.10.5
    Checking num-iter v0.1.45
    Checking num-complex v0.4.6
    Checking wait-timeout v0.2.1
    Checking bit-vec v0.8.0
    Checking fnv v1.0.7
    Checking quick-error v1.2.3
    Checking same-file v1.0.6
    Checking cast v0.3.0
    Checking walkdir v2.5.0
    Checking criterion-plot v0.5.0
    Checking bit-set v0.8.0
    Checking rusty-fork v0.3.1
    Checking num v0.4.3
    Checking regex v1.12.3
    Checking rand_chacha v0.9.0
    Checking clap v4.6.1
    Checking rayon v1.12.0
    Checking libm v0.2.16
    Checking plotters v0.3.7
    Checking gmp-mpfr-sys v1.7.1
    Checking tinytemplate v1.2.1
    Checking rand v0.9.4
    Checking rand_xorshift v0.4.0
    Checking is-terminal v0.4.17
    Checking az v1.3.0
    Checking oorandom v11.1.5
    Checking unarray v0.1.4
    Checking anes v0.1.6
    Checking criterion v0.5.1
    Checking rug v1.30.0
    Checking proptest v1.11.0
    Checking hyperreal v0.13.1 (/home/tim/Documents/GitHub/workspace/exactcore-hyper-comparison/audits/continuation/calcium/root-exp-reuse-trial-hyperreal)
    Finished `dev` profile [unoptimized] target(s) in 15.97s
