   Compiling hyperreal v0.13.1 (/home/tim/Documents/GitHub/workspace/exactcore-hyper-comparison/audits/continuation/calcium/root-exp-trial-hyperreal)
error[E0308]: mismatched types
   --> /home/tim/Documents/GitHub/workspace/exactcore-hyper-comparison/audits/continuation/calcium/root-exp-trial-hyperreal/src/computable/node/roots_inverse_hyperbolic.rs:44:80
    |
 44 |             let correction = Self::ln2().multiply(Self::rational(Rational::new(*shift)).negate());
    |                                                                  ------------- ^^^^^^ expected `i64`, found `i32`
    |                                                                  |
    |                                                                  arguments to this function are incorrect
    |
note: associated function defined here
   --> /home/tim/Documents/GitHub/workspace/exactcore-hyper-comparison/audits/continuation/calcium/root-exp-trial-hyperreal/src/rational/arithmetic/construction.rs:290:12
    |
290 |     pub fn new(n: i64) -> Self {
    |            ^^^ ------
help: you can convert an `i32` to an `i64`
    |
 44 |             let correction = Self::ln2().multiply(Self::rational(Rational::new((*shift).into())).negate());
    |                                                                                +      ++++++++

For more information about this error, try `rustc --explain E0308`.
error: could not compile `hyperreal` (lib) due to 1 previous error
