kind,input,state,outcome,passed
phase,minus-one,separate,NotEqual,0
phase,minus-one,in-place,NotEqual,0
phase,minus-two,separate,NotEqual,0
phase,minus-two,in-place,NotEqual,0
phase,minus-third,separate,NotEqual,0
phase,minus-third,in-place,NotEqual,0
phase,minus-sqrt-two,separate,Equal,1
phase,minus-sqrt-two,in-place,Equal,1
phase,zero,separate,Equal,1
phase,zero,in-place,Equal,1
phase,one,separate,Equal,1
phase,one,in-place,Equal,1
phase,i,separate,Equal,1
phase,i,in-place,Equal,1
phase,minus-i,separate,Equal,1
phase,minus-i,in-place,Equal,1
phase,one-plus-i,separate,Equal,1
phase,one-plus-i,in-place,Equal,1
phase,one-minus-i,separate,Equal,1
phase,one-minus-i,in-place,Equal,1
phase,negative-infinity,separate,NotEqual,0
phase,negative-infinity,in-place,NotEqual,0
phase,positive-infinity,separate,Equal,1
phase,positive-infinity,in-place,Equal,1
phase,unknown,separate,Equal,1
phase,unknown,in-place,Equal,1
phase,undefined,separate,Equal,1
phase,undefined,in-place,Equal,1
phase,unsigned-infinity,separate,Equal,1
phase,unsigned-infinity,in-place,Equal,1
{"suite":"phase","cases":30,"failed":8}
{"suite":"binary64","cases":10013,"failed":0}
{"suite":"rounding","cases":84,"failed":0}
