   Compiling num-bigint v0.4.6
   Compiling num-complex v0.4.6
   Compiling serde_core v1.0.228
   Compiling num-rational v0.4.2
   Compiling serde v1.0.228
   Compiling num v0.4.3
   Compiling bytemuck v1.25.2
   Compiling safe_arch v1.2.0
   Compiling hyperreal v0.13.1 (/home/tim/Documents/GitHub/workspace/exactcore-hyper-comparison/audits/continuation/calcium/sign-consumers/sign/hyperreal)
   Compiling matrixmultiply v0.3.11
   Compiling serde_json v1.0.149
   Compiling wide v1.7.0
   Compiling hyperlattice v0.6.1 (/home/tim/Documents/GitHub/workspace/exactcore-hyper-comparison/audits/continuation/calcium/sign-consumers/sign/hyperlattice)
   Compiling approx v0.5.1
   Compiling rawpointer v0.2.1
   Compiling simba v0.10.2
   Compiling hyperlimit v0.4.1 (/home/tim/Documents/GitHub/workspace/exactcore-hyper-comparison/audits/continuation/calcium/sign-consumers/sign/hyperlimit)
   Compiling tinytemplate v1.2.1
   Compiling ciborium v0.2.2
   Compiling typenum v1.20.1
   Compiling criterion v0.5.1
   Compiling nalgebra v0.35.0
   Compiling roots v0.0.8
   Compiling hypersolve v0.3.1 (/home/tim/Documents/GitHub/workspace/exactcore-hyper-comparison/audits/continuation/calcium/sign-consumers/sign/hypersolve)
    Finished `test` profile [unoptimized] target(s) in 24.10s
     Running unittests src/lib.rs (.audit-builds/calcium-prototype/debug/deps/hypersolve-2dcb0221e3e7d9eb)
     Running tests/exactcore_root_families.rs (.audit-builds/calcium-prototype/debug/deps/exactcore_root_families-9ad9629e39ddedfc)
     Running tests/quadratic_extraction.rs (.audit-builds/calcium-prototype/debug/deps/quadratic_extraction-2db8682f94f57659)
     Running tests/readme.rs (.audit-builds/calcium-prototype/debug/deps/readme-1256e1b2b83ba892)
     Running tests/real_representations.rs (.audit-builds/calcium-prototype/debug/deps/real_representations-481b6b1a750215b0)
     Running tests/residual_props.rs (.audit-builds/calcium-prototype/debug/deps/residual_props-0f50d5004bad9af9)
     Running tests/smoke.rs (.audit-builds/calcium-prototype/debug/deps/smoke-1f60ba1c94d9b3c8)
