case,delta,reversed,consumer,result,stage
0,0,false,sign,Zero,Structural
0,0,false,ordering,Equal,Structural
0,0,false,orientation,Zero,Exact
0,0,false,solver,Boundary,Structural
0,0,true,sign,Zero,Structural
0,0,true,ordering,Equal,Structural
0,0,true,orientation,Zero,Exact
0,0,true,solver,Boundary,Structural
0,-767,false,sign,Unknown,Undecided
0,-767,false,ordering,Unknown,Undecided
0,-767,false,orientation,Unknown,Undecided
0,-767,false,solver,Unknown,Structural
0,-767,true,sign,Unknown,Undecided
0,-767,true,ordering,Unknown,Undecided
0,-767,true,orientation,Unknown,Undecided
0,-767,true,solver,Unknown,Structural
0,767,false,sign,Unknown,Undecided
0,767,false,ordering,Unknown,Undecided
0,767,false,orientation,Unknown,Undecided
0,767,false,solver,Unknown,Structural
0,767,true,sign,Unknown,Undecided
0,767,true,ordering,Unknown,Undecided
0,767,true,orientation,Unknown,Undecided
0,767,true,solver,Unknown,Structural
0,-999,false,sign,Unknown,Undecided
0,-999,false,ordering,Unknown,Undecided
0,-999,false,orientation,Unknown,Undecided
0,-999,false,solver,Unknown,Structural
0,-999,true,sign,Unknown,Undecided
0,-999,true,ordering,Unknown,Undecided
0,-999,true,orientation,Unknown,Undecided
0,-999,true,solver,Unknown,Structural
0,999,false,sign,Unknown,Undecided
0,999,false,ordering,Unknown,Undecided
0,999,false,orientation,Unknown,Undecided
0,999,false,solver,Unknown,Structural
0,999,true,sign,Unknown,Undecided
0,999,true,ordering,Unknown,Undecided
0,999,true,orientation,Unknown,Undecided
0,999,true,solver,Unknown,Structural
0,-2048,false,sign,Unknown,Undecided
0,-2048,false,ordering,Unknown,Undecided
0,-2048,false,orientation,Unknown,Undecided
0,-2048,false,solver,Unknown,Structural
0,-2048,true,sign,Unknown,Undecided
0,-2048,true,ordering,Unknown,Undecided
0,-2048,true,orientation,Unknown,Undecided
0,-2048,true,solver,Unknown,Structural
0,2048,false,sign,Unknown,Undecided
0,2048,false,ordering,Unknown,Undecided
0,2048,false,orientation,Unknown,Undecided
0,2048,false,solver,Unknown,Structural
0,2048,true,sign,Unknown,Undecided
0,2048,true,ordering,Unknown,Undecided
0,2048,true,orientation,Unknown,Undecided
0,2048,true,solver,Unknown,Structural
1,0,false,sign,Unknown,Undecided
1,0,false,ordering,Unknown,Undecided
1,0,false,orientation,Unknown,Undecided
1,0,false,solver,Unknown,Structural
1,0,true,sign,Unknown,Undecided
1,0,true,ordering,Unknown,Undecided
1,0,true,orientation,Unknown,Undecided
1,0,true,solver,Unknown,Structural
1,-767,false,sign,Unknown,Undecided
1,-767,false,ordering,Unknown,Undecided
1,-767,false,orientation,Unknown,Undecided
1,-767,false,solver,Unknown,Structural
1,-767,true,sign,Unknown,Undecided
1,-767,true,ordering,Unknown,Undecided
1,-767,true,orientation,Unknown,Undecided
1,-767,true,solver,Unknown,Structural
1,767,false,sign,Unknown,Undecided
1,767,false,ordering,Unknown,Undecided
1,767,false,orientation,Unknown,Undecided
1,767,false,solver,Unknown,Structural
1,767,true,sign,Unknown,Undecided
1,767,true,ordering,Unknown,Undecided
1,767,true,orientation,Unknown,Undecided
1,767,true,solver,Unknown,Structural
1,-999,false,sign,Unknown,Undecided
1,-999,false,ordering,Unknown,Undecided
1,-999,false,orientation,Unknown,Undecided
1,-999,false,solver,Unknown,Structural
1,-999,true,sign,Unknown,Undecided
1,-999,true,ordering,Unknown,Undecided
1,-999,true,orientation,Unknown,Undecided
1,-999,true,solver,Unknown,Structural
1,999,false,sign,Unknown,Undecided
1,999,false,ordering,Unknown,Undecided
1,999,false,orientation,Unknown,Undecided
1,999,false,solver,Unknown,Structural
1,999,true,sign,Unknown,Undecided
1,999,true,ordering,Unknown,Undecided
1,999,true,orientation,Unknown,Undecided
1,999,true,solver,Unknown,Structural
1,-2048,false,sign,Unknown,Undecided
1,-2048,false,ordering,Unknown,Undecided
1,-2048,false,orientation,Unknown,Undecided
1,-2048,false,solver,Unknown,Structural
1,-2048,true,sign,Unknown,Undecided
1,-2048,true,ordering,Unknown,Undecided
1,-2048,true,orientation,Unknown,Undecided
1,-2048,true,solver,Unknown,Structural
1,2048,false,sign,Unknown,Undecided
1,2048,false,ordering,Unknown,Undecided
1,2048,false,orientation,Unknown,Undecided
1,2048,false,solver,Unknown,Structural
1,2048,true,sign,Unknown,Undecided
1,2048,true,ordering,Unknown,Undecided
1,2048,true,orientation,Unknown,Undecided
1,2048,true,solver,Unknown,Structural
2,0,false,sign,Unknown,Undecided
2,0,false,ordering,Unknown,Undecided
2,0,false,orientation,Unknown,Undecided
2,0,false,solver,Unknown,Structural
2,0,true,sign,Unknown,Undecided
2,0,true,ordering,Unknown,Undecided
2,0,true,orientation,Unknown,Undecided
2,0,true,solver,Unknown,Structural
2,-767,false,sign,Unknown,Undecided
2,-767,false,ordering,Unknown,Undecided
2,-767,false,orientation,Unknown,Undecided
2,-767,false,solver,Unknown,Structural
2,-767,true,sign,Unknown,Undecided
2,-767,true,ordering,Unknown,Undecided
2,-767,true,orientation,Unknown,Undecided
2,-767,true,solver,Unknown,Structural
2,767,false,sign,Unknown,Undecided
2,767,false,ordering,Unknown,Undecided
2,767,false,orientation,Unknown,Undecided
2,767,false,solver,Unknown,Structural
2,767,true,sign,Unknown,Undecided
2,767,true,ordering,Unknown,Undecided
2,767,true,orientation,Unknown,Undecided
2,767,true,solver,Unknown,Structural
2,-999,false,sign,Unknown,Undecided
2,-999,false,ordering,Unknown,Undecided
2,-999,false,orientation,Unknown,Undecided
2,-999,false,solver,Unknown,Structural
2,-999,true,sign,Unknown,Undecided
2,-999,true,ordering,Unknown,Undecided
2,-999,true,orientation,Unknown,Undecided
2,-999,true,solver,Unknown,Structural
2,999,false,sign,Unknown,Undecided
2,999,false,ordering,Unknown,Undecided
2,999,false,orientation,Unknown,Undecided
2,999,false,solver,Unknown,Structural
2,999,true,sign,Unknown,Undecided
2,999,true,ordering,Unknown,Undecided
2,999,true,orientation,Unknown,Undecided
2,999,true,solver,Unknown,Structural
2,-2048,false,sign,Unknown,Undecided
2,-2048,false,ordering,Unknown,Undecided
2,-2048,false,orientation,Unknown,Undecided
2,-2048,false,solver,Unknown,Structural
2,-2048,true,sign,Unknown,Undecided
2,-2048,true,ordering,Unknown,Undecided
2,-2048,true,orientation,Unknown,Undecided
2,-2048,true,solver,Unknown,Structural
2,2048,false,sign,Unknown,Undecided
2,2048,false,ordering,Unknown,Undecided
2,2048,false,orientation,Unknown,Undecided
2,2048,false,solver,Unknown,Structural
2,2048,true,sign,Unknown,Undecided
2,2048,true,ordering,Unknown,Undecided
2,2048,true,orientation,Unknown,Undecided
2,2048,true,solver,Unknown,Structural
3,0,false,sign,Unknown,Undecided
3,0,false,ordering,Unknown,Undecided
3,0,false,orientation,Unknown,Undecided
3,0,false,solver,Unknown,Structural
3,0,true,sign,Unknown,Undecided
3,0,true,ordering,Unknown,Undecided
3,0,true,orientation,Unknown,Undecided
3,0,true,solver,Unknown,Structural
3,-767,false,sign,Unknown,Undecided
3,-767,false,ordering,Unknown,Undecided
3,-767,false,orientation,Unknown,Undecided
3,-767,false,solver,Unknown,Structural
3,-767,true,sign,Unknown,Undecided
3,-767,true,ordering,Unknown,Undecided
3,-767,true,orientation,Unknown,Undecided
3,-767,true,solver,Unknown,Structural
3,767,false,sign,Unknown,Undecided
3,767,false,ordering,Unknown,Undecided
3,767,false,orientation,Unknown,Undecided
3,767,false,solver,Unknown,Structural
3,767,true,sign,Unknown,Undecided
3,767,true,ordering,Unknown,Undecided
3,767,true,orientation,Unknown,Undecided
3,767,true,solver,Unknown,Structural
3,-999,false,sign,Unknown,Undecided
3,-999,false,ordering,Unknown,Undecided
3,-999,false,orientation,Unknown,Undecided
3,-999,false,solver,Unknown,Structural
3,-999,true,sign,Unknown,Undecided
3,-999,true,ordering,Unknown,Undecided
3,-999,true,orientation,Unknown,Undecided
3,-999,true,solver,Unknown,Structural
3,999,false,sign,Unknown,Undecided
3,999,false,ordering,Unknown,Undecided
3,999,false,orientation,Unknown,Undecided
3,999,false,solver,Unknown,Structural
3,999,true,sign,Unknown,Undecided
3,999,true,ordering,Unknown,Undecided
3,999,true,orientation,Unknown,Undecided
3,999,true,solver,Unknown,Structural
3,-2048,false,sign,Unknown,Undecided
3,-2048,false,ordering,Unknown,Undecided
3,-2048,false,orientation,Unknown,Undecided
3,-2048,false,solver,Unknown,Structural
3,-2048,true,sign,Unknown,Undecided
3,-2048,true,ordering,Unknown,Undecided
3,-2048,true,orientation,Unknown,Undecided
3,-2048,true,solver,Unknown,Structural
3,2048,false,sign,Unknown,Undecided
3,2048,false,ordering,Unknown,Undecided
3,2048,false,orientation,Unknown,Undecided
3,2048,false,solver,Unknown,Structural
3,2048,true,sign,Unknown,Undecided
3,2048,true,ordering,Unknown,Undecided
3,2048,true,orientation,Unknown,Undecided
3,2048,true,solver,Unknown,Structural
