   Compiling hyperreal v0.13.1 (/home/tim/Documents/GitHub/workspace/exactcore-hyper-comparison/audits/continuation/calcium/sign-filter-baseline/hyperreal)
   Compiling hyperlattice v0.6.1 (/home/tim/Documents/GitHub/workspace/exactcore-hyper-comparison/audits/continuation/calcium/sign-filter-baseline/hyperlattice)
   Compiling hyperlimit v0.4.1 (/home/tim/Documents/GitHub/workspace/exactcore-hyper-comparison/audits/continuation/calcium/sign-filter-baseline/hyperlimit)
    Finished `test` profile [unoptimized] target(s) in 8.51s
     Running unittests src/lib.rs (/tmp/calcium-consumer-builds.X7kU2Y/calcium-reuse/debug/deps/hyperlimit-32d00849608edc0e)
     Running tests/adversarial_degeneracies.rs (/tmp/calcium-consumer-builds.X7kU2Y/calcium-reuse/debug/deps/adversarial_degeneracies-da1a5872bfa9283a)
     Running tests/adversarial_predicates.rs (/tmp/calcium-consumer-builds.X7kU2Y/calcium-reuse/debug/deps/adversarial_predicates-19d761384228b8cd)
     Running tests/adversarial_props.rs (/tmp/calcium-consumer-builds.X7kU2Y/calcium-reuse/debug/deps/adversarial_props-1c48308b63e27c1d)
     Running tests/batch.rs (/tmp/calcium-consumer-builds.X7kU2Y/calcium-reuse/debug/deps/batch-328982a2576e54aa)
     Running tests/classification_contracts.rs (/tmp/calcium-consumer-builds.X7kU2Y/calcium-reuse/debug/deps/classification_contracts-db35dba3cf68e0ae)
     Running tests/composite_policy.rs (/tmp/calcium-consumer-builds.X7kU2Y/calcium-reuse/debug/deps/composite_policy-daf247eff91a6387)
     Running tests/exactcore_xinwei.rs (/tmp/calcium-consumer-builds.X7kU2Y/calcium-reuse/debug/deps/exactcore_xinwei-8c39bc0c6dd836ef)
     Running tests/halfspace_feasibility.rs (/tmp/calcium-consumer-builds.X7kU2Y/calcium-reuse/debug/deps/halfspace_feasibility-18ab63817509f3c6)
     Running tests/nd_predicates.rs (/tmp/calcium-consumer-builds.X7kU2Y/calcium-reuse/debug/deps/nd_predicates-6ef0bbd4506786c7)
     Running tests/promoted_mesh_helpers.rs (/tmp/calcium-consumer-builds.X7kU2Y/calcium-reuse/debug/deps/promoted_mesh_helpers-075c62c0ab11ff61)
     Running tests/readme.rs (/tmp/calcium-consumer-builds.X7kU2Y/calcium-reuse/debug/deps/readme-269def6334ff8182)
     Running tests/real_representations.rs (/tmp/calcium-consumer-builds.X7kU2Y/calcium-reuse/debug/deps/real_representations-2333d8e87280707c)
     Running tests/retained_report_contracts.rs (/tmp/calcium-consumer-builds.X7kU2Y/calcium-reuse/debug/deps/retained_report_contracts-ccd56de913eb5477)
     Running tests/robust_parity.rs (/tmp/calcium-consumer-builds.X7kU2Y/calcium-reuse/debug/deps/robust_parity-c962929d7ededc2c)
     Running tests/support_dop.rs (/tmp/calcium-consumer-builds.X7kU2Y/calcium-reuse/debug/deps/support_dop-b6bc458214cbcfda)
