   Compiling hypercurve v0.3.1 (/home/tim/Documents/GitHub/workspace/exactcore-hyper-comparison/audits/continuation/calcium/sign-consumers/baseline/hypercurve)
    Finished `test` profile [unoptimized] target(s) in 6.63s
     Running unittests src/lib.rs (.audit-builds/calcium-baseline/debug/deps/hypercurve-9f21cd888ed8d2a2)
     Running tests/exact_structural_facts.rs (.audit-builds/calcium-baseline/debug/deps/exact_structural_facts-c7fed074509229ce)
     Running tests/hypercurve_adversarial_polygons.rs (.audit-builds/calcium-baseline/debug/deps/hypercurve_adversarial_polygons-fd573d92cb66176c)
     Running tests/hypercurve_analytic_parallel_region.rs (.audit-builds/calcium-baseline/debug/deps/hypercurve_analytic_parallel_region-780d0b915805b76f)
     Running tests/hypercurve_arc_bezier.rs (.audit-builds/calcium-baseline/debug/deps/hypercurve_arc_bezier-c0820060002e61a8)
     Running tests/hypercurve_bbox.rs (.audit-builds/calcium-baseline/debug/deps/hypercurve_bbox-5a70760c735c5d8a)
     Running tests/hypercurve_bezier_algebraic_image.rs (.audit-builds/calcium-baseline/debug/deps/hypercurve_bezier_algebraic_image-f966ea67e1c10163)
     Running tests/hypercurve_bezier_algebraic_parameter.rs (.audit-builds/calcium-baseline/debug/deps/hypercurve_bezier_algebraic_parameter-8533c93295fe8620)
     Running tests/hypercurve_bezier_arrangement.rs (.audit-builds/calcium-baseline/debug/deps/hypercurve_bezier_arrangement-686ad00ecd660a0b)
     Running tests/hypercurve_bezier_evaluation.rs (.audit-builds/calcium-baseline/debug/deps/hypercurve_bezier_evaluation-91a02bcc10ae245f)
     Running tests/hypercurve_bezier_fit_offset.rs (.audit-builds/calcium-baseline/debug/deps/hypercurve_bezier_fit_offset-d02d1f7e996386a2)
     Running tests/hypercurve_bezier_region.rs (.audit-builds/calcium-baseline/debug/deps/hypercurve_bezier_region-c9feb96c6ae5e026)
     Running tests/hypercurve_bezier_split_materialization.rs (.audit-builds/calcium-baseline/debug/deps/hypercurve_bezier_split_materialization-a9a3d58adbd5ed6f)
     Running tests/hypercurve_bezier_tangent_order.rs (.audit-builds/calcium-baseline/debug/deps/hypercurve_bezier_tangent_order-152e192542495bb1)
     Running tests/hypercurve_bspline.rs (.audit-builds/calcium-baseline/debug/deps/hypercurve_bspline-1ad14c69b4d1fdb4)
     Running tests/hypercurve_circle_predicates.rs (.audit-builds/calcium-baseline/debug/deps/hypercurve_circle_predicates-870b725cf6305517)
     Running tests/hypercurve_contour.rs (.audit-builds/calcium-baseline/debug/deps/hypercurve_contour-eeb27d72830dca8d)
     Running tests/hypercurve_curve.rs (.audit-builds/calcium-baseline/debug/deps/hypercurve_curve-6263090bbb6ef6a1)
     Running tests/hypercurve_curve_intersection.rs (.audit-builds/calcium-baseline/debug/deps/hypercurve_curve_intersection-7cc9451373cfc136)
     Running tests/hypercurve_curve_region_boolean.rs (.audit-builds/calcium-baseline/debug/deps/hypercurve_curve_region_boolean-626e8f9113bf5c83)
     Running tests/hypercurve_curve_region_boolean_fuzz.rs (.audit-builds/calcium-baseline/debug/deps/hypercurve_curve_region_boolean_fuzz-bf8cfc43548c52c7)
     Running tests/hypercurve_curve_region_promotion.rs (.audit-builds/calcium-baseline/debug/deps/hypercurve_curve_region_promotion-817c46271b77de56)
     Running tests/hypercurve_curve_region_stroke.rs (.audit-builds/calcium-baseline/debug/deps/hypercurve_curve_region_stroke-cfc9e5a8e7f4d7e6)
     Running tests/hypercurve_curve_string.rs (.audit-builds/calcium-baseline/debug/deps/hypercurve_curve_string-c013ffa1494abfee)
     Running tests/hypercurve_derivative_completeness.rs (.audit-builds/calcium-baseline/debug/deps/hypercurve_derivative_completeness-f36c6cb0bd1ace7e)
     Running tests/hypercurve_dispatch_trace.rs (.audit-builds/calcium-baseline/debug/deps/hypercurve_dispatch_trace-c0e16daa48d0704a)
     Running tests/hypercurve_events.rs (.audit-builds/calcium-baseline/debug/deps/hypercurve_events-920a8f750ff1c5c2)
     Running tests/hypercurve_fragments.rs (.audit-builds/calcium-baseline/debug/deps/hypercurve_fragments-99ec4a15ee5058ae)
     Running tests/hypercurve_fuzz_regressions.rs (.audit-builds/calcium-baseline/debug/deps/hypercurve_fuzz_regressions-183ce1a5a2915d11)
     Running tests/hypercurve_geo_regressions.rs (.audit-builds/calcium-baseline/debug/deps/hypercurve_geo_regressions-40584cc171a4f7ef)
     Running tests/hypercurve_nurbs.rs (.audit-builds/calcium-baseline/debug/deps/hypercurve_nurbs-7514a2e146c3ec08)
     Running tests/hypercurve_nurbs_interpolation.rs (.audit-builds/calcium-baseline/debug/deps/hypercurve_nurbs_interpolation-a1c055ecc72f0150)
     Running tests/hypercurve_offset.rs (.audit-builds/calcium-baseline/debug/deps/hypercurve_offset-0ad285a36bf064cc)
     Running tests/hypercurve_pcb_boolean_regressions.rs (.audit-builds/calcium-baseline/debug/deps/hypercurve_pcb_boolean_regressions-7404e301fc8492a2)
     Running tests/hypercurve_polynomial_spline.rs (.audit-builds/calcium-baseline/debug/deps/hypercurve_polynomial_spline-a9233fbc3e8c2158)
     Running tests/hypercurve_pr59_shape_regressions.rs (.audit-builds/calcium-baseline/debug/deps/hypercurve_pr59_shape_regressions-5dc00ce9e81772c4)
     Running tests/hypercurve_rational_bezier.rs (.audit-builds/calcium-baseline/debug/deps/hypercurve_rational_bezier-f6c6b632236ccaff)
     Running tests/hypercurve_reconstruct.rs (.audit-builds/calcium-baseline/debug/deps/hypercurve_reconstruct-ccd483065a9ba07d)
     Running tests/hypercurve_self_contacts.rs (.audit-builds/calcium-baseline/debug/deps/hypercurve_self_contacts-44451de9ea5cbe21)
     Running tests/hypercurve_split.rs (.audit-builds/calcium-baseline/debug/deps/hypercurve_split-de6396eb6e40b7a9)
     Running tests/hypercurve_svg.rs (.audit-builds/calcium-baseline/debug/deps/hypercurve_svg-8587a1faf6f628ff)
     Running tests/hypercurve_triangulation.rs (.audit-builds/calcium-baseline/debug/deps/hypercurve_triangulation-4db9594ca7dda158)
     Running tests/line_constant_coordinates.rs (.audit-builds/calcium-baseline/debug/deps/line_constant_coordinates-147f5dc814bf9663)
     Running tests/pathological_benchmark_fixture.rs (.audit-builds/calcium-baseline/debug/deps/pathological_benchmark_fixture-bdeb25d057c8507b)
     Running tests/readme.rs (.audit-builds/calcium-baseline/debug/deps/readme-03f55f7ffe7315ef)
