   Compiling hyperreal v0.13.1 (/home/tim/Documents/GitHub/workspace/exactcore-hyper-comparison/audits/continuation/calcium/sign-filter-candidate/hyperreal)
   Compiling hyperlattice v0.6.1 (/home/tim/Documents/GitHub/workspace/exactcore-hyper-comparison/audits/continuation/calcium/sign-filter-candidate/hyperlattice)
   Compiling hyperlimit v0.4.1 (/home/tim/Documents/GitHub/workspace/exactcore-hyper-comparison/audits/continuation/calcium/sign-filter-candidate/hyperlimit)
    Finished `test` profile [unoptimized] target(s) in 8.23s
     Running unittests src/lib.rs (/tmp/calcium-consumer-builds.X7kU2Y/calcium-reuse/debug/deps/hyperlimit-e9b7d4e149d73da8)
     Running tests/adversarial_degeneracies.rs (/tmp/calcium-consumer-builds.X7kU2Y/calcium-reuse/debug/deps/adversarial_degeneracies-cf8e6df6ce9112fe)
     Running tests/adversarial_predicates.rs (/tmp/calcium-consumer-builds.X7kU2Y/calcium-reuse/debug/deps/adversarial_predicates-1ba2d5103a501b59)
     Running tests/adversarial_props.rs (/tmp/calcium-consumer-builds.X7kU2Y/calcium-reuse/debug/deps/adversarial_props-64e5f6b56ccdbab4)
     Running tests/batch.rs (/tmp/calcium-consumer-builds.X7kU2Y/calcium-reuse/debug/deps/batch-ef79cf57b29dd022)
     Running tests/classification_contracts.rs (/tmp/calcium-consumer-builds.X7kU2Y/calcium-reuse/debug/deps/classification_contracts-85833a4e11bc7c1d)
     Running tests/composite_policy.rs (/tmp/calcium-consumer-builds.X7kU2Y/calcium-reuse/debug/deps/composite_policy-fd9109e0097f8668)
     Running tests/exactcore_xinwei.rs (/tmp/calcium-consumer-builds.X7kU2Y/calcium-reuse/debug/deps/exactcore_xinwei-cdfb5100f4cddb2d)
     Running tests/halfspace_feasibility.rs (/tmp/calcium-consumer-builds.X7kU2Y/calcium-reuse/debug/deps/halfspace_feasibility-0101f13f90e94cd6)
     Running tests/nd_predicates.rs (/tmp/calcium-consumer-builds.X7kU2Y/calcium-reuse/debug/deps/nd_predicates-8317e7b8e9ef25f9)
     Running tests/promoted_mesh_helpers.rs (/tmp/calcium-consumer-builds.X7kU2Y/calcium-reuse/debug/deps/promoted_mesh_helpers-0e9a349ac676f46e)
     Running tests/readme.rs (/tmp/calcium-consumer-builds.X7kU2Y/calcium-reuse/debug/deps/readme-4a82a528f415eb64)
     Running tests/real_representations.rs (/tmp/calcium-consumer-builds.X7kU2Y/calcium-reuse/debug/deps/real_representations-847ade54ff7e458b)
     Running tests/retained_report_contracts.rs (/tmp/calcium-consumer-builds.X7kU2Y/calcium-reuse/debug/deps/retained_report_contracts-6818768903bf07dc)
     Running tests/robust_parity.rs (/tmp/calcium-consumer-builds.X7kU2Y/calcium-reuse/debug/deps/robust_parity-11ad2139072bac45)
     Running tests/support_dop.rs (/tmp/calcium-consumer-builds.X7kU2Y/calcium-reuse/debug/deps/support_dop-a3cbafa44e381ce5)
