   Compiling hyperreal v0.13.1 (/home/tim/Documents/GitHub/workspace/exactcore-hyper-comparison/audits/continuation/calcium/sign-filter-mask/hyperreal)
   Compiling hyperlattice v0.6.1 (/home/tim/Documents/GitHub/workspace/exactcore-hyper-comparison/audits/continuation/calcium/sign-filter-mask/hyperlattice)
   Compiling hyperlimit v0.4.1 (/home/tim/Documents/GitHub/workspace/exactcore-hyper-comparison/audits/continuation/calcium/sign-filter-mask/hyperlimit)
    Finished `release` profile [optimized] target(s) in 39.22s
     Running unittests src/lib.rs (/tmp/calcium-consumer-builds.X7kU2Y/calcium-reuse/release/deps/hyperlimit-852c85084fc9aa32)
     Running tests/adversarial_degeneracies.rs (/tmp/calcium-consumer-builds.X7kU2Y/calcium-reuse/release/deps/adversarial_degeneracies-b32ee6f9bd7e4b6d)
     Running tests/adversarial_predicates.rs (/tmp/calcium-consumer-builds.X7kU2Y/calcium-reuse/release/deps/adversarial_predicates-0e3aa287ff89a36e)
     Running tests/adversarial_props.rs (/tmp/calcium-consumer-builds.X7kU2Y/calcium-reuse/release/deps/adversarial_props-c384a3bc61d703ca)
     Running tests/batch.rs (/tmp/calcium-consumer-builds.X7kU2Y/calcium-reuse/release/deps/batch-ddc66d0b2e9a3f9e)
     Running tests/classification_contracts.rs (/tmp/calcium-consumer-builds.X7kU2Y/calcium-reuse/release/deps/classification_contracts-beccec52a8a45a7c)
     Running tests/composite_policy.rs (/tmp/calcium-consumer-builds.X7kU2Y/calcium-reuse/release/deps/composite_policy-f3b0f204d29e3cca)
     Running tests/exactcore_xinwei.rs (/tmp/calcium-consumer-builds.X7kU2Y/calcium-reuse/release/deps/exactcore_xinwei-251236bd54e5c1c0)
     Running tests/halfspace_feasibility.rs (/tmp/calcium-consumer-builds.X7kU2Y/calcium-reuse/release/deps/halfspace_feasibility-969fa62ff949551c)
     Running tests/nd_predicates.rs (/tmp/calcium-consumer-builds.X7kU2Y/calcium-reuse/release/deps/nd_predicates-7cc85c9f6546802c)
     Running tests/promoted_mesh_helpers.rs (/tmp/calcium-consumer-builds.X7kU2Y/calcium-reuse/release/deps/promoted_mesh_helpers-dd3144000c2f624d)
     Running tests/readme.rs (/tmp/calcium-consumer-builds.X7kU2Y/calcium-reuse/release/deps/readme-dd4a4b11131993a7)
     Running tests/real_representations.rs (/tmp/calcium-consumer-builds.X7kU2Y/calcium-reuse/release/deps/real_representations-0183a06b0891defc)
     Running tests/retained_report_contracts.rs (/tmp/calcium-consumer-builds.X7kU2Y/calcium-reuse/release/deps/retained_report_contracts-4631a8aaef20c224)
     Running tests/robust_parity.rs (/tmp/calcium-consumer-builds.X7kU2Y/calcium-reuse/release/deps/robust_parity-2bf3377cef434a92)
     Running tests/support_dop.rs (/tmp/calcium-consumer-builds.X7kU2Y/calcium-reuse/release/deps/support_dop-f187c9ddaeb33595)
