   Compiling num-rational v0.4.2
   Compiling libmimalloc-sys v0.1.47
   Compiling xprec v0.2.2
   Compiling anyhow v1.0.102
   Compiling ciborium v0.2.2
   Compiling itertools v0.14.0
   Compiling smartstring v1.0.1
   Compiling tracing-attributes v0.1.31
   Compiling allocator-api2 v0.2.21
   Compiling dyn-clone v1.0.20
   Compiling foldhash v0.2.0
   Compiling bitflags v1.3.2
   Compiling fixedbitset v0.5.7
   Compiling pin-project-lite v0.2.17
   Compiling colored v3.1.1
   Compiling lazy_static v1.5.0
   Compiling log v0.4.29
   Compiling tracing-log v0.2.0
   Compiling numerica v1.4.3
   Compiling sharded-slab v0.1.7
   Compiling clap_builder v4.6.0
   Compiling tracing v0.1.44
   Compiling petgraph v0.8.3
   Compiling region v3.0.2
   Compiling hashbrown v0.16.1
   Compiling num v0.4.3
   Compiling wasmtime-jit-icache-coherence v34.0.2
   Compiling brotli-decompressor v5.0.0
   Compiling matchers v0.2.0
   Compiling itertools v0.13.0
   Compiling derive_arbitrary v1.4.2
   Compiling thread_local v1.1.9
   Compiling symbolica v1.5.1
   Compiling nu-ansi-term v0.50.3
   Compiling static_assertions v1.1.0
   Compiling spec_math v0.1.6
   Compiling symjit v2.14.9
   Compiling criterion-plot v0.6.0
   Compiling tracing-subscriber v0.3.23
   Compiling arbitrary v1.4.2
   Compiling brotli v8.0.2
   Compiling hyperreal v0.13.1 (/home/tim/Documents/GitHub/workspace/exactcore-hyper-comparison/audits/continuation/calcium/sign-consumers/sign/hyperreal)
   Compiling mimalloc v0.1.50
   Compiling clap v4.6.1
   Compiling graphica v1.2.1
   Compiling regex v1.12.3
   Compiling tinytemplate v1.2.1
   Compiling libloading v0.9.0
   Compiling bytes v1.11.1
   Compiling self_cell v1.2.2
   Compiling append-only-vec v0.1.8
   Compiling byteorder v1.5.0
   Compiling tinyjson v2.5.1
   Compiling criterion v0.7.0
   Compiling proptest v1.11.0
   Compiling hyperlattice v0.6.1 (/home/tim/Documents/GitHub/workspace/exactcore-hyper-comparison/audits/continuation/calcium/sign-consumers/sign/hyperlattice)
    Finished `release` profile [optimized] target(s) in 3m 39s
     Running unittests src/lib.rs (.audit-builds/calcium-prototype/release/deps/hyperlattice-3ac4ca8519e8fb42)
     Running tests/adversarial_borrowed_owned.rs (.audit-builds/calcium-prototype/release/deps/adversarial_borrowed_owned-aa9a4b20e5b30bd7)
     Running tests/adversarial_constraint_props.rs (.audit-builds/calcium-prototype/release/deps/adversarial_constraint_props-665747ca88dae21e)
     Running tests/adversarial_matrix_invariants.rs (.audit-builds/calcium-prototype/release/deps/adversarial_matrix_invariants-c41199e9a7ae627a)
     Running tests/adversarial_props.rs (.audit-builds/calcium-prototype/release/deps/adversarial_props-f6f25c561738deec)
     Running tests/adversarial_regressions.rs (.audit-builds/calcium-prototype/release/deps/adversarial_regressions-18f553bb9465f423)
     Running tests/adversarial_scalar_semantics.rs (.audit-builds/calcium-prototype/release/deps/adversarial_scalar_semantics-8e20f455fd7106a0)
     Running tests/api_surface_coverage.rs (.audit-builds/calcium-prototype/release/deps/api_surface_coverage-7160bac1945b40fd)
     Running tests/borrowed_ops.rs (.audit-builds/calcium-prototype/release/deps/borrowed_ops-de92bd764de4b308)
     Running tests/complex.rs (.audit-builds/calcium-prototype/release/deps/complex-81c7326b6cec54c2)
     Running tests/geometric.rs (.audit-builds/calcium-prototype/release/deps/geometric-b34dd33308d134b4)
     Running tests/gmp_benchmark_coverage.rs (.audit-builds/calcium-prototype/release/deps/gmp_benchmark_coverage-4729af165741b992)
     Running tests/matrix.rs (.audit-builds/calcium-prototype/release/deps/matrix-2b91dad943c300f0)
     Running tests/matrix_api_surface_coverage.rs (.audit-builds/calcium-prototype/release/deps/matrix_api_surface_coverage-efa6697199afb626)
     Running tests/readme.rs (.audit-builds/calcium-prototype/release/deps/readme-8832b7adda682f53)
     Running tests/real_representations.rs (.audit-builds/calcium-prototype/release/deps/real_representations-9a4e3eadc7e97954)
     Running tests/scalar.rs (.audit-builds/calcium-prototype/release/deps/scalar-b796c1d3720f58fe)
     Running tests/vector.rs (.audit-builds/calcium-prototype/release/deps/vector-9f76358e69d4f6ed)
