{"family":"large-angle","op":0,"exponent":0,"sign":-1,"initial":7,"den":1,"ok":1,"poly":["0","1"],"real":["0","0","0"],"imag":["0","0","0"]}
{"family":"large-angle","op":0,"exponent":0,"sign":-1,"initial":-11,"den":1,"ok":1,"poly":["0","1"],"real":["0","0","0"],"imag":["0","0","0"]}
{"family":"large-angle","op":0,"exponent":0,"sign":1,"initial":7,"den":1,"ok":1,"poly":["0","1"],"real":["0","0","0"],"imag":["0","0","0"]}
{"family":"large-angle","op":0,"exponent":0,"sign":1,"initial":-11,"den":1,"ok":1,"poly":["0","1"],"real":["0","0","0"],"imag":["0","0","0"]}
{"family":"large-angle","op":0,"exponent":30,"sign":-1,"initial":7,"den":1,"ok":1,"poly":["0","1"],"real":["0","0","0"],"imag":["0","0","0"]}
{"family":"large-angle","op":0,"exponent":30,"sign":-1,"initial":-11,"den":1,"ok":1,"poly":["0","1"],"real":["0","0","0"],"imag":["0","0","0"]}
{"family":"large-angle","op":0,"exponent":30,"sign":1,"initial":7,"den":1,"ok":1,"poly":["0","1"],"real":["0","0","0"],"imag":["0","0","0"]}
{"family":"large-angle","op":0,"exponent":30,"sign":1,"initial":-11,"den":1,"ok":1,"poly":["0","1"],"real":["0","0","0"],"imag":["0","0","0"]}
{"family":"large-angle","op":0,"exponent":60,"sign":-1,"initial":7,"den":1,"ok":1,"poly":["0","1"],"real":["0","0","0"],"imag":["0","0","0"]}
{"family":"large-angle","op":0,"exponent":60,"sign":-1,"initial":-11,"den":1,"ok":1,"poly":["0","1"],"real":["0","0","0"],"imag":["0","0","0"]}
{"family":"large-angle","op":0,"exponent":60,"sign":1,"initial":7,"den":1,"ok":1,"poly":["0","1"],"real":["0","0","0"],"imag":["0","0","0"]}
{"family":"large-angle","op":0,"exponent":60,"sign":1,"initial":-11,"den":1,"ok":1,"poly":["0","1"],"real":["0","0","0"],"imag":["0","0","0"]}
{"family":"large-angle","op":0,"exponent":61,"sign":-1,"initial":7,"den":1,"ok":1,"poly":["0","1"],"real":["0","0","0"],"imag":["0","0","0"]}
{"family":"large-angle","op":0,"exponent":61,"sign":-1,"initial":-11,"den":1,"ok":1,"poly":["0","1"],"real":["0","0","0"],"imag":["0","0","0"]}
{"family":"large-angle","op":0,"exponent":61,"sign":1,"initial":7,"den":1,"ok":1,"poly":["0","1"],"real":["0","0","0"],"imag":["0","0","0"]}
{"family":"large-angle","op":0,"exponent":61,"sign":1,"initial":-11,"den":1,"ok":1,"poly":["0","1"],"real":["0","0","0"],"imag":["0","0","0"]}
{"family":"large-angle","op":0,"exponent":62,"sign":-1,"initial":7,"den":1,"ok":1,"poly":["-7","1"],"real":["7","7","0"],"imag":["0","0","0"]}
{"family":"large-angle","op":0,"exponent":62,"sign":-1,"initial":-11,"den":1,"ok":1,"poly":["11","1"],"real":["-11","-11","0"],"imag":["0","0","0"]}
{"family":"large-angle","op":0,"exponent":62,"sign":1,"initial":7,"den":1,"ok":1,"poly":["-7","1"],"real":["7","7","0"],"imag":["0","0","0"]}
{"family":"large-angle","op":0,"exponent":62,"sign":1,"initial":-11,"den":1,"ok":1,"poly":["11","1"],"real":["-11","-11","0"],"imag":["0","0","0"]}
{"family":"large-angle","op":0,"exponent":63,"sign":-1,"initial":7,"den":1,"ok":1,"poly":["-7","1"],"real":["7","7","0"],"imag":["0","0","0"]}
{"family":"large-angle","op":0,"exponent":63,"sign":-1,"initial":-11,"den":1,"ok":1,"poly":["11","1"],"real":["-11","-11","0"],"imag":["0","0","0"]}
{"family":"large-angle","op":0,"exponent":63,"sign":1,"initial":7,"den":1,"ok":1,"poly":["-7","1"],"real":["7","7","0"],"imag":["0","0","0"]}
{"family":"large-angle","op":0,"exponent":63,"sign":1,"initial":-11,"den":1,"ok":1,"poly":["11","1"],"real":["-11","-11","0"],"imag":["0","0","0"]}
{"family":"large-angle","op":0,"exponent":80,"sign":-1,"initial":7,"den":1,"ok":1,"poly":["-7","1"],"real":["7","7","0"],"imag":["0","0","0"]}
{"family":"large-angle","op":0,"exponent":80,"sign":-1,"initial":-11,"den":1,"ok":1,"poly":["11","1"],"real":["-11","-11","0"],"imag":["0","0","0"]}
{"family":"large-angle","op":0,"exponent":80,"sign":1,"initial":7,"den":1,"ok":1,"poly":["-7","1"],"real":["7","7","0"],"imag":["0","0","0"]}
{"family":"large-angle","op":0,"exponent":80,"sign":1,"initial":-11,"den":1,"ok":1,"poly":["11","1"],"real":["-11","-11","0"],"imag":["0","0","0"]}
{"family":"large-angle","op":0,"exponent":256,"sign":-1,"initial":7,"den":1,"ok":1,"poly":["-7","1"],"real":["7","7","0"],"imag":["0","0","0"]}
{"family":"large-angle","op":0,"exponent":256,"sign":-1,"initial":-11,"den":1,"ok":1,"poly":["11","1"],"real":["-11","-11","0"],"imag":["0","0","0"]}
{"family":"large-angle","op":0,"exponent":256,"sign":1,"initial":7,"den":1,"ok":1,"poly":["-7","1"],"real":["7","7","0"],"imag":["0","0","0"]}
{"family":"large-angle","op":0,"exponent":256,"sign":1,"initial":-11,"den":1,"ok":1,"poly":["11","1"],"real":["-11","-11","0"],"imag":["0","0","0"]}
{"family":"large-angle","op":1,"exponent":0,"sign":-1,"initial":7,"den":1,"ok":1,"poly":["1","1"],"real":["-1","-1","0"],"imag":["0","0","0"]}
{"family":"large-angle","op":1,"exponent":0,"sign":-1,"initial":-11,"den":1,"ok":1,"poly":["1","1"],"real":["-1","-1","0"],"imag":["0","0","0"]}
{"family":"large-angle","op":1,"exponent":0,"sign":1,"initial":7,"den":1,"ok":1,"poly":["1","1"],"real":["-1","-1","0"],"imag":["0","0","0"]}
{"family":"large-angle","op":1,"exponent":0,"sign":1,"initial":-11,"den":1,"ok":1,"poly":["1","1"],"real":["-1","-1","0"],"imag":["0","0","0"]}
{"family":"large-angle","op":1,"exponent":30,"sign":-1,"initial":7,"den":1,"ok":1,"poly":["-1","1"],"real":["1","1","0"],"imag":["0","0","0"]}
{"family":"large-angle","op":1,"exponent":30,"sign":-1,"initial":-11,"den":1,"ok":1,"poly":["-1","1"],"real":["1","1","0"],"imag":["0","0","0"]}
{"family":"large-angle","op":1,"exponent":30,"sign":1,"initial":7,"den":1,"ok":1,"poly":["-1","1"],"real":["1","1","0"],"imag":["0","0","0"]}
{"family":"large-angle","op":1,"exponent":30,"sign":1,"initial":-11,"den":1,"ok":1,"poly":["-1","1"],"real":["1","1","0"],"imag":["0","0","0"]}
{"family":"large-angle","op":1,"exponent":60,"sign":-1,"initial":7,"den":1,"ok":1,"poly":["-1","1"],"real":["1","1","0"],"imag":["0","0","0"]}
{"family":"large-angle","op":1,"exponent":60,"sign":-1,"initial":-11,"den":1,"ok":1,"poly":["-1","1"],"real":["1","1","0"],"imag":["0","0","0"]}
{"family":"large-angle","op":1,"exponent":60,"sign":1,"initial":7,"den":1,"ok":1,"poly":["-1","1"],"real":["1","1","0"],"imag":["0","0","0"]}
{"family":"large-angle","op":1,"exponent":60,"sign":1,"initial":-11,"den":1,"ok":1,"poly":["-1","1"],"real":["1","1","0"],"imag":["0","0","0"]}
{"family":"large-angle","op":1,"exponent":61,"sign":-1,"initial":7,"den":1,"ok":1,"poly":["-1","1"],"real":["1","1","0"],"imag":["0","0","0"]}
{"family":"large-angle","op":1,"exponent":61,"sign":-1,"initial":-11,"den":1,"ok":1,"poly":["-1","1"],"real":["1","1","0"],"imag":["0","0","0"]}
{"family":"large-angle","op":1,"exponent":61,"sign":1,"initial":7,"den":1,"ok":1,"poly":["-1","1"],"real":["1","1","0"],"imag":["0","0","0"]}
{"family":"large-angle","op":1,"exponent":61,"sign":1,"initial":-11,"den":1,"ok":1,"poly":["-1","1"],"real":["1","1","0"],"imag":["0","0","0"]}
{"family":"large-angle","op":1,"exponent":62,"sign":-1,"initial":7,"den":1,"ok":1,"poly":["-7","1"],"real":["7","7","0"],"imag":["0","0","0"]}
{"family":"large-angle","op":1,"exponent":62,"sign":-1,"initial":-11,"den":1,"ok":1,"poly":["11","1"],"real":["-11","-11","0"],"imag":["0","0","0"]}
{"family":"large-angle","op":1,"exponent":62,"sign":1,"initial":7,"den":1,"ok":1,"poly":["-7","1"],"real":["7","7","0"],"imag":["0","0","0"]}
{"family":"large-angle","op":1,"exponent":62,"sign":1,"initial":-11,"den":1,"ok":1,"poly":["11","1"],"real":["-11","-11","0"],"imag":["0","0","0"]}
{"family":"large-angle","op":1,"exponent":63,"sign":-1,"initial":7,"den":1,"ok":1,"poly":["-7","1"],"real":["7","7","0"],"imag":["0","0","0"]}
{"family":"large-angle","op":1,"exponent":63,"sign":-1,"initial":-11,"den":1,"ok":1,"poly":["11","1"],"real":["-11","-11","0"],"imag":["0","0","0"]}
{"family":"large-angle","op":1,"exponent":63,"sign":1,"initial":7,"den":1,"ok":1,"poly":["-7","1"],"real":["7","7","0"],"imag":["0","0","0"]}
{"family":"large-angle","op":1,"exponent":63,"sign":1,"initial":-11,"den":1,"ok":1,"poly":["11","1"],"real":["-11","-11","0"],"imag":["0","0","0"]}
{"family":"large-angle","op":1,"exponent":80,"sign":-1,"initial":7,"den":1,"ok":1,"poly":["-7","1"],"real":["7","7","0"],"imag":["0","0","0"]}
{"family":"large-angle","op":1,"exponent":80,"sign":-1,"initial":-11,"den":1,"ok":1,"poly":["11","1"],"real":["-11","-11","0"],"imag":["0","0","0"]}
{"family":"large-angle","op":1,"exponent":80,"sign":1,"initial":7,"den":1,"ok":1,"poly":["-7","1"],"real":["7","7","0"],"imag":["0","0","0"]}
{"family":"large-angle","op":1,"exponent":80,"sign":1,"initial":-11,"den":1,"ok":1,"poly":["11","1"],"real":["-11","-11","0"],"imag":["0","0","0"]}
{"family":"large-angle","op":1,"exponent":256,"sign":-1,"initial":7,"den":1,"ok":1,"poly":["-7","1"],"real":["7","7","0"],"imag":["0","0","0"]}
{"family":"large-angle","op":1,"exponent":256,"sign":-1,"initial":-11,"den":1,"ok":1,"poly":["11","1"],"real":["-11","-11","0"],"imag":["0","0","0"]}
{"family":"large-angle","op":1,"exponent":256,"sign":1,"initial":7,"den":1,"ok":1,"poly":["-7","1"],"real":["7","7","0"],"imag":["0","0","0"]}
{"family":"large-angle","op":1,"exponent":256,"sign":1,"initial":-11,"den":1,"ok":1,"poly":["11","1"],"real":["-11","-11","0"],"imag":["0","0","0"]}
{"family":"large-angle","op":2,"exponent":0,"sign":-1,"initial":7,"den":1,"ok":1,"poly":["0","1"],"real":["0","0","0"],"imag":["0","0","0"]}
{"family":"large-angle","op":2,"exponent":0,"sign":-1,"initial":-11,"den":1,"ok":1,"poly":["0","1"],"real":["0","0","0"],"imag":["0","0","0"]}
{"family":"large-angle","op":2,"exponent":0,"sign":1,"initial":7,"den":1,"ok":1,"poly":["0","1"],"real":["0","0","0"],"imag":["0","0","0"]}
{"family":"large-angle","op":2,"exponent":0,"sign":1,"initial":-11,"den":1,"ok":1,"poly":["0","1"],"real":["0","0","0"],"imag":["0","0","0"]}
{"family":"large-angle","op":2,"exponent":30,"sign":-1,"initial":7,"den":1,"ok":1,"poly":["0","1"],"real":["0","0","0"],"imag":["0","0","0"]}
{"family":"large-angle","op":2,"exponent":30,"sign":-1,"initial":-11,"den":1,"ok":1,"poly":["0","1"],"real":["0","0","0"],"imag":["0","0","0"]}
{"family":"large-angle","op":2,"exponent":30,"sign":1,"initial":7,"den":1,"ok":1,"poly":["0","1"],"real":["0","0","0"],"imag":["0","0","0"]}
{"family":"large-angle","op":2,"exponent":30,"sign":1,"initial":-11,"den":1,"ok":1,"poly":["0","1"],"real":["0","0","0"],"imag":["0","0","0"]}
{"family":"large-angle","op":2,"exponent":60,"sign":-1,"initial":7,"den":1,"ok":1,"poly":["0","1"],"real":["0","0","0"],"imag":["0","0","0"]}
{"family":"large-angle","op":2,"exponent":60,"sign":-1,"initial":-11,"den":1,"ok":1,"poly":["0","1"],"real":["0","0","0"],"imag":["0","0","0"]}
{"family":"large-angle","op":2,"exponent":60,"sign":1,"initial":7,"den":1,"ok":1,"poly":["0","1"],"real":["0","0","0"],"imag":["0","0","0"]}
{"family":"large-angle","op":2,"exponent":60,"sign":1,"initial":-11,"den":1,"ok":1,"poly":["0","1"],"real":["0","0","0"],"imag":["0","0","0"]}
{"family":"large-angle","op":2,"exponent":61,"sign":-1,"initial":7,"den":1,"ok":1,"poly":["0","1"],"real":["0","0","0"],"imag":["0","0","0"]}
{"family":"large-angle","op":2,"exponent":61,"sign":-1,"initial":-11,"den":1,"ok":1,"poly":["0","1"],"real":["0","0","0"],"imag":["0","0","0"]}
{"family":"large-angle","op":2,"exponent":61,"sign":1,"initial":7,"den":1,"ok":1,"poly":["0","1"],"real":["0","0","0"],"imag":["0","0","0"]}
{"family":"large-angle","op":2,"exponent":61,"sign":1,"initial":-11,"den":1,"ok":1,"poly":["0","1"],"real":["0","0","0"],"imag":["0","0","0"]}
{"family":"large-angle","op":2,"exponent":62,"sign":-1,"initial":7,"den":1,"ok":1,"poly":["-7","1"],"real":["7","7","0"],"imag":["0","0","0"]}
{"family":"large-angle","op":2,"exponent":62,"sign":-1,"initial":-11,"den":1,"ok":1,"poly":["11","1"],"real":["-11","-11","0"],"imag":["0","0","0"]}
{"family":"large-angle","op":2,"exponent":62,"sign":1,"initial":7,"den":1,"ok":1,"poly":["-7","1"],"real":["7","7","0"],"imag":["0","0","0"]}
{"family":"large-angle","op":2,"exponent":62,"sign":1,"initial":-11,"den":1,"ok":1,"poly":["11","1"],"real":["-11","-11","0"],"imag":["0","0","0"]}
{"family":"large-angle","op":2,"exponent":63,"sign":-1,"initial":7,"den":1,"ok":1,"poly":["-7","1"],"real":["7","7","0"],"imag":["0","0","0"]}
{"family":"large-angle","op":2,"exponent":63,"sign":-1,"initial":-11,"den":1,"ok":1,"poly":["11","1"],"real":["-11","-11","0"],"imag":["0","0","0"]}
{"family":"large-angle","op":2,"exponent":63,"sign":1,"initial":7,"den":1,"ok":1,"poly":["-7","1"],"real":["7","7","0"],"imag":["0","0","0"]}
{"family":"large-angle","op":2,"exponent":63,"sign":1,"initial":-11,"den":1,"ok":1,"poly":["11","1"],"real":["-11","-11","0"],"imag":["0","0","0"]}
{"family":"large-angle","op":2,"exponent":80,"sign":-1,"initial":7,"den":1,"ok":1,"poly":["-7","1"],"real":["7","7","0"],"imag":["0","0","0"]}
{"family":"large-angle","op":2,"exponent":80,"sign":-1,"initial":-11,"den":1,"ok":1,"poly":["11","1"],"real":["-11","-11","0"],"imag":["0","0","0"]}
{"family":"large-angle","op":2,"exponent":80,"sign":1,"initial":7,"den":1,"ok":1,"poly":["-7","1"],"real":["7","7","0"],"imag":["0","0","0"]}
{"family":"large-angle","op":2,"exponent":80,"sign":1,"initial":-11,"den":1,"ok":1,"poly":["11","1"],"real":["-11","-11","0"],"imag":["0","0","0"]}
{"family":"large-angle","op":2,"exponent":256,"sign":-1,"initial":7,"den":1,"ok":1,"poly":["-7","1"],"real":["7","7","0"],"imag":["0","0","0"]}
{"family":"large-angle","op":2,"exponent":256,"sign":-1,"initial":-11,"den":1,"ok":1,"poly":["11","1"],"real":["-11","-11","0"],"imag":["0","0","0"]}
{"family":"large-angle","op":2,"exponent":256,"sign":1,"initial":7,"den":1,"ok":1,"poly":["-7","1"],"real":["7","7","0"],"imag":["0","0","0"]}
{"family":"large-angle","op":2,"exponent":256,"sign":1,"initial":-11,"den":1,"ok":1,"poly":["11","1"],"real":["-11","-11","0"],"imag":["0","0","0"]}
{"family":"large-angle","op":3,"exponent":0,"sign":-1,"initial":7,"den":2,"ok":0}
{"family":"large-angle","op":3,"exponent":0,"sign":-1,"initial":-11,"den":2,"ok":0}
{"family":"large-angle","op":3,"exponent":0,"sign":1,"initial":7,"den":2,"ok":0}
{"family":"large-angle","op":3,"exponent":0,"sign":1,"initial":-11,"den":2,"ok":0}
{"family":"large-angle","op":3,"exponent":30,"sign":-1,"initial":7,"den":2,"ok":1,"poly":["0","1"],"real":["0","0","0"],"imag":["0","0","0"]}
{"family":"large-angle","op":3,"exponent":30,"sign":-1,"initial":-11,"den":2,"ok":1,"poly":["0","1"],"real":["0","0","0"],"imag":["0","0","0"]}
{"family":"large-angle","op":3,"exponent":30,"sign":1,"initial":7,"den":2,"ok":1,"poly":["0","1"],"real":["0","0","0"],"imag":["0","0","0"]}
{"family":"large-angle","op":3,"exponent":30,"sign":1,"initial":-11,"den":2,"ok":1,"poly":["0","1"],"real":["0","0","0"],"imag":["0","0","0"]}
{"family":"large-angle","op":3,"exponent":60,"sign":-1,"initial":7,"den":2,"ok":1,"poly":["0","1"],"real":["0","0","0"],"imag":["0","0","0"]}
{"family":"large-angle","op":3,"exponent":60,"sign":-1,"initial":-11,"den":2,"ok":1,"poly":["0","1"],"real":["0","0","0"],"imag":["0","0","0"]}
{"family":"large-angle","op":3,"exponent":60,"sign":1,"initial":7,"den":2,"ok":1,"poly":["0","1"],"real":["0","0","0"],"imag":["0","0","0"]}
{"family":"large-angle","op":3,"exponent":60,"sign":1,"initial":-11,"den":2,"ok":1,"poly":["0","1"],"real":["0","0","0"],"imag":["0","0","0"]}
{"family":"large-angle","op":3,"exponent":61,"sign":-1,"initial":7,"den":2,"ok":1,"poly":["0","1"],"real":["0","0","0"],"imag":["0","0","0"]}
{"family":"large-angle","op":3,"exponent":61,"sign":-1,"initial":-11,"den":2,"ok":1,"poly":["0","1"],"real":["0","0","0"],"imag":["0","0","0"]}
{"family":"large-angle","op":3,"exponent":61,"sign":1,"initial":7,"den":2,"ok":1,"poly":["0","1"],"real":["0","0","0"],"imag":["0","0","0"]}
{"family":"large-angle","op":3,"exponent":61,"sign":1,"initial":-11,"den":2,"ok":1,"poly":["0","1"],"real":["0","0","0"],"imag":["0","0","0"]}
{"family":"large-angle","op":3,"exponent":62,"sign":-1,"initial":7,"den":2,"ok":1,"poly":["-7","1"],"real":["7","7","0"],"imag":["0","0","0"]}
{"family":"large-angle","op":3,"exponent":62,"sign":-1,"initial":-11,"den":2,"ok":1,"poly":["11","1"],"real":["-11","-11","0"],"imag":["0","0","0"]}
{"family":"large-angle","op":3,"exponent":62,"sign":1,"initial":7,"den":2,"ok":1,"poly":["-7","1"],"real":["7","7","0"],"imag":["0","0","0"]}
{"family":"large-angle","op":3,"exponent":62,"sign":1,"initial":-11,"den":2,"ok":1,"poly":["11","1"],"real":["-11","-11","0"],"imag":["0","0","0"]}
{"family":"large-angle","op":3,"exponent":63,"sign":-1,"initial":7,"den":2,"ok":1,"poly":["-7","1"],"real":["7","7","0"],"imag":["0","0","0"]}
{"family":"large-angle","op":3,"exponent":63,"sign":-1,"initial":-11,"den":2,"ok":1,"poly":["11","1"],"real":["-11","-11","0"],"imag":["0","0","0"]}
{"family":"large-angle","op":3,"exponent":63,"sign":1,"initial":7,"den":2,"ok":1,"poly":["-7","1"],"real":["7","7","0"],"imag":["0","0","0"]}
{"family":"large-angle","op":3,"exponent":63,"sign":1,"initial":-11,"den":2,"ok":1,"poly":["11","1"],"real":["-11","-11","0"],"imag":["0","0","0"]}
{"family":"large-angle","op":3,"exponent":80,"sign":-1,"initial":7,"den":2,"ok":1,"poly":["-7","1"],"real":["7","7","0"],"imag":["0","0","0"]}
{"family":"large-angle","op":3,"exponent":80,"sign":-1,"initial":-11,"den":2,"ok":1,"poly":["11","1"],"real":["-11","-11","0"],"imag":["0","0","0"]}
{"family":"large-angle","op":3,"exponent":80,"sign":1,"initial":7,"den":2,"ok":1,"poly":["-7","1"],"real":["7","7","0"],"imag":["0","0","0"]}
{"family":"large-angle","op":3,"exponent":80,"sign":1,"initial":-11,"den":2,"ok":1,"poly":["11","1"],"real":["-11","-11","0"],"imag":["0","0","0"]}
{"family":"large-angle","op":3,"exponent":256,"sign":-1,"initial":7,"den":2,"ok":1,"poly":["-7","1"],"real":["7","7","0"],"imag":["0","0","0"]}
{"family":"large-angle","op":3,"exponent":256,"sign":-1,"initial":-11,"den":2,"ok":1,"poly":["11","1"],"real":["-11","-11","0"],"imag":["0","0","0"]}
{"family":"large-angle","op":3,"exponent":256,"sign":1,"initial":7,"den":2,"ok":1,"poly":["-7","1"],"real":["7","7","0"],"imag":["0","0","0"]}
{"family":"large-angle","op":3,"exponent":256,"sign":1,"initial":-11,"den":2,"ok":1,"poly":["11","1"],"real":["-11","-11","0"],"imag":["0","0","0"]}
{"family":"large-angle","op":4,"exponent":0,"sign":-1,"initial":7,"den":1,"ok":1,"poly":["1","1"],"real":["-1","-1","0"],"imag":["0","0","0"]}
{"family":"large-angle","op":4,"exponent":0,"sign":-1,"initial":-11,"den":1,"ok":1,"poly":["1","1"],"real":["-1","-1","0"],"imag":["0","0","0"]}
{"family":"large-angle","op":4,"exponent":0,"sign":1,"initial":7,"den":1,"ok":1,"poly":["1","1"],"real":["-1","-1","0"],"imag":["0","0","0"]}
{"family":"large-angle","op":4,"exponent":0,"sign":1,"initial":-11,"den":1,"ok":1,"poly":["1","1"],"real":["-1","-1","0"],"imag":["0","0","0"]}
{"family":"large-angle","op":4,"exponent":30,"sign":-1,"initial":7,"den":1,"ok":1,"poly":["-1","1"],"real":["1","1","0"],"imag":["0","0","0"]}
{"family":"large-angle","op":4,"exponent":30,"sign":-1,"initial":-11,"den":1,"ok":1,"poly":["-1","1"],"real":["1","1","0"],"imag":["0","0","0"]}
{"family":"large-angle","op":4,"exponent":30,"sign":1,"initial":7,"den":1,"ok":1,"poly":["-1","1"],"real":["1","1","0"],"imag":["0","0","0"]}
{"family":"large-angle","op":4,"exponent":30,"sign":1,"initial":-11,"den":1,"ok":1,"poly":["-1","1"],"real":["1","1","0"],"imag":["0","0","0"]}
{"family":"large-angle","op":4,"exponent":60,"sign":-1,"initial":7,"den":1,"ok":1,"poly":["-1","1"],"real":["1","1","0"],"imag":["0","0","0"]}
{"family":"large-angle","op":4,"exponent":60,"sign":-1,"initial":-11,"den":1,"ok":1,"poly":["-1","1"],"real":["1","1","0"],"imag":["0","0","0"]}
{"family":"large-angle","op":4,"exponent":60,"sign":1,"initial":7,"den":1,"ok":1,"poly":["-1","1"],"real":["1","1","0"],"imag":["0","0","0"]}
{"family":"large-angle","op":4,"exponent":60,"sign":1,"initial":-11,"den":1,"ok":1,"poly":["-1","1"],"real":["1","1","0"],"imag":["0","0","0"]}
{"family":"large-angle","op":4,"exponent":61,"sign":-1,"initial":7,"den":1,"ok":1,"poly":["-1","1"],"real":["1","1","0"],"imag":["0","0","0"]}
{"family":"large-angle","op":4,"exponent":61,"sign":-1,"initial":-11,"den":1,"ok":1,"poly":["-1","1"],"real":["1","1","0"],"imag":["0","0","0"]}
{"family":"large-angle","op":4,"exponent":61,"sign":1,"initial":7,"den":1,"ok":1,"poly":["-1","1"],"real":["1","1","0"],"imag":["0","0","0"]}
{"family":"large-angle","op":4,"exponent":61,"sign":1,"initial":-11,"den":1,"ok":1,"poly":["-1","1"],"real":["1","1","0"],"imag":["0","0","0"]}
{"family":"large-angle","op":4,"exponent":62,"sign":-1,"initial":7,"den":1,"ok":1,"poly":["-7","1"],"real":["7","7","0"],"imag":["0","0","0"]}
{"family":"large-angle","op":4,"exponent":62,"sign":-1,"initial":-11,"den":1,"ok":1,"poly":["11","1"],"real":["-11","-11","0"],"imag":["0","0","0"]}
{"family":"large-angle","op":4,"exponent":62,"sign":1,"initial":7,"den":1,"ok":1,"poly":["-7","1"],"real":["7","7","0"],"imag":["0","0","0"]}
{"family":"large-angle","op":4,"exponent":62,"sign":1,"initial":-11,"den":1,"ok":1,"poly":["11","1"],"real":["-11","-11","0"],"imag":["0","0","0"]}
{"family":"large-angle","op":4,"exponent":63,"sign":-1,"initial":7,"den":1,"ok":1,"poly":["-7","1"],"real":["7","7","0"],"imag":["0","0","0"]}
{"family":"large-angle","op":4,"exponent":63,"sign":-1,"initial":-11,"den":1,"ok":1,"poly":["11","1"],"real":["-11","-11","0"],"imag":["0","0","0"]}
{"family":"large-angle","op":4,"exponent":63,"sign":1,"initial":7,"den":1,"ok":1,"poly":["-7","1"],"real":["7","7","0"],"imag":["0","0","0"]}
{"family":"large-angle","op":4,"exponent":63,"sign":1,"initial":-11,"den":1,"ok":1,"poly":["11","1"],"real":["-11","-11","0"],"imag":["0","0","0"]}
{"family":"large-angle","op":4,"exponent":80,"sign":-1,"initial":7,"den":1,"ok":1,"poly":["-7","1"],"real":["7","7","0"],"imag":["0","0","0"]}
{"family":"large-angle","op":4,"exponent":80,"sign":-1,"initial":-11,"den":1,"ok":1,"poly":["11","1"],"real":["-11","-11","0"],"imag":["0","0","0"]}
{"family":"large-angle","op":4,"exponent":80,"sign":1,"initial":7,"den":1,"ok":1,"poly":["-7","1"],"real":["7","7","0"],"imag":["0","0","0"]}
{"family":"large-angle","op":4,"exponent":80,"sign":1,"initial":-11,"den":1,"ok":1,"poly":["11","1"],"real":["-11","-11","0"],"imag":["0","0","0"]}
{"family":"large-angle","op":4,"exponent":256,"sign":-1,"initial":7,"den":1,"ok":1,"poly":["-7","1"],"real":["7","7","0"],"imag":["0","0","0"]}
{"family":"large-angle","op":4,"exponent":256,"sign":-1,"initial":-11,"den":1,"ok":1,"poly":["11","1"],"real":["-11","-11","0"],"imag":["0","0","0"]}
{"family":"large-angle","op":4,"exponent":256,"sign":1,"initial":7,"den":1,"ok":1,"poly":["-7","1"],"real":["7","7","0"],"imag":["0","0","0"]}
{"family":"large-angle","op":4,"exponent":256,"sign":1,"initial":-11,"den":1,"ok":1,"poly":["11","1"],"real":["-11","-11","0"],"imag":["0","0","0"]}
{"family":"large-angle","op":5,"exponent":0,"sign":-1,"initial":7,"den":2,"ok":0}
{"family":"large-angle","op":5,"exponent":0,"sign":-1,"initial":-11,"den":2,"ok":0}
{"family":"large-angle","op":5,"exponent":0,"sign":1,"initial":7,"den":2,"ok":0}
{"family":"large-angle","op":5,"exponent":0,"sign":1,"initial":-11,"den":2,"ok":0}
{"family":"large-angle","op":5,"exponent":30,"sign":-1,"initial":7,"den":2,"ok":1,"poly":["1","1"],"real":["-1","-1","0"],"imag":["0","0","0"]}
{"family":"large-angle","op":5,"exponent":30,"sign":-1,"initial":-11,"den":2,"ok":1,"poly":["1","1"],"real":["-1","-1","0"],"imag":["0","0","0"]}
{"family":"large-angle","op":5,"exponent":30,"sign":1,"initial":7,"den":2,"ok":1,"poly":["-1","1"],"real":["1","1","0"],"imag":["0","0","0"]}
{"family":"large-angle","op":5,"exponent":30,"sign":1,"initial":-11,"den":2,"ok":1,"poly":["-1","1"],"real":["1","1","0"],"imag":["0","0","0"]}
{"family":"large-angle","op":5,"exponent":60,"sign":-1,"initial":7,"den":2,"ok":1,"poly":["1","1"],"real":["-1","-1","0"],"imag":["0","0","0"]}
{"family":"large-angle","op":5,"exponent":60,"sign":-1,"initial":-11,"den":2,"ok":1,"poly":["1","1"],"real":["-1","-1","0"],"imag":["0","0","0"]}
{"family":"large-angle","op":5,"exponent":60,"sign":1,"initial":7,"den":2,"ok":1,"poly":["-1","1"],"real":["1","1","0"],"imag":["0","0","0"]}
{"family":"large-angle","op":5,"exponent":60,"sign":1,"initial":-11,"den":2,"ok":1,"poly":["-1","1"],"real":["1","1","0"],"imag":["0","0","0"]}
{"family":"large-angle","op":5,"exponent":61,"sign":-1,"initial":7,"den":2,"ok":1,"poly":["1","1"],"real":["-1","-1","0"],"imag":["0","0","0"]}
{"family":"large-angle","op":5,"exponent":61,"sign":-1,"initial":-11,"den":2,"ok":1,"poly":["1","1"],"real":["-1","-1","0"],"imag":["0","0","0"]}
{"family":"large-angle","op":5,"exponent":61,"sign":1,"initial":7,"den":2,"ok":1,"poly":["-1","1"],"real":["1","1","0"],"imag":["0","0","0"]}
{"family":"large-angle","op":5,"exponent":61,"sign":1,"initial":-11,"den":2,"ok":1,"poly":["-1","1"],"real":["1","1","0"],"imag":["0","0","0"]}
{"family":"large-angle","op":5,"exponent":62,"sign":-1,"initial":7,"den":2,"ok":1,"poly":["-7","1"],"real":["7","7","0"],"imag":["0","0","0"]}
{"family":"large-angle","op":5,"exponent":62,"sign":-1,"initial":-11,"den":2,"ok":1,"poly":["11","1"],"real":["-11","-11","0"],"imag":["0","0","0"]}
{"family":"large-angle","op":5,"exponent":62,"sign":1,"initial":7,"den":2,"ok":1,"poly":["-7","1"],"real":["7","7","0"],"imag":["0","0","0"]}
{"family":"large-angle","op":5,"exponent":62,"sign":1,"initial":-11,"den":2,"ok":1,"poly":["11","1"],"real":["-11","-11","0"],"imag":["0","0","0"]}
{"family":"large-angle","op":5,"exponent":63,"sign":-1,"initial":7,"den":2,"ok":1,"poly":["-7","1"],"real":["7","7","0"],"imag":["0","0","0"]}
{"family":"large-angle","op":5,"exponent":63,"sign":-1,"initial":-11,"den":2,"ok":1,"poly":["11","1"],"real":["-11","-11","0"],"imag":["0","0","0"]}
{"family":"large-angle","op":5,"exponent":63,"sign":1,"initial":7,"den":2,"ok":1,"poly":["-7","1"],"real":["7","7","0"],"imag":["0","0","0"]}
{"family":"large-angle","op":5,"exponent":63,"sign":1,"initial":-11,"den":2,"ok":1,"poly":["11","1"],"real":["-11","-11","0"],"imag":["0","0","0"]}
{"family":"large-angle","op":5,"exponent":80,"sign":-1,"initial":7,"den":2,"ok":1,"poly":["-7","1"],"real":["7","7","0"],"imag":["0","0","0"]}
{"family":"large-angle","op":5,"exponent":80,"sign":-1,"initial":-11,"den":2,"ok":1,"poly":["11","1"],"real":["-11","-11","0"],"imag":["0","0","0"]}
{"family":"large-angle","op":5,"exponent":80,"sign":1,"initial":7,"den":2,"ok":1,"poly":["-7","1"],"real":["7","7","0"],"imag":["0","0","0"]}
{"family":"large-angle","op":5,"exponent":80,"sign":1,"initial":-11,"den":2,"ok":1,"poly":["11","1"],"real":["-11","-11","0"],"imag":["0","0","0"]}
{"family":"large-angle","op":5,"exponent":256,"sign":-1,"initial":7,"den":2,"ok":1,"poly":["-7","1"],"real":["7","7","0"],"imag":["0","0","0"]}
{"family":"large-angle","op":5,"exponent":256,"sign":-1,"initial":-11,"den":2,"ok":1,"poly":["11","1"],"real":["-11","-11","0"],"imag":["0","0","0"]}
{"family":"large-angle","op":5,"exponent":256,"sign":1,"initial":7,"den":2,"ok":1,"poly":["-7","1"],"real":["7","7","0"],"imag":["0","0","0"]}
{"family":"large-angle","op":5,"exponent":256,"sign":1,"initial":-11,"den":2,"ok":1,"poly":["11","1"],"real":["-11","-11","0"],"imag":["0","0","0"]}
{"family":"large-angle","op":6,"exponent":0,"sign":-1,"initial":7,"den":1,"ok":1,"poly":["1","1"],"real":["-1","-1","0"],"imag":["0","0","0"]}
{"family":"large-angle","op":6,"exponent":0,"sign":-1,"initial":-11,"den":1,"ok":1,"poly":["1","1"],"real":["-1","-1","0"],"imag":["0","0","0"]}
{"family":"large-angle","op":6,"exponent":0,"sign":1,"initial":7,"den":1,"ok":1,"poly":["1","1"],"real":["-1","-1","0"],"imag":["0","0","0"]}
{"family":"large-angle","op":6,"exponent":0,"sign":1,"initial":-11,"den":1,"ok":1,"poly":["1","1"],"real":["-1","-1","0"],"imag":["0","0","0"]}
{"family":"large-angle","op":6,"exponent":30,"sign":-1,"initial":7,"den":1,"ok":1,"poly":["-1","1"],"real":["1","1","0"],"imag":["0","0","0"]}
{"family":"large-angle","op":6,"exponent":30,"sign":-1,"initial":-11,"den":1,"ok":1,"poly":["-1","1"],"real":["1","1","0"],"imag":["0","0","0"]}
{"family":"large-angle","op":6,"exponent":30,"sign":1,"initial":7,"den":1,"ok":1,"poly":["-1","1"],"real":["1","1","0"],"imag":["0","0","0"]}
{"family":"large-angle","op":6,"exponent":30,"sign":1,"initial":-11,"den":1,"ok":1,"poly":["-1","1"],"real":["1","1","0"],"imag":["0","0","0"]}
{"family":"large-angle","op":6,"exponent":60,"sign":-1,"initial":7,"den":1,"ok":1,"poly":["-1","1"],"real":["1","1","0"],"imag":["0","0","0"]}
{"family":"large-angle","op":6,"exponent":60,"sign":-1,"initial":-11,"den":1,"ok":1,"poly":["-1","1"],"real":["1","1","0"],"imag":["0","0","0"]}
{"family":"large-angle","op":6,"exponent":60,"sign":1,"initial":7,"den":1,"ok":1,"poly":["-1","1"],"real":["1","1","0"],"imag":["0","0","0"]}
{"family":"large-angle","op":6,"exponent":60,"sign":1,"initial":-11,"den":1,"ok":1,"poly":["-1","1"],"real":["1","1","0"],"imag":["0","0","0"]}
{"family":"large-angle","op":6,"exponent":61,"sign":-1,"initial":7,"den":1,"ok":1,"poly":["-1","1"],"real":["1","1","0"],"imag":["0","0","0"]}
{"family":"large-angle","op":6,"exponent":61,"sign":-1,"initial":-11,"den":1,"ok":1,"poly":["-1","1"],"real":["1","1","0"],"imag":["0","0","0"]}
{"family":"large-angle","op":6,"exponent":61,"sign":1,"initial":7,"den":1,"ok":1,"poly":["-1","1"],"real":["1","1","0"],"imag":["0","0","0"]}
{"family":"large-angle","op":6,"exponent":61,"sign":1,"initial":-11,"den":1,"ok":1,"poly":["-1","1"],"real":["1","1","0"],"imag":["0","0","0"]}
{"family":"large-angle","op":6,"exponent":62,"sign":-1,"initial":7,"den":1,"ok":1,"poly":["-7","1"],"real":["7","7","0"],"imag":["0","0","0"]}
{"family":"large-angle","op":6,"exponent":62,"sign":-1,"initial":-11,"den":1,"ok":1,"poly":["11","1"],"real":["-11","-11","0"],"imag":["0","0","0"]}
{"family":"large-angle","op":6,"exponent":62,"sign":1,"initial":7,"den":1,"ok":1,"poly":["-7","1"],"real":["7","7","0"],"imag":["0","0","0"]}
{"family":"large-angle","op":6,"exponent":62,"sign":1,"initial":-11,"den":1,"ok":1,"poly":["11","1"],"real":["-11","-11","0"],"imag":["0","0","0"]}
{"family":"large-angle","op":6,"exponent":63,"sign":-1,"initial":7,"den":1,"ok":1,"poly":["-7","1"],"real":["7","7","0"],"imag":["0","0","0"]}
{"family":"large-angle","op":6,"exponent":63,"sign":-1,"initial":-11,"den":1,"ok":1,"poly":["11","1"],"real":["-11","-11","0"],"imag":["0","0","0"]}
{"family":"large-angle","op":6,"exponent":63,"sign":1,"initial":7,"den":1,"ok":1,"poly":["-7","1"],"real":["7","7","0"],"imag":["0","0","0"]}
{"family":"large-angle","op":6,"exponent":63,"sign":1,"initial":-11,"den":1,"ok":1,"poly":["11","1"],"real":["-11","-11","0"],"imag":["0","0","0"]}
{"family":"large-angle","op":6,"exponent":80,"sign":-1,"initial":7,"den":1,"ok":1,"poly":["-7","1"],"real":["7","7","0"],"imag":["0","0","0"]}
{"family":"large-angle","op":6,"exponent":80,"sign":-1,"initial":-11,"den":1,"ok":1,"poly":["11","1"],"real":["-11","-11","0"],"imag":["0","0","0"]}
{"family":"large-angle","op":6,"exponent":80,"sign":1,"initial":7,"den":1,"ok":1,"poly":["-7","1"],"real":["7","7","0"],"imag":["0","0","0"]}
{"family":"large-angle","op":6,"exponent":80,"sign":1,"initial":-11,"den":1,"ok":1,"poly":["11","1"],"real":["-11","-11","0"],"imag":["0","0","0"]}
{"family":"large-angle","op":6,"exponent":256,"sign":-1,"initial":7,"den":1,"ok":1,"poly":["-7","1"],"real":["7","7","0"],"imag":["0","0","0"]}
{"family":"large-angle","op":6,"exponent":256,"sign":-1,"initial":-11,"den":1,"ok":1,"poly":["11","1"],"real":["-11","-11","0"],"imag":["0","0","0"]}
{"family":"large-angle","op":6,"exponent":256,"sign":1,"initial":7,"den":1,"ok":1,"poly":["-7","1"],"real":["7","7","0"],"imag":["0","0","0"]}
{"family":"large-angle","op":6,"exponent":256,"sign":1,"initial":-11,"den":1,"ok":1,"poly":["11","1"],"real":["-11","-11","0"],"imag":["0","0","0"]}
{"family":"pi-factor","op":0,"kind":0,"sign":-1,"hasPi":0,"ok":1,"poly":["0","1"],"real":["0","0","0"],"imag":["0","0","0"]}
{"family":"pi-factor","op":0,"kind":0,"sign":-1,"hasPi":1,"ok":1,"poly":["0","1"],"real":["0","0","0"],"imag":["0","0","0"]}
{"family":"pi-factor","op":0,"kind":0,"sign":1,"hasPi":0,"ok":1,"poly":["0","1"],"real":["0","0","0"],"imag":["0","0","0"]}
{"family":"pi-factor","op":0,"kind":0,"sign":1,"hasPi":1,"ok":1,"poly":["0","1"],"real":["0","0","0"],"imag":["0","0","0"]}
{"family":"pi-factor","op":0,"kind":1,"sign":-1,"hasPi":0,"ok":1,"poly":["0","1"],"real":["0","0","0"],"imag":["0","0","0"]}
{"family":"pi-factor","op":0,"kind":1,"sign":-1,"hasPi":1,"ok":1,"poly":["0","1"],"real":["0","0","0"],"imag":["0","0","0"]}
{"family":"pi-factor","op":0,"kind":1,"sign":1,"hasPi":0,"ok":1,"poly":["0","1"],"real":["0","0","0"],"imag":["0","0","0"]}
{"family":"pi-factor","op":0,"kind":1,"sign":1,"hasPi":1,"ok":1,"poly":["0","1"],"real":["0","0","0"],"imag":["0","0","0"]}
{"family":"pi-factor","op":0,"kind":2,"sign":-1,"hasPi":0,"ok":1,"poly":["1","2"],"real":["-1","-1","-1"],"imag":["0","0","0"]}
{"family":"pi-factor","op":0,"kind":2,"sign":-1,"hasPi":1,"ok":1,"poly":["1","2"],"real":["-1","-1","-1"],"imag":["0","0","0"]}
{"family":"pi-factor","op":0,"kind":2,"sign":1,"hasPi":0,"ok":1,"poly":["-1","2"],"real":["1","1","-1"],"imag":["0","0","0"]}
{"family":"pi-factor","op":0,"kind":2,"sign":1,"hasPi":1,"ok":1,"poly":["-1","2"],"real":["1","1","-1"],"imag":["0","0","0"]}
{"family":"pi-factor","op":1,"kind":0,"sign":-1,"hasPi":0,"ok":1,"poly":["-1","1"],"real":["1","1","0"],"imag":["0","0","0"]}
{"family":"pi-factor","op":1,"kind":0,"sign":-1,"hasPi":1,"ok":1,"poly":["-1","1"],"real":["1","1","0"],"imag":["0","0","0"]}
{"family":"pi-factor","op":1,"kind":0,"sign":1,"hasPi":0,"ok":1,"poly":["-1","1"],"real":["1","1","0"],"imag":["0","0","0"]}
{"family":"pi-factor","op":1,"kind":0,"sign":1,"hasPi":1,"ok":1,"poly":["-1","1"],"real":["1","1","0"],"imag":["0","0","0"]}
{"family":"pi-factor","op":1,"kind":1,"sign":-1,"hasPi":0,"ok":1,"poly":["1","1"],"real":["-1","-1","0"],"imag":["0","0","0"]}
{"family":"pi-factor","op":1,"kind":1,"sign":-1,"hasPi":1,"ok":1,"poly":["1","1"],"real":["-1","-1","0"],"imag":["0","0","0"]}
{"family":"pi-factor","op":1,"kind":1,"sign":1,"hasPi":0,"ok":1,"poly":["1","1"],"real":["-1","-1","0"],"imag":["0","0","0"]}
{"family":"pi-factor","op":1,"kind":1,"sign":1,"hasPi":1,"ok":1,"poly":["1","1"],"real":["-1","-1","0"],"imag":["0","0","0"]}
{"family":"pi-factor","op":1,"kind":2,"sign":-1,"hasPi":0,"ok":1,"poly":["-3","0","4"],"real":["75037574731620458819803212907260126638317098641598799818300789700761432421918794985091360996285613122755535325727816287399593533","75037574731620458819803212907260126638317098641598799818300789700761432421918794985091360996285613122755535325727816289093269955","-425"],"imag":["0","0","0"]}
{"family":"pi-factor","op":1,"kind":2,"sign":-1,"hasPi":1,"ok":1,"poly":["-3","0","4"],"real":["75037574731620458819803212907260126638317098641598799818300789700761432421918794985091360996285613122755535325727816287399593533","75037574731620458819803212907260126638317098641598799818300789700761432421918794985091360996285613122755535325727816289093269955","-425"],"imag":["0","0","0"]}
{"family":"pi-factor","op":1,"kind":2,"sign":1,"hasPi":0,"ok":1,"poly":["-3","0","4"],"real":["75037574731620458819803212907260126638317098641598799818300789700761432421918794985091360996285613122755535325727816287399593533","75037574731620458819803212907260126638317098641598799818300789700761432421918794985091360996285613122755535325727816289093269955","-425"],"imag":["0","0","0"]}
{"family":"pi-factor","op":1,"kind":2,"sign":1,"hasPi":1,"ok":1,"poly":["-3","0","4"],"real":["75037574731620458819803212907260126638317098641598799818300789700761432421918794985091360996285613122755535325727816287399593533","75037574731620458819803212907260126638317098641598799818300789700761432421918794985091360996285613122755535325727816289093269955","-425"],"imag":["0","0","0"]}
{"family":"pi-factor","op":2,"kind":0,"sign":-1,"hasPi":0,"ok":1,"poly":["0","1"],"real":["0","0","0"],"imag":["0","0","0"]}
{"family":"pi-factor","op":2,"kind":0,"sign":-1,"hasPi":1,"ok":1,"poly":["0","1"],"real":["0","0","0"],"imag":["0","0","0"]}
{"family":"pi-factor","op":2,"kind":0,"sign":1,"hasPi":0,"ok":1,"poly":["0","1"],"real":["0","0","0"],"imag":["0","0","0"]}
{"family":"pi-factor","op":2,"kind":0,"sign":1,"hasPi":1,"ok":1,"poly":["0","1"],"real":["0","0","0"],"imag":["0","0","0"]}
{"family":"pi-factor","op":2,"kind":1,"sign":-1,"hasPi":0,"ok":1,"poly":["0","1"],"real":["0","0","0"],"imag":["0","0","0"]}
{"family":"pi-factor","op":2,"kind":1,"sign":-1,"hasPi":1,"ok":1,"poly":["0","1"],"real":["0","0","0"],"imag":["0","0","0"]}
{"family":"pi-factor","op":2,"kind":1,"sign":1,"hasPi":0,"ok":1,"poly":["0","1"],"real":["0","0","0"],"imag":["0","0","0"]}
{"family":"pi-factor","op":2,"kind":1,"sign":1,"hasPi":1,"ok":1,"poly":["0","1"],"real":["0","0","0"],"imag":["0","0","0"]}
{"family":"pi-factor","op":2,"kind":2,"sign":-1,"hasPi":0,"ok":1,"poly":["-1","0","3"],"real":["-25012524910540152939934404302420042212772366213866266606100263233587144140639598328363786998761871040918511775242605429761404529","-25012524910540152939934404302420042212772366213866266606100263233587144140639598328363786998761871040918511775242605429069549967","-424"],"imag":["0","0","0"]}
{"family":"pi-factor","op":2,"kind":2,"sign":-1,"hasPi":1,"ok":1,"poly":["-1","0","3"],"real":["-25012524910540152939934404302420042212772366213866266606100263233587144140639598328363786998761871040918511775242605429761404529","-25012524910540152939934404302420042212772366213866266606100263233587144140639598328363786998761871040918511775242605429069549967","-424"],"imag":["0","0","0"]}
{"family":"pi-factor","op":2,"kind":2,"sign":1,"hasPi":0,"ok":1,"poly":["-1","0","3"],"real":["25012524910540152939934404302420042212772366213866266606100263233587144140639598328363786998761871040918511775242605429069549967","25012524910540152939934404302420042212772366213866266606100263233587144140639598328363786998761871040918511775242605429761404529","-424"],"imag":["0","0","0"]}
{"family":"pi-factor","op":2,"kind":2,"sign":1,"hasPi":1,"ok":1,"poly":["-1","0","3"],"real":["25012524910540152939934404302420042212772366213866266606100263233587144140639598328363786998761871040918511775242605429069549967","25012524910540152939934404302420042212772366213866266606100263233587144140639598328363786998761871040918511775242605429761404529","-424"],"imag":["0","0","0"]}
{"family":"pi-factor","op":3,"kind":0,"sign":-1,"hasPi":0,"ok":0}
{"family":"pi-factor","op":3,"kind":0,"sign":-1,"hasPi":1,"ok":0}
{"family":"pi-factor","op":3,"kind":0,"sign":1,"hasPi":0,"ok":0}
{"family":"pi-factor","op":3,"kind":0,"sign":1,"hasPi":1,"ok":0}
{"family":"pi-factor","op":3,"kind":1,"sign":-1,"hasPi":0,"ok":0}
{"family":"pi-factor","op":3,"kind":1,"sign":-1,"hasPi":1,"ok":0}
{"family":"pi-factor","op":3,"kind":1,"sign":1,"hasPi":0,"ok":0}
{"family":"pi-factor","op":3,"kind":1,"sign":1,"hasPi":1,"ok":0}
{"family":"pi-factor","op":3,"kind":2,"sign":-1,"hasPi":0,"ok":1,"poly":["-3","0","1"],"real":["-75037574731620458819803212907260126638317098641598799818300789700761432421918794985091360996285613122755535325727816289093269955","-75037574731620458819803212907260126638317098641598799818300789700761432421918794985091360996285613122755535325727816287399593533","-424"],"imag":["0","0","0"]}
{"family":"pi-factor","op":3,"kind":2,"sign":-1,"hasPi":1,"ok":1,"poly":["-3","0","1"],"real":["-75037574731620458819803212907260126638317098641598799818300789700761432421918794985091360996285613122755535325727816289093269955","-75037574731620458819803212907260126638317098641598799818300789700761432421918794985091360996285613122755535325727816287399593533","-424"],"imag":["0","0","0"]}
{"family":"pi-factor","op":3,"kind":2,"sign":1,"hasPi":0,"ok":1,"poly":["-3","0","1"],"real":["75037574731620458819803212907260126638317098641598799818300789700761432421918794985091360996285613122755535325727816287399593533","75037574731620458819803212907260126638317098641598799818300789700761432421918794985091360996285613122755535325727816289093269955","-424"],"imag":["0","0","0"]}
{"family":"pi-factor","op":3,"kind":2,"sign":1,"hasPi":1,"ok":1,"poly":["-3","0","1"],"real":["75037574731620458819803212907260126638317098641598799818300789700761432421918794985091360996285613122755535325727816287399593533","75037574731620458819803212907260126638317098641598799818300789700761432421918794985091360996285613122755535325727816289093269955","-424"],"imag":["0","0","0"]}
{"family":"pi-factor","op":4,"kind":0,"sign":-1,"hasPi":0,"ok":1,"poly":["-1","1"],"real":["1","1","0"],"imag":["0","0","0"]}
{"family":"pi-factor","op":4,"kind":0,"sign":-1,"hasPi":1,"ok":1,"poly":["-1","1"],"real":["1","1","0"],"imag":["0","0","0"]}
{"family":"pi-factor","op":4,"kind":0,"sign":1,"hasPi":0,"ok":1,"poly":["-1","1"],"real":["1","1","0"],"imag":["0","0","0"]}
{"family":"pi-factor","op":4,"kind":0,"sign":1,"hasPi":1,"ok":1,"poly":["-1","1"],"real":["1","1","0"],"imag":["0","0","0"]}
{"family":"pi-factor","op":4,"kind":1,"sign":-1,"hasPi":0,"ok":1,"poly":["1","1"],"real":["-1","-1","0"],"imag":["0","0","0"]}
{"family":"pi-factor","op":4,"kind":1,"sign":-1,"hasPi":1,"ok":1,"poly":["1","1"],"real":["-1","-1","0"],"imag":["0","0","0"]}
{"family":"pi-factor","op":4,"kind":1,"sign":1,"hasPi":0,"ok":1,"poly":["1","1"],"real":["-1","-1","0"],"imag":["0","0","0"]}
{"family":"pi-factor","op":4,"kind":1,"sign":1,"hasPi":1,"ok":1,"poly":["1","1"],"real":["-1","-1","0"],"imag":["0","0","0"]}
{"family":"pi-factor","op":4,"kind":2,"sign":-1,"hasPi":0,"ok":1,"poly":["-4","0","3"],"real":["25012524910540152939934404302420042212772366213866266606100263233587144140639598328363786998761871040918511775242605429069549967","25012524910540152939934404302420042212772366213866266606100263233587144140639598328363786998761871040918511775242605429761404529","-423"],"imag":["0","0","0"]}
{"family":"pi-factor","op":4,"kind":2,"sign":-1,"hasPi":1,"ok":1,"poly":["-4","0","3"],"real":["25012524910540152939934404302420042212772366213866266606100263233587144140639598328363786998761871040918511775242605429069549967","25012524910540152939934404302420042212772366213866266606100263233587144140639598328363786998761871040918511775242605429761404529","-423"],"imag":["0","0","0"]}
{"family":"pi-factor","op":4,"kind":2,"sign":1,"hasPi":0,"ok":1,"poly":["-4","0","3"],"real":["25012524910540152939934404302420042212772366213866266606100263233587144140639598328363786998761871040918511775242605429069549967","25012524910540152939934404302420042212772366213866266606100263233587144140639598328363786998761871040918511775242605429761404529","-423"],"imag":["0","0","0"]}
{"family":"pi-factor","op":4,"kind":2,"sign":1,"hasPi":1,"ok":1,"poly":["-4","0","3"],"real":["25012524910540152939934404302420042212772366213866266606100263233587144140639598328363786998761871040918511775242605429069549967","25012524910540152939934404302420042212772366213866266606100263233587144140639598328363786998761871040918511775242605429761404529","-423"],"imag":["0","0","0"]}
{"family":"pi-factor","op":5,"kind":0,"sign":-1,"hasPi":0,"ok":0}
{"family":"pi-factor","op":5,"kind":0,"sign":-1,"hasPi":1,"ok":0}
{"family":"pi-factor","op":5,"kind":0,"sign":1,"hasPi":0,"ok":0}
{"family":"pi-factor","op":5,"kind":0,"sign":1,"hasPi":1,"ok":0}
{"family":"pi-factor","op":5,"kind":1,"sign":-1,"hasPi":0,"ok":0}
{"family":"pi-factor","op":5,"kind":1,"sign":-1,"hasPi":1,"ok":0}
{"family":"pi-factor","op":5,"kind":1,"sign":1,"hasPi":0,"ok":0}
{"family":"pi-factor","op":5,"kind":1,"sign":1,"hasPi":1,"ok":0}
{"family":"pi-factor","op":5,"kind":2,"sign":-1,"hasPi":0,"ok":1,"poly":["2","1"],"real":["-1","-1","1"],"imag":["0","0","0"]}
{"family":"pi-factor","op":5,"kind":2,"sign":-1,"hasPi":1,"ok":1,"poly":["2","1"],"real":["-1","-1","1"],"imag":["0","0","0"]}
{"family":"pi-factor","op":5,"kind":2,"sign":1,"hasPi":0,"ok":1,"poly":["-2","1"],"real":["1","1","1"],"imag":["0","0","0"]}
{"family":"pi-factor","op":5,"kind":2,"sign":1,"hasPi":1,"ok":1,"poly":["-2","1"],"real":["1","1","1"],"imag":["0","0","0"]}
{"family":"pi-factor","op":6,"kind":0,"sign":-1,"hasPi":0,"ok":1,"poly":["-1","1"],"real":["1","1","0"],"imag":["0","0","0"]}
{"family":"pi-factor","op":6,"kind":0,"sign":-1,"hasPi":1,"ok":1,"poly":["-1","1"],"real":["1","1","0"],"imag":["0","0","0"]}
{"family":"pi-factor","op":6,"kind":0,"sign":1,"hasPi":0,"ok":1,"poly":["-1","1"],"real":["1","1","0"],"imag":["0","0","0"]}
{"family":"pi-factor","op":6,"kind":0,"sign":1,"hasPi":1,"ok":1,"poly":["-1","1"],"real":["1","1","0"],"imag":["0","0","0"]}
{"family":"pi-factor","op":6,"kind":1,"sign":-1,"hasPi":0,"ok":1,"poly":["1","1"],"real":["-1","-1","0"],"imag":["0","0","0"]}
{"family":"pi-factor","op":6,"kind":1,"sign":-1,"hasPi":1,"ok":1,"poly":["1","1"],"real":["-1","-1","0"],"imag":["0","0","0"]}
{"family":"pi-factor","op":6,"kind":1,"sign":1,"hasPi":0,"ok":1,"poly":["1","1"],"real":["-1","-1","0"],"imag":["0","0","0"]}
{"family":"pi-factor","op":6,"kind":1,"sign":1,"hasPi":1,"ok":1,"poly":["1","1"],"real":["-1","-1","0"],"imag":["0","0","0"]}
{"family":"pi-factor","op":6,"kind":2,"sign":-1,"hasPi":0,"ok":1,"poly":["1","0","-1","0","1"],"real":["12175542610970789678842971096632566137253653270234705835912535184266783695472785050849901059032516711214109421563610357715459386184373234290143929291521502880219","12175542610970789678842971096632566137253653270234705835912535184266783695472785050849901059032516711214109421563610357715459386184373234290143929291522579755525","-532"],"imag":["-112472844863579909570263462692149546471742427957547915827518889315295939516787196757976017152597271428748022765838022378080206651387357492225212879521637713324587","-112472844863579909570263462692149546471742427957547915827518889315295939516787196757976017152597271428748022765838022378080206651387357492225212879521620483313739","-536"]}
{"family":"pi-factor","op":6,"kind":2,"sign":-1,"hasPi":1,"ok":1,"poly":["1","0","-1","0","1"],"real":["12175542610970789678842971096632566137253653270234705835912535184266783695472785050849901059032516711214109421563610357715459386184373234290143929291521502880219","12175542610970789678842971096632566137253653270234705835912535184266783695472785050849901059032516711214109421563610357715459386184373234290143929291522579755525","-532"],"imag":["-112472844863579909570263462692149546471742427957547915827518889315295939516787196757976017152597271428748022765838022378080206651387357492225212879521637713324587","-112472844863579909570263462692149546471742427957547915827518889315295939516787196757976017152597271428748022765838022378080206651387357492225212879521620483313739","-536"]}
{"family":"pi-factor","op":6,"kind":2,"sign":1,"hasPi":0,"ok":1,"poly":["1","0","-1","0","1"],"real":["12175542610970789678842971096632566137253653270234705835912535184266783695472785050849901059032516711214109421563610357715459386184373234290143929291521502880219","12175542610970789678842971096632566137253653270234705835912535184266783695472785050849901059032516711214109421563610357715459386184373234290143929291522579755525","-532"],"imag":["112472844863579909570263462692149546471742427957547915827518889315295939516787196757976017152597271428748022765838022378080206651387357492225212879521620483313739","112472844863579909570263462692149546471742427957547915827518889315295939516787196757976017152597271428748022765838022378080206651387357492225212879521637713324587","-536"]}
{"family":"pi-factor","op":6,"kind":2,"sign":1,"hasPi":1,"ok":1,"poly":["1","0","-1","0","1"],"real":["12175542610970789678842971096632566137253653270234705835912535184266783695472785050849901059032516711214109421563610357715459386184373234290143929291521502880219","12175542610970789678842971096632566137253653270234705835912535184266783695472785050849901059032516711214109421563610357715459386184373234290143929291522579755525","-532"],"imag":["112472844863579909570263462692149546471742427957547915827518889315295939516787196757976017152597271428748022765838022378080206651387357492225212879521620483313739","112472844863579909570263462692149546471742427957547915827518889315295939516787196757976017152597271428748022765838022378080206651387357492225212879521637713324587","-536"]}
{"terminal":true,"rows":308}
