==501615== Memcheck, a memory error detector
==501615== Copyright (C) 2002-2026, and GNU GPL'd, by Julian Seward et al.
==501615== Using Valgrind-3.27.1 and LibVEX; rerun with -h for copyright info
==501615== Command: /tmp/calcium-symbolic-boundary-v83.JuGH8X/controls powers 1 256
==501615== 
==501615== 
==501615== HEAP SUMMARY:
==501615==     in use at exit: 73,728 bytes in 257 blocks
==501615==   total heap usage: 4,343 allocs, 4,086 frees, 208,504 bytes allocated
==501615== 
==501615== 4,096 bytes in 256 blocks are indirectly lost in loss record 1 of 2
==501615==    at 0x4840AE6: malloc (vg_replace_malloc.c:447)
==501615==    by 0x56FC524: __gmp_default_allocate (memory.c:53)
==501615==    by 0x570CD67: __gmpz_init2 (init2.c:47)
==501615==    by 0x4A5970A: _fmpz_new_mpz (in /home/tim/Documents/GitHub/workspace/exact-real-references/flint/libflint.so.25.0.0)
==501615==    by 0x4A59AC5: _fmpz_promote (in /home/tim/Documents/GitHub/workspace/exact-real-references/flint/libflint.so.25.0.0)
==501615==    by 0x4A61151: fmpz_mul_2exp (in /home/tim/Documents/GitHub/workspace/exact-real-references/flint/libflint.so.25.0.0)
==501615==    by 0x400679: main (in /tmp/calcium-symbolic-boundary-v83.JuGH8X/controls)
==501615== 
==501615== 73,728 (69,632 direct, 4,096 indirect) bytes in 1 blocks are definitely lost in loss record 2 of 2
==501615==    at 0x4840AE6: malloc (vg_replace_malloc.c:447)
==501615==    by 0x48DCD79: flint_malloc (in /home/tim/Documents/GitHub/workspace/exact-real-references/flint/libflint.so.25.0.0)
==501615==    by 0x4A59651: _fmpz_new_mpz (in /home/tim/Documents/GitHub/workspace/exact-real-references/flint/libflint.so.25.0.0)
==501615==    by 0x4A59AC5: _fmpz_promote (in /home/tim/Documents/GitHub/workspace/exact-real-references/flint/libflint.so.25.0.0)
==501615==    by 0x4A61151: fmpz_mul_2exp (in /home/tim/Documents/GitHub/workspace/exact-real-references/flint/libflint.so.25.0.0)
==501615==    by 0x400679: main (in /tmp/calcium-symbolic-boundary-v83.JuGH8X/controls)
==501615== 
==501615== LEAK SUMMARY:
==501615==    definitely lost: 69,632 bytes in 1 blocks
==501615==    indirectly lost: 4,096 bytes in 256 blocks
==501615==      possibly lost: 0 bytes in 0 blocks
==501615==    still reachable: 0 bytes in 0 blocks
==501615==         suppressed: 0 bytes in 0 blocks
==501615== 
==501615== For lists of detected and suppressed errors, rerun with: -s
==501615== ERROR SUMMARY: 2 errors from 2 contexts (suppressed: 0 from 0)
