==501553== Memcheck, a memory error detector
==501553== Copyright (C) 2002-2026, and GNU GPL'd, by Julian Seward et al.
==501553== Using Valgrind-3.27.1 and LibVEX; rerun with -h for copyright info
==501553== Command: /tmp/calcium-symbolic-boundary-v83.JuGH8X/controls powers 1 1
==501553== 
==501553== 
==501553== HEAP SUMMARY:
==501553==     in use at exit: 69,648 bytes in 2 blocks
==501553==   total heap usage: 4,088 allocs, 4,086 frees, 204,424 bytes allocated
==501553== 
==501553== 16 bytes in 1 blocks are indirectly lost in loss record 1 of 2
==501553==    at 0x4840AE6: malloc (vg_replace_malloc.c:447)
==501553==    by 0x56FC524: __gmp_default_allocate (memory.c:53)
==501553==    by 0x570CD67: __gmpz_init2 (init2.c:47)
==501553==    by 0x4A5970A: _fmpz_new_mpz (in /home/tim/Documents/GitHub/workspace/exact-real-references/flint/libflint.so.25.0.0)
==501553==    by 0x4A59AC5: _fmpz_promote (in /home/tim/Documents/GitHub/workspace/exact-real-references/flint/libflint.so.25.0.0)
==501553==    by 0x4A61151: fmpz_mul_2exp (in /home/tim/Documents/GitHub/workspace/exact-real-references/flint/libflint.so.25.0.0)
==501553==    by 0x400679: main (in /tmp/calcium-symbolic-boundary-v83.JuGH8X/controls)
==501553== 
==501553== 69,648 (69,632 direct, 16 indirect) bytes in 1 blocks are definitely lost in loss record 2 of 2
==501553==    at 0x4840AE6: malloc (vg_replace_malloc.c:447)
==501553==    by 0x48DCD79: flint_malloc (in /home/tim/Documents/GitHub/workspace/exact-real-references/flint/libflint.so.25.0.0)
==501553==    by 0x4A59651: _fmpz_new_mpz (in /home/tim/Documents/GitHub/workspace/exact-real-references/flint/libflint.so.25.0.0)
==501553==    by 0x4A59AC5: _fmpz_promote (in /home/tim/Documents/GitHub/workspace/exact-real-references/flint/libflint.so.25.0.0)
==501553==    by 0x4A61151: fmpz_mul_2exp (in /home/tim/Documents/GitHub/workspace/exact-real-references/flint/libflint.so.25.0.0)
==501553==    by 0x400679: main (in /tmp/calcium-symbolic-boundary-v83.JuGH8X/controls)
==501553== 
==501553== LEAK SUMMARY:
==501553==    definitely lost: 69,632 bytes in 1 blocks
==501553==    indirectly lost: 16 bytes in 1 blocks
==501553==      possibly lost: 0 bytes in 0 blocks
==501553==    still reachable: 0 bytes in 0 blocks
==501553==         suppressed: 0 bytes in 0 blocks
==501553== 
==501553== For lists of detected and suppressed errors, rerun with: -s
==501553== ERROR SUMMARY: 2 errors from 2 contexts (suppressed: 0 from 0)
