kind,function,input,state,expected,actual,passed
special,tan,unknown,zero,unknown,undefined,0
special,tan,unknown,unknown,unknown,unknown,1
special,tan,unknown,undefined,unknown,undefined,0
special,tan,unknown,i,unknown,undefined,0
special,tan,unknown,in-place,unknown,unknown,1
special,tan,undefined,zero,undefined,undefined,1
special,tan,undefined,unknown,undefined,unknown,0
special,tan,undefined,undefined,undefined,undefined,1
special,tan,undefined,i,undefined,undefined,1
special,tan,undefined,in-place,undefined,undefined,1
special,tan,uinf,zero,undefined,undefined,1
special,tan,uinf,unknown,undefined,unknown,0
special,tan,uinf,undefined,undefined,undefined,1
special,tan,uinf,i,undefined,undefined,1
special,tan,uinf,in-place,undefined,undefined,1
special,tan,posinf,zero,undefined,undefined,1
special,tan,posinf,unknown,undefined,undefined,1
special,tan,posinf,undefined,undefined,undefined,1
special,tan,posinf,i,undefined,undefined,1
special,tan,posinf,in-place,undefined,undefined,1
special,tan,neginf,zero,undefined,undefined,1
special,tan,neginf,unknown,undefined,undefined,1
special,tan,neginf,undefined,undefined,undefined,1
special,tan,neginf,i,undefined,undefined,1
special,tan,neginf,in-place,undefined,undefined,1
special,tan,posiinf,zero,i,i,1
special,tan,posiinf,unknown,i,i,1
special,tan,posiinf,undefined,i,i,1
special,tan,posiinf,i,i,i,1
special,tan,posiinf,in-place,i,i,1
special,tan,negiinf,zero,minus_i,minus_i,1
special,tan,negiinf,unknown,minus_i,minus_i,1
special,tan,negiinf,undefined,minus_i,minus_i,1
special,tan,negiinf,i,minus_i,minus_i,1
special,tan,negiinf,in-place,minus_i,minus_i,1
special,tan_direct,unknown,zero,unknown,undefined,0
special,tan_direct,unknown,unknown,unknown,unknown,1
special,tan_direct,unknown,undefined,unknown,undefined,0
special,tan_direct,unknown,i,unknown,undefined,0
special,tan_direct,unknown,in-place,unknown,unknown,1
special,tan_direct,undefined,zero,undefined,undefined,1
special,tan_direct,undefined,unknown,undefined,unknown,0
special,tan_direct,undefined,undefined,undefined,undefined,1
special,tan_direct,undefined,i,undefined,undefined,1
special,tan_direct,undefined,in-place,undefined,undefined,1
special,tan_direct,uinf,zero,undefined,undefined,1
special,tan_direct,uinf,unknown,undefined,unknown,0
special,tan_direct,uinf,undefined,undefined,undefined,1
special,tan_direct,uinf,i,undefined,undefined,1
special,tan_direct,uinf,in-place,undefined,undefined,1
special,tan_direct,posinf,zero,undefined,undefined,1
special,tan_direct,posinf,unknown,undefined,undefined,1
special,tan_direct,posinf,undefined,undefined,undefined,1
special,tan_direct,posinf,i,undefined,undefined,1
special,tan_direct,posinf,in-place,undefined,undefined,1
special,tan_direct,neginf,zero,undefined,undefined,1
special,tan_direct,neginf,unknown,undefined,undefined,1
special,tan_direct,neginf,undefined,undefined,undefined,1
special,tan_direct,neginf,i,undefined,undefined,1
special,tan_direct,neginf,in-place,undefined,undefined,1
special,tan_direct,posiinf,zero,i,i,1
special,tan_direct,posiinf,unknown,i,i,1
special,tan_direct,posiinf,undefined,i,i,1
special,tan_direct,posiinf,i,i,i,1
special,tan_direct,posiinf,in-place,i,i,1
special,tan_direct,negiinf,zero,minus_i,minus_i,1
special,tan_direct,negiinf,unknown,minus_i,minus_i,1
special,tan_direct,negiinf,undefined,minus_i,minus_i,1
special,tan_direct,negiinf,i,minus_i,minus_i,1
special,tan_direct,negiinf,in-place,minus_i,minus_i,1
special,tan_exponential,unknown,zero,unknown,undefined,0
special,tan_exponential,unknown,unknown,unknown,unknown,1
special,tan_exponential,unknown,undefined,unknown,undefined,0
special,tan_exponential,unknown,i,unknown,undefined,0
special,tan_exponential,unknown,in-place,unknown,unknown,1
special,tan_exponential,undefined,zero,undefined,undefined,1
special,tan_exponential,undefined,unknown,undefined,unknown,0
special,tan_exponential,undefined,undefined,undefined,undefined,1
special,tan_exponential,undefined,i,undefined,undefined,1
special,tan_exponential,undefined,in-place,undefined,undefined,1
special,tan_exponential,uinf,zero,undefined,undefined,1
special,tan_exponential,uinf,unknown,undefined,unknown,0
special,tan_exponential,uinf,undefined,undefined,undefined,1
special,tan_exponential,uinf,i,undefined,undefined,1
special,tan_exponential,uinf,in-place,undefined,undefined,1
special,tan_exponential,posinf,zero,undefined,undefined,1
special,tan_exponential,posinf,unknown,undefined,undefined,1
special,tan_exponential,posinf,undefined,undefined,undefined,1
special,tan_exponential,posinf,i,undefined,undefined,1
special,tan_exponential,posinf,in-place,undefined,undefined,1
special,tan_exponential,neginf,zero,undefined,undefined,1
special,tan_exponential,neginf,unknown,undefined,undefined,1
special,tan_exponential,neginf,undefined,undefined,undefined,1
special,tan_exponential,neginf,i,undefined,undefined,1
special,tan_exponential,neginf,in-place,undefined,undefined,1
special,tan_exponential,posiinf,zero,i,i,1
special,tan_exponential,posiinf,unknown,i,i,1
special,tan_exponential,posiinf,undefined,i,i,1
special,tan_exponential,posiinf,i,i,i,1
special,tan_exponential,posiinf,in-place,i,i,1
special,tan_exponential,negiinf,zero,minus_i,minus_i,1
special,tan_exponential,negiinf,unknown,minus_i,minus_i,1
special,tan_exponential,negiinf,undefined,minus_i,minus_i,1
special,tan_exponential,negiinf,i,minus_i,minus_i,1
special,tan_exponential,negiinf,in-place,minus_i,minus_i,1
special,tan_sine_cosine,unknown,zero,unknown,undefined,0
special,tan_sine_cosine,unknown,unknown,unknown,unknown,1
special,tan_sine_cosine,unknown,undefined,unknown,undefined,0
special,tan_sine_cosine,unknown,i,unknown,undefined,0
special,tan_sine_cosine,unknown,in-place,unknown,unknown,1
special,tan_sine_cosine,undefined,zero,undefined,undefined,1
special,tan_sine_cosine,undefined,unknown,undefined,unknown,0
special,tan_sine_cosine,undefined,undefined,undefined,undefined,1
special,tan_sine_cosine,undefined,i,undefined,undefined,1
special,tan_sine_cosine,undefined,in-place,undefined,undefined,1
special,tan_sine_cosine,uinf,zero,undefined,undefined,1
special,tan_sine_cosine,uinf,unknown,undefined,unknown,0
special,tan_sine_cosine,uinf,undefined,undefined,undefined,1
special,tan_sine_cosine,uinf,i,undefined,undefined,1
special,tan_sine_cosine,uinf,in-place,undefined,undefined,1
special,tan_sine_cosine,posinf,zero,undefined,undefined,1
special,tan_sine_cosine,posinf,unknown,undefined,undefined,1
special,tan_sine_cosine,posinf,undefined,undefined,undefined,1
special,tan_sine_cosine,posinf,i,undefined,undefined,1
special,tan_sine_cosine,posinf,in-place,undefined,undefined,1
special,tan_sine_cosine,neginf,zero,undefined,undefined,1
special,tan_sine_cosine,neginf,unknown,undefined,undefined,1
special,tan_sine_cosine,neginf,undefined,undefined,undefined,1
special,tan_sine_cosine,neginf,i,undefined,undefined,1
special,tan_sine_cosine,neginf,in-place,undefined,undefined,1
special,tan_sine_cosine,posiinf,zero,i,i,1
special,tan_sine_cosine,posiinf,unknown,i,i,1
special,tan_sine_cosine,posiinf,undefined,i,i,1
special,tan_sine_cosine,posiinf,i,i,i,1
special,tan_sine_cosine,posiinf,in-place,i,i,1
special,tan_sine_cosine,negiinf,zero,minus_i,minus_i,1
special,tan_sine_cosine,negiinf,unknown,minus_i,minus_i,1
special,tan_sine_cosine,negiinf,undefined,minus_i,minus_i,1
special,tan_sine_cosine,negiinf,i,minus_i,minus_i,1
special,tan_sine_cosine,negiinf,in-place,minus_i,minus_i,1
special,cot,unknown,zero,unknown,undefined,0
special,cot,unknown,unknown,unknown,unknown,1
special,cot,unknown,undefined,unknown,undefined,0
special,cot,unknown,i,unknown,undefined,0
special,cot,unknown,in-place,unknown,unknown,1
special,cot,undefined,zero,undefined,undefined,1
special,cot,undefined,unknown,undefined,unknown,0
special,cot,undefined,undefined,undefined,undefined,1
special,cot,undefined,i,undefined,undefined,1
special,cot,undefined,in-place,undefined,undefined,1
special,cot,uinf,zero,undefined,undefined,1
special,cot,uinf,unknown,undefined,unknown,0
special,cot,uinf,undefined,undefined,undefined,1
special,cot,uinf,i,undefined,undefined,1
special,cot,uinf,in-place,undefined,undefined,1
special,cot,posinf,zero,undefined,undefined,1
special,cot,posinf,unknown,undefined,undefined,1
special,cot,posinf,undefined,undefined,undefined,1
special,cot,posinf,i,undefined,undefined,1
special,cot,posinf,in-place,undefined,undefined,1
special,cot,neginf,zero,undefined,undefined,1
special,cot,neginf,unknown,undefined,undefined,1
special,cot,neginf,undefined,undefined,undefined,1
special,cot,neginf,i,undefined,undefined,1
special,cot,neginf,in-place,undefined,undefined,1
special,cot,posiinf,zero,minus_i,minus_i,1
special,cot,posiinf,unknown,minus_i,minus_i,1
special,cot,posiinf,undefined,minus_i,minus_i,1
special,cot,posiinf,i,minus_i,minus_i,1
special,cot,posiinf,in-place,minus_i,minus_i,1
special,cot,negiinf,zero,i,i,1
special,cot,negiinf,unknown,i,i,1
special,cot,negiinf,undefined,i,i,1
special,cot,negiinf,i,i,i,1
special,cot,negiinf,in-place,i,i,1
branch,atan_logarithm,2i,direct,Equal,Equal,1
branch,atan_logarithm,2i,separate,Equal,Equal,1
branch,atan_logarithm,2i,in-place,Equal,NotEqual,0
branch,atan_logarithm,-2i,direct,Equal,Equal,1
branch,atan_logarithm,-2i,separate,Equal,Equal,1
branch,atan_logarithm,-2i,in-place,Equal,Equal,1
