k,shift,op,precision,control,outcome
0,0,sin,-64,radical,Equal
0,0,sin,-64,periodic,Equal
0,0,sin,-64,perturbed,NotEqual
0,0,sin,-256,radical,Equal
0,0,sin,-256,periodic,Equal
0,0,sin,-256,perturbed,NotEqual
0,0,cos,-64,radical,Equal
0,0,cos,-64,periodic,Equal
0,0,cos,-64,perturbed,NotEqual
0,0,cos,-256,radical,Equal
0,0,cos,-256,periodic,Equal
0,0,cos,-256,perturbed,NotEqual
0,0,tan,-64,radical,Equal
0,0,tan,-64,periodic,Equal
0,0,tan,-64,perturbed,NotEqual
0,0,tan,-256,radical,Equal
0,0,tan,-256,periodic,Equal
0,0,tan,-256,perturbed,NotEqual
0,0,cot,-64,radical,Pole
0,0,cot,-64,periodic,Pole
0,0,cot,-64,perturbed,Pole
0,0,cot,-256,radical,Pole
0,0,cot,-256,periodic,Pole
0,0,cot,-256,perturbed,Pole
0,1,sin,-64,radical,Equal
0,1,sin,-64,periodic,Equal
0,1,sin,-64,perturbed,NotEqual
0,1,sin,-256,radical,Equal
0,1,sin,-256,periodic,Equal
0,1,sin,-256,perturbed,NotEqual
0,1,cos,-64,radical,Equal
0,1,cos,-64,periodic,Equal
0,1,cos,-64,perturbed,NotEqual
0,1,cos,-256,radical,Equal
0,1,cos,-256,periodic,Equal
0,1,cos,-256,perturbed,NotEqual
0,1,tan,-64,radical,Equal
0,1,tan,-64,periodic,Equal
0,1,tan,-64,perturbed,NotEqual
0,1,tan,-256,radical,Equal
0,1,tan,-256,periodic,Equal
0,1,tan,-256,perturbed,NotEqual
0,1,cot,-64,radical,Pole
0,1,cot,-64,periodic,Pole
0,1,cot,-64,perturbed,Pole
0,1,cot,-256,radical,Pole
0,1,cot,-256,periodic,Pole
0,1,cot,-256,perturbed,Pole
0,2,sin,-64,radical,Equal
0,2,sin,-64,periodic,Equal
0,2,sin,-64,perturbed,NotEqual
0,2,sin,-256,radical,Equal
0,2,sin,-256,periodic,Equal
0,2,sin,-256,perturbed,NotEqual
0,2,cos,-64,radical,Equal
0,2,cos,-64,periodic,Equal
0,2,cos,-64,perturbed,NotEqual
0,2,cos,-256,radical,Equal
0,2,cos,-256,periodic,Equal
0,2,cos,-256,perturbed,NotEqual
0,2,tan,-64,radical,Equal
0,2,tan,-64,periodic,Equal
0,2,tan,-64,perturbed,NotEqual
0,2,tan,-256,radical,Equal
0,2,tan,-256,periodic,Equal
0,2,tan,-256,perturbed,NotEqual
0,2,cot,-64,radical,Pole
0,2,cot,-64,periodic,Pole
0,2,cot,-64,perturbed,Pole
0,2,cot,-256,radical,Pole
0,2,cot,-256,periodic,Pole
0,2,cot,-256,perturbed,Pole
1,0,sin,-64,radical,Equal
1,0,sin,-64,periodic,Equal
1,0,sin,-64,perturbed,NotEqual
1,0,sin,-256,radical,Equal
1,0,sin,-256,periodic,Equal
1,0,sin,-256,perturbed,NotEqual
1,0,cos,-64,radical,Equal
1,0,cos,-64,periodic,Equal
1,0,cos,-64,perturbed,NotEqual
1,0,cos,-256,radical,Equal
1,0,cos,-256,periodic,Equal
1,0,cos,-256,perturbed,NotEqual
1,0,tan,-64,radical,Equal
1,0,tan,-64,periodic,Equal
1,0,tan,-64,perturbed,NotEqual
1,0,tan,-256,radical,Equal
1,0,tan,-256,periodic,Equal
1,0,tan,-256,perturbed,NotEqual
1,0,cot,-64,radical,Equal
1,0,cot,-64,periodic,Equal
1,0,cot,-64,perturbed,NotEqual
1,0,cot,-256,radical,Equal
1,0,cot,-256,periodic,Equal
1,0,cot,-256,perturbed,NotEqual
1,1,sin,-64,radical,Equal
1,1,sin,-64,periodic,Equal
1,1,sin,-64,perturbed,NotEqual
1,1,sin,-256,radical,Equal
1,1,sin,-256,periodic,Equal
1,1,sin,-256,perturbed,NotEqual
1,1,cos,-64,radical,Equal
1,1,cos,-64,periodic,Equal
1,1,cos,-64,perturbed,NotEqual
1,1,cos,-256,radical,Equal
1,1,cos,-256,periodic,Equal
1,1,cos,-256,perturbed,NotEqual
1,1,tan,-64,radical,Equal
1,1,tan,-64,periodic,Equal
1,1,tan,-64,perturbed,NotEqual
1,1,tan,-256,radical,Equal
1,1,tan,-256,periodic,Equal
1,1,tan,-256,perturbed,NotEqual
1,1,cot,-64,radical,Equal
1,1,cot,-64,periodic,Equal
1,1,cot,-64,perturbed,NotEqual
1,1,cot,-256,radical,Equal
1,1,cot,-256,periodic,Equal
1,1,cot,-256,perturbed,NotEqual
1,2,sin,-64,radical,Equal
1,2,sin,-64,periodic,Equal
1,2,sin,-64,perturbed,NotEqual
1,2,sin,-256,radical,Equal
1,2,sin,-256,periodic,Equal
1,2,sin,-256,perturbed,NotEqual
1,2,cos,-64,radical,Equal
1,2,cos,-64,periodic,Equal
1,2,cos,-64,perturbed,NotEqual
1,2,cos,-256,radical,Equal
1,2,cos,-256,periodic,Equal
1,2,cos,-256,perturbed,NotEqual
1,2,tan,-64,radical,Equal
1,2,tan,-64,periodic,Equal
1,2,tan,-64,perturbed,NotEqual
1,2,tan,-256,radical,Equal
1,2,tan,-256,periodic,Equal
1,2,tan,-256,perturbed,NotEqual
1,2,cot,-64,radical,Equal
1,2,cot,-64,periodic,Equal
1,2,cot,-64,perturbed,NotEqual
1,2,cot,-256,radical,Equal
1,2,cot,-256,periodic,Equal
1,2,cot,-256,perturbed,NotEqual
2,0,sin,-64,radical,Equal
2,0,sin,-64,periodic,Equal
2,0,sin,-64,perturbed,NotEqual
2,0,sin,-256,radical,Equal
2,0,sin,-256,periodic,Equal
2,0,sin,-256,perturbed,NotEqual
2,0,cos,-64,radical,Equal
2,0,cos,-64,periodic,Equal
2,0,cos,-64,perturbed,NotEqual
2,0,cos,-256,radical,Equal
2,0,cos,-256,periodic,Equal
2,0,cos,-256,perturbed,NotEqual
2,0,tan,-64,radical,Equal
2,0,tan,-64,periodic,Equal
2,0,tan,-64,perturbed,NotEqual
2,0,tan,-256,radical,Equal
2,0,tan,-256,periodic,Equal
2,0,tan,-256,perturbed,NotEqual
2,0,cot,-64,radical,Equal
2,0,cot,-64,periodic,Equal
2,0,cot,-64,perturbed,NotEqual
2,0,cot,-256,radical,Equal
2,0,cot,-256,periodic,Equal
2,0,cot,-256,perturbed,NotEqual
2,1,sin,-64,radical,Equal
2,1,sin,-64,periodic,Equal
2,1,sin,-64,perturbed,NotEqual
2,1,sin,-256,radical,Equal
2,1,sin,-256,periodic,Equal
2,1,sin,-256,perturbed,NotEqual
2,1,cos,-64,radical,Equal
2,1,cos,-64,periodic,Equal
2,1,cos,-64,perturbed,NotEqual
2,1,cos,-256,radical,Equal
2,1,cos,-256,periodic,Equal
2,1,cos,-256,perturbed,NotEqual
2,1,tan,-64,radical,Equal
2,1,tan,-64,periodic,Equal
2,1,tan,-64,perturbed,NotEqual
2,1,tan,-256,radical,Equal
2,1,tan,-256,periodic,Equal
2,1,tan,-256,perturbed,NotEqual
2,1,cot,-64,radical,Equal
2,1,cot,-64,periodic,Equal
2,1,cot,-64,perturbed,NotEqual
2,1,cot,-256,radical,Equal
2,1,cot,-256,periodic,Equal
2,1,cot,-256,perturbed,NotEqual
2,2,sin,-64,radical,Equal
2,2,sin,-64,periodic,Equal
2,2,sin,-64,perturbed,NotEqual
2,2,sin,-256,radical,Equal
2,2,sin,-256,periodic,Equal
2,2,sin,-256,perturbed,NotEqual
2,2,cos,-64,radical,Equal
2,2,cos,-64,periodic,Equal
2,2,cos,-64,perturbed,NotEqual
2,2,cos,-256,radical,Equal
2,2,cos,-256,periodic,Equal
2,2,cos,-256,perturbed,NotEqual
2,2,tan,-64,radical,Equal
2,2,tan,-64,periodic,Equal
2,2,tan,-64,perturbed,NotEqual
2,2,tan,-256,radical,Equal
2,2,tan,-256,periodic,Equal
2,2,tan,-256,perturbed,NotEqual
2,2,cot,-64,radical,Equal
2,2,cot,-64,periodic,Equal
2,2,cot,-64,perturbed,NotEqual
2,2,cot,-256,radical,Equal
2,2,cot,-256,periodic,Equal
2,2,cot,-256,perturbed,NotEqual
3,0,sin,-64,radical,Equal
3,0,sin,-64,periodic,Equal
3,0,sin,-64,perturbed,NotEqual
3,0,sin,-256,radical,Equal
3,0,sin,-256,periodic,Equal
3,0,sin,-256,perturbed,NotEqual
3,0,cos,-64,radical,Equal
3,0,cos,-64,periodic,Equal
3,0,cos,-64,perturbed,NotEqual
3,0,cos,-256,radical,Equal
3,0,cos,-256,periodic,Equal
3,0,cos,-256,perturbed,NotEqual
3,0,tan,-64,radical,Equal
3,0,tan,-64,periodic,Equal
3,0,tan,-64,perturbed,NotEqual
3,0,tan,-256,radical,Equal
3,0,tan,-256,periodic,Equal
3,0,tan,-256,perturbed,NotEqual
3,0,cot,-64,radical,Equal
3,0,cot,-64,periodic,Equal
3,0,cot,-64,perturbed,NotEqual
3,0,cot,-256,radical,Equal
3,0,cot,-256,periodic,Equal
3,0,cot,-256,perturbed,NotEqual
3,1,sin,-64,radical,Equal
3,1,sin,-64,periodic,Equal
3,1,sin,-64,perturbed,NotEqual
3,1,sin,-256,radical,Equal
3,1,sin,-256,periodic,Equal
3,1,sin,-256,perturbed,NotEqual
3,1,cos,-64,radical,Equal
3,1,cos,-64,periodic,Equal
3,1,cos,-64,perturbed,NotEqual
3,1,cos,-256,radical,Equal
3,1,cos,-256,periodic,Equal
3,1,cos,-256,perturbed,NotEqual
3,1,tan,-64,radical,Equal
3,1,tan,-64,periodic,Equal
3,1,tan,-64,perturbed,NotEqual
3,1,tan,-256,radical,Equal
3,1,tan,-256,periodic,Equal
3,1,tan,-256,perturbed,NotEqual
3,1,cot,-64,radical,Equal
3,1,cot,-64,periodic,Equal
3,1,cot,-64,perturbed,NotEqual
3,1,cot,-256,radical,Equal
3,1,cot,-256,periodic,Equal
3,1,cot,-256,perturbed,NotEqual
3,2,sin,-64,radical,Equal
3,2,sin,-64,periodic,Equal
3,2,sin,-64,perturbed,NotEqual
3,2,sin,-256,radical,Equal
3,2,sin,-256,periodic,Equal
3,2,sin,-256,perturbed,NotEqual
3,2,cos,-64,radical,Equal
3,2,cos,-64,periodic,Equal
3,2,cos,-64,perturbed,NotEqual
3,2,cos,-256,radical,Equal
3,2,cos,-256,periodic,Equal
3,2,cos,-256,perturbed,NotEqual
3,2,tan,-64,radical,Equal
3,2,tan,-64,periodic,Equal
3,2,tan,-64,perturbed,NotEqual
3,2,tan,-256,radical,Equal
3,2,tan,-256,periodic,Equal
3,2,tan,-256,perturbed,NotEqual
3,2,cot,-64,radical,Equal
3,2,cot,-64,periodic,Equal
3,2,cot,-64,perturbed,NotEqual
3,2,cot,-256,radical,Equal
3,2,cot,-256,periodic,Equal
3,2,cot,-256,perturbed,NotEqual
4,0,sin,-64,radical,Equal
4,0,sin,-64,periodic,Equal
4,0,sin,-64,perturbed,NotEqual
4,0,sin,-256,radical,Equal
4,0,sin,-256,periodic,Equal
4,0,sin,-256,perturbed,NotEqual
4,0,cos,-64,radical,Equal
4,0,cos,-64,periodic,Equal
4,0,cos,-64,perturbed,NotEqual
4,0,cos,-256,radical,Equal
4,0,cos,-256,periodic,Equal
4,0,cos,-256,perturbed,NotEqual
4,0,tan,-64,radical,Equal
4,0,tan,-64,periodic,Equal
4,0,tan,-64,perturbed,NotEqual
4,0,tan,-256,radical,Equal
4,0,tan,-256,periodic,Equal
4,0,tan,-256,perturbed,NotEqual
4,0,cot,-64,radical,Equal
4,0,cot,-64,periodic,Equal
4,0,cot,-64,perturbed,NotEqual
4,0,cot,-256,radical,Equal
4,0,cot,-256,periodic,Equal
4,0,cot,-256,perturbed,NotEqual
4,1,sin,-64,radical,Equal
4,1,sin,-64,periodic,Equal
4,1,sin,-64,perturbed,NotEqual
4,1,sin,-256,radical,Equal
4,1,sin,-256,periodic,Equal
4,1,sin,-256,perturbed,NotEqual
4,1,cos,-64,radical,Equal
4,1,cos,-64,periodic,Equal
4,1,cos,-64,perturbed,NotEqual
4,1,cos,-256,radical,Equal
4,1,cos,-256,periodic,Equal
4,1,cos,-256,perturbed,NotEqual
4,1,tan,-64,radical,Equal
4,1,tan,-64,periodic,Equal
4,1,tan,-64,perturbed,NotEqual
4,1,tan,-256,radical,Equal
4,1,tan,-256,periodic,Equal
4,1,tan,-256,perturbed,NotEqual
4,1,cot,-64,radical,Equal
4,1,cot,-64,periodic,Equal
4,1,cot,-64,perturbed,NotEqual
4,1,cot,-256,radical,Equal
4,1,cot,-256,periodic,Equal
4,1,cot,-256,perturbed,NotEqual
4,2,sin,-64,radical,Equal
4,2,sin,-64,periodic,Equal
4,2,sin,-64,perturbed,NotEqual
4,2,sin,-256,radical,Equal
4,2,sin,-256,periodic,Equal
4,2,sin,-256,perturbed,NotEqual
4,2,cos,-64,radical,Equal
4,2,cos,-64,periodic,Equal
4,2,cos,-64,perturbed,NotEqual
4,2,cos,-256,radical,Equal
4,2,cos,-256,periodic,Equal
4,2,cos,-256,perturbed,NotEqual
4,2,tan,-64,radical,Equal
4,2,tan,-64,periodic,Equal
4,2,tan,-64,perturbed,NotEqual
4,2,tan,-256,radical,Equal
4,2,tan,-256,periodic,Equal
4,2,tan,-256,perturbed,NotEqual
4,2,cot,-64,radical,Equal
4,2,cot,-64,periodic,Equal
4,2,cot,-64,perturbed,NotEqual
4,2,cot,-256,radical,Equal
4,2,cot,-256,periodic,Equal
4,2,cot,-256,perturbed,NotEqual
5,0,sin,-64,radical,Equal
5,0,sin,-64,periodic,Equal
5,0,sin,-64,perturbed,NotEqual
5,0,sin,-256,radical,Equal
5,0,sin,-256,periodic,Equal
5,0,sin,-256,perturbed,NotEqual
5,0,cos,-64,radical,Equal
5,0,cos,-64,periodic,Equal
5,0,cos,-64,perturbed,NotEqual
5,0,cos,-256,radical,Equal
5,0,cos,-256,periodic,Equal
5,0,cos,-256,perturbed,NotEqual
5,0,tan,-64,radical,Equal
5,0,tan,-64,periodic,Equal
5,0,tan,-64,perturbed,NotEqual
5,0,tan,-256,radical,Equal
5,0,tan,-256,periodic,Equal
5,0,tan,-256,perturbed,NotEqual
5,0,cot,-64,radical,Equal
5,0,cot,-64,periodic,Equal
5,0,cot,-64,perturbed,NotEqual
5,0,cot,-256,radical,Equal
5,0,cot,-256,periodic,Equal
5,0,cot,-256,perturbed,NotEqual
5,1,sin,-64,radical,Equal
5,1,sin,-64,periodic,Equal
5,1,sin,-64,perturbed,NotEqual
5,1,sin,-256,radical,Equal
5,1,sin,-256,periodic,Equal
5,1,sin,-256,perturbed,NotEqual
5,1,cos,-64,radical,Equal
5,1,cos,-64,periodic,Equal
5,1,cos,-64,perturbed,NotEqual
5,1,cos,-256,radical,Equal
5,1,cos,-256,periodic,Equal
5,1,cos,-256,perturbed,NotEqual
5,1,tan,-64,radical,Equal
5,1,tan,-64,periodic,Equal
5,1,tan,-64,perturbed,NotEqual
5,1,tan,-256,radical,Equal
5,1,tan,-256,periodic,Equal
5,1,tan,-256,perturbed,NotEqual
5,1,cot,-64,radical,Equal
5,1,cot,-64,periodic,Equal
5,1,cot,-64,perturbed,NotEqual
5,1,cot,-256,radical,Equal
5,1,cot,-256,periodic,Equal
5,1,cot,-256,perturbed,NotEqual
5,2,sin,-64,radical,Equal
5,2,sin,-64,periodic,Equal
5,2,sin,-64,perturbed,NotEqual
5,2,sin,-256,radical,Equal
5,2,sin,-256,periodic,Equal
5,2,sin,-256,perturbed,NotEqual
5,2,cos,-64,radical,Equal
5,2,cos,-64,periodic,Equal
5,2,cos,-64,perturbed,NotEqual
5,2,cos,-256,radical,Equal
5,2,cos,-256,periodic,Equal
5,2,cos,-256,perturbed,NotEqual
5,2,tan,-64,radical,Equal
5,2,tan,-64,periodic,Equal
5,2,tan,-64,perturbed,NotEqual
5,2,tan,-256,radical,Equal
5,2,tan,-256,periodic,Equal
5,2,tan,-256,perturbed,NotEqual
5,2,cot,-64,radical,Equal
5,2,cot,-64,periodic,Equal
5,2,cot,-64,perturbed,NotEqual
5,2,cot,-256,radical,Equal
5,2,cot,-256,periodic,Equal
5,2,cot,-256,perturbed,NotEqual
6,0,sin,-64,radical,Equal
6,0,sin,-64,periodic,Equal
6,0,sin,-64,perturbed,NotEqual
6,0,sin,-256,radical,Equal
6,0,sin,-256,periodic,Equal
6,0,sin,-256,perturbed,NotEqual
6,0,cos,-64,radical,Equal
6,0,cos,-64,periodic,Equal
6,0,cos,-64,perturbed,NotEqual
6,0,cos,-256,radical,Equal
6,0,cos,-256,periodic,Equal
6,0,cos,-256,perturbed,NotEqual
6,0,tan,-64,radical,Pole
6,0,tan,-64,periodic,Pole
6,0,tan,-64,perturbed,Pole
6,0,tan,-256,radical,Pole
6,0,tan,-256,periodic,Pole
6,0,tan,-256,perturbed,Pole
6,0,cot,-64,radical,Equal
6,0,cot,-64,periodic,Equal
6,0,cot,-64,perturbed,NotEqual
6,0,cot,-256,radical,Equal
6,0,cot,-256,periodic,Equal
6,0,cot,-256,perturbed,NotEqual
6,1,sin,-64,radical,Equal
6,1,sin,-64,periodic,Equal
6,1,sin,-64,perturbed,NotEqual
6,1,sin,-256,radical,Equal
6,1,sin,-256,periodic,Equal
6,1,sin,-256,perturbed,NotEqual
6,1,cos,-64,radical,Equal
6,1,cos,-64,periodic,Equal
6,1,cos,-64,perturbed,NotEqual
6,1,cos,-256,radical,Equal
6,1,cos,-256,periodic,Equal
6,1,cos,-256,perturbed,NotEqual
6,1,tan,-64,radical,Pole
6,1,tan,-64,periodic,Pole
6,1,tan,-64,perturbed,Pole
6,1,tan,-256,radical,Pole
6,1,tan,-256,periodic,Pole
6,1,tan,-256,perturbed,Pole
6,1,cot,-64,radical,Equal
6,1,cot,-64,periodic,Equal
6,1,cot,-64,perturbed,NotEqual
6,1,cot,-256,radical,Equal
6,1,cot,-256,periodic,Equal
6,1,cot,-256,perturbed,NotEqual
6,2,sin,-64,radical,Equal
6,2,sin,-64,periodic,Equal
6,2,sin,-64,perturbed,NotEqual
6,2,sin,-256,radical,Equal
6,2,sin,-256,periodic,Equal
6,2,sin,-256,perturbed,NotEqual
6,2,cos,-64,radical,Equal
6,2,cos,-64,periodic,Equal
6,2,cos,-64,perturbed,NotEqual
6,2,cos,-256,radical,Equal
6,2,cos,-256,periodic,Equal
6,2,cos,-256,perturbed,NotEqual
6,2,tan,-64,radical,Pole
6,2,tan,-64,periodic,Pole
6,2,tan,-64,perturbed,Pole
6,2,tan,-256,radical,Pole
6,2,tan,-256,periodic,Pole
6,2,tan,-256,perturbed,Pole
6,2,cot,-64,radical,Equal
6,2,cot,-64,periodic,Equal
6,2,cot,-64,perturbed,NotEqual
6,2,cot,-256,radical,Equal
6,2,cot,-256,periodic,Equal
6,2,cot,-256,perturbed,NotEqual
7,0,sin,-64,radical,Equal
7,0,sin,-64,periodic,Equal
7,0,sin,-64,perturbed,NotEqual
7,0,sin,-256,radical,Equal
7,0,sin,-256,periodic,Equal
7,0,sin,-256,perturbed,NotEqual
7,0,cos,-64,radical,Equal
7,0,cos,-64,periodic,Equal
7,0,cos,-64,perturbed,NotEqual
7,0,cos,-256,radical,Equal
7,0,cos,-256,periodic,Equal
7,0,cos,-256,perturbed,NotEqual
7,0,tan,-64,radical,Equal
7,0,tan,-64,periodic,Equal
7,0,tan,-64,perturbed,NotEqual
7,0,tan,-256,radical,Equal
7,0,tan,-256,periodic,Equal
7,0,tan,-256,perturbed,NotEqual
7,0,cot,-64,radical,Equal
7,0,cot,-64,periodic,Equal
7,0,cot,-64,perturbed,NotEqual
7,0,cot,-256,radical,Equal
7,0,cot,-256,periodic,Equal
7,0,cot,-256,perturbed,NotEqual
7,1,sin,-64,radical,Equal
7,1,sin,-64,periodic,Equal
7,1,sin,-64,perturbed,NotEqual
7,1,sin,-256,radical,Equal
7,1,sin,-256,periodic,Equal
7,1,sin,-256,perturbed,NotEqual
7,1,cos,-64,radical,Equal
7,1,cos,-64,periodic,Equal
7,1,cos,-64,perturbed,NotEqual
7,1,cos,-256,radical,Equal
7,1,cos,-256,periodic,Equal
7,1,cos,-256,perturbed,NotEqual
7,1,tan,-64,radical,Equal
7,1,tan,-64,periodic,Equal
7,1,tan,-64,perturbed,NotEqual
7,1,tan,-256,radical,Equal
7,1,tan,-256,periodic,Equal
7,1,tan,-256,perturbed,NotEqual
7,1,cot,-64,radical,Equal
7,1,cot,-64,periodic,Equal
7,1,cot,-64,perturbed,NotEqual
7,1,cot,-256,radical,Equal
7,1,cot,-256,periodic,Equal
7,1,cot,-256,perturbed,NotEqual
7,2,sin,-64,radical,Equal
7,2,sin,-64,periodic,Equal
7,2,sin,-64,perturbed,NotEqual
7,2,sin,-256,radical,Equal
7,2,sin,-256,periodic,Equal
7,2,sin,-256,perturbed,NotEqual
7,2,cos,-64,radical,Equal
7,2,cos,-64,periodic,Equal
7,2,cos,-64,perturbed,NotEqual
7,2,cos,-256,radical,Equal
7,2,cos,-256,periodic,Equal
7,2,cos,-256,perturbed,NotEqual
7,2,tan,-64,radical,Equal
7,2,tan,-64,periodic,Equal
7,2,tan,-64,perturbed,NotEqual
7,2,tan,-256,radical,Equal
7,2,tan,-256,periodic,Equal
7,2,tan,-256,perturbed,NotEqual
7,2,cot,-64,radical,Equal
7,2,cot,-64,periodic,Equal
7,2,cot,-64,perturbed,NotEqual
7,2,cot,-256,radical,Equal
7,2,cot,-256,periodic,Equal
7,2,cot,-256,perturbed,NotEqual
8,0,sin,-64,radical,Equal
8,0,sin,-64,periodic,Equal
8,0,sin,-64,perturbed,NotEqual
8,0,sin,-256,radical,Equal
8,0,sin,-256,periodic,Equal
8,0,sin,-256,perturbed,NotEqual
8,0,cos,-64,radical,Equal
8,0,cos,-64,periodic,Equal
8,0,cos,-64,perturbed,NotEqual
8,0,cos,-256,radical,Equal
8,0,cos,-256,periodic,Equal
8,0,cos,-256,perturbed,NotEqual
8,0,tan,-64,radical,Equal
8,0,tan,-64,periodic,Equal
8,0,tan,-64,perturbed,NotEqual
8,0,tan,-256,radical,Equal
8,0,tan,-256,periodic,Equal
8,0,tan,-256,perturbed,NotEqual
8,0,cot,-64,radical,Equal
8,0,cot,-64,periodic,Equal
8,0,cot,-64,perturbed,NotEqual
8,0,cot,-256,radical,Equal
8,0,cot,-256,periodic,Equal
8,0,cot,-256,perturbed,NotEqual
8,1,sin,-64,radical,Equal
8,1,sin,-64,periodic,Equal
8,1,sin,-64,perturbed,NotEqual
8,1,sin,-256,radical,Equal
8,1,sin,-256,periodic,Equal
8,1,sin,-256,perturbed,NotEqual
8,1,cos,-64,radical,Equal
8,1,cos,-64,periodic,Equal
8,1,cos,-64,perturbed,NotEqual
8,1,cos,-256,radical,Equal
8,1,cos,-256,periodic,Equal
8,1,cos,-256,perturbed,NotEqual
8,1,tan,-64,radical,Equal
8,1,tan,-64,periodic,Equal
8,1,tan,-64,perturbed,NotEqual
8,1,tan,-256,radical,Equal
8,1,tan,-256,periodic,Equal
8,1,tan,-256,perturbed,NotEqual
8,1,cot,-64,radical,Equal
8,1,cot,-64,periodic,Equal
8,1,cot,-64,perturbed,NotEqual
8,1,cot,-256,radical,Equal
8,1,cot,-256,periodic,Equal
8,1,cot,-256,perturbed,NotEqual
8,2,sin,-64,radical,Equal
8,2,sin,-64,periodic,Equal
8,2,sin,-64,perturbed,NotEqual
8,2,sin,-256,radical,Equal
8,2,sin,-256,periodic,Equal
8,2,sin,-256,perturbed,NotEqual
8,2,cos,-64,radical,Equal
8,2,cos,-64,periodic,Equal
8,2,cos,-64,perturbed,NotEqual
8,2,cos,-256,radical,Equal
8,2,cos,-256,periodic,Equal
8,2,cos,-256,perturbed,NotEqual
8,2,tan,-64,radical,Equal
8,2,tan,-64,periodic,Equal
8,2,tan,-64,perturbed,NotEqual
8,2,tan,-256,radical,Equal
8,2,tan,-256,periodic,Equal
8,2,tan,-256,perturbed,NotEqual
8,2,cot,-64,radical,Equal
8,2,cot,-64,periodic,Equal
8,2,cot,-64,perturbed,NotEqual
8,2,cot,-256,radical,Equal
8,2,cot,-256,periodic,Equal
8,2,cot,-256,perturbed,NotEqual
9,0,sin,-64,radical,Equal
9,0,sin,-64,periodic,Equal
9,0,sin,-64,perturbed,NotEqual
9,0,sin,-256,radical,Equal
9,0,sin,-256,periodic,Equal
9,0,sin,-256,perturbed,NotEqual
9,0,cos,-64,radical,Equal
9,0,cos,-64,periodic,Equal
9,0,cos,-64,perturbed,NotEqual
9,0,cos,-256,radical,Equal
9,0,cos,-256,periodic,Equal
9,0,cos,-256,perturbed,NotEqual
9,0,tan,-64,radical,Equal
9,0,tan,-64,periodic,Equal
9,0,tan,-64,perturbed,NotEqual
9,0,tan,-256,radical,Equal
9,0,tan,-256,periodic,Equal
9,0,tan,-256,perturbed,NotEqual
9,0,cot,-64,radical,Equal
9,0,cot,-64,periodic,Equal
9,0,cot,-64,perturbed,NotEqual
9,0,cot,-256,radical,Equal
9,0,cot,-256,periodic,Equal
9,0,cot,-256,perturbed,NotEqual
9,1,sin,-64,radical,Equal
9,1,sin,-64,periodic,Equal
9,1,sin,-64,perturbed,NotEqual
9,1,sin,-256,radical,Equal
9,1,sin,-256,periodic,Equal
9,1,sin,-256,perturbed,NotEqual
9,1,cos,-64,radical,Equal
9,1,cos,-64,periodic,Equal
9,1,cos,-64,perturbed,NotEqual
9,1,cos,-256,radical,Equal
9,1,cos,-256,periodic,Equal
9,1,cos,-256,perturbed,NotEqual
9,1,tan,-64,radical,Equal
9,1,tan,-64,periodic,Equal
9,1,tan,-64,perturbed,NotEqual
9,1,tan,-256,radical,Equal
9,1,tan,-256,periodic,Equal
9,1,tan,-256,perturbed,NotEqual
9,1,cot,-64,radical,Equal
9,1,cot,-64,periodic,Equal
9,1,cot,-64,perturbed,NotEqual
9,1,cot,-256,radical,Equal
9,1,cot,-256,periodic,Equal
9,1,cot,-256,perturbed,NotEqual
9,2,sin,-64,radical,Equal
9,2,sin,-64,periodic,Equal
9,2,sin,-64,perturbed,NotEqual
9,2,sin,-256,radical,Equal
9,2,sin,-256,periodic,Equal
9,2,sin,-256,perturbed,NotEqual
9,2,cos,-64,radical,Equal
9,2,cos,-64,periodic,Equal
9,2,cos,-64,perturbed,NotEqual
9,2,cos,-256,radical,Equal
9,2,cos,-256,periodic,Equal
9,2,cos,-256,perturbed,NotEqual
9,2,tan,-64,radical,Equal
9,2,tan,-64,periodic,Equal
9,2,tan,-64,perturbed,NotEqual
9,2,tan,-256,radical,Equal
9,2,tan,-256,periodic,Equal
9,2,tan,-256,perturbed,NotEqual
9,2,cot,-64,radical,Equal
9,2,cot,-64,periodic,Equal
9,2,cot,-64,perturbed,NotEqual
9,2,cot,-256,radical,Equal
9,2,cot,-256,periodic,Equal
9,2,cot,-256,perturbed,NotEqual
10,0,sin,-64,radical,Equal
10,0,sin,-64,periodic,Equal
10,0,sin,-64,perturbed,NotEqual
10,0,sin,-256,radical,Equal
10,0,sin,-256,periodic,Equal
10,0,sin,-256,perturbed,NotEqual
10,0,cos,-64,radical,Equal
10,0,cos,-64,periodic,Equal
10,0,cos,-64,perturbed,NotEqual
10,0,cos,-256,radical,Equal
10,0,cos,-256,periodic,Equal
10,0,cos,-256,perturbed,NotEqual
10,0,tan,-64,radical,Equal
10,0,tan,-64,periodic,Equal
10,0,tan,-64,perturbed,NotEqual
10,0,tan,-256,radical,Equal
10,0,tan,-256,periodic,Equal
10,0,tan,-256,perturbed,NotEqual
10,0,cot,-64,radical,Equal
10,0,cot,-64,periodic,Equal
10,0,cot,-64,perturbed,NotEqual
10,0,cot,-256,radical,Equal
10,0,cot,-256,periodic,Equal
10,0,cot,-256,perturbed,NotEqual
10,1,sin,-64,radical,Equal
10,1,sin,-64,periodic,Equal
10,1,sin,-64,perturbed,NotEqual
10,1,sin,-256,radical,Equal
10,1,sin,-256,periodic,Equal
10,1,sin,-256,perturbed,NotEqual
10,1,cos,-64,radical,Equal
10,1,cos,-64,periodic,Equal
10,1,cos,-64,perturbed,NotEqual
10,1,cos,-256,radical,Equal
10,1,cos,-256,periodic,Equal
10,1,cos,-256,perturbed,NotEqual
10,1,tan,-64,radical,Equal
10,1,tan,-64,periodic,Equal
10,1,tan,-64,perturbed,NotEqual
10,1,tan,-256,radical,Equal
10,1,tan,-256,periodic,Equal
10,1,tan,-256,perturbed,NotEqual
10,1,cot,-64,radical,Equal
10,1,cot,-64,periodic,Equal
10,1,cot,-64,perturbed,NotEqual
10,1,cot,-256,radical,Equal
10,1,cot,-256,periodic,Equal
10,1,cot,-256,perturbed,NotEqual
10,2,sin,-64,radical,Equal
10,2,sin,-64,periodic,Equal
10,2,sin,-64,perturbed,NotEqual
10,2,sin,-256,radical,Equal
10,2,sin,-256,periodic,Equal
10,2,sin,-256,perturbed,NotEqual
10,2,cos,-64,radical,Equal
10,2,cos,-64,periodic,Equal
10,2,cos,-64,perturbed,NotEqual
10,2,cos,-256,radical,Equal
10,2,cos,-256,periodic,Equal
10,2,cos,-256,perturbed,NotEqual
10,2,tan,-64,radical,Equal
10,2,tan,-64,periodic,Equal
10,2,tan,-64,perturbed,NotEqual
10,2,tan,-256,radical,Equal
10,2,tan,-256,periodic,Equal
10,2,tan,-256,perturbed,NotEqual
10,2,cot,-64,radical,Equal
10,2,cot,-64,periodic,Equal
10,2,cot,-64,perturbed,NotEqual
10,2,cot,-256,radical,Equal
10,2,cot,-256,periodic,Equal
10,2,cot,-256,perturbed,NotEqual
11,0,sin,-64,radical,Equal
11,0,sin,-64,periodic,Equal
11,0,sin,-64,perturbed,NotEqual
11,0,sin,-256,radical,Equal
11,0,sin,-256,periodic,Equal
11,0,sin,-256,perturbed,NotEqual
11,0,cos,-64,radical,Equal
11,0,cos,-64,periodic,Equal
11,0,cos,-64,perturbed,NotEqual
11,0,cos,-256,radical,Equal
11,0,cos,-256,periodic,Equal
11,0,cos,-256,perturbed,NotEqual
11,0,tan,-64,radical,Equal
11,0,tan,-64,periodic,Equal
11,0,tan,-64,perturbed,NotEqual
11,0,tan,-256,radical,Equal
11,0,tan,-256,periodic,Equal
11,0,tan,-256,perturbed,NotEqual
11,0,cot,-64,radical,Equal
11,0,cot,-64,periodic,Equal
11,0,cot,-64,perturbed,NotEqual
11,0,cot,-256,radical,Equal
11,0,cot,-256,periodic,Equal
11,0,cot,-256,perturbed,NotEqual
11,1,sin,-64,radical,Equal
11,1,sin,-64,periodic,Equal
11,1,sin,-64,perturbed,NotEqual
11,1,sin,-256,radical,Equal
11,1,sin,-256,periodic,Equal
11,1,sin,-256,perturbed,NotEqual
11,1,cos,-64,radical,Equal
11,1,cos,-64,periodic,Equal
11,1,cos,-64,perturbed,NotEqual
11,1,cos,-256,radical,Equal
11,1,cos,-256,periodic,Equal
11,1,cos,-256,perturbed,NotEqual
11,1,tan,-64,radical,Equal
11,1,tan,-64,periodic,Equal
11,1,tan,-64,perturbed,NotEqual
11,1,tan,-256,radical,Equal
11,1,tan,-256,periodic,Equal
11,1,tan,-256,perturbed,NotEqual
11,1,cot,-64,radical,Equal
11,1,cot,-64,periodic,Equal
11,1,cot,-64,perturbed,NotEqual
11,1,cot,-256,radical,Equal
11,1,cot,-256,periodic,Equal
11,1,cot,-256,perturbed,NotEqual
11,2,sin,-64,radical,Equal
11,2,sin,-64,periodic,Equal
11,2,sin,-64,perturbed,NotEqual
11,2,sin,-256,radical,Equal
11,2,sin,-256,periodic,Equal
11,2,sin,-256,perturbed,NotEqual
11,2,cos,-64,radical,Equal
11,2,cos,-64,periodic,Equal
11,2,cos,-64,perturbed,NotEqual
11,2,cos,-256,radical,Equal
11,2,cos,-256,periodic,Equal
11,2,cos,-256,perturbed,NotEqual
11,2,tan,-64,radical,Equal
11,2,tan,-64,periodic,Equal
11,2,tan,-64,perturbed,NotEqual
11,2,tan,-256,radical,Equal
11,2,tan,-256,periodic,Equal
11,2,tan,-256,perturbed,NotEqual
11,2,cot,-64,radical,Equal
11,2,cot,-64,periodic,Equal
11,2,cot,-64,perturbed,NotEqual
11,2,cot,-256,radical,Equal
11,2,cot,-256,periodic,Equal
11,2,cot,-256,perturbed,NotEqual
12,0,sin,-64,radical,Equal
12,0,sin,-64,periodic,Equal
12,0,sin,-64,perturbed,NotEqual
12,0,sin,-256,radical,Equal
12,0,sin,-256,periodic,Equal
12,0,sin,-256,perturbed,NotEqual
12,0,cos,-64,radical,Equal
12,0,cos,-64,periodic,Equal
12,0,cos,-64,perturbed,NotEqual
12,0,cos,-256,radical,Equal
12,0,cos,-256,periodic,Equal
12,0,cos,-256,perturbed,NotEqual
12,0,tan,-64,radical,Equal
12,0,tan,-64,periodic,Equal
12,0,tan,-64,perturbed,NotEqual
12,0,tan,-256,radical,Equal
12,0,tan,-256,periodic,Equal
12,0,tan,-256,perturbed,NotEqual
12,0,cot,-64,radical,Pole
12,0,cot,-64,periodic,Pole
12,0,cot,-64,perturbed,Pole
12,0,cot,-256,radical,Pole
12,0,cot,-256,periodic,Pole
12,0,cot,-256,perturbed,Pole
12,1,sin,-64,radical,Equal
12,1,sin,-64,periodic,Equal
12,1,sin,-64,perturbed,NotEqual
12,1,sin,-256,radical,Equal
12,1,sin,-256,periodic,Equal
12,1,sin,-256,perturbed,NotEqual
12,1,cos,-64,radical,Equal
12,1,cos,-64,periodic,Equal
12,1,cos,-64,perturbed,NotEqual
12,1,cos,-256,radical,Equal
12,1,cos,-256,periodic,Equal
12,1,cos,-256,perturbed,NotEqual
12,1,tan,-64,radical,Equal
12,1,tan,-64,periodic,Equal
12,1,tan,-64,perturbed,NotEqual
12,1,tan,-256,radical,Equal
12,1,tan,-256,periodic,Equal
12,1,tan,-256,perturbed,NotEqual
12,1,cot,-64,radical,Pole
12,1,cot,-64,periodic,Pole
12,1,cot,-64,perturbed,Pole
12,1,cot,-256,radical,Pole
12,1,cot,-256,periodic,Pole
12,1,cot,-256,perturbed,Pole
12,2,sin,-64,radical,Equal
12,2,sin,-64,periodic,Equal
12,2,sin,-64,perturbed,NotEqual
12,2,sin,-256,radical,Equal
12,2,sin,-256,periodic,Equal
12,2,sin,-256,perturbed,NotEqual
12,2,cos,-64,radical,Equal
12,2,cos,-64,periodic,Equal
12,2,cos,-64,perturbed,NotEqual
12,2,cos,-256,radical,Equal
12,2,cos,-256,periodic,Equal
12,2,cos,-256,perturbed,NotEqual
12,2,tan,-64,radical,Equal
12,2,tan,-64,periodic,Equal
12,2,tan,-64,perturbed,NotEqual
12,2,tan,-256,radical,Equal
12,2,tan,-256,periodic,Equal
12,2,tan,-256,perturbed,NotEqual
12,2,cot,-64,radical,Pole
12,2,cot,-64,periodic,Pole
12,2,cot,-64,perturbed,Pole
12,2,cot,-256,radical,Pole
12,2,cot,-256,periodic,Pole
12,2,cot,-256,perturbed,Pole
13,0,sin,-64,radical,Equal
13,0,sin,-64,periodic,Equal
13,0,sin,-64,perturbed,NotEqual
13,0,sin,-256,radical,Equal
13,0,sin,-256,periodic,Equal
13,0,sin,-256,perturbed,NotEqual
13,0,cos,-64,radical,Equal
13,0,cos,-64,periodic,Equal
13,0,cos,-64,perturbed,NotEqual
13,0,cos,-256,radical,Equal
13,0,cos,-256,periodic,Equal
13,0,cos,-256,perturbed,NotEqual
13,0,tan,-64,radical,Equal
13,0,tan,-64,periodic,Equal
13,0,tan,-64,perturbed,NotEqual
13,0,tan,-256,radical,Equal
13,0,tan,-256,periodic,Equal
13,0,tan,-256,perturbed,NotEqual
13,0,cot,-64,radical,Equal
13,0,cot,-64,periodic,Equal
13,0,cot,-64,perturbed,NotEqual
13,0,cot,-256,radical,Equal
13,0,cot,-256,periodic,Equal
13,0,cot,-256,perturbed,NotEqual
13,1,sin,-64,radical,Equal
13,1,sin,-64,periodic,Equal
13,1,sin,-64,perturbed,NotEqual
13,1,sin,-256,radical,Equal
13,1,sin,-256,periodic,Equal
13,1,sin,-256,perturbed,NotEqual
13,1,cos,-64,radical,Equal
13,1,cos,-64,periodic,Equal
13,1,cos,-64,perturbed,NotEqual
13,1,cos,-256,radical,Equal
13,1,cos,-256,periodic,Equal
13,1,cos,-256,perturbed,NotEqual
13,1,tan,-64,radical,Equal
13,1,tan,-64,periodic,Equal
13,1,tan,-64,perturbed,NotEqual
13,1,tan,-256,radical,Equal
13,1,tan,-256,periodic,Equal
13,1,tan,-256,perturbed,NotEqual
13,1,cot,-64,radical,Equal
13,1,cot,-64,periodic,Equal
13,1,cot,-64,perturbed,NotEqual
13,1,cot,-256,radical,Equal
13,1,cot,-256,periodic,Equal
13,1,cot,-256,perturbed,NotEqual
13,2,sin,-64,radical,Equal
13,2,sin,-64,periodic,Equal
13,2,sin,-64,perturbed,NotEqual
13,2,sin,-256,radical,Equal
13,2,sin,-256,periodic,Equal
13,2,sin,-256,perturbed,NotEqual
13,2,cos,-64,radical,Equal
13,2,cos,-64,periodic,Equal
13,2,cos,-64,perturbed,NotEqual
13,2,cos,-256,radical,Equal
13,2,cos,-256,periodic,Equal
13,2,cos,-256,perturbed,NotEqual
13,2,tan,-64,radical,Equal
13,2,tan,-64,periodic,Equal
13,2,tan,-64,perturbed,NotEqual
13,2,tan,-256,radical,Equal
13,2,tan,-256,periodic,Equal
13,2,tan,-256,perturbed,NotEqual
13,2,cot,-64,radical,Equal
13,2,cot,-64,periodic,Equal
13,2,cot,-64,perturbed,NotEqual
13,2,cot,-256,radical,Equal
13,2,cot,-256,periodic,Equal
13,2,cot,-256,perturbed,NotEqual
14,0,sin,-64,radical,Equal
14,0,sin,-64,periodic,Equal
14,0,sin,-64,perturbed,NotEqual
14,0,sin,-256,radical,Equal
14,0,sin,-256,periodic,Equal
14,0,sin,-256,perturbed,NotEqual
14,0,cos,-64,radical,Equal
14,0,cos,-64,periodic,Equal
14,0,cos,-64,perturbed,NotEqual
14,0,cos,-256,radical,Equal
14,0,cos,-256,periodic,Equal
14,0,cos,-256,perturbed,NotEqual
14,0,tan,-64,radical,Equal
14,0,tan,-64,periodic,Equal
14,0,tan,-64,perturbed,NotEqual
14,0,tan,-256,radical,Equal
14,0,tan,-256,periodic,Equal
14,0,tan,-256,perturbed,NotEqual
14,0,cot,-64,radical,Equal
14,0,cot,-64,periodic,Equal
14,0,cot,-64,perturbed,NotEqual
14,0,cot,-256,radical,Equal
14,0,cot,-256,periodic,Equal
14,0,cot,-256,perturbed,NotEqual
14,1,sin,-64,radical,Equal
14,1,sin,-64,periodic,Equal
14,1,sin,-64,perturbed,NotEqual
14,1,sin,-256,radical,Equal
14,1,sin,-256,periodic,Equal
14,1,sin,-256,perturbed,NotEqual
14,1,cos,-64,radical,Equal
14,1,cos,-64,periodic,Equal
14,1,cos,-64,perturbed,NotEqual
14,1,cos,-256,radical,Equal
14,1,cos,-256,periodic,Equal
14,1,cos,-256,perturbed,NotEqual
14,1,tan,-64,radical,Equal
14,1,tan,-64,periodic,Equal
14,1,tan,-64,perturbed,NotEqual
14,1,tan,-256,radical,Equal
14,1,tan,-256,periodic,Equal
14,1,tan,-256,perturbed,NotEqual
14,1,cot,-64,radical,Equal
14,1,cot,-64,periodic,Equal
14,1,cot,-64,perturbed,NotEqual
14,1,cot,-256,radical,Equal
14,1,cot,-256,periodic,Equal
14,1,cot,-256,perturbed,NotEqual
14,2,sin,-64,radical,Equal
14,2,sin,-64,periodic,Equal
14,2,sin,-64,perturbed,NotEqual
14,2,sin,-256,radical,Equal
14,2,sin,-256,periodic,Equal
14,2,sin,-256,perturbed,NotEqual
14,2,cos,-64,radical,Equal
14,2,cos,-64,periodic,Equal
14,2,cos,-64,perturbed,NotEqual
14,2,cos,-256,radical,Equal
14,2,cos,-256,periodic,Equal
14,2,cos,-256,perturbed,NotEqual
14,2,tan,-64,radical,Equal
14,2,tan,-64,periodic,Equal
14,2,tan,-64,perturbed,NotEqual
14,2,tan,-256,radical,Equal
14,2,tan,-256,periodic,Equal
14,2,tan,-256,perturbed,NotEqual
14,2,cot,-64,radical,Equal
14,2,cot,-64,periodic,Equal
14,2,cot,-64,perturbed,NotEqual
14,2,cot,-256,radical,Equal
14,2,cot,-256,periodic,Equal
14,2,cot,-256,perturbed,NotEqual
15,0,sin,-64,radical,Equal
15,0,sin,-64,periodic,Equal
15,0,sin,-64,perturbed,NotEqual
15,0,sin,-256,radical,Equal
15,0,sin,-256,periodic,Equal
15,0,sin,-256,perturbed,NotEqual
15,0,cos,-64,radical,Equal
15,0,cos,-64,periodic,Equal
15,0,cos,-64,perturbed,NotEqual
15,0,cos,-256,radical,Equal
15,0,cos,-256,periodic,Equal
15,0,cos,-256,perturbed,NotEqual
15,0,tan,-64,radical,Equal
15,0,tan,-64,periodic,Equal
15,0,tan,-64,perturbed,NotEqual
15,0,tan,-256,radical,Equal
15,0,tan,-256,periodic,Equal
15,0,tan,-256,perturbed,NotEqual
15,0,cot,-64,radical,Equal
15,0,cot,-64,periodic,Equal
15,0,cot,-64,perturbed,NotEqual
15,0,cot,-256,radical,Equal
15,0,cot,-256,periodic,Equal
15,0,cot,-256,perturbed,NotEqual
15,1,sin,-64,radical,Equal
15,1,sin,-64,periodic,Equal
15,1,sin,-64,perturbed,NotEqual
15,1,sin,-256,radical,Equal
15,1,sin,-256,periodic,Equal
15,1,sin,-256,perturbed,NotEqual
15,1,cos,-64,radical,Equal
15,1,cos,-64,periodic,Equal
15,1,cos,-64,perturbed,NotEqual
15,1,cos,-256,radical,Equal
15,1,cos,-256,periodic,Equal
15,1,cos,-256,perturbed,NotEqual
15,1,tan,-64,radical,Equal
15,1,tan,-64,periodic,Equal
15,1,tan,-64,perturbed,NotEqual
15,1,tan,-256,radical,Equal
15,1,tan,-256,periodic,Equal
15,1,tan,-256,perturbed,NotEqual
15,1,cot,-64,radical,Equal
15,1,cot,-64,periodic,Equal
15,1,cot,-64,perturbed,NotEqual
15,1,cot,-256,radical,Equal
15,1,cot,-256,periodic,Equal
15,1,cot,-256,perturbed,NotEqual
15,2,sin,-64,radical,Equal
15,2,sin,-64,periodic,Equal
15,2,sin,-64,perturbed,NotEqual
15,2,sin,-256,radical,Equal
15,2,sin,-256,periodic,Equal
15,2,sin,-256,perturbed,NotEqual
15,2,cos,-64,radical,Equal
15,2,cos,-64,periodic,Equal
15,2,cos,-64,perturbed,NotEqual
15,2,cos,-256,radical,Equal
15,2,cos,-256,periodic,Equal
15,2,cos,-256,perturbed,NotEqual
15,2,tan,-64,radical,Equal
15,2,tan,-64,periodic,Equal
15,2,tan,-64,perturbed,NotEqual
15,2,tan,-256,radical,Equal
15,2,tan,-256,periodic,Equal
15,2,tan,-256,perturbed,NotEqual
15,2,cot,-64,radical,Equal
15,2,cot,-64,periodic,Equal
15,2,cot,-64,perturbed,NotEqual
15,2,cot,-256,radical,Equal
15,2,cot,-256,periodic,Equal
15,2,cot,-256,perturbed,NotEqual
16,0,sin,-64,radical,Equal
16,0,sin,-64,periodic,Equal
16,0,sin,-64,perturbed,NotEqual
16,0,sin,-256,radical,Equal
16,0,sin,-256,periodic,Equal
16,0,sin,-256,perturbed,NotEqual
16,0,cos,-64,radical,Equal
16,0,cos,-64,periodic,Equal
16,0,cos,-64,perturbed,NotEqual
16,0,cos,-256,radical,Equal
16,0,cos,-256,periodic,Equal
16,0,cos,-256,perturbed,NotEqual
16,0,tan,-64,radical,Equal
16,0,tan,-64,periodic,Equal
16,0,tan,-64,perturbed,NotEqual
16,0,tan,-256,radical,Equal
16,0,tan,-256,periodic,Equal
16,0,tan,-256,perturbed,NotEqual
16,0,cot,-64,radical,Equal
16,0,cot,-64,periodic,Equal
16,0,cot,-64,perturbed,NotEqual
16,0,cot,-256,radical,Equal
16,0,cot,-256,periodic,Equal
16,0,cot,-256,perturbed,NotEqual
16,1,sin,-64,radical,Equal
16,1,sin,-64,periodic,Equal
16,1,sin,-64,perturbed,NotEqual
16,1,sin,-256,radical,Equal
16,1,sin,-256,periodic,Equal
16,1,sin,-256,perturbed,NotEqual
16,1,cos,-64,radical,Equal
16,1,cos,-64,periodic,Equal
16,1,cos,-64,perturbed,NotEqual
16,1,cos,-256,radical,Equal
16,1,cos,-256,periodic,Equal
16,1,cos,-256,perturbed,NotEqual
16,1,tan,-64,radical,Equal
16,1,tan,-64,periodic,Equal
16,1,tan,-64,perturbed,NotEqual
16,1,tan,-256,radical,Equal
16,1,tan,-256,periodic,Equal
16,1,tan,-256,perturbed,NotEqual
16,1,cot,-64,radical,Equal
16,1,cot,-64,periodic,Equal
16,1,cot,-64,perturbed,NotEqual
16,1,cot,-256,radical,Equal
16,1,cot,-256,periodic,Equal
16,1,cot,-256,perturbed,NotEqual
16,2,sin,-64,radical,Equal
16,2,sin,-64,periodic,Equal
16,2,sin,-64,perturbed,NotEqual
16,2,sin,-256,radical,Equal
16,2,sin,-256,periodic,Equal
16,2,sin,-256,perturbed,NotEqual
16,2,cos,-64,radical,Equal
16,2,cos,-64,periodic,Equal
16,2,cos,-64,perturbed,NotEqual
16,2,cos,-256,radical,Equal
16,2,cos,-256,periodic,Equal
16,2,cos,-256,perturbed,NotEqual
16,2,tan,-64,radical,Equal
16,2,tan,-64,periodic,Equal
16,2,tan,-64,perturbed,NotEqual
16,2,tan,-256,radical,Equal
16,2,tan,-256,periodic,Equal
16,2,tan,-256,perturbed,NotEqual
16,2,cot,-64,radical,Equal
16,2,cot,-64,periodic,Equal
16,2,cot,-64,perturbed,NotEqual
16,2,cot,-256,radical,Equal
16,2,cot,-256,periodic,Equal
16,2,cot,-256,perturbed,NotEqual
17,0,sin,-64,radical,Equal
17,0,sin,-64,periodic,Equal
17,0,sin,-64,perturbed,NotEqual
17,0,sin,-256,radical,Equal
17,0,sin,-256,periodic,Equal
17,0,sin,-256,perturbed,NotEqual
17,0,cos,-64,radical,Equal
17,0,cos,-64,periodic,Equal
17,0,cos,-64,perturbed,NotEqual
17,0,cos,-256,radical,Equal
17,0,cos,-256,periodic,Equal
17,0,cos,-256,perturbed,NotEqual
17,0,tan,-64,radical,Equal
17,0,tan,-64,periodic,Equal
17,0,tan,-64,perturbed,NotEqual
17,0,tan,-256,radical,Equal
17,0,tan,-256,periodic,Equal
17,0,tan,-256,perturbed,NotEqual
17,0,cot,-64,radical,Equal
17,0,cot,-64,periodic,Equal
17,0,cot,-64,perturbed,NotEqual
17,0,cot,-256,radical,Equal
17,0,cot,-256,periodic,Equal
17,0,cot,-256,perturbed,NotEqual
17,1,sin,-64,radical,Equal
17,1,sin,-64,periodic,Equal
17,1,sin,-64,perturbed,NotEqual
17,1,sin,-256,radical,Equal
17,1,sin,-256,periodic,Equal
17,1,sin,-256,perturbed,NotEqual
17,1,cos,-64,radical,Equal
17,1,cos,-64,periodic,Equal
17,1,cos,-64,perturbed,NotEqual
17,1,cos,-256,radical,Equal
17,1,cos,-256,periodic,Equal
17,1,cos,-256,perturbed,NotEqual
17,1,tan,-64,radical,Equal
17,1,tan,-64,periodic,Equal
17,1,tan,-64,perturbed,NotEqual
17,1,tan,-256,radical,Equal
17,1,tan,-256,periodic,Equal
17,1,tan,-256,perturbed,NotEqual
17,1,cot,-64,radical,Equal
17,1,cot,-64,periodic,Equal
17,1,cot,-64,perturbed,NotEqual
17,1,cot,-256,radical,Equal
17,1,cot,-256,periodic,Equal
17,1,cot,-256,perturbed,NotEqual
17,2,sin,-64,radical,Equal
17,2,sin,-64,periodic,Equal
17,2,sin,-64,perturbed,NotEqual
17,2,sin,-256,radical,Equal
17,2,sin,-256,periodic,Equal
17,2,sin,-256,perturbed,NotEqual
17,2,cos,-64,radical,Equal
17,2,cos,-64,periodic,Equal
17,2,cos,-64,perturbed,NotEqual
17,2,cos,-256,radical,Equal
17,2,cos,-256,periodic,Equal
17,2,cos,-256,perturbed,NotEqual
17,2,tan,-64,radical,Equal
17,2,tan,-64,periodic,Equal
17,2,tan,-64,perturbed,NotEqual
17,2,tan,-256,radical,Equal
17,2,tan,-256,periodic,Equal
17,2,tan,-256,perturbed,NotEqual
17,2,cot,-64,radical,Equal
17,2,cot,-64,periodic,Equal
17,2,cot,-64,perturbed,NotEqual
17,2,cot,-256,radical,Equal
17,2,cot,-256,periodic,Equal
17,2,cot,-256,perturbed,NotEqual
18,0,sin,-64,radical,Equal
18,0,sin,-64,periodic,Equal
18,0,sin,-64,perturbed,NotEqual
18,0,sin,-256,radical,Equal
18,0,sin,-256,periodic,Equal
18,0,sin,-256,perturbed,NotEqual
18,0,cos,-64,radical,Equal
18,0,cos,-64,periodic,Equal
18,0,cos,-64,perturbed,NotEqual
18,0,cos,-256,radical,Equal
18,0,cos,-256,periodic,Equal
18,0,cos,-256,perturbed,NotEqual
18,0,tan,-64,radical,Pole
18,0,tan,-64,periodic,Pole
18,0,tan,-64,perturbed,Pole
18,0,tan,-256,radical,Pole
18,0,tan,-256,periodic,Pole
18,0,tan,-256,perturbed,Pole
18,0,cot,-64,radical,Equal
18,0,cot,-64,periodic,Equal
18,0,cot,-64,perturbed,NotEqual
18,0,cot,-256,radical,Equal
18,0,cot,-256,periodic,Equal
18,0,cot,-256,perturbed,NotEqual
18,1,sin,-64,radical,Equal
18,1,sin,-64,periodic,Equal
18,1,sin,-64,perturbed,NotEqual
18,1,sin,-256,radical,Equal
18,1,sin,-256,periodic,Equal
18,1,sin,-256,perturbed,NotEqual
18,1,cos,-64,radical,Equal
18,1,cos,-64,periodic,Equal
18,1,cos,-64,perturbed,NotEqual
18,1,cos,-256,radical,Equal
18,1,cos,-256,periodic,Equal
18,1,cos,-256,perturbed,NotEqual
18,1,tan,-64,radical,Pole
18,1,tan,-64,periodic,Pole
18,1,tan,-64,perturbed,Pole
18,1,tan,-256,radical,Pole
18,1,tan,-256,periodic,Pole
18,1,tan,-256,perturbed,Pole
18,1,cot,-64,radical,Equal
18,1,cot,-64,periodic,Equal
18,1,cot,-64,perturbed,NotEqual
18,1,cot,-256,radical,Equal
18,1,cot,-256,periodic,Equal
18,1,cot,-256,perturbed,NotEqual
18,2,sin,-64,radical,Equal
18,2,sin,-64,periodic,Equal
18,2,sin,-64,perturbed,NotEqual
18,2,sin,-256,radical,Equal
18,2,sin,-256,periodic,Equal
18,2,sin,-256,perturbed,NotEqual
18,2,cos,-64,radical,Equal
18,2,cos,-64,periodic,Equal
18,2,cos,-64,perturbed,NotEqual
18,2,cos,-256,radical,Equal
18,2,cos,-256,periodic,Equal
18,2,cos,-256,perturbed,NotEqual
18,2,tan,-64,radical,Pole
18,2,tan,-64,periodic,Pole
18,2,tan,-64,perturbed,Pole
18,2,tan,-256,radical,Pole
18,2,tan,-256,periodic,Pole
18,2,tan,-256,perturbed,Pole
18,2,cot,-64,radical,Equal
18,2,cot,-64,periodic,Equal
18,2,cot,-64,perturbed,NotEqual
18,2,cot,-256,radical,Equal
18,2,cot,-256,periodic,Equal
18,2,cot,-256,perturbed,NotEqual
19,0,sin,-64,radical,Equal
19,0,sin,-64,periodic,Equal
19,0,sin,-64,perturbed,NotEqual
19,0,sin,-256,radical,Equal
19,0,sin,-256,periodic,Equal
19,0,sin,-256,perturbed,NotEqual
19,0,cos,-64,radical,Equal
19,0,cos,-64,periodic,Equal
19,0,cos,-64,perturbed,NotEqual
19,0,cos,-256,radical,Equal
19,0,cos,-256,periodic,Equal
19,0,cos,-256,perturbed,NotEqual
19,0,tan,-64,radical,Equal
19,0,tan,-64,periodic,Equal
19,0,tan,-64,perturbed,NotEqual
19,0,tan,-256,radical,Equal
19,0,tan,-256,periodic,Equal
19,0,tan,-256,perturbed,NotEqual
19,0,cot,-64,radical,Equal
19,0,cot,-64,periodic,Equal
19,0,cot,-64,perturbed,NotEqual
19,0,cot,-256,radical,Equal
19,0,cot,-256,periodic,Equal
19,0,cot,-256,perturbed,NotEqual
19,1,sin,-64,radical,Equal
19,1,sin,-64,periodic,Equal
19,1,sin,-64,perturbed,NotEqual
19,1,sin,-256,radical,Equal
19,1,sin,-256,periodic,Equal
19,1,sin,-256,perturbed,NotEqual
19,1,cos,-64,radical,Equal
19,1,cos,-64,periodic,Equal
19,1,cos,-64,perturbed,NotEqual
19,1,cos,-256,radical,Equal
19,1,cos,-256,periodic,Equal
19,1,cos,-256,perturbed,NotEqual
19,1,tan,-64,radical,Equal
19,1,tan,-64,periodic,Equal
19,1,tan,-64,perturbed,NotEqual
19,1,tan,-256,radical,Equal
19,1,tan,-256,periodic,Equal
19,1,tan,-256,perturbed,NotEqual
19,1,cot,-64,radical,Equal
19,1,cot,-64,periodic,Equal
19,1,cot,-64,perturbed,NotEqual
19,1,cot,-256,radical,Equal
19,1,cot,-256,periodic,Equal
19,1,cot,-256,perturbed,NotEqual
19,2,sin,-64,radical,Equal
19,2,sin,-64,periodic,Equal
19,2,sin,-64,perturbed,NotEqual
19,2,sin,-256,radical,Equal
19,2,sin,-256,periodic,Equal
19,2,sin,-256,perturbed,NotEqual
19,2,cos,-64,radical,Equal
19,2,cos,-64,periodic,Equal
19,2,cos,-64,perturbed,NotEqual
19,2,cos,-256,radical,Equal
19,2,cos,-256,periodic,Equal
19,2,cos,-256,perturbed,NotEqual
19,2,tan,-64,radical,Equal
19,2,tan,-64,periodic,Equal
19,2,tan,-64,perturbed,NotEqual
19,2,tan,-256,radical,Equal
19,2,tan,-256,periodic,Equal
19,2,tan,-256,perturbed,NotEqual
19,2,cot,-64,radical,Equal
19,2,cot,-64,periodic,Equal
19,2,cot,-64,perturbed,NotEqual
19,2,cot,-256,radical,Equal
19,2,cot,-256,periodic,Equal
19,2,cot,-256,perturbed,NotEqual
20,0,sin,-64,radical,Equal
20,0,sin,-64,periodic,Equal
20,0,sin,-64,perturbed,NotEqual
20,0,sin,-256,radical,Equal
20,0,sin,-256,periodic,Equal
20,0,sin,-256,perturbed,NotEqual
20,0,cos,-64,radical,Equal
20,0,cos,-64,periodic,Equal
20,0,cos,-64,perturbed,NotEqual
20,0,cos,-256,radical,Equal
20,0,cos,-256,periodic,Equal
20,0,cos,-256,perturbed,NotEqual
20,0,tan,-64,radical,Equal
20,0,tan,-64,periodic,Equal
20,0,tan,-64,perturbed,NotEqual
20,0,tan,-256,radical,Equal
20,0,tan,-256,periodic,Equal
20,0,tan,-256,perturbed,NotEqual
20,0,cot,-64,radical,Equal
20,0,cot,-64,periodic,Equal
20,0,cot,-64,perturbed,NotEqual
20,0,cot,-256,radical,Equal
20,0,cot,-256,periodic,Equal
20,0,cot,-256,perturbed,NotEqual
20,1,sin,-64,radical,Equal
20,1,sin,-64,periodic,Equal
20,1,sin,-64,perturbed,NotEqual
20,1,sin,-256,radical,Equal
20,1,sin,-256,periodic,Equal
20,1,sin,-256,perturbed,NotEqual
20,1,cos,-64,radical,Equal
20,1,cos,-64,periodic,Equal
20,1,cos,-64,perturbed,NotEqual
20,1,cos,-256,radical,Equal
20,1,cos,-256,periodic,Equal
20,1,cos,-256,perturbed,NotEqual
20,1,tan,-64,radical,Equal
20,1,tan,-64,periodic,Equal
20,1,tan,-64,perturbed,NotEqual
20,1,tan,-256,radical,Equal
20,1,tan,-256,periodic,Equal
20,1,tan,-256,perturbed,NotEqual
20,1,cot,-64,radical,Equal
20,1,cot,-64,periodic,Equal
20,1,cot,-64,perturbed,NotEqual
20,1,cot,-256,radical,Equal
20,1,cot,-256,periodic,Equal
20,1,cot,-256,perturbed,NotEqual
20,2,sin,-64,radical,Equal
20,2,sin,-64,periodic,Equal
20,2,sin,-64,perturbed,NotEqual
20,2,sin,-256,radical,Equal
20,2,sin,-256,periodic,Equal
20,2,sin,-256,perturbed,NotEqual
20,2,cos,-64,radical,Equal
20,2,cos,-64,periodic,Equal
20,2,cos,-64,perturbed,NotEqual
20,2,cos,-256,radical,Equal
20,2,cos,-256,periodic,Equal
20,2,cos,-256,perturbed,NotEqual
20,2,tan,-64,radical,Equal
20,2,tan,-64,periodic,Equal
20,2,tan,-64,perturbed,NotEqual
20,2,tan,-256,radical,Equal
20,2,tan,-256,periodic,Equal
20,2,tan,-256,perturbed,NotEqual
20,2,cot,-64,radical,Equal
20,2,cot,-64,periodic,Equal
20,2,cot,-64,perturbed,NotEqual
20,2,cot,-256,radical,Equal
20,2,cot,-256,periodic,Equal
20,2,cot,-256,perturbed,NotEqual
21,0,sin,-64,radical,Equal
21,0,sin,-64,periodic,Equal
21,0,sin,-64,perturbed,NotEqual
21,0,sin,-256,radical,Equal
21,0,sin,-256,periodic,Equal
21,0,sin,-256,perturbed,NotEqual
21,0,cos,-64,radical,Equal
21,0,cos,-64,periodic,Equal
21,0,cos,-64,perturbed,NotEqual
21,0,cos,-256,radical,Equal
21,0,cos,-256,periodic,Equal
21,0,cos,-256,perturbed,NotEqual
21,0,tan,-64,radical,Equal
21,0,tan,-64,periodic,Equal
21,0,tan,-64,perturbed,NotEqual
21,0,tan,-256,radical,Equal
21,0,tan,-256,periodic,Equal
21,0,tan,-256,perturbed,NotEqual
21,0,cot,-64,radical,Equal
21,0,cot,-64,periodic,Equal
21,0,cot,-64,perturbed,NotEqual
21,0,cot,-256,radical,Equal
21,0,cot,-256,periodic,Equal
21,0,cot,-256,perturbed,NotEqual
21,1,sin,-64,radical,Equal
21,1,sin,-64,periodic,Equal
21,1,sin,-64,perturbed,NotEqual
21,1,sin,-256,radical,Equal
21,1,sin,-256,periodic,Equal
21,1,sin,-256,perturbed,NotEqual
21,1,cos,-64,radical,Equal
21,1,cos,-64,periodic,Equal
21,1,cos,-64,perturbed,NotEqual
21,1,cos,-256,radical,Equal
21,1,cos,-256,periodic,Equal
21,1,cos,-256,perturbed,NotEqual
21,1,tan,-64,radical,Equal
21,1,tan,-64,periodic,Equal
21,1,tan,-64,perturbed,NotEqual
21,1,tan,-256,radical,Equal
21,1,tan,-256,periodic,Equal
21,1,tan,-256,perturbed,NotEqual
21,1,cot,-64,radical,Equal
21,1,cot,-64,periodic,Equal
21,1,cot,-64,perturbed,NotEqual
21,1,cot,-256,radical,Equal
21,1,cot,-256,periodic,Equal
21,1,cot,-256,perturbed,NotEqual
21,2,sin,-64,radical,Equal
21,2,sin,-64,periodic,Equal
21,2,sin,-64,perturbed,NotEqual
21,2,sin,-256,radical,Equal
21,2,sin,-256,periodic,Equal
21,2,sin,-256,perturbed,NotEqual
21,2,cos,-64,radical,Equal
21,2,cos,-64,periodic,Equal
21,2,cos,-64,perturbed,NotEqual
21,2,cos,-256,radical,Equal
21,2,cos,-256,periodic,Equal
21,2,cos,-256,perturbed,NotEqual
21,2,tan,-64,radical,Equal
21,2,tan,-64,periodic,Equal
21,2,tan,-64,perturbed,NotEqual
21,2,tan,-256,radical,Equal
21,2,tan,-256,periodic,Equal
21,2,tan,-256,perturbed,NotEqual
21,2,cot,-64,radical,Equal
21,2,cot,-64,periodic,Equal
21,2,cot,-64,perturbed,NotEqual
21,2,cot,-256,radical,Equal
21,2,cot,-256,periodic,Equal
21,2,cot,-256,perturbed,NotEqual
22,0,sin,-64,radical,Equal
22,0,sin,-64,periodic,Equal
22,0,sin,-64,perturbed,NotEqual
22,0,sin,-256,radical,Equal
22,0,sin,-256,periodic,Equal
22,0,sin,-256,perturbed,NotEqual
22,0,cos,-64,radical,Equal
22,0,cos,-64,periodic,Equal
22,0,cos,-64,perturbed,NotEqual
22,0,cos,-256,radical,Equal
22,0,cos,-256,periodic,Equal
22,0,cos,-256,perturbed,NotEqual
22,0,tan,-64,radical,Equal
22,0,tan,-64,periodic,Equal
22,0,tan,-64,perturbed,NotEqual
22,0,tan,-256,radical,Equal
22,0,tan,-256,periodic,Equal
22,0,tan,-256,perturbed,NotEqual
22,0,cot,-64,radical,Equal
22,0,cot,-64,periodic,Equal
22,0,cot,-64,perturbed,NotEqual
22,0,cot,-256,radical,Equal
22,0,cot,-256,periodic,Equal
22,0,cot,-256,perturbed,NotEqual
22,1,sin,-64,radical,Equal
22,1,sin,-64,periodic,Equal
22,1,sin,-64,perturbed,NotEqual
22,1,sin,-256,radical,Equal
22,1,sin,-256,periodic,Equal
22,1,sin,-256,perturbed,NotEqual
22,1,cos,-64,radical,Equal
22,1,cos,-64,periodic,Equal
22,1,cos,-64,perturbed,NotEqual
22,1,cos,-256,radical,Equal
22,1,cos,-256,periodic,Equal
22,1,cos,-256,perturbed,NotEqual
22,1,tan,-64,radical,Equal
22,1,tan,-64,periodic,Equal
22,1,tan,-64,perturbed,NotEqual
22,1,tan,-256,radical,Equal
22,1,tan,-256,periodic,Equal
22,1,tan,-256,perturbed,NotEqual
22,1,cot,-64,radical,Equal
22,1,cot,-64,periodic,Equal
22,1,cot,-64,perturbed,NotEqual
22,1,cot,-256,radical,Equal
22,1,cot,-256,periodic,Equal
22,1,cot,-256,perturbed,NotEqual
22,2,sin,-64,radical,Equal
22,2,sin,-64,periodic,Equal
22,2,sin,-64,perturbed,NotEqual
22,2,sin,-256,radical,Equal
22,2,sin,-256,periodic,Equal
22,2,sin,-256,perturbed,NotEqual
22,2,cos,-64,radical,Equal
22,2,cos,-64,periodic,Equal
22,2,cos,-64,perturbed,NotEqual
22,2,cos,-256,radical,Equal
22,2,cos,-256,periodic,Equal
22,2,cos,-256,perturbed,NotEqual
22,2,tan,-64,radical,Equal
22,2,tan,-64,periodic,Equal
22,2,tan,-64,perturbed,NotEqual
22,2,tan,-256,radical,Equal
22,2,tan,-256,periodic,Equal
22,2,tan,-256,perturbed,NotEqual
22,2,cot,-64,radical,Equal
22,2,cot,-64,periodic,Equal
22,2,cot,-64,perturbed,NotEqual
22,2,cot,-256,radical,Equal
22,2,cot,-256,periodic,Equal
22,2,cot,-256,perturbed,NotEqual
23,0,sin,-64,radical,Equal
23,0,sin,-64,periodic,Equal
23,0,sin,-64,perturbed,NotEqual
23,0,sin,-256,radical,Equal
23,0,sin,-256,periodic,Equal
23,0,sin,-256,perturbed,NotEqual
23,0,cos,-64,radical,Equal
23,0,cos,-64,periodic,Equal
23,0,cos,-64,perturbed,NotEqual
23,0,cos,-256,radical,Equal
23,0,cos,-256,periodic,Equal
23,0,cos,-256,perturbed,NotEqual
23,0,tan,-64,radical,Equal
23,0,tan,-64,periodic,Equal
23,0,tan,-64,perturbed,NotEqual
23,0,tan,-256,radical,Equal
23,0,tan,-256,periodic,Equal
23,0,tan,-256,perturbed,NotEqual
23,0,cot,-64,radical,Equal
23,0,cot,-64,periodic,Equal
23,0,cot,-64,perturbed,NotEqual
23,0,cot,-256,radical,Equal
23,0,cot,-256,periodic,Equal
23,0,cot,-256,perturbed,NotEqual
23,1,sin,-64,radical,Equal
23,1,sin,-64,periodic,Equal
23,1,sin,-64,perturbed,NotEqual
23,1,sin,-256,radical,Equal
23,1,sin,-256,periodic,Equal
23,1,sin,-256,perturbed,NotEqual
23,1,cos,-64,radical,Equal
23,1,cos,-64,periodic,Equal
23,1,cos,-64,perturbed,NotEqual
23,1,cos,-256,radical,Equal
23,1,cos,-256,periodic,Equal
23,1,cos,-256,perturbed,NotEqual
23,1,tan,-64,radical,Equal
23,1,tan,-64,periodic,Equal
23,1,tan,-64,perturbed,NotEqual
23,1,tan,-256,radical,Equal
23,1,tan,-256,periodic,Equal
23,1,tan,-256,perturbed,NotEqual
23,1,cot,-64,radical,Equal
23,1,cot,-64,periodic,Equal
23,1,cot,-64,perturbed,NotEqual
23,1,cot,-256,radical,Equal
23,1,cot,-256,periodic,Equal
23,1,cot,-256,perturbed,NotEqual
23,2,sin,-64,radical,Equal
23,2,sin,-64,periodic,Equal
23,2,sin,-64,perturbed,NotEqual
23,2,sin,-256,radical,Equal
23,2,sin,-256,periodic,Equal
23,2,sin,-256,perturbed,NotEqual
23,2,cos,-64,radical,Equal
23,2,cos,-64,periodic,Equal
23,2,cos,-64,perturbed,NotEqual
23,2,cos,-256,radical,Equal
23,2,cos,-256,periodic,Equal
23,2,cos,-256,perturbed,NotEqual
23,2,tan,-64,radical,Equal
23,2,tan,-64,periodic,Equal
23,2,tan,-64,perturbed,NotEqual
23,2,tan,-256,radical,Equal
23,2,tan,-256,periodic,Equal
23,2,tan,-256,perturbed,NotEqual
23,2,cot,-64,radical,Equal
23,2,cot,-64,periodic,Equal
23,2,cot,-64,perturbed,NotEqual
23,2,cot,-256,radical,Equal
23,2,cot,-256,periodic,Equal
23,2,cot,-256,perturbed,NotEqual
