kind,length,mode,correct
0,0,separate,1
0,0,public-in-place,1
0,0,raw-in-place,1
0,1,separate,1
0,1,public-in-place,1
0,1,raw-in-place,1
0,2,separate,1
0,2,public-in-place,1
0,2,raw-in-place,1
0,5,separate,1
0,5,public-in-place,1
0,5,raw-in-place,1
0,16,separate,1
0,16,public-in-place,1
0,16,raw-in-place,1
1,0,separate,1
1,0,public-in-place,1
1,0,raw-in-place,1
1,1,separate,1
1,1,public-in-place,0
1,1,raw-in-place,1
1,2,separate,1
1,2,public-in-place,0
1,2,raw-in-place,1
1,5,separate,1
1,5,public-in-place,0
1,5,raw-in-place,1
1,16,separate,1
1,16,public-in-place,0
1,16,raw-in-place,1
2,0,separate,1
2,0,public-in-place,1
2,0,raw-in-place,1
2,1,separate,1
2,1,public-in-place,0
2,1,raw-in-place,1
2,2,separate,1
2,2,public-in-place,0
2,2,raw-in-place,1
2,5,separate,1
2,5,public-in-place,0
2,5,raw-in-place,1
2,16,separate,1
2,16,public-in-place,0
2,16,raw-in-place,1
3,0,separate,1
3,0,public-in-place,1
3,0,raw-in-place,1
3,1,separate,1
3,1,public-in-place,0
3,1,raw-in-place,1
3,2,separate,1
3,2,public-in-place,0
3,2,raw-in-place,1
3,5,separate,1
3,5,public-in-place,0
3,5,raw-in-place,1
3,16,separate,1
3,16,public-in-place,0
3,16,raw-in-place,1
4,0,separate,1
4,0,public-in-place,1
4,0,raw-in-place,1
4,1,separate,1
4,1,public-in-place,0
4,1,raw-in-place,1
4,2,separate,1
4,2,public-in-place,0
4,2,raw-in-place,1
4,5,separate,1
4,5,public-in-place,0
4,5,raw-in-place,1
4,16,separate,1
4,16,public-in-place,0
4,16,raw-in-place,1
5,0,separate,1
5,0,public-in-place,1
5,0,raw-in-place,1
5,1,separate,1
5,1,public-in-place,0
5,1,raw-in-place,1
5,2,separate,1
5,2,public-in-place,0
5,2,raw-in-place,1
5,5,separate,1
5,5,public-in-place,0
5,5,raw-in-place,1
5,16,separate,1
5,16,public-in-place,0
5,16,raw-in-place,1
6,0,separate,1
6,0,public-in-place,1
6,0,raw-in-place,1
6,1,separate,1
6,1,public-in-place,0
6,1,raw-in-place,1
6,2,separate,1
6,2,public-in-place,0
6,2,raw-in-place,1
6,5,separate,1
6,5,public-in-place,0
6,5,raw-in-place,1
6,16,separate,1
6,16,public-in-place,0
6,16,raw-in-place,1
{"suite":"vector-state","negation_cases":105,"negation_failed":24,"zero_cases":27,"zero_failed":0}
