   Compiling hypersolve v0.3.1 (/home/tim/Documents/GitHub/workspace/exactcore-hyper-comparison/audits/continuation/calcium/zero-factor-candidate-v70/hypersolve)
   Compiling hypercurve v0.3.1 (/home/tim/Documents/GitHub/workspace/exactcore-hyper-comparison/audits/continuation/calcium/zero-factor-consumer-v74/hypercurve)
    Finished `release` profile [optimized] target(s) in 3m 29s
     Running unittests src/lib.rs (/tmp/calcium-consumer-builds.X7kU2Y/calcium-reuse/release/deps/hypercurve-29ba27d6c77190c3)
     Running tests/exact_structural_facts.rs (/tmp/calcium-consumer-builds.X7kU2Y/calcium-reuse/release/deps/exact_structural_facts-73ccff6ea9a4436a)
     Running tests/hypercurve_adversarial_polygons.rs (/tmp/calcium-consumer-builds.X7kU2Y/calcium-reuse/release/deps/hypercurve_adversarial_polygons-31a502d06f69c59d)
     Running tests/hypercurve_analytic_parallel_region.rs (/tmp/calcium-consumer-builds.X7kU2Y/calcium-reuse/release/deps/hypercurve_analytic_parallel_region-029834a5ca5de371)
     Running tests/hypercurve_arc_bezier.rs (/tmp/calcium-consumer-builds.X7kU2Y/calcium-reuse/release/deps/hypercurve_arc_bezier-ffd92677f6b7450c)
     Running tests/hypercurve_bbox.rs (/tmp/calcium-consumer-builds.X7kU2Y/calcium-reuse/release/deps/hypercurve_bbox-1143b9e6a22ce699)
     Running tests/hypercurve_bezier_algebraic_image.rs (/tmp/calcium-consumer-builds.X7kU2Y/calcium-reuse/release/deps/hypercurve_bezier_algebraic_image-306ede6eb103c3fa)
     Running tests/hypercurve_bezier_algebraic_parameter.rs (/tmp/calcium-consumer-builds.X7kU2Y/calcium-reuse/release/deps/hypercurve_bezier_algebraic_parameter-9036386d7c73a64d)
     Running tests/hypercurve_bezier_arrangement.rs (/tmp/calcium-consumer-builds.X7kU2Y/calcium-reuse/release/deps/hypercurve_bezier_arrangement-2404fd888fc5aa17)
     Running tests/hypercurve_bezier_evaluation.rs (/tmp/calcium-consumer-builds.X7kU2Y/calcium-reuse/release/deps/hypercurve_bezier_evaluation-41217ae60801a8d3)
     Running tests/hypercurve_bezier_fit_offset.rs (/tmp/calcium-consumer-builds.X7kU2Y/calcium-reuse/release/deps/hypercurve_bezier_fit_offset-4b55f7911c20a232)
     Running tests/hypercurve_bezier_region.rs (/tmp/calcium-consumer-builds.X7kU2Y/calcium-reuse/release/deps/hypercurve_bezier_region-cf0f6f34092f7cc3)
     Running tests/hypercurve_bezier_split_materialization.rs (/tmp/calcium-consumer-builds.X7kU2Y/calcium-reuse/release/deps/hypercurve_bezier_split_materialization-54275f601d6d12a8)
     Running tests/hypercurve_bezier_tangent_order.rs (/tmp/calcium-consumer-builds.X7kU2Y/calcium-reuse/release/deps/hypercurve_bezier_tangent_order-14733ca6706dd05b)
     Running tests/hypercurve_bspline.rs (/tmp/calcium-consumer-builds.X7kU2Y/calcium-reuse/release/deps/hypercurve_bspline-74a5ba1b3942bbb2)
     Running tests/hypercurve_circle_predicates.rs (/tmp/calcium-consumer-builds.X7kU2Y/calcium-reuse/release/deps/hypercurve_circle_predicates-347f9fb57e53424c)
     Running tests/hypercurve_contour.rs (/tmp/calcium-consumer-builds.X7kU2Y/calcium-reuse/release/deps/hypercurve_contour-4f0a16687ab5f12d)
     Running tests/hypercurve_curve.rs (/tmp/calcium-consumer-builds.X7kU2Y/calcium-reuse/release/deps/hypercurve_curve-76188c3ef2e20b84)
     Running tests/hypercurve_curve_intersection.rs (/tmp/calcium-consumer-builds.X7kU2Y/calcium-reuse/release/deps/hypercurve_curve_intersection-555c2a8cdec7b637)
     Running tests/hypercurve_curve_region_boolean.rs (/tmp/calcium-consumer-builds.X7kU2Y/calcium-reuse/release/deps/hypercurve_curve_region_boolean-61be20770456617d)
     Running tests/hypercurve_curve_region_boolean_fuzz.rs (/tmp/calcium-consumer-builds.X7kU2Y/calcium-reuse/release/deps/hypercurve_curve_region_boolean_fuzz-5607bb264c1b9ead)
     Running tests/hypercurve_curve_region_promotion.rs (/tmp/calcium-consumer-builds.X7kU2Y/calcium-reuse/release/deps/hypercurve_curve_region_promotion-37345f7a32bf989d)
     Running tests/hypercurve_curve_region_stroke.rs (/tmp/calcium-consumer-builds.X7kU2Y/calcium-reuse/release/deps/hypercurve_curve_region_stroke-de95f92ccb691789)
     Running tests/hypercurve_curve_string.rs (/tmp/calcium-consumer-builds.X7kU2Y/calcium-reuse/release/deps/hypercurve_curve_string-a49a6b484c172680)
     Running tests/hypercurve_derivative_completeness.rs (/tmp/calcium-consumer-builds.X7kU2Y/calcium-reuse/release/deps/hypercurve_derivative_completeness-a15ceea2311a327f)
     Running tests/hypercurve_dispatch_trace.rs (/tmp/calcium-consumer-builds.X7kU2Y/calcium-reuse/release/deps/hypercurve_dispatch_trace-a195613871937e68)
     Running tests/hypercurve_events.rs (/tmp/calcium-consumer-builds.X7kU2Y/calcium-reuse/release/deps/hypercurve_events-3edec132f5cbf267)
     Running tests/hypercurve_fragments.rs (/tmp/calcium-consumer-builds.X7kU2Y/calcium-reuse/release/deps/hypercurve_fragments-175ffb3f3b83f484)
     Running tests/hypercurve_fuzz_regressions.rs (/tmp/calcium-consumer-builds.X7kU2Y/calcium-reuse/release/deps/hypercurve_fuzz_regressions-dcb79ab1e7da9644)
     Running tests/hypercurve_geo_regressions.rs (/tmp/calcium-consumer-builds.X7kU2Y/calcium-reuse/release/deps/hypercurve_geo_regressions-751ab9ec60bf79be)
     Running tests/hypercurve_nurbs.rs (/tmp/calcium-consumer-builds.X7kU2Y/calcium-reuse/release/deps/hypercurve_nurbs-c50681b330b6ed8c)
     Running tests/hypercurve_nurbs_interpolation.rs (/tmp/calcium-consumer-builds.X7kU2Y/calcium-reuse/release/deps/hypercurve_nurbs_interpolation-4811a9982dd9093c)
     Running tests/hypercurve_offset.rs (/tmp/calcium-consumer-builds.X7kU2Y/calcium-reuse/release/deps/hypercurve_offset-029fdb059bcb7ea6)
     Running tests/hypercurve_pcb_boolean_regressions.rs (/tmp/calcium-consumer-builds.X7kU2Y/calcium-reuse/release/deps/hypercurve_pcb_boolean_regressions-7653d7ddc900cc15)
     Running tests/hypercurve_polynomial_spline.rs (/tmp/calcium-consumer-builds.X7kU2Y/calcium-reuse/release/deps/hypercurve_polynomial_spline-3b15bb2e45bdadd3)
     Running tests/hypercurve_pr59_shape_regressions.rs (/tmp/calcium-consumer-builds.X7kU2Y/calcium-reuse/release/deps/hypercurve_pr59_shape_regressions-61cda13e57d15db9)
     Running tests/hypercurve_rational_bezier.rs (/tmp/calcium-consumer-builds.X7kU2Y/calcium-reuse/release/deps/hypercurve_rational_bezier-342c87fb9ad30184)
     Running tests/hypercurve_reconstruct.rs (/tmp/calcium-consumer-builds.X7kU2Y/calcium-reuse/release/deps/hypercurve_reconstruct-9dec4b65fe948929)
     Running tests/hypercurve_self_contacts.rs (/tmp/calcium-consumer-builds.X7kU2Y/calcium-reuse/release/deps/hypercurve_self_contacts-76e4b5cb39c29776)
     Running tests/hypercurve_split.rs (/tmp/calcium-consumer-builds.X7kU2Y/calcium-reuse/release/deps/hypercurve_split-13ad60b51a478164)
     Running tests/hypercurve_svg.rs (/tmp/calcium-consumer-builds.X7kU2Y/calcium-reuse/release/deps/hypercurve_svg-28335675ca83f2d7)
     Running tests/hypercurve_triangulation.rs (/tmp/calcium-consumer-builds.X7kU2Y/calcium-reuse/release/deps/hypercurve_triangulation-49304b2e70270599)
     Running tests/line_constant_coordinates.rs (/tmp/calcium-consumer-builds.X7kU2Y/calcium-reuse/release/deps/line_constant_coordinates-1f09ca9ee9c2137b)
     Running tests/pathological_benchmark_fixture.rs (/tmp/calcium-consumer-builds.X7kU2Y/calcium-reuse/release/deps/pathological_benchmark_fixture-b11e0cb7493b22b0)
     Running tests/readme.rs (/tmp/calcium-consumer-builds.X7kU2Y/calcium-reuse/release/deps/readme-13ff5b8338d559a0)
   Doc-tests hypercurve
