node:internal/child_process:1120
    result.error = new ErrnoException(result.error, 'spawnSync ' + options.file);
                   ^

<ref *1> Error: spawnSync rustc EPERM
    at Object.spawnSync (node:internal/child_process:1120:20)
    at spawnSync (node:child_process:902:24)
    at execFileSync (node:child_process:945:15)
    at file:///home/tim/Documents/GitHub/workspace/exactcore-hyper-comparison/audits/continuation/calcium/point-qualified-environment.mjs:10:64
    at Array.map (<anonymous>)
    at file:///home/tim/Documents/GitHub/workspace/exactcore-hyper-comparison/audits/continuation/calcium/point-qualified-environment.mjs:10:20
    at ModuleJob.run (node:internal/modules/esm/module_job:343:25)
    at async onImport.tracePromise.__proto__ (node:internal/modules/esm/loader:665:26)
    at async asyncRunEntryPointWithESMLoader (node:internal/modules/run_main:117:5) {
  errno: -1,
  code: 'EPERM',
  syscall: 'spawnSync rustc',
  path: 'rustc',
  spawnargs: [ '-vV' ],
  error: [Circular *1],
  status: 0,
  signal: null,
  output: [
    null,
    'rustc 1.97.0 (2d8144b78 2026-07-07)\n' +
      'binary: rustc\n' +
      'commit-hash: 2d8144b7880597b6e6d3dfd63a9a9efae3f533d3\n' +
      'commit-date: 2026-07-07\n' +
      'host: x86_64-unknown-linux-gnu\n' +
      'release: 1.97.0\n' +
      'LLVM version: 22.1.6\n',
    ''
  ],
  pid: 71,
  stdout: 'rustc 1.97.0 (2d8144b78 2026-07-07)\n' +
    'binary: rustc\n' +
    'commit-hash: 2d8144b7880597b6e6d3dfd63a9a9efae3f533d3\n' +
    'commit-date: 2026-07-07\n' +
    'host: x86_64-unknown-linux-gnu\n' +
    'release: 1.97.0\n' +
    'LLVM version: 22.1.6\n',
  stderr: ''
}

Node.js v22.22.2
