
Data/Multinomial.hs:1:17: warning: [-Wdeprecated-flags]
    -fglasgow-exts is deprecated: Use individual extensions instead
  |
1 | {-# OPTIONS_GHC -fglasgow-exts #-}
  |                 ^^^^^^^^^^^^^^

Data/Interval.hs:1:17: warning: [-Wdeprecated-flags]
    -fglasgow-exts is deprecated: Use individual extensions instead
  |
1 | {-# OPTIONS_GHC -fglasgow-exts #-}
  |                 ^^^^^^^^^^^^^^

Data/Real/CReal.hs:1:17: warning: [-Wdeprecated-flags]
    -fglasgow-exts is deprecated: Use individual extensions instead
  |
1 | {-# OPTIONS_GHC -fglasgow-exts #-}
  |                 ^^^^^^^^^^^^^^

Data/Real/Complete.hs:1:17: warning: [-Wdeprecated-flags]
    -fglasgow-exts is deprecated: Use individual extensions instead
  |
1 | {-# OPTIONS_GHC -fglasgow-exts #-}
  |                 ^^^^^^^^^^^^^^
[1 of 8] Compiling Combinatorics    ( Combinatorics.hs, nothing )
[2 of 8] Compiling Data.Interval    ( Data/Interval.hs, nothing )
[3 of 8] Compiling Data.Multinomial ( Data/Multinomial.hs, nothing )
[4 of 8] Compiling Data.Real.Complete ( Data/Real/Complete.hs, nothing )
[5 of 8] Compiling Data.Real.Gauge  ( Data/Real/Gauge.hs, nothing )
[6 of 8] Compiling Data.Real.Base   ( Data/Real/Base.hs, nothing )
[7 of 8] Compiling Data.Real.CReal  ( Data/Real/CReal.hs, nothing )
[8 of 8] Compiling Data.Real.ICReal ( Data/Real/ICReal.hs, nothing )
