START	berlekamp/7/17/0/0
RESULT	berlekamp/7/17/0/0	UNRESOLVED	IterationLimit	[0]
START	berlekamp/7/17/0/1
RESULT	berlekamp/7/17/0/1	UNRESOLVED	IterationLimit	[]
START	berlekamp/7/17/0/2
RESULT	berlekamp/7/17/0/2	UNRESOLVED	IterationLimit	[]
START	berlekamp/7/17/0/3
RESULT	berlekamp/7/17/0/3	PASS	5	[2,5]
START	berlekamp/7/17/0/4
RESULT	berlekamp/7/17/0/4	UNRESOLVED	IterationLimit	[]
START	berlekamp/7/17/0/5
RESULT	berlekamp/7/17/0/5	PASS	3	[3,4]
START	berlekamp/7/17/0/6
RESULT	berlekamp/7/17/0/6	PASS	1	[1,6]
START	berlekamp/7/17/1/0
RESULT	berlekamp/7/17/1/0	PASS	0	[0,6]
START	berlekamp/7/17/1/1
RESULT	berlekamp/7/17/1/1	PASS	4	[2,4]
START	berlekamp/7/17/1/2
RESULT	berlekamp/7/17/1/2	PASS	3	[3]
START	berlekamp/7/17/1/3
RESULT	berlekamp/7/17/1/3	UNRESOLVED	IterationLimit	[]
START	berlekamp/7/17/1/4
RESULT	berlekamp/7/17/1/4	UNRESOLVED	IterationLimit	[]
START	berlekamp/7/17/1/5
RESULT	berlekamp/7/17/1/5	PASS	1	[1,5]
START	berlekamp/7/17/1/6
RESULT	berlekamp/7/17/1/6	UNRESOLVED	IterationLimit	[]
START	berlekamp/7/17/2/0
RESULT	berlekamp/7/17/2/0	PASS	5	[0,5]
START	berlekamp/7/17/2/1
RESULT	berlekamp/7/17/2/1	PASS	6	[6]
START	berlekamp/7/17/2/2
RESULT	berlekamp/7/17/2/2	UNRESOLVED	IterationLimit	[]
START	berlekamp/7/17/2/3
RESULT	berlekamp/7/17/2/3	UNRESOLVED	IterationLimit	[]
START	berlekamp/7/17/2/4
RESULT	berlekamp/7/17/2/4	PASS	1	[1,4]
START	berlekamp/7/17/2/5
RESULT	berlekamp/7/17/2/5	UNRESOLVED	IterationLimit	[]
START	berlekamp/7/17/2/6
RESULT	berlekamp/7/17/2/6	PASS	2	[2,3]
START	berlekamp/7/17/3/0
RESULT	berlekamp/7/17/3/0	PASS	0	[0,4]
START	berlekamp/7/17/3/1
RESULT	berlekamp/7/17/3/1	UNRESOLVED	IterationLimit	[]
START	berlekamp/7/17/3/2
RESULT	berlekamp/7/17/3/2	PASS	5	[5,6]
START	berlekamp/7/17/3/3
RESULT	berlekamp/7/17/3/3	PASS	1	[1,3]
START	berlekamp/7/17/3/4
RESULT	berlekamp/7/17/3/4	PASS	2	[2]
START	berlekamp/7/17/3/5
RESULT	berlekamp/7/17/3/5	UNRESOLVED	IterationLimit	[]
START	berlekamp/7/17/3/6
RESULT	berlekamp/7/17/3/6	UNRESOLVED	IterationLimit	[]
START	berlekamp/7/17/4/0
RESULT	berlekamp/7/17/4/0	PASS	3	[0,3]
START	berlekamp/7/17/4/1
RESULT	berlekamp/7/17/4/1	UNRESOLVED	IterationLimit	[]
START	berlekamp/7/17/4/2
RESULT	berlekamp/7/17/4/2	PASS	1	[1,2]
START	berlekamp/7/17/4/3
RESULT	berlekamp/7/17/4/3	PASS	6	[4,6]
START	berlekamp/7/17/4/4
RESULT	berlekamp/7/17/4/4	PASS	5	[5]
START	berlekamp/7/17/4/5
RESULT	berlekamp/7/17/4/5	UNRESOLVED	IterationLimit	[]
START	berlekamp/7/17/4/6
RESULT	berlekamp/7/17/4/6	UNRESOLVED	IterationLimit	[]
START	berlekamp/7/17/5/0
RESULT	berlekamp/7/17/5/0	PASS	0	[0,2]
START	berlekamp/7/17/5/1
RESULT	berlekamp/7/17/5/1	PASS	1	[1]
START	berlekamp/7/17/5/2
RESULT	berlekamp/7/17/5/2	UNRESOLVED	IterationLimit	[]
START	berlekamp/7/17/5/3
RESULT	berlekamp/7/17/5/3	UNRESOLVED	IterationLimit	[]
START	berlekamp/7/17/5/4
RESULT	berlekamp/7/17/5/4	PASS	3	[3,6]
START	berlekamp/7/17/5/5
RESULT	berlekamp/7/17/5/5	UNRESOLVED	IterationLimit	[]
START	berlekamp/7/17/5/6
RESULT	berlekamp/7/17/5/6	PASS	4	[4,5]
START	berlekamp/7/17/6/0
RESULT	berlekamp/7/17/6/0	PASS	1	[0,1]
START	berlekamp/7/17/6/1
RESULT	berlekamp/7/17/6/1	PASS	5	[3,5]
START	berlekamp/7/17/6/2
RESULT	berlekamp/7/17/6/2	PASS	4	[4]
START	berlekamp/7/17/6/3
RESULT	berlekamp/7/17/6/3	UNRESOLVED	IterationLimit	[]
START	berlekamp/7/17/6/4
RESULT	berlekamp/7/17/6/4	UNRESOLVED	IterationLimit	[]
START	berlekamp/7/17/6/5
RESULT	berlekamp/7/17/6/5	PASS	6	[2,6]
START	berlekamp/7/17/6/6
RESULT	berlekamp/7/17/6/6	UNRESOLVED	IterationLimit	[]
START	berlekamp/7/42/0/0
RESULT	berlekamp/7/42/0/0	UNRESOLVED	IterationLimit	[0]
START	berlekamp/7/42/0/1
RESULT	berlekamp/7/42/0/1	UNRESOLVED	IterationLimit	[]
START	berlekamp/7/42/0/2
RESULT	berlekamp/7/42/0/2	UNRESOLVED	IterationLimit	[]
START	berlekamp/7/42/0/3
RESULT	berlekamp/7/42/0/3	PASS	2	[2,5]
START	berlekamp/7/42/0/4
RESULT	berlekamp/7/42/0/4	UNRESOLVED	IterationLimit	[]
START	berlekamp/7/42/0/5
RESULT	berlekamp/7/42/0/5	PASS	3	[3,4]
START	berlekamp/7/42/0/6
RESULT	berlekamp/7/42/0/6	PASS	1	[1,6]
START	berlekamp/7/42/1/0
RESULT	berlekamp/7/42/1/0	PASS	0	[0,6]
START	berlekamp/7/42/1/1
RESULT	berlekamp/7/42/1/1	PASS	4	[2,4]
START	berlekamp/7/42/1/2
RESULT	berlekamp/7/42/1/2	PASS	3	[3]
START	berlekamp/7/42/1/3
RESULT	berlekamp/7/42/1/3	UNRESOLVED	IterationLimit	[]
START	berlekamp/7/42/1/4
RESULT	berlekamp/7/42/1/4	UNRESOLVED	IterationLimit	[]
START	berlekamp/7/42/1/5
RESULT	berlekamp/7/42/1/5	PASS	5	[1,5]
START	berlekamp/7/42/1/6
RESULT	berlekamp/7/42/1/6	UNRESOLVED	IterationLimit	[]
START	berlekamp/7/42/2/0
RESULT	berlekamp/7/42/2/0	PASS	5	[0,5]
START	berlekamp/7/42/2/1
RESULT	berlekamp/7/42/2/1	PASS	6	[6]
START	berlekamp/7/42/2/2
RESULT	berlekamp/7/42/2/2	UNRESOLVED	IterationLimit	[]
START	berlekamp/7/42/2/3
RESULT	berlekamp/7/42/2/3	UNRESOLVED	IterationLimit	[]
START	berlekamp/7/42/2/4
RESULT	berlekamp/7/42/2/4	PASS	4	[1,4]
START	berlekamp/7/42/2/5
RESULT	berlekamp/7/42/2/5	UNRESOLVED	IterationLimit	[]
START	berlekamp/7/42/2/6
RESULT	berlekamp/7/42/2/6	PASS	3	[2,3]
START	berlekamp/7/42/3/0
RESULT	berlekamp/7/42/3/0	PASS	0	[0,4]
START	berlekamp/7/42/3/1
RESULT	berlekamp/7/42/3/1	UNRESOLVED	IterationLimit	[]
START	berlekamp/7/42/3/2
RESULT	berlekamp/7/42/3/2	PASS	6	[5,6]
START	berlekamp/7/42/3/3
RESULT	berlekamp/7/42/3/3	PASS	3	[1,3]
START	berlekamp/7/42/3/4
RESULT	berlekamp/7/42/3/4	PASS	2	[2]
START	berlekamp/7/42/3/5
RESULT	berlekamp/7/42/3/5	UNRESOLVED	IterationLimit	[]
START	berlekamp/7/42/3/6
RESULT	berlekamp/7/42/3/6	UNRESOLVED	IterationLimit	[]
START	berlekamp/7/42/4/0
RESULT	berlekamp/7/42/4/0	PASS	3	[0,3]
START	berlekamp/7/42/4/1
RESULT	berlekamp/7/42/4/1	UNRESOLVED	IterationLimit	[]
START	berlekamp/7/42/4/2
RESULT	berlekamp/7/42/4/2	PASS	1	[1,2]
START	berlekamp/7/42/4/3
RESULT	berlekamp/7/42/4/3	PASS	4	[4,6]
START	berlekamp/7/42/4/4
RESULT	berlekamp/7/42/4/4	PASS	5	[5]
START	berlekamp/7/42/4/5
RESULT	berlekamp/7/42/4/5	UNRESOLVED	IterationLimit	[]
START	berlekamp/7/42/4/6
RESULT	berlekamp/7/42/4/6	UNRESOLVED	IterationLimit	[]
START	berlekamp/7/42/5/0
RESULT	berlekamp/7/42/5/0	PASS	2	[0,2]
START	berlekamp/7/42/5/1
RESULT	berlekamp/7/42/5/1	PASS	1	[1]
START	berlekamp/7/42/5/2
RESULT	berlekamp/7/42/5/2	UNRESOLVED	IterationLimit	[]
START	berlekamp/7/42/5/3
RESULT	berlekamp/7/42/5/3	UNRESOLVED	IterationLimit	[]
START	berlekamp/7/42/5/4
RESULT	berlekamp/7/42/5/4	PASS	3	[3,6]
START	berlekamp/7/42/5/5
RESULT	berlekamp/7/42/5/5	UNRESOLVED	IterationLimit	[]
START	berlekamp/7/42/5/6
RESULT	berlekamp/7/42/5/6	PASS	4	[4,5]
START	berlekamp/7/42/6/0
RESULT	berlekamp/7/42/6/0	PASS	1	[0,1]
START	berlekamp/7/42/6/1
RESULT	berlekamp/7/42/6/1	PASS	3	[3,5]
START	berlekamp/7/42/6/2
RESULT	berlekamp/7/42/6/2	PASS	4	[4]
START	berlekamp/7/42/6/3
RESULT	berlekamp/7/42/6/3	UNRESOLVED	IterationLimit	[]
START	berlekamp/7/42/6/4
RESULT	berlekamp/7/42/6/4	UNRESOLVED	IterationLimit	[]
START	berlekamp/7/42/6/5
RESULT	berlekamp/7/42/6/5	PASS	6	[2,6]
START	berlekamp/7/42/6/6
RESULT	berlekamp/7/42/6/6	UNRESOLVED	IterationLimit	[]
START	berlekamp/7/149/0/0
RESULT	berlekamp/7/149/0/0	UNRESOLVED	IterationLimit	[0]
START	berlekamp/7/149/0/1
RESULT	berlekamp/7/149/0/1	UNRESOLVED	IterationLimit	[]
START	berlekamp/7/149/0/2
RESULT	berlekamp/7/149/0/2	UNRESOLVED	IterationLimit	[]
START	berlekamp/7/149/0/3
RESULT	berlekamp/7/149/0/3	PASS	5	[2,5]
START	berlekamp/7/149/0/4
RESULT	berlekamp/7/149/0/4	UNRESOLVED	IterationLimit	[]
START	berlekamp/7/149/0/5
RESULT	berlekamp/7/149/0/5	PASS	4	[3,4]
START	berlekamp/7/149/0/6
RESULT	berlekamp/7/149/0/6	PASS	1	[1,6]
START	berlekamp/7/149/1/0
RESULT	berlekamp/7/149/1/0	PASS	6	[0,6]
START	berlekamp/7/149/1/1
RESULT	berlekamp/7/149/1/1	PASS	2	[2,4]
START	berlekamp/7/149/1/2
RESULT	berlekamp/7/149/1/2	PASS	3	[3]
START	berlekamp/7/149/1/3
RESULT	berlekamp/7/149/1/3	UNRESOLVED	IterationLimit	[]
START	berlekamp/7/149/1/4
RESULT	berlekamp/7/149/1/4	UNRESOLVED	IterationLimit	[]
START	berlekamp/7/149/1/5
RESULT	berlekamp/7/149/1/5	PASS	5	[1,5]
START	berlekamp/7/149/1/6
RESULT	berlekamp/7/149/1/6	UNRESOLVED	IterationLimit	[]
START	berlekamp/7/149/2/0
RESULT	berlekamp/7/149/2/0	PASS	5	[0,5]
START	berlekamp/7/149/2/1
RESULT	berlekamp/7/149/2/1	PASS	6	[6]
START	berlekamp/7/149/2/2
RESULT	berlekamp/7/149/2/2	UNRESOLVED	IterationLimit	[]
START	berlekamp/7/149/2/3
RESULT	berlekamp/7/149/2/3	UNRESOLVED	IterationLimit	[]
START	berlekamp/7/149/2/4
RESULT	berlekamp/7/149/2/4	UNRESOLVED	IterationLimit	[1,4]
START	berlekamp/7/149/2/5
RESULT	berlekamp/7/149/2/5	UNRESOLVED	IterationLimit	[]
START	berlekamp/7/149/2/6
RESULT	berlekamp/7/149/2/6	PASS	2	[2,3]
START	berlekamp/7/149/3/0
RESULT	berlekamp/7/149/3/0	PASS	4	[0,4]
START	berlekamp/7/149/3/1
RESULT	berlekamp/7/149/3/1	UNRESOLVED	IterationLimit	[]
START	berlekamp/7/149/3/2
RESULT	berlekamp/7/149/3/2	PASS	5	[5,6]
START	berlekamp/7/149/3/3
RESULT	berlekamp/7/149/3/3	PASS	3	[1,3]
START	berlekamp/7/149/3/4
RESULT	berlekamp/7/149/3/4	PASS	2	[2]
START	berlekamp/7/149/3/5
RESULT	berlekamp/7/149/3/5	UNRESOLVED	IterationLimit	[]
START	berlekamp/7/149/3/6
RESULT	berlekamp/7/149/3/6	UNRESOLVED	IterationLimit	[]
START	berlekamp/7/149/4/0
RESULT	berlekamp/7/149/4/0	PASS	3	[0,3]
START	berlekamp/7/149/4/1
RESULT	berlekamp/7/149/4/1	UNRESOLVED	IterationLimit	[]
START	berlekamp/7/149/4/2
RESULT	berlekamp/7/149/4/2	PASS	2	[1,2]
START	berlekamp/7/149/4/3
RESULT	berlekamp/7/149/4/3	PASS	6	[4,6]
START	berlekamp/7/149/4/4
RESULT	berlekamp/7/149/4/4	PASS	5	[5]
START	berlekamp/7/149/4/5
RESULT	berlekamp/7/149/4/5	UNRESOLVED	IterationLimit	[]
START	berlekamp/7/149/4/6
RESULT	berlekamp/7/149/4/6	UNRESOLVED	IterationLimit	[]
START	berlekamp/7/149/5/0
RESULT	berlekamp/7/149/5/0	PASS	0	[0,2]
START	berlekamp/7/149/5/1
RESULT	berlekamp/7/149/5/1	UNRESOLVED	IterationLimit	[1]
START	berlekamp/7/149/5/2
RESULT	berlekamp/7/149/5/2	UNRESOLVED	IterationLimit	[]
START	berlekamp/7/149/5/3
RESULT	berlekamp/7/149/5/3	UNRESOLVED	IterationLimit	[]
START	berlekamp/7/149/5/4
RESULT	berlekamp/7/149/5/4	PASS	6	[3,6]
START	berlekamp/7/149/5/5
RESULT	berlekamp/7/149/5/5	UNRESOLVED	IterationLimit	[]
START	berlekamp/7/149/5/6
RESULT	berlekamp/7/149/5/6	PASS	5	[4,5]
START	berlekamp/7/149/6/0
RESULT	berlekamp/7/149/6/0	PASS	1	[0,1]
START	berlekamp/7/149/6/1
RESULT	berlekamp/7/149/6/1	PASS	5	[3,5]
START	berlekamp/7/149/6/2
RESULT	berlekamp/7/149/6/2	PASS	4	[4]
START	berlekamp/7/149/6/3
RESULT	berlekamp/7/149/6/3	UNRESOLVED	IterationLimit	[]
START	berlekamp/7/149/6/4
RESULT	berlekamp/7/149/6/4	UNRESOLVED	IterationLimit	[]
START	berlekamp/7/149/6/5
RESULT	berlekamp/7/149/6/5	PASS	2	[2,6]
START	berlekamp/7/149/6/6
RESULT	berlekamp/7/149/6/6	UNRESOLVED	IterationLimit	[]
SUMMARY	147
