START	berlekamp/5/17/0/0
RESULT	berlekamp/5/17/0/0	UNRESOLVED	IterationLimit	[0]
START	berlekamp/5/17/0/1
RESULT	berlekamp/5/17/0/1	PASS	3	[2,3]
START	berlekamp/5/17/0/2
RESULT	berlekamp/5/17/0/2	UNRESOLVED	IterationLimit	[]
START	berlekamp/5/17/0/3
RESULT	berlekamp/5/17/0/3	UNRESOLVED	IterationLimit	[]
START	berlekamp/5/17/0/4
RESULT	berlekamp/5/17/0/4	PASS	4	[1,4]
START	berlekamp/5/17/1/0
RESULT	berlekamp/5/17/1/0	PASS	4	[0,4]
START	berlekamp/5/17/1/1
RESULT	berlekamp/5/17/1/1	UNRESOLVED	IterationLimit	[]
START	berlekamp/5/17/1/2
RESULT	berlekamp/5/17/1/2	UNRESOLVED	IterationLimit	[]
START	berlekamp/5/17/1/3
RESULT	berlekamp/5/17/1/3	PASS	3	[1,3]
START	berlekamp/5/17/1/4
RESULT	berlekamp/5/17/1/4	EXCEPTION	NullPointerException	[2]
START	berlekamp/5/17/2/0
RESULT	berlekamp/5/17/2/0	PASS	3	[0,3]
START	berlekamp/5/17/2/1
RESULT	berlekamp/5/17/2/1	PASS	4	[4]
START	berlekamp/5/17/2/2
RESULT	berlekamp/5/17/2/2	PASS	2	[1,2]
START	berlekamp/5/17/2/3
RESULT	berlekamp/5/17/2/3	UNRESOLVED	IterationLimit	[]
START	berlekamp/5/17/2/4
RESULT	berlekamp/5/17/2/4	UNRESOLVED	IterationLimit	[]
START	berlekamp/5/17/3/0
RESULT	berlekamp/5/17/3/0	PASS	0	[0,2]
START	berlekamp/5/17/3/1
RESULT	berlekamp/5/17/3/1	EXCEPTION	NullPointerException	[1]
START	berlekamp/5/17/3/2
RESULT	berlekamp/5/17/3/2	PASS	3	[3,4]
START	berlekamp/5/17/3/3
RESULT	berlekamp/5/17/3/3	UNRESOLVED	IterationLimit	[]
START	berlekamp/5/17/3/4
RESULT	berlekamp/5/17/3/4	UNRESOLVED	IterationLimit	[]
START	berlekamp/5/17/4/0
RESULT	berlekamp/5/17/4/0	PASS	1	[0,1]
START	berlekamp/5/17/4/1
RESULT	berlekamp/5/17/4/1	UNRESOLVED	IterationLimit	[]
START	berlekamp/5/17/4/2
RESULT	berlekamp/5/17/4/2	UNRESOLVED	IterationLimit	[]
START	berlekamp/5/17/4/3
RESULT	berlekamp/5/17/4/3	PASS	4	[2,4]
START	berlekamp/5/17/4/4
RESULT	berlekamp/5/17/4/4	PASS	3	[3]
START	berlekamp/5/42/0/0
RESULT	berlekamp/5/42/0/0	UNRESOLVED	IterationLimit	[0]
START	berlekamp/5/42/0/1
RESULT	berlekamp/5/42/0/1	PASS	3	[2,3]
START	berlekamp/5/42/0/2
RESULT	berlekamp/5/42/0/2	UNRESOLVED	IterationLimit	[]
START	berlekamp/5/42/0/3
RESULT	berlekamp/5/42/0/3	UNRESOLVED	IterationLimit	[]
START	berlekamp/5/42/0/4
RESULT	berlekamp/5/42/0/4	PASS	1	[1,4]
START	berlekamp/5/42/1/0
RESULT	berlekamp/5/42/1/0	PASS	0	[0,4]
START	berlekamp/5/42/1/1
RESULT	berlekamp/5/42/1/1	UNRESOLVED	IterationLimit	[]
START	berlekamp/5/42/1/2
RESULT	berlekamp/5/42/1/2	UNRESOLVED	IterationLimit	[]
START	berlekamp/5/42/1/3
RESULT	berlekamp/5/42/1/3	PASS	3	[1,3]
START	berlekamp/5/42/1/4
RESULT	berlekamp/5/42/1/4	EXCEPTION	NullPointerException	[2]
START	berlekamp/5/42/2/0
RESULT	berlekamp/5/42/2/0	PASS	3	[0,3]
START	berlekamp/5/42/2/1
RESULT	berlekamp/5/42/2/1	EXCEPTION	NullPointerException	[4]
START	berlekamp/5/42/2/2
RESULT	berlekamp/5/42/2/2	PASS	1	[1,2]
START	berlekamp/5/42/2/3
RESULT	berlekamp/5/42/2/3	UNRESOLVED	IterationLimit	[]
START	berlekamp/5/42/2/4
RESULT	berlekamp/5/42/2/4	UNRESOLVED	IterationLimit	[]
START	berlekamp/5/42/3/0
RESULT	berlekamp/5/42/3/0	PASS	0	[0,2]
START	berlekamp/5/42/3/1
RESULT	berlekamp/5/42/3/1	PASS	1	[1]
START	berlekamp/5/42/3/2
RESULT	berlekamp/5/42/3/2	PASS	3	[3,4]
START	berlekamp/5/42/3/3
RESULT	berlekamp/5/42/3/3	UNRESOLVED	IterationLimit	[]
START	berlekamp/5/42/3/4
RESULT	berlekamp/5/42/3/4	UNRESOLVED	IterationLimit	[]
START	berlekamp/5/42/4/0
RESULT	berlekamp/5/42/4/0	PASS	1	[0,1]
START	berlekamp/5/42/4/1
RESULT	berlekamp/5/42/4/1	UNRESOLVED	IterationLimit	[]
START	berlekamp/5/42/4/2
RESULT	berlekamp/5/42/4/2	UNRESOLVED	IterationLimit	[]
START	berlekamp/5/42/4/3
RESULT	berlekamp/5/42/4/3	PASS	4	[2,4]
START	berlekamp/5/42/4/4
RESULT	berlekamp/5/42/4/4	PASS	3	[3]
START	berlekamp/5/149/0/0
RESULT	berlekamp/5/149/0/0	UNRESOLVED	IterationLimit	[0]
START	berlekamp/5/149/0/1
RESULT	berlekamp/5/149/0/1	PASS	3	[2,3]
START	berlekamp/5/149/0/2
RESULT	berlekamp/5/149/0/2	UNRESOLVED	IterationLimit	[]
START	berlekamp/5/149/0/3
RESULT	berlekamp/5/149/0/3	UNRESOLVED	IterationLimit	[]
START	berlekamp/5/149/0/4
RESULT	berlekamp/5/149/0/4	PASS	1	[1,4]
START	berlekamp/5/149/1/0
RESULT	berlekamp/5/149/1/0	PASS	4	[0,4]
START	berlekamp/5/149/1/1
RESULT	berlekamp/5/149/1/1	UNRESOLVED	IterationLimit	[]
START	berlekamp/5/149/1/2
RESULT	berlekamp/5/149/1/2	UNRESOLVED	IterationLimit	[]
START	berlekamp/5/149/1/3
RESULT	berlekamp/5/149/1/3	PASS	3	[1,3]
START	berlekamp/5/149/1/4
RESULT	berlekamp/5/149/1/4	EXCEPTION	NullPointerException	[2]
START	berlekamp/5/149/2/0
RESULT	berlekamp/5/149/2/0	PASS	3	[0,3]
START	berlekamp/5/149/2/1
RESULT	berlekamp/5/149/2/1	EXCEPTION	NullPointerException	[4]
START	berlekamp/5/149/2/2
RESULT	berlekamp/5/149/2/2	PASS	2	[1,2]
START	berlekamp/5/149/2/3
RESULT	berlekamp/5/149/2/3	UNRESOLVED	IterationLimit	[]
START	berlekamp/5/149/2/4
RESULT	berlekamp/5/149/2/4	UNRESOLVED	IterationLimit	[]
START	berlekamp/5/149/3/0
RESULT	berlekamp/5/149/3/0	PASS	0	[0,2]
START	berlekamp/5/149/3/1
RESULT	berlekamp/5/149/3/1	PASS	1	[1]
START	berlekamp/5/149/3/2
RESULT	berlekamp/5/149/3/2	PASS	3	[3,4]
START	berlekamp/5/149/3/3
RESULT	berlekamp/5/149/3/3	UNRESOLVED	IterationLimit	[]
START	berlekamp/5/149/3/4
RESULT	berlekamp/5/149/3/4	UNRESOLVED	IterationLimit	[]
START	berlekamp/5/149/4/0
RESULT	berlekamp/5/149/4/0	PASS	1	[0,1]
START	berlekamp/5/149/4/1
RESULT	berlekamp/5/149/4/1	UNRESOLVED	IterationLimit	[]
START	berlekamp/5/149/4/2
RESULT	berlekamp/5/149/4/2	UNRESOLVED	IterationLimit	[]
START	berlekamp/5/149/4/3
RESULT	berlekamp/5/149/4/3	PASS	4	[2,4]
START	berlekamp/5/149/4/4
RESULT	berlekamp/5/149/4/4	PASS	3	[3]
SUMMARY	75
