LOGGING	add	340284963069367730877188872679932821504	340282366920938463463374607431768211456
LOGGING	mul	5192296858534827628530496329220096	0
BARRETT	5	-200	-5
BARRETT	5	-199	-4
BARRETT	5	-198	-3
BARRETT	5	-197	-7
BARRETT	5	-196	-6
BARRETT	5	-195	-5
BARRETT	5	-194	-4
BARRETT	5	-193	-3
BARRETT	5	-192	-2
BARRETT	5	-191	-6
BARRETT	5	-190	-5
BARRETT	5	-189	-4
BARRETT	5	-188	-3
BARRETT	5	-187	-2
BARRETT	5	-186	-6
BARRETT	5	-185	-5
BARRETT	5	-184	-4
BARRETT	5	-183	-3
BARRETT	5	-182	-2
BARRETT	5	-181	-6
BARRETT	5	-180	-5
BARRETT	5	-179	-4
BARRETT	5	-178	-3
BARRETT	5	-177	-2
BARRETT	5	-176	-1
BARRETT	5	-175	-5
BARRETT	5	-174	-4
BARRETT	5	-173	-3
BARRETT	5	-172	-2
BARRETT	5	-171	-1
BARRETT	5	-170	-5
BARRETT	5	-169	-4
BARRETT	5	-168	-3
BARRETT	5	-167	-2
BARRETT	5	-166	-1
BARRETT	5	-165	-5
BARRETT	5	-164	-4
BARRETT	5	-163	-3
BARRETT	5	-162	-2
BARRETT	5	-161	-1
BARRETT	5	-160	0
BARRETT	5	-159	-4
BARRETT	5	-158	-3
BARRETT	5	-157	-2
BARRETT	5	-156	-1
BARRETT	5	-155	0
BARRETT	5	-154	-4
BARRETT	5	-153	-3
BARRETT	5	-152	-2
BARRETT	5	-151	-1
BARRETT	5	-150	0
BARRETT	5	-149	-4
BARRETT	5	-148	-3
BARRETT	5	-147	-2
BARRETT	5	-146	-1
BARRETT	5	-145	0
BARRETT	5	-144	1
BARRETT	5	-143	-3
BARRETT	5	-142	-2
BARRETT	5	-141	-1
BARRETT	5	-140	0
BARRETT	5	-139	1
BARRETT	5	-138	-3
BARRETT	5	-137	-2
BARRETT	5	-136	-1
BARRETT	5	-135	0
BARRETT	5	-134	1
BARRETT	5	-133	-3
BARRETT	5	-132	-2
BARRETT	5	-131	-1
BARRETT	5	-130	0
BARRETT	5	-129	1
BARRETT	5	-128	2
BARRETT	5	-127	-2
BARRETT	5	-126	-1
BARRETT	5	-125	0
BARRETT	5	-124	1
BARRETT	5	-123	2
BARRETT	5	-122	-2
BARRETT	5	-121	-1
BARRETT	5	-120	0
BARRETT	5	-119	1
BARRETT	5	-118	2
BARRETT	5	-117	-2
BARRETT	5	-116	-1
BARRETT	5	-115	0
BARRETT	5	-114	1
BARRETT	5	-113	2
BARRETT	5	-112	3
BARRETT	5	-111	-1
BARRETT	5	-110	0
BARRETT	5	-109	1
BARRETT	5	-108	2
BARRETT	5	-107	3
BARRETT	5	-106	-1
BARRETT	5	-105	0
BARRETT	5	-104	1
BARRETT	5	-103	2
BARRETT	5	-102	3
BARRETT	5	-101	-1
BARRETT	5	-100	0
BARRETT	5	-99	1
BARRETT	5	-98	2
BARRETT	5	-97	3
BARRETT	5	-96	4
BARRETT	5	-95	0
BARRETT	5	-94	1
BARRETT	5	-93	2
BARRETT	5	-92	3
BARRETT	5	-91	4
BARRETT	5	-90	0
BARRETT	5	-89	1
BARRETT	5	-88	2
BARRETT	5	-87	3
BARRETT	5	-86	4
BARRETT	5	-85	0
BARRETT	5	-84	1
BARRETT	5	-83	2
BARRETT	5	-82	3
BARRETT	5	-81	4
BARRETT	5	-80	5
BARRETT	5	-79	1
BARRETT	5	-78	2
BARRETT	5	-77	3
BARRETT	5	-76	4
BARRETT	5	-75	5
BARRETT	5	-74	1
BARRETT	5	-73	2
BARRETT	5	-72	3
BARRETT	5	-71	4
BARRETT	5	-70	5
BARRETT	5	-69	1
BARRETT	5	-68	2
BARRETT	5	-67	3
BARRETT	5	-66	4
BARRETT	5	-65	5
BARRETT	5	-64	1
BARRETT	5	-63	2
BARRETT	5	-62	3
BARRETT	5	-61	4
BARRETT	5	-60	5
BARRETT	5	-59	1
BARRETT	5	-58	2
BARRETT	5	-57	3
BARRETT	5	-56	4
BARRETT	5	-55	5
BARRETT	5	-54	1
BARRETT	5	-53	2
BARRETT	5	-52	3
BARRETT	5	-51	4
BARRETT	5	-50	5
BARRETT	5	-49	1
BARRETT	5	-48	2
BARRETT	5	-47	3
BARRETT	5	-46	4
BARRETT	5	-45	5
BARRETT	5	-44	1
BARRETT	5	-43	2
BARRETT	5	-42	3
BARRETT	5	-41	4
BARRETT	5	-40	5
BARRETT	5	-39	1
BARRETT	5	-38	2
BARRETT	5	-37	3
BARRETT	5	-36	4
BARRETT	5	-35	5
BARRETT	5	-34	1
BARRETT	5	-33	2
BARRETT	5	-32	3
BARRETT	5	-31	4
BARRETT	5	-30	5
BARRETT	5	-29	1
BARRETT	5	-28	2
BARRETT	5	-27	3
BARRETT	5	-26	4
BARRETT	5	-25	5
BARRETT	5	-24	1
BARRETT	5	-23	2
BARRETT	5	-22	3
BARRETT	5	-21	4
BARRETT	5	-20	5
BARRETT	5	-19	1
BARRETT	5	-18	2
BARRETT	5	-17	3
BARRETT	5	-16	4
BARRETT	5	-15	5
BARRETT	5	-14	1
BARRETT	5	-13	2
BARRETT	5	-12	3
BARRETT	5	-11	4
BARRETT	5	-10	5
BARRETT	5	-9	1
BARRETT	5	-8	2
BARRETT	5	-7	3
BARRETT	5	-6	4
BARRETT	5	-5	5
BARRETT	5	-4	1
BARRETT	5	-3	2
BARRETT	5	-2	3
BARRETT	5	-1	4
BARRETT	5	0	0
BARRETT	5	1	1
BARRETT	5	2	2
BARRETT	5	3	3
BARRETT	5	4	4
BARRETT	5	5	0
BARRETT	5	6	1
BARRETT	5	7	2
BARRETT	5	8	3
BARRETT	5	9	4
BARRETT	5	10	0
BARRETT	5	11	1
BARRETT	5	12	2
BARRETT	5	13	3
BARRETT	5	14	4
BARRETT	5	15	0
BARRETT	5	16	1
BARRETT	5	17	2
BARRETT	5	18	3
BARRETT	5	19	4
BARRETT	5	20	0
BARRETT	5	21	1
BARRETT	5	22	2
BARRETT	5	23	3
BARRETT	5	24	4
BARRETT	5	25	0
BARRETT	5	26	1
BARRETT	5	27	2
BARRETT	5	28	3
BARRETT	5	29	4
BARRETT	5	30	0
BARRETT	5	31	1
BARRETT	5	32	2
BARRETT	5	33	3
BARRETT	5	34	4
BARRETT	5	35	0
BARRETT	5	36	1
BARRETT	5	37	2
BARRETT	5	38	3
BARRETT	5	39	4
BARRETT	5	40	0
BARRETT	5	41	1
BARRETT	5	42	2
BARRETT	5	43	3
BARRETT	5	44	4
BARRETT	5	45	0
BARRETT	5	46	1
BARRETT	5	47	2
BARRETT	5	48	3
BARRETT	5	49	4
BARRETT	5	50	0
BARRETT	5	51	1
BARRETT	5	52	2
BARRETT	5	53	3
BARRETT	5	54	4
BARRETT	5	55	0
BARRETT	5	56	1
BARRETT	5	57	2
BARRETT	5	58	3
BARRETT	5	59	4
BARRETT	5	60	0
BARRETT	5	61	1
BARRETT	5	62	2
BARRETT	5	63	3
BARRETT	5	64	4
BARRETT	5	65	0
BARRETT	5	66	1
BARRETT	5	67	2
BARRETT	5	68	3
BARRETT	5	69	4
BARRETT	5	70	0
BARRETT	5	71	1
BARRETT	5	72	2
BARRETT	5	73	3
BARRETT	5	74	4
BARRETT	5	75	0
BARRETT	5	76	1
BARRETT	5	77	2
BARRETT	5	78	3
BARRETT	5	79	4
BARRETT	5	80	0
BARRETT	5	81	1
BARRETT	5	82	2
BARRETT	5	83	3
BARRETT	5	84	4
BARRETT	5	85	5
BARRETT	5	86	1
BARRETT	5	87	2
BARRETT	5	88	3
BARRETT	5	89	4
BARRETT	5	90	5
BARRETT	5	91	1
BARRETT	5	92	2
BARRETT	5	93	3
BARRETT	5	94	4
BARRETT	5	95	5
BARRETT	5	96	1
BARRETT	5	97	2
BARRETT	5	98	3
BARRETT	5	99	4
BARRETT	5	100	5
BARRETT	5	101	6
BARRETT	5	102	2
BARRETT	5	103	3
BARRETT	5	104	4
BARRETT	5	105	5
BARRETT	5	106	6
BARRETT	5	107	2
BARRETT	5	108	3
BARRETT	5	109	4
BARRETT	5	110	5
BARRETT	5	111	6
BARRETT	5	112	2
BARRETT	5	113	3
BARRETT	5	114	4
BARRETT	5	115	5
BARRETT	5	116	6
BARRETT	5	117	7
BARRETT	5	118	3
BARRETT	5	119	4
BARRETT	5	120	5
BARRETT	5	121	6
BARRETT	5	122	7
BARRETT	5	123	3
BARRETT	5	124	4
BARRETT	5	125	5
BARRETT	5	126	6
BARRETT	5	127	7
BARRETT	5	128	3
BARRETT	5	129	4
BARRETT	5	130	5
BARRETT	5	131	6
BARRETT	5	132	7
BARRETT	5	133	8
BARRETT	5	134	4
BARRETT	5	135	5
BARRETT	5	136	6
BARRETT	5	137	7
BARRETT	5	138	8
BARRETT	5	139	4
BARRETT	5	140	5
BARRETT	5	141	6
BARRETT	5	142	7
BARRETT	5	143	8
BARRETT	5	144	4
BARRETT	5	145	5
BARRETT	5	146	6
BARRETT	5	147	7
BARRETT	5	148	8
BARRETT	5	149	9
BARRETT	5	150	5
BARRETT	5	151	6
BARRETT	5	152	7
BARRETT	5	153	8
BARRETT	5	154	9
BARRETT	5	155	5
BARRETT	5	156	6
BARRETT	5	157	7
BARRETT	5	158	8
BARRETT	5	159	9
BARRETT	5	160	5
BARRETT	5	161	6
BARRETT	5	162	7
BARRETT	5	163	8
BARRETT	5	164	9
BARRETT	5	165	10
BARRETT	5	166	6
BARRETT	5	167	7
BARRETT	5	168	8
BARRETT	5	169	9
BARRETT	5	170	10
BARRETT	5	171	6
BARRETT	5	172	7
BARRETT	5	173	8
BARRETT	5	174	9
BARRETT	5	175	10
BARRETT	5	176	6
BARRETT	5	177	7
BARRETT	5	178	8
BARRETT	5	179	9
BARRETT	5	180	10
BARRETT	5	181	11
BARRETT	5	182	7
BARRETT	5	183	8
BARRETT	5	184	9
BARRETT	5	185	10
BARRETT	5	186	11
BARRETT	5	187	7
BARRETT	5	188	8
BARRETT	5	189	9
BARRETT	5	190	10
BARRETT	5	191	11
BARRETT	5	192	7
BARRETT	5	193	8
BARRETT	5	194	9
BARRETT	5	195	10
BARRETT	5	196	11
BARRETT	5	197	12
BARRETT	5	198	8
BARRETT	5	199	9
BARRETT	5	200	10
QUOTIENT	5	false
BARRETT	7	-200	3
BARRETT	7	-199	4
BARRETT	7	-198	5
BARRETT	7	-197	6
BARRETT	7	-196	7
BARRETT	7	-195	1
BARRETT	7	-194	2
BARRETT	7	-193	3
BARRETT	7	-192	4
BARRETT	7	-191	5
BARRETT	7	-190	6
BARRETT	7	-189	7
BARRETT	7	-188	1
BARRETT	7	-187	2
BARRETT	7	-186	3
BARRETT	7	-185	4
BARRETT	7	-184	5
BARRETT	7	-183	6
BARRETT	7	-182	7
BARRETT	7	-181	1
BARRETT	7	-180	2
BARRETT	7	-179	3
BARRETT	7	-178	4
BARRETT	7	-177	5
BARRETT	7	-176	6
BARRETT	7	-175	7
BARRETT	7	-174	1
BARRETT	7	-173	2
BARRETT	7	-172	3
BARRETT	7	-171	4
BARRETT	7	-170	5
BARRETT	7	-169	6
BARRETT	7	-168	7
BARRETT	7	-167	1
BARRETT	7	-166	2
BARRETT	7	-165	3
BARRETT	7	-164	4
BARRETT	7	-163	5
BARRETT	7	-162	6
BARRETT	7	-161	7
BARRETT	7	-160	1
BARRETT	7	-159	2
BARRETT	7	-158	3
BARRETT	7	-157	4
BARRETT	7	-156	5
BARRETT	7	-155	6
BARRETT	7	-154	7
BARRETT	7	-153	1
BARRETT	7	-152	2
BARRETT	7	-151	3
BARRETT	7	-150	4
BARRETT	7	-149	5
BARRETT	7	-148	6
BARRETT	7	-147	7
BARRETT	7	-146	1
BARRETT	7	-145	2
BARRETT	7	-144	3
BARRETT	7	-143	4
BARRETT	7	-142	5
BARRETT	7	-141	6
BARRETT	7	-140	7
BARRETT	7	-139	1
BARRETT	7	-138	2
BARRETT	7	-137	3
BARRETT	7	-136	4
BARRETT	7	-135	5
BARRETT	7	-134	6
BARRETT	7	-133	7
BARRETT	7	-132	1
BARRETT	7	-131	2
BARRETT	7	-130	3
BARRETT	7	-129	4
BARRETT	7	-128	5
BARRETT	7	-127	6
BARRETT	7	-126	7
BARRETT	7	-125	1
BARRETT	7	-124	2
BARRETT	7	-123	3
BARRETT	7	-122	4
BARRETT	7	-121	5
BARRETT	7	-120	6
BARRETT	7	-119	7
BARRETT	7	-118	1
BARRETT	7	-117	2
BARRETT	7	-116	3
BARRETT	7	-115	4
BARRETT	7	-114	5
BARRETT	7	-113	6
BARRETT	7	-112	7
BARRETT	7	-111	1
BARRETT	7	-110	2
BARRETT	7	-109	3
BARRETT	7	-108	4
BARRETT	7	-107	5
BARRETT	7	-106	6
BARRETT	7	-105	7
BARRETT	7	-104	1
BARRETT	7	-103	2
BARRETT	7	-102	3
BARRETT	7	-101	4
BARRETT	7	-100	5
BARRETT	7	-99	6
BARRETT	7	-98	7
BARRETT	7	-97	1
BARRETT	7	-96	2
BARRETT	7	-95	3
BARRETT	7	-94	4
BARRETT	7	-93	5
BARRETT	7	-92	6
BARRETT	7	-91	7
BARRETT	7	-90	1
BARRETT	7	-89	2
BARRETT	7	-88	3
BARRETT	7	-87	4
BARRETT	7	-86	5
BARRETT	7	-85	6
BARRETT	7	-84	7
BARRETT	7	-83	1
BARRETT	7	-82	2
BARRETT	7	-81	3
BARRETT	7	-80	4
BARRETT	7	-79	5
BARRETT	7	-78	6
BARRETT	7	-77	7
BARRETT	7	-76	1
BARRETT	7	-75	2
BARRETT	7	-74	3
BARRETT	7	-73	4
BARRETT	7	-72	5
BARRETT	7	-71	6
BARRETT	7	-70	7
BARRETT	7	-69	1
BARRETT	7	-68	2
BARRETT	7	-67	3
BARRETT	7	-66	4
BARRETT	7	-65	5
BARRETT	7	-64	6
BARRETT	7	-63	7
BARRETT	7	-62	1
BARRETT	7	-61	2
BARRETT	7	-60	3
BARRETT	7	-59	4
BARRETT	7	-58	5
BARRETT	7	-57	6
BARRETT	7	-56	7
BARRETT	7	-55	1
BARRETT	7	-54	2
BARRETT	7	-53	3
BARRETT	7	-52	4
BARRETT	7	-51	5
BARRETT	7	-50	6
BARRETT	7	-49	7
BARRETT	7	-48	1
BARRETT	7	-47	2
BARRETT	7	-46	3
BARRETT	7	-45	4
BARRETT	7	-44	5
BARRETT	7	-43	6
BARRETT	7	-42	7
BARRETT	7	-41	1
BARRETT	7	-40	2
BARRETT	7	-39	3
BARRETT	7	-38	4
BARRETT	7	-37	5
BARRETT	7	-36	6
BARRETT	7	-35	7
BARRETT	7	-34	1
BARRETT	7	-33	2
BARRETT	7	-32	3
BARRETT	7	-31	4
BARRETT	7	-30	5
BARRETT	7	-29	6
BARRETT	7	-28	7
BARRETT	7	-27	1
BARRETT	7	-26	2
BARRETT	7	-25	3
BARRETT	7	-24	4
BARRETT	7	-23	5
BARRETT	7	-22	6
BARRETT	7	-21	7
BARRETT	7	-20	1
BARRETT	7	-19	2
BARRETT	7	-18	3
BARRETT	7	-17	4
BARRETT	7	-16	5
BARRETT	7	-15	6
BARRETT	7	-14	7
BARRETT	7	-13	1
BARRETT	7	-12	2
BARRETT	7	-11	3
BARRETT	7	-10	4
BARRETT	7	-9	5
BARRETT	7	-8	6
BARRETT	7	-7	7
BARRETT	7	-6	1
BARRETT	7	-5	2
BARRETT	7	-4	3
BARRETT	7	-3	4
BARRETT	7	-2	5
BARRETT	7	-1	6
BARRETT	7	0	0
BARRETT	7	1	1
BARRETT	7	2	2
BARRETT	7	3	3
BARRETT	7	4	4
BARRETT	7	5	5
BARRETT	7	6	6
BARRETT	7	7	0
BARRETT	7	8	1
BARRETT	7	9	2
BARRETT	7	10	3
BARRETT	7	11	4
BARRETT	7	12	5
BARRETT	7	13	6
BARRETT	7	14	0
BARRETT	7	15	1
BARRETT	7	16	2
BARRETT	7	17	3
BARRETT	7	18	4
BARRETT	7	19	5
BARRETT	7	20	6
BARRETT	7	21	0
BARRETT	7	22	1
BARRETT	7	23	2
BARRETT	7	24	3
BARRETT	7	25	4
BARRETT	7	26	5
BARRETT	7	27	6
BARRETT	7	28	0
BARRETT	7	29	1
BARRETT	7	30	2
BARRETT	7	31	3
BARRETT	7	32	4
BARRETT	7	33	5
BARRETT	7	34	6
BARRETT	7	35	0
BARRETT	7	36	1
BARRETT	7	37	2
BARRETT	7	38	3
BARRETT	7	39	4
BARRETT	7	40	5
BARRETT	7	41	6
BARRETT	7	42	0
BARRETT	7	43	1
BARRETT	7	44	2
BARRETT	7	45	3
BARRETT	7	46	4
BARRETT	7	47	5
BARRETT	7	48	6
BARRETT	7	49	0
BARRETT	7	50	1
BARRETT	7	51	2
BARRETT	7	52	3
BARRETT	7	53	4
BARRETT	7	54	5
BARRETT	7	55	6
BARRETT	7	56	0
BARRETT	7	57	1
BARRETT	7	58	2
BARRETT	7	59	3
BARRETT	7	60	4
BARRETT	7	61	5
BARRETT	7	62	6
BARRETT	7	63	0
BARRETT	7	64	1
BARRETT	7	65	2
BARRETT	7	66	3
BARRETT	7	67	4
BARRETT	7	68	5
BARRETT	7	69	6
BARRETT	7	70	0
BARRETT	7	71	1
BARRETT	7	72	2
BARRETT	7	73	3
BARRETT	7	74	4
BARRETT	7	75	5
BARRETT	7	76	6
BARRETT	7	77	0
BARRETT	7	78	1
BARRETT	7	79	2
BARRETT	7	80	3
BARRETT	7	81	4
BARRETT	7	82	5
BARRETT	7	83	6
BARRETT	7	84	0
BARRETT	7	85	1
BARRETT	7	86	2
BARRETT	7	87	3
BARRETT	7	88	4
BARRETT	7	89	5
BARRETT	7	90	6
BARRETT	7	91	0
BARRETT	7	92	1
BARRETT	7	93	2
BARRETT	7	94	3
BARRETT	7	95	4
BARRETT	7	96	5
BARRETT	7	97	6
BARRETT	7	98	0
BARRETT	7	99	1
BARRETT	7	100	2
BARRETT	7	101	3
BARRETT	7	102	4
BARRETT	7	103	5
BARRETT	7	104	6
BARRETT	7	105	0
BARRETT	7	106	1
BARRETT	7	107	2
BARRETT	7	108	3
BARRETT	7	109	4
BARRETT	7	110	5
BARRETT	7	111	6
BARRETT	7	112	0
BARRETT	7	113	1
BARRETT	7	114	2
BARRETT	7	115	3
BARRETT	7	116	4
BARRETT	7	117	5
BARRETT	7	118	6
BARRETT	7	119	0
BARRETT	7	120	1
BARRETT	7	121	2
BARRETT	7	122	3
BARRETT	7	123	4
BARRETT	7	124	5
BARRETT	7	125	6
BARRETT	7	126	0
BARRETT	7	127	1
BARRETT	7	128	2
BARRETT	7	129	3
BARRETT	7	130	4
BARRETT	7	131	5
BARRETT	7	132	6
BARRETT	7	133	0
BARRETT	7	134	1
BARRETT	7	135	2
BARRETT	7	136	3
BARRETT	7	137	4
BARRETT	7	138	5
BARRETT	7	139	6
BARRETT	7	140	0
BARRETT	7	141	1
BARRETT	7	142	2
BARRETT	7	143	3
BARRETT	7	144	4
BARRETT	7	145	5
BARRETT	7	146	6
BARRETT	7	147	0
BARRETT	7	148	1
BARRETT	7	149	2
BARRETT	7	150	3
BARRETT	7	151	4
BARRETT	7	152	5
BARRETT	7	153	6
BARRETT	7	154	0
BARRETT	7	155	1
BARRETT	7	156	2
BARRETT	7	157	3
BARRETT	7	158	4
BARRETT	7	159	5
BARRETT	7	160	6
BARRETT	7	161	0
BARRETT	7	162	1
BARRETT	7	163	2
BARRETT	7	164	3
BARRETT	7	165	4
BARRETT	7	166	5
BARRETT	7	167	6
BARRETT	7	168	0
BARRETT	7	169	1
BARRETT	7	170	2
BARRETT	7	171	3
BARRETT	7	172	4
BARRETT	7	173	5
BARRETT	7	174	6
BARRETT	7	175	0
BARRETT	7	176	1
BARRETT	7	177	2
BARRETT	7	178	3
BARRETT	7	179	4
BARRETT	7	180	5
BARRETT	7	181	6
BARRETT	7	182	0
BARRETT	7	183	1
BARRETT	7	184	2
BARRETT	7	185	3
BARRETT	7	186	4
BARRETT	7	187	5
BARRETT	7	188	6
BARRETT	7	189	0
BARRETT	7	190	1
BARRETT	7	191	2
BARRETT	7	192	3
BARRETT	7	193	4
BARRETT	7	194	5
BARRETT	7	195	6
BARRETT	7	196	0
BARRETT	7	197	1
BARRETT	7	198	2
BARRETT	7	199	3
BARRETT	7	200	4
QUOTIENT	7	false
BARRETT	9	-200	7
BARRETT	9	-199	8
BARRETT	9	-198	9
BARRETT	9	-197	1
BARRETT	9	-196	2
BARRETT	9	-195	3
BARRETT	9	-194	4
BARRETT	9	-193	5
BARRETT	9	-192	6
BARRETT	9	-191	7
BARRETT	9	-190	8
BARRETT	9	-189	9
BARRETT	9	-188	1
BARRETT	9	-187	2
BARRETT	9	-186	3
BARRETT	9	-185	4
BARRETT	9	-184	5
BARRETT	9	-183	6
BARRETT	9	-182	7
BARRETT	9	-181	8
BARRETT	9	-180	9
BARRETT	9	-179	1
BARRETT	9	-178	2
BARRETT	9	-177	3
BARRETT	9	-176	4
BARRETT	9	-175	5
BARRETT	9	-174	6
BARRETT	9	-173	7
BARRETT	9	-172	8
BARRETT	9	-171	9
BARRETT	9	-170	1
BARRETT	9	-169	2
BARRETT	9	-168	3
BARRETT	9	-167	4
BARRETT	9	-166	5
BARRETT	9	-165	6
BARRETT	9	-164	7
BARRETT	9	-163	8
BARRETT	9	-162	9
BARRETT	9	-161	1
BARRETT	9	-160	2
BARRETT	9	-159	3
BARRETT	9	-158	4
BARRETT	9	-157	5
BARRETT	9	-156	6
BARRETT	9	-155	7
BARRETT	9	-154	8
BARRETT	9	-153	9
BARRETT	9	-152	1
BARRETT	9	-151	2
BARRETT	9	-150	3
BARRETT	9	-149	4
BARRETT	9	-148	5
BARRETT	9	-147	6
BARRETT	9	-146	7
BARRETT	9	-145	8
BARRETT	9	-144	9
BARRETT	9	-143	1
BARRETT	9	-142	2
BARRETT	9	-141	3
BARRETT	9	-140	4
BARRETT	9	-139	5
BARRETT	9	-138	6
BARRETT	9	-137	7
BARRETT	9	-136	8
BARRETT	9	-135	9
BARRETT	9	-134	1
BARRETT	9	-133	2
BARRETT	9	-132	3
BARRETT	9	-131	4
BARRETT	9	-130	5
BARRETT	9	-129	6
BARRETT	9	-128	7
BARRETT	9	-127	8
BARRETT	9	-126	9
BARRETT	9	-125	1
BARRETT	9	-124	2
BARRETT	9	-123	3
BARRETT	9	-122	4
BARRETT	9	-121	5
BARRETT	9	-120	6
BARRETT	9	-119	7
BARRETT	9	-118	8
BARRETT	9	-117	9
BARRETT	9	-116	1
BARRETT	9	-115	2
BARRETT	9	-114	3
BARRETT	9	-113	4
BARRETT	9	-112	5
BARRETT	9	-111	6
BARRETT	9	-110	7
BARRETT	9	-109	8
BARRETT	9	-108	9
BARRETT	9	-107	1
BARRETT	9	-106	2
BARRETT	9	-105	3
BARRETT	9	-104	4
BARRETT	9	-103	5
BARRETT	9	-102	6
BARRETT	9	-101	7
BARRETT	9	-100	8
BARRETT	9	-99	9
BARRETT	9	-98	1
BARRETT	9	-97	2
BARRETT	9	-96	3
BARRETT	9	-95	4
BARRETT	9	-94	5
BARRETT	9	-93	6
BARRETT	9	-92	7
BARRETT	9	-91	8
BARRETT	9	-90	9
BARRETT	9	-89	1
BARRETT	9	-88	2
BARRETT	9	-87	3
BARRETT	9	-86	4
BARRETT	9	-85	5
BARRETT	9	-84	6
BARRETT	9	-83	7
BARRETT	9	-82	8
BARRETT	9	-81	9
BARRETT	9	-80	1
BARRETT	9	-79	2
BARRETT	9	-78	3
BARRETT	9	-77	4
BARRETT	9	-76	5
BARRETT	9	-75	6
BARRETT	9	-74	7
BARRETT	9	-73	8
BARRETT	9	-72	9
BARRETT	9	-71	1
BARRETT	9	-70	2
BARRETT	9	-69	3
BARRETT	9	-68	4
BARRETT	9	-67	5
BARRETT	9	-66	6
BARRETT	9	-65	7
BARRETT	9	-64	8
BARRETT	9	-63	9
BARRETT	9	-62	1
BARRETT	9	-61	2
BARRETT	9	-60	3
BARRETT	9	-59	4
BARRETT	9	-58	5
BARRETT	9	-57	6
BARRETT	9	-56	7
BARRETT	9	-55	8
BARRETT	9	-54	9
BARRETT	9	-53	1
BARRETT	9	-52	2
BARRETT	9	-51	3
BARRETT	9	-50	4
BARRETT	9	-49	5
BARRETT	9	-48	6
BARRETT	9	-47	7
BARRETT	9	-46	8
BARRETT	9	-45	9
BARRETT	9	-44	1
BARRETT	9	-43	2
BARRETT	9	-42	3
BARRETT	9	-41	4
BARRETT	9	-40	5
BARRETT	9	-39	6
BARRETT	9	-38	7
BARRETT	9	-37	8
BARRETT	9	-36	9
BARRETT	9	-35	1
BARRETT	9	-34	2
BARRETT	9	-33	3
BARRETT	9	-32	4
BARRETT	9	-31	5
BARRETT	9	-30	6
BARRETT	9	-29	7
BARRETT	9	-28	8
BARRETT	9	-27	9
BARRETT	9	-26	1
BARRETT	9	-25	2
BARRETT	9	-24	3
BARRETT	9	-23	4
BARRETT	9	-22	5
BARRETT	9	-21	6
BARRETT	9	-20	7
BARRETT	9	-19	8
BARRETT	9	-18	9
BARRETT	9	-17	1
BARRETT	9	-16	2
BARRETT	9	-15	3
BARRETT	9	-14	4
BARRETT	9	-13	5
BARRETT	9	-12	6
BARRETT	9	-11	7
BARRETT	9	-10	8
BARRETT	9	-9	9
BARRETT	9	-8	1
BARRETT	9	-7	2
BARRETT	9	-6	3
BARRETT	9	-5	4
BARRETT	9	-4	5
BARRETT	9	-3	6
BARRETT	9	-2	7
BARRETT	9	-1	8
BARRETT	9	0	0
BARRETT	9	1	1
BARRETT	9	2	2
BARRETT	9	3	3
BARRETT	9	4	4
BARRETT	9	5	5
BARRETT	9	6	6
BARRETT	9	7	7
BARRETT	9	8	8
BARRETT	9	9	0
BARRETT	9	10	1
BARRETT	9	11	2
BARRETT	9	12	3
BARRETT	9	13	4
BARRETT	9	14	5
BARRETT	9	15	6
BARRETT	9	16	7
BARRETT	9	17	8
BARRETT	9	18	0
BARRETT	9	19	1
BARRETT	9	20	2
BARRETT	9	21	3
BARRETT	9	22	4
BARRETT	9	23	5
BARRETT	9	24	6
BARRETT	9	25	7
BARRETT	9	26	8
BARRETT	9	27	0
BARRETT	9	28	1
BARRETT	9	29	2
BARRETT	9	30	3
BARRETT	9	31	4
BARRETT	9	32	5
BARRETT	9	33	6
BARRETT	9	34	7
BARRETT	9	35	8
BARRETT	9	36	0
BARRETT	9	37	1
BARRETT	9	38	2
BARRETT	9	39	3
BARRETT	9	40	4
BARRETT	9	41	5
BARRETT	9	42	6
BARRETT	9	43	7
BARRETT	9	44	8
BARRETT	9	45	0
BARRETT	9	46	1
BARRETT	9	47	2
BARRETT	9	48	3
BARRETT	9	49	4
BARRETT	9	50	5
BARRETT	9	51	6
BARRETT	9	52	7
BARRETT	9	53	8
BARRETT	9	54	0
BARRETT	9	55	1
BARRETT	9	56	2
BARRETT	9	57	3
BARRETT	9	58	4
BARRETT	9	59	5
BARRETT	9	60	6
BARRETT	9	61	7
BARRETT	9	62	8
BARRETT	9	63	0
BARRETT	9	64	1
BARRETT	9	65	2
BARRETT	9	66	3
BARRETT	9	67	4
BARRETT	9	68	5
BARRETT	9	69	6
BARRETT	9	70	7
BARRETT	9	71	8
BARRETT	9	72	0
BARRETT	9	73	1
BARRETT	9	74	2
BARRETT	9	75	3
BARRETT	9	76	4
BARRETT	9	77	5
BARRETT	9	78	6
BARRETT	9	79	7
BARRETT	9	80	8
BARRETT	9	81	0
BARRETT	9	82	1
BARRETT	9	83	2
BARRETT	9	84	3
BARRETT	9	85	4
BARRETT	9	86	5
BARRETT	9	87	6
BARRETT	9	88	7
BARRETT	9	89	8
BARRETT	9	90	0
BARRETT	9	91	1
BARRETT	9	92	2
BARRETT	9	93	3
BARRETT	9	94	4
BARRETT	9	95	5
BARRETT	9	96	6
BARRETT	9	97	7
BARRETT	9	98	8
BARRETT	9	99	0
BARRETT	9	100	1
BARRETT	9	101	2
BARRETT	9	102	3
BARRETT	9	103	4
BARRETT	9	104	5
BARRETT	9	105	6
BARRETT	9	106	7
BARRETT	9	107	8
BARRETT	9	108	0
BARRETT	9	109	1
BARRETT	9	110	2
BARRETT	9	111	3
BARRETT	9	112	4
BARRETT	9	113	5
BARRETT	9	114	6
BARRETT	9	115	7
BARRETT	9	116	8
BARRETT	9	117	0
BARRETT	9	118	1
BARRETT	9	119	2
BARRETT	9	120	3
BARRETT	9	121	4
BARRETT	9	122	5
BARRETT	9	123	6
BARRETT	9	124	7
BARRETT	9	125	8
BARRETT	9	126	0
BARRETT	9	127	1
BARRETT	9	128	2
BARRETT	9	129	3
BARRETT	9	130	4
BARRETT	9	131	5
BARRETT	9	132	6
BARRETT	9	133	7
BARRETT	9	134	8
BARRETT	9	135	0
BARRETT	9	136	1
BARRETT	9	137	2
BARRETT	9	138	3
BARRETT	9	139	4
BARRETT	9	140	5
BARRETT	9	141	6
BARRETT	9	142	7
BARRETT	9	143	8
BARRETT	9	144	0
BARRETT	9	145	1
BARRETT	9	146	2
BARRETT	9	147	3
BARRETT	9	148	4
BARRETT	9	149	5
BARRETT	9	150	6
BARRETT	9	151	7
BARRETT	9	152	8
BARRETT	9	153	0
BARRETT	9	154	1
BARRETT	9	155	2
BARRETT	9	156	3
BARRETT	9	157	4
BARRETT	9	158	5
BARRETT	9	159	6
BARRETT	9	160	7
BARRETT	9	161	8
BARRETT	9	162	0
BARRETT	9	163	1
BARRETT	9	164	2
BARRETT	9	165	3
BARRETT	9	166	4
BARRETT	9	167	5
BARRETT	9	168	6
BARRETT	9	169	7
BARRETT	9	170	8
BARRETT	9	171	0
BARRETT	9	172	1
BARRETT	9	173	2
BARRETT	9	174	3
BARRETT	9	175	4
BARRETT	9	176	5
BARRETT	9	177	6
BARRETT	9	178	7
BARRETT	9	179	8
BARRETT	9	180	0
BARRETT	9	181	1
BARRETT	9	182	2
BARRETT	9	183	3
BARRETT	9	184	4
BARRETT	9	185	5
BARRETT	9	186	6
BARRETT	9	187	7
BARRETT	9	188	8
BARRETT	9	189	0
BARRETT	9	190	1
BARRETT	9	191	2
BARRETT	9	192	3
BARRETT	9	193	4
BARRETT	9	194	5
BARRETT	9	195	6
BARRETT	9	196	7
BARRETT	9	197	8
BARRETT	9	198	0
BARRETT	9	199	1
BARRETT	9	200	2
QUOTIENT	9	false
BARRETT	17	-200	4
BARRETT	17	-199	5
BARRETT	17	-198	6
BARRETT	17	-197	7
BARRETT	17	-196	8
BARRETT	17	-195	9
BARRETT	17	-194	10
BARRETT	17	-193	11
BARRETT	17	-192	12
BARRETT	17	-191	13
BARRETT	17	-190	14
BARRETT	17	-189	15
BARRETT	17	-188	16
BARRETT	17	-187	17
BARRETT	17	-186	1
BARRETT	17	-185	2
BARRETT	17	-184	3
BARRETT	17	-183	4
BARRETT	17	-182	5
BARRETT	17	-181	6
BARRETT	17	-180	7
BARRETT	17	-179	8
BARRETT	17	-178	9
BARRETT	17	-177	10
BARRETT	17	-176	11
BARRETT	17	-175	12
BARRETT	17	-174	13
BARRETT	17	-173	14
BARRETT	17	-172	15
BARRETT	17	-171	16
BARRETT	17	-170	17
BARRETT	17	-169	1
BARRETT	17	-168	2
BARRETT	17	-167	3
BARRETT	17	-166	4
BARRETT	17	-165	5
BARRETT	17	-164	6
BARRETT	17	-163	7
BARRETT	17	-162	8
BARRETT	17	-161	9
BARRETT	17	-160	10
BARRETT	17	-159	11
BARRETT	17	-158	12
BARRETT	17	-157	13
BARRETT	17	-156	14
BARRETT	17	-155	15
BARRETT	17	-154	16
BARRETT	17	-153	17
BARRETT	17	-152	1
BARRETT	17	-151	2
BARRETT	17	-150	3
BARRETT	17	-149	4
BARRETT	17	-148	5
BARRETT	17	-147	6
BARRETT	17	-146	7
BARRETT	17	-145	8
BARRETT	17	-144	9
BARRETT	17	-143	10
BARRETT	17	-142	11
BARRETT	17	-141	12
BARRETT	17	-140	13
BARRETT	17	-139	14
BARRETT	17	-138	15
BARRETT	17	-137	16
BARRETT	17	-136	17
BARRETT	17	-135	1
BARRETT	17	-134	2
BARRETT	17	-133	3
BARRETT	17	-132	4
BARRETT	17	-131	5
BARRETT	17	-130	6
BARRETT	17	-129	7
BARRETT	17	-128	8
BARRETT	17	-127	9
BARRETT	17	-126	10
BARRETT	17	-125	11
BARRETT	17	-124	12
BARRETT	17	-123	13
BARRETT	17	-122	14
BARRETT	17	-121	15
BARRETT	17	-120	16
BARRETT	17	-119	17
BARRETT	17	-118	1
BARRETT	17	-117	2
BARRETT	17	-116	3
BARRETT	17	-115	4
BARRETT	17	-114	5
BARRETT	17	-113	6
BARRETT	17	-112	7
BARRETT	17	-111	8
BARRETT	17	-110	9
BARRETT	17	-109	10
BARRETT	17	-108	11
BARRETT	17	-107	12
BARRETT	17	-106	13
BARRETT	17	-105	14
BARRETT	17	-104	15
BARRETT	17	-103	16
BARRETT	17	-102	17
BARRETT	17	-101	1
BARRETT	17	-100	2
BARRETT	17	-99	3
BARRETT	17	-98	4
BARRETT	17	-97	5
BARRETT	17	-96	6
BARRETT	17	-95	7
BARRETT	17	-94	8
BARRETT	17	-93	9
BARRETT	17	-92	10
BARRETT	17	-91	11
BARRETT	17	-90	12
BARRETT	17	-89	13
BARRETT	17	-88	14
BARRETT	17	-87	15
BARRETT	17	-86	16
BARRETT	17	-85	17
BARRETT	17	-84	1
BARRETT	17	-83	2
BARRETT	17	-82	3
BARRETT	17	-81	4
BARRETT	17	-80	5
BARRETT	17	-79	6
BARRETT	17	-78	7
BARRETT	17	-77	8
BARRETT	17	-76	9
BARRETT	17	-75	10
BARRETT	17	-74	11
BARRETT	17	-73	12
BARRETT	17	-72	13
BARRETT	17	-71	14
BARRETT	17	-70	15
BARRETT	17	-69	16
BARRETT	17	-68	17
BARRETT	17	-67	1
BARRETT	17	-66	2
BARRETT	17	-65	3
BARRETT	17	-64	4
BARRETT	17	-63	5
BARRETT	17	-62	6
BARRETT	17	-61	7
BARRETT	17	-60	8
BARRETT	17	-59	9
BARRETT	17	-58	10
BARRETT	17	-57	11
BARRETT	17	-56	12
BARRETT	17	-55	13
BARRETT	17	-54	14
BARRETT	17	-53	15
BARRETT	17	-52	16
BARRETT	17	-51	17
BARRETT	17	-50	1
BARRETT	17	-49	2
BARRETT	17	-48	3
BARRETT	17	-47	4
BARRETT	17	-46	5
BARRETT	17	-45	6
BARRETT	17	-44	7
BARRETT	17	-43	8
BARRETT	17	-42	9
BARRETT	17	-41	10
BARRETT	17	-40	11
BARRETT	17	-39	12
BARRETT	17	-38	13
BARRETT	17	-37	14
BARRETT	17	-36	15
BARRETT	17	-35	16
BARRETT	17	-34	17
BARRETT	17	-33	1
BARRETT	17	-32	2
BARRETT	17	-31	3
BARRETT	17	-30	4
BARRETT	17	-29	5
BARRETT	17	-28	6
BARRETT	17	-27	7
BARRETT	17	-26	8
BARRETT	17	-25	9
BARRETT	17	-24	10
BARRETT	17	-23	11
BARRETT	17	-22	12
BARRETT	17	-21	13
BARRETT	17	-20	14
BARRETT	17	-19	15
BARRETT	17	-18	16
BARRETT	17	-17	17
BARRETT	17	-16	1
BARRETT	17	-15	2
BARRETT	17	-14	3
BARRETT	17	-13	4
BARRETT	17	-12	5
BARRETT	17	-11	6
BARRETT	17	-10	7
BARRETT	17	-9	8
BARRETT	17	-8	9
BARRETT	17	-7	10
BARRETT	17	-6	11
BARRETT	17	-5	12
BARRETT	17	-4	13
BARRETT	17	-3	14
BARRETT	17	-2	15
BARRETT	17	-1	16
BARRETT	17	0	0
BARRETT	17	1	1
BARRETT	17	2	2
BARRETT	17	3	3
BARRETT	17	4	4
BARRETT	17	5	5
BARRETT	17	6	6
BARRETT	17	7	7
BARRETT	17	8	8
BARRETT	17	9	9
BARRETT	17	10	10
BARRETT	17	11	11
BARRETT	17	12	12
BARRETT	17	13	13
BARRETT	17	14	14
BARRETT	17	15	15
BARRETT	17	16	16
BARRETT	17	17	0
BARRETT	17	18	1
BARRETT	17	19	2
BARRETT	17	20	3
BARRETT	17	21	4
BARRETT	17	22	5
BARRETT	17	23	6
BARRETT	17	24	7
BARRETT	17	25	8
BARRETT	17	26	9
BARRETT	17	27	10
BARRETT	17	28	11
BARRETT	17	29	12
BARRETT	17	30	13
BARRETT	17	31	14
BARRETT	17	32	15
BARRETT	17	33	16
BARRETT	17	34	0
BARRETT	17	35	1
BARRETT	17	36	2
BARRETT	17	37	3
BARRETT	17	38	4
BARRETT	17	39	5
BARRETT	17	40	6
BARRETT	17	41	7
BARRETT	17	42	8
BARRETT	17	43	9
BARRETT	17	44	10
BARRETT	17	45	11
BARRETT	17	46	12
BARRETT	17	47	13
BARRETT	17	48	14
BARRETT	17	49	15
BARRETT	17	50	16
BARRETT	17	51	0
BARRETT	17	52	1
BARRETT	17	53	2
BARRETT	17	54	3
BARRETT	17	55	4
BARRETT	17	56	5
BARRETT	17	57	6
BARRETT	17	58	7
BARRETT	17	59	8
BARRETT	17	60	9
BARRETT	17	61	10
BARRETT	17	62	11
BARRETT	17	63	12
BARRETT	17	64	13
BARRETT	17	65	14
BARRETT	17	66	15
BARRETT	17	67	16
BARRETT	17	68	0
BARRETT	17	69	1
BARRETT	17	70	2
BARRETT	17	71	3
BARRETT	17	72	4
BARRETT	17	73	5
BARRETT	17	74	6
BARRETT	17	75	7
BARRETT	17	76	8
BARRETT	17	77	9
BARRETT	17	78	10
BARRETT	17	79	11
BARRETT	17	80	12
BARRETT	17	81	13
BARRETT	17	82	14
BARRETT	17	83	15
BARRETT	17	84	16
BARRETT	17	85	0
BARRETT	17	86	1
BARRETT	17	87	2
BARRETT	17	88	3
BARRETT	17	89	4
BARRETT	17	90	5
BARRETT	17	91	6
BARRETT	17	92	7
BARRETT	17	93	8
BARRETT	17	94	9
BARRETT	17	95	10
BARRETT	17	96	11
BARRETT	17	97	12
BARRETT	17	98	13
BARRETT	17	99	14
BARRETT	17	100	15
BARRETT	17	101	16
BARRETT	17	102	0
BARRETT	17	103	1
BARRETT	17	104	2
BARRETT	17	105	3
BARRETT	17	106	4
BARRETT	17	107	5
BARRETT	17	108	6
BARRETT	17	109	7
BARRETT	17	110	8
BARRETT	17	111	9
BARRETT	17	112	10
BARRETT	17	113	11
BARRETT	17	114	12
BARRETT	17	115	13
BARRETT	17	116	14
BARRETT	17	117	15
BARRETT	17	118	16
BARRETT	17	119	0
BARRETT	17	120	1
BARRETT	17	121	2
BARRETT	17	122	3
BARRETT	17	123	4
BARRETT	17	124	5
BARRETT	17	125	6
BARRETT	17	126	7
BARRETT	17	127	8
BARRETT	17	128	9
BARRETT	17	129	10
BARRETT	17	130	11
BARRETT	17	131	12
BARRETT	17	132	13
BARRETT	17	133	14
BARRETT	17	134	15
BARRETT	17	135	16
BARRETT	17	136	0
BARRETT	17	137	1
BARRETT	17	138	2
BARRETT	17	139	3
BARRETT	17	140	4
BARRETT	17	141	5
BARRETT	17	142	6
BARRETT	17	143	7
BARRETT	17	144	8
BARRETT	17	145	9
BARRETT	17	146	10
BARRETT	17	147	11
BARRETT	17	148	12
BARRETT	17	149	13
BARRETT	17	150	14
BARRETT	17	151	15
BARRETT	17	152	16
BARRETT	17	153	0
BARRETT	17	154	1
BARRETT	17	155	2
BARRETT	17	156	3
BARRETT	17	157	4
BARRETT	17	158	5
BARRETT	17	159	6
BARRETT	17	160	7
BARRETT	17	161	8
BARRETT	17	162	9
BARRETT	17	163	10
BARRETT	17	164	11
BARRETT	17	165	12
BARRETT	17	166	13
BARRETT	17	167	14
BARRETT	17	168	15
BARRETT	17	169	16
BARRETT	17	170	0
BARRETT	17	171	1
BARRETT	17	172	2
BARRETT	17	173	3
BARRETT	17	174	4
BARRETT	17	175	5
BARRETT	17	176	6
BARRETT	17	177	7
BARRETT	17	178	8
BARRETT	17	179	9
BARRETT	17	180	10
BARRETT	17	181	11
BARRETT	17	182	12
BARRETT	17	183	13
BARRETT	17	184	14
BARRETT	17	185	15
BARRETT	17	186	16
BARRETT	17	187	0
BARRETT	17	188	1
BARRETT	17	189	2
BARRETT	17	190	3
BARRETT	17	191	4
BARRETT	17	192	5
BARRETT	17	193	6
BARRETT	17	194	7
BARRETT	17	195	8
BARRETT	17	196	9
BARRETT	17	197	10
BARRETT	17	198	11
BARRETT	17	199	12
BARRETT	17	200	13
QUOTIENT	17	false
BARRETT	31	-200	17
BARRETT	31	-199	18
BARRETT	31	-198	19
BARRETT	31	-197	20
BARRETT	31	-196	21
BARRETT	31	-195	22
BARRETT	31	-194	23
BARRETT	31	-193	24
BARRETT	31	-192	25
BARRETT	31	-191	26
BARRETT	31	-190	27
BARRETT	31	-189	28
BARRETT	31	-188	29
BARRETT	31	-187	30
BARRETT	31	-186	31
BARRETT	31	-185	1
BARRETT	31	-184	2
BARRETT	31	-183	3
BARRETT	31	-182	4
BARRETT	31	-181	5
BARRETT	31	-180	6
BARRETT	31	-179	7
BARRETT	31	-178	8
BARRETT	31	-177	9
BARRETT	31	-176	10
BARRETT	31	-175	11
BARRETT	31	-174	12
BARRETT	31	-173	13
BARRETT	31	-172	14
BARRETT	31	-171	15
BARRETT	31	-170	16
BARRETT	31	-169	17
BARRETT	31	-168	18
BARRETT	31	-167	19
BARRETT	31	-166	20
BARRETT	31	-165	21
BARRETT	31	-164	22
BARRETT	31	-163	23
BARRETT	31	-162	24
BARRETT	31	-161	25
BARRETT	31	-160	26
BARRETT	31	-159	27
BARRETT	31	-158	28
BARRETT	31	-157	29
BARRETT	31	-156	30
BARRETT	31	-155	31
BARRETT	31	-154	1
BARRETT	31	-153	2
BARRETT	31	-152	3
BARRETT	31	-151	4
BARRETT	31	-150	5
BARRETT	31	-149	6
BARRETT	31	-148	7
BARRETT	31	-147	8
BARRETT	31	-146	9
BARRETT	31	-145	10
BARRETT	31	-144	11
BARRETT	31	-143	12
BARRETT	31	-142	13
BARRETT	31	-141	14
BARRETT	31	-140	15
BARRETT	31	-139	16
BARRETT	31	-138	17
BARRETT	31	-137	18
BARRETT	31	-136	19
BARRETT	31	-135	20
BARRETT	31	-134	21
BARRETT	31	-133	22
BARRETT	31	-132	23
BARRETT	31	-131	24
BARRETT	31	-130	25
BARRETT	31	-129	26
BARRETT	31	-128	27
BARRETT	31	-127	28
BARRETT	31	-126	29
BARRETT	31	-125	30
BARRETT	31	-124	31
BARRETT	31	-123	1
BARRETT	31	-122	2
BARRETT	31	-121	3
BARRETT	31	-120	4
BARRETT	31	-119	5
BARRETT	31	-118	6
BARRETT	31	-117	7
BARRETT	31	-116	8
BARRETT	31	-115	9
BARRETT	31	-114	10
BARRETT	31	-113	11
BARRETT	31	-112	12
BARRETT	31	-111	13
BARRETT	31	-110	14
BARRETT	31	-109	15
BARRETT	31	-108	16
BARRETT	31	-107	17
BARRETT	31	-106	18
BARRETT	31	-105	19
BARRETT	31	-104	20
BARRETT	31	-103	21
BARRETT	31	-102	22
BARRETT	31	-101	23
BARRETT	31	-100	24
BARRETT	31	-99	25
BARRETT	31	-98	26
BARRETT	31	-97	27
BARRETT	31	-96	28
BARRETT	31	-95	29
BARRETT	31	-94	30
BARRETT	31	-93	31
BARRETT	31	-92	1
BARRETT	31	-91	2
BARRETT	31	-90	3
BARRETT	31	-89	4
BARRETT	31	-88	5
BARRETT	31	-87	6
BARRETT	31	-86	7
BARRETT	31	-85	8
BARRETT	31	-84	9
BARRETT	31	-83	10
BARRETT	31	-82	11
BARRETT	31	-81	12
BARRETT	31	-80	13
BARRETT	31	-79	14
BARRETT	31	-78	15
BARRETT	31	-77	16
BARRETT	31	-76	17
BARRETT	31	-75	18
BARRETT	31	-74	19
BARRETT	31	-73	20
BARRETT	31	-72	21
BARRETT	31	-71	22
BARRETT	31	-70	23
BARRETT	31	-69	24
BARRETT	31	-68	25
BARRETT	31	-67	26
BARRETT	31	-66	27
BARRETT	31	-65	28
BARRETT	31	-64	29
BARRETT	31	-63	30
BARRETT	31	-62	31
BARRETT	31	-61	1
BARRETT	31	-60	2
BARRETT	31	-59	3
BARRETT	31	-58	4
BARRETT	31	-57	5
BARRETT	31	-56	6
BARRETT	31	-55	7
BARRETT	31	-54	8
BARRETT	31	-53	9
BARRETT	31	-52	10
BARRETT	31	-51	11
BARRETT	31	-50	12
BARRETT	31	-49	13
BARRETT	31	-48	14
BARRETT	31	-47	15
BARRETT	31	-46	16
BARRETT	31	-45	17
BARRETT	31	-44	18
BARRETT	31	-43	19
BARRETT	31	-42	20
BARRETT	31	-41	21
BARRETT	31	-40	22
BARRETT	31	-39	23
BARRETT	31	-38	24
BARRETT	31	-37	25
BARRETT	31	-36	26
BARRETT	31	-35	27
BARRETT	31	-34	28
BARRETT	31	-33	29
BARRETT	31	-32	30
BARRETT	31	-31	31
BARRETT	31	-30	1
BARRETT	31	-29	2
BARRETT	31	-28	3
BARRETT	31	-27	4
BARRETT	31	-26	5
BARRETT	31	-25	6
BARRETT	31	-24	7
BARRETT	31	-23	8
BARRETT	31	-22	9
BARRETT	31	-21	10
BARRETT	31	-20	11
BARRETT	31	-19	12
BARRETT	31	-18	13
BARRETT	31	-17	14
BARRETT	31	-16	15
BARRETT	31	-15	16
BARRETT	31	-14	17
BARRETT	31	-13	18
BARRETT	31	-12	19
BARRETT	31	-11	20
BARRETT	31	-10	21
BARRETT	31	-9	22
BARRETT	31	-8	23
BARRETT	31	-7	24
BARRETT	31	-6	25
BARRETT	31	-5	26
BARRETT	31	-4	27
BARRETT	31	-3	28
BARRETT	31	-2	29
BARRETT	31	-1	30
BARRETT	31	0	0
BARRETT	31	1	1
BARRETT	31	2	2
BARRETT	31	3	3
BARRETT	31	4	4
BARRETT	31	5	5
BARRETT	31	6	6
BARRETT	31	7	7
BARRETT	31	8	8
BARRETT	31	9	9
BARRETT	31	10	10
BARRETT	31	11	11
BARRETT	31	12	12
BARRETT	31	13	13
BARRETT	31	14	14
BARRETT	31	15	15
BARRETT	31	16	16
BARRETT	31	17	17
BARRETT	31	18	18
BARRETT	31	19	19
BARRETT	31	20	20
BARRETT	31	21	21
BARRETT	31	22	22
BARRETT	31	23	23
BARRETT	31	24	24
BARRETT	31	25	25
BARRETT	31	26	26
BARRETT	31	27	27
BARRETT	31	28	28
BARRETT	31	29	29
BARRETT	31	30	30
BARRETT	31	31	0
BARRETT	31	32	1
BARRETT	31	33	2
BARRETT	31	34	3
BARRETT	31	35	4
BARRETT	31	36	5
BARRETT	31	37	6
BARRETT	31	38	7
BARRETT	31	39	8
BARRETT	31	40	9
BARRETT	31	41	10
BARRETT	31	42	11
BARRETT	31	43	12
BARRETT	31	44	13
BARRETT	31	45	14
BARRETT	31	46	15
BARRETT	31	47	16
BARRETT	31	48	17
BARRETT	31	49	18
BARRETT	31	50	19
BARRETT	31	51	20
BARRETT	31	52	21
BARRETT	31	53	22
BARRETT	31	54	23
BARRETT	31	55	24
BARRETT	31	56	25
BARRETT	31	57	26
BARRETT	31	58	27
BARRETT	31	59	28
BARRETT	31	60	29
BARRETT	31	61	30
BARRETT	31	62	0
BARRETT	31	63	1
BARRETT	31	64	2
BARRETT	31	65	3
BARRETT	31	66	4
BARRETT	31	67	5
BARRETT	31	68	6
BARRETT	31	69	7
BARRETT	31	70	8
BARRETT	31	71	9
BARRETT	31	72	10
BARRETT	31	73	11
BARRETT	31	74	12
BARRETT	31	75	13
BARRETT	31	76	14
BARRETT	31	77	15
BARRETT	31	78	16
BARRETT	31	79	17
BARRETT	31	80	18
BARRETT	31	81	19
BARRETT	31	82	20
BARRETT	31	83	21
BARRETT	31	84	22
BARRETT	31	85	23
BARRETT	31	86	24
BARRETT	31	87	25
BARRETT	31	88	26
BARRETT	31	89	27
BARRETT	31	90	28
BARRETT	31	91	29
BARRETT	31	92	30
BARRETT	31	93	0
BARRETT	31	94	1
BARRETT	31	95	2
BARRETT	31	96	3
BARRETT	31	97	4
BARRETT	31	98	5
BARRETT	31	99	6
BARRETT	31	100	7
BARRETT	31	101	8
BARRETT	31	102	9
BARRETT	31	103	10
BARRETT	31	104	11
BARRETT	31	105	12
BARRETT	31	106	13
BARRETT	31	107	14
BARRETT	31	108	15
BARRETT	31	109	16
BARRETT	31	110	17
BARRETT	31	111	18
BARRETT	31	112	19
BARRETT	31	113	20
BARRETT	31	114	21
BARRETT	31	115	22
BARRETT	31	116	23
BARRETT	31	117	24
BARRETT	31	118	25
BARRETT	31	119	26
BARRETT	31	120	27
BARRETT	31	121	28
BARRETT	31	122	29
BARRETT	31	123	30
BARRETT	31	124	0
BARRETT	31	125	1
BARRETT	31	126	2
BARRETT	31	127	3
BARRETT	31	128	4
BARRETT	31	129	5
BARRETT	31	130	6
BARRETT	31	131	7
BARRETT	31	132	8
BARRETT	31	133	9
BARRETT	31	134	10
BARRETT	31	135	11
BARRETT	31	136	12
BARRETT	31	137	13
BARRETT	31	138	14
BARRETT	31	139	15
BARRETT	31	140	16
BARRETT	31	141	17
BARRETT	31	142	18
BARRETT	31	143	19
BARRETT	31	144	20
BARRETT	31	145	21
BARRETT	31	146	22
BARRETT	31	147	23
BARRETT	31	148	24
BARRETT	31	149	25
BARRETT	31	150	26
BARRETT	31	151	27
BARRETT	31	152	28
BARRETT	31	153	29
BARRETT	31	154	30
BARRETT	31	155	0
BARRETT	31	156	1
BARRETT	31	157	2
BARRETT	31	158	3
BARRETT	31	159	4
BARRETT	31	160	5
BARRETT	31	161	6
BARRETT	31	162	7
BARRETT	31	163	8
BARRETT	31	164	9
BARRETT	31	165	10
BARRETT	31	166	11
BARRETT	31	167	12
BARRETT	31	168	13
BARRETT	31	169	14
BARRETT	31	170	15
BARRETT	31	171	16
BARRETT	31	172	17
BARRETT	31	173	18
BARRETT	31	174	19
BARRETT	31	175	20
BARRETT	31	176	21
BARRETT	31	177	22
BARRETT	31	178	23
BARRETT	31	179	24
BARRETT	31	180	25
BARRETT	31	181	26
BARRETT	31	182	27
BARRETT	31	183	28
BARRETT	31	184	29
BARRETT	31	185	30
BARRETT	31	186	0
BARRETT	31	187	1
BARRETT	31	188	2
BARRETT	31	189	3
BARRETT	31	190	4
BARRETT	31	191	5
BARRETT	31	192	6
BARRETT	31	193	7
BARRETT	31	194	8
BARRETT	31	195	9
BARRETT	31	196	10
BARRETT	31	197	11
BARRETT	31	198	12
BARRETT	31	199	13
BARRETT	31	200	14
QUOTIENT	31	false
FRACTION	invert-zero	1	0
STACK	bitlength-one
