PASS	mul-0-1-1-1-false
PASS	mul-0-1-1-1-true
PASS	mul-0-1-1-2-false
PASS	mul-0-1-1-2-true
PASS	mul-0-1-1-3-false
PASS	mul-0-1-1-3-true
PASS	mul-0-1-1-4-false
PASS	mul-0-1-1-4-true
PASS	mul-0-1-1-5-false
PASS	mul-0-1-1-5-true
PASS	mul-0-1-1-8-false
PASS	mul-0-1-1-8-true
PASS	mul-0-1-2-1-false
PASS	mul-0-1-2-1-true
PASS	mul-0-1-2-2-false
PASS	mul-0-1-2-2-true
PASS	mul-0-1-2-3-false
PASS	mul-0-1-2-3-true
PASS	mul-0-1-2-4-false
PASS	mul-0-1-2-4-true
PASS	mul-0-1-2-5-false
PASS	mul-0-1-2-5-true
PASS	mul-0-1-2-8-false
PASS	mul-0-1-2-8-true
PASS	mul-0-1-3-1-false
PASS	mul-0-1-3-1-true
PASS	mul-0-1-3-2-false
PASS	mul-0-1-3-2-true
PASS	mul-0-1-3-3-false
PASS	mul-0-1-3-3-true
PASS	mul-0-1-3-4-false
PASS	mul-0-1-3-4-true
PASS	mul-0-1-3-5-false
PASS	mul-0-1-3-5-true
PASS	mul-0-1-3-8-false
PASS	mul-0-1-3-8-true
PASS	mul-0-1-4-1-false
PASS	mul-0-1-4-1-true
PASS	mul-0-1-4-2-false
PASS	mul-0-1-4-2-true
PASS	mul-0-1-4-3-false
PASS	mul-0-1-4-3-true
PASS	mul-0-1-4-4-false
PASS	mul-0-1-4-4-true
PASS	mul-0-1-4-5-false
PASS	mul-0-1-4-5-true
PASS	mul-0-1-4-8-false
PASS	mul-0-1-4-8-true
PASS	mul-0-1-5-1-false
PASS	mul-0-1-5-1-true
PASS	mul-0-1-5-2-false
PASS	mul-0-1-5-2-true
PASS	mul-0-1-5-3-false
PASS	mul-0-1-5-3-true
PASS	mul-0-1-5-4-false
PASS	mul-0-1-5-4-true
PASS	mul-0-1-5-5-false
PASS	mul-0-1-5-5-true
PASS	mul-0-1-5-8-false
PASS	mul-0-1-5-8-true
PASS	mul-0-1-8-1-false
PASS	mul-0-1-8-1-true
PASS	mul-0-1-8-2-false
PASS	mul-0-1-8-2-true
PASS	mul-0-1-8-3-false
PASS	mul-0-1-8-3-true
PASS	mul-0-1-8-4-false
PASS	mul-0-1-8-4-true
PASS	mul-0-1-8-5-false
PASS	mul-0-1-8-5-true
PASS	mul-0-1-8-8-false
PASS	mul-0-1-8-8-true
PASS	mul-0-2-1-1-false
PASS	mul-0-2-1-1-true
PASS	mul-0-2-1-2-false
PASS	mul-0-2-1-2-true
PASS	mul-0-2-1-3-false
PASS	mul-0-2-1-3-true
PASS	mul-0-2-1-4-false
PASS	mul-0-2-1-4-true
PASS	mul-0-2-1-5-false
PASS	mul-0-2-1-5-true
PASS	mul-0-2-1-8-false
PASS	mul-0-2-1-8-true
PASS	mul-0-2-2-1-false
PASS	mul-0-2-2-1-true
PASS	mul-0-2-2-2-false
PASS	mul-0-2-2-2-true
PASS	mul-0-2-2-3-false
PASS	mul-0-2-2-3-true
PASS	mul-0-2-2-4-false
PASS	mul-0-2-2-4-true
PASS	mul-0-2-2-5-false
PASS	mul-0-2-2-5-true
PASS	mul-0-2-2-8-false
PASS	mul-0-2-2-8-true
PASS	mul-0-2-3-1-false
PASS	mul-0-2-3-1-true
PASS	mul-0-2-3-2-false
PASS	mul-0-2-3-2-true
PASS	mul-0-2-3-3-false
PASS	mul-0-2-3-3-true
PASS	mul-0-2-3-4-false
PASS	mul-0-2-3-4-true
PASS	mul-0-2-3-5-false
PASS	mul-0-2-3-5-true
PASS	mul-0-2-3-8-false
PASS	mul-0-2-3-8-true
PASS	mul-0-2-4-1-false
PASS	mul-0-2-4-1-true
PASS	mul-0-2-4-2-false
PASS	mul-0-2-4-2-true
PASS	mul-0-2-4-3-false
PASS	mul-0-2-4-3-true
PASS	mul-0-2-4-4-false
PASS	mul-0-2-4-4-true
PASS	mul-0-2-4-5-false
PASS	mul-0-2-4-5-true
PASS	mul-0-2-4-8-false
PASS	mul-0-2-4-8-true
PASS	mul-0-2-5-1-false
PASS	mul-0-2-5-1-true
PASS	mul-0-2-5-2-false
PASS	mul-0-2-5-2-true
PASS	mul-0-2-5-3-false
PASS	mul-0-2-5-3-true
PASS	mul-0-2-5-4-false
PASS	mul-0-2-5-4-true
PASS	mul-0-2-5-5-false
PASS	mul-0-2-5-5-true
PASS	mul-0-2-5-8-false
PASS	mul-0-2-5-8-true
PASS	mul-0-2-8-1-false
PASS	mul-0-2-8-1-true
PASS	mul-0-2-8-2-false
PASS	mul-0-2-8-2-true
PASS	mul-0-2-8-3-false
PASS	mul-0-2-8-3-true
PASS	mul-0-2-8-4-false
PASS	mul-0-2-8-4-true
PASS	mul-0-2-8-5-false
PASS	mul-0-2-8-5-true
PASS	mul-0-2-8-8-false
PASS	mul-0-2-8-8-true
PASS	mul-0-3-1-1-false
PASS	mul-0-3-1-1-true
PASS	mul-0-3-1-2-false
PASS	mul-0-3-1-2-true
PASS	mul-0-3-1-3-false
PASS	mul-0-3-1-3-true
PASS	mul-0-3-1-4-false
PASS	mul-0-3-1-4-true
PASS	mul-0-3-1-5-false
PASS	mul-0-3-1-5-true
PASS	mul-0-3-1-8-false
PASS	mul-0-3-1-8-true
PASS	mul-0-3-2-1-false
PASS	mul-0-3-2-1-true
PASS	mul-0-3-2-2-false
PASS	mul-0-3-2-2-true
PASS	mul-0-3-2-3-false
PASS	mul-0-3-2-3-true
PASS	mul-0-3-2-4-false
PASS	mul-0-3-2-4-true
PASS	mul-0-3-2-5-false
PASS	mul-0-3-2-5-true
PASS	mul-0-3-2-8-false
PASS	mul-0-3-2-8-true
PASS	mul-0-3-3-1-false
PASS	mul-0-3-3-1-true
PASS	mul-0-3-3-2-false
PASS	mul-0-3-3-2-true
PASS	mul-0-3-3-3-false
PASS	mul-0-3-3-3-true
PASS	mul-0-3-3-4-false
PASS	mul-0-3-3-4-true
PASS	mul-0-3-3-5-false
PASS	mul-0-3-3-5-true
PASS	mul-0-3-3-8-false
PASS	mul-0-3-3-8-true
PASS	mul-0-3-4-1-false
PASS	mul-0-3-4-1-true
PASS	mul-0-3-4-2-false
PASS	mul-0-3-4-2-true
PASS	mul-0-3-4-3-false
PASS	mul-0-3-4-3-true
PASS	mul-0-3-4-4-false
PASS	mul-0-3-4-4-true
PASS	mul-0-3-4-5-false
PASS	mul-0-3-4-5-true
PASS	mul-0-3-4-8-false
PASS	mul-0-3-4-8-true
PASS	mul-0-3-5-1-false
PASS	mul-0-3-5-1-true
PASS	mul-0-3-5-2-false
PASS	mul-0-3-5-2-true
PASS	mul-0-3-5-3-false
PASS	mul-0-3-5-3-true
PASS	mul-0-3-5-4-false
PASS	mul-0-3-5-4-true
PASS	mul-0-3-5-5-false
PASS	mul-0-3-5-5-true
PASS	mul-0-3-5-8-false
PASS	mul-0-3-5-8-true
PASS	mul-0-3-8-1-false
PASS	mul-0-3-8-1-true
PASS	mul-0-3-8-2-false
PASS	mul-0-3-8-2-true
PASS	mul-0-3-8-3-false
PASS	mul-0-3-8-3-true
PASS	mul-0-3-8-4-false
PASS	mul-0-3-8-4-true
PASS	mul-0-3-8-5-false
PASS	mul-0-3-8-5-true
PASS	mul-0-3-8-8-false
PASS	mul-0-3-8-8-true
PASS	mul-0-4-1-1-false
PASS	mul-0-4-1-1-true
PASS	mul-0-4-1-2-false
PASS	mul-0-4-1-2-true
PASS	mul-0-4-1-3-false
PASS	mul-0-4-1-3-true
PASS	mul-0-4-1-4-false
PASS	mul-0-4-1-4-true
PASS	mul-0-4-1-5-false
PASS	mul-0-4-1-5-true
PASS	mul-0-4-1-8-false
PASS	mul-0-4-1-8-true
PASS	mul-0-4-2-1-false
PASS	mul-0-4-2-1-true
PASS	mul-0-4-2-2-false
PASS	mul-0-4-2-2-true
PASS	mul-0-4-2-3-false
PASS	mul-0-4-2-3-true
PASS	mul-0-4-2-4-false
PASS	mul-0-4-2-4-true
PASS	mul-0-4-2-5-false
PASS	mul-0-4-2-5-true
PASS	mul-0-4-2-8-false
PASS	mul-0-4-2-8-true
PASS	mul-0-4-3-1-false
PASS	mul-0-4-3-1-true
PASS	mul-0-4-3-2-false
PASS	mul-0-4-3-2-true
PASS	mul-0-4-3-3-false
PASS	mul-0-4-3-3-true
PASS	mul-0-4-3-4-false
PASS	mul-0-4-3-4-true
PASS	mul-0-4-3-5-false
PASS	mul-0-4-3-5-true
PASS	mul-0-4-3-8-false
PASS	mul-0-4-3-8-true
PASS	mul-0-4-4-1-false
PASS	mul-0-4-4-1-true
PASS	mul-0-4-4-2-false
PASS	mul-0-4-4-2-true
PASS	mul-0-4-4-3-false
PASS	mul-0-4-4-3-true
PASS	mul-0-4-4-4-false
PASS	mul-0-4-4-4-true
PASS	mul-0-4-4-5-false
PASS	mul-0-4-4-5-true
PASS	mul-0-4-4-8-false
PASS	mul-0-4-4-8-true
PASS	mul-0-4-5-1-false
PASS	mul-0-4-5-1-true
PASS	mul-0-4-5-2-false
PASS	mul-0-4-5-2-true
PASS	mul-0-4-5-3-false
PASS	mul-0-4-5-3-true
PASS	mul-0-4-5-4-false
PASS	mul-0-4-5-4-true
PASS	mul-0-4-5-5-false
PASS	mul-0-4-5-5-true
PASS	mul-0-4-5-8-false
PASS	mul-0-4-5-8-true
PASS	mul-0-4-8-1-false
PASS	mul-0-4-8-1-true
PASS	mul-0-4-8-2-false
PASS	mul-0-4-8-2-true
PASS	mul-0-4-8-3-false
PASS	mul-0-4-8-3-true
PASS	mul-0-4-8-4-false
PASS	mul-0-4-8-4-true
PASS	mul-0-4-8-5-false
PASS	mul-0-4-8-5-true
PASS	mul-0-4-8-8-false
PASS	mul-0-4-8-8-true
PASS	mul-0-5-1-1-false
PASS	mul-0-5-1-1-true
PASS	mul-0-5-1-2-false
PASS	mul-0-5-1-2-true
PASS	mul-0-5-1-3-false
PASS	mul-0-5-1-3-true
PASS	mul-0-5-1-4-false
PASS	mul-0-5-1-4-true
PASS	mul-0-5-1-5-false
PASS	mul-0-5-1-5-true
PASS	mul-0-5-1-8-false
PASS	mul-0-5-1-8-true
PASS	mul-0-5-2-1-false
PASS	mul-0-5-2-1-true
PASS	mul-0-5-2-2-false
PASS	mul-0-5-2-2-true
PASS	mul-0-5-2-3-false
PASS	mul-0-5-2-3-true
PASS	mul-0-5-2-4-false
PASS	mul-0-5-2-4-true
PASS	mul-0-5-2-5-false
PASS	mul-0-5-2-5-true
PASS	mul-0-5-2-8-false
PASS	mul-0-5-2-8-true
PASS	mul-0-5-3-1-false
PASS	mul-0-5-3-1-true
PASS	mul-0-5-3-2-false
PASS	mul-0-5-3-2-true
PASS	mul-0-5-3-3-false
PASS	mul-0-5-3-3-true
PASS	mul-0-5-3-4-false
PASS	mul-0-5-3-4-true
PASS	mul-0-5-3-5-false
PASS	mul-0-5-3-5-true
PASS	mul-0-5-3-8-false
PASS	mul-0-5-3-8-true
PASS	mul-0-5-4-1-false
PASS	mul-0-5-4-1-true
PASS	mul-0-5-4-2-false
PASS	mul-0-5-4-2-true
PASS	mul-0-5-4-3-false
PASS	mul-0-5-4-3-true
PASS	mul-0-5-4-4-false
PASS	mul-0-5-4-4-true
PASS	mul-0-5-4-5-false
PASS	mul-0-5-4-5-true
PASS	mul-0-5-4-8-false
PASS	mul-0-5-4-8-true
PASS	mul-0-5-5-1-false
PASS	mul-0-5-5-1-true
PASS	mul-0-5-5-2-false
PASS	mul-0-5-5-2-true
PASS	mul-0-5-5-3-false
PASS	mul-0-5-5-3-true
PASS	mul-0-5-5-4-false
PASS	mul-0-5-5-4-true
PASS	mul-0-5-5-5-false
PASS	mul-0-5-5-5-true
PASS	mul-0-5-5-8-false
PASS	mul-0-5-5-8-true
PASS	mul-0-5-8-1-false
PASS	mul-0-5-8-1-true
PASS	mul-0-5-8-2-false
PASS	mul-0-5-8-2-true
PASS	mul-0-5-8-3-false
PASS	mul-0-5-8-3-true
PASS	mul-0-5-8-4-false
PASS	mul-0-5-8-4-true
PASS	mul-0-5-8-5-false
PASS	mul-0-5-8-5-true
PASS	mul-0-5-8-8-false
PASS	mul-0-5-8-8-true
PASS	mul-0-8-1-1-false
PASS	mul-0-8-1-1-true
PASS	mul-0-8-1-2-false
PASS	mul-0-8-1-2-true
PASS	mul-0-8-1-3-false
PASS	mul-0-8-1-3-true
PASS	mul-0-8-1-4-false
PASS	mul-0-8-1-4-true
PASS	mul-0-8-1-5-false
PASS	mul-0-8-1-5-true
PASS	mul-0-8-1-8-false
PASS	mul-0-8-1-8-true
PASS	mul-0-8-2-1-false
PASS	mul-0-8-2-1-true
PASS	mul-0-8-2-2-false
PASS	mul-0-8-2-2-true
PASS	mul-0-8-2-3-false
PASS	mul-0-8-2-3-true
PASS	mul-0-8-2-4-false
PASS	mul-0-8-2-4-true
PASS	mul-0-8-2-5-false
PASS	mul-0-8-2-5-true
PASS	mul-0-8-2-8-false
PASS	mul-0-8-2-8-true
PASS	mul-0-8-3-1-false
PASS	mul-0-8-3-1-true
PASS	mul-0-8-3-2-false
PASS	mul-0-8-3-2-true
PASS	mul-0-8-3-3-false
PASS	mul-0-8-3-3-true
PASS	mul-0-8-3-4-false
PASS	mul-0-8-3-4-true
PASS	mul-0-8-3-5-false
PASS	mul-0-8-3-5-true
PASS	mul-0-8-3-8-false
PASS	mul-0-8-3-8-true
PASS	mul-0-8-4-1-false
PASS	mul-0-8-4-1-true
PASS	mul-0-8-4-2-false
PASS	mul-0-8-4-2-true
PASS	mul-0-8-4-3-false
PASS	mul-0-8-4-3-true
PASS	mul-0-8-4-4-false
PASS	mul-0-8-4-4-true
PASS	mul-0-8-4-5-false
PASS	mul-0-8-4-5-true
PASS	mul-0-8-4-8-false
PASS	mul-0-8-4-8-true
PASS	mul-0-8-5-1-false
PASS	mul-0-8-5-1-true
PASS	mul-0-8-5-2-false
PASS	mul-0-8-5-2-true
PASS	mul-0-8-5-3-false
PASS	mul-0-8-5-3-true
PASS	mul-0-8-5-4-false
PASS	mul-0-8-5-4-true
PASS	mul-0-8-5-5-false
PASS	mul-0-8-5-5-true
PASS	mul-0-8-5-8-false
PASS	mul-0-8-5-8-true
PASS	mul-0-8-8-1-false
PASS	mul-0-8-8-1-true
PASS	mul-0-8-8-2-false
PASS	mul-0-8-8-2-true
PASS	mul-0-8-8-3-false
PASS	mul-0-8-8-3-true
PASS	mul-0-8-8-4-false
PASS	mul-0-8-8-4-true
PASS	mul-0-8-8-5-false
PASS	mul-0-8-8-5-true
PASS	mul-0-8-8-8-false
PASS	mul-0-8-8-8-true
PASS	mul-1-1-1-1-false
PASS	mul-1-1-1-1-true
PASS	mul-1-1-1-2-false
PASS	mul-1-1-1-2-true
PASS	mul-1-1-1-3-false
PASS	mul-1-1-1-3-true
PASS	mul-1-1-1-4-false
PASS	mul-1-1-1-4-true
PASS	mul-1-1-1-5-false
PASS	mul-1-1-1-5-true
PASS	mul-1-1-1-8-false
PASS	mul-1-1-1-8-true
PASS	mul-1-1-2-1-false
PASS	mul-1-1-2-1-true
PASS	mul-1-1-2-2-false
PASS	mul-1-1-2-2-true
PASS	mul-1-1-2-3-false
PASS	mul-1-1-2-3-true
PASS	mul-1-1-2-4-false
PASS	mul-1-1-2-4-true
PASS	mul-1-1-2-5-false
PASS	mul-1-1-2-5-true
PASS	mul-1-1-2-8-false
PASS	mul-1-1-2-8-true
PASS	mul-1-1-3-1-false
PASS	mul-1-1-3-1-true
PASS	mul-1-1-3-2-false
PASS	mul-1-1-3-2-true
PASS	mul-1-1-3-3-false
PASS	mul-1-1-3-3-true
PASS	mul-1-1-3-4-false
PASS	mul-1-1-3-4-true
PASS	mul-1-1-3-5-false
PASS	mul-1-1-3-5-true
PASS	mul-1-1-3-8-false
PASS	mul-1-1-3-8-true
PASS	mul-1-1-4-1-false
PASS	mul-1-1-4-1-true
PASS	mul-1-1-4-2-false
PASS	mul-1-1-4-2-true
PASS	mul-1-1-4-3-false
PASS	mul-1-1-4-3-true
PASS	mul-1-1-4-4-false
PASS	mul-1-1-4-4-true
PASS	mul-1-1-4-5-false
PASS	mul-1-1-4-5-true
PASS	mul-1-1-4-8-false
PASS	mul-1-1-4-8-true
PASS	mul-1-1-5-1-false
PASS	mul-1-1-5-1-true
PASS	mul-1-1-5-2-false
PASS	mul-1-1-5-2-true
PASS	mul-1-1-5-3-false
PASS	mul-1-1-5-3-true
PASS	mul-1-1-5-4-false
PASS	mul-1-1-5-4-true
PASS	mul-1-1-5-5-false
PASS	mul-1-1-5-5-true
PASS	mul-1-1-5-8-false
PASS	mul-1-1-5-8-true
PASS	mul-1-1-8-1-false
PASS	mul-1-1-8-1-true
PASS	mul-1-1-8-2-false
PASS	mul-1-1-8-2-true
PASS	mul-1-1-8-3-false
PASS	mul-1-1-8-3-true
PASS	mul-1-1-8-4-false
PASS	mul-1-1-8-4-true
PASS	mul-1-1-8-5-false
PASS	mul-1-1-8-5-true
PASS	mul-1-1-8-8-false
PASS	mul-1-1-8-8-true
PASS	mul-1-2-1-1-false
PASS	mul-1-2-1-1-true
PASS	mul-1-2-1-2-false
PASS	mul-1-2-1-2-true
PASS	mul-1-2-1-3-false
PASS	mul-1-2-1-3-true
PASS	mul-1-2-1-4-false
PASS	mul-1-2-1-4-true
PASS	mul-1-2-1-5-false
PASS	mul-1-2-1-5-true
PASS	mul-1-2-1-8-false
PASS	mul-1-2-1-8-true
PASS	mul-1-2-2-1-false
PASS	mul-1-2-2-1-true
PASS	mul-1-2-2-2-false
PASS	mul-1-2-2-2-true
PASS	mul-1-2-2-3-false
PASS	mul-1-2-2-3-true
PASS	mul-1-2-2-4-false
PASS	mul-1-2-2-4-true
PASS	mul-1-2-2-5-false
PASS	mul-1-2-2-5-true
PASS	mul-1-2-2-8-false
PASS	mul-1-2-2-8-true
PASS	mul-1-2-3-1-false
PASS	mul-1-2-3-1-true
PASS	mul-1-2-3-2-false
PASS	mul-1-2-3-2-true
PASS	mul-1-2-3-3-false
PASS	mul-1-2-3-3-true
PASS	mul-1-2-3-4-false
PASS	mul-1-2-3-4-true
PASS	mul-1-2-3-5-false
PASS	mul-1-2-3-5-true
PASS	mul-1-2-3-8-false
PASS	mul-1-2-3-8-true
PASS	mul-1-2-4-1-false
PASS	mul-1-2-4-1-true
PASS	mul-1-2-4-2-false
PASS	mul-1-2-4-2-true
PASS	mul-1-2-4-3-false
PASS	mul-1-2-4-3-true
PASS	mul-1-2-4-4-false
PASS	mul-1-2-4-4-true
PASS	mul-1-2-4-5-false
PASS	mul-1-2-4-5-true
PASS	mul-1-2-4-8-false
PASS	mul-1-2-4-8-true
PASS	mul-1-2-5-1-false
PASS	mul-1-2-5-1-true
PASS	mul-1-2-5-2-false
PASS	mul-1-2-5-2-true
PASS	mul-1-2-5-3-false
PASS	mul-1-2-5-3-true
PASS	mul-1-2-5-4-false
PASS	mul-1-2-5-4-true
PASS	mul-1-2-5-5-false
PASS	mul-1-2-5-5-true
PASS	mul-1-2-5-8-false
PASS	mul-1-2-5-8-true
PASS	mul-1-2-8-1-false
PASS	mul-1-2-8-1-true
PASS	mul-1-2-8-2-false
PASS	mul-1-2-8-2-true
PASS	mul-1-2-8-3-false
PASS	mul-1-2-8-3-true
PASS	mul-1-2-8-4-false
PASS	mul-1-2-8-4-true
PASS	mul-1-2-8-5-false
PASS	mul-1-2-8-5-true
PASS	mul-1-2-8-8-false
PASS	mul-1-2-8-8-true
PASS	mul-1-3-1-1-false
PASS	mul-1-3-1-1-true
PASS	mul-1-3-1-2-false
PASS	mul-1-3-1-2-true
PASS	mul-1-3-1-3-false
PASS	mul-1-3-1-3-true
PASS	mul-1-3-1-4-false
PASS	mul-1-3-1-4-true
PASS	mul-1-3-1-5-false
PASS	mul-1-3-1-5-true
PASS	mul-1-3-1-8-false
PASS	mul-1-3-1-8-true
PASS	mul-1-3-2-1-false
PASS	mul-1-3-2-1-true
PASS	mul-1-3-2-2-false
PASS	mul-1-3-2-2-true
PASS	mul-1-3-2-3-false
PASS	mul-1-3-2-3-true
PASS	mul-1-3-2-4-false
PASS	mul-1-3-2-4-true
PASS	mul-1-3-2-5-false
PASS	mul-1-3-2-5-true
PASS	mul-1-3-2-8-false
PASS	mul-1-3-2-8-true
PASS	mul-1-3-3-1-false
PASS	mul-1-3-3-1-true
PASS	mul-1-3-3-2-false
PASS	mul-1-3-3-2-true
PASS	mul-1-3-3-3-false
PASS	mul-1-3-3-3-true
PASS	mul-1-3-3-4-false
PASS	mul-1-3-3-4-true
PASS	mul-1-3-3-5-false
PASS	mul-1-3-3-5-true
PASS	mul-1-3-3-8-false
PASS	mul-1-3-3-8-true
PASS	mul-1-3-4-1-false
PASS	mul-1-3-4-1-true
PASS	mul-1-3-4-2-false
PASS	mul-1-3-4-2-true
PASS	mul-1-3-4-3-false
PASS	mul-1-3-4-3-true
PASS	mul-1-3-4-4-false
PASS	mul-1-3-4-4-true
PASS	mul-1-3-4-5-false
PASS	mul-1-3-4-5-true
PASS	mul-1-3-4-8-false
PASS	mul-1-3-4-8-true
PASS	mul-1-3-5-1-false
PASS	mul-1-3-5-1-true
PASS	mul-1-3-5-2-false
PASS	mul-1-3-5-2-true
PASS	mul-1-3-5-3-false
PASS	mul-1-3-5-3-true
PASS	mul-1-3-5-4-false
PASS	mul-1-3-5-4-true
PASS	mul-1-3-5-5-false
PASS	mul-1-3-5-5-true
PASS	mul-1-3-5-8-false
PASS	mul-1-3-5-8-true
PASS	mul-1-3-8-1-false
PASS	mul-1-3-8-1-true
PASS	mul-1-3-8-2-false
PASS	mul-1-3-8-2-true
PASS	mul-1-3-8-3-false
PASS	mul-1-3-8-3-true
PASS	mul-1-3-8-4-false
PASS	mul-1-3-8-4-true
PASS	mul-1-3-8-5-false
PASS	mul-1-3-8-5-true
PASS	mul-1-3-8-8-false
PASS	mul-1-3-8-8-true
PASS	mul-1-4-1-1-false
PASS	mul-1-4-1-1-true
PASS	mul-1-4-1-2-false
PASS	mul-1-4-1-2-true
PASS	mul-1-4-1-3-false
PASS	mul-1-4-1-3-true
PASS	mul-1-4-1-4-false
PASS	mul-1-4-1-4-true
PASS	mul-1-4-1-5-false
PASS	mul-1-4-1-5-true
PASS	mul-1-4-1-8-false
PASS	mul-1-4-1-8-true
PASS	mul-1-4-2-1-false
PASS	mul-1-4-2-1-true
PASS	mul-1-4-2-2-false
PASS	mul-1-4-2-2-true
PASS	mul-1-4-2-3-false
PASS	mul-1-4-2-3-true
PASS	mul-1-4-2-4-false
PASS	mul-1-4-2-4-true
PASS	mul-1-4-2-5-false
PASS	mul-1-4-2-5-true
PASS	mul-1-4-2-8-false
PASS	mul-1-4-2-8-true
PASS	mul-1-4-3-1-false
PASS	mul-1-4-3-1-true
PASS	mul-1-4-3-2-false
PASS	mul-1-4-3-2-true
PASS	mul-1-4-3-3-false
PASS	mul-1-4-3-3-true
PASS	mul-1-4-3-4-false
PASS	mul-1-4-3-4-true
PASS	mul-1-4-3-5-false
PASS	mul-1-4-3-5-true
PASS	mul-1-4-3-8-false
PASS	mul-1-4-3-8-true
PASS	mul-1-4-4-1-false
PASS	mul-1-4-4-1-true
PASS	mul-1-4-4-2-false
PASS	mul-1-4-4-2-true
PASS	mul-1-4-4-3-false
PASS	mul-1-4-4-3-true
PASS	mul-1-4-4-4-false
PASS	mul-1-4-4-4-true
PASS	mul-1-4-4-5-false
PASS	mul-1-4-4-5-true
PASS	mul-1-4-4-8-false
PASS	mul-1-4-4-8-true
PASS	mul-1-4-5-1-false
PASS	mul-1-4-5-1-true
PASS	mul-1-4-5-2-false
PASS	mul-1-4-5-2-true
PASS	mul-1-4-5-3-false
PASS	mul-1-4-5-3-true
PASS	mul-1-4-5-4-false
PASS	mul-1-4-5-4-true
PASS	mul-1-4-5-5-false
PASS	mul-1-4-5-5-true
PASS	mul-1-4-5-8-false
PASS	mul-1-4-5-8-true
PASS	mul-1-4-8-1-false
PASS	mul-1-4-8-1-true
PASS	mul-1-4-8-2-false
PASS	mul-1-4-8-2-true
PASS	mul-1-4-8-3-false
PASS	mul-1-4-8-3-true
PASS	mul-1-4-8-4-false
PASS	mul-1-4-8-4-true
PASS	mul-1-4-8-5-false
PASS	mul-1-4-8-5-true
PASS	mul-1-4-8-8-false
PASS	mul-1-4-8-8-true
PASS	mul-1-5-1-1-false
PASS	mul-1-5-1-1-true
PASS	mul-1-5-1-2-false
PASS	mul-1-5-1-2-true
PASS	mul-1-5-1-3-false
PASS	mul-1-5-1-3-true
PASS	mul-1-5-1-4-false
PASS	mul-1-5-1-4-true
PASS	mul-1-5-1-5-false
PASS	mul-1-5-1-5-true
PASS	mul-1-5-1-8-false
PASS	mul-1-5-1-8-true
PASS	mul-1-5-2-1-false
PASS	mul-1-5-2-1-true
PASS	mul-1-5-2-2-false
PASS	mul-1-5-2-2-true
PASS	mul-1-5-2-3-false
PASS	mul-1-5-2-3-true
PASS	mul-1-5-2-4-false
PASS	mul-1-5-2-4-true
PASS	mul-1-5-2-5-false
PASS	mul-1-5-2-5-true
PASS	mul-1-5-2-8-false
PASS	mul-1-5-2-8-true
PASS	mul-1-5-3-1-false
PASS	mul-1-5-3-1-true
PASS	mul-1-5-3-2-false
PASS	mul-1-5-3-2-true
PASS	mul-1-5-3-3-false
PASS	mul-1-5-3-3-true
PASS	mul-1-5-3-4-false
PASS	mul-1-5-3-4-true
PASS	mul-1-5-3-5-false
PASS	mul-1-5-3-5-true
PASS	mul-1-5-3-8-false
PASS	mul-1-5-3-8-true
PASS	mul-1-5-4-1-false
PASS	mul-1-5-4-1-true
PASS	mul-1-5-4-2-false
PASS	mul-1-5-4-2-true
PASS	mul-1-5-4-3-false
PASS	mul-1-5-4-3-true
PASS	mul-1-5-4-4-false
PASS	mul-1-5-4-4-true
PASS	mul-1-5-4-5-false
PASS	mul-1-5-4-5-true
PASS	mul-1-5-4-8-false
PASS	mul-1-5-4-8-true
PASS	mul-1-5-5-1-false
PASS	mul-1-5-5-1-true
PASS	mul-1-5-5-2-false
PASS	mul-1-5-5-2-true
PASS	mul-1-5-5-3-false
PASS	mul-1-5-5-3-true
PASS	mul-1-5-5-4-false
PASS	mul-1-5-5-4-true
PASS	mul-1-5-5-5-false
PASS	mul-1-5-5-5-true
PASS	mul-1-5-5-8-false
PASS	mul-1-5-5-8-true
PASS	mul-1-5-8-1-false
PASS	mul-1-5-8-1-true
PASS	mul-1-5-8-2-false
PASS	mul-1-5-8-2-true
PASS	mul-1-5-8-3-false
PASS	mul-1-5-8-3-true
PASS	mul-1-5-8-4-false
PASS	mul-1-5-8-4-true
PASS	mul-1-5-8-5-false
PASS	mul-1-5-8-5-true
PASS	mul-1-5-8-8-false
PASS	mul-1-5-8-8-true
PASS	mul-1-8-1-1-false
PASS	mul-1-8-1-1-true
PASS	mul-1-8-1-2-false
PASS	mul-1-8-1-2-true
PASS	mul-1-8-1-3-false
PASS	mul-1-8-1-3-true
PASS	mul-1-8-1-4-false
PASS	mul-1-8-1-4-true
PASS	mul-1-8-1-5-false
PASS	mul-1-8-1-5-true
PASS	mul-1-8-1-8-false
PASS	mul-1-8-1-8-true
PASS	mul-1-8-2-1-false
PASS	mul-1-8-2-1-true
PASS	mul-1-8-2-2-false
PASS	mul-1-8-2-2-true
PASS	mul-1-8-2-3-false
PASS	mul-1-8-2-3-true
PASS	mul-1-8-2-4-false
PASS	mul-1-8-2-4-true
PASS	mul-1-8-2-5-false
PASS	mul-1-8-2-5-true
PASS	mul-1-8-2-8-false
PASS	mul-1-8-2-8-true
PASS	mul-1-8-3-1-false
PASS	mul-1-8-3-1-true
PASS	mul-1-8-3-2-false
PASS	mul-1-8-3-2-true
PASS	mul-1-8-3-3-false
PASS	mul-1-8-3-3-true
PASS	mul-1-8-3-4-false
PASS	mul-1-8-3-4-true
PASS	mul-1-8-3-5-false
PASS	mul-1-8-3-5-true
PASS	mul-1-8-3-8-false
PASS	mul-1-8-3-8-true
PASS	mul-1-8-4-1-false
PASS	mul-1-8-4-1-true
PASS	mul-1-8-4-2-false
PASS	mul-1-8-4-2-true
PASS	mul-1-8-4-3-false
PASS	mul-1-8-4-3-true
PASS	mul-1-8-4-4-false
PASS	mul-1-8-4-4-true
PASS	mul-1-8-4-5-false
PASS	mul-1-8-4-5-true
PASS	mul-1-8-4-8-false
PASS	mul-1-8-4-8-true
PASS	mul-1-8-5-1-false
PASS	mul-1-8-5-1-true
PASS	mul-1-8-5-2-false
PASS	mul-1-8-5-2-true
PASS	mul-1-8-5-3-false
PASS	mul-1-8-5-3-true
PASS	mul-1-8-5-4-false
PASS	mul-1-8-5-4-true
PASS	mul-1-8-5-5-false
PASS	mul-1-8-5-5-true
PASS	mul-1-8-5-8-false
PASS	mul-1-8-5-8-true
PASS	mul-1-8-8-1-false
PASS	mul-1-8-8-1-true
PASS	mul-1-8-8-2-false
PASS	mul-1-8-8-2-true
PASS	mul-1-8-8-3-false
PASS	mul-1-8-8-3-true
PASS	mul-1-8-8-4-false
PASS	mul-1-8-8-4-true
PASS	mul-1-8-8-5-false
PASS	mul-1-8-8-5-true
PASS	mul-1-8-8-8-false
PASS	mul-1-8-8-8-true
PASS	mul-2-1-1-1-false
PASS	mul-2-1-1-1-true
PASS	mul-2-1-1-2-false
PASS	mul-2-1-1-2-true
PASS	mul-2-1-1-3-false
PASS	mul-2-1-1-3-true
PASS	mul-2-1-1-4-false
PASS	mul-2-1-1-4-true
PASS	mul-2-1-1-5-false
PASS	mul-2-1-1-5-true
PASS	mul-2-1-1-8-false
PASS	mul-2-1-1-8-true
PASS	mul-2-1-2-1-false
PASS	mul-2-1-2-1-true
PASS	mul-2-1-2-2-false
PASS	mul-2-1-2-2-true
PASS	mul-2-1-2-3-false
PASS	mul-2-1-2-3-true
PASS	mul-2-1-2-4-false
PASS	mul-2-1-2-4-true
PASS	mul-2-1-2-5-false
PASS	mul-2-1-2-5-true
PASS	mul-2-1-2-8-false
PASS	mul-2-1-2-8-true
PASS	mul-2-1-3-1-false
PASS	mul-2-1-3-1-true
PASS	mul-2-1-3-2-false
PASS	mul-2-1-3-2-true
PASS	mul-2-1-3-3-false
PASS	mul-2-1-3-3-true
PASS	mul-2-1-3-4-false
PASS	mul-2-1-3-4-true
PASS	mul-2-1-3-5-false
PASS	mul-2-1-3-5-true
PASS	mul-2-1-3-8-false
PASS	mul-2-1-3-8-true
PASS	mul-2-1-4-1-false
PASS	mul-2-1-4-1-true
PASS	mul-2-1-4-2-false
PASS	mul-2-1-4-2-true
PASS	mul-2-1-4-3-false
PASS	mul-2-1-4-3-true
PASS	mul-2-1-4-4-false
PASS	mul-2-1-4-4-true
PASS	mul-2-1-4-5-false
PASS	mul-2-1-4-5-true
PASS	mul-2-1-4-8-false
PASS	mul-2-1-4-8-true
PASS	mul-2-1-5-1-false
PASS	mul-2-1-5-1-true
PASS	mul-2-1-5-2-false
PASS	mul-2-1-5-2-true
PASS	mul-2-1-5-3-false
PASS	mul-2-1-5-3-true
PASS	mul-2-1-5-4-false
PASS	mul-2-1-5-4-true
PASS	mul-2-1-5-5-false
PASS	mul-2-1-5-5-true
PASS	mul-2-1-5-8-false
PASS	mul-2-1-5-8-true
PASS	mul-2-1-8-1-false
PASS	mul-2-1-8-1-true
PASS	mul-2-1-8-2-false
PASS	mul-2-1-8-2-true
PASS	mul-2-1-8-3-false
PASS	mul-2-1-8-3-true
PASS	mul-2-1-8-4-false
PASS	mul-2-1-8-4-true
PASS	mul-2-1-8-5-false
PASS	mul-2-1-8-5-true
PASS	mul-2-1-8-8-false
PASS	mul-2-1-8-8-true
PASS	mul-2-2-1-1-false
PASS	mul-2-2-1-1-true
PASS	mul-2-2-1-2-false
PASS	mul-2-2-1-2-true
PASS	mul-2-2-1-3-false
PASS	mul-2-2-1-3-true
PASS	mul-2-2-1-4-false
PASS	mul-2-2-1-4-true
PASS	mul-2-2-1-5-false
PASS	mul-2-2-1-5-true
PASS	mul-2-2-1-8-false
PASS	mul-2-2-1-8-true
PASS	mul-2-2-2-1-false
PASS	mul-2-2-2-1-true
PASS	mul-2-2-2-2-false
PASS	mul-2-2-2-2-true
PASS	mul-2-2-2-3-false
PASS	mul-2-2-2-3-true
PASS	mul-2-2-2-4-false
PASS	mul-2-2-2-4-true
PASS	mul-2-2-2-5-false
PASS	mul-2-2-2-5-true
PASS	mul-2-2-2-8-false
PASS	mul-2-2-2-8-true
PASS	mul-2-2-3-1-false
PASS	mul-2-2-3-1-true
PASS	mul-2-2-3-2-false
PASS	mul-2-2-3-2-true
PASS	mul-2-2-3-3-false
PASS	mul-2-2-3-3-true
PASS	mul-2-2-3-4-false
PASS	mul-2-2-3-4-true
PASS	mul-2-2-3-5-false
PASS	mul-2-2-3-5-true
PASS	mul-2-2-3-8-false
PASS	mul-2-2-3-8-true
PASS	mul-2-2-4-1-false
PASS	mul-2-2-4-1-true
PASS	mul-2-2-4-2-false
PASS	mul-2-2-4-2-true
PASS	mul-2-2-4-3-false
PASS	mul-2-2-4-3-true
PASS	mul-2-2-4-4-false
PASS	mul-2-2-4-4-true
PASS	mul-2-2-4-5-false
PASS	mul-2-2-4-5-true
PASS	mul-2-2-4-8-false
PASS	mul-2-2-4-8-true
PASS	mul-2-2-5-1-false
PASS	mul-2-2-5-1-true
PASS	mul-2-2-5-2-false
PASS	mul-2-2-5-2-true
PASS	mul-2-2-5-3-false
PASS	mul-2-2-5-3-true
PASS	mul-2-2-5-4-false
PASS	mul-2-2-5-4-true
PASS	mul-2-2-5-5-false
PASS	mul-2-2-5-5-true
PASS	mul-2-2-5-8-false
PASS	mul-2-2-5-8-true
PASS	mul-2-2-8-1-false
PASS	mul-2-2-8-1-true
PASS	mul-2-2-8-2-false
PASS	mul-2-2-8-2-true
PASS	mul-2-2-8-3-false
PASS	mul-2-2-8-3-true
PASS	mul-2-2-8-4-false
PASS	mul-2-2-8-4-true
PASS	mul-2-2-8-5-false
PASS	mul-2-2-8-5-true
PASS	mul-2-2-8-8-false
PASS	mul-2-2-8-8-true
PASS	mul-2-3-1-1-false
PASS	mul-2-3-1-1-true
PASS	mul-2-3-1-2-false
PASS	mul-2-3-1-2-true
PASS	mul-2-3-1-3-false
PASS	mul-2-3-1-3-true
PASS	mul-2-3-1-4-false
PASS	mul-2-3-1-4-true
PASS	mul-2-3-1-5-false
PASS	mul-2-3-1-5-true
PASS	mul-2-3-1-8-false
PASS	mul-2-3-1-8-true
PASS	mul-2-3-2-1-false
PASS	mul-2-3-2-1-true
PASS	mul-2-3-2-2-false
PASS	mul-2-3-2-2-true
PASS	mul-2-3-2-3-false
PASS	mul-2-3-2-3-true
PASS	mul-2-3-2-4-false
PASS	mul-2-3-2-4-true
PASS	mul-2-3-2-5-false
PASS	mul-2-3-2-5-true
PASS	mul-2-3-2-8-false
PASS	mul-2-3-2-8-true
PASS	mul-2-3-3-1-false
PASS	mul-2-3-3-1-true
PASS	mul-2-3-3-2-false
PASS	mul-2-3-3-2-true
PASS	mul-2-3-3-3-false
PASS	mul-2-3-3-3-true
PASS	mul-2-3-3-4-false
PASS	mul-2-3-3-4-true
PASS	mul-2-3-3-5-false
PASS	mul-2-3-3-5-true
PASS	mul-2-3-3-8-false
PASS	mul-2-3-3-8-true
PASS	mul-2-3-4-1-false
PASS	mul-2-3-4-1-true
PASS	mul-2-3-4-2-false
PASS	mul-2-3-4-2-true
PASS	mul-2-3-4-3-false
PASS	mul-2-3-4-3-true
PASS	mul-2-3-4-4-false
PASS	mul-2-3-4-4-true
PASS	mul-2-3-4-5-false
PASS	mul-2-3-4-5-true
PASS	mul-2-3-4-8-false
PASS	mul-2-3-4-8-true
PASS	mul-2-3-5-1-false
PASS	mul-2-3-5-1-true
PASS	mul-2-3-5-2-false
PASS	mul-2-3-5-2-true
PASS	mul-2-3-5-3-false
PASS	mul-2-3-5-3-true
PASS	mul-2-3-5-4-false
PASS	mul-2-3-5-4-true
PASS	mul-2-3-5-5-false
PASS	mul-2-3-5-5-true
PASS	mul-2-3-5-8-false
PASS	mul-2-3-5-8-true
PASS	mul-2-3-8-1-false
PASS	mul-2-3-8-1-true
PASS	mul-2-3-8-2-false
PASS	mul-2-3-8-2-true
PASS	mul-2-3-8-3-false
PASS	mul-2-3-8-3-true
PASS	mul-2-3-8-4-false
PASS	mul-2-3-8-4-true
PASS	mul-2-3-8-5-false
PASS	mul-2-3-8-5-true
PASS	mul-2-3-8-8-false
PASS	mul-2-3-8-8-true
PASS	mul-2-4-1-1-false
PASS	mul-2-4-1-1-true
PASS	mul-2-4-1-2-false
PASS	mul-2-4-1-2-true
PASS	mul-2-4-1-3-false
PASS	mul-2-4-1-3-true
PASS	mul-2-4-1-4-false
PASS	mul-2-4-1-4-true
PASS	mul-2-4-1-5-false
PASS	mul-2-4-1-5-true
PASS	mul-2-4-1-8-false
PASS	mul-2-4-1-8-true
PASS	mul-2-4-2-1-false
PASS	mul-2-4-2-1-true
PASS	mul-2-4-2-2-false
PASS	mul-2-4-2-2-true
PASS	mul-2-4-2-3-false
PASS	mul-2-4-2-3-true
PASS	mul-2-4-2-4-false
PASS	mul-2-4-2-4-true
PASS	mul-2-4-2-5-false
PASS	mul-2-4-2-5-true
PASS	mul-2-4-2-8-false
PASS	mul-2-4-2-8-true
PASS	mul-2-4-3-1-false
PASS	mul-2-4-3-1-true
PASS	mul-2-4-3-2-false
PASS	mul-2-4-3-2-true
PASS	mul-2-4-3-3-false
PASS	mul-2-4-3-3-true
PASS	mul-2-4-3-4-false
PASS	mul-2-4-3-4-true
PASS	mul-2-4-3-5-false
PASS	mul-2-4-3-5-true
PASS	mul-2-4-3-8-false
PASS	mul-2-4-3-8-true
PASS	mul-2-4-4-1-false
PASS	mul-2-4-4-1-true
PASS	mul-2-4-4-2-false
PASS	mul-2-4-4-2-true
PASS	mul-2-4-4-3-false
PASS	mul-2-4-4-3-true
PASS	mul-2-4-4-4-false
PASS	mul-2-4-4-4-true
PASS	mul-2-4-4-5-false
PASS	mul-2-4-4-5-true
PASS	mul-2-4-4-8-false
PASS	mul-2-4-4-8-true
PASS	mul-2-4-5-1-false
PASS	mul-2-4-5-1-true
PASS	mul-2-4-5-2-false
PASS	mul-2-4-5-2-true
PASS	mul-2-4-5-3-false
PASS	mul-2-4-5-3-true
PASS	mul-2-4-5-4-false
PASS	mul-2-4-5-4-true
PASS	mul-2-4-5-5-false
PASS	mul-2-4-5-5-true
PASS	mul-2-4-5-8-false
PASS	mul-2-4-5-8-true
PASS	mul-2-4-8-1-false
PASS	mul-2-4-8-1-true
PASS	mul-2-4-8-2-false
PASS	mul-2-4-8-2-true
PASS	mul-2-4-8-3-false
PASS	mul-2-4-8-3-true
PASS	mul-2-4-8-4-false
PASS	mul-2-4-8-4-true
PASS	mul-2-4-8-5-false
PASS	mul-2-4-8-5-true
PASS	mul-2-4-8-8-false
PASS	mul-2-4-8-8-true
PASS	mul-2-5-1-1-false
PASS	mul-2-5-1-1-true
PASS	mul-2-5-1-2-false
PASS	mul-2-5-1-2-true
PASS	mul-2-5-1-3-false
PASS	mul-2-5-1-3-true
PASS	mul-2-5-1-4-false
PASS	mul-2-5-1-4-true
PASS	mul-2-5-1-5-false
PASS	mul-2-5-1-5-true
PASS	mul-2-5-1-8-false
PASS	mul-2-5-1-8-true
PASS	mul-2-5-2-1-false
PASS	mul-2-5-2-1-true
PASS	mul-2-5-2-2-false
PASS	mul-2-5-2-2-true
PASS	mul-2-5-2-3-false
PASS	mul-2-5-2-3-true
PASS	mul-2-5-2-4-false
PASS	mul-2-5-2-4-true
PASS	mul-2-5-2-5-false
PASS	mul-2-5-2-5-true
PASS	mul-2-5-2-8-false
PASS	mul-2-5-2-8-true
PASS	mul-2-5-3-1-false
PASS	mul-2-5-3-1-true
PASS	mul-2-5-3-2-false
PASS	mul-2-5-3-2-true
PASS	mul-2-5-3-3-false
PASS	mul-2-5-3-3-true
PASS	mul-2-5-3-4-false
PASS	mul-2-5-3-4-true
PASS	mul-2-5-3-5-false
PASS	mul-2-5-3-5-true
PASS	mul-2-5-3-8-false
PASS	mul-2-5-3-8-true
PASS	mul-2-5-4-1-false
PASS	mul-2-5-4-1-true
PASS	mul-2-5-4-2-false
PASS	mul-2-5-4-2-true
PASS	mul-2-5-4-3-false
PASS	mul-2-5-4-3-true
PASS	mul-2-5-4-4-false
PASS	mul-2-5-4-4-true
PASS	mul-2-5-4-5-false
PASS	mul-2-5-4-5-true
PASS	mul-2-5-4-8-false
PASS	mul-2-5-4-8-true
PASS	mul-2-5-5-1-false
PASS	mul-2-5-5-1-true
PASS	mul-2-5-5-2-false
PASS	mul-2-5-5-2-true
PASS	mul-2-5-5-3-false
PASS	mul-2-5-5-3-true
PASS	mul-2-5-5-4-false
PASS	mul-2-5-5-4-true
PASS	mul-2-5-5-5-false
PASS	mul-2-5-5-5-true
PASS	mul-2-5-5-8-false
PASS	mul-2-5-5-8-true
PASS	mul-2-5-8-1-false
PASS	mul-2-5-8-1-true
PASS	mul-2-5-8-2-false
PASS	mul-2-5-8-2-true
PASS	mul-2-5-8-3-false
PASS	mul-2-5-8-3-true
PASS	mul-2-5-8-4-false
PASS	mul-2-5-8-4-true
PASS	mul-2-5-8-5-false
PASS	mul-2-5-8-5-true
PASS	mul-2-5-8-8-false
PASS	mul-2-5-8-8-true
PASS	mul-2-8-1-1-false
PASS	mul-2-8-1-1-true
PASS	mul-2-8-1-2-false
PASS	mul-2-8-1-2-true
PASS	mul-2-8-1-3-false
PASS	mul-2-8-1-3-true
PASS	mul-2-8-1-4-false
PASS	mul-2-8-1-4-true
PASS	mul-2-8-1-5-false
PASS	mul-2-8-1-5-true
PASS	mul-2-8-1-8-false
PASS	mul-2-8-1-8-true
PASS	mul-2-8-2-1-false
PASS	mul-2-8-2-1-true
PASS	mul-2-8-2-2-false
PASS	mul-2-8-2-2-true
PASS	mul-2-8-2-3-false
PASS	mul-2-8-2-3-true
PASS	mul-2-8-2-4-false
PASS	mul-2-8-2-4-true
PASS	mul-2-8-2-5-false
PASS	mul-2-8-2-5-true
PASS	mul-2-8-2-8-false
PASS	mul-2-8-2-8-true
PASS	mul-2-8-3-1-false
PASS	mul-2-8-3-1-true
PASS	mul-2-8-3-2-false
PASS	mul-2-8-3-2-true
PASS	mul-2-8-3-3-false
PASS	mul-2-8-3-3-true
PASS	mul-2-8-3-4-false
PASS	mul-2-8-3-4-true
PASS	mul-2-8-3-5-false
PASS	mul-2-8-3-5-true
PASS	mul-2-8-3-8-false
PASS	mul-2-8-3-8-true
PASS	mul-2-8-4-1-false
PASS	mul-2-8-4-1-true
PASS	mul-2-8-4-2-false
PASS	mul-2-8-4-2-true
PASS	mul-2-8-4-3-false
PASS	mul-2-8-4-3-true
PASS	mul-2-8-4-4-false
PASS	mul-2-8-4-4-true
PASS	mul-2-8-4-5-false
PASS	mul-2-8-4-5-true
PASS	mul-2-8-4-8-false
PASS	mul-2-8-4-8-true
PASS	mul-2-8-5-1-false
PASS	mul-2-8-5-1-true
PASS	mul-2-8-5-2-false
PASS	mul-2-8-5-2-true
PASS	mul-2-8-5-3-false
PASS	mul-2-8-5-3-true
PASS	mul-2-8-5-4-false
PASS	mul-2-8-5-4-true
PASS	mul-2-8-5-5-false
PASS	mul-2-8-5-5-true
PASS	mul-2-8-5-8-false
PASS	mul-2-8-5-8-true
PASS	mul-2-8-8-1-false
PASS	mul-2-8-8-1-true
PASS	mul-2-8-8-2-false
PASS	mul-2-8-8-2-true
PASS	mul-2-8-8-3-false
PASS	mul-2-8-8-3-true
PASS	mul-2-8-8-4-false
PASS	mul-2-8-8-4-true
PASS	mul-2-8-8-5-false
PASS	mul-2-8-8-5-true
PASS	mul-2-8-8-8-false
PASS	mul-2-8-8-8-true
PASS	strassen-0-1-1-false
PASS	strassen-0-1-1-true
PASS	strassen-0-1-2-false
PASS	strassen-0-1-2-true
PASS	strassen-0-1-4-false
PASS	strassen-0-1-4-true
PASS	strassen-0-1-8-false
PASS	strassen-0-1-8-true
PASS	strassen-0-2-1-false
PASS	strassen-0-2-1-true
PASS	strassen-0-2-2-false
PASS	strassen-0-2-2-true
PASS	strassen-0-2-4-false
PASS	strassen-0-2-4-true
PASS	strassen-0-2-8-false
PASS	strassen-0-2-8-true
PASS	strassen-0-3-1-false
PASS	strassen-0-3-1-true
EXCEPTION	strassen-0-3-2-false	NullPointerException
EXCEPTION	strassen-0-3-2-true	NullPointerException
PASS	strassen-0-3-4-false
PASS	strassen-0-3-4-true
PASS	strassen-0-3-8-false
PASS	strassen-0-3-8-true
PASS	strassen-0-4-1-false
PASS	strassen-0-4-1-true
PASS	strassen-0-4-2-false
PASS	strassen-0-4-2-true
PASS	strassen-0-4-4-false
PASS	strassen-0-4-4-true
PASS	strassen-0-4-8-false
PASS	strassen-0-4-8-true
PASS	strassen-0-5-1-false
PASS	strassen-0-5-1-true
EXCEPTION	strassen-0-5-2-false	NullPointerException
EXCEPTION	strassen-0-5-2-true	NullPointerException
EXCEPTION	strassen-0-5-4-false	NullPointerException
EXCEPTION	strassen-0-5-4-true	NullPointerException
PASS	strassen-0-5-8-false
PASS	strassen-0-5-8-true
PASS	strassen-0-6-1-false
PASS	strassen-0-6-1-true
EXCEPTION	strassen-0-6-2-false	NullPointerException
EXCEPTION	strassen-0-6-2-true	NullPointerException
EXCEPTION	strassen-0-6-4-false	NullPointerException
EXCEPTION	strassen-0-6-4-true	NullPointerException
PASS	strassen-0-6-8-false
PASS	strassen-0-6-8-true
PASS	strassen-0-7-1-false
PASS	strassen-0-7-1-true
EXCEPTION	strassen-0-7-2-false	NullPointerException
EXCEPTION	strassen-0-7-2-true	NullPointerException
EXCEPTION	strassen-0-7-4-false	NullPointerException
EXCEPTION	strassen-0-7-4-true	NullPointerException
PASS	strassen-0-7-8-false
PASS	strassen-0-7-8-true
PASS	strassen-0-8-1-false
PASS	strassen-0-8-1-true
PASS	strassen-0-8-2-false
PASS	strassen-0-8-2-true
PASS	strassen-0-8-4-false
PASS	strassen-0-8-4-true
PASS	strassen-0-8-8-false
PASS	strassen-0-8-8-true
PASS	strassen-0-9-1-false
PASS	strassen-0-9-1-true
EXCEPTION	strassen-0-9-2-false	NullPointerException
EXCEPTION	strassen-0-9-2-true	NullPointerException
EXCEPTION	strassen-0-9-4-false	NullPointerException
EXCEPTION	strassen-0-9-4-true	NullPointerException
EXCEPTION	strassen-0-9-8-false	NullPointerException
EXCEPTION	strassen-0-9-8-true	NullPointerException
PASS	strassen-0-12-1-false
PASS	strassen-0-12-1-true
EXCEPTION	strassen-0-12-2-false	NullPointerException
EXCEPTION	strassen-0-12-2-true	NullPointerException
EXCEPTION	strassen-0-12-4-false	NullPointerException
EXCEPTION	strassen-0-12-4-true	NullPointerException
EXCEPTION	strassen-0-12-8-false	NullPointerException
EXCEPTION	strassen-0-12-8-true	NullPointerException
PASS	strassen-0-16-1-false
PASS	strassen-0-16-1-true
PASS	strassen-0-16-2-false
PASS	strassen-0-16-2-true
PASS	strassen-0-16-4-false
PASS	strassen-0-16-4-true
PASS	strassen-0-16-8-false
PASS	strassen-0-16-8-true
PASS	strassen-1-1-1-false
PASS	strassen-1-1-1-true
PASS	strassen-1-1-2-false
PASS	strassen-1-1-2-true
PASS	strassen-1-1-4-false
PASS	strassen-1-1-4-true
PASS	strassen-1-1-8-false
PASS	strassen-1-1-8-true
PASS	strassen-1-2-1-false
PASS	strassen-1-2-1-true
PASS	strassen-1-2-2-false
PASS	strassen-1-2-2-true
PASS	strassen-1-2-4-false
PASS	strassen-1-2-4-true
PASS	strassen-1-2-8-false
PASS	strassen-1-2-8-true
PASS	strassen-1-3-1-false
PASS	strassen-1-3-1-true
EXCEPTION	strassen-1-3-2-false	NullPointerException
EXCEPTION	strassen-1-3-2-true	NullPointerException
PASS	strassen-1-3-4-false
PASS	strassen-1-3-4-true
PASS	strassen-1-3-8-false
PASS	strassen-1-3-8-true
PASS	strassen-1-4-1-false
PASS	strassen-1-4-1-true
PASS	strassen-1-4-2-false
PASS	strassen-1-4-2-true
PASS	strassen-1-4-4-false
PASS	strassen-1-4-4-true
PASS	strassen-1-4-8-false
PASS	strassen-1-4-8-true
PASS	strassen-1-5-1-false
PASS	strassen-1-5-1-true
EXCEPTION	strassen-1-5-2-false	NullPointerException
EXCEPTION	strassen-1-5-2-true	NullPointerException
EXCEPTION	strassen-1-5-4-false	NullPointerException
EXCEPTION	strassen-1-5-4-true	NullPointerException
PASS	strassen-1-5-8-false
PASS	strassen-1-5-8-true
PASS	strassen-1-6-1-false
PASS	strassen-1-6-1-true
EXCEPTION	strassen-1-6-2-false	NullPointerException
EXCEPTION	strassen-1-6-2-true	NullPointerException
EXCEPTION	strassen-1-6-4-false	NullPointerException
EXCEPTION	strassen-1-6-4-true	NullPointerException
PASS	strassen-1-6-8-false
PASS	strassen-1-6-8-true
PASS	strassen-1-7-1-false
PASS	strassen-1-7-1-true
EXCEPTION	strassen-1-7-2-false	NullPointerException
EXCEPTION	strassen-1-7-2-true	NullPointerException
EXCEPTION	strassen-1-7-4-false	NullPointerException
EXCEPTION	strassen-1-7-4-true	NullPointerException
PASS	strassen-1-7-8-false
PASS	strassen-1-7-8-true
PASS	strassen-1-8-1-false
PASS	strassen-1-8-1-true
PASS	strassen-1-8-2-false
PASS	strassen-1-8-2-true
PASS	strassen-1-8-4-false
PASS	strassen-1-8-4-true
PASS	strassen-1-8-8-false
PASS	strassen-1-8-8-true
PASS	strassen-1-9-1-false
PASS	strassen-1-9-1-true
EXCEPTION	strassen-1-9-2-false	NullPointerException
EXCEPTION	strassen-1-9-2-true	NullPointerException
EXCEPTION	strassen-1-9-4-false	NullPointerException
EXCEPTION	strassen-1-9-4-true	NullPointerException
EXCEPTION	strassen-1-9-8-false	NullPointerException
EXCEPTION	strassen-1-9-8-true	NullPointerException
PASS	strassen-1-12-1-false
PASS	strassen-1-12-1-true
EXCEPTION	strassen-1-12-2-false	NullPointerException
EXCEPTION	strassen-1-12-2-true	NullPointerException
EXCEPTION	strassen-1-12-4-false	NullPointerException
EXCEPTION	strassen-1-12-4-true	NullPointerException
EXCEPTION	strassen-1-12-8-false	NullPointerException
EXCEPTION	strassen-1-12-8-true	NullPointerException
PASS	strassen-1-16-1-false
PASS	strassen-1-16-1-true
PASS	strassen-1-16-2-false
PASS	strassen-1-16-2-true
PASS	strassen-1-16-4-false
PASS	strassen-1-16-4-true
PASS	strassen-1-16-8-false
PASS	strassen-1-16-8-true
PASS	strassen-2-1-1-false
PASS	strassen-2-1-1-true
PASS	strassen-2-1-2-false
PASS	strassen-2-1-2-true
PASS	strassen-2-1-4-false
PASS	strassen-2-1-4-true
PASS	strassen-2-1-8-false
PASS	strassen-2-1-8-true
PASS	strassen-2-2-1-false
PASS	strassen-2-2-1-true
PASS	strassen-2-2-2-false
PASS	strassen-2-2-2-true
PASS	strassen-2-2-4-false
PASS	strassen-2-2-4-true
PASS	strassen-2-2-8-false
PASS	strassen-2-2-8-true
PASS	strassen-2-3-1-false
PASS	strassen-2-3-1-true
EXCEPTION	strassen-2-3-2-false	NullPointerException
EXCEPTION	strassen-2-3-2-true	NullPointerException
PASS	strassen-2-3-4-false
PASS	strassen-2-3-4-true
PASS	strassen-2-3-8-false
PASS	strassen-2-3-8-true
PASS	strassen-2-4-1-false
PASS	strassen-2-4-1-true
PASS	strassen-2-4-2-false
PASS	strassen-2-4-2-true
PASS	strassen-2-4-4-false
PASS	strassen-2-4-4-true
PASS	strassen-2-4-8-false
PASS	strassen-2-4-8-true
PASS	strassen-2-5-1-false
PASS	strassen-2-5-1-true
EXCEPTION	strassen-2-5-2-false	NullPointerException
EXCEPTION	strassen-2-5-2-true	NullPointerException
EXCEPTION	strassen-2-5-4-false	NullPointerException
EXCEPTION	strassen-2-5-4-true	NullPointerException
PASS	strassen-2-5-8-false
PASS	strassen-2-5-8-true
PASS	strassen-2-6-1-false
PASS	strassen-2-6-1-true
EXCEPTION	strassen-2-6-2-false	NullPointerException
EXCEPTION	strassen-2-6-2-true	NullPointerException
EXCEPTION	strassen-2-6-4-false	NullPointerException
EXCEPTION	strassen-2-6-4-true	NullPointerException
PASS	strassen-2-6-8-false
PASS	strassen-2-6-8-true
PASS	strassen-2-7-1-false
PASS	strassen-2-7-1-true
EXCEPTION	strassen-2-7-2-false	NullPointerException
EXCEPTION	strassen-2-7-2-true	NullPointerException
EXCEPTION	strassen-2-7-4-false	NullPointerException
EXCEPTION	strassen-2-7-4-true	NullPointerException
PASS	strassen-2-7-8-false
PASS	strassen-2-7-8-true
PASS	strassen-2-8-1-false
PASS	strassen-2-8-1-true
PASS	strassen-2-8-2-false
PASS	strassen-2-8-2-true
PASS	strassen-2-8-4-false
PASS	strassen-2-8-4-true
PASS	strassen-2-8-8-false
PASS	strassen-2-8-8-true
PASS	strassen-2-9-1-false
PASS	strassen-2-9-1-true
EXCEPTION	strassen-2-9-2-false	NullPointerException
EXCEPTION	strassen-2-9-2-true	NullPointerException
EXCEPTION	strassen-2-9-4-false	NullPointerException
EXCEPTION	strassen-2-9-4-true	NullPointerException
EXCEPTION	strassen-2-9-8-false	NullPointerException
EXCEPTION	strassen-2-9-8-true	NullPointerException
PASS	strassen-2-12-1-false
PASS	strassen-2-12-1-true
EXCEPTION	strassen-2-12-2-false	NullPointerException
EXCEPTION	strassen-2-12-2-true	NullPointerException
EXCEPTION	strassen-2-12-4-false	NullPointerException
EXCEPTION	strassen-2-12-4-true	NullPointerException
EXCEPTION	strassen-2-12-8-false	NullPointerException
EXCEPTION	strassen-2-12-8-true	NullPointerException
PASS	strassen-2-16-1-false
PASS	strassen-2-16-1-true
PASS	strassen-2-16-2-false
PASS	strassen-2-16-2-true
PASS	strassen-2-16-4-false
PASS	strassen-2-16-4-true
PASS	strassen-2-16-8-false
PASS	strassen-2-16-8-true
PASS	gram-1-1-false
PASS	gram-1-1-true
PASS	gram-1-2-false
PASS	gram-1-2-true
PASS	gram-1-3-false
PASS	gram-1-3-true
PASS	gram-1-4-false
PASS	gram-1-4-true
PASS	gram-1-5-false
PASS	gram-1-5-true
PASS	gram-1-6-false
PASS	gram-1-6-true
PASS	gram-1-7-false
PASS	gram-1-7-true
PASS	gram-1-8-false
PASS	gram-1-8-true
PASS	gram-2-1-false
PASS	gram-2-1-true
PASS	gram-2-2-false
PASS	gram-2-2-true
PASS	gram-2-3-false
PASS	gram-2-3-true
PASS	gram-2-4-false
PASS	gram-2-4-true
PASS	gram-2-5-false
PASS	gram-2-5-true
PASS	gram-2-6-false
PASS	gram-2-6-true
PASS	gram-2-7-false
PASS	gram-2-7-true
PASS	gram-2-8-false
PASS	gram-2-8-true
PASS	gram-3-1-false
PASS	gram-3-1-true
PASS	gram-3-2-false
PASS	gram-3-2-true
PASS	gram-3-3-false
PASS	gram-3-3-true
PASS	gram-3-4-false
PASS	gram-3-4-true
PASS	gram-3-5-false
PASS	gram-3-5-true
PASS	gram-3-6-false
PASS	gram-3-6-true
PASS	gram-3-7-false
PASS	gram-3-7-true
PASS	gram-3-8-false
PASS	gram-3-8-true
PASS	gram-4-1-false
PASS	gram-4-1-true
PASS	gram-4-2-false
PASS	gram-4-2-true
PASS	gram-4-3-false
PASS	gram-4-3-true
PASS	gram-4-4-false
PASS	gram-4-4-true
PASS	gram-4-5-false
PASS	gram-4-5-true
PASS	gram-4-6-false
PASS	gram-4-6-true
PASS	gram-4-7-false
PASS	gram-4-7-true
PASS	gram-4-8-false
PASS	gram-4-8-true
PASS	gram-5-1-false
PASS	gram-5-1-true
PASS	gram-5-2-false
PASS	gram-5-2-true
PASS	gram-5-3-false
PASS	gram-5-3-true
PASS	gram-5-4-false
PASS	gram-5-4-true
PASS	gram-5-5-false
PASS	gram-5-5-true
PASS	gram-5-6-false
PASS	gram-5-6-true
PASS	gram-5-7-false
PASS	gram-5-7-true
PASS	gram-5-8-false
PASS	gram-5-8-true
PASS	gram-6-1-false
PASS	gram-6-1-true
PASS	gram-6-2-false
PASS	gram-6-2-true
PASS	gram-6-3-false
PASS	gram-6-3-true
PASS	gram-6-4-false
PASS	gram-6-4-true
PASS	gram-6-5-false
PASS	gram-6-5-true
PASS	gram-6-6-false
PASS	gram-6-6-true
PASS	gram-6-7-false
PASS	gram-6-7-true
PASS	gram-6-8-false
PASS	gram-6-8-true
PASS	gram-7-1-false
PASS	gram-7-1-true
PASS	gram-7-2-false
PASS	gram-7-2-true
PASS	gram-7-3-false
PASS	gram-7-3-true
PASS	gram-7-4-false
PASS	gram-7-4-true
PASS	gram-7-5-false
PASS	gram-7-5-true
PASS	gram-7-6-false
PASS	gram-7-6-true
PASS	gram-7-7-false
PASS	gram-7-7-true
PASS	gram-7-8-false
PASS	gram-7-8-true
PASS	gram-8-1-false
PASS	gram-8-1-true
PASS	gram-8-2-false
PASS	gram-8-2-true
PASS	gram-8-3-false
PASS	gram-8-3-true
PASS	gram-8-4-false
PASS	gram-8-4-true
PASS	gram-8-5-false
PASS	gram-8-5-true
PASS	gram-8-6-false
PASS	gram-8-6-true
PASS	gram-8-7-false
PASS	gram-8-7-true
PASS	gram-8-8-false
PASS	gram-8-8-true
PASS	det-1-0-false
PASS	det-1-0-true
PASS	det-1-1-false
PASS	det-1-1-true
PASS	det-1-2-false
PASS	det-1-2-true
PASS	det-1-3-false
PASS	det-1-3-true
PASS	det-1-4-false
PASS	det-1-4-true
PASS	det-1-5-false
PASS	det-1-5-true
PASS	det-1-6-false
PASS	det-1-6-true
PASS	det-1-7-false
PASS	det-1-7-true
PASS	det-1-8-false
PASS	det-1-8-true
PASS	det-1-9-false
PASS	det-1-9-true
PASS	det-1-10-false
PASS	det-1-10-true
PASS	det-1-11-false
PASS	det-1-11-true
PASS	det-2-0-false
PASS	det-2-0-true
PASS	det-2-1-false
PASS	det-2-1-true
PASS	det-2-2-false
PASS	det-2-2-true
PASS	det-2-3-false
PASS	det-2-3-true
PASS	det-2-4-false
PASS	det-2-4-true
PASS	det-2-5-false
PASS	det-2-5-true
PASS	det-2-6-false
PASS	det-2-6-true
PASS	det-2-7-false
PASS	det-2-7-true
PASS	det-2-8-false
PASS	det-2-8-true
PASS	det-2-9-false
PASS	det-2-9-true
PASS	det-2-10-false
PASS	det-2-10-true
PASS	det-2-11-false
PASS	det-2-11-true
PASS	det-3-0-false
PASS	det-3-0-true
PASS	det-3-1-false
PASS	det-3-1-true
PASS	det-3-2-false
PASS	det-3-2-true
PASS	det-3-3-false
PASS	det-3-3-true
PASS	det-3-4-false
PASS	det-3-4-true
PASS	det-3-5-false
PASS	det-3-5-true
PASS	det-3-6-false
PASS	det-3-6-true
PASS	det-3-7-false
PASS	det-3-7-true
PASS	det-3-8-false
PASS	det-3-8-true
PASS	det-3-9-false
PASS	det-3-9-true
PASS	det-3-10-false
PASS	det-3-10-true
PASS	det-3-11-false
PASS	det-3-11-true
PASS	det-4-0-false
PASS	det-4-0-true
PASS	det-4-1-false
PASS	det-4-1-true
PASS	det-4-2-false
PASS	det-4-2-true
PASS	det-4-3-false
PASS	det-4-3-true
PASS	det-4-4-false
PASS	det-4-4-true
PASS	det-4-5-false
PASS	det-4-5-true
PASS	det-4-6-false
PASS	det-4-6-true
PASS	det-4-7-false
PASS	det-4-7-true
PASS	det-4-8-false
PASS	det-4-8-true
PASS	det-4-9-false
PASS	det-4-9-true
PASS	det-4-10-false
PASS	det-4-10-true
PASS	det-4-11-false
PASS	det-4-11-true
PASS	det-5-0-false
PASS	det-5-0-true
PASS	det-5-1-false
PASS	det-5-1-true
PASS	det-5-2-false
PASS	det-5-2-true
PASS	det-5-3-false
PASS	det-5-3-true
PASS	det-5-4-false
PASS	det-5-4-true
PASS	det-5-5-false
PASS	det-5-5-true
PASS	det-5-6-false
PASS	det-5-6-true
PASS	det-5-7-false
PASS	det-5-7-true
PASS	det-5-8-false
PASS	det-5-8-true
PASS	det-5-9-false
PASS	det-5-9-true
PASS	det-5-10-false
PASS	det-5-10-true
PASS	det-5-11-false
PASS	det-5-11-true
WRONG	det-empty-lazy
SUMMARY	1809
