WRONG	discriminant-1-invalid
WRONG	discriminant-2-invalid
PASS	discriminant-3-valid
PASS	discriminant-4-valid
WRONG	discriminant-5-invalid
WRONG	discriminant-6-invalid
PASS	discriminant-7-valid
PASS	discriminant-8-valid
WRONG	discriminant-9-invalid
WRONG	discriminant-10-invalid
PASS	discriminant-11-valid
PASS	discriminant-12-valid
WRONG	discriminant-13-invalid
WRONG	discriminant-14-invalid
PASS	discriminant-15-valid
PASS	discriminant-16-valid
WRONG	discriminant-17-invalid
WRONG	discriminant-18-invalid
PASS	discriminant-19-valid
PASS	discriminant-20-valid
WRONG	discriminant-21-invalid
WRONG	discriminant-22-invalid
PASS	discriminant-23-valid
PASS	discriminant-24-valid
WRONG	discriminant-25-invalid
WRONG	discriminant-26-invalid
PASS	discriminant-27-valid
PASS	discriminant-28-valid
WRONG	discriminant-29-invalid
WRONG	discriminant-30-invalid
PASS	discriminant-31-valid
PASS	discriminant-32-valid
WRONG	discriminant-33-invalid
WRONG	discriminant-34-invalid
PASS	discriminant-35-valid
PASS	discriminant-36-valid
WRONG	discriminant-37-invalid
WRONG	discriminant-38-invalid
PASS	discriminant-39-valid
PASS	discriminant-40-valid
WRONG	discriminant-41-invalid
WRONG	discriminant-42-invalid
PASS	discriminant-43-valid
PASS	discriminant-44-valid
WRONG	discriminant-45-invalid
WRONG	discriminant-46-invalid
PASS	discriminant-47-valid
PASS	discriminant-48-valid
WRONG	discriminant-49-invalid
WRONG	discriminant-50-invalid
PASS	discriminant-51-valid
PASS	discriminant-52-valid
WRONG	discriminant-53-invalid
WRONG	discriminant-54-invalid
PASS	discriminant-55-valid
PASS	discriminant-56-valid
WRONG	discriminant-57-invalid
WRONG	discriminant-58-invalid
PASS	discriminant-59-valid
PASS	discriminant-60-valid
WRONG	discriminant-61-invalid
WRONG	discriminant-62-invalid
PASS	discriminant-63-valid
PASS	discriminant-64-valid
WRONG	discriminant-65-invalid
WRONG	discriminant-66-invalid
PASS	discriminant-67-valid
PASS	discriminant-68-valid
WRONG	discriminant-69-invalid
WRONG	discriminant-70-invalid
PASS	discriminant-71-valid
PASS	discriminant-72-valid
WRONG	discriminant-73-invalid
WRONG	discriminant-74-invalid
PASS	discriminant-75-valid
PASS	discriminant-76-valid
WRONG	discriminant-77-invalid
WRONG	discriminant-78-invalid
PASS	discriminant-79-valid
PASS	discriminant-80-valid
WRONG	discriminant-81-invalid
WRONG	discriminant-82-invalid
PASS	discriminant-83-valid
PASS	discriminant-84-valid
WRONG	discriminant-85-invalid
WRONG	discriminant-86-invalid
PASS	discriminant-87-valid
PASS	discriminant-88-valid
WRONG	discriminant-89-invalid
WRONG	discriminant-90-invalid
PASS	discriminant-91-valid
PASS	discriminant-92-valid
WRONG	discriminant-93-invalid
WRONG	discriminant-94-invalid
PASS	discriminant-95-valid
PASS	discriminant-96-valid
WRONG	discriminant-97-invalid
WRONG	discriminant-98-invalid
PASS	discriminant-99-valid
PASS	discriminant-100-valid
WRONG	discriminant-101-invalid
WRONG	discriminant-102-invalid
PASS	discriminant-103-valid
PASS	discriminant-104-valid
WRONG	discriminant-105-invalid
WRONG	discriminant-106-invalid
PASS	discriminant-107-valid
PASS	discriminant-108-valid
WRONG	discriminant-109-invalid
WRONG	discriminant-110-invalid
PASS	discriminant-111-valid
PASS	discriminant-112-valid
WRONG	discriminant-113-invalid
WRONG	discriminant-114-invalid
PASS	discriminant-115-valid
PASS	discriminant-116-valid
WRONG	discriminant-117-invalid
WRONG	discriminant-118-invalid
PASS	discriminant-119-valid
PASS	discriminant-120-valid
WRONG	discriminant-121-invalid
WRONG	discriminant-122-invalid
PASS	discriminant-123-valid
PASS	discriminant-124-valid
WRONG	discriminant-125-invalid
WRONG	discriminant-126-invalid
PASS	discriminant-127-valid
PASS	discriminant-128-valid
PASS	equal-before-cache
WRONG	equal-one-cache
PASS	group-equality-one-cache-control
PASS	equal-both-caches
WRONG	equal-hash-contract
PASS	original-reduction-values
PASS	group-inverse-coefficient-control
PASS	group-cube-coefficient-control
PASS	group-power-23-1
PASS	group-power-23-2
PASS	group-power-23-3
PASS	group-power-251-1
PASS	group-power-251-2
PASS	group-power-251-3
PASS	group-power-251-4
PASS	group-power-251-5
PASS	group-power-251-6
PASS	group-power-251-7
SUMMARY	146
