JUnit version 4.13.1
.mults = 434
adds  = 997
neg   = 569
eqs   = 6248
inv   = 14

mults = 3746
adds  = 2015
neg   = 480
eqs   = 24077
inv   = 225
..1 + 5x + x^2 + 4x^3
1 + 4x^4 + 5x^5
.mults = 24
adds  = 61
neg   = 55
eqs   = 510
inv   = 0

mults = 24
adds  = 61
neg   = 55
eqs   = 510
inv   = 0
1 + 2x + 3x^2 + 4x^3 + 5x^4 + 6x^5 + x^6 + 2x^7 + 3x^8 + 4x^9 + 5x^10 + 6x^11
.TransformedPolynomial([15, 8, 2, 13, 7, 7, 5, 4, 16, 9, 2, 0, 8, 2, 12, 7])
TransformedPolynomial([15, 3, 11, 6, 11, 5, 6, 1, 3, 13, 8, 0, 12, 5, 10, 2])
(5, 8 + 4x + 13x^3)
14 + 7x + 9x^2 + 14x^3 + 10x^4 + 14x^5 + 3x^6 + 13x^7 + 16x^8 + 3x^9 + 12x^10 + 2x^11 + 14x^12 + 5x^13 + 6x^14 + 12x^15
.mults = 23
adds  = 48
neg   = 23
eqs   = 303
inv   = 0

mults = 25
adds  = 21
neg   = 0
eqs   = 196
inv   = 0
.mults = 129
adds  = 130
neg   = 140
eqs   = 875
inv   = 0

mults = 198
adds  = 135
neg   = 0
eqs   = 1465
inv   = 0

Time: 0.161

OK (7 tests)

