EXCEPTION	affine-negate-5-0	NullPointerException
PASS	projective-conversion-5-0-1
PASS	jacobian-conversion-5-0-1
PASS	projective-doubling-5-0-1
PASS	projective-conversion-5-0-2
PASS	jacobian-conversion-5-0-2
PASS	projective-doubling-5-0-2
PASS	projective-conversion-5-0-3
PASS	jacobian-conversion-5-0-3
PASS	projective-doubling-5-0-3
PASS	projective-conversion-5-0-4
PASS	jacobian-conversion-5-0-4
PASS	projective-doubling-5-0-4
PASS	affine-add-5-0-0
PASS	projective-add-5-0-0
PASS	affine-add-5-0-1
WRONG	projective-add-5-0-1
PASS	affine-add-5-0-2
WRONG	projective-add-5-0-2
PASS	affine-add-5-0-3
WRONG	projective-add-5-0-3
PASS	affine-add-5-0-4
WRONG	projective-add-5-0-4
PASS	affine-add-5-0-5
WRONG	projective-add-5-0-5
PASS	affine-add-5-0-6
WRONG	projective-add-5-0-6
PASS	affine-add-5-0-7
WRONG	projective-add-5-0-7
PASS	affine-add-5-0-8
WRONG	projective-add-5-0-8
PASS	affine-negate-5-1
PASS	projective-conversion-5-1-1
PASS	jacobian-conversion-5-1-1
PASS	projective-doubling-5-1-1
PASS	projective-conversion-5-1-2
WRONG	jacobian-conversion-5-1-2
PASS	projective-doubling-5-1-2
PASS	projective-conversion-5-1-3
WRONG	jacobian-conversion-5-1-3
PASS	projective-doubling-5-1-3
PASS	projective-conversion-5-1-4
WRONG	jacobian-conversion-5-1-4
PASS	projective-doubling-5-1-4
PASS	affine-add-5-1-0
WRONG	projective-add-5-1-0
PASS	affine-add-5-1-1
PASS	projective-add-5-1-1
PASS	affine-add-5-1-2
PASS	projective-add-5-1-2
PASS	affine-add-5-1-3
PASS	projective-add-5-1-3
PASS	affine-add-5-1-4
WRONG	projective-add-5-1-4
PASS	affine-add-5-1-5
PASS	projective-add-5-1-5
PASS	affine-add-5-1-6
WRONG	projective-add-5-1-6
PASS	affine-add-5-1-7
PASS	projective-add-5-1-7
PASS	affine-add-5-1-8
PASS	projective-add-5-1-8
PASS	affine-negate-5-2
PASS	projective-conversion-5-2-1
PASS	jacobian-conversion-5-2-1
PASS	projective-doubling-5-2-1
PASS	projective-conversion-5-2-2
WRONG	jacobian-conversion-5-2-2
PASS	projective-doubling-5-2-2
PASS	projective-conversion-5-2-3
WRONG	jacobian-conversion-5-2-3
PASS	projective-doubling-5-2-3
PASS	projective-conversion-5-2-4
WRONG	jacobian-conversion-5-2-4
PASS	projective-doubling-5-2-4
PASS	affine-add-5-2-0
WRONG	projective-add-5-2-0
PASS	affine-add-5-2-1
PASS	projective-add-5-2-1
PASS	affine-add-5-2-2
PASS	projective-add-5-2-2
PASS	affine-add-5-2-3
WRONG	projective-add-5-2-3
PASS	affine-add-5-2-4
PASS	projective-add-5-2-4
PASS	affine-add-5-2-5
WRONG	projective-add-5-2-5
PASS	affine-add-5-2-6
PASS	projective-add-5-2-6
PASS	affine-add-5-2-7
PASS	projective-add-5-2-7
PASS	affine-add-5-2-8
PASS	projective-add-5-2-8
PASS	affine-negate-5-3
PASS	projective-conversion-5-3-1
PASS	jacobian-conversion-5-3-1
PASS	projective-doubling-5-3-1
PASS	projective-conversion-5-3-2
WRONG	jacobian-conversion-5-3-2
PASS	projective-doubling-5-3-2
PASS	projective-conversion-5-3-3
WRONG	jacobian-conversion-5-3-3
PASS	projective-doubling-5-3-3
PASS	projective-conversion-5-3-4
WRONG	jacobian-conversion-5-3-4
PASS	projective-doubling-5-3-4
PASS	affine-add-5-3-0
WRONG	projective-add-5-3-0
PASS	affine-add-5-3-1
PASS	projective-add-5-3-1
PASS	affine-add-5-3-2
WRONG	projective-add-5-3-2
PASS	affine-add-5-3-3
PASS	projective-add-5-3-3
PASS	affine-add-5-3-4
PASS	projective-add-5-3-4
PASS	affine-add-5-3-5
PASS	projective-add-5-3-5
PASS	affine-add-5-3-6
WRONG	projective-add-5-3-6
PASS	affine-add-5-3-7
PASS	projective-add-5-3-7
PASS	affine-add-5-3-8
PASS	projective-add-5-3-8
PASS	affine-negate-5-4
PASS	projective-conversion-5-4-1
PASS	jacobian-conversion-5-4-1
PASS	projective-doubling-5-4-1
PASS	projective-conversion-5-4-2
WRONG	jacobian-conversion-5-4-2
PASS	projective-doubling-5-4-2
PASS	projective-conversion-5-4-3
WRONG	jacobian-conversion-5-4-3
PASS	projective-doubling-5-4-3
PASS	projective-conversion-5-4-4
WRONG	jacobian-conversion-5-4-4
PASS	projective-doubling-5-4-4
PASS	affine-add-5-4-0
WRONG	projective-add-5-4-0
PASS	affine-add-5-4-1
WRONG	projective-add-5-4-1
PASS	affine-add-5-4-2
PASS	projective-add-5-4-2
PASS	affine-add-5-4-3
PASS	projective-add-5-4-3
PASS	affine-add-5-4-4
PASS	projective-add-5-4-4
PASS	affine-add-5-4-5
WRONG	projective-add-5-4-5
PASS	affine-add-5-4-6
PASS	projective-add-5-4-6
PASS	affine-add-5-4-7
PASS	projective-add-5-4-7
PASS	affine-add-5-4-8
PASS	projective-add-5-4-8
PASS	affine-negate-5-5
PASS	projective-conversion-5-5-1
PASS	jacobian-conversion-5-5-1
PASS	projective-doubling-5-5-1
PASS	projective-conversion-5-5-2
WRONG	jacobian-conversion-5-5-2
PASS	projective-doubling-5-5-2
PASS	projective-conversion-5-5-3
WRONG	jacobian-conversion-5-5-3
PASS	projective-doubling-5-5-3
PASS	projective-conversion-5-5-4
WRONG	jacobian-conversion-5-5-4
PASS	projective-doubling-5-5-4
PASS	affine-add-5-5-0
WRONG	projective-add-5-5-0
PASS	affine-add-5-5-1
PASS	projective-add-5-5-1
PASS	affine-add-5-5-2
WRONG	projective-add-5-5-2
PASS	affine-add-5-5-3
PASS	projective-add-5-5-3
PASS	affine-add-5-5-4
WRONG	projective-add-5-5-4
PASS	affine-add-5-5-5
PASS	projective-add-5-5-5
PASS	affine-add-5-5-6
PASS	projective-add-5-5-6
PASS	affine-add-5-5-7
PASS	projective-add-5-5-7
PASS	affine-add-5-5-8
PASS	projective-add-5-5-8
PASS	affine-negate-5-6
PASS	projective-conversion-5-6-1
PASS	jacobian-conversion-5-6-1
PASS	projective-doubling-5-6-1
PASS	projective-conversion-5-6-2
WRONG	jacobian-conversion-5-6-2
PASS	projective-doubling-5-6-2
PASS	projective-conversion-5-6-3
WRONG	jacobian-conversion-5-6-3
PASS	projective-doubling-5-6-3
PASS	projective-conversion-5-6-4
WRONG	jacobian-conversion-5-6-4
PASS	projective-doubling-5-6-4
PASS	affine-add-5-6-0
WRONG	projective-add-5-6-0
PASS	affine-add-5-6-1
WRONG	projective-add-5-6-1
PASS	affine-add-5-6-2
PASS	projective-add-5-6-2
PASS	affine-add-5-6-3
WRONG	projective-add-5-6-3
PASS	affine-add-5-6-4
PASS	projective-add-5-6-4
PASS	affine-add-5-6-5
PASS	projective-add-5-6-5
PASS	affine-add-5-6-6
PASS	projective-add-5-6-6
PASS	affine-add-5-6-7
PASS	projective-add-5-6-7
PASS	affine-add-5-6-8
PASS	projective-add-5-6-8
PASS	affine-negate-5-7
PASS	projective-conversion-5-7-1
PASS	jacobian-conversion-5-7-1
PASS	projective-doubling-5-7-1
PASS	projective-conversion-5-7-2
WRONG	jacobian-conversion-5-7-2
PASS	projective-doubling-5-7-2
PASS	projective-conversion-5-7-3
WRONG	jacobian-conversion-5-7-3
PASS	projective-doubling-5-7-3
PASS	projective-conversion-5-7-4
WRONG	jacobian-conversion-5-7-4
PASS	projective-doubling-5-7-4
PASS	affine-add-5-7-0
WRONG	projective-add-5-7-0
PASS	affine-add-5-7-1
PASS	projective-add-5-7-1
PASS	affine-add-5-7-2
PASS	projective-add-5-7-2
PASS	affine-add-5-7-3
PASS	projective-add-5-7-3
PASS	affine-add-5-7-4
PASS	projective-add-5-7-4
PASS	affine-add-5-7-5
PASS	projective-add-5-7-5
PASS	affine-add-5-7-6
PASS	projective-add-5-7-6
PASS	affine-add-5-7-7
PASS	projective-add-5-7-7
PASS	affine-add-5-7-8
PASS	projective-add-5-7-8
PASS	affine-negate-5-8
PASS	projective-conversion-5-8-1
PASS	jacobian-conversion-5-8-1
PASS	projective-doubling-5-8-1
PASS	projective-conversion-5-8-2
WRONG	jacobian-conversion-5-8-2
PASS	projective-doubling-5-8-2
PASS	projective-conversion-5-8-3
WRONG	jacobian-conversion-5-8-3
PASS	projective-doubling-5-8-3
PASS	projective-conversion-5-8-4
WRONG	jacobian-conversion-5-8-4
PASS	projective-doubling-5-8-4
PASS	affine-add-5-8-0
WRONG	projective-add-5-8-0
PASS	affine-add-5-8-1
PASS	projective-add-5-8-1
PASS	affine-add-5-8-2
PASS	projective-add-5-8-2
PASS	affine-add-5-8-3
PASS	projective-add-5-8-3
PASS	affine-add-5-8-4
PASS	projective-add-5-8-4
PASS	affine-add-5-8-5
PASS	projective-add-5-8-5
PASS	affine-add-5-8-6
PASS	projective-add-5-8-6
PASS	affine-add-5-8-7
PASS	projective-add-5-8-7
PASS	affine-add-5-8-8
PASS	projective-add-5-8-8
WRONG	projective-invalid-equality-5
EXCEPTION	montgomery-negate-5-0	NullPointerException
PASS	montgomery-add-5-0-0
PASS	montgomery-add-5-0-1
PASS	montgomery-add-5-0-2
PASS	montgomery-add-5-0-3
PASS	montgomery-add-5-0-4
PASS	montgomery-add-5-0-5
PASS	montgomery-add-5-0-6
PASS	montgomery-add-5-0-7
PASS	montgomery-negate-5-1
PASS	montgomery-add-5-1-0
PASS	montgomery-add-5-1-1
PASS	montgomery-add-5-1-2
PASS	montgomery-add-5-1-3
PASS	montgomery-add-5-1-4
PASS	montgomery-add-5-1-5
PASS	montgomery-add-5-1-6
PASS	montgomery-add-5-1-7
PASS	montgomery-negate-5-2
PASS	montgomery-add-5-2-0
PASS	montgomery-add-5-2-1
PASS	montgomery-add-5-2-2
PASS	montgomery-add-5-2-3
PASS	montgomery-add-5-2-4
PASS	montgomery-add-5-2-5
PASS	montgomery-add-5-2-6
PASS	montgomery-add-5-2-7
PASS	montgomery-negate-5-3
PASS	montgomery-add-5-3-0
PASS	montgomery-add-5-3-1
PASS	montgomery-add-5-3-2
PASS	montgomery-add-5-3-3
PASS	montgomery-add-5-3-4
PASS	montgomery-add-5-3-5
PASS	montgomery-add-5-3-6
PASS	montgomery-add-5-3-7
PASS	montgomery-negate-5-4
PASS	montgomery-add-5-4-0
PASS	montgomery-add-5-4-1
PASS	montgomery-add-5-4-2
PASS	montgomery-add-5-4-3
PASS	montgomery-add-5-4-4
PASS	montgomery-add-5-4-5
PASS	montgomery-add-5-4-6
PASS	montgomery-add-5-4-7
PASS	montgomery-negate-5-5
PASS	montgomery-add-5-5-0
PASS	montgomery-add-5-5-1
PASS	montgomery-add-5-5-2
PASS	montgomery-add-5-5-3
PASS	montgomery-add-5-5-4
PASS	montgomery-add-5-5-5
PASS	montgomery-add-5-5-6
PASS	montgomery-add-5-5-7
PASS	montgomery-negate-5-6
PASS	montgomery-add-5-6-0
PASS	montgomery-add-5-6-1
PASS	montgomery-add-5-6-2
PASS	montgomery-add-5-6-3
PASS	montgomery-add-5-6-4
PASS	montgomery-add-5-6-5
PASS	montgomery-add-5-6-6
PASS	montgomery-add-5-6-7
PASS	montgomery-negate-5-7
PASS	montgomery-add-5-7-0
PASS	montgomery-add-5-7-1
PASS	montgomery-add-5-7-2
PASS	montgomery-add-5-7-3
PASS	montgomery-add-5-7-4
PASS	montgomery-add-5-7-5
PASS	montgomery-add-5-7-6
PASS	montgomery-add-5-7-7
WRONG	montgomery-invariant-5
EXCEPTION	affine-negate-7-0	NullPointerException
PASS	projective-conversion-7-0-1
PASS	jacobian-conversion-7-0-1
PASS	projective-doubling-7-0-1
PASS	projective-conversion-7-0-2
PASS	jacobian-conversion-7-0-2
PASS	projective-doubling-7-0-2
PASS	projective-conversion-7-0-3
PASS	jacobian-conversion-7-0-3
PASS	projective-doubling-7-0-3
PASS	projective-conversion-7-0-4
PASS	jacobian-conversion-7-0-4
PASS	projective-doubling-7-0-4
PASS	projective-conversion-7-0-5
PASS	jacobian-conversion-7-0-5
PASS	projective-doubling-7-0-5
PASS	projective-conversion-7-0-6
PASS	jacobian-conversion-7-0-6
PASS	projective-doubling-7-0-6
PASS	affine-add-7-0-0
PASS	projective-add-7-0-0
PASS	affine-add-7-0-1
WRONG	projective-add-7-0-1
PASS	affine-add-7-0-2
WRONG	projective-add-7-0-2
PASS	affine-add-7-0-3
WRONG	projective-add-7-0-3
PASS	affine-add-7-0-4
WRONG	projective-add-7-0-4
PASS	affine-negate-7-1
PASS	projective-conversion-7-1-1
PASS	jacobian-conversion-7-1-1
PASS	projective-doubling-7-1-1
PASS	projective-conversion-7-1-2
WRONG	jacobian-conversion-7-1-2
PASS	projective-doubling-7-1-2
PASS	projective-conversion-7-1-3
WRONG	jacobian-conversion-7-1-3
PASS	projective-doubling-7-1-3
PASS	projective-conversion-7-1-4
WRONG	jacobian-conversion-7-1-4
PASS	projective-doubling-7-1-4
PASS	projective-conversion-7-1-5
WRONG	jacobian-conversion-7-1-5
PASS	projective-doubling-7-1-5
PASS	projective-conversion-7-1-6
WRONG	jacobian-conversion-7-1-6
PASS	projective-doubling-7-1-6
PASS	affine-add-7-1-0
WRONG	projective-add-7-1-0
PASS	affine-add-7-1-1
PASS	projective-add-7-1-1
PASS	affine-add-7-1-2
PASS	projective-add-7-1-2
PASS	affine-add-7-1-3
PASS	projective-add-7-1-3
PASS	affine-add-7-1-4
PASS	projective-add-7-1-4
PASS	affine-negate-7-2
PASS	projective-conversion-7-2-1
PASS	jacobian-conversion-7-2-1
PASS	projective-doubling-7-2-1
PASS	projective-conversion-7-2-2
WRONG	jacobian-conversion-7-2-2
PASS	projective-doubling-7-2-2
PASS	projective-conversion-7-2-3
WRONG	jacobian-conversion-7-2-3
PASS	projective-doubling-7-2-3
PASS	projective-conversion-7-2-4
WRONG	jacobian-conversion-7-2-4
PASS	projective-doubling-7-2-4
PASS	projective-conversion-7-2-5
WRONG	jacobian-conversion-7-2-5
PASS	projective-doubling-7-2-5
PASS	projective-conversion-7-2-6
WRONG	jacobian-conversion-7-2-6
PASS	projective-doubling-7-2-6
PASS	affine-add-7-2-0
WRONG	projective-add-7-2-0
PASS	affine-add-7-2-1
PASS	projective-add-7-2-1
PASS	affine-add-7-2-2
PASS	projective-add-7-2-2
PASS	affine-add-7-2-3
PASS	projective-add-7-2-3
PASS	affine-add-7-2-4
PASS	projective-add-7-2-4
PASS	affine-negate-7-3
PASS	projective-conversion-7-3-1
PASS	jacobian-conversion-7-3-1
PASS	projective-doubling-7-3-1
PASS	projective-conversion-7-3-2
WRONG	jacobian-conversion-7-3-2
PASS	projective-doubling-7-3-2
PASS	projective-conversion-7-3-3
WRONG	jacobian-conversion-7-3-3
PASS	projective-doubling-7-3-3
PASS	projective-conversion-7-3-4
WRONG	jacobian-conversion-7-3-4
PASS	projective-doubling-7-3-4
PASS	projective-conversion-7-3-5
WRONG	jacobian-conversion-7-3-5
PASS	projective-doubling-7-3-5
PASS	projective-conversion-7-3-6
WRONG	jacobian-conversion-7-3-6
PASS	projective-doubling-7-3-6
PASS	affine-add-7-3-0
WRONG	projective-add-7-3-0
PASS	affine-add-7-3-1
PASS	projective-add-7-3-1
PASS	affine-add-7-3-2
PASS	projective-add-7-3-2
PASS	affine-add-7-3-3
PASS	projective-add-7-3-3
PASS	affine-add-7-3-4
PASS	projective-add-7-3-4
PASS	affine-negate-7-4
PASS	projective-conversion-7-4-1
PASS	jacobian-conversion-7-4-1
PASS	projective-doubling-7-4-1
PASS	projective-conversion-7-4-2
WRONG	jacobian-conversion-7-4-2
PASS	projective-doubling-7-4-2
PASS	projective-conversion-7-4-3
WRONG	jacobian-conversion-7-4-3
PASS	projective-doubling-7-4-3
PASS	projective-conversion-7-4-4
WRONG	jacobian-conversion-7-4-4
PASS	projective-doubling-7-4-4
PASS	projective-conversion-7-4-5
WRONG	jacobian-conversion-7-4-5
PASS	projective-doubling-7-4-5
PASS	projective-conversion-7-4-6
WRONG	jacobian-conversion-7-4-6
PASS	projective-doubling-7-4-6
PASS	affine-add-7-4-0
WRONG	projective-add-7-4-0
PASS	affine-add-7-4-1
PASS	projective-add-7-4-1
PASS	affine-add-7-4-2
PASS	projective-add-7-4-2
PASS	affine-add-7-4-3
PASS	projective-add-7-4-3
PASS	affine-add-7-4-4
PASS	projective-add-7-4-4
WRONG	projective-invalid-equality-7
EXCEPTION	montgomery-negate-7-0	NullPointerException
PASS	montgomery-add-7-0-0
PASS	montgomery-add-7-0-1
PASS	montgomery-add-7-0-2
PASS	montgomery-add-7-0-3
PASS	montgomery-add-7-0-4
PASS	montgomery-add-7-0-5
PASS	montgomery-add-7-0-6
PASS	montgomery-add-7-0-7
PASS	montgomery-negate-7-1
PASS	montgomery-add-7-1-0
PASS	montgomery-add-7-1-1
PASS	montgomery-add-7-1-2
PASS	montgomery-add-7-1-3
PASS	montgomery-add-7-1-4
PASS	montgomery-add-7-1-5
PASS	montgomery-add-7-1-6
PASS	montgomery-add-7-1-7
PASS	montgomery-negate-7-2
PASS	montgomery-add-7-2-0
PASS	montgomery-add-7-2-1
PASS	montgomery-add-7-2-2
PASS	montgomery-add-7-2-3
PASS	montgomery-add-7-2-4
PASS	montgomery-add-7-2-5
PASS	montgomery-add-7-2-6
PASS	montgomery-add-7-2-7
PASS	montgomery-negate-7-3
PASS	montgomery-add-7-3-0
PASS	montgomery-add-7-3-1
PASS	montgomery-add-7-3-2
PASS	montgomery-add-7-3-3
PASS	montgomery-add-7-3-4
PASS	montgomery-add-7-3-5
PASS	montgomery-add-7-3-6
PASS	montgomery-add-7-3-7
PASS	montgomery-negate-7-4
PASS	montgomery-add-7-4-0
PASS	montgomery-add-7-4-1
PASS	montgomery-add-7-4-2
PASS	montgomery-add-7-4-3
PASS	montgomery-add-7-4-4
PASS	montgomery-add-7-4-5
PASS	montgomery-add-7-4-6
PASS	montgomery-add-7-4-7
PASS	montgomery-negate-7-5
PASS	montgomery-add-7-5-0
PASS	montgomery-add-7-5-1
PASS	montgomery-add-7-5-2
PASS	montgomery-add-7-5-3
PASS	montgomery-add-7-5-4
PASS	montgomery-add-7-5-5
PASS	montgomery-add-7-5-6
PASS	montgomery-add-7-5-7
PASS	montgomery-negate-7-6
PASS	montgomery-add-7-6-0
PASS	montgomery-add-7-6-1
PASS	montgomery-add-7-6-2
PASS	montgomery-add-7-6-3
PASS	montgomery-add-7-6-4
PASS	montgomery-add-7-6-5
PASS	montgomery-add-7-6-6
PASS	montgomery-add-7-6-7
PASS	montgomery-negate-7-7
PASS	montgomery-add-7-7-0
PASS	montgomery-add-7-7-1
PASS	montgomery-add-7-7-2
PASS	montgomery-add-7-7-3
PASS	montgomery-add-7-7-4
PASS	montgomery-add-7-7-5
PASS	montgomery-add-7-7-6
PASS	montgomery-add-7-7-7
WRONG	montgomery-invariant-7
EXCEPTION	affine-negate-11-0	NullPointerException
PASS	projective-conversion-11-0-1
PASS	jacobian-conversion-11-0-1
PASS	projective-doubling-11-0-1
PASS	projective-conversion-11-0-2
PASS	jacobian-conversion-11-0-2
PASS	projective-doubling-11-0-2
PASS	projective-conversion-11-0-3
PASS	jacobian-conversion-11-0-3
PASS	projective-doubling-11-0-3
PASS	projective-conversion-11-0-4
PASS	jacobian-conversion-11-0-4
PASS	projective-doubling-11-0-4
PASS	projective-conversion-11-0-5
PASS	jacobian-conversion-11-0-5
PASS	projective-doubling-11-0-5
PASS	projective-conversion-11-0-6
PASS	jacobian-conversion-11-0-6
PASS	projective-doubling-11-0-6
PASS	projective-conversion-11-0-7
PASS	jacobian-conversion-11-0-7
PASS	projective-doubling-11-0-7
PASS	projective-conversion-11-0-8
PASS	jacobian-conversion-11-0-8
PASS	projective-doubling-11-0-8
PASS	projective-conversion-11-0-9
PASS	jacobian-conversion-11-0-9
PASS	projective-doubling-11-0-9
PASS	projective-conversion-11-0-10
PASS	jacobian-conversion-11-0-10
PASS	projective-doubling-11-0-10
PASS	affine-add-11-0-0
PASS	projective-add-11-0-0
PASS	affine-add-11-0-1
WRONG	projective-add-11-0-1
PASS	affine-add-11-0-2
WRONG	projective-add-11-0-2
PASS	affine-add-11-0-3
WRONG	projective-add-11-0-3
PASS	affine-add-11-0-4
WRONG	projective-add-11-0-4
PASS	affine-add-11-0-5
WRONG	projective-add-11-0-5
PASS	affine-add-11-0-6
WRONG	projective-add-11-0-6
PASS	affine-add-11-0-7
WRONG	projective-add-11-0-7
PASS	affine-add-11-0-8
WRONG	projective-add-11-0-8
PASS	affine-add-11-0-9
WRONG	projective-add-11-0-9
PASS	affine-add-11-0-10
WRONG	projective-add-11-0-10
PASS	affine-add-11-0-11
WRONG	projective-add-11-0-11
PASS	affine-add-11-0-12
WRONG	projective-add-11-0-12
PASS	affine-add-11-0-13
WRONG	projective-add-11-0-13
PASS	affine-negate-11-1
PASS	projective-conversion-11-1-1
PASS	jacobian-conversion-11-1-1
PASS	projective-doubling-11-1-1
PASS	projective-conversion-11-1-2
WRONG	jacobian-conversion-11-1-2
PASS	projective-doubling-11-1-2
PASS	projective-conversion-11-1-3
WRONG	jacobian-conversion-11-1-3
PASS	projective-doubling-11-1-3
PASS	projective-conversion-11-1-4
WRONG	jacobian-conversion-11-1-4
PASS	projective-doubling-11-1-4
PASS	projective-conversion-11-1-5
WRONG	jacobian-conversion-11-1-5
PASS	projective-doubling-11-1-5
PASS	projective-conversion-11-1-6
WRONG	jacobian-conversion-11-1-6
PASS	projective-doubling-11-1-6
PASS	projective-conversion-11-1-7
WRONG	jacobian-conversion-11-1-7
PASS	projective-doubling-11-1-7
PASS	projective-conversion-11-1-8
WRONG	jacobian-conversion-11-1-8
PASS	projective-doubling-11-1-8
PASS	projective-conversion-11-1-9
WRONG	jacobian-conversion-11-1-9
PASS	projective-doubling-11-1-9
PASS	projective-conversion-11-1-10
WRONG	jacobian-conversion-11-1-10
PASS	projective-doubling-11-1-10
PASS	affine-add-11-1-0
WRONG	projective-add-11-1-0
PASS	affine-add-11-1-1
PASS	projective-add-11-1-1
PASS	affine-add-11-1-2
PASS	projective-add-11-1-2
PASS	affine-add-11-1-3
PASS	projective-add-11-1-3
PASS	affine-add-11-1-4
PASS	projective-add-11-1-4
PASS	affine-add-11-1-5
PASS	projective-add-11-1-5
PASS	affine-add-11-1-6
PASS	projective-add-11-1-6
PASS	affine-add-11-1-7
PASS	projective-add-11-1-7
PASS	affine-add-11-1-8
PASS	projective-add-11-1-8
PASS	affine-add-11-1-9
PASS	projective-add-11-1-9
PASS	affine-add-11-1-10
PASS	projective-add-11-1-10
PASS	affine-add-11-1-11
PASS	projective-add-11-1-11
PASS	affine-add-11-1-12
PASS	projective-add-11-1-12
PASS	affine-add-11-1-13
PASS	projective-add-11-1-13
PASS	affine-negate-11-2
PASS	projective-conversion-11-2-1
PASS	jacobian-conversion-11-2-1
PASS	projective-doubling-11-2-1
PASS	projective-conversion-11-2-2
WRONG	jacobian-conversion-11-2-2
PASS	projective-doubling-11-2-2
PASS	projective-conversion-11-2-3
WRONG	jacobian-conversion-11-2-3
PASS	projective-doubling-11-2-3
PASS	projective-conversion-11-2-4
WRONG	jacobian-conversion-11-2-4
PASS	projective-doubling-11-2-4
PASS	projective-conversion-11-2-5
WRONG	jacobian-conversion-11-2-5
PASS	projective-doubling-11-2-5
PASS	projective-conversion-11-2-6
WRONG	jacobian-conversion-11-2-6
PASS	projective-doubling-11-2-6
PASS	projective-conversion-11-2-7
WRONG	jacobian-conversion-11-2-7
PASS	projective-doubling-11-2-7
PASS	projective-conversion-11-2-8
WRONG	jacobian-conversion-11-2-8
PASS	projective-doubling-11-2-8
PASS	projective-conversion-11-2-9
WRONG	jacobian-conversion-11-2-9
PASS	projective-doubling-11-2-9
PASS	projective-conversion-11-2-10
WRONG	jacobian-conversion-11-2-10
PASS	projective-doubling-11-2-10
PASS	affine-add-11-2-0
WRONG	projective-add-11-2-0
PASS	affine-add-11-2-1
PASS	projective-add-11-2-1
PASS	affine-add-11-2-2
PASS	projective-add-11-2-2
PASS	affine-add-11-2-3
PASS	projective-add-11-2-3
PASS	affine-add-11-2-4
PASS	projective-add-11-2-4
PASS	affine-add-11-2-5
PASS	projective-add-11-2-5
PASS	affine-add-11-2-6
PASS	projective-add-11-2-6
PASS	affine-add-11-2-7
PASS	projective-add-11-2-7
PASS	affine-add-11-2-8
PASS	projective-add-11-2-8
PASS	affine-add-11-2-9
PASS	projective-add-11-2-9
PASS	affine-add-11-2-10
PASS	projective-add-11-2-10
PASS	affine-add-11-2-11
PASS	projective-add-11-2-11
PASS	affine-add-11-2-12
PASS	projective-add-11-2-12
PASS	affine-add-11-2-13
PASS	projective-add-11-2-13
PASS	affine-negate-11-3
PASS	projective-conversion-11-3-1
PASS	jacobian-conversion-11-3-1
PASS	projective-doubling-11-3-1
PASS	projective-conversion-11-3-2
WRONG	jacobian-conversion-11-3-2
PASS	projective-doubling-11-3-2
PASS	projective-conversion-11-3-3
WRONG	jacobian-conversion-11-3-3
PASS	projective-doubling-11-3-3
PASS	projective-conversion-11-3-4
WRONG	jacobian-conversion-11-3-4
PASS	projective-doubling-11-3-4
PASS	projective-conversion-11-3-5
WRONG	jacobian-conversion-11-3-5
PASS	projective-doubling-11-3-5
PASS	projective-conversion-11-3-6
WRONG	jacobian-conversion-11-3-6
PASS	projective-doubling-11-3-6
PASS	projective-conversion-11-3-7
WRONG	jacobian-conversion-11-3-7
PASS	projective-doubling-11-3-7
PASS	projective-conversion-11-3-8
WRONG	jacobian-conversion-11-3-8
PASS	projective-doubling-11-3-8
PASS	projective-conversion-11-3-9
WRONG	jacobian-conversion-11-3-9
PASS	projective-doubling-11-3-9
PASS	projective-conversion-11-3-10
WRONG	jacobian-conversion-11-3-10
PASS	projective-doubling-11-3-10
PASS	affine-add-11-3-0
WRONG	projective-add-11-3-0
PASS	affine-add-11-3-1
PASS	projective-add-11-3-1
PASS	affine-add-11-3-2
PASS	projective-add-11-3-2
PASS	affine-add-11-3-3
PASS	projective-add-11-3-3
PASS	affine-add-11-3-4
PASS	projective-add-11-3-4
PASS	affine-add-11-3-5
PASS	projective-add-11-3-5
PASS	affine-add-11-3-6
PASS	projective-add-11-3-6
PASS	affine-add-11-3-7
PASS	projective-add-11-3-7
PASS	affine-add-11-3-8
PASS	projective-add-11-3-8
PASS	affine-add-11-3-9
WRONG	projective-add-11-3-9
PASS	affine-add-11-3-10
PASS	projective-add-11-3-10
PASS	affine-add-11-3-11
WRONG	projective-add-11-3-11
PASS	affine-add-11-3-12
PASS	projective-add-11-3-12
PASS	affine-add-11-3-13
PASS	projective-add-11-3-13
PASS	affine-negate-11-4
PASS	projective-conversion-11-4-1
PASS	jacobian-conversion-11-4-1
PASS	projective-doubling-11-4-1
PASS	projective-conversion-11-4-2
WRONG	jacobian-conversion-11-4-2
PASS	projective-doubling-11-4-2
PASS	projective-conversion-11-4-3
WRONG	jacobian-conversion-11-4-3
PASS	projective-doubling-11-4-3
PASS	projective-conversion-11-4-4
WRONG	jacobian-conversion-11-4-4
PASS	projective-doubling-11-4-4
PASS	projective-conversion-11-4-5
WRONG	jacobian-conversion-11-4-5
PASS	projective-doubling-11-4-5
PASS	projective-conversion-11-4-6
WRONG	jacobian-conversion-11-4-6
PASS	projective-doubling-11-4-6
PASS	projective-conversion-11-4-7
WRONG	jacobian-conversion-11-4-7
PASS	projective-doubling-11-4-7
PASS	projective-conversion-11-4-8
WRONG	jacobian-conversion-11-4-8
PASS	projective-doubling-11-4-8
PASS	projective-conversion-11-4-9
WRONG	jacobian-conversion-11-4-9
PASS	projective-doubling-11-4-9
PASS	projective-conversion-11-4-10
WRONG	jacobian-conversion-11-4-10
PASS	projective-doubling-11-4-10
PASS	affine-add-11-4-0
WRONG	projective-add-11-4-0
PASS	affine-add-11-4-1
PASS	projective-add-11-4-1
PASS	affine-add-11-4-2
PASS	projective-add-11-4-2
PASS	affine-add-11-4-3
PASS	projective-add-11-4-3
PASS	affine-add-11-4-4
PASS	projective-add-11-4-4
PASS	affine-add-11-4-5
PASS	projective-add-11-4-5
PASS	affine-add-11-4-6
PASS	projective-add-11-4-6
PASS	affine-add-11-4-7
PASS	projective-add-11-4-7
PASS	affine-add-11-4-8
WRONG	projective-add-11-4-8
PASS	affine-add-11-4-9
PASS	projective-add-11-4-9
PASS	affine-add-11-4-10
WRONG	projective-add-11-4-10
PASS	affine-add-11-4-11
PASS	projective-add-11-4-11
PASS	affine-add-11-4-12
PASS	projective-add-11-4-12
PASS	affine-add-11-4-13
PASS	projective-add-11-4-13
PASS	affine-negate-11-5
PASS	projective-conversion-11-5-1
PASS	jacobian-conversion-11-5-1
PASS	projective-doubling-11-5-1
PASS	projective-conversion-11-5-2
PASS	jacobian-conversion-11-5-2
PASS	projective-doubling-11-5-2
PASS	projective-conversion-11-5-3
PASS	jacobian-conversion-11-5-3
PASS	projective-doubling-11-5-3
PASS	projective-conversion-11-5-4
PASS	jacobian-conversion-11-5-4
PASS	projective-doubling-11-5-4
PASS	projective-conversion-11-5-5
PASS	jacobian-conversion-11-5-5
PASS	projective-doubling-11-5-5
PASS	projective-conversion-11-5-6
PASS	jacobian-conversion-11-5-6
PASS	projective-doubling-11-5-6
PASS	projective-conversion-11-5-7
PASS	jacobian-conversion-11-5-7
PASS	projective-doubling-11-5-7
PASS	projective-conversion-11-5-8
PASS	jacobian-conversion-11-5-8
PASS	projective-doubling-11-5-8
PASS	projective-conversion-11-5-9
PASS	jacobian-conversion-11-5-9
PASS	projective-doubling-11-5-9
PASS	projective-conversion-11-5-10
PASS	jacobian-conversion-11-5-10
PASS	projective-doubling-11-5-10
PASS	affine-add-11-5-0
WRONG	projective-add-11-5-0
PASS	affine-add-11-5-1
PASS	projective-add-11-5-1
PASS	affine-add-11-5-2
PASS	projective-add-11-5-2
PASS	affine-add-11-5-3
PASS	projective-add-11-5-3
PASS	affine-add-11-5-4
PASS	projective-add-11-5-4
PASS	affine-add-11-5-5
PASS	projective-add-11-5-5
PASS	affine-add-11-5-6
PASS	projective-add-11-5-6
PASS	affine-add-11-5-7
PASS	projective-add-11-5-7
PASS	affine-add-11-5-8
PASS	projective-add-11-5-8
PASS	affine-add-11-5-9
PASS	projective-add-11-5-9
PASS	affine-add-11-5-10
PASS	projective-add-11-5-10
PASS	affine-add-11-5-11
PASS	projective-add-11-5-11
PASS	affine-add-11-5-12
PASS	projective-add-11-5-12
PASS	affine-add-11-5-13
PASS	projective-add-11-5-13
PASS	affine-negate-11-6
PASS	projective-conversion-11-6-1
PASS	jacobian-conversion-11-6-1
PASS	projective-doubling-11-6-1
PASS	projective-conversion-11-6-2
WRONG	jacobian-conversion-11-6-2
PASS	projective-doubling-11-6-2
PASS	projective-conversion-11-6-3
WRONG	jacobian-conversion-11-6-3
PASS	projective-doubling-11-6-3
PASS	projective-conversion-11-6-4
WRONG	jacobian-conversion-11-6-4
PASS	projective-doubling-11-6-4
PASS	projective-conversion-11-6-5
WRONG	jacobian-conversion-11-6-5
PASS	projective-doubling-11-6-5
PASS	projective-conversion-11-6-6
WRONG	jacobian-conversion-11-6-6
PASS	projective-doubling-11-6-6
PASS	projective-conversion-11-6-7
WRONG	jacobian-conversion-11-6-7
PASS	projective-doubling-11-6-7
PASS	projective-conversion-11-6-8
WRONG	jacobian-conversion-11-6-8
PASS	projective-doubling-11-6-8
PASS	projective-conversion-11-6-9
WRONG	jacobian-conversion-11-6-9
PASS	projective-doubling-11-6-9
PASS	projective-conversion-11-6-10
WRONG	jacobian-conversion-11-6-10
PASS	projective-doubling-11-6-10
PASS	affine-add-11-6-0
WRONG	projective-add-11-6-0
PASS	affine-add-11-6-1
PASS	projective-add-11-6-1
PASS	affine-add-11-6-2
PASS	projective-add-11-6-2
PASS	affine-add-11-6-3
PASS	projective-add-11-6-3
PASS	affine-add-11-6-4
PASS	projective-add-11-6-4
PASS	affine-add-11-6-5
PASS	projective-add-11-6-5
PASS	affine-add-11-6-6
PASS	projective-add-11-6-6
PASS	affine-add-11-6-7
PASS	projective-add-11-6-7
PASS	affine-add-11-6-8
PASS	projective-add-11-6-8
PASS	affine-add-11-6-9
PASS	projective-add-11-6-9
PASS	affine-add-11-6-10
PASS	projective-add-11-6-10
PASS	affine-add-11-6-11
PASS	projective-add-11-6-11
PASS	affine-add-11-6-12
PASS	projective-add-11-6-12
PASS	affine-add-11-6-13
PASS	projective-add-11-6-13
PASS	affine-negate-11-7
PASS	projective-conversion-11-7-1
PASS	jacobian-conversion-11-7-1
PASS	projective-doubling-11-7-1
PASS	projective-conversion-11-7-2
WRONG	jacobian-conversion-11-7-2
PASS	projective-doubling-11-7-2
PASS	projective-conversion-11-7-3
WRONG	jacobian-conversion-11-7-3
PASS	projective-doubling-11-7-3
PASS	projective-conversion-11-7-4
WRONG	jacobian-conversion-11-7-4
PASS	projective-doubling-11-7-4
PASS	projective-conversion-11-7-5
WRONG	jacobian-conversion-11-7-5
PASS	projective-doubling-11-7-5
PASS	projective-conversion-11-7-6
WRONG	jacobian-conversion-11-7-6
PASS	projective-doubling-11-7-6
PASS	projective-conversion-11-7-7
WRONG	jacobian-conversion-11-7-7
PASS	projective-doubling-11-7-7
PASS	projective-conversion-11-7-8
WRONG	jacobian-conversion-11-7-8
PASS	projective-doubling-11-7-8
PASS	projective-conversion-11-7-9
WRONG	jacobian-conversion-11-7-9
PASS	projective-doubling-11-7-9
PASS	projective-conversion-11-7-10
WRONG	jacobian-conversion-11-7-10
PASS	projective-doubling-11-7-10
PASS	affine-add-11-7-0
WRONG	projective-add-11-7-0
PASS	affine-add-11-7-1
PASS	projective-add-11-7-1
PASS	affine-add-11-7-2
PASS	projective-add-11-7-2
PASS	affine-add-11-7-3
PASS	projective-add-11-7-3
PASS	affine-add-11-7-4
PASS	projective-add-11-7-4
PASS	affine-add-11-7-5
PASS	projective-add-11-7-5
PASS	affine-add-11-7-6
PASS	projective-add-11-7-6
PASS	affine-add-11-7-7
PASS	projective-add-11-7-7
PASS	affine-add-11-7-8
PASS	projective-add-11-7-8
PASS	affine-add-11-7-9
PASS	projective-add-11-7-9
PASS	affine-add-11-7-10
PASS	projective-add-11-7-10
PASS	affine-add-11-7-11
PASS	projective-add-11-7-11
PASS	affine-add-11-7-12
PASS	projective-add-11-7-12
PASS	affine-add-11-7-13
PASS	projective-add-11-7-13
PASS	affine-negate-11-8
PASS	projective-conversion-11-8-1
PASS	jacobian-conversion-11-8-1
PASS	projective-doubling-11-8-1
PASS	projective-conversion-11-8-2
WRONG	jacobian-conversion-11-8-2
PASS	projective-doubling-11-8-2
PASS	projective-conversion-11-8-3
WRONG	jacobian-conversion-11-8-3
PASS	projective-doubling-11-8-3
PASS	projective-conversion-11-8-4
WRONG	jacobian-conversion-11-8-4
PASS	projective-doubling-11-8-4
PASS	projective-conversion-11-8-5
WRONG	jacobian-conversion-11-8-5
PASS	projective-doubling-11-8-5
PASS	projective-conversion-11-8-6
WRONG	jacobian-conversion-11-8-6
PASS	projective-doubling-11-8-6
PASS	projective-conversion-11-8-7
WRONG	jacobian-conversion-11-8-7
PASS	projective-doubling-11-8-7
PASS	projective-conversion-11-8-8
WRONG	jacobian-conversion-11-8-8
PASS	projective-doubling-11-8-8
PASS	projective-conversion-11-8-9
WRONG	jacobian-conversion-11-8-9
PASS	projective-doubling-11-8-9
PASS	projective-conversion-11-8-10
WRONG	jacobian-conversion-11-8-10
PASS	projective-doubling-11-8-10
PASS	affine-add-11-8-0
WRONG	projective-add-11-8-0
PASS	affine-add-11-8-1
PASS	projective-add-11-8-1
PASS	affine-add-11-8-2
PASS	projective-add-11-8-2
PASS	affine-add-11-8-3
PASS	projective-add-11-8-3
PASS	affine-add-11-8-4
WRONG	projective-add-11-8-4
PASS	affine-add-11-8-5
PASS	projective-add-11-8-5
PASS	affine-add-11-8-6
PASS	projective-add-11-8-6
PASS	affine-add-11-8-7
PASS	projective-add-11-8-7
PASS	affine-add-11-8-8
PASS	projective-add-11-8-8
PASS	affine-add-11-8-9
PASS	projective-add-11-8-9
PASS	affine-add-11-8-10
PASS	projective-add-11-8-10
PASS	affine-add-11-8-11
WRONG	projective-add-11-8-11
PASS	affine-add-11-8-12
PASS	projective-add-11-8-12
PASS	affine-add-11-8-13
PASS	projective-add-11-8-13
PASS	affine-negate-11-9
PASS	projective-conversion-11-9-1
PASS	jacobian-conversion-11-9-1
PASS	projective-doubling-11-9-1
PASS	projective-conversion-11-9-2
WRONG	jacobian-conversion-11-9-2
PASS	projective-doubling-11-9-2
PASS	projective-conversion-11-9-3
WRONG	jacobian-conversion-11-9-3
PASS	projective-doubling-11-9-3
PASS	projective-conversion-11-9-4
WRONG	jacobian-conversion-11-9-4
PASS	projective-doubling-11-9-4
PASS	projective-conversion-11-9-5
WRONG	jacobian-conversion-11-9-5
PASS	projective-doubling-11-9-5
PASS	projective-conversion-11-9-6
WRONG	jacobian-conversion-11-9-6
PASS	projective-doubling-11-9-6
PASS	projective-conversion-11-9-7
WRONG	jacobian-conversion-11-9-7
PASS	projective-doubling-11-9-7
PASS	projective-conversion-11-9-8
WRONG	jacobian-conversion-11-9-8
PASS	projective-doubling-11-9-8
PASS	projective-conversion-11-9-9
WRONG	jacobian-conversion-11-9-9
PASS	projective-doubling-11-9-9
PASS	projective-conversion-11-9-10
WRONG	jacobian-conversion-11-9-10
PASS	projective-doubling-11-9-10
PASS	affine-add-11-9-0
WRONG	projective-add-11-9-0
PASS	affine-add-11-9-1
PASS	projective-add-11-9-1
PASS	affine-add-11-9-2
PASS	projective-add-11-9-2
PASS	affine-add-11-9-3
WRONG	projective-add-11-9-3
PASS	affine-add-11-9-4
PASS	projective-add-11-9-4
PASS	affine-add-11-9-5
PASS	projective-add-11-9-5
PASS	affine-add-11-9-6
PASS	projective-add-11-9-6
PASS	affine-add-11-9-7
PASS	projective-add-11-9-7
PASS	affine-add-11-9-8
PASS	projective-add-11-9-8
PASS	affine-add-11-9-9
PASS	projective-add-11-9-9
PASS	affine-add-11-9-10
WRONG	projective-add-11-9-10
PASS	affine-add-11-9-11
PASS	projective-add-11-9-11
PASS	affine-add-11-9-12
PASS	projective-add-11-9-12
PASS	affine-add-11-9-13
PASS	projective-add-11-9-13
PASS	affine-negate-11-10
PASS	projective-conversion-11-10-1
PASS	jacobian-conversion-11-10-1
PASS	projective-doubling-11-10-1
PASS	projective-conversion-11-10-2
WRONG	jacobian-conversion-11-10-2
PASS	projective-doubling-11-10-2
PASS	projective-conversion-11-10-3
WRONG	jacobian-conversion-11-10-3
PASS	projective-doubling-11-10-3
PASS	projective-conversion-11-10-4
WRONG	jacobian-conversion-11-10-4
PASS	projective-doubling-11-10-4
PASS	projective-conversion-11-10-5
WRONG	jacobian-conversion-11-10-5
PASS	projective-doubling-11-10-5
PASS	projective-conversion-11-10-6
WRONG	jacobian-conversion-11-10-6
PASS	projective-doubling-11-10-6
PASS	projective-conversion-11-10-7
WRONG	jacobian-conversion-11-10-7
PASS	projective-doubling-11-10-7
PASS	projective-conversion-11-10-8
WRONG	jacobian-conversion-11-10-8
PASS	projective-doubling-11-10-8
PASS	projective-conversion-11-10-9
WRONG	jacobian-conversion-11-10-9
PASS	projective-doubling-11-10-9
PASS	projective-conversion-11-10-10
WRONG	jacobian-conversion-11-10-10
PASS	projective-doubling-11-10-10
PASS	affine-add-11-10-0
WRONG	projective-add-11-10-0
PASS	affine-add-11-10-1
PASS	projective-add-11-10-1
PASS	affine-add-11-10-2
PASS	projective-add-11-10-2
PASS	affine-add-11-10-3
PASS	projective-add-11-10-3
PASS	affine-add-11-10-4
WRONG	projective-add-11-10-4
PASS	affine-add-11-10-5
PASS	projective-add-11-10-5
PASS	affine-add-11-10-6
PASS	projective-add-11-10-6
PASS	affine-add-11-10-7
PASS	projective-add-11-10-7
PASS	affine-add-11-10-8
PASS	projective-add-11-10-8
PASS	affine-add-11-10-9
WRONG	projective-add-11-10-9
PASS	affine-add-11-10-10
PASS	projective-add-11-10-10
PASS	affine-add-11-10-11
PASS	projective-add-11-10-11
PASS	affine-add-11-10-12
PASS	projective-add-11-10-12
PASS	affine-add-11-10-13
PASS	projective-add-11-10-13
PASS	affine-negate-11-11
PASS	projective-conversion-11-11-1
PASS	jacobian-conversion-11-11-1
PASS	projective-doubling-11-11-1
PASS	projective-conversion-11-11-2
WRONG	jacobian-conversion-11-11-2
PASS	projective-doubling-11-11-2
PASS	projective-conversion-11-11-3
WRONG	jacobian-conversion-11-11-3
PASS	projective-doubling-11-11-3
PASS	projective-conversion-11-11-4
WRONG	jacobian-conversion-11-11-4
PASS	projective-doubling-11-11-4
PASS	projective-conversion-11-11-5
WRONG	jacobian-conversion-11-11-5
PASS	projective-doubling-11-11-5
PASS	projective-conversion-11-11-6
WRONG	jacobian-conversion-11-11-6
PASS	projective-doubling-11-11-6
PASS	projective-conversion-11-11-7
WRONG	jacobian-conversion-11-11-7
PASS	projective-doubling-11-11-7
PASS	projective-conversion-11-11-8
WRONG	jacobian-conversion-11-11-8
PASS	projective-doubling-11-11-8
PASS	projective-conversion-11-11-9
WRONG	jacobian-conversion-11-11-9
PASS	projective-doubling-11-11-9
PASS	projective-conversion-11-11-10
WRONG	jacobian-conversion-11-11-10
PASS	projective-doubling-11-11-10
PASS	affine-add-11-11-0
WRONG	projective-add-11-11-0
PASS	affine-add-11-11-1
PASS	projective-add-11-11-1
PASS	affine-add-11-11-2
PASS	projective-add-11-11-2
PASS	affine-add-11-11-3
WRONG	projective-add-11-11-3
PASS	affine-add-11-11-4
PASS	projective-add-11-11-4
PASS	affine-add-11-11-5
PASS	projective-add-11-11-5
PASS	affine-add-11-11-6
PASS	projective-add-11-11-6
PASS	affine-add-11-11-7
PASS	projective-add-11-11-7
PASS	affine-add-11-11-8
WRONG	projective-add-11-11-8
PASS	affine-add-11-11-9
PASS	projective-add-11-11-9
PASS	affine-add-11-11-10
PASS	projective-add-11-11-10
PASS	affine-add-11-11-11
PASS	projective-add-11-11-11
PASS	affine-add-11-11-12
PASS	projective-add-11-11-12
PASS	affine-add-11-11-13
PASS	projective-add-11-11-13
PASS	affine-negate-11-12
PASS	projective-conversion-11-12-1
PASS	jacobian-conversion-11-12-1
PASS	projective-doubling-11-12-1
PASS	projective-conversion-11-12-2
WRONG	jacobian-conversion-11-12-2
PASS	projective-doubling-11-12-2
PASS	projective-conversion-11-12-3
WRONG	jacobian-conversion-11-12-3
PASS	projective-doubling-11-12-3
PASS	projective-conversion-11-12-4
WRONG	jacobian-conversion-11-12-4
PASS	projective-doubling-11-12-4
PASS	projective-conversion-11-12-5
WRONG	jacobian-conversion-11-12-5
PASS	projective-doubling-11-12-5
PASS	projective-conversion-11-12-6
WRONG	jacobian-conversion-11-12-6
PASS	projective-doubling-11-12-6
PASS	projective-conversion-11-12-7
WRONG	jacobian-conversion-11-12-7
PASS	projective-doubling-11-12-7
PASS	projective-conversion-11-12-8
WRONG	jacobian-conversion-11-12-8
PASS	projective-doubling-11-12-8
PASS	projective-conversion-11-12-9
WRONG	jacobian-conversion-11-12-9
PASS	projective-doubling-11-12-9
PASS	projective-conversion-11-12-10
WRONG	jacobian-conversion-11-12-10
PASS	projective-doubling-11-12-10
PASS	affine-add-11-12-0
WRONG	projective-add-11-12-0
PASS	affine-add-11-12-1
PASS	projective-add-11-12-1
PASS	affine-add-11-12-2
PASS	projective-add-11-12-2
PASS	affine-add-11-12-3
PASS	projective-add-11-12-3
PASS	affine-add-11-12-4
PASS	projective-add-11-12-4
PASS	affine-add-11-12-5
PASS	projective-add-11-12-5
PASS	affine-add-11-12-6
PASS	projective-add-11-12-6
PASS	affine-add-11-12-7
PASS	projective-add-11-12-7
PASS	affine-add-11-12-8
PASS	projective-add-11-12-8
PASS	affine-add-11-12-9
PASS	projective-add-11-12-9
PASS	affine-add-11-12-10
PASS	projective-add-11-12-10
PASS	affine-add-11-12-11
PASS	projective-add-11-12-11
PASS	affine-add-11-12-12
PASS	projective-add-11-12-12
PASS	affine-add-11-12-13
PASS	projective-add-11-12-13
PASS	affine-negate-11-13
PASS	projective-conversion-11-13-1
PASS	jacobian-conversion-11-13-1
PASS	projective-doubling-11-13-1
PASS	projective-conversion-11-13-2
WRONG	jacobian-conversion-11-13-2
PASS	projective-doubling-11-13-2
PASS	projective-conversion-11-13-3
WRONG	jacobian-conversion-11-13-3
PASS	projective-doubling-11-13-3
PASS	projective-conversion-11-13-4
WRONG	jacobian-conversion-11-13-4
PASS	projective-doubling-11-13-4
PASS	projective-conversion-11-13-5
WRONG	jacobian-conversion-11-13-5
PASS	projective-doubling-11-13-5
PASS	projective-conversion-11-13-6
WRONG	jacobian-conversion-11-13-6
PASS	projective-doubling-11-13-6
PASS	projective-conversion-11-13-7
WRONG	jacobian-conversion-11-13-7
PASS	projective-doubling-11-13-7
PASS	projective-conversion-11-13-8
WRONG	jacobian-conversion-11-13-8
PASS	projective-doubling-11-13-8
PASS	projective-conversion-11-13-9
WRONG	jacobian-conversion-11-13-9
PASS	projective-doubling-11-13-9
PASS	projective-conversion-11-13-10
WRONG	jacobian-conversion-11-13-10
PASS	projective-doubling-11-13-10
PASS	affine-add-11-13-0
WRONG	projective-add-11-13-0
PASS	affine-add-11-13-1
PASS	projective-add-11-13-1
PASS	affine-add-11-13-2
PASS	projective-add-11-13-2
PASS	affine-add-11-13-3
PASS	projective-add-11-13-3
PASS	affine-add-11-13-4
PASS	projective-add-11-13-4
PASS	affine-add-11-13-5
PASS	projective-add-11-13-5
PASS	affine-add-11-13-6
PASS	projective-add-11-13-6
PASS	affine-add-11-13-7
PASS	projective-add-11-13-7
PASS	affine-add-11-13-8
PASS	projective-add-11-13-8
PASS	affine-add-11-13-9
PASS	projective-add-11-13-9
PASS	affine-add-11-13-10
PASS	projective-add-11-13-10
PASS	affine-add-11-13-11
PASS	projective-add-11-13-11
PASS	affine-add-11-13-12
PASS	projective-add-11-13-12
PASS	affine-add-11-13-13
PASS	projective-add-11-13-13
WRONG	projective-invalid-equality-11
EXCEPTION	montgomery-negate-11-0	NullPointerException
PASS	montgomery-add-11-0-0
PASS	montgomery-add-11-0-1
PASS	montgomery-add-11-0-2
PASS	montgomery-add-11-0-3
PASS	montgomery-add-11-0-4
PASS	montgomery-add-11-0-5
PASS	montgomery-add-11-0-6
PASS	montgomery-add-11-0-7
PASS	montgomery-add-11-0-8
PASS	montgomery-add-11-0-9
PASS	montgomery-add-11-0-10
PASS	montgomery-add-11-0-11
PASS	montgomery-add-11-0-12
PASS	montgomery-add-11-0-13
PASS	montgomery-add-11-0-14
PASS	montgomery-add-11-0-15
PASS	montgomery-negate-11-1
PASS	montgomery-add-11-1-0
PASS	montgomery-add-11-1-1
PASS	montgomery-add-11-1-2
PASS	montgomery-add-11-1-3
PASS	montgomery-add-11-1-4
PASS	montgomery-add-11-1-5
PASS	montgomery-add-11-1-6
PASS	montgomery-add-11-1-7
PASS	montgomery-add-11-1-8
PASS	montgomery-add-11-1-9
PASS	montgomery-add-11-1-10
PASS	montgomery-add-11-1-11
PASS	montgomery-add-11-1-12
PASS	montgomery-add-11-1-13
PASS	montgomery-add-11-1-14
PASS	montgomery-add-11-1-15
PASS	montgomery-negate-11-2
PASS	montgomery-add-11-2-0
PASS	montgomery-add-11-2-1
PASS	montgomery-add-11-2-2
PASS	montgomery-add-11-2-3
PASS	montgomery-add-11-2-4
PASS	montgomery-add-11-2-5
PASS	montgomery-add-11-2-6
PASS	montgomery-add-11-2-7
PASS	montgomery-add-11-2-8
PASS	montgomery-add-11-2-9
PASS	montgomery-add-11-2-10
PASS	montgomery-add-11-2-11
PASS	montgomery-add-11-2-12
PASS	montgomery-add-11-2-13
PASS	montgomery-add-11-2-14
PASS	montgomery-add-11-2-15
PASS	montgomery-negate-11-3
PASS	montgomery-add-11-3-0
PASS	montgomery-add-11-3-1
PASS	montgomery-add-11-3-2
PASS	montgomery-add-11-3-3
PASS	montgomery-add-11-3-4
PASS	montgomery-add-11-3-5
PASS	montgomery-add-11-3-6
PASS	montgomery-add-11-3-7
PASS	montgomery-add-11-3-8
PASS	montgomery-add-11-3-9
PASS	montgomery-add-11-3-10
PASS	montgomery-add-11-3-11
PASS	montgomery-add-11-3-12
PASS	montgomery-add-11-3-13
PASS	montgomery-add-11-3-14
PASS	montgomery-add-11-3-15
PASS	montgomery-negate-11-4
PASS	montgomery-add-11-4-0
PASS	montgomery-add-11-4-1
PASS	montgomery-add-11-4-2
PASS	montgomery-add-11-4-3
PASS	montgomery-add-11-4-4
PASS	montgomery-add-11-4-5
PASS	montgomery-add-11-4-6
PASS	montgomery-add-11-4-7
PASS	montgomery-add-11-4-8
PASS	montgomery-add-11-4-9
PASS	montgomery-add-11-4-10
PASS	montgomery-add-11-4-11
PASS	montgomery-add-11-4-12
PASS	montgomery-add-11-4-13
PASS	montgomery-add-11-4-14
PASS	montgomery-add-11-4-15
PASS	montgomery-negate-11-5
PASS	montgomery-add-11-5-0
PASS	montgomery-add-11-5-1
PASS	montgomery-add-11-5-2
PASS	montgomery-add-11-5-3
PASS	montgomery-add-11-5-4
PASS	montgomery-add-11-5-5
PASS	montgomery-add-11-5-6
PASS	montgomery-add-11-5-7
PASS	montgomery-add-11-5-8
PASS	montgomery-add-11-5-9
PASS	montgomery-add-11-5-10
PASS	montgomery-add-11-5-11
PASS	montgomery-add-11-5-12
PASS	montgomery-add-11-5-13
PASS	montgomery-add-11-5-14
PASS	montgomery-add-11-5-15
PASS	montgomery-negate-11-6
PASS	montgomery-add-11-6-0
PASS	montgomery-add-11-6-1
PASS	montgomery-add-11-6-2
PASS	montgomery-add-11-6-3
PASS	montgomery-add-11-6-4
PASS	montgomery-add-11-6-5
PASS	montgomery-add-11-6-6
PASS	montgomery-add-11-6-7
PASS	montgomery-add-11-6-8
PASS	montgomery-add-11-6-9
PASS	montgomery-add-11-6-10
PASS	montgomery-add-11-6-11
PASS	montgomery-add-11-6-12
PASS	montgomery-add-11-6-13
PASS	montgomery-add-11-6-14
PASS	montgomery-add-11-6-15
PASS	montgomery-negate-11-7
PASS	montgomery-add-11-7-0
PASS	montgomery-add-11-7-1
PASS	montgomery-add-11-7-2
PASS	montgomery-add-11-7-3
PASS	montgomery-add-11-7-4
PASS	montgomery-add-11-7-5
PASS	montgomery-add-11-7-6
PASS	montgomery-add-11-7-7
PASS	montgomery-add-11-7-8
PASS	montgomery-add-11-7-9
PASS	montgomery-add-11-7-10
PASS	montgomery-add-11-7-11
PASS	montgomery-add-11-7-12
PASS	montgomery-add-11-7-13
PASS	montgomery-add-11-7-14
PASS	montgomery-add-11-7-15
PASS	montgomery-negate-11-8
PASS	montgomery-add-11-8-0
PASS	montgomery-add-11-8-1
PASS	montgomery-add-11-8-2
PASS	montgomery-add-11-8-3
PASS	montgomery-add-11-8-4
PASS	montgomery-add-11-8-5
PASS	montgomery-add-11-8-6
PASS	montgomery-add-11-8-7
PASS	montgomery-add-11-8-8
PASS	montgomery-add-11-8-9
PASS	montgomery-add-11-8-10
PASS	montgomery-add-11-8-11
PASS	montgomery-add-11-8-12
PASS	montgomery-add-11-8-13
PASS	montgomery-add-11-8-14
PASS	montgomery-add-11-8-15
PASS	montgomery-negate-11-9
PASS	montgomery-add-11-9-0
PASS	montgomery-add-11-9-1
PASS	montgomery-add-11-9-2
PASS	montgomery-add-11-9-3
PASS	montgomery-add-11-9-4
PASS	montgomery-add-11-9-5
PASS	montgomery-add-11-9-6
PASS	montgomery-add-11-9-7
PASS	montgomery-add-11-9-8
PASS	montgomery-add-11-9-9
PASS	montgomery-add-11-9-10
PASS	montgomery-add-11-9-11
PASS	montgomery-add-11-9-12
PASS	montgomery-add-11-9-13
PASS	montgomery-add-11-9-14
PASS	montgomery-add-11-9-15
PASS	montgomery-negate-11-10
PASS	montgomery-add-11-10-0
PASS	montgomery-add-11-10-1
PASS	montgomery-add-11-10-2
PASS	montgomery-add-11-10-3
PASS	montgomery-add-11-10-4
PASS	montgomery-add-11-10-5
PASS	montgomery-add-11-10-6
PASS	montgomery-add-11-10-7
PASS	montgomery-add-11-10-8
PASS	montgomery-add-11-10-9
PASS	montgomery-add-11-10-10
PASS	montgomery-add-11-10-11
PASS	montgomery-add-11-10-12
PASS	montgomery-add-11-10-13
PASS	montgomery-add-11-10-14
PASS	montgomery-add-11-10-15
PASS	montgomery-negate-11-11
PASS	montgomery-add-11-11-0
PASS	montgomery-add-11-11-1
PASS	montgomery-add-11-11-2
PASS	montgomery-add-11-11-3
PASS	montgomery-add-11-11-4
PASS	montgomery-add-11-11-5
PASS	montgomery-add-11-11-6
PASS	montgomery-add-11-11-7
PASS	montgomery-add-11-11-8
PASS	montgomery-add-11-11-9
PASS	montgomery-add-11-11-10
PASS	montgomery-add-11-11-11
PASS	montgomery-add-11-11-12
PASS	montgomery-add-11-11-13
PASS	montgomery-add-11-11-14
PASS	montgomery-add-11-11-15
PASS	montgomery-negate-11-12
PASS	montgomery-add-11-12-0
PASS	montgomery-add-11-12-1
PASS	montgomery-add-11-12-2
PASS	montgomery-add-11-12-3
PASS	montgomery-add-11-12-4
PASS	montgomery-add-11-12-5
PASS	montgomery-add-11-12-6
PASS	montgomery-add-11-12-7
PASS	montgomery-add-11-12-8
PASS	montgomery-add-11-12-9
PASS	montgomery-add-11-12-10
PASS	montgomery-add-11-12-11
PASS	montgomery-add-11-12-12
PASS	montgomery-add-11-12-13
PASS	montgomery-add-11-12-14
PASS	montgomery-add-11-12-15
PASS	montgomery-negate-11-13
PASS	montgomery-add-11-13-0
PASS	montgomery-add-11-13-1
PASS	montgomery-add-11-13-2
PASS	montgomery-add-11-13-3
PASS	montgomery-add-11-13-4
PASS	montgomery-add-11-13-5
PASS	montgomery-add-11-13-6
PASS	montgomery-add-11-13-7
PASS	montgomery-add-11-13-8
PASS	montgomery-add-11-13-9
PASS	montgomery-add-11-13-10
PASS	montgomery-add-11-13-11
PASS	montgomery-add-11-13-12
PASS	montgomery-add-11-13-13
PASS	montgomery-add-11-13-14
PASS	montgomery-add-11-13-15
PASS	montgomery-negate-11-14
PASS	montgomery-add-11-14-0
PASS	montgomery-add-11-14-1
PASS	montgomery-add-11-14-2
PASS	montgomery-add-11-14-3
PASS	montgomery-add-11-14-4
PASS	montgomery-add-11-14-5
PASS	montgomery-add-11-14-6
PASS	montgomery-add-11-14-7
PASS	montgomery-add-11-14-8
PASS	montgomery-add-11-14-9
PASS	montgomery-add-11-14-10
PASS	montgomery-add-11-14-11
PASS	montgomery-add-11-14-12
PASS	montgomery-add-11-14-13
PASS	montgomery-add-11-14-14
PASS	montgomery-add-11-14-15
PASS	montgomery-negate-11-15
PASS	montgomery-add-11-15-0
PASS	montgomery-add-11-15-1
PASS	montgomery-add-11-15-2
PASS	montgomery-add-11-15-3
PASS	montgomery-add-11-15-4
PASS	montgomery-add-11-15-5
PASS	montgomery-add-11-15-6
PASS	montgomery-add-11-15-7
PASS	montgomery-add-11-15-8
PASS	montgomery-add-11-15-9
PASS	montgomery-add-11-15-10
PASS	montgomery-add-11-15-11
PASS	montgomery-add-11-15-12
PASS	montgomery-add-11-15-13
PASS	montgomery-add-11-15-14
PASS	montgomery-add-11-15-15
WRONG	montgomery-invariant-11
SUMMARY	1672
