PASS	matrix-equals-1-1-false
PASS	collapse-columns-1-1-false
PASS	matrix-equals-1-1-true
PASS	collapse-columns-1-1-true
EXCEPTION	matrix-equals-1-2-false	IndexOutOfBoundsException
WRONG	collapse-columns-1-2-false
EXCEPTION	matrix-equals-1-2-true	ArrayIndexOutOfBoundsException
WRONG	collapse-columns-1-2-true
EXCEPTION	matrix-equals-1-3-false	IndexOutOfBoundsException
WRONG	collapse-columns-1-3-false
EXCEPTION	matrix-equals-1-3-true	ArrayIndexOutOfBoundsException
WRONG	collapse-columns-1-3-true
EXCEPTION	matrix-equals-1-4-false	IndexOutOfBoundsException
WRONG	collapse-columns-1-4-false
EXCEPTION	matrix-equals-1-4-true	ArrayIndexOutOfBoundsException
WRONG	collapse-columns-1-4-true
EXCEPTION	matrix-equals-2-1-false	IndexOutOfBoundsException
EXCEPTION	collapse-columns-2-1-false	IndexOutOfBoundsException
EXCEPTION	matrix-equals-2-1-true	ArrayIndexOutOfBoundsException
EXCEPTION	collapse-columns-2-1-true	ArrayIndexOutOfBoundsException
PASS	matrix-equals-2-2-false
PASS	collapse-columns-2-2-false
PASS	matrix-equals-2-2-true
PASS	collapse-columns-2-2-true
EXCEPTION	matrix-equals-2-3-false	IndexOutOfBoundsException
WRONG	collapse-columns-2-3-false
EXCEPTION	matrix-equals-2-3-true	ArrayIndexOutOfBoundsException
WRONG	collapse-columns-2-3-true
EXCEPTION	matrix-equals-2-4-false	IndexOutOfBoundsException
WRONG	collapse-columns-2-4-false
EXCEPTION	matrix-equals-2-4-true	ArrayIndexOutOfBoundsException
WRONG	collapse-columns-2-4-true
EXCEPTION	matrix-equals-3-1-false	IndexOutOfBoundsException
EXCEPTION	collapse-columns-3-1-false	IndexOutOfBoundsException
EXCEPTION	matrix-equals-3-1-true	ArrayIndexOutOfBoundsException
EXCEPTION	collapse-columns-3-1-true	ArrayIndexOutOfBoundsException
EXCEPTION	matrix-equals-3-2-false	IndexOutOfBoundsException
EXCEPTION	collapse-columns-3-2-false	IndexOutOfBoundsException
EXCEPTION	matrix-equals-3-2-true	ArrayIndexOutOfBoundsException
EXCEPTION	collapse-columns-3-2-true	ArrayIndexOutOfBoundsException
PASS	matrix-equals-3-3-false
PASS	collapse-columns-3-3-false
PASS	matrix-equals-3-3-true
PASS	collapse-columns-3-3-true
EXCEPTION	matrix-equals-3-4-false	IndexOutOfBoundsException
WRONG	collapse-columns-3-4-false
EXCEPTION	matrix-equals-3-4-true	ArrayIndexOutOfBoundsException
WRONG	collapse-columns-3-4-true
EXCEPTION	matrix-equals-4-1-false	IndexOutOfBoundsException
EXCEPTION	collapse-columns-4-1-false	IndexOutOfBoundsException
EXCEPTION	matrix-equals-4-1-true	ArrayIndexOutOfBoundsException
EXCEPTION	collapse-columns-4-1-true	ArrayIndexOutOfBoundsException
EXCEPTION	matrix-equals-4-2-false	IndexOutOfBoundsException
EXCEPTION	collapse-columns-4-2-false	IndexOutOfBoundsException
EXCEPTION	matrix-equals-4-2-true	ArrayIndexOutOfBoundsException
EXCEPTION	collapse-columns-4-2-true	ArrayIndexOutOfBoundsException
EXCEPTION	matrix-equals-4-3-false	IndexOutOfBoundsException
EXCEPTION	collapse-columns-4-3-false	IndexOutOfBoundsException
EXCEPTION	matrix-equals-4-3-true	ArrayIndexOutOfBoundsException
EXCEPTION	collapse-columns-4-3-true	ArrayIndexOutOfBoundsException
PASS	matrix-equals-4-4-false
PASS	collapse-columns-4-4-false
PASS	matrix-equals-4-4-true
PASS	collapse-columns-4-4-true
EXCEPTION	complex-identity-inverse	IllegalArgumentException
PASS	real-identity-inverse
WRONG	sparse-builder-snapshot
PASS	mutable-copy-is-independent
WRONG	vector-unequal-length
EXCEPTION	vector-shorter-right	IndexOutOfBoundsException
WRONG	complex-projection
EXCEPTION	qr-tall	ArrayIndexOutOfBoundsException
WRONG	ksubsets-list
PASS	ksubsets-array-control
WRONG	multidimensional-width-constructor
PASS	multidimensional-shape-control
PASS	congruence-5-1-0
WRONG	congruence-5-1-1
WRONG	congruence-5-1-2
WRONG	congruence-5-1-3
WRONG	congruence-5-1-4
PASS	congruence-5-2-0
WRONG	congruence-5-2-1
WRONG	congruence-5-2-2
WRONG	congruence-5-2-3
WRONG	congruence-5-2-4
PASS	congruence-5-3-0
WRONG	congruence-5-3-1
WRONG	congruence-5-3-2
WRONG	congruence-5-3-3
WRONG	congruence-5-3-4
PASS	congruence-5-4-0
WRONG	congruence-5-4-1
WRONG	congruence-5-4-2
WRONG	congruence-5-4-3
WRONG	congruence-5-4-4
PASS	congruence-7-1-0
WRONG	congruence-7-1-1
WRONG	congruence-7-1-2
WRONG	congruence-7-1-3
WRONG	congruence-7-1-4
WRONG	congruence-7-1-5
WRONG	congruence-7-1-6
PASS	congruence-7-2-0
WRONG	congruence-7-2-1
WRONG	congruence-7-2-2
WRONG	congruence-7-2-3
WRONG	congruence-7-2-4
WRONG	congruence-7-2-5
WRONG	congruence-7-2-6
PASS	congruence-7-3-0
WRONG	congruence-7-3-1
WRONG	congruence-7-3-2
WRONG	congruence-7-3-3
WRONG	congruence-7-3-4
WRONG	congruence-7-3-5
WRONG	congruence-7-3-6
PASS	congruence-7-4-0
WRONG	congruence-7-4-1
WRONG	congruence-7-4-2
WRONG	congruence-7-4-3
WRONG	congruence-7-4-4
WRONG	congruence-7-4-5
WRONG	congruence-7-4-6
PASS	congruence-7-5-0
WRONG	congruence-7-5-1
WRONG	congruence-7-5-2
WRONG	congruence-7-5-3
WRONG	congruence-7-5-4
WRONG	congruence-7-5-5
WRONG	congruence-7-5-6
PASS	congruence-7-6-0
WRONG	congruence-7-6-1
WRONG	congruence-7-6-2
WRONG	congruence-7-6-3
WRONG	congruence-7-6-4
WRONG	congruence-7-6-5
WRONG	congruence-7-6-6
PASS	congruence-11-1-0
WRONG	congruence-11-1-1
WRONG	congruence-11-1-2
WRONG	congruence-11-1-3
WRONG	congruence-11-1-4
WRONG	congruence-11-1-5
WRONG	congruence-11-1-6
WRONG	congruence-11-1-7
WRONG	congruence-11-1-8
WRONG	congruence-11-1-9
WRONG	congruence-11-1-10
PASS	congruence-11-2-0
WRONG	congruence-11-2-1
WRONG	congruence-11-2-2
WRONG	congruence-11-2-3
WRONG	congruence-11-2-4
WRONG	congruence-11-2-5
WRONG	congruence-11-2-6
WRONG	congruence-11-2-7
WRONG	congruence-11-2-8
WRONG	congruence-11-2-9
WRONG	congruence-11-2-10
PASS	congruence-11-3-0
WRONG	congruence-11-3-1
WRONG	congruence-11-3-2
WRONG	congruence-11-3-3
WRONG	congruence-11-3-4
WRONG	congruence-11-3-5
WRONG	congruence-11-3-6
WRONG	congruence-11-3-7
WRONG	congruence-11-3-8
WRONG	congruence-11-3-9
WRONG	congruence-11-3-10
PASS	congruence-11-4-0
WRONG	congruence-11-4-1
WRONG	congruence-11-4-2
WRONG	congruence-11-4-3
WRONG	congruence-11-4-4
WRONG	congruence-11-4-5
WRONG	congruence-11-4-6
WRONG	congruence-11-4-7
WRONG	congruence-11-4-8
WRONG	congruence-11-4-9
WRONG	congruence-11-4-10
PASS	congruence-11-5-0
WRONG	congruence-11-5-1
WRONG	congruence-11-5-2
WRONG	congruence-11-5-3
WRONG	congruence-11-5-4
WRONG	congruence-11-5-5
WRONG	congruence-11-5-6
WRONG	congruence-11-5-7
WRONG	congruence-11-5-8
WRONG	congruence-11-5-9
WRONG	congruence-11-5-10
PASS	congruence-11-6-0
WRONG	congruence-11-6-1
WRONG	congruence-11-6-2
WRONG	congruence-11-6-3
WRONG	congruence-11-6-4
WRONG	congruence-11-6-5
WRONG	congruence-11-6-6
WRONG	congruence-11-6-7
WRONG	congruence-11-6-8
WRONG	congruence-11-6-9
WRONG	congruence-11-6-10
PASS	congruence-11-7-0
WRONG	congruence-11-7-1
WRONG	congruence-11-7-2
WRONG	congruence-11-7-3
WRONG	congruence-11-7-4
WRONG	congruence-11-7-5
WRONG	congruence-11-7-6
WRONG	congruence-11-7-7
WRONG	congruence-11-7-8
WRONG	congruence-11-7-9
WRONG	congruence-11-7-10
PASS	congruence-11-8-0
WRONG	congruence-11-8-1
WRONG	congruence-11-8-2
WRONG	congruence-11-8-3
WRONG	congruence-11-8-4
WRONG	congruence-11-8-5
WRONG	congruence-11-8-6
WRONG	congruence-11-8-7
WRONG	congruence-11-8-8
WRONG	congruence-11-8-9
WRONG	congruence-11-8-10
PASS	congruence-11-9-0
WRONG	congruence-11-9-1
WRONG	congruence-11-9-2
WRONG	congruence-11-9-3
WRONG	congruence-11-9-4
WRONG	congruence-11-9-5
WRONG	congruence-11-9-6
WRONG	congruence-11-9-7
WRONG	congruence-11-9-8
WRONG	congruence-11-9-9
WRONG	congruence-11-9-10
PASS	congruence-11-10-0
WRONG	congruence-11-10-1
WRONG	congruence-11-10-2
WRONG	congruence-11-10-3
WRONG	congruence-11-10-4
WRONG	congruence-11-10-5
WRONG	congruence-11-10-6
WRONG	congruence-11-10-7
WRONG	congruence-11-10-8
WRONG	congruence-11-10-9
WRONG	congruence-11-10-10
PASS	congruence-17-1-0
WRONG	congruence-17-1-1
WRONG	congruence-17-1-2
WRONG	congruence-17-1-3
WRONG	congruence-17-1-4
WRONG	congruence-17-1-5
WRONG	congruence-17-1-6
WRONG	congruence-17-1-7
WRONG	congruence-17-1-8
WRONG	congruence-17-1-9
WRONG	congruence-17-1-10
WRONG	congruence-17-1-11
WRONG	congruence-17-1-12
WRONG	congruence-17-1-13
WRONG	congruence-17-1-14
WRONG	congruence-17-1-15
WRONG	congruence-17-1-16
PASS	congruence-17-2-0
WRONG	congruence-17-2-1
WRONG	congruence-17-2-2
WRONG	congruence-17-2-3
WRONG	congruence-17-2-4
WRONG	congruence-17-2-5
WRONG	congruence-17-2-6
WRONG	congruence-17-2-7
WRONG	congruence-17-2-8
WRONG	congruence-17-2-9
WRONG	congruence-17-2-10
WRONG	congruence-17-2-11
WRONG	congruence-17-2-12
WRONG	congruence-17-2-13
WRONG	congruence-17-2-14
WRONG	congruence-17-2-15
WRONG	congruence-17-2-16
PASS	congruence-17-3-0
WRONG	congruence-17-3-1
WRONG	congruence-17-3-2
WRONG	congruence-17-3-3
WRONG	congruence-17-3-4
WRONG	congruence-17-3-5
WRONG	congruence-17-3-6
WRONG	congruence-17-3-7
WRONG	congruence-17-3-8
WRONG	congruence-17-3-9
WRONG	congruence-17-3-10
WRONG	congruence-17-3-11
WRONG	congruence-17-3-12
WRONG	congruence-17-3-13
WRONG	congruence-17-3-14
WRONG	congruence-17-3-15
WRONG	congruence-17-3-16
PASS	congruence-17-4-0
WRONG	congruence-17-4-1
WRONG	congruence-17-4-2
WRONG	congruence-17-4-3
WRONG	congruence-17-4-4
WRONG	congruence-17-4-5
WRONG	congruence-17-4-6
WRONG	congruence-17-4-7
WRONG	congruence-17-4-8
WRONG	congruence-17-4-9
WRONG	congruence-17-4-10
WRONG	congruence-17-4-11
WRONG	congruence-17-4-12
WRONG	congruence-17-4-13
WRONG	congruence-17-4-14
WRONG	congruence-17-4-15
WRONG	congruence-17-4-16
PASS	congruence-17-5-0
WRONG	congruence-17-5-1
WRONG	congruence-17-5-2
WRONG	congruence-17-5-3
WRONG	congruence-17-5-4
WRONG	congruence-17-5-5
WRONG	congruence-17-5-6
WRONG	congruence-17-5-7
WRONG	congruence-17-5-8
WRONG	congruence-17-5-9
WRONG	congruence-17-5-10
WRONG	congruence-17-5-11
WRONG	congruence-17-5-12
WRONG	congruence-17-5-13
WRONG	congruence-17-5-14
WRONG	congruence-17-5-15
WRONG	congruence-17-5-16
PASS	congruence-17-6-0
WRONG	congruence-17-6-1
WRONG	congruence-17-6-2
WRONG	congruence-17-6-3
WRONG	congruence-17-6-4
WRONG	congruence-17-6-5
WRONG	congruence-17-6-6
WRONG	congruence-17-6-7
WRONG	congruence-17-6-8
WRONG	congruence-17-6-9
WRONG	congruence-17-6-10
WRONG	congruence-17-6-11
WRONG	congruence-17-6-12
WRONG	congruence-17-6-13
WRONG	congruence-17-6-14
WRONG	congruence-17-6-15
WRONG	congruence-17-6-16
PASS	congruence-17-7-0
WRONG	congruence-17-7-1
WRONG	congruence-17-7-2
WRONG	congruence-17-7-3
WRONG	congruence-17-7-4
WRONG	congruence-17-7-5
WRONG	congruence-17-7-6
WRONG	congruence-17-7-7
WRONG	congruence-17-7-8
WRONG	congruence-17-7-9
WRONG	congruence-17-7-10
WRONG	congruence-17-7-11
WRONG	congruence-17-7-12
WRONG	congruence-17-7-13
WRONG	congruence-17-7-14
WRONG	congruence-17-7-15
WRONG	congruence-17-7-16
PASS	congruence-17-8-0
WRONG	congruence-17-8-1
WRONG	congruence-17-8-2
WRONG	congruence-17-8-3
WRONG	congruence-17-8-4
WRONG	congruence-17-8-5
WRONG	congruence-17-8-6
WRONG	congruence-17-8-7
WRONG	congruence-17-8-8
WRONG	congruence-17-8-9
WRONG	congruence-17-8-10
WRONG	congruence-17-8-11
WRONG	congruence-17-8-12
WRONG	congruence-17-8-13
WRONG	congruence-17-8-14
WRONG	congruence-17-8-15
WRONG	congruence-17-8-16
PASS	congruence-17-9-0
WRONG	congruence-17-9-1
WRONG	congruence-17-9-2
WRONG	congruence-17-9-3
WRONG	congruence-17-9-4
WRONG	congruence-17-9-5
WRONG	congruence-17-9-6
WRONG	congruence-17-9-7
WRONG	congruence-17-9-8
WRONG	congruence-17-9-9
WRONG	congruence-17-9-10
WRONG	congruence-17-9-11
WRONG	congruence-17-9-12
WRONG	congruence-17-9-13
WRONG	congruence-17-9-14
WRONG	congruence-17-9-15
WRONG	congruence-17-9-16
PASS	congruence-17-10-0
WRONG	congruence-17-10-1
WRONG	congruence-17-10-2
WRONG	congruence-17-10-3
WRONG	congruence-17-10-4
WRONG	congruence-17-10-5
WRONG	congruence-17-10-6
WRONG	congruence-17-10-7
WRONG	congruence-17-10-8
WRONG	congruence-17-10-9
WRONG	congruence-17-10-10
WRONG	congruence-17-10-11
WRONG	congruence-17-10-12
WRONG	congruence-17-10-13
WRONG	congruence-17-10-14
WRONG	congruence-17-10-15
WRONG	congruence-17-10-16
PASS	congruence-17-11-0
WRONG	congruence-17-11-1
WRONG	congruence-17-11-2
WRONG	congruence-17-11-3
WRONG	congruence-17-11-4
WRONG	congruence-17-11-5
WRONG	congruence-17-11-6
WRONG	congruence-17-11-7
WRONG	congruence-17-11-8
WRONG	congruence-17-11-9
WRONG	congruence-17-11-10
WRONG	congruence-17-11-11
WRONG	congruence-17-11-12
WRONG	congruence-17-11-13
WRONG	congruence-17-11-14
WRONG	congruence-17-11-15
WRONG	congruence-17-11-16
PASS	congruence-17-12-0
WRONG	congruence-17-12-1
WRONG	congruence-17-12-2
WRONG	congruence-17-12-3
WRONG	congruence-17-12-4
WRONG	congruence-17-12-5
WRONG	congruence-17-12-6
WRONG	congruence-17-12-7
WRONG	congruence-17-12-8
WRONG	congruence-17-12-9
WRONG	congruence-17-12-10
WRONG	congruence-17-12-11
WRONG	congruence-17-12-12
WRONG	congruence-17-12-13
WRONG	congruence-17-12-14
WRONG	congruence-17-12-15
WRONG	congruence-17-12-16
PASS	congruence-17-13-0
WRONG	congruence-17-13-1
WRONG	congruence-17-13-2
WRONG	congruence-17-13-3
WRONG	congruence-17-13-4
WRONG	congruence-17-13-5
WRONG	congruence-17-13-6
WRONG	congruence-17-13-7
WRONG	congruence-17-13-8
WRONG	congruence-17-13-9
WRONG	congruence-17-13-10
WRONG	congruence-17-13-11
WRONG	congruence-17-13-12
WRONG	congruence-17-13-13
WRONG	congruence-17-13-14
WRONG	congruence-17-13-15
WRONG	congruence-17-13-16
PASS	congruence-17-14-0
WRONG	congruence-17-14-1
WRONG	congruence-17-14-2
WRONG	congruence-17-14-3
WRONG	congruence-17-14-4
WRONG	congruence-17-14-5
WRONG	congruence-17-14-6
WRONG	congruence-17-14-7
WRONG	congruence-17-14-8
WRONG	congruence-17-14-9
WRONG	congruence-17-14-10
WRONG	congruence-17-14-11
WRONG	congruence-17-14-12
WRONG	congruence-17-14-13
WRONG	congruence-17-14-14
WRONG	congruence-17-14-15
WRONG	congruence-17-14-16
PASS	congruence-17-15-0
WRONG	congruence-17-15-1
WRONG	congruence-17-15-2
WRONG	congruence-17-15-3
WRONG	congruence-17-15-4
WRONG	congruence-17-15-5
WRONG	congruence-17-15-6
WRONG	congruence-17-15-7
WRONG	congruence-17-15-8
WRONG	congruence-17-15-9
WRONG	congruence-17-15-10
WRONG	congruence-17-15-11
WRONG	congruence-17-15-12
WRONG	congruence-17-15-13
WRONG	congruence-17-15-14
WRONG	congruence-17-15-15
WRONG	congruence-17-15-16
PASS	congruence-17-16-0
WRONG	congruence-17-16-1
WRONG	congruence-17-16-2
WRONG	congruence-17-16-3
WRONG	congruence-17-16-4
WRONG	congruence-17-16-5
WRONG	congruence-17-16-6
WRONG	congruence-17-16-7
WRONG	congruence-17-16-8
WRONG	congruence-17-16-9
WRONG	congruence-17-16-10
WRONG	congruence-17-16-11
WRONG	congruence-17-16-12
WRONG	congruence-17-16-13
WRONG	congruence-17-16-14
WRONG	congruence-17-16-15
WRONG	congruence-17-16-16
PASS	modsqrt-3-0
PASS	modsqrt-3-1
PASS	modsqrt-3-2
PASS	modsqrt-5-0
PASS	modsqrt-5-1
PASS	modsqrt-5-2
PASS	modsqrt-5-3
PASS	modsqrt-5-4
PASS	modsqrt-7-0
PASS	modsqrt-7-1
PASS	modsqrt-7-2
PASS	modsqrt-7-3
PASS	modsqrt-7-4
PASS	modsqrt-7-5
PASS	modsqrt-7-6
PASS	modsqrt-11-0
PASS	modsqrt-11-1
PASS	modsqrt-11-2
PASS	modsqrt-11-3
PASS	modsqrt-11-4
PASS	modsqrt-11-5
PASS	modsqrt-11-6
PASS	modsqrt-11-7
PASS	modsqrt-11-8
PASS	modsqrt-11-9
PASS	modsqrt-11-10
PASS	modsqrt-13-0
PASS	modsqrt-13-1
PASS	modsqrt-13-2
PASS	modsqrt-13-3
PASS	modsqrt-13-4
PASS	modsqrt-13-5
PASS	modsqrt-13-6
PASS	modsqrt-13-7
PASS	modsqrt-13-8
PASS	modsqrt-13-9
PASS	modsqrt-13-10
PASS	modsqrt-13-11
PASS	modsqrt-13-12
EXCEPTION	modsqrt-17-0	IllegalArgumentException
EXCEPTION	modsqrt-17-1	IllegalArgumentException
EXCEPTION	modsqrt-17-2	IllegalArgumentException
EXCEPTION	modsqrt-17-3	IllegalArgumentException
EXCEPTION	modsqrt-17-4	IllegalArgumentException
EXCEPTION	modsqrt-17-5	IllegalArgumentException
EXCEPTION	modsqrt-17-6	IllegalArgumentException
EXCEPTION	modsqrt-17-7	IllegalArgumentException
EXCEPTION	modsqrt-17-8	IllegalArgumentException
EXCEPTION	modsqrt-17-9	IllegalArgumentException
EXCEPTION	modsqrt-17-10	IllegalArgumentException
EXCEPTION	modsqrt-17-11	IllegalArgumentException
EXCEPTION	modsqrt-17-12	IllegalArgumentException
EXCEPTION	modsqrt-17-13	IllegalArgumentException
EXCEPTION	modsqrt-17-14	IllegalArgumentException
EXCEPTION	modsqrt-17-15	IllegalArgumentException
EXCEPTION	modsqrt-17-16	IllegalArgumentException
PASS	modsqrt-19-0
PASS	modsqrt-19-1
PASS	modsqrt-19-2
PASS	modsqrt-19-3
PASS	modsqrt-19-4
PASS	modsqrt-19-5
PASS	modsqrt-19-6
PASS	modsqrt-19-7
PASS	modsqrt-19-8
PASS	modsqrt-19-9
PASS	modsqrt-19-10
PASS	modsqrt-19-11
PASS	modsqrt-19-12
PASS	modsqrt-19-13
PASS	modsqrt-19-14
PASS	modsqrt-19-15
PASS	modsqrt-19-16
PASS	modsqrt-19-17
PASS	modsqrt-19-18
WRONG	limb-carry
WRONG	limb-multiply
WRONG	int-min-norm
WRONG	int-division-overflow
SUMMARY	599
