PASS	multiply-1-1-0-false
PASS	karatsuba-1-1-0-false
PASS	multiply-1-1-0-true
PASS	karatsuba-1-1-0-true
PASS	multiply-1-1-1-false
PASS	karatsuba-1-1-1-false
PASS	multiply-1-1-1-true
PASS	karatsuba-1-1-1-true
PASS	multiply-1-1-2-false
PASS	karatsuba-1-1-2-false
PASS	multiply-1-1-2-true
PASS	karatsuba-1-1-2-true
PASS	multiply-1-1-3-false
PASS	karatsuba-1-1-3-false
PASS	multiply-1-1-3-true
PASS	karatsuba-1-1-3-true
PASS	multiply-1-1-4-false
PASS	karatsuba-1-1-4-false
PASS	multiply-1-1-4-true
PASS	karatsuba-1-1-4-true
PASS	multiply-1-2-0-false
PASS	karatsuba-1-2-0-false
PASS	multiply-1-2-0-true
PASS	karatsuba-1-2-0-true
PASS	multiply-1-2-1-false
PASS	karatsuba-1-2-1-false
PASS	multiply-1-2-1-true
PASS	karatsuba-1-2-1-true
PASS	multiply-1-2-2-false
PASS	karatsuba-1-2-2-false
PASS	multiply-1-2-2-true
PASS	karatsuba-1-2-2-true
PASS	multiply-1-2-3-false
PASS	karatsuba-1-2-3-false
PASS	multiply-1-2-3-true
PASS	karatsuba-1-2-3-true
PASS	multiply-1-2-4-false
PASS	karatsuba-1-2-4-false
PASS	multiply-1-2-4-true
PASS	karatsuba-1-2-4-true
PASS	multiply-1-3-0-false
PASS	karatsuba-1-3-0-false
PASS	multiply-1-3-0-true
PASS	karatsuba-1-3-0-true
PASS	multiply-1-3-1-false
PASS	karatsuba-1-3-1-false
PASS	multiply-1-3-1-true
PASS	karatsuba-1-3-1-true
PASS	multiply-1-3-2-false
PASS	karatsuba-1-3-2-false
PASS	multiply-1-3-2-true
PASS	karatsuba-1-3-2-true
PASS	multiply-1-3-3-false
PASS	karatsuba-1-3-3-false
PASS	multiply-1-3-3-true
PASS	karatsuba-1-3-3-true
PASS	multiply-1-3-4-false
PASS	karatsuba-1-3-4-false
PASS	multiply-1-3-4-true
PASS	karatsuba-1-3-4-true
PASS	multiply-1-4-0-false
PASS	karatsuba-1-4-0-false
PASS	multiply-1-4-0-true
PASS	karatsuba-1-4-0-true
PASS	multiply-1-4-1-false
PASS	karatsuba-1-4-1-false
PASS	multiply-1-4-1-true
PASS	karatsuba-1-4-1-true
PASS	multiply-1-4-2-false
PASS	karatsuba-1-4-2-false
PASS	multiply-1-4-2-true
PASS	karatsuba-1-4-2-true
PASS	multiply-1-4-3-false
PASS	karatsuba-1-4-3-false
PASS	multiply-1-4-3-true
PASS	karatsuba-1-4-3-true
PASS	multiply-1-4-4-false
PASS	karatsuba-1-4-4-false
PASS	multiply-1-4-4-true
PASS	karatsuba-1-4-4-true
PASS	multiply-1-5-0-false
PASS	karatsuba-1-5-0-false
PASS	multiply-1-5-0-true
PASS	karatsuba-1-5-0-true
PASS	multiply-1-5-1-false
PASS	karatsuba-1-5-1-false
PASS	multiply-1-5-1-true
PASS	karatsuba-1-5-1-true
PASS	multiply-1-5-2-false
PASS	karatsuba-1-5-2-false
PASS	multiply-1-5-2-true
PASS	karatsuba-1-5-2-true
PASS	multiply-1-5-3-false
PASS	karatsuba-1-5-3-false
PASS	multiply-1-5-3-true
PASS	karatsuba-1-5-3-true
PASS	multiply-1-5-4-false
PASS	karatsuba-1-5-4-false
PASS	multiply-1-5-4-true
PASS	karatsuba-1-5-4-true
PASS	multiply-1-8-0-false
PASS	karatsuba-1-8-0-false
PASS	multiply-1-8-0-true
PASS	karatsuba-1-8-0-true
PASS	multiply-1-8-1-false
PASS	karatsuba-1-8-1-false
PASS	multiply-1-8-1-true
PASS	karatsuba-1-8-1-true
PASS	multiply-1-8-2-false
PASS	karatsuba-1-8-2-false
PASS	multiply-1-8-2-true
PASS	karatsuba-1-8-2-true
PASS	multiply-1-8-3-false
PASS	karatsuba-1-8-3-false
PASS	multiply-1-8-3-true
PASS	karatsuba-1-8-3-true
PASS	multiply-1-8-4-false
PASS	karatsuba-1-8-4-false
PASS	multiply-1-8-4-true
PASS	karatsuba-1-8-4-true
PASS	multiply-1-9-0-false
PASS	karatsuba-1-9-0-false
PASS	multiply-1-9-0-true
PASS	karatsuba-1-9-0-true
PASS	multiply-1-9-1-false
PASS	karatsuba-1-9-1-false
PASS	multiply-1-9-1-true
PASS	karatsuba-1-9-1-true
PASS	multiply-1-9-2-false
PASS	karatsuba-1-9-2-false
PASS	multiply-1-9-2-true
PASS	karatsuba-1-9-2-true
PASS	multiply-1-9-3-false
PASS	karatsuba-1-9-3-false
PASS	multiply-1-9-3-true
PASS	karatsuba-1-9-3-true
PASS	multiply-1-9-4-false
PASS	karatsuba-1-9-4-false
PASS	multiply-1-9-4-true
PASS	karatsuba-1-9-4-true
PASS	multiply-1-16-0-false
PASS	karatsuba-1-16-0-false
PASS	multiply-1-16-0-true
PASS	karatsuba-1-16-0-true
PASS	multiply-1-16-1-false
PASS	karatsuba-1-16-1-false
PASS	multiply-1-16-1-true
PASS	karatsuba-1-16-1-true
PASS	multiply-1-16-2-false
PASS	karatsuba-1-16-2-false
PASS	multiply-1-16-2-true
PASS	karatsuba-1-16-2-true
PASS	multiply-1-16-3-false
PASS	karatsuba-1-16-3-false
PASS	multiply-1-16-3-true
PASS	karatsuba-1-16-3-true
PASS	multiply-1-16-4-false
PASS	karatsuba-1-16-4-false
PASS	multiply-1-16-4-true
PASS	karatsuba-1-16-4-true
PASS	multiply-2-1-0-false
PASS	karatsuba-2-1-0-false
PASS	multiply-2-1-0-true
PASS	karatsuba-2-1-0-true
PASS	multiply-2-1-1-false
PASS	karatsuba-2-1-1-false
PASS	multiply-2-1-1-true
PASS	karatsuba-2-1-1-true
PASS	multiply-2-1-2-false
PASS	karatsuba-2-1-2-false
PASS	multiply-2-1-2-true
PASS	karatsuba-2-1-2-true
PASS	multiply-2-1-3-false
PASS	karatsuba-2-1-3-false
PASS	multiply-2-1-3-true
PASS	karatsuba-2-1-3-true
PASS	multiply-2-1-4-false
PASS	karatsuba-2-1-4-false
PASS	multiply-2-1-4-true
PASS	karatsuba-2-1-4-true
PASS	multiply-2-2-0-false
PASS	karatsuba-2-2-0-false
PASS	multiply-2-2-0-true
PASS	karatsuba-2-2-0-true
PASS	multiply-2-2-1-false
PASS	karatsuba-2-2-1-false
PASS	multiply-2-2-1-true
PASS	karatsuba-2-2-1-true
PASS	multiply-2-2-2-false
PASS	karatsuba-2-2-2-false
PASS	multiply-2-2-2-true
PASS	karatsuba-2-2-2-true
PASS	multiply-2-2-3-false
PASS	karatsuba-2-2-3-false
PASS	multiply-2-2-3-true
PASS	karatsuba-2-2-3-true
PASS	multiply-2-2-4-false
PASS	karatsuba-2-2-4-false
PASS	multiply-2-2-4-true
PASS	karatsuba-2-2-4-true
PASS	multiply-2-3-0-false
PASS	karatsuba-2-3-0-false
PASS	multiply-2-3-0-true
PASS	karatsuba-2-3-0-true
PASS	multiply-2-3-1-false
PASS	karatsuba-2-3-1-false
PASS	multiply-2-3-1-true
PASS	karatsuba-2-3-1-true
PASS	multiply-2-3-2-false
PASS	karatsuba-2-3-2-false
PASS	multiply-2-3-2-true
PASS	karatsuba-2-3-2-true
PASS	multiply-2-3-3-false
PASS	karatsuba-2-3-3-false
PASS	multiply-2-3-3-true
PASS	karatsuba-2-3-3-true
PASS	multiply-2-3-4-false
PASS	karatsuba-2-3-4-false
PASS	multiply-2-3-4-true
PASS	karatsuba-2-3-4-true
PASS	multiply-2-4-0-false
PASS	karatsuba-2-4-0-false
PASS	multiply-2-4-0-true
PASS	karatsuba-2-4-0-true
PASS	multiply-2-4-1-false
PASS	karatsuba-2-4-1-false
PASS	multiply-2-4-1-true
PASS	karatsuba-2-4-1-true
PASS	multiply-2-4-2-false
PASS	karatsuba-2-4-2-false
PASS	multiply-2-4-2-true
PASS	karatsuba-2-4-2-true
PASS	multiply-2-4-3-false
PASS	karatsuba-2-4-3-false
PASS	multiply-2-4-3-true
PASS	karatsuba-2-4-3-true
PASS	multiply-2-4-4-false
PASS	karatsuba-2-4-4-false
PASS	multiply-2-4-4-true
PASS	karatsuba-2-4-4-true
PASS	multiply-2-5-0-false
PASS	karatsuba-2-5-0-false
PASS	multiply-2-5-0-true
PASS	karatsuba-2-5-0-true
PASS	multiply-2-5-1-false
PASS	karatsuba-2-5-1-false
PASS	multiply-2-5-1-true
PASS	karatsuba-2-5-1-true
PASS	multiply-2-5-2-false
PASS	karatsuba-2-5-2-false
PASS	multiply-2-5-2-true
PASS	karatsuba-2-5-2-true
PASS	multiply-2-5-3-false
PASS	karatsuba-2-5-3-false
PASS	multiply-2-5-3-true
PASS	karatsuba-2-5-3-true
PASS	multiply-2-5-4-false
PASS	karatsuba-2-5-4-false
PASS	multiply-2-5-4-true
PASS	karatsuba-2-5-4-true
PASS	multiply-2-8-0-false
PASS	karatsuba-2-8-0-false
PASS	multiply-2-8-0-true
PASS	karatsuba-2-8-0-true
PASS	multiply-2-8-1-false
PASS	karatsuba-2-8-1-false
PASS	multiply-2-8-1-true
PASS	karatsuba-2-8-1-true
PASS	multiply-2-8-2-false
PASS	karatsuba-2-8-2-false
PASS	multiply-2-8-2-true
PASS	karatsuba-2-8-2-true
PASS	multiply-2-8-3-false
PASS	karatsuba-2-8-3-false
PASS	multiply-2-8-3-true
PASS	karatsuba-2-8-3-true
PASS	multiply-2-8-4-false
PASS	karatsuba-2-8-4-false
PASS	multiply-2-8-4-true
PASS	karatsuba-2-8-4-true
PASS	multiply-2-9-0-false
PASS	karatsuba-2-9-0-false
PASS	multiply-2-9-0-true
PASS	karatsuba-2-9-0-true
PASS	multiply-2-9-1-false
PASS	karatsuba-2-9-1-false
PASS	multiply-2-9-1-true
PASS	karatsuba-2-9-1-true
PASS	multiply-2-9-2-false
PASS	karatsuba-2-9-2-false
PASS	multiply-2-9-2-true
PASS	karatsuba-2-9-2-true
PASS	multiply-2-9-3-false
PASS	karatsuba-2-9-3-false
PASS	multiply-2-9-3-true
PASS	karatsuba-2-9-3-true
PASS	multiply-2-9-4-false
PASS	karatsuba-2-9-4-false
PASS	multiply-2-9-4-true
PASS	karatsuba-2-9-4-true
PASS	multiply-2-16-0-false
PASS	karatsuba-2-16-0-false
PASS	multiply-2-16-0-true
PASS	karatsuba-2-16-0-true
PASS	multiply-2-16-1-false
PASS	karatsuba-2-16-1-false
PASS	multiply-2-16-1-true
PASS	karatsuba-2-16-1-true
PASS	multiply-2-16-2-false
PASS	karatsuba-2-16-2-false
PASS	multiply-2-16-2-true
PASS	karatsuba-2-16-2-true
PASS	multiply-2-16-3-false
PASS	karatsuba-2-16-3-false
PASS	multiply-2-16-3-true
PASS	karatsuba-2-16-3-true
PASS	multiply-2-16-4-false
PASS	karatsuba-2-16-4-false
PASS	multiply-2-16-4-true
PASS	karatsuba-2-16-4-true
PASS	multiply-3-1-0-false
PASS	karatsuba-3-1-0-false
PASS	multiply-3-1-0-true
PASS	karatsuba-3-1-0-true
PASS	multiply-3-1-1-false
PASS	karatsuba-3-1-1-false
PASS	multiply-3-1-1-true
PASS	karatsuba-3-1-1-true
PASS	multiply-3-1-2-false
PASS	karatsuba-3-1-2-false
PASS	multiply-3-1-2-true
PASS	karatsuba-3-1-2-true
PASS	multiply-3-1-3-false
PASS	karatsuba-3-1-3-false
PASS	multiply-3-1-3-true
PASS	karatsuba-3-1-3-true
PASS	multiply-3-1-4-false
PASS	karatsuba-3-1-4-false
PASS	multiply-3-1-4-true
PASS	karatsuba-3-1-4-true
PASS	multiply-3-2-0-false
PASS	karatsuba-3-2-0-false
PASS	multiply-3-2-0-true
PASS	karatsuba-3-2-0-true
PASS	multiply-3-2-1-false
PASS	karatsuba-3-2-1-false
PASS	multiply-3-2-1-true
PASS	karatsuba-3-2-1-true
PASS	multiply-3-2-2-false
PASS	karatsuba-3-2-2-false
PASS	multiply-3-2-2-true
PASS	karatsuba-3-2-2-true
PASS	multiply-3-2-3-false
PASS	karatsuba-3-2-3-false
PASS	multiply-3-2-3-true
PASS	karatsuba-3-2-3-true
PASS	multiply-3-2-4-false
PASS	karatsuba-3-2-4-false
PASS	multiply-3-2-4-true
PASS	karatsuba-3-2-4-true
PASS	multiply-3-3-0-false
PASS	karatsuba-3-3-0-false
PASS	multiply-3-3-0-true
PASS	karatsuba-3-3-0-true
PASS	multiply-3-3-1-false
PASS	karatsuba-3-3-1-false
PASS	multiply-3-3-1-true
PASS	karatsuba-3-3-1-true
PASS	multiply-3-3-2-false
PASS	karatsuba-3-3-2-false
PASS	multiply-3-3-2-true
PASS	karatsuba-3-3-2-true
PASS	multiply-3-3-3-false
PASS	karatsuba-3-3-3-false
PASS	multiply-3-3-3-true
PASS	karatsuba-3-3-3-true
PASS	multiply-3-3-4-false
PASS	karatsuba-3-3-4-false
PASS	multiply-3-3-4-true
PASS	karatsuba-3-3-4-true
PASS	multiply-3-4-0-false
PASS	karatsuba-3-4-0-false
PASS	multiply-3-4-0-true
PASS	karatsuba-3-4-0-true
PASS	multiply-3-4-1-false
PASS	karatsuba-3-4-1-false
PASS	multiply-3-4-1-true
PASS	karatsuba-3-4-1-true
PASS	multiply-3-4-2-false
PASS	karatsuba-3-4-2-false
PASS	multiply-3-4-2-true
PASS	karatsuba-3-4-2-true
PASS	multiply-3-4-3-false
PASS	karatsuba-3-4-3-false
PASS	multiply-3-4-3-true
PASS	karatsuba-3-4-3-true
PASS	multiply-3-4-4-false
PASS	karatsuba-3-4-4-false
PASS	multiply-3-4-4-true
PASS	karatsuba-3-4-4-true
PASS	multiply-3-5-0-false
PASS	karatsuba-3-5-0-false
PASS	multiply-3-5-0-true
PASS	karatsuba-3-5-0-true
PASS	multiply-3-5-1-false
PASS	karatsuba-3-5-1-false
PASS	multiply-3-5-1-true
PASS	karatsuba-3-5-1-true
PASS	multiply-3-5-2-false
PASS	karatsuba-3-5-2-false
PASS	multiply-3-5-2-true
PASS	karatsuba-3-5-2-true
PASS	multiply-3-5-3-false
PASS	karatsuba-3-5-3-false
PASS	multiply-3-5-3-true
PASS	karatsuba-3-5-3-true
PASS	multiply-3-5-4-false
PASS	karatsuba-3-5-4-false
PASS	multiply-3-5-4-true
PASS	karatsuba-3-5-4-true
PASS	multiply-3-8-0-false
PASS	karatsuba-3-8-0-false
PASS	multiply-3-8-0-true
PASS	karatsuba-3-8-0-true
PASS	multiply-3-8-1-false
PASS	karatsuba-3-8-1-false
PASS	multiply-3-8-1-true
PASS	karatsuba-3-8-1-true
PASS	multiply-3-8-2-false
PASS	karatsuba-3-8-2-false
PASS	multiply-3-8-2-true
PASS	karatsuba-3-8-2-true
PASS	multiply-3-8-3-false
PASS	karatsuba-3-8-3-false
PASS	multiply-3-8-3-true
PASS	karatsuba-3-8-3-true
PASS	multiply-3-8-4-false
PASS	karatsuba-3-8-4-false
PASS	multiply-3-8-4-true
PASS	karatsuba-3-8-4-true
PASS	multiply-3-9-0-false
PASS	karatsuba-3-9-0-false
PASS	multiply-3-9-0-true
PASS	karatsuba-3-9-0-true
PASS	multiply-3-9-1-false
PASS	karatsuba-3-9-1-false
PASS	multiply-3-9-1-true
PASS	karatsuba-3-9-1-true
PASS	multiply-3-9-2-false
PASS	karatsuba-3-9-2-false
PASS	multiply-3-9-2-true
PASS	karatsuba-3-9-2-true
PASS	multiply-3-9-3-false
PASS	karatsuba-3-9-3-false
PASS	multiply-3-9-3-true
PASS	karatsuba-3-9-3-true
PASS	multiply-3-9-4-false
PASS	karatsuba-3-9-4-false
PASS	multiply-3-9-4-true
PASS	karatsuba-3-9-4-true
PASS	multiply-3-16-0-false
PASS	karatsuba-3-16-0-false
PASS	multiply-3-16-0-true
PASS	karatsuba-3-16-0-true
PASS	multiply-3-16-1-false
PASS	karatsuba-3-16-1-false
PASS	multiply-3-16-1-true
PASS	karatsuba-3-16-1-true
PASS	multiply-3-16-2-false
PASS	karatsuba-3-16-2-false
PASS	multiply-3-16-2-true
PASS	karatsuba-3-16-2-true
PASS	multiply-3-16-3-false
PASS	karatsuba-3-16-3-false
PASS	multiply-3-16-3-true
PASS	karatsuba-3-16-3-true
PASS	multiply-3-16-4-false
PASS	karatsuba-3-16-4-false
PASS	multiply-3-16-4-true
PASS	karatsuba-3-16-4-true
PASS	multiply-4-1-0-false
PASS	karatsuba-4-1-0-false
PASS	multiply-4-1-0-true
PASS	karatsuba-4-1-0-true
PASS	multiply-4-1-1-false
PASS	karatsuba-4-1-1-false
PASS	multiply-4-1-1-true
PASS	karatsuba-4-1-1-true
PASS	multiply-4-1-2-false
PASS	karatsuba-4-1-2-false
PASS	multiply-4-1-2-true
PASS	karatsuba-4-1-2-true
PASS	multiply-4-1-3-false
PASS	karatsuba-4-1-3-false
PASS	multiply-4-1-3-true
PASS	karatsuba-4-1-3-true
PASS	multiply-4-1-4-false
PASS	karatsuba-4-1-4-false
PASS	multiply-4-1-4-true
PASS	karatsuba-4-1-4-true
PASS	multiply-4-2-0-false
PASS	karatsuba-4-2-0-false
PASS	multiply-4-2-0-true
PASS	karatsuba-4-2-0-true
PASS	multiply-4-2-1-false
PASS	karatsuba-4-2-1-false
PASS	multiply-4-2-1-true
PASS	karatsuba-4-2-1-true
PASS	multiply-4-2-2-false
PASS	karatsuba-4-2-2-false
PASS	multiply-4-2-2-true
PASS	karatsuba-4-2-2-true
PASS	multiply-4-2-3-false
PASS	karatsuba-4-2-3-false
PASS	multiply-4-2-3-true
PASS	karatsuba-4-2-3-true
PASS	multiply-4-2-4-false
PASS	karatsuba-4-2-4-false
PASS	multiply-4-2-4-true
PASS	karatsuba-4-2-4-true
PASS	multiply-4-3-0-false
PASS	karatsuba-4-3-0-false
PASS	multiply-4-3-0-true
PASS	karatsuba-4-3-0-true
PASS	multiply-4-3-1-false
PASS	karatsuba-4-3-1-false
PASS	multiply-4-3-1-true
PASS	karatsuba-4-3-1-true
PASS	multiply-4-3-2-false
PASS	karatsuba-4-3-2-false
PASS	multiply-4-3-2-true
PASS	karatsuba-4-3-2-true
PASS	multiply-4-3-3-false
PASS	karatsuba-4-3-3-false
PASS	multiply-4-3-3-true
PASS	karatsuba-4-3-3-true
PASS	multiply-4-3-4-false
PASS	karatsuba-4-3-4-false
PASS	multiply-4-3-4-true
PASS	karatsuba-4-3-4-true
PASS	multiply-4-4-0-false
PASS	karatsuba-4-4-0-false
PASS	multiply-4-4-0-true
PASS	karatsuba-4-4-0-true
PASS	multiply-4-4-1-false
PASS	karatsuba-4-4-1-false
PASS	multiply-4-4-1-true
PASS	karatsuba-4-4-1-true
PASS	multiply-4-4-2-false
PASS	karatsuba-4-4-2-false
PASS	multiply-4-4-2-true
PASS	karatsuba-4-4-2-true
PASS	multiply-4-4-3-false
PASS	karatsuba-4-4-3-false
PASS	multiply-4-4-3-true
PASS	karatsuba-4-4-3-true
PASS	multiply-4-4-4-false
PASS	karatsuba-4-4-4-false
PASS	multiply-4-4-4-true
PASS	karatsuba-4-4-4-true
PASS	multiply-4-5-0-false
PASS	karatsuba-4-5-0-false
PASS	multiply-4-5-0-true
PASS	karatsuba-4-5-0-true
PASS	multiply-4-5-1-false
PASS	karatsuba-4-5-1-false
PASS	multiply-4-5-1-true
PASS	karatsuba-4-5-1-true
PASS	multiply-4-5-2-false
PASS	karatsuba-4-5-2-false
PASS	multiply-4-5-2-true
PASS	karatsuba-4-5-2-true
PASS	multiply-4-5-3-false
PASS	karatsuba-4-5-3-false
PASS	multiply-4-5-3-true
PASS	karatsuba-4-5-3-true
PASS	multiply-4-5-4-false
PASS	karatsuba-4-5-4-false
PASS	multiply-4-5-4-true
PASS	karatsuba-4-5-4-true
PASS	multiply-4-8-0-false
PASS	karatsuba-4-8-0-false
PASS	multiply-4-8-0-true
PASS	karatsuba-4-8-0-true
PASS	multiply-4-8-1-false
PASS	karatsuba-4-8-1-false
PASS	multiply-4-8-1-true
PASS	karatsuba-4-8-1-true
PASS	multiply-4-8-2-false
PASS	karatsuba-4-8-2-false
PASS	multiply-4-8-2-true
PASS	karatsuba-4-8-2-true
PASS	multiply-4-8-3-false
PASS	karatsuba-4-8-3-false
PASS	multiply-4-8-3-true
PASS	karatsuba-4-8-3-true
PASS	multiply-4-8-4-false
PASS	karatsuba-4-8-4-false
PASS	multiply-4-8-4-true
PASS	karatsuba-4-8-4-true
PASS	multiply-4-9-0-false
PASS	karatsuba-4-9-0-false
PASS	multiply-4-9-0-true
PASS	karatsuba-4-9-0-true
PASS	multiply-4-9-1-false
PASS	karatsuba-4-9-1-false
PASS	multiply-4-9-1-true
PASS	karatsuba-4-9-1-true
PASS	multiply-4-9-2-false
PASS	karatsuba-4-9-2-false
PASS	multiply-4-9-2-true
PASS	karatsuba-4-9-2-true
PASS	multiply-4-9-3-false
PASS	karatsuba-4-9-3-false
PASS	multiply-4-9-3-true
PASS	karatsuba-4-9-3-true
PASS	multiply-4-9-4-false
PASS	karatsuba-4-9-4-false
PASS	multiply-4-9-4-true
PASS	karatsuba-4-9-4-true
PASS	multiply-4-16-0-false
PASS	karatsuba-4-16-0-false
PASS	multiply-4-16-0-true
PASS	karatsuba-4-16-0-true
PASS	multiply-4-16-1-false
PASS	karatsuba-4-16-1-false
PASS	multiply-4-16-1-true
PASS	karatsuba-4-16-1-true
PASS	multiply-4-16-2-false
PASS	karatsuba-4-16-2-false
PASS	multiply-4-16-2-true
PASS	karatsuba-4-16-2-true
PASS	multiply-4-16-3-false
PASS	karatsuba-4-16-3-false
PASS	multiply-4-16-3-true
PASS	karatsuba-4-16-3-true
PASS	multiply-4-16-4-false
PASS	karatsuba-4-16-4-false
PASS	multiply-4-16-4-true
PASS	karatsuba-4-16-4-true
PASS	multiply-5-1-0-false
PASS	karatsuba-5-1-0-false
PASS	multiply-5-1-0-true
PASS	karatsuba-5-1-0-true
PASS	multiply-5-1-1-false
PASS	karatsuba-5-1-1-false
PASS	multiply-5-1-1-true
PASS	karatsuba-5-1-1-true
PASS	multiply-5-1-2-false
PASS	karatsuba-5-1-2-false
PASS	multiply-5-1-2-true
PASS	karatsuba-5-1-2-true
PASS	multiply-5-1-3-false
PASS	karatsuba-5-1-3-false
PASS	multiply-5-1-3-true
PASS	karatsuba-5-1-3-true
PASS	multiply-5-1-4-false
PASS	karatsuba-5-1-4-false
PASS	multiply-5-1-4-true
PASS	karatsuba-5-1-4-true
PASS	multiply-5-2-0-false
PASS	karatsuba-5-2-0-false
PASS	multiply-5-2-0-true
PASS	karatsuba-5-2-0-true
PASS	multiply-5-2-1-false
PASS	karatsuba-5-2-1-false
PASS	multiply-5-2-1-true
PASS	karatsuba-5-2-1-true
PASS	multiply-5-2-2-false
PASS	karatsuba-5-2-2-false
PASS	multiply-5-2-2-true
PASS	karatsuba-5-2-2-true
PASS	multiply-5-2-3-false
PASS	karatsuba-5-2-3-false
PASS	multiply-5-2-3-true
PASS	karatsuba-5-2-3-true
PASS	multiply-5-2-4-false
PASS	karatsuba-5-2-4-false
PASS	multiply-5-2-4-true
PASS	karatsuba-5-2-4-true
PASS	multiply-5-3-0-false
PASS	karatsuba-5-3-0-false
PASS	multiply-5-3-0-true
PASS	karatsuba-5-3-0-true
PASS	multiply-5-3-1-false
PASS	karatsuba-5-3-1-false
PASS	multiply-5-3-1-true
PASS	karatsuba-5-3-1-true
PASS	multiply-5-3-2-false
PASS	karatsuba-5-3-2-false
PASS	multiply-5-3-2-true
PASS	karatsuba-5-3-2-true
PASS	multiply-5-3-3-false
PASS	karatsuba-5-3-3-false
PASS	multiply-5-3-3-true
PASS	karatsuba-5-3-3-true
PASS	multiply-5-3-4-false
PASS	karatsuba-5-3-4-false
PASS	multiply-5-3-4-true
PASS	karatsuba-5-3-4-true
PASS	multiply-5-4-0-false
PASS	karatsuba-5-4-0-false
PASS	multiply-5-4-0-true
PASS	karatsuba-5-4-0-true
PASS	multiply-5-4-1-false
PASS	karatsuba-5-4-1-false
PASS	multiply-5-4-1-true
PASS	karatsuba-5-4-1-true
PASS	multiply-5-4-2-false
PASS	karatsuba-5-4-2-false
PASS	multiply-5-4-2-true
PASS	karatsuba-5-4-2-true
PASS	multiply-5-4-3-false
PASS	karatsuba-5-4-3-false
PASS	multiply-5-4-3-true
PASS	karatsuba-5-4-3-true
PASS	multiply-5-4-4-false
PASS	karatsuba-5-4-4-false
PASS	multiply-5-4-4-true
PASS	karatsuba-5-4-4-true
PASS	multiply-5-5-0-false
PASS	karatsuba-5-5-0-false
PASS	multiply-5-5-0-true
PASS	karatsuba-5-5-0-true
PASS	multiply-5-5-1-false
PASS	karatsuba-5-5-1-false
PASS	multiply-5-5-1-true
PASS	karatsuba-5-5-1-true
PASS	multiply-5-5-2-false
PASS	karatsuba-5-5-2-false
PASS	multiply-5-5-2-true
PASS	karatsuba-5-5-2-true
PASS	multiply-5-5-3-false
PASS	karatsuba-5-5-3-false
PASS	multiply-5-5-3-true
PASS	karatsuba-5-5-3-true
PASS	multiply-5-5-4-false
PASS	karatsuba-5-5-4-false
PASS	multiply-5-5-4-true
PASS	karatsuba-5-5-4-true
PASS	multiply-5-8-0-false
PASS	karatsuba-5-8-0-false
PASS	multiply-5-8-0-true
PASS	karatsuba-5-8-0-true
PASS	multiply-5-8-1-false
PASS	karatsuba-5-8-1-false
PASS	multiply-5-8-1-true
PASS	karatsuba-5-8-1-true
PASS	multiply-5-8-2-false
PASS	karatsuba-5-8-2-false
PASS	multiply-5-8-2-true
PASS	karatsuba-5-8-2-true
PASS	multiply-5-8-3-false
PASS	karatsuba-5-8-3-false
PASS	multiply-5-8-3-true
PASS	karatsuba-5-8-3-true
PASS	multiply-5-8-4-false
PASS	karatsuba-5-8-4-false
PASS	multiply-5-8-4-true
PASS	karatsuba-5-8-4-true
PASS	multiply-5-9-0-false
PASS	karatsuba-5-9-0-false
PASS	multiply-5-9-0-true
PASS	karatsuba-5-9-0-true
PASS	multiply-5-9-1-false
PASS	karatsuba-5-9-1-false
PASS	multiply-5-9-1-true
PASS	karatsuba-5-9-1-true
PASS	multiply-5-9-2-false
PASS	karatsuba-5-9-2-false
PASS	multiply-5-9-2-true
PASS	karatsuba-5-9-2-true
PASS	multiply-5-9-3-false
PASS	karatsuba-5-9-3-false
PASS	multiply-5-9-3-true
PASS	karatsuba-5-9-3-true
PASS	multiply-5-9-4-false
PASS	karatsuba-5-9-4-false
PASS	multiply-5-9-4-true
PASS	karatsuba-5-9-4-true
PASS	multiply-5-16-0-false
PASS	karatsuba-5-16-0-false
PASS	multiply-5-16-0-true
PASS	karatsuba-5-16-0-true
PASS	multiply-5-16-1-false
PASS	karatsuba-5-16-1-false
PASS	multiply-5-16-1-true
PASS	karatsuba-5-16-1-true
PASS	multiply-5-16-2-false
PASS	karatsuba-5-16-2-false
PASS	multiply-5-16-2-true
PASS	karatsuba-5-16-2-true
PASS	multiply-5-16-3-false
PASS	karatsuba-5-16-3-false
PASS	multiply-5-16-3-true
PASS	karatsuba-5-16-3-true
PASS	multiply-5-16-4-false
PASS	karatsuba-5-16-4-false
PASS	multiply-5-16-4-true
PASS	karatsuba-5-16-4-true
PASS	multiply-8-1-0-false
PASS	karatsuba-8-1-0-false
PASS	multiply-8-1-0-true
PASS	karatsuba-8-1-0-true
PASS	multiply-8-1-1-false
PASS	karatsuba-8-1-1-false
PASS	multiply-8-1-1-true
PASS	karatsuba-8-1-1-true
PASS	multiply-8-1-2-false
PASS	karatsuba-8-1-2-false
PASS	multiply-8-1-2-true
PASS	karatsuba-8-1-2-true
PASS	multiply-8-1-3-false
PASS	karatsuba-8-1-3-false
PASS	multiply-8-1-3-true
PASS	karatsuba-8-1-3-true
PASS	multiply-8-1-4-false
PASS	karatsuba-8-1-4-false
PASS	multiply-8-1-4-true
PASS	karatsuba-8-1-4-true
PASS	multiply-8-2-0-false
PASS	karatsuba-8-2-0-false
PASS	multiply-8-2-0-true
PASS	karatsuba-8-2-0-true
PASS	multiply-8-2-1-false
PASS	karatsuba-8-2-1-false
PASS	multiply-8-2-1-true
PASS	karatsuba-8-2-1-true
PASS	multiply-8-2-2-false
PASS	karatsuba-8-2-2-false
PASS	multiply-8-2-2-true
PASS	karatsuba-8-2-2-true
PASS	multiply-8-2-3-false
PASS	karatsuba-8-2-3-false
PASS	multiply-8-2-3-true
PASS	karatsuba-8-2-3-true
PASS	multiply-8-2-4-false
PASS	karatsuba-8-2-4-false
PASS	multiply-8-2-4-true
PASS	karatsuba-8-2-4-true
PASS	multiply-8-3-0-false
PASS	karatsuba-8-3-0-false
PASS	multiply-8-3-0-true
PASS	karatsuba-8-3-0-true
PASS	multiply-8-3-1-false
PASS	karatsuba-8-3-1-false
PASS	multiply-8-3-1-true
PASS	karatsuba-8-3-1-true
PASS	multiply-8-3-2-false
PASS	karatsuba-8-3-2-false
PASS	multiply-8-3-2-true
PASS	karatsuba-8-3-2-true
PASS	multiply-8-3-3-false
PASS	karatsuba-8-3-3-false
PASS	multiply-8-3-3-true
PASS	karatsuba-8-3-3-true
PASS	multiply-8-3-4-false
PASS	karatsuba-8-3-4-false
PASS	multiply-8-3-4-true
PASS	karatsuba-8-3-4-true
PASS	multiply-8-4-0-false
PASS	karatsuba-8-4-0-false
PASS	multiply-8-4-0-true
PASS	karatsuba-8-4-0-true
PASS	multiply-8-4-1-false
PASS	karatsuba-8-4-1-false
PASS	multiply-8-4-1-true
PASS	karatsuba-8-4-1-true
PASS	multiply-8-4-2-false
PASS	karatsuba-8-4-2-false
PASS	multiply-8-4-2-true
PASS	karatsuba-8-4-2-true
PASS	multiply-8-4-3-false
PASS	karatsuba-8-4-3-false
PASS	multiply-8-4-3-true
PASS	karatsuba-8-4-3-true
PASS	multiply-8-4-4-false
PASS	karatsuba-8-4-4-false
PASS	multiply-8-4-4-true
PASS	karatsuba-8-4-4-true
PASS	multiply-8-5-0-false
PASS	karatsuba-8-5-0-false
PASS	multiply-8-5-0-true
PASS	karatsuba-8-5-0-true
PASS	multiply-8-5-1-false
PASS	karatsuba-8-5-1-false
PASS	multiply-8-5-1-true
PASS	karatsuba-8-5-1-true
PASS	multiply-8-5-2-false
PASS	karatsuba-8-5-2-false
PASS	multiply-8-5-2-true
PASS	karatsuba-8-5-2-true
PASS	multiply-8-5-3-false
PASS	karatsuba-8-5-3-false
PASS	multiply-8-5-3-true
PASS	karatsuba-8-5-3-true
PASS	multiply-8-5-4-false
PASS	karatsuba-8-5-4-false
PASS	multiply-8-5-4-true
PASS	karatsuba-8-5-4-true
PASS	multiply-8-8-0-false
PASS	karatsuba-8-8-0-false
PASS	multiply-8-8-0-true
PASS	karatsuba-8-8-0-true
PASS	multiply-8-8-1-false
PASS	karatsuba-8-8-1-false
PASS	multiply-8-8-1-true
PASS	karatsuba-8-8-1-true
PASS	multiply-8-8-2-false
PASS	karatsuba-8-8-2-false
PASS	multiply-8-8-2-true
PASS	karatsuba-8-8-2-true
PASS	multiply-8-8-3-false
PASS	karatsuba-8-8-3-false
PASS	multiply-8-8-3-true
PASS	karatsuba-8-8-3-true
PASS	multiply-8-8-4-false
PASS	karatsuba-8-8-4-false
PASS	multiply-8-8-4-true
PASS	karatsuba-8-8-4-true
PASS	multiply-8-9-0-false
PASS	karatsuba-8-9-0-false
PASS	multiply-8-9-0-true
PASS	karatsuba-8-9-0-true
PASS	multiply-8-9-1-false
PASS	karatsuba-8-9-1-false
PASS	multiply-8-9-1-true
PASS	karatsuba-8-9-1-true
PASS	multiply-8-9-2-false
PASS	karatsuba-8-9-2-false
PASS	multiply-8-9-2-true
PASS	karatsuba-8-9-2-true
PASS	multiply-8-9-3-false
PASS	karatsuba-8-9-3-false
PASS	multiply-8-9-3-true
PASS	karatsuba-8-9-3-true
PASS	multiply-8-9-4-false
PASS	karatsuba-8-9-4-false
PASS	multiply-8-9-4-true
PASS	karatsuba-8-9-4-true
PASS	multiply-8-16-0-false
PASS	karatsuba-8-16-0-false
PASS	multiply-8-16-0-true
PASS	karatsuba-8-16-0-true
PASS	multiply-8-16-1-false
PASS	karatsuba-8-16-1-false
PASS	multiply-8-16-1-true
PASS	karatsuba-8-16-1-true
PASS	multiply-8-16-2-false
PASS	karatsuba-8-16-2-false
PASS	multiply-8-16-2-true
PASS	karatsuba-8-16-2-true
PASS	multiply-8-16-3-false
PASS	karatsuba-8-16-3-false
PASS	multiply-8-16-3-true
PASS	karatsuba-8-16-3-true
PASS	multiply-8-16-4-false
PASS	karatsuba-8-16-4-false
PASS	multiply-8-16-4-true
PASS	karatsuba-8-16-4-true
PASS	multiply-9-1-0-false
PASS	karatsuba-9-1-0-false
PASS	multiply-9-1-0-true
PASS	karatsuba-9-1-0-true
PASS	multiply-9-1-1-false
PASS	karatsuba-9-1-1-false
PASS	multiply-9-1-1-true
PASS	karatsuba-9-1-1-true
PASS	multiply-9-1-2-false
PASS	karatsuba-9-1-2-false
PASS	multiply-9-1-2-true
PASS	karatsuba-9-1-2-true
PASS	multiply-9-1-3-false
PASS	karatsuba-9-1-3-false
PASS	multiply-9-1-3-true
PASS	karatsuba-9-1-3-true
PASS	multiply-9-1-4-false
PASS	karatsuba-9-1-4-false
PASS	multiply-9-1-4-true
PASS	karatsuba-9-1-4-true
PASS	multiply-9-2-0-false
PASS	karatsuba-9-2-0-false
PASS	multiply-9-2-0-true
PASS	karatsuba-9-2-0-true
PASS	multiply-9-2-1-false
PASS	karatsuba-9-2-1-false
PASS	multiply-9-2-1-true
PASS	karatsuba-9-2-1-true
PASS	multiply-9-2-2-false
PASS	karatsuba-9-2-2-false
PASS	multiply-9-2-2-true
PASS	karatsuba-9-2-2-true
PASS	multiply-9-2-3-false
PASS	karatsuba-9-2-3-false
PASS	multiply-9-2-3-true
PASS	karatsuba-9-2-3-true
PASS	multiply-9-2-4-false
PASS	karatsuba-9-2-4-false
PASS	multiply-9-2-4-true
PASS	karatsuba-9-2-4-true
PASS	multiply-9-3-0-false
PASS	karatsuba-9-3-0-false
PASS	multiply-9-3-0-true
PASS	karatsuba-9-3-0-true
PASS	multiply-9-3-1-false
PASS	karatsuba-9-3-1-false
PASS	multiply-9-3-1-true
PASS	karatsuba-9-3-1-true
PASS	multiply-9-3-2-false
PASS	karatsuba-9-3-2-false
PASS	multiply-9-3-2-true
PASS	karatsuba-9-3-2-true
PASS	multiply-9-3-3-false
PASS	karatsuba-9-3-3-false
PASS	multiply-9-3-3-true
PASS	karatsuba-9-3-3-true
PASS	multiply-9-3-4-false
PASS	karatsuba-9-3-4-false
PASS	multiply-9-3-4-true
PASS	karatsuba-9-3-4-true
PASS	multiply-9-4-0-false
PASS	karatsuba-9-4-0-false
PASS	multiply-9-4-0-true
PASS	karatsuba-9-4-0-true
PASS	multiply-9-4-1-false
PASS	karatsuba-9-4-1-false
PASS	multiply-9-4-1-true
PASS	karatsuba-9-4-1-true
PASS	multiply-9-4-2-false
PASS	karatsuba-9-4-2-false
PASS	multiply-9-4-2-true
PASS	karatsuba-9-4-2-true
PASS	multiply-9-4-3-false
PASS	karatsuba-9-4-3-false
PASS	multiply-9-4-3-true
PASS	karatsuba-9-4-3-true
PASS	multiply-9-4-4-false
PASS	karatsuba-9-4-4-false
PASS	multiply-9-4-4-true
PASS	karatsuba-9-4-4-true
PASS	multiply-9-5-0-false
PASS	karatsuba-9-5-0-false
PASS	multiply-9-5-0-true
PASS	karatsuba-9-5-0-true
PASS	multiply-9-5-1-false
PASS	karatsuba-9-5-1-false
PASS	multiply-9-5-1-true
PASS	karatsuba-9-5-1-true
PASS	multiply-9-5-2-false
PASS	karatsuba-9-5-2-false
PASS	multiply-9-5-2-true
PASS	karatsuba-9-5-2-true
PASS	multiply-9-5-3-false
PASS	karatsuba-9-5-3-false
PASS	multiply-9-5-3-true
PASS	karatsuba-9-5-3-true
PASS	multiply-9-5-4-false
PASS	karatsuba-9-5-4-false
PASS	multiply-9-5-4-true
PASS	karatsuba-9-5-4-true
PASS	multiply-9-8-0-false
PASS	karatsuba-9-8-0-false
PASS	multiply-9-8-0-true
PASS	karatsuba-9-8-0-true
PASS	multiply-9-8-1-false
PASS	karatsuba-9-8-1-false
PASS	multiply-9-8-1-true
PASS	karatsuba-9-8-1-true
PASS	multiply-9-8-2-false
PASS	karatsuba-9-8-2-false
PASS	multiply-9-8-2-true
PASS	karatsuba-9-8-2-true
PASS	multiply-9-8-3-false
PASS	karatsuba-9-8-3-false
PASS	multiply-9-8-3-true
PASS	karatsuba-9-8-3-true
PASS	multiply-9-8-4-false
PASS	karatsuba-9-8-4-false
PASS	multiply-9-8-4-true
PASS	karatsuba-9-8-4-true
PASS	multiply-9-9-0-false
PASS	karatsuba-9-9-0-false
PASS	multiply-9-9-0-true
PASS	karatsuba-9-9-0-true
PASS	multiply-9-9-1-false
PASS	karatsuba-9-9-1-false
PASS	multiply-9-9-1-true
PASS	karatsuba-9-9-1-true
PASS	multiply-9-9-2-false
PASS	karatsuba-9-9-2-false
PASS	multiply-9-9-2-true
PASS	karatsuba-9-9-2-true
PASS	multiply-9-9-3-false
PASS	karatsuba-9-9-3-false
PASS	multiply-9-9-3-true
PASS	karatsuba-9-9-3-true
PASS	multiply-9-9-4-false
PASS	karatsuba-9-9-4-false
PASS	multiply-9-9-4-true
PASS	karatsuba-9-9-4-true
PASS	multiply-9-16-0-false
PASS	karatsuba-9-16-0-false
PASS	multiply-9-16-0-true
PASS	karatsuba-9-16-0-true
PASS	multiply-9-16-1-false
PASS	karatsuba-9-16-1-false
PASS	multiply-9-16-1-true
PASS	karatsuba-9-16-1-true
PASS	multiply-9-16-2-false
PASS	karatsuba-9-16-2-false
PASS	multiply-9-16-2-true
PASS	karatsuba-9-16-2-true
PASS	multiply-9-16-3-false
PASS	karatsuba-9-16-3-false
PASS	multiply-9-16-3-true
PASS	karatsuba-9-16-3-true
PASS	multiply-9-16-4-false
PASS	karatsuba-9-16-4-false
PASS	multiply-9-16-4-true
PASS	karatsuba-9-16-4-true
PASS	multiply-16-1-0-false
PASS	karatsuba-16-1-0-false
PASS	multiply-16-1-0-true
PASS	karatsuba-16-1-0-true
PASS	multiply-16-1-1-false
PASS	karatsuba-16-1-1-false
PASS	multiply-16-1-1-true
PASS	karatsuba-16-1-1-true
PASS	multiply-16-1-2-false
PASS	karatsuba-16-1-2-false
PASS	multiply-16-1-2-true
PASS	karatsuba-16-1-2-true
PASS	multiply-16-1-3-false
PASS	karatsuba-16-1-3-false
PASS	multiply-16-1-3-true
PASS	karatsuba-16-1-3-true
PASS	multiply-16-1-4-false
PASS	karatsuba-16-1-4-false
PASS	multiply-16-1-4-true
PASS	karatsuba-16-1-4-true
PASS	multiply-16-2-0-false
PASS	karatsuba-16-2-0-false
PASS	multiply-16-2-0-true
PASS	karatsuba-16-2-0-true
PASS	multiply-16-2-1-false
PASS	karatsuba-16-2-1-false
PASS	multiply-16-2-1-true
PASS	karatsuba-16-2-1-true
PASS	multiply-16-2-2-false
PASS	karatsuba-16-2-2-false
PASS	multiply-16-2-2-true
PASS	karatsuba-16-2-2-true
PASS	multiply-16-2-3-false
PASS	karatsuba-16-2-3-false
PASS	multiply-16-2-3-true
PASS	karatsuba-16-2-3-true
PASS	multiply-16-2-4-false
PASS	karatsuba-16-2-4-false
PASS	multiply-16-2-4-true
PASS	karatsuba-16-2-4-true
PASS	multiply-16-3-0-false
PASS	karatsuba-16-3-0-false
PASS	multiply-16-3-0-true
PASS	karatsuba-16-3-0-true
PASS	multiply-16-3-1-false
PASS	karatsuba-16-3-1-false
PASS	multiply-16-3-1-true
PASS	karatsuba-16-3-1-true
PASS	multiply-16-3-2-false
PASS	karatsuba-16-3-2-false
PASS	multiply-16-3-2-true
PASS	karatsuba-16-3-2-true
PASS	multiply-16-3-3-false
PASS	karatsuba-16-3-3-false
PASS	multiply-16-3-3-true
PASS	karatsuba-16-3-3-true
PASS	multiply-16-3-4-false
PASS	karatsuba-16-3-4-false
PASS	multiply-16-3-4-true
PASS	karatsuba-16-3-4-true
PASS	multiply-16-4-0-false
PASS	karatsuba-16-4-0-false
PASS	multiply-16-4-0-true
PASS	karatsuba-16-4-0-true
PASS	multiply-16-4-1-false
PASS	karatsuba-16-4-1-false
PASS	multiply-16-4-1-true
PASS	karatsuba-16-4-1-true
PASS	multiply-16-4-2-false
PASS	karatsuba-16-4-2-false
PASS	multiply-16-4-2-true
PASS	karatsuba-16-4-2-true
PASS	multiply-16-4-3-false
PASS	karatsuba-16-4-3-false
PASS	multiply-16-4-3-true
PASS	karatsuba-16-4-3-true
PASS	multiply-16-4-4-false
PASS	karatsuba-16-4-4-false
PASS	multiply-16-4-4-true
PASS	karatsuba-16-4-4-true
PASS	multiply-16-5-0-false
PASS	karatsuba-16-5-0-false
PASS	multiply-16-5-0-true
PASS	karatsuba-16-5-0-true
PASS	multiply-16-5-1-false
PASS	karatsuba-16-5-1-false
PASS	multiply-16-5-1-true
PASS	karatsuba-16-5-1-true
PASS	multiply-16-5-2-false
PASS	karatsuba-16-5-2-false
PASS	multiply-16-5-2-true
PASS	karatsuba-16-5-2-true
PASS	multiply-16-5-3-false
PASS	karatsuba-16-5-3-false
PASS	multiply-16-5-3-true
PASS	karatsuba-16-5-3-true
PASS	multiply-16-5-4-false
PASS	karatsuba-16-5-4-false
PASS	multiply-16-5-4-true
PASS	karatsuba-16-5-4-true
PASS	multiply-16-8-0-false
PASS	karatsuba-16-8-0-false
PASS	multiply-16-8-0-true
PASS	karatsuba-16-8-0-true
PASS	multiply-16-8-1-false
PASS	karatsuba-16-8-1-false
PASS	multiply-16-8-1-true
PASS	karatsuba-16-8-1-true
PASS	multiply-16-8-2-false
PASS	karatsuba-16-8-2-false
PASS	multiply-16-8-2-true
PASS	karatsuba-16-8-2-true
PASS	multiply-16-8-3-false
PASS	karatsuba-16-8-3-false
PASS	multiply-16-8-3-true
PASS	karatsuba-16-8-3-true
PASS	multiply-16-8-4-false
PASS	karatsuba-16-8-4-false
PASS	multiply-16-8-4-true
PASS	karatsuba-16-8-4-true
PASS	multiply-16-9-0-false
PASS	karatsuba-16-9-0-false
PASS	multiply-16-9-0-true
PASS	karatsuba-16-9-0-true
PASS	multiply-16-9-1-false
PASS	karatsuba-16-9-1-false
PASS	multiply-16-9-1-true
PASS	karatsuba-16-9-1-true
PASS	multiply-16-9-2-false
PASS	karatsuba-16-9-2-false
PASS	multiply-16-9-2-true
PASS	karatsuba-16-9-2-true
PASS	multiply-16-9-3-false
PASS	karatsuba-16-9-3-false
PASS	multiply-16-9-3-true
PASS	karatsuba-16-9-3-true
PASS	multiply-16-9-4-false
PASS	karatsuba-16-9-4-false
PASS	multiply-16-9-4-true
PASS	karatsuba-16-9-4-true
PASS	multiply-16-16-0-false
PASS	karatsuba-16-16-0-false
PASS	multiply-16-16-0-true
PASS	karatsuba-16-16-0-true
PASS	multiply-16-16-1-false
PASS	karatsuba-16-16-1-false
PASS	multiply-16-16-1-true
PASS	karatsuba-16-16-1-true
PASS	multiply-16-16-2-false
PASS	karatsuba-16-16-2-false
PASS	multiply-16-16-2-true
PASS	karatsuba-16-16-2-true
PASS	multiply-16-16-3-false
PASS	karatsuba-16-16-3-false
PASS	multiply-16-16-3-true
PASS	karatsuba-16-16-3-true
PASS	multiply-16-16-4-false
PASS	karatsuba-16-16-4-false
PASS	multiply-16-16-4-true
PASS	karatsuba-16-16-4-true
PASS	evaluate-1-0--3
PASS	evaluate-1-0--2
PASS	evaluate-1-0--1
PASS	evaluate-1-0-0
PASS	evaluate-1-0-1
PASS	evaluate-1-0-2
PASS	evaluate-1-0-3
PASS	evaluate-1-1--3
PASS	evaluate-1-1--2
PASS	evaluate-1-1--1
PASS	evaluate-1-1-0
PASS	evaluate-1-1-1
PASS	evaluate-1-1-2
PASS	evaluate-1-1-3
PASS	evaluate-1-2--3
PASS	evaluate-1-2--2
PASS	evaluate-1-2--1
PASS	evaluate-1-2-0
PASS	evaluate-1-2-1
PASS	evaluate-1-2-2
PASS	evaluate-1-2-3
PASS	evaluate-1-3--3
PASS	evaluate-1-3--2
PASS	evaluate-1-3--1
PASS	evaluate-1-3-0
PASS	evaluate-1-3-1
PASS	evaluate-1-3-2
PASS	evaluate-1-3-3
PASS	evaluate-1-4--3
PASS	evaluate-1-4--2
PASS	evaluate-1-4--1
PASS	evaluate-1-4-0
PASS	evaluate-1-4-1
PASS	evaluate-1-4-2
PASS	evaluate-1-4-3
PASS	evaluate-2-0--3
PASS	evaluate-2-0--2
PASS	evaluate-2-0--1
PASS	evaluate-2-0-0
PASS	evaluate-2-0-1
PASS	evaluate-2-0-2
PASS	evaluate-2-0-3
PASS	evaluate-2-1--3
PASS	evaluate-2-1--2
PASS	evaluate-2-1--1
PASS	evaluate-2-1-0
PASS	evaluate-2-1-1
PASS	evaluate-2-1-2
PASS	evaluate-2-1-3
PASS	evaluate-2-2--3
PASS	evaluate-2-2--2
PASS	evaluate-2-2--1
PASS	evaluate-2-2-0
PASS	evaluate-2-2-1
PASS	evaluate-2-2-2
PASS	evaluate-2-2-3
PASS	evaluate-2-3--3
PASS	evaluate-2-3--2
PASS	evaluate-2-3--1
PASS	evaluate-2-3-0
PASS	evaluate-2-3-1
PASS	evaluate-2-3-2
PASS	evaluate-2-3-3
PASS	evaluate-2-4--3
PASS	evaluate-2-4--2
PASS	evaluate-2-4--1
PASS	evaluate-2-4-0
PASS	evaluate-2-4-1
PASS	evaluate-2-4-2
PASS	evaluate-2-4-3
PASS	evaluate-3-0--3
PASS	evaluate-3-0--2
PASS	evaluate-3-0--1
PASS	evaluate-3-0-0
PASS	evaluate-3-0-1
PASS	evaluate-3-0-2
PASS	evaluate-3-0-3
PASS	evaluate-3-1--3
PASS	evaluate-3-1--2
PASS	evaluate-3-1--1
PASS	evaluate-3-1-0
PASS	evaluate-3-1-1
PASS	evaluate-3-1-2
PASS	evaluate-3-1-3
PASS	evaluate-3-2--3
PASS	evaluate-3-2--2
PASS	evaluate-3-2--1
PASS	evaluate-3-2-0
PASS	evaluate-3-2-1
PASS	evaluate-3-2-2
PASS	evaluate-3-2-3
PASS	evaluate-3-3--3
PASS	evaluate-3-3--2
PASS	evaluate-3-3--1
PASS	evaluate-3-3-0
PASS	evaluate-3-3-1
PASS	evaluate-3-3-2
PASS	evaluate-3-3-3
PASS	evaluate-3-4--3
PASS	evaluate-3-4--2
PASS	evaluate-3-4--1
PASS	evaluate-3-4-0
PASS	evaluate-3-4-1
PASS	evaluate-3-4-2
PASS	evaluate-3-4-3
PASS	evaluate-4-0--3
PASS	evaluate-4-0--2
PASS	evaluate-4-0--1
PASS	evaluate-4-0-0
PASS	evaluate-4-0-1
PASS	evaluate-4-0-2
PASS	evaluate-4-0-3
PASS	evaluate-4-1--3
PASS	evaluate-4-1--2
PASS	evaluate-4-1--1
PASS	evaluate-4-1-0
PASS	evaluate-4-1-1
PASS	evaluate-4-1-2
PASS	evaluate-4-1-3
PASS	evaluate-4-2--3
PASS	evaluate-4-2--2
PASS	evaluate-4-2--1
PASS	evaluate-4-2-0
PASS	evaluate-4-2-1
PASS	evaluate-4-2-2
PASS	evaluate-4-2-3
PASS	evaluate-4-3--3
PASS	evaluate-4-3--2
PASS	evaluate-4-3--1
PASS	evaluate-4-3-0
PASS	evaluate-4-3-1
PASS	evaluate-4-3-2
PASS	evaluate-4-3-3
PASS	evaluate-4-4--3
PASS	evaluate-4-4--2
PASS	evaluate-4-4--1
PASS	evaluate-4-4-0
PASS	evaluate-4-4-1
PASS	evaluate-4-4-2
PASS	evaluate-4-4-3
PASS	evaluate-5-0--3
PASS	evaluate-5-0--2
PASS	evaluate-5-0--1
PASS	evaluate-5-0-0
PASS	evaluate-5-0-1
PASS	evaluate-5-0-2
PASS	evaluate-5-0-3
PASS	evaluate-5-1--3
PASS	evaluate-5-1--2
PASS	evaluate-5-1--1
PASS	evaluate-5-1-0
PASS	evaluate-5-1-1
PASS	evaluate-5-1-2
PASS	evaluate-5-1-3
PASS	evaluate-5-2--3
PASS	evaluate-5-2--2
PASS	evaluate-5-2--1
PASS	evaluate-5-2-0
PASS	evaluate-5-2-1
PASS	evaluate-5-2-2
PASS	evaluate-5-2-3
PASS	evaluate-5-3--3
PASS	evaluate-5-3--2
PASS	evaluate-5-3--1
PASS	evaluate-5-3-0
PASS	evaluate-5-3-1
PASS	evaluate-5-3-2
PASS	evaluate-5-3-3
PASS	evaluate-5-4--3
PASS	evaluate-5-4--2
PASS	evaluate-5-4--1
PASS	evaluate-5-4-0
PASS	evaluate-5-4-1
PASS	evaluate-5-4-2
PASS	evaluate-5-4-3
PASS	evaluate-6-0--3
PASS	evaluate-6-0--2
PASS	evaluate-6-0--1
PASS	evaluate-6-0-0
PASS	evaluate-6-0-1
PASS	evaluate-6-0-2
PASS	evaluate-6-0-3
PASS	evaluate-6-1--3
PASS	evaluate-6-1--2
PASS	evaluate-6-1--1
PASS	evaluate-6-1-0
PASS	evaluate-6-1-1
PASS	evaluate-6-1-2
PASS	evaluate-6-1-3
PASS	evaluate-6-2--3
PASS	evaluate-6-2--2
PASS	evaluate-6-2--1
PASS	evaluate-6-2-0
PASS	evaluate-6-2-1
PASS	evaluate-6-2-2
PASS	evaluate-6-2-3
PASS	evaluate-6-3--3
PASS	evaluate-6-3--2
PASS	evaluate-6-3--1
PASS	evaluate-6-3-0
PASS	evaluate-6-3-1
PASS	evaluate-6-3-2
PASS	evaluate-6-3-3
PASS	evaluate-6-4--3
PASS	evaluate-6-4--2
PASS	evaluate-6-4--1
PASS	evaluate-6-4-0
PASS	evaluate-6-4-1
PASS	evaluate-6-4-2
PASS	evaluate-6-4-3
PASS	evaluate-7-0--3
PASS	evaluate-7-0--2
PASS	evaluate-7-0--1
PASS	evaluate-7-0-0
PASS	evaluate-7-0-1
PASS	evaluate-7-0-2
PASS	evaluate-7-0-3
PASS	evaluate-7-1--3
PASS	evaluate-7-1--2
PASS	evaluate-7-1--1
PASS	evaluate-7-1-0
PASS	evaluate-7-1-1
PASS	evaluate-7-1-2
PASS	evaluate-7-1-3
PASS	evaluate-7-2--3
PASS	evaluate-7-2--2
PASS	evaluate-7-2--1
PASS	evaluate-7-2-0
PASS	evaluate-7-2-1
PASS	evaluate-7-2-2
PASS	evaluate-7-2-3
PASS	evaluate-7-3--3
PASS	evaluate-7-3--2
PASS	evaluate-7-3--1
PASS	evaluate-7-3-0
PASS	evaluate-7-3-1
PASS	evaluate-7-3-2
PASS	evaluate-7-3-3
PASS	evaluate-7-4--3
PASS	evaluate-7-4--2
PASS	evaluate-7-4--1
PASS	evaluate-7-4-0
PASS	evaluate-7-4-1
PASS	evaluate-7-4-2
PASS	evaluate-7-4-3
PASS	evaluate-8-0--3
PASS	evaluate-8-0--2
PASS	evaluate-8-0--1
PASS	evaluate-8-0-0
PASS	evaluate-8-0-1
PASS	evaluate-8-0-2
PASS	evaluate-8-0-3
PASS	evaluate-8-1--3
PASS	evaluate-8-1--2
PASS	evaluate-8-1--1
PASS	evaluate-8-1-0
PASS	evaluate-8-1-1
PASS	evaluate-8-1-2
PASS	evaluate-8-1-3
PASS	evaluate-8-2--3
PASS	evaluate-8-2--2
PASS	evaluate-8-2--1
PASS	evaluate-8-2-0
PASS	evaluate-8-2-1
PASS	evaluate-8-2-2
PASS	evaluate-8-2-3
PASS	evaluate-8-3--3
PASS	evaluate-8-3--2
PASS	evaluate-8-3--1
PASS	evaluate-8-3-0
PASS	evaluate-8-3-1
PASS	evaluate-8-3-2
PASS	evaluate-8-3-3
PASS	evaluate-8-4--3
PASS	evaluate-8-4--2
PASS	evaluate-8-4--1
PASS	evaluate-8-4-0
PASS	evaluate-8-4-1
PASS	evaluate-8-4-2
PASS	evaluate-8-4-3
PASS	evaluate-9-0--3
PASS	evaluate-9-0--2
PASS	evaluate-9-0--1
PASS	evaluate-9-0-0
PASS	evaluate-9-0-1
PASS	evaluate-9-0-2
PASS	evaluate-9-0-3
PASS	evaluate-9-1--3
PASS	evaluate-9-1--2
PASS	evaluate-9-1--1
PASS	evaluate-9-1-0
PASS	evaluate-9-1-1
PASS	evaluate-9-1-2
PASS	evaluate-9-1-3
PASS	evaluate-9-2--3
PASS	evaluate-9-2--2
PASS	evaluate-9-2--1
PASS	evaluate-9-2-0
PASS	evaluate-9-2-1
PASS	evaluate-9-2-2
PASS	evaluate-9-2-3
PASS	evaluate-9-3--3
PASS	evaluate-9-3--2
PASS	evaluate-9-3--1
PASS	evaluate-9-3-0
PASS	evaluate-9-3-1
PASS	evaluate-9-3-2
PASS	evaluate-9-3-3
PASS	evaluate-9-4--3
PASS	evaluate-9-4--2
PASS	evaluate-9-4--1
PASS	evaluate-9-4-0
PASS	evaluate-9-4-1
PASS	evaluate-9-4-2
PASS	evaluate-9-4-3
PASS	evaluate-10-0--3
PASS	evaluate-10-0--2
PASS	evaluate-10-0--1
PASS	evaluate-10-0-0
PASS	evaluate-10-0-1
PASS	evaluate-10-0-2
PASS	evaluate-10-0-3
PASS	evaluate-10-1--3
PASS	evaluate-10-1--2
PASS	evaluate-10-1--1
PASS	evaluate-10-1-0
PASS	evaluate-10-1-1
PASS	evaluate-10-1-2
PASS	evaluate-10-1-3
PASS	evaluate-10-2--3
PASS	evaluate-10-2--2
PASS	evaluate-10-2--1
PASS	evaluate-10-2-0
PASS	evaluate-10-2-1
PASS	evaluate-10-2-2
PASS	evaluate-10-2-3
PASS	evaluate-10-3--3
PASS	evaluate-10-3--2
PASS	evaluate-10-3--1
PASS	evaluate-10-3-0
PASS	evaluate-10-3-1
PASS	evaluate-10-3-2
PASS	evaluate-10-3-3
PASS	evaluate-10-4--3
PASS	evaluate-10-4--2
PASS	evaluate-10-4--1
PASS	evaluate-10-4-0
PASS	evaluate-10-4-1
PASS	evaluate-10-4-2
PASS	evaluate-10-4-3
PASS	evaluate-11-0--3
PASS	evaluate-11-0--2
PASS	evaluate-11-0--1
PASS	evaluate-11-0-0
PASS	evaluate-11-0-1
PASS	evaluate-11-0-2
PASS	evaluate-11-0-3
PASS	evaluate-11-1--3
PASS	evaluate-11-1--2
PASS	evaluate-11-1--1
PASS	evaluate-11-1-0
PASS	evaluate-11-1-1
PASS	evaluate-11-1-2
PASS	evaluate-11-1-3
PASS	evaluate-11-2--3
PASS	evaluate-11-2--2
PASS	evaluate-11-2--1
PASS	evaluate-11-2-0
PASS	evaluate-11-2-1
PASS	evaluate-11-2-2
PASS	evaluate-11-2-3
PASS	evaluate-11-3--3
PASS	evaluate-11-3--2
PASS	evaluate-11-3--1
PASS	evaluate-11-3-0
PASS	evaluate-11-3-1
PASS	evaluate-11-3-2
PASS	evaluate-11-3-3
PASS	evaluate-11-4--3
PASS	evaluate-11-4--2
PASS	evaluate-11-4--1
PASS	evaluate-11-4-0
PASS	evaluate-11-4-1
PASS	evaluate-11-4-2
PASS	evaluate-11-4-3
PASS	evaluate-12-0--3
PASS	evaluate-12-0--2
PASS	evaluate-12-0--1
PASS	evaluate-12-0-0
PASS	evaluate-12-0-1
PASS	evaluate-12-0-2
PASS	evaluate-12-0-3
PASS	evaluate-12-1--3
PASS	evaluate-12-1--2
PASS	evaluate-12-1--1
PASS	evaluate-12-1-0
PASS	evaluate-12-1-1
PASS	evaluate-12-1-2
PASS	evaluate-12-1-3
PASS	evaluate-12-2--3
PASS	evaluate-12-2--2
PASS	evaluate-12-2--1
PASS	evaluate-12-2-0
PASS	evaluate-12-2-1
PASS	evaluate-12-2-2
PASS	evaluate-12-2-3
PASS	evaluate-12-3--3
PASS	evaluate-12-3--2
PASS	evaluate-12-3--1
PASS	evaluate-12-3-0
PASS	evaluate-12-3-1
PASS	evaluate-12-3-2
PASS	evaluate-12-3-3
PASS	evaluate-12-4--3
PASS	evaluate-12-4--2
PASS	evaluate-12-4--1
PASS	evaluate-12-4-0
PASS	evaluate-12-4-1
PASS	evaluate-12-4-2
PASS	evaluate-12-4-3
PASS	inversion-1-0-1
PASS	inversion-1-0-2
PASS	inversion-1-0-3
PASS	inversion-1-0-4
PASS	inversion-1-0-5
PASS	inversion-1-0-6
PASS	inversion-1-0-7
PASS	inversion-1-0-8
PASS	inversion-1-0-9
PASS	inversion-1-0-10
PASS	inversion-1-0-11
PASS	inversion-1-0-12
PASS	inversion-1-1-1
PASS	inversion-1-1-2
PASS	inversion-1-1-3
PASS	inversion-1-1-4
PASS	inversion-1-1-5
PASS	inversion-1-1-6
PASS	inversion-1-1-7
PASS	inversion-1-1-8
PASS	inversion-1-1-9
PASS	inversion-1-1-10
PASS	inversion-1-1-11
PASS	inversion-1-1-12
PASS	inversion-1-2-1
PASS	inversion-1-2-2
PASS	inversion-1-2-3
PASS	inversion-1-2-4
PASS	inversion-1-2-5
PASS	inversion-1-2-6
PASS	inversion-1-2-7
PASS	inversion-1-2-8
PASS	inversion-1-2-9
PASS	inversion-1-2-10
PASS	inversion-1-2-11
PASS	inversion-1-2-12
PASS	inversion-1-3-1
PASS	inversion-1-3-2
PASS	inversion-1-3-3
PASS	inversion-1-3-4
PASS	inversion-1-3-5
PASS	inversion-1-3-6
PASS	inversion-1-3-7
PASS	inversion-1-3-8
PASS	inversion-1-3-9
PASS	inversion-1-3-10
PASS	inversion-1-3-11
PASS	inversion-1-3-12
PASS	inversion-1-4-1
PASS	inversion-1-4-2
PASS	inversion-1-4-3
PASS	inversion-1-4-4
PASS	inversion-1-4-5
PASS	inversion-1-4-6
PASS	inversion-1-4-7
PASS	inversion-1-4-8
PASS	inversion-1-4-9
PASS	inversion-1-4-10
PASS	inversion-1-4-11
PASS	inversion-1-4-12
PASS	inversion-2-0-1
PASS	inversion-2-0-2
PASS	inversion-2-0-3
PASS	inversion-2-0-4
PASS	inversion-2-0-5
PASS	inversion-2-0-6
PASS	inversion-2-0-7
PASS	inversion-2-0-8
PASS	inversion-2-0-9
PASS	inversion-2-0-10
PASS	inversion-2-0-11
PASS	inversion-2-0-12
PASS	inversion-2-1-1
PASS	inversion-2-1-2
PASS	inversion-2-1-3
PASS	inversion-2-1-4
PASS	inversion-2-1-5
PASS	inversion-2-1-6
PASS	inversion-2-1-7
PASS	inversion-2-1-8
PASS	inversion-2-1-9
PASS	inversion-2-1-10
PASS	inversion-2-1-11
PASS	inversion-2-1-12
PASS	inversion-2-2-1
PASS	inversion-2-2-2
PASS	inversion-2-2-3
PASS	inversion-2-2-4
PASS	inversion-2-2-5
PASS	inversion-2-2-6
PASS	inversion-2-2-7
PASS	inversion-2-2-8
PASS	inversion-2-2-9
PASS	inversion-2-2-10
PASS	inversion-2-2-11
PASS	inversion-2-2-12
PASS	inversion-2-3-1
PASS	inversion-2-3-2
PASS	inversion-2-3-3
PASS	inversion-2-3-4
PASS	inversion-2-3-5
PASS	inversion-2-3-6
PASS	inversion-2-3-7
PASS	inversion-2-3-8
PASS	inversion-2-3-9
PASS	inversion-2-3-10
PASS	inversion-2-3-11
PASS	inversion-2-3-12
PASS	inversion-2-4-1
PASS	inversion-2-4-2
PASS	inversion-2-4-3
PASS	inversion-2-4-4
PASS	inversion-2-4-5
PASS	inversion-2-4-6
PASS	inversion-2-4-7
PASS	inversion-2-4-8
PASS	inversion-2-4-9
PASS	inversion-2-4-10
PASS	inversion-2-4-11
PASS	inversion-2-4-12
PASS	inversion-3-0-1
PASS	inversion-3-0-2
PASS	inversion-3-0-3
PASS	inversion-3-0-4
PASS	inversion-3-0-5
PASS	inversion-3-0-6
PASS	inversion-3-0-7
PASS	inversion-3-0-8
PASS	inversion-3-0-9
PASS	inversion-3-0-10
PASS	inversion-3-0-11
PASS	inversion-3-0-12
PASS	inversion-3-1-1
PASS	inversion-3-1-2
PASS	inversion-3-1-3
PASS	inversion-3-1-4
PASS	inversion-3-1-5
PASS	inversion-3-1-6
PASS	inversion-3-1-7
PASS	inversion-3-1-8
PASS	inversion-3-1-9
PASS	inversion-3-1-10
PASS	inversion-3-1-11
PASS	inversion-3-1-12
PASS	inversion-3-2-1
PASS	inversion-3-2-2
PASS	inversion-3-2-3
PASS	inversion-3-2-4
PASS	inversion-3-2-5
PASS	inversion-3-2-6
PASS	inversion-3-2-7
PASS	inversion-3-2-8
PASS	inversion-3-2-9
PASS	inversion-3-2-10
PASS	inversion-3-2-11
PASS	inversion-3-2-12
PASS	inversion-3-3-1
PASS	inversion-3-3-2
PASS	inversion-3-3-3
PASS	inversion-3-3-4
PASS	inversion-3-3-5
PASS	inversion-3-3-6
PASS	inversion-3-3-7
PASS	inversion-3-3-8
PASS	inversion-3-3-9
PASS	inversion-3-3-10
PASS	inversion-3-3-11
PASS	inversion-3-3-12
PASS	inversion-3-4-1
PASS	inversion-3-4-2
PASS	inversion-3-4-3
PASS	inversion-3-4-4
PASS	inversion-3-4-5
PASS	inversion-3-4-6
PASS	inversion-3-4-7
PASS	inversion-3-4-8
PASS	inversion-3-4-9
PASS	inversion-3-4-10
PASS	inversion-3-4-11
PASS	inversion-3-4-12
PASS	inversion-4-0-1
PASS	inversion-4-0-2
PASS	inversion-4-0-3
PASS	inversion-4-0-4
PASS	inversion-4-0-5
PASS	inversion-4-0-6
PASS	inversion-4-0-7
PASS	inversion-4-0-8
PASS	inversion-4-0-9
PASS	inversion-4-0-10
PASS	inversion-4-0-11
PASS	inversion-4-0-12
PASS	inversion-4-1-1
PASS	inversion-4-1-2
PASS	inversion-4-1-3
PASS	inversion-4-1-4
PASS	inversion-4-1-5
PASS	inversion-4-1-6
PASS	inversion-4-1-7
PASS	inversion-4-1-8
PASS	inversion-4-1-9
PASS	inversion-4-1-10
PASS	inversion-4-1-11
PASS	inversion-4-1-12
PASS	inversion-4-2-1
PASS	inversion-4-2-2
PASS	inversion-4-2-3
PASS	inversion-4-2-4
PASS	inversion-4-2-5
PASS	inversion-4-2-6
PASS	inversion-4-2-7
PASS	inversion-4-2-8
PASS	inversion-4-2-9
PASS	inversion-4-2-10
PASS	inversion-4-2-11
PASS	inversion-4-2-12
PASS	inversion-4-3-1
PASS	inversion-4-3-2
PASS	inversion-4-3-3
PASS	inversion-4-3-4
PASS	inversion-4-3-5
PASS	inversion-4-3-6
PASS	inversion-4-3-7
PASS	inversion-4-3-8
PASS	inversion-4-3-9
PASS	inversion-4-3-10
PASS	inversion-4-3-11
PASS	inversion-4-3-12
PASS	inversion-4-4-1
PASS	inversion-4-4-2
PASS	inversion-4-4-3
PASS	inversion-4-4-4
PASS	inversion-4-4-5
PASS	inversion-4-4-6
PASS	inversion-4-4-7
PASS	inversion-4-4-8
PASS	inversion-4-4-9
PASS	inversion-4-4-10
PASS	inversion-4-4-11
PASS	inversion-4-4-12
PASS	inversion-5-0-1
PASS	inversion-5-0-2
PASS	inversion-5-0-3
PASS	inversion-5-0-4
PASS	inversion-5-0-5
PASS	inversion-5-0-6
PASS	inversion-5-0-7
PASS	inversion-5-0-8
PASS	inversion-5-0-9
PASS	inversion-5-0-10
PASS	inversion-5-0-11
PASS	inversion-5-0-12
PASS	inversion-5-1-1
PASS	inversion-5-1-2
PASS	inversion-5-1-3
PASS	inversion-5-1-4
PASS	inversion-5-1-5
PASS	inversion-5-1-6
PASS	inversion-5-1-7
PASS	inversion-5-1-8
PASS	inversion-5-1-9
PASS	inversion-5-1-10
PASS	inversion-5-1-11
PASS	inversion-5-1-12
PASS	inversion-5-2-1
PASS	inversion-5-2-2
PASS	inversion-5-2-3
PASS	inversion-5-2-4
PASS	inversion-5-2-5
PASS	inversion-5-2-6
PASS	inversion-5-2-7
PASS	inversion-5-2-8
PASS	inversion-5-2-9
PASS	inversion-5-2-10
PASS	inversion-5-2-11
PASS	inversion-5-2-12
PASS	inversion-5-3-1
PASS	inversion-5-3-2
PASS	inversion-5-3-3
PASS	inversion-5-3-4
PASS	inversion-5-3-5
PASS	inversion-5-3-6
PASS	inversion-5-3-7
PASS	inversion-5-3-8
PASS	inversion-5-3-9
PASS	inversion-5-3-10
PASS	inversion-5-3-11
PASS	inversion-5-3-12
PASS	inversion-5-4-1
PASS	inversion-5-4-2
PASS	inversion-5-4-3
PASS	inversion-5-4-4
PASS	inversion-5-4-5
PASS	inversion-5-4-6
PASS	inversion-5-4-7
PASS	inversion-5-4-8
PASS	inversion-5-4-9
PASS	inversion-5-4-10
PASS	inversion-5-4-11
PASS	inversion-5-4-12
PASS	inversion-6-0-1
PASS	inversion-6-0-2
PASS	inversion-6-0-3
PASS	inversion-6-0-4
PASS	inversion-6-0-5
PASS	inversion-6-0-6
PASS	inversion-6-0-7
PASS	inversion-6-0-8
PASS	inversion-6-0-9
PASS	inversion-6-0-10
PASS	inversion-6-0-11
PASS	inversion-6-0-12
PASS	inversion-6-1-1
PASS	inversion-6-1-2
PASS	inversion-6-1-3
PASS	inversion-6-1-4
PASS	inversion-6-1-5
PASS	inversion-6-1-6
PASS	inversion-6-1-7
PASS	inversion-6-1-8
PASS	inversion-6-1-9
PASS	inversion-6-1-10
PASS	inversion-6-1-11
PASS	inversion-6-1-12
PASS	inversion-6-2-1
PASS	inversion-6-2-2
PASS	inversion-6-2-3
PASS	inversion-6-2-4
PASS	inversion-6-2-5
PASS	inversion-6-2-6
PASS	inversion-6-2-7
PASS	inversion-6-2-8
PASS	inversion-6-2-9
PASS	inversion-6-2-10
PASS	inversion-6-2-11
PASS	inversion-6-2-12
PASS	inversion-6-3-1
PASS	inversion-6-3-2
PASS	inversion-6-3-3
PASS	inversion-6-3-4
PASS	inversion-6-3-5
PASS	inversion-6-3-6
PASS	inversion-6-3-7
PASS	inversion-6-3-8
PASS	inversion-6-3-9
PASS	inversion-6-3-10
PASS	inversion-6-3-11
PASS	inversion-6-3-12
PASS	inversion-6-4-1
PASS	inversion-6-4-2
PASS	inversion-6-4-3
PASS	inversion-6-4-4
PASS	inversion-6-4-5
PASS	inversion-6-4-6
PASS	inversion-6-4-7
PASS	inversion-6-4-8
PASS	inversion-6-4-9
PASS	inversion-6-4-10
PASS	inversion-6-4-11
PASS	inversion-6-4-12
PASS	inversion-7-0-1
PASS	inversion-7-0-2
PASS	inversion-7-0-3
PASS	inversion-7-0-4
PASS	inversion-7-0-5
PASS	inversion-7-0-6
PASS	inversion-7-0-7
PASS	inversion-7-0-8
PASS	inversion-7-0-9
PASS	inversion-7-0-10
PASS	inversion-7-0-11
PASS	inversion-7-0-12
PASS	inversion-7-1-1
PASS	inversion-7-1-2
PASS	inversion-7-1-3
PASS	inversion-7-1-4
PASS	inversion-7-1-5
PASS	inversion-7-1-6
PASS	inversion-7-1-7
PASS	inversion-7-1-8
PASS	inversion-7-1-9
PASS	inversion-7-1-10
PASS	inversion-7-1-11
PASS	inversion-7-1-12
PASS	inversion-7-2-1
PASS	inversion-7-2-2
PASS	inversion-7-2-3
PASS	inversion-7-2-4
PASS	inversion-7-2-5
PASS	inversion-7-2-6
PASS	inversion-7-2-7
PASS	inversion-7-2-8
PASS	inversion-7-2-9
PASS	inversion-7-2-10
PASS	inversion-7-2-11
PASS	inversion-7-2-12
PASS	inversion-7-3-1
PASS	inversion-7-3-2
PASS	inversion-7-3-3
PASS	inversion-7-3-4
PASS	inversion-7-3-5
PASS	inversion-7-3-6
PASS	inversion-7-3-7
PASS	inversion-7-3-8
PASS	inversion-7-3-9
PASS	inversion-7-3-10
PASS	inversion-7-3-11
PASS	inversion-7-3-12
PASS	inversion-7-4-1
PASS	inversion-7-4-2
PASS	inversion-7-4-3
PASS	inversion-7-4-4
PASS	inversion-7-4-5
PASS	inversion-7-4-6
PASS	inversion-7-4-7
PASS	inversion-7-4-8
PASS	inversion-7-4-9
PASS	inversion-7-4-10
PASS	inversion-7-4-11
PASS	inversion-7-4-12
PASS	inversion-8-0-1
PASS	inversion-8-0-2
PASS	inversion-8-0-3
PASS	inversion-8-0-4
PASS	inversion-8-0-5
PASS	inversion-8-0-6
PASS	inversion-8-0-7
PASS	inversion-8-0-8
PASS	inversion-8-0-9
PASS	inversion-8-0-10
PASS	inversion-8-0-11
PASS	inversion-8-0-12
PASS	inversion-8-1-1
PASS	inversion-8-1-2
PASS	inversion-8-1-3
PASS	inversion-8-1-4
PASS	inversion-8-1-5
PASS	inversion-8-1-6
PASS	inversion-8-1-7
PASS	inversion-8-1-8
PASS	inversion-8-1-9
PASS	inversion-8-1-10
PASS	inversion-8-1-11
PASS	inversion-8-1-12
PASS	inversion-8-2-1
PASS	inversion-8-2-2
PASS	inversion-8-2-3
PASS	inversion-8-2-4
PASS	inversion-8-2-5
PASS	inversion-8-2-6
PASS	inversion-8-2-7
PASS	inversion-8-2-8
PASS	inversion-8-2-9
PASS	inversion-8-2-10
PASS	inversion-8-2-11
PASS	inversion-8-2-12
PASS	inversion-8-3-1
PASS	inversion-8-3-2
PASS	inversion-8-3-3
PASS	inversion-8-3-4
PASS	inversion-8-3-5
PASS	inversion-8-3-6
PASS	inversion-8-3-7
PASS	inversion-8-3-8
PASS	inversion-8-3-9
PASS	inversion-8-3-10
PASS	inversion-8-3-11
PASS	inversion-8-3-12
PASS	inversion-8-4-1
PASS	inversion-8-4-2
PASS	inversion-8-4-3
PASS	inversion-8-4-4
PASS	inversion-8-4-5
PASS	inversion-8-4-6
PASS	inversion-8-4-7
PASS	inversion-8-4-8
PASS	inversion-8-4-9
PASS	inversion-8-4-10
PASS	inversion-8-4-11
PASS	inversion-8-4-12
PASS	division-1-1-0
PASS	fastdivision-1-1-0
PASS	division-1-1-1
PASS	fastdivision-1-1-1
PASS	division-1-1-2
PASS	fastdivision-1-1-2
PASS	division-1-1-3
PASS	fastdivision-1-1-3
PASS	division-1-1-4
PASS	fastdivision-1-1-4
PASS	division-1-2-0
PASS	fastdivision-1-2-0
PASS	division-1-2-1
PASS	fastdivision-1-2-1
PASS	division-1-2-2
PASS	fastdivision-1-2-2
PASS	division-1-2-3
PASS	fastdivision-1-2-3
PASS	division-1-2-4
PASS	fastdivision-1-2-4
PASS	division-1-3-0
PASS	fastdivision-1-3-0
PASS	division-1-3-1
PASS	fastdivision-1-3-1
PASS	division-1-3-2
PASS	fastdivision-1-3-2
PASS	division-1-3-3
PASS	fastdivision-1-3-3
PASS	division-1-3-4
PASS	fastdivision-1-3-4
PASS	division-1-4-0
PASS	fastdivision-1-4-0
PASS	division-1-4-1
PASS	fastdivision-1-4-1
PASS	division-1-4-2
PASS	fastdivision-1-4-2
PASS	division-1-4-3
PASS	fastdivision-1-4-3
PASS	division-1-4-4
PASS	fastdivision-1-4-4
PASS	division-1-5-0
PASS	fastdivision-1-5-0
PASS	division-1-5-1
PASS	fastdivision-1-5-1
PASS	division-1-5-2
PASS	fastdivision-1-5-2
PASS	division-1-5-3
PASS	fastdivision-1-5-3
PASS	division-1-5-4
PASS	fastdivision-1-5-4
PASS	division-2-1-0
PASS	fastdivision-2-1-0
PASS	division-2-1-1
PASS	fastdivision-2-1-1
PASS	division-2-1-2
PASS	fastdivision-2-1-2
PASS	division-2-1-3
PASS	fastdivision-2-1-3
PASS	division-2-1-4
PASS	fastdivision-2-1-4
PASS	division-2-2-0
PASS	fastdivision-2-2-0
PASS	division-2-2-1
PASS	fastdivision-2-2-1
PASS	division-2-2-2
PASS	fastdivision-2-2-2
PASS	division-2-2-3
PASS	fastdivision-2-2-3
PASS	division-2-2-4
PASS	fastdivision-2-2-4
PASS	division-2-3-0
PASS	fastdivision-2-3-0
PASS	division-2-3-1
PASS	fastdivision-2-3-1
PASS	division-2-3-2
PASS	fastdivision-2-3-2
PASS	division-2-3-3
PASS	fastdivision-2-3-3
PASS	division-2-3-4
PASS	fastdivision-2-3-4
PASS	division-2-4-0
PASS	fastdivision-2-4-0
PASS	division-2-4-1
PASS	fastdivision-2-4-1
PASS	division-2-4-2
PASS	fastdivision-2-4-2
PASS	division-2-4-3
PASS	fastdivision-2-4-3
PASS	division-2-4-4
PASS	fastdivision-2-4-4
PASS	division-2-5-0
PASS	fastdivision-2-5-0
PASS	division-2-5-1
PASS	fastdivision-2-5-1
PASS	division-2-5-2
PASS	fastdivision-2-5-2
PASS	division-2-5-3
PASS	fastdivision-2-5-3
PASS	division-2-5-4
PASS	fastdivision-2-5-4
PASS	division-3-1-0
PASS	fastdivision-3-1-0
PASS	division-3-1-1
PASS	fastdivision-3-1-1
PASS	division-3-1-2
PASS	fastdivision-3-1-2
PASS	division-3-1-3
PASS	fastdivision-3-1-3
PASS	division-3-1-4
PASS	fastdivision-3-1-4
PASS	division-3-2-0
PASS	fastdivision-3-2-0
PASS	division-3-2-1
PASS	fastdivision-3-2-1
PASS	division-3-2-2
PASS	fastdivision-3-2-2
PASS	division-3-2-3
PASS	fastdivision-3-2-3
PASS	division-3-2-4
PASS	fastdivision-3-2-4
PASS	division-3-3-0
PASS	fastdivision-3-3-0
PASS	division-3-3-1
PASS	fastdivision-3-3-1
PASS	division-3-3-2
PASS	fastdivision-3-3-2
PASS	division-3-3-3
PASS	fastdivision-3-3-3
PASS	division-3-3-4
PASS	fastdivision-3-3-4
PASS	division-3-4-0
PASS	fastdivision-3-4-0
PASS	division-3-4-1
PASS	fastdivision-3-4-1
PASS	division-3-4-2
PASS	fastdivision-3-4-2
PASS	division-3-4-3
PASS	fastdivision-3-4-3
PASS	division-3-4-4
PASS	fastdivision-3-4-4
PASS	division-3-5-0
PASS	fastdivision-3-5-0
PASS	division-3-5-1
PASS	fastdivision-3-5-1
PASS	division-3-5-2
PASS	fastdivision-3-5-2
PASS	division-3-5-3
PASS	fastdivision-3-5-3
PASS	division-3-5-4
PASS	fastdivision-3-5-4
PASS	division-4-1-0
PASS	fastdivision-4-1-0
PASS	division-4-1-1
PASS	fastdivision-4-1-1
PASS	division-4-1-2
PASS	fastdivision-4-1-2
PASS	division-4-1-3
PASS	fastdivision-4-1-3
PASS	division-4-1-4
PASS	fastdivision-4-1-4
PASS	division-4-2-0
PASS	fastdivision-4-2-0
PASS	division-4-2-1
PASS	fastdivision-4-2-1
PASS	division-4-2-2
PASS	fastdivision-4-2-2
PASS	division-4-2-3
PASS	fastdivision-4-2-3
PASS	division-4-2-4
PASS	fastdivision-4-2-4
PASS	division-4-3-0
PASS	fastdivision-4-3-0
PASS	division-4-3-1
PASS	fastdivision-4-3-1
PASS	division-4-3-2
PASS	fastdivision-4-3-2
PASS	division-4-3-3
PASS	fastdivision-4-3-3
PASS	division-4-3-4
PASS	fastdivision-4-3-4
PASS	division-4-4-0
PASS	fastdivision-4-4-0
PASS	division-4-4-1
PASS	fastdivision-4-4-1
PASS	division-4-4-2
PASS	fastdivision-4-4-2
PASS	division-4-4-3
PASS	fastdivision-4-4-3
PASS	division-4-4-4
PASS	fastdivision-4-4-4
PASS	division-4-5-0
PASS	fastdivision-4-5-0
PASS	division-4-5-1
PASS	fastdivision-4-5-1
PASS	division-4-5-2
PASS	fastdivision-4-5-2
PASS	division-4-5-3
PASS	fastdivision-4-5-3
PASS	division-4-5-4
PASS	fastdivision-4-5-4
PASS	division-5-1-0
PASS	fastdivision-5-1-0
PASS	division-5-1-1
PASS	fastdivision-5-1-1
PASS	division-5-1-2
PASS	fastdivision-5-1-2
PASS	division-5-1-3
PASS	fastdivision-5-1-3
PASS	division-5-1-4
PASS	fastdivision-5-1-4
PASS	division-5-2-0
PASS	fastdivision-5-2-0
PASS	division-5-2-1
PASS	fastdivision-5-2-1
PASS	division-5-2-2
PASS	fastdivision-5-2-2
PASS	division-5-2-3
PASS	fastdivision-5-2-3
PASS	division-5-2-4
PASS	fastdivision-5-2-4
PASS	division-5-3-0
PASS	fastdivision-5-3-0
PASS	division-5-3-1
PASS	fastdivision-5-3-1
PASS	division-5-3-2
PASS	fastdivision-5-3-2
PASS	division-5-3-3
PASS	fastdivision-5-3-3
PASS	division-5-3-4
PASS	fastdivision-5-3-4
PASS	division-5-4-0
PASS	fastdivision-5-4-0
PASS	division-5-4-1
PASS	fastdivision-5-4-1
PASS	division-5-4-2
PASS	fastdivision-5-4-2
PASS	division-5-4-3
PASS	fastdivision-5-4-3
PASS	division-5-4-4
PASS	fastdivision-5-4-4
PASS	division-5-5-0
PASS	fastdivision-5-5-0
PASS	division-5-5-1
PASS	fastdivision-5-5-1
PASS	division-5-5-2
PASS	fastdivision-5-5-2
PASS	division-5-5-3
PASS	fastdivision-5-5-3
PASS	division-5-5-4
PASS	fastdivision-5-5-4
PASS	division-6-1-0
PASS	fastdivision-6-1-0
PASS	division-6-1-1
PASS	fastdivision-6-1-1
PASS	division-6-1-2
PASS	fastdivision-6-1-2
PASS	division-6-1-3
PASS	fastdivision-6-1-3
PASS	division-6-1-4
PASS	fastdivision-6-1-4
PASS	division-6-2-0
PASS	fastdivision-6-2-0
PASS	division-6-2-1
PASS	fastdivision-6-2-1
PASS	division-6-2-2
PASS	fastdivision-6-2-2
PASS	division-6-2-3
PASS	fastdivision-6-2-3
PASS	division-6-2-4
PASS	fastdivision-6-2-4
PASS	division-6-3-0
PASS	fastdivision-6-3-0
PASS	division-6-3-1
PASS	fastdivision-6-3-1
PASS	division-6-3-2
PASS	fastdivision-6-3-2
PASS	division-6-3-3
PASS	fastdivision-6-3-3
PASS	division-6-3-4
PASS	fastdivision-6-3-4
PASS	division-6-4-0
PASS	fastdivision-6-4-0
PASS	division-6-4-1
PASS	fastdivision-6-4-1
PASS	division-6-4-2
PASS	fastdivision-6-4-2
PASS	division-6-4-3
PASS	fastdivision-6-4-3
PASS	division-6-4-4
PASS	fastdivision-6-4-4
PASS	division-6-5-0
PASS	fastdivision-6-5-0
PASS	division-6-5-1
PASS	fastdivision-6-5-1
PASS	division-6-5-2
PASS	fastdivision-6-5-2
PASS	division-6-5-3
PASS	fastdivision-6-5-3
PASS	division-6-5-4
PASS	fastdivision-6-5-4
PASS	division-7-1-0
PASS	fastdivision-7-1-0
PASS	division-7-1-1
PASS	fastdivision-7-1-1
PASS	division-7-1-2
PASS	fastdivision-7-1-2
PASS	division-7-1-3
PASS	fastdivision-7-1-3
PASS	division-7-1-4
PASS	fastdivision-7-1-4
PASS	division-7-2-0
PASS	fastdivision-7-2-0
PASS	division-7-2-1
PASS	fastdivision-7-2-1
PASS	division-7-2-2
PASS	fastdivision-7-2-2
PASS	division-7-2-3
PASS	fastdivision-7-2-3
PASS	division-7-2-4
PASS	fastdivision-7-2-4
PASS	division-7-3-0
PASS	fastdivision-7-3-0
PASS	division-7-3-1
PASS	fastdivision-7-3-1
PASS	division-7-3-2
PASS	fastdivision-7-3-2
PASS	division-7-3-3
PASS	fastdivision-7-3-3
PASS	division-7-3-4
PASS	fastdivision-7-3-4
PASS	division-7-4-0
PASS	fastdivision-7-4-0
PASS	division-7-4-1
PASS	fastdivision-7-4-1
PASS	division-7-4-2
PASS	fastdivision-7-4-2
PASS	division-7-4-3
PASS	fastdivision-7-4-3
PASS	division-7-4-4
PASS	fastdivision-7-4-4
PASS	division-7-5-0
PASS	fastdivision-7-5-0
PASS	division-7-5-1
PASS	fastdivision-7-5-1
PASS	division-7-5-2
PASS	fastdivision-7-5-2
PASS	division-7-5-3
PASS	fastdivision-7-5-3
PASS	division-7-5-4
PASS	fastdivision-7-5-4
PASS	division-8-1-0
PASS	fastdivision-8-1-0
PASS	division-8-1-1
PASS	fastdivision-8-1-1
PASS	division-8-1-2
PASS	fastdivision-8-1-2
PASS	division-8-1-3
PASS	fastdivision-8-1-3
PASS	division-8-1-4
PASS	fastdivision-8-1-4
PASS	division-8-2-0
PASS	fastdivision-8-2-0
PASS	division-8-2-1
PASS	fastdivision-8-2-1
PASS	division-8-2-2
PASS	fastdivision-8-2-2
PASS	division-8-2-3
PASS	fastdivision-8-2-3
PASS	division-8-2-4
PASS	fastdivision-8-2-4
PASS	division-8-3-0
PASS	fastdivision-8-3-0
PASS	division-8-3-1
PASS	fastdivision-8-3-1
PASS	division-8-3-2
PASS	fastdivision-8-3-2
PASS	division-8-3-3
PASS	fastdivision-8-3-3
PASS	division-8-3-4
PASS	fastdivision-8-3-4
PASS	division-8-4-0
PASS	fastdivision-8-4-0
PASS	division-8-4-1
PASS	fastdivision-8-4-1
PASS	division-8-4-2
PASS	fastdivision-8-4-2
PASS	division-8-4-3
PASS	fastdivision-8-4-3
PASS	division-8-4-4
PASS	fastdivision-8-4-4
PASS	division-8-5-0
PASS	fastdivision-8-5-0
PASS	division-8-5-1
PASS	fastdivision-8-5-1
PASS	division-8-5-2
PASS	fastdivision-8-5-2
PASS	division-8-5-3
PASS	fastdivision-8-5-3
PASS	division-8-5-4
PASS	fastdivision-8-5-4
PASS	division-9-1-0
PASS	fastdivision-9-1-0
PASS	division-9-1-1
PASS	fastdivision-9-1-1
PASS	division-9-1-2
PASS	fastdivision-9-1-2
PASS	division-9-1-3
PASS	fastdivision-9-1-3
PASS	division-9-1-4
PASS	fastdivision-9-1-4
PASS	division-9-2-0
PASS	fastdivision-9-2-0
PASS	division-9-2-1
PASS	fastdivision-9-2-1
PASS	division-9-2-2
PASS	fastdivision-9-2-2
PASS	division-9-2-3
PASS	fastdivision-9-2-3
PASS	division-9-2-4
PASS	fastdivision-9-2-4
PASS	division-9-3-0
PASS	fastdivision-9-3-0
PASS	division-9-3-1
PASS	fastdivision-9-3-1
PASS	division-9-3-2
PASS	fastdivision-9-3-2
PASS	division-9-3-3
PASS	fastdivision-9-3-3
PASS	division-9-3-4
PASS	fastdivision-9-3-4
PASS	division-9-4-0
PASS	fastdivision-9-4-0
PASS	division-9-4-1
PASS	fastdivision-9-4-1
PASS	division-9-4-2
PASS	fastdivision-9-4-2
PASS	division-9-4-3
PASS	fastdivision-9-4-3
PASS	division-9-4-4
PASS	fastdivision-9-4-4
PASS	division-9-5-0
PASS	fastdivision-9-5-0
PASS	division-9-5-1
PASS	fastdivision-9-5-1
PASS	division-9-5-2
PASS	fastdivision-9-5-2
PASS	division-9-5-3
PASS	fastdivision-9-5-3
PASS	division-9-5-4
PASS	fastdivision-9-5-4
SUMMARY	2630
