JUnit version 4.13.1
.(98017, [98017])
(61414, [30707, 2])
(25087, [25087])
(89351, [449, 199])
(48381, [16127, 3])
(76479, [53, 37, 13, 3])
(14650, [293, 5, 5, 2])
(58942, [2267, 13, 2])
(57651, [1747, 11, 3])
(95356, [769, 31, 2, 2])
(53899, [53899])
(54138, [1289, 7, 3, 2])
(66363, [2011, 11, 3])
(23899, [23899])
(12906, [239, 3, 3, 3, 2])
(95375, [109, 7, 5, 5, 5])
(84446, [42223, 2])
(15317, [53, 17, 17])
(26908, [31, 31, 7, 2, 2])
(63460, [167, 19, 5, 2, 2])
(32897, [491, 67])
(64450, [1289, 5, 5, 2])
(38428, [739, 13, 2, 2])
(22493, [271, 83])
(93252, [409, 19, 3, 2, 2])
(7357, [1051, 7])
(28958, [14479, 2])
(39849, [359, 37, 3])
(67291, [9613, 7])
(60602, [193, 157, 2])
(36721, [36721])
(5321, [313, 17])
(23147, [293, 79])
(41074, [1867, 11, 2])
(72102, [197, 61, 3, 2])
(9057, [3019, 3])
(73649, [1567, 47])
(26620, [11, 11, 11, 5, 2, 2])
(95943, [31981, 3])
(22483, [22483])
(82619, [82619])
(29877, [433, 23, 3])
(80987, [743, 109])
...E.......[40, 18, 18, 2, 1]

Time: 0.262
There was 1 failure:
1) countQuadraticResidues(AlgorithmsTests)
java.lang.IllegalArgumentException: n must be a positive odd number but was 2.
	at dk.jonaslindstrom.ruffini.common.algorithms.JacobiSymbol.applyAsInt(JacobiSymbol.java:13)
	at AlgorithmsTests.countQuadraticResidues(AlgorithmsTests.java:170)

FAILURES!!!
Tests run: 11,  Failures: 1

