INPUT	64	33	2048	dense	reused	149
CALIBRATE	control	128	0.278843584	0.279855364
CALIBRATE	k8	256	0.325661484	0.327144763
CALIBRATE	gated	256	0.422116623	0.424067188
CALIBRATE	baseline	128	0.285997010	0.287271486
WARMUP	0	0	control	128	0.284879124	0.285897030
WARMUP	0	1	k8	256	0.342838158	0.344459995
WARMUP	0	2	gated	256	0.463430228	0.465682245
WARMUP	0	3	baseline	128	0.303551407	0.304746578
WARMUP	1	0	k8	256	0.330940164	0.332311558
WARMUP	1	1	gated	256	0.436131512	0.437979134
WARMUP	1	2	baseline	128	0.302140721	0.303331745
WARMUP	1	3	control	128	0.297361647	0.298490377
MEASURE	2	0	gated	256	0.435656161	0.437630068
MEASURE	2	1	baseline	128	0.293708338	0.294733694
MEASURE	2	2	control	128	0.296132404	0.297223233
MEASURE	2	3	k8	256	0.336487501	0.337885825
MEASURE	3	0	baseline	128	0.315882961	0.317131548
MEASURE	3	1	control	128	0.289857269	0.290965862
MEASURE	3	2	k8	256	0.344765085	0.346398262
MEASURE	3	3	gated	256	0.436557264	0.438443482
MEASURE	4	0	control	128	0.285398068	0.286292952
MEASURE	4	1	k8	256	0.321857166	0.323212022
MEASURE	4	2	gated	256	0.427664063	0.429434730
MEASURE	4	3	baseline	128	0.296165106	0.297620196
MEASURE	5	0	k8	256	0.330593388	0.332016009
MEASURE	5	1	gated	256	0.435990174	0.437852823
MEASURE	5	2	baseline	128	0.288174707	0.289245910
MEASURE	5	3	control	128	0.326491762	0.327731322
MEASURE	6	0	gated	256	0.477455067	0.479397984
MEASURE	6	1	baseline	128	0.285096914	0.286269174
MEASURE	6	2	control	128	0.283400671	0.284401643
MEASURE	6	3	k8	256	0.332061839	0.333402134
MEASURE	7	0	baseline	128	0.287857042	0.288953690
MEASURE	7	1	control	128	0.283900910	0.284888440
MEASURE	7	2	k8	256	0.325234902	0.326603900
MEASURE	7	3	gated	256	0.430858962	0.432760981
PASS	bench-v2
