INPUT	128	128	2048	dense	reused	149
CALIBRATE	control	16	0.341393055	0.342673088
CALIBRATE	k8	64	0.427495484	0.429335396
CALIBRATE	gated	32	0.285923201	0.287067950
CALIBRATE	baseline	16	0.349062692	0.350521490
WARMUP	0	0	control	16	0.342196846	0.343584995
WARMUP	0	1	k8	64	0.437185633	0.439270486
WARMUP	0	2	gated	32	0.279962624	0.281291936
WARMUP	0	3	baseline	16	0.346642179	0.348181170
WARMUP	1	0	k8	64	0.433129891	0.435057554
WARMUP	1	1	gated	32	0.280386949	0.281643552
WARMUP	1	2	baseline	16	0.350568065	0.352134279
WARMUP	1	3	control	16	0.344137276	0.345625355
MEASURE	2	0	gated	32	0.291356276	0.292423962
MEASURE	2	1	baseline	16	0.343888818	0.345033596
MEASURE	2	2	control	16	0.345649763	0.347107493
MEASURE	2	3	k8	64	0.444827310	0.446770401
MEASURE	3	0	baseline	16	0.353956383	0.355637619
MEASURE	3	1	control	16	0.365382584	0.367099893
MEASURE	3	2	k8	64	0.459564396	0.461685868
MEASURE	3	3	gated	32	0.291789176	0.293184210
MEASURE	4	0	control	16	0.361247314	0.362659708
MEASURE	4	1	k8	64	0.443762448	0.445617320
MEASURE	4	2	gated	32	0.290535354	0.292049129
MEASURE	4	3	baseline	16	0.354084672	0.355530656
MEASURE	5	0	k8	64	0.430959133	0.432836947
MEASURE	5	1	gated	32	0.288570195	0.289713129
MEASURE	5	2	baseline	16	0.367078248	0.368523275
MEASURE	5	3	control	16	0.358135323	0.359825282
MEASURE	6	0	gated	32	0.278471681	0.279755431
MEASURE	6	1	baseline	16	0.346346531	0.347691374
MEASURE	6	2	control	16	0.348139170	0.349612902
MEASURE	6	3	k8	64	0.430731937	0.432500519
MEASURE	7	0	baseline	16	0.347443089	0.348764541
MEASURE	7	1	control	16	0.346986020	0.348516637
MEASURE	7	2	k8	64	0.426978946	0.428937854
MEASURE	7	3	gated	32	0.292670734	0.293859204
PASS	bench-v2
