INPUT	32	32	512	dense	reused	163
CALIBRATE	gated	1024	0.279387338	0.280768241
CALIBRATE	baseline	1024	0.332944195	0.334193170
CALIBRATE	control	1024	0.345786651	0.347317009
CALIBRATE	k8	2048	0.465686954	0.467650320
WARMUP	0	0	gated	1024	0.288963939	0.290209804
WARMUP	0	1	baseline	1024	0.357682392	0.359144498
WARMUP	0	2	control	1024	0.357773557	0.359454128
WARMUP	0	3	k8	2048	0.433808370	0.435367203
WARMUP	1	0	baseline	1024	0.340983808	0.342225408
WARMUP	1	1	control	1024	0.333381660	0.334515207
WARMUP	1	2	k8	2048	0.437197871	0.438932669
WARMUP	1	3	gated	1024	0.263632958	0.264857402
MEASURE	2	0	control	1024	0.336689040	0.337953651
MEASURE	2	1	k8	2048	0.450451578	0.452385836
MEASURE	2	2	gated	1024	0.261378142	0.262401590
MEASURE	2	3	baseline	1024	0.338386709	0.339613277
MEASURE	3	0	k8	2048	0.438999803	0.440635612
MEASURE	3	1	gated	1024	0.267083786	0.268216872
MEASURE	3	2	baseline	1024	0.453409157	0.454925202
MEASURE	3	3	control	1024	0.346784879	0.347962745
MEASURE	4	0	gated	1024	0.260824880	0.261772354
MEASURE	4	1	baseline	1024	0.341845262	0.343049962
MEASURE	4	2	control	1024	0.340719233	0.341888492
MEASURE	4	3	k8	2048	0.453944582	0.455868417
MEASURE	5	0	baseline	1024	0.350095143	0.351318785
MEASURE	5	1	control	1024	0.345412019	0.346614407
MEASURE	5	2	k8	2048	0.456940964	0.458830654
MEASURE	5	3	gated	1024	0.258550358	0.259518039
MEASURE	6	0	control	1024	0.333310329	0.334711024
MEASURE	6	1	k8	2048	0.434924163	0.436611838
MEASURE	6	2	gated	1024	0.268451676	0.269480755
MEASURE	6	3	baseline	1024	0.347536251	0.348903370
MEASURE	7	0	k8	2048	0.436287093	0.438086237
MEASURE	7	1	gated	1024	0.263847094	0.264926788
MEASURE	7	2	baseline	1024	0.336363371	0.337831510
MEASURE	7	3	control	1024	0.338964420	0.340163660
PASS	bench-v2
