INPUT	64	1	2048	dense	reused	163
CALIBRATE	gated	65536	0.270770796	0.271679744
CALIBRATE	baseline	65536	0.278532690	0.279769400
CALIBRATE	control	65536	0.271631331	0.272604992
CALIBRATE	k8	65536	0.270110276	0.271001571
WARMUP	0	0	gated	65536	0.275457932	0.276641865
WARMUP	0	1	baseline	65536	0.272110964	0.273036272
WARMUP	0	2	control	65536	0.280189586	0.281188283
WARMUP	0	3	k8	65536	0.286572438	0.287608983
WARMUP	1	0	baseline	65536	0.283843378	0.284751969
WARMUP	1	1	control	65536	0.270589368	0.271465560
WARMUP	1	2	k8	65536	0.271823472	0.272791328
WARMUP	1	3	gated	65536	0.271505681	0.272602621
MEASURE	2	0	control	65536	0.294662954	0.295730776
MEASURE	2	1	k8	65536	0.286369712	0.287362760
MEASURE	2	2	gated	65536	0.288220036	0.289202624
MEASURE	2	3	baseline	65536	0.284033913	0.285068247
MEASURE	3	0	k8	65536	0.285044922	0.286049809
MEASURE	3	1	gated	65536	0.280718274	0.281865067
MEASURE	3	2	baseline	65536	0.299351629	0.300597083
MEASURE	3	3	control	65536	0.286624025	0.287614693
MEASURE	4	0	gated	65536	0.279599051	0.280595233
MEASURE	4	1	baseline	65536	0.279840346	0.280898522
MEASURE	4	2	control	65536	0.279972062	0.280994256
MEASURE	4	3	k8	65536	0.277393611	0.278398734
MEASURE	5	0	baseline	65536	0.274363853	0.275343854
MEASURE	5	1	control	65536	0.273883380	0.275052554
MEASURE	5	2	k8	65536	0.274299369	0.275305676
MEASURE	5	3	gated	65536	0.276634355	0.277715981
MEASURE	6	0	control	65536	0.286691458	0.287890163
MEASURE	6	1	k8	65536	0.282495755	0.283627976
MEASURE	6	2	gated	65536	0.279170262	0.280184642
MEASURE	6	3	baseline	65536	0.273845928	0.274870196
MEASURE	7	0	k8	65536	0.273496760	0.274628063
MEASURE	7	1	gated	65536	0.272893905	0.273784101
MEASURE	7	2	baseline	65536	0.289591864	0.290805624
MEASURE	7	3	control	65536	0.294864748	0.295938231
PASS	bench-v2
