INPUT	64	64	2048	fraction	fresh	149
CALIBRATE	control	32	0.268836245	0.270013438
CALIBRATE	k8	64	0.286509421	0.287737635
CALIBRATE	gated	64	0.333504208	0.334791438
CALIBRATE	baseline	32	0.273614280	0.274568245
WARMUP	0	0	control	32	0.272213849	0.273199231
WARMUP	0	1	k8	64	0.285551100	0.286749502
WARMUP	0	2	gated	64	0.328268429	0.329910001
WARMUP	0	3	baseline	32	0.267320139	0.268344984
WARMUP	1	0	k8	64	0.286181589	0.287524297
WARMUP	1	1	gated	64	0.334376223	0.335811718
WARMUP	1	2	baseline	32	0.274244247	0.275189674
WARMUP	1	3	control	32	0.276272988	0.277313497
MEASURE	2	0	gated	64	0.339631266	0.341093757
MEASURE	2	1	baseline	32	0.271808453	0.272877672
MEASURE	2	2	control	32	0.274678250	0.275746895
MEASURE	2	3	k8	64	0.283212046	0.284517223
MEASURE	3	0	baseline	32	0.275262147	0.276527902
MEASURE	3	1	control	32	0.281796602	0.283024516
MEASURE	3	2	k8	64	0.296885855	0.298231444
MEASURE	3	3	gated	64	0.333452353	0.334720083
MEASURE	4	0	control	32	0.266658398	0.267607984
MEASURE	4	1	k8	64	0.282665371	0.283813994
MEASURE	4	2	gated	64	0.332484707	0.333992853
MEASURE	4	3	baseline	32	0.272214803	0.273192672
MEASURE	5	0	k8	64	0.284521897	0.285721171
MEASURE	5	1	gated	64	0.332461305	0.333731879
MEASURE	5	2	baseline	32	0.272104479	0.273129015
MEASURE	5	3	control	32	0.270469286	0.271435441
MEASURE	6	0	gated	64	0.337844384	0.339358684
MEASURE	6	1	baseline	32	0.276297490	0.277404202
MEASURE	6	2	control	32	0.277789824	0.278868043
MEASURE	6	3	k8	64	0.285412323	0.286676737
MEASURE	7	0	baseline	32	0.273464106	0.274460824
MEASURE	7	1	control	32	0.273566993	0.274642492
MEASURE	7	2	k8	64	0.289006623	0.290146869
MEASURE	7	3	gated	64	0.338317032	0.339902108
PASS	bench-v2
