INPUT	64	1	2048	dense	fresh	149
CALIBRATE	control	4096	0.288021521	0.289692654
CALIBRATE	k8	4096	0.284352975	0.285911011
CALIBRATE	gated	4096	0.285247271	0.286806155
CALIBRATE	baseline	4096	0.285256377	0.286833282
WARMUP	0	0	control	4096	0.284162723	0.285994606
WARMUP	0	1	k8	4096	0.282368222	0.283854897
WARMUP	0	2	gated	4096	0.285273438	0.286825431
WARMUP	0	3	baseline	4096	0.284808960	0.286455740
WARMUP	1	0	k8	4096	0.284213096	0.285874743
WARMUP	1	1	gated	4096	0.287602013	0.289334173
WARMUP	1	2	baseline	4096	0.282957406	0.284731662
WARMUP	1	3	control	4096	0.282425688	0.284103161
MEASURE	2	0	gated	4096	0.287209183	0.288904075
MEASURE	2	1	baseline	4096	0.295514249	0.297328981
MEASURE	2	2	control	4096	0.286785744	0.288461557
MEASURE	2	3	k8	4096	0.292356664	0.294051306
MEASURE	3	0	baseline	4096	0.286468796	0.288134123
MEASURE	3	1	control	4096	0.289638934	0.291535217
MEASURE	3	2	k8	4096	0.282627630	0.284169002
MEASURE	3	3	gated	4096	0.285073736	0.286644956
MEASURE	4	0	control	4096	0.288419881	0.290102076
MEASURE	4	1	k8	4096	0.285355201	0.286900633
MEASURE	4	2	gated	4096	0.287028042	0.288655047
MEASURE	4	3	baseline	4096	0.283209208	0.284996635
MEASURE	5	0	k8	4096	0.284572500	0.286174684
MEASURE	5	1	gated	4096	0.285429988	0.287019330
MEASURE	5	2	baseline	4096	0.286808020	0.288412793
MEASURE	5	3	control	4096	0.282870599	0.284494273
MEASURE	6	0	gated	4096	0.287089761	0.288730154
MEASURE	6	1	baseline	4096	0.282401890	0.284134091
MEASURE	6	2	control	4096	0.295265271	0.296950240
MEASURE	6	3	k8	4096	0.296878405	0.298654796
MEASURE	7	0	baseline	4096	0.282188967	0.283689181
MEASURE	7	1	control	4096	0.286249448	0.287879924
MEASURE	7	2	k8	4096	0.292953494	0.294647371
MEASURE	7	3	gated	4096	0.289884340	0.291571788
PASS	bench-v2
