INPUT	64	64	32	dense	fresh	163
CALIBRATE	gated	512	0.267429789	0.268348432
CALIBRATE	baseline	512	0.276074348	0.277616308
CALIBRATE	control	512	0.274477794	0.275568227
CALIBRATE	k8	1024	0.413659779	0.415687066
WARMUP	0	0	gated	512	0.266641535	0.267694145
WARMUP	0	1	baseline	512	0.269174816	0.270166950
WARMUP	0	2	control	512	0.270350578	0.271436629
WARMUP	0	3	k8	1024	0.427342375	0.429302999
WARMUP	1	0	baseline	512	0.268697146	0.269805390
WARMUP	1	1	control	512	0.273739865	0.275027035
WARMUP	1	2	k8	1024	0.423795983	0.425682752
WARMUP	1	3	gated	512	0.275475995	0.276606083
MEASURE	2	0	control	512	0.276440034	0.277599631
MEASURE	2	1	k8	1024	0.442397185	0.444375006
MEASURE	2	2	gated	512	0.281253041	0.282381388
MEASURE	2	3	baseline	512	0.269433479	0.270744693
MEASURE	3	0	k8	1024	0.415872223	0.417785138
MEASURE	3	1	gated	512	0.279685384	0.280819434
MEASURE	3	2	baseline	512	0.292659276	0.293862676
MEASURE	3	3	control	512	0.286276022	0.287299598
MEASURE	4	0	gated	512	0.279473463	0.280575057
MEASURE	4	1	baseline	512	0.270638452	0.271685508
MEASURE	4	2	control	512	0.270867933	0.272122077
MEASURE	4	3	k8	1024	0.419567082	0.421279492
MEASURE	5	0	baseline	512	0.272978617	0.273994441
MEASURE	5	1	control	512	0.275083697	0.276159294
MEASURE	5	2	k8	1024	0.445956750	0.447947277
MEASURE	5	3	gated	512	0.267182197	0.268427861
MEASURE	6	0	control	512	0.269094232	0.270180208
MEASURE	6	1	k8	1024	0.438045455	0.440016553
MEASURE	6	2	gated	512	0.269295701	0.270310105
MEASURE	6	3	baseline	512	0.280987546	0.282090422
MEASURE	7	0	k8	1024	0.432497256	0.434511926
MEASURE	7	1	gated	512	0.281407506	0.282748237
MEASURE	7	2	baseline	512	0.279416134	0.280579445
MEASURE	7	3	control	512	0.262074923	0.263020839
PASS	bench-v2
