INPUT	64	33	2048	dense	fresh	149
CALIBRATE	control	128	0.328768178	0.330014779
CALIBRATE	k8	256	0.408570645	0.410430443
CALIBRATE	gated	128	0.253539330	0.254475544
CALIBRATE	baseline	128	0.321657167	0.322996537
WARMUP	0	0	control	128	0.319154641	0.320374665
WARMUP	0	1	k8	256	0.411233030	0.412895603
WARMUP	0	2	gated	128	0.251101900	0.252089860
WARMUP	0	3	baseline	128	0.318860812	0.320120165
WARMUP	1	0	k8	256	0.419835293	0.422090155
WARMUP	1	1	gated	128	0.252315919	0.253259416
WARMUP	1	2	baseline	128	0.318475988	0.319727328
WARMUP	1	3	control	128	0.320110376	0.321341371
MEASURE	2	0	gated	128	0.251347910	0.252341481
MEASURE	2	1	baseline	128	0.320168810	0.321404017
MEASURE	2	2	control	128	0.326615385	0.328026300
MEASURE	2	3	k8	256	0.422458036	0.424378510
MEASURE	3	0	baseline	128	0.321121486	0.322326345
MEASURE	3	1	control	128	0.327892526	0.329200314
MEASURE	3	2	k8	256	0.411621260	0.413286336
MEASURE	3	3	gated	128	0.251262064	0.252318514
MEASURE	4	0	control	128	0.317812917	0.319148680
MEASURE	4	1	k8	256	0.431342557	0.433215269
MEASURE	4	2	gated	128	0.280496100	0.281674239
MEASURE	4	3	baseline	128	0.351172130	0.352780817
MEASURE	5	0	k8	256	0.444756004	0.446737754
MEASURE	5	1	gated	128	0.259272810	0.260554888
MEASURE	5	2	baseline	128	0.320431168	0.321669598
MEASURE	5	3	control	128	0.320989585	0.322324163
MEASURE	6	0	gated	128	0.256612522	0.257637880
MEASURE	6	1	baseline	128	0.320966374	0.322329340
MEASURE	6	2	control	128	0.318768217	0.319921994
MEASURE	6	3	k8	256	0.413343026	0.415189497
MEASURE	7	0	baseline	128	0.320958261	0.322853096
MEASURE	7	1	control	128	0.323695765	0.325116412
MEASURE	7	2	k8	256	0.412499090	0.414269259
MEASURE	7	3	gated	128	0.253616442	0.254667760
PASS	bench-v2
