INPUT	64	1	2048	dense	fresh	163
CALIBRATE	gated	4096	0.294122896	0.295885537
CALIBRATE	baseline	4096	0.289499535	0.291192871
CALIBRATE	control	4096	0.288198635	0.289780864
CALIBRATE	k8	4096	0.285209319	0.286837452
WARMUP	0	0	gated	4096	0.284447297	0.286272175
WARMUP	0	1	baseline	4096	0.335732275	0.337909526
WARMUP	0	2	control	4096	0.489447651	0.493019485
WARMUP	0	3	k8	4096	0.299012938	0.300709210
WARMUP	1	0	baseline	4096	0.288636748	0.290299278
WARMUP	1	1	control	4096	0.293816613	0.295450491
WARMUP	1	2	k8	4096	0.287707578	0.289632093
WARMUP	1	3	gated	4096	0.285650651	0.287302049
MEASURE	2	0	control	4096	0.283711399	0.285274777
MEASURE	2	1	k8	4096	0.292586805	0.294284597
MEASURE	2	2	gated	4096	0.288377073	0.290045675
MEASURE	2	3	baseline	4096	0.288549639	0.290253632
MEASURE	3	0	k8	4096	0.285006370	0.286819584
MEASURE	3	1	gated	4096	0.285021538	0.286656484
MEASURE	3	2	baseline	4096	0.291078412	0.292754931
MEASURE	3	3	control	4096	0.295471095	0.297219771
MEASURE	4	0	gated	4096	0.293629509	0.295263849
MEASURE	4	1	baseline	4096	0.286911911	0.288560557
MEASURE	4	2	control	4096	0.291276573	0.293078558
MEASURE	4	3	k8	4096	0.295200743	0.296874683
MEASURE	5	0	baseline	4096	0.294266430	0.296005496
MEASURE	5	1	control	4096	0.287147618	0.288820808
MEASURE	5	2	k8	4096	0.284801661	0.286319990
MEASURE	5	3	gated	4096	0.287584044	0.289221725
MEASURE	6	0	control	4096	0.288143361	0.289781153
MEASURE	6	1	k8	4096	0.292259745	0.294013103
MEASURE	6	2	gated	4096	0.286459653	0.288064811
MEASURE	6	3	baseline	4096	0.287228200	0.288857070
MEASURE	7	0	k8	4096	0.379243573	0.381719748
MEASURE	7	1	gated	4096	0.499756841	0.503262390
MEASURE	7	2	baseline	4096	0.345526239	0.347868279
MEASURE	7	3	control	4096	0.288218335	0.289772478
PASS	bench-v2
