INPUT	64	33	2048	dense	fresh	163
CALIBRATE	gated	128	0.266473202	0.267605376
CALIBRATE	baseline	128	0.446568517	0.448914003
CALIBRATE	control	64	0.282272753	0.283773055
CALIBRATE	k8	128	0.357136769	0.359290349
WARMUP	0	0	gated	128	0.437630335	0.439878214
WARMUP	0	1	baseline	128	0.557404839	0.560186897
WARMUP	0	2	control	64	0.279557738	0.280975847
WARMUP	0	3	k8	128	0.356905683	0.358764077
WARMUP	1	0	baseline	128	0.525659143	0.528432271
WARMUP	1	1	control	64	0.162672417	0.163240640
WARMUP	1	2	k8	128	0.209008463	0.209880250
WARMUP	1	3	gated	128	0.259301867	0.260375598
MEASURE	2	0	control	64	0.164309124	0.164944084
MEASURE	2	1	k8	128	0.212329423	0.213215234
MEASURE	2	2	gated	128	0.264756658	0.265826567
MEASURE	2	3	baseline	128	0.325584686	0.326832992
MEASURE	3	0	k8	128	0.207073846	0.208145489
MEASURE	3	1	gated	128	0.253975849	0.255033584
MEASURE	3	2	baseline	128	0.424127209	0.425961838
MEASURE	3	3	control	64	0.238625322	0.239732315
MEASURE	4	0	gated	128	0.375792887	0.377496761
MEASURE	4	1	baseline	128	0.346267339	0.347616110
MEASURE	4	2	control	64	0.160896624	0.161538544
MEASURE	4	3	k8	128	0.209180106	0.210282122
MEASURE	5	0	baseline	128	0.327686230	0.328940130
MEASURE	5	1	control	64	0.167767407	0.168407856
MEASURE	5	2	k8	128	0.204888311	0.205776705
MEASURE	5	3	gated	128	0.252524963	0.253503257
MEASURE	6	0	control	64	0.162147292	0.162758861
MEASURE	6	1	k8	128	0.210174356	0.211069366
MEASURE	6	2	gated	128	0.267983465	0.269146060
MEASURE	6	3	baseline	128	0.321782385	0.323208683
MEASURE	7	0	k8	128	0.213645874	0.214519051
MEASURE	7	1	gated	128	0.264667657	0.265758200
MEASURE	7	2	baseline	128	0.346385520	0.347707621
MEASURE	7	3	control	64	0.160987361	0.161560535
PASS	bench-v2
