INPUT	64	64	2048	fraction	reused	137
CALIBRATE	control	64	0.491928171	0.493614497
CALIBRATE	k8	128	0.475933242	0.477658371
CALIBRATE	gated	64	0.291788842	0.292859981
CALIBRATE	baseline	64	0.493366223	0.494966365
WARMUP	0	0	control	64	0.494809431	0.496666688
WARMUP	0	1	k8	128	0.476411546	0.478500003
WARMUP	0	2	gated	64	0.291769224	0.292901569
WARMUP	0	3	baseline	64	0.499194617	0.500958733
WARMUP	1	0	k8	128	0.476025237	0.477862397
WARMUP	1	1	gated	64	0.291446357	0.292686693
WARMUP	1	2	baseline	64	0.498677495	0.500496485
WARMUP	1	3	control	64	0.498350117	0.500203075
MEASURE	2	0	gated	64	0.292455794	0.293441291
MEASURE	2	1	baseline	64	0.501320193	0.503190470
MEASURE	2	2	control	64	0.504785296	0.506420239
MEASURE	2	3	k8	128	0.503134332	0.505434936
MEASURE	3	0	baseline	64	0.519892623	0.521713250
MEASURE	3	1	control	64	0.524851332	0.526719417
MEASURE	3	2	k8	128	0.490621682	0.492582967
MEASURE	3	3	gated	64	0.296000682	0.297333655
MEASURE	4	0	control	64	0.500679921	0.502417334
MEASURE	4	1	k8	128	0.487466576	0.489463571
MEASURE	4	2	gated	64	0.296093432	0.297267029
MEASURE	4	3	baseline	64	0.509006514	0.511174323
MEASURE	5	0	k8	128	0.511903389	0.513990590
MEASURE	5	1	gated	64	0.297050494	0.298230993
MEASURE	5	2	baseline	64	0.507873075	0.509719393
MEASURE	5	3	control	64	0.500083955	0.501864162
MEASURE	6	0	gated	64	0.318553507	0.320025018
MEASURE	6	1	baseline	64	0.546725487	0.548808482
MEASURE	6	2	control	64	0.498675267	0.500461848
MEASURE	6	3	k8	128	0.478582014	0.480655786
MEASURE	7	0	baseline	64	0.507938971	0.510152993
MEASURE	7	1	control	64	0.506814455	0.508645987
MEASURE	7	2	k8	128	0.478672855	0.480610068
MEASURE	7	3	gated	64	0.293289703	0.294481899
PASS	bench-v2
