INPUT	16	16	32	dense	fresh	163
CALIBRATE	gated	8192	0.312131748	0.314036268
CALIBRATE	baseline	8192	0.293513911	0.295412702
CALIBRATE	control	8192	0.312722802	0.314681337
CALIBRATE	k8	8192	0.276497936	0.278167124
WARMUP	0	0	gated	8192	0.287588115	0.289263761
WARMUP	0	1	baseline	8192	0.295742729	0.297661958
WARMUP	0	2	control	8192	0.292012420	0.293663737
WARMUP	0	3	k8	8192	0.281467021	0.283220396
WARMUP	1	0	baseline	8192	0.296065409	0.297767759
WARMUP	1	1	control	8192	0.289461025	0.291203666
WARMUP	1	2	k8	8192	0.273179503	0.274868467
WARMUP	1	3	gated	8192	0.287149927	0.288903414
MEASURE	2	0	control	8192	0.287612967	0.289481155
MEASURE	2	1	k8	8192	0.272714711	0.274375170
MEASURE	2	2	gated	8192	0.285892625	0.287518646
MEASURE	2	3	baseline	8192	0.288141176	0.289925019
MEASURE	3	0	k8	8192	0.270187793	0.271790988
MEASURE	3	1	gated	8192	0.285345691	0.286981001
MEASURE	3	2	baseline	8192	0.287196548	0.289273444
MEASURE	3	3	control	8192	0.293061753	0.294849770
MEASURE	4	0	gated	8192	0.293977895	0.295836630
MEASURE	4	1	baseline	8192	0.303168493	0.305061903
MEASURE	4	2	control	8192	0.291551426	0.293403100
MEASURE	4	3	k8	8192	0.288860531	0.290755765
MEASURE	5	0	baseline	8192	0.320578575	0.322939303
MEASURE	5	1	control	8192	0.290760623	0.292655641
MEASURE	5	2	k8	8192	0.274717084	0.276548506
MEASURE	5	3	gated	8192	0.293508804	0.295402906
MEASURE	6	0	control	8192	0.302421818	0.304452073
MEASURE	6	1	k8	8192	0.287466469	0.289312332
MEASURE	6	2	gated	8192	0.293160604	0.295017160
MEASURE	6	3	baseline	8192	0.401026429	0.404006483
MEASURE	7	0	k8	8192	0.285808417	0.287825749
MEASURE	7	1	gated	8192	0.311155926	0.313034758
MEASURE	7	2	baseline	8192	0.407458274	0.410049689
MEASURE	7	3	control	8192	0.289735039	0.291543081
PASS	bench-v2
