INPUT	128	128	2048	dense	reused	137
CALIBRATE	control	16	0.333560349	0.334676874
CALIBRATE	k8	64	0.422993956	0.424686763
CALIBRATE	gated	32	0.270071221	0.270992310
CALIBRATE	baseline	16	0.302270387	0.303281636
WARMUP	0	0	control	16	0.309031469	0.310064512
WARMUP	0	1	k8	64	0.460839662	0.462803650
WARMUP	0	2	gated	32	0.285946700	0.286982954
WARMUP	0	3	baseline	16	0.331809165	0.332934853
WARMUP	1	0	k8	64	0.446304886	0.447970626
WARMUP	1	1	gated	32	0.267315487	0.268247579
WARMUP	1	2	baseline	16	0.302918123	0.304074382
WARMUP	1	3	control	16	0.309974358	0.310945141
MEASURE	2	0	gated	32	0.280278566	0.281333131
MEASURE	2	1	baseline	16	0.317417337	0.318499163
MEASURE	2	2	control	16	0.302133095	0.303105989
MEASURE	2	3	k8	64	0.419034218	0.420527148
MEASURE	3	0	baseline	16	0.301473844	0.302619752
MEASURE	3	1	control	16	0.303325486	0.304486684
MEASURE	3	2	k8	64	0.459528287	0.461210469
MEASURE	3	3	gated	32	0.281009206	0.281981707
MEASURE	4	0	control	16	0.295617325	0.296477834
MEASURE	4	1	k8	64	0.433536002	0.435231699
MEASURE	4	2	gated	32	0.281926722	0.283207673
MEASURE	4	3	baseline	16	0.302439267	0.303470464
MEASURE	5	0	k8	64	0.434539847	0.436141227
MEASURE	5	1	gated	32	0.266700312	0.267639680
MEASURE	5	2	baseline	16	0.302895743	0.303875626
MEASURE	5	3	control	16	0.304180756	0.305165827
MEASURE	6	0	gated	32	0.268932647	0.269891216
MEASURE	6	1	baseline	16	0.298876328	0.299985742
MEASURE	6	2	control	16	0.298124294	0.298999031
MEASURE	6	3	k8	64	0.443257422	0.444814533
MEASURE	7	0	baseline	16	0.298212594	0.299156469
MEASURE	7	1	control	16	0.297952215	0.298857120
MEASURE	7	2	k8	64	0.417100753	0.418774928
MEASURE	7	3	gated	32	0.262722101	0.263575219
PASS	bench-v2
