INPUT	64	64	32	dense	fresh	137
CALIBRATE	control	512	0.281184571	0.282262142
CALIBRATE	k8	1024	0.408184981	0.409728798
CALIBRATE	gated	512	0.268120660	0.269041262
CALIBRATE	baseline	512	0.268645256	0.269580301
WARMUP	0	0	control	512	0.269006387	0.269915820
WARMUP	0	1	k8	1024	0.413674545	0.415307543
WARMUP	0	2	gated	512	0.273759330	0.274809602
WARMUP	0	3	baseline	512	0.278968877	0.280128605
WARMUP	1	0	k8	1024	0.430103724	0.432224395
WARMUP	1	1	gated	512	0.268512189	0.269499040
WARMUP	1	2	baseline	512	0.269519443	0.270432243
WARMUP	1	3	control	512	0.271493811	0.272443352
MEASURE	2	0	gated	512	0.281794997	0.282896669
MEASURE	2	1	baseline	512	0.265078364	0.265984081
MEASURE	2	2	control	512	0.269030510	0.269999321
MEASURE	2	3	k8	1024	0.425159349	0.427195731
MEASURE	3	0	baseline	512	0.279295444	0.280269575
MEASURE	3	1	control	512	0.292166890	0.293301551
MEASURE	3	2	k8	1024	0.424614949	0.426404599
MEASURE	3	3	gated	512	0.266569799	0.267539473
MEASURE	4	0	control	512	0.266820183	0.267818390
MEASURE	4	1	k8	1024	0.414556609	0.416397502
MEASURE	4	2	gated	512	0.312243634	0.313386972
MEASURE	4	3	baseline	512	0.264328190	0.265218221
MEASURE	5	0	k8	1024	0.410043378	0.411711217
MEASURE	5	1	gated	512	0.265900988	0.266900711
MEASURE	5	2	baseline	512	0.265500336	0.266470189
MEASURE	5	3	control	512	0.271857597	0.273154813
MEASURE	6	0	gated	512	0.272893842	0.273966737
MEASURE	6	1	baseline	512	0.266126686	0.267061976
MEASURE	6	2	control	512	0.282194732	0.283270483
MEASURE	6	3	k8	1024	0.430429289	0.432246186
MEASURE	7	0	baseline	512	0.271675600	0.272666385
MEASURE	7	1	control	512	0.277648137	0.278856325
MEASURE	7	2	k8	1024	0.409891623	0.411550635
MEASURE	7	3	gated	512	0.267176595	0.268099325
PASS	bench-v2
