INPUT	64	64	2048	sparse	reused	149
CALIBRATE	control	2048	0.254047902	0.254857848
CALIBRATE	k8	4096	0.296452794	0.297632936
CALIBRATE	gated	2048	0.258387863	0.259446284
CALIBRATE	baseline	4096	0.504380853	0.506296241
WARMUP	0	0	control	2048	0.247755531	0.248643384
WARMUP	0	1	k8	4096	0.296076760	0.297104882
WARMUP	0	2	gated	2048	0.266851400	0.267918823
WARMUP	0	3	baseline	4096	0.518925446	0.520903549
WARMUP	1	0	k8	4096	0.308902180	0.310226912
WARMUP	1	1	gated	2048	0.253134552	0.254258839
WARMUP	1	2	baseline	4096	0.502015639	0.503957740
WARMUP	1	3	control	2048	0.255348798	0.256320598
MEASURE	2	0	gated	2048	0.250972255	0.251987795
MEASURE	2	1	baseline	4096	0.537770173	0.539824812
MEASURE	2	2	control	2048	0.252634521	0.253571367
MEASURE	2	3	k8	4096	0.297192874	0.298619908
MEASURE	3	0	baseline	4096	0.508614131	0.510525441
MEASURE	3	1	control	2048	0.249945317	0.250783417
MEASURE	3	2	k8	4096	0.329145636	0.330330514
MEASURE	3	3	gated	2048	0.263602515	0.264546773
MEASURE	4	0	control	2048	0.267692556	0.268811412
MEASURE	4	1	k8	4096	0.305757535	0.307063630
MEASURE	4	2	gated	2048	0.250760967	0.251710583
MEASURE	4	3	baseline	4096	0.526740610	0.528733382
MEASURE	5	0	k8	4096	0.303770740	0.304840161
MEASURE	5	1	gated	2048	0.256759286	0.257646576
MEASURE	5	2	baseline	4096	0.498753870	0.500887661
MEASURE	5	3	control	2048	0.248349138	0.249214835
MEASURE	6	0	gated	2048	0.247099525	0.247991629
MEASURE	6	1	baseline	4096	0.505260410	0.507202898
MEASURE	6	2	control	2048	0.256014674	0.256907677
MEASURE	6	3	k8	4096	0.305047426	0.306263664
MEASURE	7	0	baseline	4096	0.509822674	0.512181947
MEASURE	7	1	control	2048	0.251322033	0.252229398
MEASURE	7	2	k8	4096	0.307862405	0.308977438
MEASURE	7	3	gated	2048	0.251818038	0.252618321
PASS	bench-v2
