INPUT	64	1	2048	dense	fresh	137
CALIBRATE	control	4096	0.282935451	0.284669416
CALIBRATE	k8	4096	0.286317597	0.288011685
CALIBRATE	gated	4096	0.284562402	0.286388945
CALIBRATE	baseline	4096	0.289330622	0.291002727
WARMUP	0	0	control	4096	0.285551614	0.287148877
WARMUP	0	1	k8	4096	0.293140487	0.294856393
WARMUP	0	2	gated	4096	0.283293363	0.284928366
WARMUP	0	3	baseline	4096	0.281777678	0.283613328
WARMUP	1	0	k8	4096	0.290273104	0.291953535
WARMUP	1	1	gated	4096	0.285971382	0.287647111
WARMUP	1	2	baseline	4096	0.282172624	0.283720310
WARMUP	1	3	control	4096	0.289735665	0.291401223
MEASURE	2	0	gated	4096	0.295771415	0.297538386
MEASURE	2	1	baseline	4096	0.290353146	0.292029687
MEASURE	2	2	control	4096	0.288117342	0.289737388
MEASURE	2	3	k8	4096	0.287071882	0.288776789
MEASURE	3	0	baseline	4096	0.298162368	0.300020830
MEASURE	3	1	control	4096	0.322014371	0.324017924
MEASURE	3	2	k8	4096	0.288426255	0.290181920
MEASURE	3	3	gated	4096	0.286654967	0.288476807
MEASURE	4	0	control	4096	0.291672262	0.293397780
MEASURE	4	1	k8	4096	0.291413835	0.293043871
MEASURE	4	2	gated	4096	0.295377865	0.297063662
MEASURE	4	3	baseline	4096	0.295423414	0.297361581
MEASURE	5	0	k8	4096	0.299708628	0.301471629
MEASURE	5	1	gated	4096	0.300404327	0.302308093
MEASURE	5	2	baseline	4096	0.295928610	0.298028429
MEASURE	5	3	control	4096	0.290102884	0.291797532
MEASURE	6	0	gated	4096	0.284598226	0.286197927
MEASURE	6	1	baseline	4096	0.287221728	0.288822654
MEASURE	6	2	control	4096	0.293987648	0.295761694
MEASURE	6	3	k8	4096	0.303127711	0.304965290
MEASURE	7	0	baseline	4096	0.280323333	0.282038548
MEASURE	7	1	control	4096	0.288619525	0.290278798
MEASURE	7	2	k8	4096	0.291800769	0.293509375
MEASURE	7	3	gated	4096	0.288427315	0.290095023
PASS	bench-v2
