INPUT	64	64	2048	fraction	reused	163
CALIBRATE	gated	64	0.299737612	0.300873833
CALIBRATE	baseline	32	0.257467152	0.258397225
CALIBRATE	control	32	0.255825784	0.256931206
CALIBRATE	k8	128	0.486405552	0.488402608
WARMUP	0	0	gated	64	0.292111754	0.293286743
WARMUP	0	1	baseline	32	0.262683954	0.263822343
WARMUP	0	2	control	32	0.257185949	0.258437843
WARMUP	0	3	k8	128	0.491731742	0.493868682
WARMUP	1	0	baseline	32	0.266183950	0.267227150
WARMUP	1	1	control	32	0.256303039	0.257486488
WARMUP	1	2	k8	128	0.488134193	0.490172856
WARMUP	1	3	gated	64	0.313736952	0.315288735
MEASURE	2	0	control	32	0.277065512	0.278200898
MEASURE	2	1	k8	128	0.509582108	0.511829411
MEASURE	2	2	gated	64	0.308906385	0.310181665
MEASURE	2	3	baseline	32	0.284313176	0.285475569
MEASURE	3	0	k8	128	0.493019868	0.495145515
MEASURE	3	1	gated	64	0.295674498	0.297046276
MEASURE	3	2	baseline	32	0.268570514	0.269696971
MEASURE	3	3	control	32	0.254872534	0.255753947
MEASURE	4	0	gated	64	0.292023186	0.293100067
MEASURE	4	1	baseline	32	0.258391938	0.259363519
MEASURE	4	2	control	32	0.262926485	0.264014560
MEASURE	4	3	k8	128	0.501759810	0.504500303
MEASURE	5	0	baseline	32	0.267388202	0.268584056
MEASURE	5	1	control	32	0.261482684	0.262502754
MEASURE	5	2	k8	128	0.495963306	0.497985190
MEASURE	5	3	gated	64	0.313782950	0.315097839
MEASURE	6	0	control	32	0.316972659	0.318410041
MEASURE	6	1	k8	128	0.527305873	0.529787390
MEASURE	6	2	gated	64	0.322858605	0.324276519
MEASURE	6	3	baseline	32	0.266598195	0.267649582
MEASURE	7	0	k8	128	0.504017185	0.506037438
MEASURE	7	1	gated	64	0.307750760	0.309042554
MEASURE	7	2	baseline	32	0.255312647	0.256298689
MEASURE	7	3	control	32	0.254383765	0.255474856
PASS	bench-v2
