INPUT	16	16	32	dense	reused	163
CALIBRATE	gated	16384	0.464537361	0.466246236
CALIBRATE	baseline	8192	0.396457180	0.398719156
CALIBRATE	control	16384	0.442468396	0.444025200
CALIBRATE	k8	16384	0.379583604	0.381060956
WARMUP	0	0	gated	16384	0.427601165	0.428960532
WARMUP	0	1	baseline	8192	0.217599684	0.218280336
WARMUP	0	2	control	16384	0.441728542	0.443284890
WARMUP	0	3	k8	16384	0.391132964	0.392517071
WARMUP	1	0	baseline	8192	0.236525342	0.237358878
WARMUP	1	1	control	16384	0.447800647	0.449713409
WARMUP	1	2	k8	16384	0.376924733	0.378288177
WARMUP	1	3	gated	16384	0.426058202	0.427504492
MEASURE	2	0	control	16384	0.430687467	0.432230738
MEASURE	2	1	k8	16384	0.386395195	0.387776326
MEASURE	2	2	gated	16384	0.433849130	0.435517513
MEASURE	2	3	baseline	8192	0.216674671	0.217487390
MEASURE	3	0	k8	16384	0.382530028	0.383999614
MEASURE	3	1	gated	16384	0.432548622	0.434011436
MEASURE	3	2	baseline	8192	0.239119236	0.239998116
MEASURE	3	3	control	16384	0.444766101	0.446519848
MEASURE	4	0	gated	16384	0.431877969	0.433448265
MEASURE	4	1	baseline	8192	0.218213990	0.219009265
MEASURE	4	2	control	16384	0.440923866	0.442436898
MEASURE	4	3	k8	16384	0.396640586	0.398035643
MEASURE	5	0	baseline	8192	0.217310082	0.218078659
MEASURE	5	1	control	16384	0.431427759	0.433152305
MEASURE	5	2	k8	16384	0.381897362	0.383271364
MEASURE	5	3	gated	16384	0.430785339	0.432282304
MEASURE	6	0	control	16384	0.426918378	0.428255791
MEASURE	6	1	k8	16384	0.381748704	0.383076858
MEASURE	6	2	gated	16384	0.471509208	0.473379497
MEASURE	6	3	baseline	8192	0.214590396	0.215261563
MEASURE	7	0	k8	16384	0.383185242	0.384427825
MEASURE	7	1	gated	16384	0.438187267	0.439672237
MEASURE	7	2	baseline	8192	0.217196611	0.217940799
MEASURE	7	3	control	16384	0.445313167	0.447000275
PASS	bench-v2
