INPUT	64	64	2048	sparse	reused	137
CALIBRATE	control	2048	0.252259250	0.252958037
CALIBRATE	k8	4096	0.308541912	0.309554847
CALIBRATE	gated	4096	0.493300547	0.494682733
CALIBRATE	baseline	4096	0.495705923	0.497103927
WARMUP	0	0	control	2048	0.250509340	0.251470868
WARMUP	0	1	k8	4096	0.310583819	0.311546110
WARMUP	0	2	gated	4096	0.498231575	0.499717709
WARMUP	0	3	baseline	4096	0.523668649	0.525341212
WARMUP	1	0	k8	4096	0.305935503	0.306959434
WARMUP	1	1	gated	4096	0.500379519	0.502139023
WARMUP	1	2	baseline	4096	0.527445842	0.529301720
WARMUP	1	3	control	2048	0.252223923	0.252950847
MEASURE	2	0	gated	4096	0.498632101	0.499963491
MEASURE	2	1	baseline	4096	0.519754975	0.521538192
MEASURE	2	2	control	2048	0.255919077	0.256700630
MEASURE	2	3	k8	4096	0.309197477	0.310079340
MEASURE	3	0	baseline	4096	0.540936457	0.542471217
MEASURE	3	1	control	2048	0.283655391	0.284463287
MEASURE	3	2	k8	4096	0.308210630	0.309099838
MEASURE	3	3	gated	4096	0.521080271	0.522792347
MEASURE	4	0	control	2048	0.270895652	0.271652615
MEASURE	4	1	k8	4096	0.314549889	0.315541346
MEASURE	4	2	gated	4096	0.524174793	0.525736065
MEASURE	4	3	baseline	4096	0.542735855	0.544523756
MEASURE	5	0	k8	4096	0.306685802	0.307617000
MEASURE	5	1	gated	4096	0.526940511	0.528460548
MEASURE	5	2	baseline	4096	0.544605576	0.546227240
MEASURE	5	3	control	2048	0.272282336	0.273068458
MEASURE	6	0	gated	4096	0.545332351	0.547083731
MEASURE	6	1	baseline	4096	0.536034779	0.537482919
MEASURE	6	2	control	2048	0.280870830	0.281863975
MEASURE	6	3	k8	4096	0.309931891	0.310955750
MEASURE	7	0	baseline	4096	0.537261578	0.539110498
MEASURE	7	1	control	2048	0.269550306	0.270561500
MEASURE	7	2	k8	4096	0.303167396	0.304136318
MEASURE	7	3	gated	4096	0.510919965	0.512399859
PASS	bench-v2
