INPUT	64	33	2048	dense	reused	137
CALIBRATE	control	128	0.279092811	0.280079897
CALIBRATE	k8	256	0.326087557	0.327409252
CALIBRATE	gated	256	0.496960663	0.499155687
CALIBRATE	baseline	128	0.281683373	0.282712407
WARMUP	0	0	control	128	0.281901970	0.282867876
WARMUP	0	1	k8	256	0.331592811	0.332913865
WARMUP	0	2	gated	256	0.423676880	0.425423093
WARMUP	0	3	baseline	128	0.291851033	0.292978633
WARMUP	1	0	k8	256	0.328908511	0.330484561
WARMUP	1	1	gated	256	0.440491393	0.442338193
WARMUP	1	2	baseline	128	0.358587903	0.360033745
WARMUP	1	3	control	128	0.331802722	0.333009478
MEASURE	2	0	gated	256	0.424702508	0.426329091
MEASURE	2	1	baseline	128	0.287462254	0.288519968
MEASURE	2	2	control	128	0.289660013	0.290932963
MEASURE	2	3	k8	256	0.328298467	0.329611721
MEASURE	3	0	baseline	128	0.297904222	0.298975671
MEASURE	3	1	control	128	0.293225503	0.294283694
MEASURE	3	2	k8	256	0.327557900	0.328930408
MEASURE	3	3	gated	256	0.424598408	0.426410565
MEASURE	4	0	control	128	0.288554935	0.289807060
MEASURE	4	1	k8	256	0.329835224	0.331242799
MEASURE	4	2	gated	256	0.441372929	0.443156816
MEASURE	4	3	baseline	128	0.293895575	0.294981346
MEASURE	5	0	k8	256	0.333390259	0.334807915
MEASURE	5	1	gated	256	0.454086124	0.456117288
MEASURE	5	2	baseline	128	0.328543809	0.329850605
MEASURE	5	3	control	128	0.334045739	0.335332949
MEASURE	6	0	gated	256	0.424285065	0.425936907
MEASURE	6	1	baseline	128	0.286855382	0.287932239
MEASURE	6	2	control	128	0.285058042	0.286105804
MEASURE	6	3	k8	256	0.325419216	0.326871749
MEASURE	7	0	baseline	128	0.286230944	0.287223418
MEASURE	7	1	control	128	0.286790171	0.287834196
MEASURE	7	2	k8	256	0.331509997	0.332930573
MEASURE	7	3	gated	256	0.442266474	0.444006928
PASS	bench-v2
