INPUT	32	32	512	dense	reused	149
CALIBRATE	control	1024	0.313708844	0.314869614
CALIBRATE	k8	2048	0.428649093	0.430229776
CALIBRATE	gated	1024	0.261900151	0.262837801
CALIBRATE	baseline	1024	0.322859151	0.323980259
WARMUP	0	0	control	1024	0.308961053	0.310005497
WARMUP	0	1	k8	2048	0.429877346	0.431530116
WARMUP	0	2	gated	1024	0.246820509	0.247692099
WARMUP	0	3	baseline	1024	0.317620727	0.318731770
WARMUP	1	0	k8	2048	0.439099254	0.441002756
WARMUP	1	1	gated	1024	0.253792456	0.254723547
WARMUP	1	2	baseline	1024	0.338255081	0.339585640
WARMUP	1	3	control	1024	0.321292887	0.322507510
MEASURE	2	0	gated	1024	0.255606179	0.256584430
MEASURE	2	1	baseline	1024	0.320832845	0.322015124
MEASURE	2	2	control	1024	0.318452490	0.319546123
MEASURE	2	3	k8	2048	0.447615559	0.449597357
MEASURE	3	0	baseline	1024	0.323029942	0.324201924
MEASURE	3	1	control	1024	0.332772611	0.334118444
MEASURE	3	2	k8	2048	0.439082252	0.440803260
MEASURE	3	3	gated	1024	0.259566142	0.260547788
MEASURE	4	0	control	1024	0.338860311	0.340277142
MEASURE	4	1	k8	2048	0.439254882	0.440778792
MEASURE	4	2	gated	1024	0.254514678	0.255457957
MEASURE	4	3	baseline	1024	0.327778561	0.329005874
MEASURE	5	0	k8	2048	0.433963394	0.435692711
MEASURE	5	1	gated	1024	0.273213987	0.274327444
MEASURE	5	2	baseline	1024	0.326525529	0.327973235
MEASURE	5	3	control	1024	0.313368700	0.314480680
MEASURE	6	0	gated	1024	0.251645172	0.252573775
MEASURE	6	1	baseline	1024	0.328670714	0.329948770
MEASURE	6	2	control	1024	0.316732717	0.317916705
MEASURE	6	3	k8	2048	0.434830366	0.436520703
MEASURE	7	0	baseline	1024	0.318686282	0.320032310
MEASURE	7	1	control	1024	0.317720509	0.318872149
MEASURE	7	2	k8	2048	0.430272258	0.431964537
MEASURE	7	3	gated	1024	0.252081315	0.253016954
PASS	bench-v2
