INPUT	64	64	2048	fraction	fresh	163
CALIBRATE	gated	64	0.345606260	0.347029471
CALIBRATE	baseline	32	0.359256254	0.361078406
CALIBRATE	control	32	0.283177694	0.284593520
CALIBRATE	k8	64	0.301768770	0.303107199
WARMUP	0	0	gated	64	0.337475022	0.338836201
WARMUP	0	1	baseline	32	0.286817799	0.287984986
WARMUP	0	2	control	32	0.282420899	0.283577559
WARMUP	0	3	k8	64	0.288636732	0.290080384
WARMUP	1	0	baseline	32	0.275486758	0.276616438
WARMUP	1	1	control	32	0.277697863	0.278758709
WARMUP	1	2	k8	64	0.342078256	0.343578887
WARMUP	1	3	gated	64	0.461676145	0.463623155
MEASURE	2	0	control	32	0.282615920	0.283695671
MEASURE	2	1	k8	64	0.302587811	0.304033936
MEASURE	2	2	gated	64	0.357788100	0.359308847
MEASURE	2	3	baseline	32	0.284903585	0.286026431
MEASURE	3	0	k8	64	0.303382176	0.304702371
MEASURE	3	1	gated	64	0.344145340	0.345515383
MEASURE	3	2	baseline	32	0.283022424	0.284102473
MEASURE	3	3	control	32	0.277455898	0.278636129
MEASURE	4	0	gated	64	0.332265650	0.333641744
MEASURE	4	1	baseline	32	0.278959301	0.280048860
MEASURE	4	2	control	32	0.285819160	0.286933669
MEASURE	4	3	k8	64	0.291915264	0.293086557
MEASURE	5	0	baseline	32	0.273093787	0.274065422
MEASURE	5	1	control	32	0.274812182	0.275875177
MEASURE	5	2	k8	64	0.289008496	0.290445808
MEASURE	5	3	gated	64	0.332076537	0.333394032
MEASURE	6	0	control	32	0.275287603	0.276298320
MEASURE	6	1	k8	64	0.288641253	0.289811983
MEASURE	6	2	gated	64	0.332438387	0.333763700
MEASURE	6	3	baseline	32	0.419282779	0.421742088
MEASURE	7	0	k8	64	0.437012239	0.439741602
MEASURE	7	1	gated	64	0.505224962	0.508067342
MEASURE	7	2	baseline	32	0.303327582	0.304520083
MEASURE	7	3	control	32	0.275637199	0.276692340
PASS	bench-v2
