INPUT	64	64	2048	sparse	fresh	149
CALIBRATE	control	2048	0.357559021	0.359241737
CALIBRATE	k8	2048	0.284932303	0.286668464
CALIBRATE	gated	2048	0.364448575	0.366162795
CALIBRATE	baseline	2048	0.363521708	0.365107973
WARMUP	0	0	control	2048	0.374974756	0.376767246
WARMUP	0	1	k8	2048	0.259854740	0.261285226
WARMUP	0	2	gated	2048	0.372200535	0.373887272
WARMUP	0	3	baseline	2048	0.366152163	0.368260532
WARMUP	1	0	k8	2048	0.261444627	0.262818451
WARMUP	1	1	gated	2048	0.366365736	0.368307150
WARMUP	1	2	baseline	2048	0.366328316	0.368040662
WARMUP	1	3	control	2048	0.365231668	0.366953826
MEASURE	2	0	gated	2048	0.365082416	0.367051651
MEASURE	2	1	baseline	2048	0.360725776	0.362372306
MEASURE	2	2	control	2048	0.359946577	0.361545344
MEASURE	2	3	k8	2048	0.275027045	0.276466922
MEASURE	3	0	baseline	2048	0.393295090	0.395146593
MEASURE	3	1	control	2048	0.366306429	0.367896537
MEASURE	3	2	k8	2048	0.267008076	0.268773922
MEASURE	3	3	gated	2048	0.367706566	0.369738509
MEASURE	4	0	control	2048	0.383820144	0.385588224
MEASURE	4	1	k8	2048	0.298685186	0.300175351
MEASURE	4	2	gated	2048	0.358633195	0.360185647
MEASURE	4	3	baseline	2048	0.365455720	0.367238894
MEASURE	5	0	k8	2048	0.263300852	0.264705725
MEASURE	5	1	gated	2048	0.375444541	0.377214383
MEASURE	5	2	baseline	2048	0.378580269	0.380437544
MEASURE	5	3	control	2048	0.382908938	0.384530017
MEASURE	6	0	gated	2048	0.368432952	0.370112031
MEASURE	6	1	baseline	2048	0.392402306	0.394611330
MEASURE	6	2	control	2048	0.359258490	0.360824193
MEASURE	6	3	k8	2048	0.259082794	0.260568937
MEASURE	7	0	baseline	2048	0.410600852	0.412652583
MEASURE	7	1	control	2048	0.386041549	0.387974164
MEASURE	7	2	k8	2048	0.263769057	0.265341053
MEASURE	7	3	gated	2048	0.467612659	0.470406460
PASS	bench-v2
