INPUT	64	64	2048	fraction	fresh	137
CALIBRATE	control	32	0.285476802	0.286734442
CALIBRATE	k8	64	0.285936573	0.286892702
CALIBRATE	gated	64	0.340646821	0.342026661
CALIBRATE	baseline	32	0.275842170	0.276704320
WARMUP	0	0	control	32	0.274074559	0.274888674
WARMUP	0	1	k8	64	0.288060245	0.289087328
WARMUP	0	2	gated	64	0.337518978	0.338647382
WARMUP	0	3	baseline	32	0.280207978	0.281185112
WARMUP	1	0	k8	64	0.295796544	0.297116570
WARMUP	1	1	gated	64	0.343551992	0.344679190
WARMUP	1	2	baseline	32	0.286795636	0.287993794
WARMUP	1	3	control	32	0.283614379	0.284672073
MEASURE	2	0	gated	64	0.335750206	0.336886724
MEASURE	2	1	baseline	32	0.282179315	0.283133848
MEASURE	2	2	control	32	0.274999650	0.276092271
MEASURE	2	3	k8	64	0.285750793	0.286764566
MEASURE	3	0	baseline	32	0.274842386	0.275655900
MEASURE	3	1	control	32	0.274124828	0.274952849
MEASURE	3	2	k8	64	0.284509437	0.285446159
MEASURE	3	3	gated	64	0.343494316	0.344643800
MEASURE	4	0	control	32	0.268288602	0.269214922
MEASURE	4	1	k8	64	0.275556526	0.276714729
MEASURE	4	2	gated	64	0.327653619	0.328886951
MEASURE	4	3	baseline	32	0.267501686	0.268366850
MEASURE	5	0	k8	64	0.284782351	0.285890126
MEASURE	5	1	gated	64	0.346261961	0.347598248
MEASURE	5	2	baseline	32	0.268420774	0.269349134
MEASURE	5	3	control	32	0.272877368	0.273862964
MEASURE	6	0	gated	64	0.329896241	0.331294937
MEASURE	6	1	baseline	32	0.266175546	0.267032341
MEASURE	6	2	control	32	0.264955118	0.265766749
MEASURE	6	3	k8	64	0.286378385	0.287508909
MEASURE	7	0	baseline	32	0.265120754	0.265906910
MEASURE	7	1	control	32	0.264886030	0.265820635
MEASURE	7	2	k8	64	0.277066286	0.278093293
MEASURE	7	3	gated	64	0.334362519	0.335727460
PASS	bench-v2
