INPUT	64	31	2048	dense	reused	163
CALIBRATE	gated	128	0.266075785	0.267070400
CALIBRATE	baseline	128	0.269281239	0.270309389
CALIBRATE	control	128	0.266568365	0.267755803
CALIBRATE	k8	128	0.283753151	0.284835913
WARMUP	0	0	gated	128	0.269934302	0.270918587
WARMUP	0	1	baseline	128	0.265663010	0.266641071
WARMUP	0	2	control	128	0.266444565	0.267462514
WARMUP	0	3	k8	128	0.264752069	0.265890132
WARMUP	1	0	baseline	128	0.275834148	0.276921185
WARMUP	1	1	control	128	0.278239391	0.279275964
WARMUP	1	2	k8	128	0.280818929	0.281860987
WARMUP	1	3	gated	128	0.278176466	0.279317841
MEASURE	2	0	control	128	0.269432073	0.270443569
MEASURE	2	1	k8	128	0.275987543	0.277081874
MEASURE	2	2	gated	128	0.268570476	0.269727488
MEASURE	2	3	baseline	128	0.265413302	0.266408106
MEASURE	3	0	k8	128	0.264961469	0.265950067
MEASURE	3	1	gated	128	0.265117165	0.266059620
MEASURE	3	2	baseline	128	0.269147627	0.270194877
MEASURE	3	3	control	128	0.267189339	0.268259499
MEASURE	4	0	gated	128	0.274693598	0.275767055
MEASURE	4	1	baseline	128	0.267690532	0.268725877
MEASURE	4	2	control	128	0.269279174	0.270513155
MEASURE	4	3	k8	128	0.275099109	0.276219594
MEASURE	5	0	baseline	128	0.263982220	0.264913369
MEASURE	5	1	control	128	0.264637354	0.265559825
MEASURE	5	2	k8	128	0.271820115	0.272769840
MEASURE	5	3	gated	128	0.273369172	0.274364991
MEASURE	6	0	control	128	0.320833068	0.322131956
MEASURE	6	1	k8	128	0.263149655	0.264318949
MEASURE	6	2	gated	128	0.264011503	0.264999823
MEASURE	6	3	baseline	128	0.264502943	0.265498689
MEASURE	7	0	k8	128	0.266031067	0.266961868
MEASURE	7	1	gated	128	0.263575297	0.264425982
MEASURE	7	2	baseline	128	0.266909708	0.267877795
MEASURE	7	3	control	128	0.264518122	0.265518407
PASS	bench-v2
