INPUT	32	32	512	dense	fresh	149
CALIBRATE	control	1024	0.367922458	0.369460327
CALIBRATE	k8	1024	0.280179178	0.281505822
CALIBRATE	gated	1024	0.313658772	0.315078606
CALIBRATE	baseline	1024	0.377241836	0.378874652
WARMUP	0	0	control	1024	0.354998868	0.356445919
WARMUP	0	1	k8	1024	0.276835628	0.278312567
WARMUP	0	2	gated	1024	0.298994588	0.300291397
WARMUP	0	3	baseline	1024	0.355524488	0.356944627
WARMUP	1	0	k8	1024	0.267307396	0.268537000
WARMUP	1	1	gated	1024	0.311677856	0.312986014
WARMUP	1	2	baseline	1024	0.386934676	0.388624924
WARMUP	1	3	control	1024	0.373057004	0.374775727
MEASURE	2	0	gated	1024	0.337635969	0.339105505
MEASURE	2	1	baseline	1024	0.388295514	0.389901891
MEASURE	2	2	control	1024	0.369872363	0.371447061
MEASURE	2	3	k8	1024	0.275565951	0.276811283
MEASURE	3	0	baseline	1024	0.459652557	0.462173667
MEASURE	3	1	control	1024	0.357464079	0.358934855
MEASURE	3	2	k8	1024	0.280701853	0.282019447
MEASURE	3	3	gated	1024	0.352334693	0.353920354
MEASURE	4	0	control	1024	0.370913925	0.372535930
MEASURE	4	1	k8	1024	0.270226644	0.271441454
MEASURE	4	2	gated	1024	0.335061548	0.336857729
MEASURE	4	3	baseline	1024	0.353217184	0.354629423
MEASURE	5	0	k8	1024	0.272092500	0.273292074
MEASURE	5	1	gated	1024	0.298370009	0.299693885
MEASURE	5	2	baseline	1024	0.352016703	0.353489308
MEASURE	5	3	control	1024	0.358535618	0.360059866
MEASURE	6	0	gated	1024	0.305411970	0.307032919
MEASURE	6	1	baseline	1024	0.383013752	0.384691299
MEASURE	6	2	control	1024	0.365084890	0.366630620
MEASURE	6	3	k8	1024	0.294299167	0.295684441
MEASURE	7	0	baseline	1024	0.355078585	0.356572586
MEASURE	7	1	control	1024	0.356517127	0.358266309
MEASURE	7	2	k8	1024	0.263892792	0.265121351
MEASURE	7	3	gated	1024	0.310752635	0.312099305
PASS	bench-v2
