INPUT	64	33	2048	dense	fresh	137
CALIBRATE	control	128	0.323966210	0.325125596
CALIBRATE	k8	256	0.441738593	0.443642095
CALIBRATE	gated	128	0.251534712	0.252456630
CALIBRATE	baseline	128	0.323287180	0.324536198
WARMUP	0	0	control	128	0.322102332	0.323330901
WARMUP	0	1	k8	256	0.410879369	0.412799789
WARMUP	0	2	gated	128	0.257175477	0.258263524
WARMUP	0	3	baseline	128	0.322712549	0.323924530
WARMUP	1	0	k8	256	0.428083457	0.430043676
WARMUP	1	1	gated	128	0.269024309	0.270198188
WARMUP	1	2	baseline	128	0.339084377	0.340364186
WARMUP	1	3	control	128	0.333946048	0.335394464
MEASURE	2	0	gated	128	0.254083597	0.255105891
MEASURE	2	1	baseline	128	0.321235072	0.322336098
MEASURE	2	2	control	128	0.323728184	0.324964551
MEASURE	2	3	k8	256	0.417008524	0.418740060
MEASURE	3	0	baseline	128	0.320857132	0.322068299
MEASURE	3	1	control	128	0.318947059	0.320301697
MEASURE	3	2	k8	256	0.410495563	0.412154421
MEASURE	3	3	gated	128	0.255855267	0.256888777
MEASURE	4	0	control	128	0.320325727	0.321531117
MEASURE	4	1	k8	256	0.418174354	0.419997773
MEASURE	4	2	gated	128	0.251926300	0.252922005
MEASURE	4	3	baseline	128	0.326694916	0.328123572
MEASURE	5	0	k8	256	0.474072431	0.476261775
MEASURE	5	1	gated	128	0.300176584	0.301490619
MEASURE	5	2	baseline	128	0.329120994	0.330351131
MEASURE	5	3	control	128	0.319420761	0.320570799
MEASURE	6	0	gated	128	0.253650414	0.254872040
MEASURE	6	1	baseline	128	0.318508396	0.319614558
MEASURE	6	2	control	128	0.324240850	0.325405932
MEASURE	6	3	k8	256	0.424419862	0.426167291
MEASURE	7	0	baseline	128	0.321004645	0.322191471
MEASURE	7	1	control	128	0.323211850	0.324393429
MEASURE	7	2	k8	256	0.413439101	0.415304383
MEASURE	7	3	gated	128	0.252870075	0.253828115
PASS	bench-v2
