INPUT	16	16	32	dense	reused	149
CALIBRATE	control	16384	0.421082484	0.422500993
CALIBRATE	k8	16384	0.393699754	0.395133699
CALIBRATE	gated	16384	0.431656113	0.433219198
CALIBRATE	baseline	16384	0.454225173	0.455959909
WARMUP	0	0	control	16384	0.443716126	0.445436541
WARMUP	0	1	k8	16384	0.375452812	0.376566652
WARMUP	0	2	gated	16384	0.433708122	0.435092539
WARMUP	0	3	baseline	16384	0.435412482	0.436815862
WARMUP	1	0	k8	16384	0.381572276	0.383069066
WARMUP	1	1	gated	16384	0.430957168	0.432329018
WARMUP	1	2	baseline	16384	0.439129651	0.440553255
WARMUP	1	3	control	16384	0.432555143	0.433866013
MEASURE	2	0	gated	16384	0.428506736	0.429906825
MEASURE	2	1	baseline	16384	0.438447177	0.440103935
MEASURE	2	2	control	16384	0.430691012	0.432094774
MEASURE	2	3	k8	16384	0.392676125	0.394054053
MEASURE	3	0	baseline	16384	0.437653778	0.439184119
MEASURE	3	1	control	16384	0.433710260	0.435097309
MEASURE	3	2	k8	16384	0.402221552	0.403834712
MEASURE	3	3	gated	16384	0.427553141	0.428847088
MEASURE	4	0	control	16384	0.448701857	0.450145397
MEASURE	4	1	k8	16384	0.378682303	0.379969379
MEASURE	4	2	gated	16384	0.435501267	0.437118311
MEASURE	4	3	baseline	16384	0.438331218	0.439796027
MEASURE	5	0	k8	16384	0.382875580	0.384080227
MEASURE	5	1	gated	16384	0.457766953	0.459302410
MEASURE	5	2	baseline	16384	0.432313515	0.433725913
MEASURE	5	3	control	16384	0.450563191	0.452326658
MEASURE	6	0	gated	16384	0.438896000	0.440323891
MEASURE	6	1	baseline	16384	0.438551167	0.440142163
MEASURE	6	2	control	16384	0.454241560	0.455837667
MEASURE	6	3	k8	16384	0.380677745	0.381968821
MEASURE	7	0	baseline	16384	0.443905590	0.445589359
MEASURE	7	1	control	16384	0.433662236	0.435104808
MEASURE	7	2	k8	16384	0.378796467	0.380055203
MEASURE	7	3	gated	16384	0.463850051	0.465576080
PASS	bench-v2
