INPUT	64	64	2048	sparse	fresh	163
CALIBRATE	gated	2048	0.371260882	0.373041208
CALIBRATE	baseline	2048	0.368710161	0.370502062
CALIBRATE	control	2048	0.361757733	0.363412741
CALIBRATE	k8	2048	0.263772539	0.265170709
WARMUP	0	0	gated	2048	0.364567221	0.366224171
WARMUP	0	1	baseline	2048	0.374328024	0.376106374
WARMUP	0	2	control	2048	0.388299949	0.390229913
WARMUP	0	3	k8	2048	0.288957976	0.290483061
WARMUP	1	0	baseline	2048	0.366902263	0.368613578
WARMUP	1	1	control	2048	0.362788950	0.364472120
WARMUP	1	2	k8	2048	0.261876744	0.263188878
WARMUP	1	3	gated	2048	0.365579312	0.367273061
MEASURE	2	0	control	2048	0.362060975	0.363719626
MEASURE	2	1	k8	2048	0.270105061	0.271493560
MEASURE	2	2	gated	2048	0.361063541	0.362868122
MEASURE	2	3	baseline	2048	0.363780922	0.365327466
MEASURE	3	0	k8	2048	0.258774752	0.260106763
MEASURE	3	1	gated	2048	0.362139001	0.363825151
MEASURE	3	2	baseline	2048	0.357724732	0.359394091
MEASURE	3	3	control	2048	0.359050192	0.360942541
MEASURE	4	0	gated	2048	0.364928737	0.366713178
MEASURE	4	1	baseline	2048	0.360086473	0.361715936
MEASURE	4	2	control	2048	0.358120929	0.359833741
MEASURE	4	3	k8	2048	0.258013370	0.259384498
MEASURE	5	0	baseline	2048	0.371149956	0.372892624
MEASURE	5	1	control	2048	0.364297290	0.366254328
MEASURE	5	2	k8	2048	0.259491505	0.260915368
MEASURE	5	3	gated	2048	0.357596198	0.359229043
MEASURE	6	0	control	2048	0.357771874	0.359387821
MEASURE	6	1	k8	2048	0.258804936	0.260185280
MEASURE	6	2	gated	2048	0.359991434	0.361721395
MEASURE	6	3	baseline	2048	0.363279287	0.365205021
MEASURE	7	0	k8	2048	0.257793698	0.259129403
MEASURE	7	1	gated	2048	0.361840325	0.363537330
MEASURE	7	2	baseline	2048	0.361008208	0.362654660
MEASURE	7	3	control	2048	0.357252375	0.358944944
PASS	bench-v2
