INPUT	32	32	512	dense	fresh	163
CALIBRATE	gated	1024	0.306492407	0.307848291
CALIBRATE	baseline	1024	0.366878703	0.368331821
CALIBRATE	control	1024	0.369073487	0.370602717
CALIBRATE	k8	1024	0.359416898	0.361446742
WARMUP	0	0	gated	1024	0.303717084	0.305073125
WARMUP	0	1	baseline	1024	0.373953796	0.375551659
WARMUP	0	2	control	1024	0.372113230	0.373764181
WARMUP	0	3	k8	1024	0.271703594	0.272941874
WARMUP	1	0	baseline	1024	0.369183571	0.370746900
WARMUP	1	1	control	1024	0.380201616	0.381950847
WARMUP	1	2	k8	1024	0.271634222	0.272869153
WARMUP	1	3	gated	1024	0.314188275	0.315682507
MEASURE	2	0	control	1024	0.400596219	0.402322193
MEASURE	2	1	k8	1024	0.289372859	0.290706464
MEASURE	2	2	gated	1024	0.312635400	0.314053959
MEASURE	2	3	baseline	1024	0.370562982	0.372330626
MEASURE	3	0	k8	1024	0.272317463	0.273572960
MEASURE	3	1	gated	1024	0.306450014	0.307829470
MEASURE	3	2	baseline	1024	0.373325187	0.374841440
MEASURE	3	3	control	1024	0.366851818	0.368346169
MEASURE	4	0	gated	1024	0.300558502	0.302084126
MEASURE	4	1	baseline	1024	0.363661275	0.365133511
MEASURE	4	2	control	1024	0.364836826	0.366332862
MEASURE	4	3	k8	1024	0.272938205	0.274146420
MEASURE	5	0	baseline	1024	0.364460820	0.365893899
MEASURE	5	1	control	1024	0.371742533	0.373288944
MEASURE	5	2	k8	1024	0.270218211	0.271622264
MEASURE	5	3	gated	1024	0.303763341	0.305084934
MEASURE	6	0	control	1024	0.367664258	0.369122024
MEASURE	6	1	k8	1024	0.272274794	0.273523313
MEASURE	6	2	gated	1024	0.305560085	0.306879778
MEASURE	6	3	baseline	1024	0.444959863	0.459795199
MEASURE	7	0	k8	1024	0.278237319	0.279575354
MEASURE	7	1	gated	1024	0.300993839	0.302306161
MEASURE	7	2	baseline	1024	0.383597092	0.385309475
MEASURE	7	3	control	1024	0.395974161	0.397800902
PASS	bench-v2
