INPUT	64	64	32	dense	fresh	149
CALIBRATE	control	512	0.283777187	0.284869575
CALIBRATE	k8	1024	0.445099603	0.447031021
CALIBRATE	gated	512	0.298671303	0.300033336
CALIBRATE	baseline	512	0.288168270	0.289257692
WARMUP	0	0	control	512	0.285744653	0.286834488
WARMUP	0	1	k8	1024	0.437821007	0.439818710
WARMUP	0	2	gated	512	0.279410821	0.280688137
WARMUP	0	3	baseline	512	0.277981998	0.279041523
WARMUP	1	0	k8	1024	0.432244632	0.434157211
WARMUP	1	1	gated	512	0.277299950	0.278417007
WARMUP	1	2	baseline	512	0.276574174	0.277599286
WARMUP	1	3	control	512	0.281810267	0.282818208
MEASURE	2	0	gated	512	0.274426632	0.275453866
MEASURE	2	1	baseline	512	0.280640912	0.281877447
MEASURE	2	2	control	512	0.279637676	0.280726573
MEASURE	2	3	k8	1024	0.427291647	0.429059240
MEASURE	3	0	baseline	512	0.288035387	0.289107909
MEASURE	3	1	control	512	0.274940980	0.275999331
MEASURE	3	2	k8	1024	0.422878256	0.424574869
MEASURE	3	3	gated	512	0.275375187	0.276669841
MEASURE	4	0	control	512	0.273864998	0.274889776
MEASURE	4	1	k8	1024	0.428439669	0.430166425
MEASURE	4	2	gated	512	0.288795579	0.289995465
MEASURE	4	3	baseline	512	0.282901964	0.284048030
MEASURE	5	0	k8	1024	0.427904748	0.429834527
MEASURE	5	1	gated	512	0.272087604	0.273146767
MEASURE	5	2	baseline	512	0.274406228	0.275463472
MEASURE	5	3	control	512	0.327105479	0.328596278
MEASURE	6	0	gated	512	0.279943169	0.280981190
MEASURE	6	1	baseline	512	0.270094357	0.271061917
MEASURE	6	2	control	512	0.268914564	0.269917044
MEASURE	6	3	k8	1024	0.411297663	0.413215238
MEASURE	7	0	baseline	512	0.275828340	0.276844392
MEASURE	7	1	control	512	0.273104779	0.274078754
MEASURE	7	2	k8	1024	0.434062194	0.435916470
MEASURE	7	3	gated	512	0.281488960	0.282598585
PASS	bench-v2
