INPUT	64	31	2048	dense	fresh	163
CALIBRATE	gated	128	0.306927354	0.308358182
CALIBRATE	baseline	128	0.311686398	0.312935300
CALIBRATE	control	128	0.313944858	0.315173654
CALIBRATE	k8	128	0.350372137	0.351809951
WARMUP	0	0	gated	128	0.344190964	0.345523122
WARMUP	0	1	baseline	128	0.304141265	0.305251603
WARMUP	0	2	control	128	0.352605843	0.354074406
WARMUP	0	3	k8	128	0.527537359	0.530453654
WARMUP	1	0	baseline	128	0.523212756	0.525824290
WARMUP	1	1	control	128	0.525248668	0.527890359
WARMUP	1	2	k8	128	0.506950578	0.509561866
WARMUP	1	3	gated	128	0.304376823	0.305618386
MEASURE	2	0	control	128	0.320494639	0.321724684
MEASURE	2	1	k8	128	0.306815990	0.308004384
MEASURE	2	2	gated	128	0.308048149	0.309282806
MEASURE	2	3	baseline	128	0.309165536	0.310385104
MEASURE	3	0	k8	128	0.309924336	0.311177968
MEASURE	3	1	gated	128	0.306766288	0.307908883
MEASURE	3	2	baseline	128	0.309500289	0.310917666
MEASURE	3	3	control	128	0.313559798	0.314762233
MEASURE	4	0	gated	128	0.303286421	0.304419240
MEASURE	4	1	baseline	128	0.311099039	0.312315299
MEASURE	4	2	control	128	0.320753196	0.322055100
MEASURE	4	3	k8	128	0.305451479	0.306894122
MEASURE	5	0	baseline	128	0.322440188	0.323868385
MEASURE	5	1	control	128	0.303140802	0.304227831
MEASURE	5	2	k8	128	0.309564710	0.310745335
MEASURE	5	3	gated	128	0.311507997	0.312718793
MEASURE	6	0	control	128	0.311093619	0.312271929
MEASURE	6	1	k8	128	0.308485418	0.309658521
MEASURE	6	2	gated	128	0.311493225	0.313023800
MEASURE	6	3	baseline	128	0.312136254	0.313463441
MEASURE	7	0	k8	128	0.307051557	0.308201892
MEASURE	7	1	gated	128	0.305863238	0.306984725
MEASURE	7	2	baseline	128	0.307494587	0.308639922
MEASURE	7	3	control	128	0.308785320	0.309882035
PASS	bench-v2
