INPUT	64	64	2048	dense	reused	149
CALIBRATE	control	64	0.342605572	0.343932431
CALIBRATE	k8	128	0.253945535	0.255023147
CALIBRATE	gated	128	0.326425575	0.327744861
CALIBRATE	baseline	64	0.280496089	0.281516801
WARMUP	0	0	control	64	0.281231669	0.282158436
WARMUP	0	1	k8	128	0.259710930	0.260927462
WARMUP	0	2	gated	128	0.334423819	0.335789789
WARMUP	0	3	baseline	64	0.296747619	0.297873399
WARMUP	1	0	k8	128	0.254846502	0.255932164
WARMUP	1	1	gated	128	0.347488148	0.348926460
WARMUP	1	2	baseline	64	0.283152000	0.284187107
WARMUP	1	3	control	64	0.309752916	0.310964372
MEASURE	2	0	gated	128	0.327031375	0.328506879
MEASURE	2	1	baseline	64	0.284325080	0.285313250
MEASURE	2	2	control	64	0.285521178	0.286513558
MEASURE	2	3	k8	128	0.256292407	0.257250554
MEASURE	3	0	baseline	64	0.285828773	0.286819637
MEASURE	3	1	control	64	0.283804388	0.284797396
MEASURE	3	2	k8	128	0.252668286	0.253753514
MEASURE	3	3	gated	128	0.324404441	0.325894518
MEASURE	4	0	control	64	0.289039715	0.290082874
MEASURE	4	1	k8	128	0.251855325	0.252811848
MEASURE	4	2	gated	128	0.329549158	0.330857658
MEASURE	4	3	baseline	64	0.283998474	0.284968334
MEASURE	5	0	k8	128	0.252106151	0.253060582
MEASURE	5	1	gated	128	0.322765371	0.324201634
MEASURE	5	2	baseline	64	0.282348004	0.283268961
MEASURE	5	3	control	64	0.282391984	0.283340315
MEASURE	6	0	gated	128	0.321448360	0.322626813
MEASURE	6	1	baseline	64	0.285565027	0.286558805
MEASURE	6	2	control	64	0.283784298	0.284781826
MEASURE	6	3	k8	128	0.252256890	0.253303545
MEASURE	7	0	baseline	64	0.287191818	0.288391399
MEASURE	7	1	control	64	0.286245505	0.287223379
MEASURE	7	2	k8	128	0.249620454	0.250594560
MEASURE	7	3	gated	128	0.321965973	0.323179634
PASS	bench-v2
