INPUT	64	64	32	dense	reused	149
CALIBRATE	control	512	0.276019084	0.277054117
CALIBRATE	k8	1024	0.408971418	0.410602521
CALIBRATE	gated	512	0.263397966	0.264586571
CALIBRATE	baseline	512	0.264708975	0.265597442
WARMUP	0	0	control	512	0.263466087	0.264422762
WARMUP	0	1	k8	1024	0.394888784	0.396504917
WARMUP	0	2	gated	512	0.264013861	0.265141813
WARMUP	0	3	baseline	512	0.273528606	0.274740275
WARMUP	1	0	k8	1024	0.407778904	0.409261503
WARMUP	1	1	gated	512	0.302593716	0.303778654
WARMUP	1	2	baseline	512	0.254345903	0.255172146
WARMUP	1	3	control	512	0.259775312	0.260724986
MEASURE	2	0	gated	512	0.264761626	0.265905951
MEASURE	2	1	baseline	512	0.276285996	0.277426201
MEASURE	2	2	control	512	0.251854155	0.252970097
MEASURE	2	3	k8	1024	0.395661444	0.397268874
MEASURE	3	0	baseline	512	0.257367906	0.258299282
MEASURE	3	1	control	512	0.259451541	0.260436316
MEASURE	3	2	k8	1024	0.400428973	0.401977922
MEASURE	3	3	gated	512	0.259292838	0.260321664
MEASURE	4	0	control	512	0.263520884	0.264670065
MEASURE	4	1	k8	1024	0.402688202	0.404343250
MEASURE	4	2	gated	512	0.262019442	0.262942264
MEASURE	4	3	baseline	512	0.259568256	0.260427337
MEASURE	5	0	k8	1024	0.402626300	0.404168222
MEASURE	5	1	gated	512	0.280021896	0.281156105
MEASURE	5	2	baseline	512	0.280998147	0.282092121
MEASURE	5	3	control	512	0.282187012	0.283459437
MEASURE	6	0	gated	512	0.263992296	0.264909259
MEASURE	6	1	baseline	512	0.265830761	0.266733654
MEASURE	6	2	control	512	0.360090537	0.361806226
MEASURE	6	3	k8	1024	0.392082154	0.393502803
MEASURE	7	0	baseline	512	0.284987072	0.286084778
MEASURE	7	1	control	512	0.275939683	0.277135981
MEASURE	7	2	k8	1024	0.391247155	0.392726466
MEASURE	7	3	gated	512	0.256983836	0.257920398
PASS	bench-v2
