INPUT	64	1	2048	dense	reused	149
CALIBRATE	control	65536	0.265717501	0.266650010
CALIBRATE	k8	65536	0.265330430	0.266203440
CALIBRATE	gated	65536	0.268509490	0.269436859
CALIBRATE	baseline	65536	0.265062210	0.265962327
WARMUP	0	0	control	65536	0.271076968	0.272021301
WARMUP	0	1	k8	65536	0.268357681	0.269308608
WARMUP	0	2	gated	65536	0.269414472	0.270549072
WARMUP	0	3	baseline	65536	0.271318615	0.272310482
WARMUP	1	0	k8	65536	0.308290658	0.309468774
WARMUP	1	1	gated	65536	0.277275160	0.278228255
WARMUP	1	2	baseline	65536	0.265107565	0.265921859
WARMUP	1	3	control	65536	0.291960724	0.292990754
MEASURE	2	0	gated	65536	0.284349435	0.285360677
MEASURE	2	1	baseline	65536	0.287099735	0.288273017
MEASURE	2	2	control	65536	0.269498851	0.270413011
MEASURE	2	3	k8	65536	0.263851394	0.264732951
MEASURE	3	0	baseline	65536	0.264900179	0.265798108
MEASURE	3	1	control	65536	0.265313926	0.266270825
MEASURE	3	2	k8	65536	0.267144675	0.268059073
MEASURE	3	3	gated	65536	0.268809832	0.269722859
MEASURE	4	0	control	65536	0.267065108	0.267918193
MEASURE	4	1	k8	65536	0.263040363	0.263999651
MEASURE	4	2	gated	65536	0.268447991	0.269307718
MEASURE	4	3	baseline	65536	0.263627995	0.264483128
MEASURE	5	0	k8	65536	0.266245939	0.267131327
MEASURE	5	1	gated	65536	0.268241784	0.269071524
MEASURE	5	2	baseline	65536	0.264312801	0.265141163
MEASURE	5	3	control	65536	0.265728271	0.266651509
MEASURE	6	0	gated	65536	0.268507353	0.269656763
MEASURE	6	1	baseline	65536	0.264338591	0.265238727
MEASURE	6	2	control	65536	0.287855442	0.288912213
MEASURE	6	3	k8	65536	0.271017460	0.271918538
MEASURE	7	0	baseline	65536	0.269424732	0.270323628
MEASURE	7	1	control	65536	0.269394813	0.270334217
MEASURE	7	2	k8	65536	0.275018233	0.276036077
MEASURE	7	3	gated	65536	0.268365155	0.269276429
PASS	bench-v2
