INPUT	64	64	2048	dense	fresh	163
CALIBRATE	gated	128	0.422115237	0.423931447
CALIBRATE	baseline	64	0.332503864	0.333890620
CALIBRATE	control	64	0.327529629	0.328965666
CALIBRATE	k8	128	0.309981170	0.311305018
WARMUP	0	0	gated	128	0.388386327	0.390098285
WARMUP	0	1	baseline	64	0.318678609	0.320056086
WARMUP	0	2	control	64	0.324937393	0.326191479
WARMUP	0	3	k8	128	0.322916312	0.324322224
WARMUP	1	0	baseline	64	0.323245614	0.324498264
WARMUP	1	1	control	64	0.324802124	0.326078488
WARMUP	1	2	k8	128	0.317881163	0.319299972
WARMUP	1	3	gated	128	0.392162372	0.393984769
MEASURE	2	0	control	64	0.325317037	0.326605197
MEASURE	2	1	k8	128	0.317422698	0.318750219
MEASURE	2	2	gated	128	0.387801000	0.389457149
MEASURE	2	3	baseline	64	0.320967644	0.322262107
MEASURE	3	0	k8	128	0.327416618	0.328885733
MEASURE	3	1	gated	128	0.387986601	0.389490679
MEASURE	3	2	baseline	64	0.324214991	0.325418361
MEASURE	3	3	control	64	0.324008146	0.325307597
MEASURE	4	0	gated	128	0.396872913	0.398580276
MEASURE	4	1	baseline	64	0.321937212	0.323181114
MEASURE	4	2	control	64	0.331231940	0.332714880
MEASURE	4	3	k8	128	0.311530826	0.312896358
MEASURE	5	0	baseline	64	0.334225758	0.335648952
MEASURE	5	1	control	64	0.334209659	0.335493272
MEASURE	5	2	k8	128	0.322821159	0.324184675
MEASURE	5	3	gated	128	0.379708067	0.381274120
MEASURE	6	0	control	64	0.320142803	0.321675818
MEASURE	6	1	k8	128	0.305898729	0.307148712
MEASURE	6	2	gated	128	0.381602032	0.383068620
MEASURE	6	3	baseline	64	0.311471440	0.312585231
MEASURE	7	0	k8	128	0.339394895	0.340914298
MEASURE	7	1	gated	128	0.402542353	0.404187111
MEASURE	7	2	baseline	64	0.321387649	0.322769314
MEASURE	7	3	control	64	0.336708773	0.337933610
PASS	bench-v2
