INPUT	64	64	32	dense	reused	163
CALIBRATE	gated	512	0.258421796	0.259378048
CALIBRATE	baseline	512	0.252472674	0.253318613
CALIBRATE	control	512	0.332251549	0.333633278
CALIBRATE	k8	1024	0.401742708	0.403470690
WARMUP	0	0	gated	512	0.264348583	0.265357029
WARMUP	0	1	baseline	512	0.266336878	0.267277506
WARMUP	0	2	control	512	0.265991039	0.266898812
WARMUP	0	3	k8	1024	0.420068348	0.421668153
WARMUP	1	0	baseline	512	0.269980531	0.271021170
WARMUP	1	1	control	512	0.264480366	0.265424133
WARMUP	1	2	k8	1024	0.399780676	0.401478346
WARMUP	1	3	gated	512	0.274367182	0.275345544
MEASURE	2	0	control	512	0.280712154	0.281739795
MEASURE	2	1	k8	1024	0.400705898	0.402147321
MEASURE	2	2	gated	512	0.327830398	0.329132496
MEASURE	2	3	baseline	512	0.300882747	0.302017185
MEASURE	3	0	k8	1024	0.405173485	0.406876187
MEASURE	3	1	gated	512	0.270081160	0.271081066
MEASURE	3	2	baseline	512	0.261066517	0.262062034
MEASURE	3	3	control	512	0.268610478	0.269620546
MEASURE	4	0	gated	512	0.427740913	0.430071547
MEASURE	4	1	baseline	512	0.468553617	0.471279901
MEASURE	4	2	control	512	0.473822464	0.476486374
MEASURE	4	3	k8	1024	0.663739648	0.667400756
MEASURE	5	0	baseline	512	0.410076754	0.412107768
MEASURE	5	1	control	512	0.277153932	0.278260284
MEASURE	5	2	k8	1024	0.425657688	0.427668821
MEASURE	5	3	gated	512	0.284010203	0.285161051
MEASURE	6	0	control	512	0.282568822	0.283734368
MEASURE	6	1	k8	1024	0.437183553	0.438905670
MEASURE	6	2	gated	512	0.265545952	0.266514649
MEASURE	6	3	baseline	512	0.271081631	0.272130584
MEASURE	7	0	k8	1024	0.407845859	0.409795276
MEASURE	7	1	gated	512	0.267138602	0.268158516
MEASURE	7	2	baseline	512	0.292958597	0.294142155
MEASURE	7	3	control	512	0.419988019	0.421935864
PASS	bench-v2
