INPUT	64	64	2048	dense	reused	163
CALIBRATE	gated	128	0.332972160	0.334633899
CALIBRATE	baseline	64	0.295139181	0.296331885
CALIBRATE	control	64	0.286046864	0.287130286
CALIBRATE	k8	128	0.258119629	0.259197730
WARMUP	0	0	gated	128	0.338320640	0.339773447
WARMUP	0	1	baseline	64	0.298578769	0.299760140
WARMUP	0	2	control	64	0.295557774	0.296634604
WARMUP	0	3	k8	128	0.260086294	0.261189244
WARMUP	1	0	baseline	64	0.301287419	0.302578187
WARMUP	1	1	control	64	0.294572092	0.295856517
WARMUP	1	2	k8	128	0.258948951	0.259996815
WARMUP	1	3	gated	128	0.330452593	0.331816492
MEASURE	2	0	control	64	0.298100010	0.299262673
MEASURE	2	1	k8	128	0.261727630	0.262861719
MEASURE	2	2	gated	128	0.329902741	0.331341195
MEASURE	2	3	baseline	64	0.300082161	0.301460943
MEASURE	3	0	k8	128	0.264486426	0.265686766
MEASURE	3	1	gated	128	0.328444136	0.329783172
MEASURE	3	2	baseline	64	0.293551471	0.294633961
MEASURE	3	3	control	64	0.293723022	0.294787531
MEASURE	4	0	gated	128	0.328494662	0.329756073
MEASURE	4	1	baseline	64	0.295965153	0.297099502
MEASURE	4	2	control	64	0.295232543	0.296489864
MEASURE	4	3	k8	128	0.263731004	0.264853593
MEASURE	5	0	baseline	64	0.305562784	0.306840454
MEASURE	5	1	control	64	0.295184350	0.296265620
MEASURE	5	2	k8	128	0.272330120	0.273493181
MEASURE	5	3	gated	128	0.389475103	0.391115246
MEASURE	6	0	control	64	0.302319049	0.303650263
MEASURE	6	1	k8	128	0.259071628	0.260177723
MEASURE	6	2	gated	128	0.386944575	0.388511605
MEASURE	6	3	baseline	64	0.298157823	0.299254584
MEASURE	7	0	k8	128	0.263421675	0.264459830
MEASURE	7	1	gated	128	0.328757218	0.330053913
MEASURE	7	2	baseline	64	0.313291491	0.314493370
MEASURE	7	3	control	64	0.353419363	0.355002732
PASS	bench-v2
