INPUT	128	128	2048	dense	fresh	163
CALIBRATE	gated	32	0.299677278	0.301055402
CALIBRATE	baseline	16	0.321063755	0.322466303
CALIBRATE	control	16	0.323603776	0.324909276
CALIBRATE	k8	64	0.490391359	0.492459648
WARMUP	0	0	gated	32	0.289186886	0.290517664
WARMUP	0	1	baseline	16	0.320639124	0.321831826
WARMUP	0	2	control	16	0.317197174	0.318464837
WARMUP	0	3	k8	64	0.471946171	0.473863954
WARMUP	1	0	baseline	16	0.315518100	0.316740516
WARMUP	1	1	control	16	0.312669729	0.313938107
WARMUP	1	2	k8	64	0.491349205	0.493792897
WARMUP	1	3	gated	32	0.289509922	0.290690602
MEASURE	2	0	control	16	0.311668410	0.312832934
MEASURE	2	1	k8	64	0.472510140	0.474511531
MEASURE	2	2	gated	32	0.290689950	0.291959265
MEASURE	2	3	baseline	16	0.312700272	0.314122625
MEASURE	3	0	k8	64	0.486490111	0.488597293
MEASURE	3	1	gated	32	0.295621924	0.296874878
MEASURE	3	2	baseline	16	0.318471119	0.319734221
MEASURE	3	3	control	16	0.311773624	0.312986854
MEASURE	4	0	gated	32	0.292038015	0.293305573
MEASURE	4	1	baseline	16	0.311063736	0.312449910
MEASURE	4	2	control	16	0.310320833	0.311574910
MEASURE	4	3	k8	64	0.474584906	0.476609573
MEASURE	5	0	baseline	16	0.319420911	0.320704004
MEASURE	5	1	control	16	0.319186251	0.320408624
MEASURE	5	2	k8	64	0.476123140	0.478314538
MEASURE	5	3	gated	32	0.293642110	0.294759052
MEASURE	6	0	control	16	0.308457564	0.309590976
MEASURE	6	1	k8	64	0.474967316	0.476946275
MEASURE	6	2	gated	32	0.295702024	0.296920884
MEASURE	6	3	baseline	16	0.327211131	0.328520688
MEASURE	7	0	k8	64	0.481584046	0.483815593
MEASURE	7	1	gated	32	0.296288227	0.297464127
MEASURE	7	2	baseline	16	0.323352597	0.324552070
MEASURE	7	3	control	16	0.319073268	0.320266933
PASS	bench-v2
