INPUT	64	64	32	dense	reused	137
CALIBRATE	control	512	0.250576828	0.251404863
CALIBRATE	k8	1024	0.385621261	0.387081431
CALIBRATE	gated	512	0.255696761	0.256513103
CALIBRATE	baseline	512	0.257305735	0.258319319
WARMUP	0	0	control	512	0.258184741	0.258931767
WARMUP	0	1	k8	1024	0.395854146	0.397156170
WARMUP	0	2	gated	512	0.264776982	0.265638917
WARMUP	0	3	baseline	512	0.269125401	0.270042166
WARMUP	1	0	k8	1024	0.467392767	0.469222189
WARMUP	1	1	gated	512	0.281975153	0.283272308
WARMUP	1	2	baseline	512	0.265466765	0.266314031
WARMUP	1	3	control	512	0.265536891	0.266406045
MEASURE	2	0	gated	512	0.280899416	0.282004366
MEASURE	2	1	baseline	512	0.272745519	0.273727483
MEASURE	2	2	control	512	0.270751967	0.271763407
MEASURE	2	3	k8	1024	0.443742281	0.445636716
MEASURE	3	0	baseline	512	0.269329530	0.270447408
MEASURE	3	1	control	512	0.298055426	0.299241724
MEASURE	3	2	k8	1024	0.426229620	0.427988096
MEASURE	3	3	gated	512	0.278085588	0.279150791
MEASURE	4	0	control	512	0.285848596	0.286969965
MEASURE	4	1	k8	1024	0.456116167	0.458030156
MEASURE	4	2	gated	512	0.313796160	0.315129404
MEASURE	4	3	baseline	512	0.284567508	0.285560632
MEASURE	5	0	k8	1024	0.435910122	0.437724099
MEASURE	5	1	gated	512	0.281224074	0.282282266
MEASURE	5	2	baseline	512	0.322281275	0.323622452
MEASURE	5	3	control	512	0.293460726	0.294599362
MEASURE	6	0	gated	512	0.276948482	0.278130541
MEASURE	6	1	baseline	512	0.315390551	0.319265900
MEASURE	6	2	control	512	0.272163432	0.273152303
MEASURE	6	3	k8	1024	0.431913726	0.433702854
MEASURE	7	0	baseline	512	0.274281515	0.275331482
MEASURE	7	1	control	512	0.261268196	0.262164925
MEASURE	7	2	k8	1024	0.403439724	0.405228687
MEASURE	7	3	gated	512	0.260067961	0.260916881
PASS	bench-v2
