PASS	square-0
PASS	square-1
PASS	square-2
PASS	square-3
PASS	square-4
PASS	square-5
PASS	square-6
PASS	square-7
PASS	square-8
PASS	square-9
PASS	square-10
PASS	square-11
PASS	square-12
PASS	square-13
PASS	square-14
PASS	square-15
PASS	square-16
PASS	square-17
PASS	square-18
PASS	square-19
PASS	square-20
PASS	square-21
PASS	square-22
PASS	square-23
PASS	square-24
PASS	square-25
PASS	square-26
PASS	square-27
PASS	square-28
PASS	square-29
PASS	square-30
PASS	square-31
PASS	square-32
PASS	square-33
PASS	square-34
PASS	square-35
PASS	square-36
PASS	square-37
PASS	square-38
PASS	square-39
PASS	square-40
PASS	joined-field-1
PASS	joined-field-2
PASS	joined-field-3
PASS	joined-field-4
PASS	joined-field-5
PASS	joined-field-6
PASS	joined-field-7
PASS	joined-field-8
PASS	joined-field-9
PASS	joined-field-10
PASS	joined-field-11
PASS	joined-field-12
PASS	joined-field-13
PASS	joined-field-14
PASS	joined-field-15
PASS	joined-field-16
PASS	joined-field-17
PASS	joined-field-18
PASS	joined-field-19
PASS	joined-field-20
PASS	joined-field-21
PASS	joined-field-22
PASS	joined-field-23
PASS	joined-field-24
PASS	joined-field-25
PASS	joined-field-26
PASS	joined-field-27
PASS	joined-field-28
PASS	joined-field-29
PASS	joined-field-30
PASS	joined-field-31
PASS	joined-field-32
PASS	joined-field-33
PASS	joined-field-34
PASS	joined-field-35
PASS	joined-field-36
PASS	joined-field-37
PASS	joined-field-38
PASS	joined-field-39
PASS	joined-field-40
PASS	radical-denest
PASS	radical-sign
FAIL	fraction--1-2
FAIL	fraction--1-3
FAIL	fraction--1-5
FAIL	fraction--1-7
FAIL	fraction--1-10
PASS	fraction-1-2
PASS	fraction-1-3
PASS	fraction-1-5
PASS	fraction-1-7
PASS	fraction-1-10
PASS	rational-fraction--1
PASS	rational-fraction-1
PASS	scaled-identity-0
PASS	scaled-finite-0
PASS	scaled-identity-100
PASS	scaled-finite-100
PASS	scaled-identity-154
FAIL	scaled-finite-154
PASS	scaled-identity-155
FAIL	scaled-finite-155
PASS	scaled-identity-160
FAIL	scaled-finite-160
PASS	scaled-identity-200
FAIL	scaled-finite-200
PASS	scaled-identity-500
FAIL	scaled-finite-500
SUMMARY	99	109
