START	dyadic-0--8
PASS	dyadic-0--8	49076000	True
START	dyadic-0--7
PASS	dyadic-0--7	14209000	True
START	dyadic-0--6
PASS	dyadic-0--6	16019000	True
START	dyadic-0--5
PASS	dyadic-0--5	11239000	True
START	dyadic-0--4
PASS	dyadic-0--4	10639000	True
START	dyadic-0--3
PASS	dyadic-0--3	10319000	True
START	dyadic-0--2
PASS	dyadic-0--2	7590000	True
START	dyadic-0--1
PASS	dyadic-0--1	6380000	True
START	dyadic-0-0
PASS	dyadic-0-0	3470000	True
START	dyadic-0-1
PASS	dyadic-0-1	6000000	True
START	dyadic-0-2
PASS	dyadic-0-2	7099000	True
START	dyadic-0-3
PASS	dyadic-0-3	9429000	True
START	dyadic-0-4
PASS	dyadic-0-4	8010000	True
START	dyadic-0-5
PASS	dyadic-0-5	8089000	True
START	dyadic-0-6
PASS	dyadic-0-6	9669000	True
START	dyadic-0-7
PASS	dyadic-0-7	10149000	True
START	dyadic-0-8
PASS	dyadic-0-8	9639000	True
START	dyadic-1--8
PASS	dyadic-1--8	10919000	True
START	dyadic-1--7
PASS	dyadic-1--7	35097000	True
START	dyadic-1--6
PASS	dyadic-1--6	15189000	True
START	dyadic-1--5
PASS	dyadic-1--5	30328000	True
START	dyadic-1--4
PASS	dyadic-1--4	11429000	True
START	dyadic-1--3
PASS	dyadic-1--3	18209000	True
START	dyadic-1--2
PASS	dyadic-1--2	7809000	True
START	dyadic-1--1
PASS	dyadic-1--1	15979000	True
START	dyadic-1-0
PASS	dyadic-1-0	5839000	True
START	dyadic-1-1
PASS	dyadic-1-1	16659000	True
START	dyadic-1-2
PASS	dyadic-1-2	7069000	True
START	dyadic-1-3
PASS	dyadic-1-3	17119000	True
START	dyadic-1-4
PASS	dyadic-1-4	8059000	True
START	dyadic-1-5
PASS	dyadic-1-5	16708000	True
START	dyadic-1-6
PASS	dyadic-1-6	11189000	True
START	dyadic-1-7
PASS	dyadic-1-7	20469000	True
START	dyadic-1-8
PASS	dyadic-1-8	10129000	True
START	dyadic-2--8
PASS	dyadic-2--8	11019000	True
START	dyadic-2--7
PASS	dyadic-2--7	27577000	True
START	dyadic-2--6
PASS	dyadic-2--6	20719000	True
START	dyadic-2--5
PASS	dyadic-2--5	30228000	True
START	dyadic-2--4
PASS	dyadic-2--4	10699000	True
START	dyadic-2--3
PASS	dyadic-2--3	24838000	True
START	dyadic-2--2
PASS	dyadic-2--2	16578000	True
START	dyadic-2--1
PASS	dyadic-2--1	24698000	True
START	dyadic-2-0
PASS	dyadic-2-0	6180000	True
START	dyadic-2-1
PASS	dyadic-2-1	25918000	True
START	dyadic-2-2
PASS	dyadic-2-2	16809000	True
START	dyadic-2-3
PASS	dyadic-2-3	24918000	True
START	dyadic-2-4
PASS	dyadic-2-4	8100000	True
START	dyadic-2-5
PASS	dyadic-2-5	24568000	True
START	dyadic-2-6
PASS	dyadic-2-6	16379000	True
START	dyadic-2-7
PASS	dyadic-2-7	24968000	True
START	dyadic-2-8
PASS	dyadic-2-8	8779000	True
START	dyadic-3--8
PASS	dyadic-3--8	11639000	True
START	dyadic-3--7
PASS	dyadic-3--7	34747000	True
START	dyadic-3--6
PASS	dyadic-3--6	29178000	True
START	dyadic-3--5
PASS	dyadic-3--5	33917000	True
START	dyadic-3--4
PASS	dyadic-3--4	19608000	True
START	dyadic-3--3
PASS	dyadic-3--3	33038000	True
START	dyadic-3--2
PASS	dyadic-3--2	27148000	True
START	dyadic-3--1
PASS	dyadic-3--1	31987000	True
START	dyadic-3-0
PASS	dyadic-3-0	6050000	True
START	dyadic-3-1
PASS	dyadic-3-1	31647000	True
START	dyadic-3-2
PASS	dyadic-3-2	28048000	True
START	dyadic-3-3
PASS	dyadic-3-3	29517000	True
START	dyadic-3-4
PASS	dyadic-3-4	16699000	True
START	dyadic-3-5
PASS	dyadic-3-5	31157000	True
START	dyadic-3-6
PASS	dyadic-3-6	28788000	True
START	dyadic-3-7
PASS	dyadic-3-7	31618000	True
START	dyadic-3-8
PASS	dyadic-3-8	11059000	True
START	dyadic-4--8
PASS	dyadic-4--8	28008000	True
START	dyadic-4--7
PASS	dyadic-4--7	59255000	True
START	dyadic-4--6
PASS	dyadic-4--6	48006000	True
START	dyadic-4--5
PASS	dyadic-4--5	56095000	True
START	dyadic-4--4
PASS	dyadic-4--4	42316000	True
START	dyadic-4--3
PASS	dyadic-4--3	54195000	True
START	dyadic-4--2
PASS	dyadic-4--2	42416000	True
START	dyadic-4--1
PASS	dyadic-4--1	53365000	True
START	dyadic-4-0
PASS	dyadic-4-0	6320000	True
START	dyadic-4-1
PASS	dyadic-4-1	38257000	True
START	dyadic-4-2
PASS	dyadic-4-2	31147000	True
START	dyadic-4-3
PASS	dyadic-4-3	42616000	True
START	dyadic-4-4
PASS	dyadic-4-4	25838000	True
START	dyadic-4-5
PASS	dyadic-4-5	38937000	True
START	dyadic-4-6
PASS	dyadic-4-6	35937000	True
START	dyadic-4-7
PASS	dyadic-4-7	40107000	True
START	dyadic-4-8
PASS	dyadic-4-8	17798000	True
START	negative-integer--8
PASS	negative-integer--8	12369000	True
START	negative-integer--7
PASS	negative-integer--7	11669000	True
START	negative-integer--6
PASS	negative-integer--6	10320000	True
START	negative-integer--5
PASS	negative-integer--5	9990000	True
START	negative-integer--4
PASS	negative-integer--4	9439000	True
START	negative-integer--3
PASS	negative-integer--3	7139000	True
START	negative-integer--2
PASS	negative-integer--2	6289000	True
START	negative-integer--1
PASS	negative-integer--1	3500000	True
START	negative-integer-0
PASS	negative-integer-0	4699000	True
START	negative-integer-1
PASS	negative-integer-1	5290000	True
START	negative-integer-2
PASS	negative-integer-2	5889000	True
START	negative-integer-3
PASS	negative-integer-3	6569000	True
START	negative-integer-4
PASS	negative-integer-4	6540000	True
START	negative-integer-5
PASS	negative-integer-5	13509000	True
START	negative-integer-6
PASS	negative-integer-6	10159000	True
START	negative-integer-7
PASS	negative-integer-7	9699000	True
START	negative-integer-8
PASS	negative-integer-8	8969000	True
START	zero-zero
PASS	zero-zero	12239000	True
START	zero-positive
PASS	zero-positive	29847000	True
START	sqrt-negative
PASS	sqrt-negative	3979000	Construct sqrt: negative argument
START	sqrt-negative-dyadic
PASS	sqrt-negative-dyadic	8019000	Construct sqrt: negative argument
START	inverse-zero
PASS	inverse-zero	7529000	Ratio has zero denominator
START	zero-negative
PASS	zero-negative	5309000	Ratio has zero denominator
START	irrational-rational
PASS	irrational-rational	6530000	cannot convert irrational Construct to rational
START	irrational-exponent
PASS	irrational-exponent	7559000	cannot convert irrational Construct to rational
START	nondyadic-exponent
PASS	nondyadic-exponent	9109000	(** non-dyadic-rational) is not constructible
START	unsupported-exp
PASS	unsupported-exp	5549000	exp is not constructible
START	unsupported-log
PASS	unsupported-log	1340000	log is not constructible
START	unsupported-sin
PASS	unsupported-sin	1250000	sin is not constructible
START	unsupported-cos
PASS	unsupported-cos	1090000	cos is not constructible
START	unsupported-tan
PASS	unsupported-tan	3129000	tan is not constructible
START	unsupported-asin
PASS	unsupported-asin	1220000	asin is not constructible
START	unsupported-acos
PASS	unsupported-acos	1100000	acos is not constructible
START	unsupported-atan
PASS	unsupported-atan	3679000	atan is not constructible
START	unsupported-sinh
PASS	unsupported-sinh	1270000	sinh is not constructible
START	unsupported-cosh
PASS	unsupported-cosh	3070000	cosh is not constructible
START	unsupported-tanh
PASS	unsupported-tanh	2899000	tanh is not constructible
START	unsupported-asinh
PASS	unsupported-asinh	1080000	asinh is not constructible
START	unsupported-acosh
PASS	unsupported-acosh	1100000	acosh is not constructible
START	unsupported-atanh
PASS	unsupported-atanh	3060000	atanh is not constructible
START	unsupported-pi
PASS	unsupported-pi	1170000	pi is not constructible
SUMMARY	126	126
