PASS	quadratic	root-2-1--3--3	EQ	153857000
PASS	quadratic	sign-2-1--3--3	LT	41157000
PASS	quadratic	inverse-2-1--3--3	EQ	109171000
PASS	quadratic	root-2-1--3--2	EQ	110491000
PASS	quadratic	sign-2-1--3--2	LT	41696000
PASS	quadratic	inverse-2-1--3--2	EQ	103132000
PASS	quadratic	root-2-1--3--1	EQ	103291000
PASS	quadratic	sign-2-1--3--1	LT	37397000
PASS	quadratic	inverse-2-1--3--1	EQ	103521000
PASS	quadratic	root-2-1--3-0	EQ	79804000
PASS	quadratic	sign-2-1--3-0	LT	34547000
PASS	quadratic	inverse-2-1--3-0	EQ	87982000
PASS	quadratic	root-2-1--3-1	EQ	105161000
PASS	quadratic	sign-2-1--3-1	LT	37327000
PASS	quadratic	inverse-2-1--3-1	EQ	108961000
PASS	quadratic	root-2-1--3-2	EQ	106361000
PASS	quadratic	sign-2-1--3-2	LT	38037000
PASS	quadratic	inverse-2-1--3-2	EQ	99372000
PASS	quadratic	root-2-1--3-3	EQ	107471000
PASS	quadratic	sign-2-1--3-3	GT	42126000
PASS	quadratic	inverse-2-1--3-3	EQ	106192000
PASS	quadratic	root-2-1--2--3	EQ	146188000
PASS	quadratic	sign-2-1--2--3	LT	65305000
PASS	quadratic	inverse-2-1--2--3	EQ	165846000
PASS	quadratic	root-2-1--2--2	EQ	162776000
PASS	quadratic	sign-2-1--2--2	LT	62575000
PASS	quadratic	inverse-2-1--2--2	EQ	158857000
PASS	quadratic	root-2-1--2--1	EQ	156817000
PASS	quadratic	sign-2-1--2--1	LT	66654000
PASS	quadratic	inverse-2-1--2--1	EQ	150757000
PASS	quadratic	root-2-1--2-0	EQ	46656000
PASS	quadratic	sign-2-1--2-0	LT	14209000
PASS	quadratic	inverse-2-1--2-0	EQ	37077000
PASS	quadratic	root-2-1--2-1	EQ	46316000
PASS	quadratic	sign-2-1--2-1	LT	17118000
PASS	quadratic	inverse-2-1--2-1	EQ	41406000
PASS	quadratic	root-2-1--2-2	EQ	45637000
PASS	quadratic	sign-2-1--2-2	GT	16688000
PASS	quadratic	inverse-2-1--2-2	EQ	42886000
PASS	quadratic	root-2-1--2-3	EQ	46336000
PASS	quadratic	sign-2-1--2-3	GT	17048000
PASS	quadratic	inverse-2-1--2-3	EQ	44616000
PASS	quadratic	root-2-1--1--3	EQ	44726000
PASS	quadratic	sign-2-1--1--3	LT	16058000
PASS	quadratic	inverse-2-1--1--3	EQ	44176000
PASS	quadratic	root-2-1--1--2	EQ	48457000
PASS	quadratic	sign-2-1--1--2	LT	16938000
PASS	quadratic	inverse-2-1--1--2	EQ	44476000
PASS	quadratic	root-2-1--1--1	EQ	44717000
PASS	quadratic	sign-2-1--1--1	LT	19768000
PASS	quadratic	inverse-2-1--1--1	EQ	41836000
PASS	quadratic	root-2-1--1-0	EQ	31878000
PASS	quadratic	sign-2-1--1-0	LT	13129000
PASS	quadratic	inverse-2-1--1-0	EQ	34747000
PASS	quadratic	root-2-1--1-1	EQ	45027000
PASS	quadratic	sign-2-1--1-1	GT	16599000
PASS	quadratic	inverse-2-1--1-1	EQ	41716000
PASS	quadratic	root-2-1--1-2	EQ	44096000
PASS	quadratic	sign-2-1--1-2	GT	16559000
PASS	quadratic	inverse-2-1--1-2	EQ	43067000
PASS	quadratic	root-2-1--1-3	EQ	45326000
PASS	quadratic	sign-2-1--1-3	GT	54436000
PASS	quadratic	inverse-2-1--1-3	EQ	45926000
PASS	quadratic	root-2-1-0--3	EQ	36677000
PASS	quadratic	sign-2-1-0--3	LT	15508000
PASS	quadratic	inverse-2-1-0--3	EQ	41496000
PASS	quadratic	root-2-1-0--2	EQ	36457000
PASS	quadratic	sign-2-1-0--2	LT	15198000
PASS	quadratic	inverse-2-1-0--2	EQ	42706000
PASS	quadratic	root-2-1-0--1	EQ	36587000
PASS	quadratic	sign-2-1-0--1	LT	15039000
PASS	quadratic	inverse-2-1-0--1	EQ	39147000
PASS	quadratic	root-2-1-0-0	EQ	25647000
PASS	quadratic	sign-2-1-0-0	EQ	11689000
PASS	quadratic	root-2-1-0-1	EQ	33197000
PASS	quadratic	sign-2-1-0-1	GT	13869000
PASS	quadratic	inverse-2-1-0-1	EQ	39736000
PASS	quadratic	root-2-1-0-2	EQ	33557000
PASS	quadratic	sign-2-1-0-2	GT	13689000
PASS	quadratic	inverse-2-1-0-2	EQ	39217000
PASS	quadratic	root-2-1-0-3	EQ	34038000
PASS	quadratic	sign-2-1-0-3	GT	14169000
PASS	quadratic	inverse-2-1-0-3	EQ	40397000
PASS	quadratic	root-2-1-1--3	EQ	46516000
PASS	quadratic	sign-2-1-1--3	LT	16659000
PASS	quadratic	inverse-2-1-1--3	EQ	41777000
PASS	quadratic	root-2-1-1--2	EQ	45746000
PASS	quadratic	sign-2-1-1--2	LT	16599000
PASS	quadratic	inverse-2-1-1--2	EQ	41737000
PASS	quadratic	root-2-1-1--1	EQ	45536000
PASS	quadratic	sign-2-1-1--1	LT	16959000
PASS	quadratic	inverse-2-1-1--1	EQ	40457000
PASS	quadratic	root-2-1-1-0	EQ	29618000
PASS	quadratic	sign-2-1-1-0	GT	13158000
PASS	quadratic	inverse-2-1-1-0	EQ	186354000
PASS	quadratic	root-2-1-1-1	EQ	45896000
PASS	quadratic	sign-2-1-1-1	GT	14498000
PASS	quadratic	inverse-2-1-1-1	EQ	42696000
PASS	quadratic	root-2-1-1-2	EQ	42047000
PASS	quadratic	sign-2-1-1-2	GT	14549000
PASS	quadratic	inverse-2-1-1-2	EQ	41826000
PASS	quadratic	root-2-1-1-3	EQ	42187000
PASS	quadratic	sign-2-1-1-3	GT	14169000
PASS	quadratic	inverse-2-1-1-3	EQ	42017000
PASS	quadratic	root-2-1-2--3	EQ	46446000
PASS	quadratic	sign-2-1-2--3	LT	16679000
PASS	quadratic	inverse-2-1-2--3	EQ	42567000
PASS	quadratic	root-2-1-2--2	EQ	45556000
PASS	quadratic	sign-2-1-2--2	LT	16509000
PASS	quadratic	inverse-2-1-2--2	EQ	40497000
PASS	quadratic	root-2-1-2--1	EQ	44057000
PASS	quadratic	sign-2-1-2--1	GT	16438000
PASS	quadratic	inverse-2-1-2--1	EQ	42996000
PASS	quadratic	root-2-1-2-0	EQ	34017000
PASS	quadratic	sign-2-1-2-0	GT	12559000
PASS	quadratic	inverse-2-1-2-0	EQ	32638000
PASS	quadratic	root-2-1-2-1	EQ	40727000
PASS	quadratic	sign-2-1-2-1	GT	14159000
PASS	quadratic	inverse-2-1-2-1	EQ	39417000
PASS	quadratic	root-2-1-2-2	EQ	40767000
PASS	quadratic	sign-2-1-2-2	GT	14179000
PASS	quadratic	inverse-2-1-2-2	EQ	40297000
PASS	quadratic	root-2-1-2-3	EQ	51916000
PASS	quadratic	sign-2-1-2-3	GT	14699000
PASS	quadratic	inverse-2-1-2-3	EQ	42297000
PASS	quadratic	root-2-1-3--3	EQ	79933000
PASS	quadratic	sign-2-1-3--3	LT	17708000
PASS	quadratic	inverse-2-1-3--3	EQ	41107000
PASS	quadratic	root-2-1-3--2	EQ	44226000
PASS	quadratic	sign-2-1-3--2	GT	18408000
PASS	quadratic	inverse-2-1-3--2	EQ	51126000
PASS	quadratic	root-2-1-3--1	EQ	44146000
PASS	quadratic	sign-2-1-3--1	GT	16208000
PASS	quadratic	inverse-2-1-3--1	EQ	40276000
PASS	quadratic	root-2-1-3-0	EQ	30108000
PASS	quadratic	sign-2-1-3-0	GT	15290000
PASS	quadratic	inverse-2-1-3-0	EQ	32697000
PASS	quadratic	root-2-1-3-1	EQ	40557000
PASS	quadratic	sign-2-1-3-1	GT	14009000
PASS	quadratic	inverse-2-1-3-1	EQ	40397000
PASS	quadratic	root-2-1-3-2	EQ	41907000
PASS	quadratic	sign-2-1-3-2	GT	20168000
PASS	quadratic	inverse-2-1-3-2	EQ	50476000
PASS	quadratic	root-2-1-3-3	EQ	52346000
PASS	quadratic	sign-2-1-3-3	GT	17828000
PASS	quadratic	inverse-2-1-3-3	EQ	50976000
PASS	quadratic	root-2-2--3--3	EQ	58645000
PASS	quadratic	sign-2-2--3--3	LT	20978000
PASS	quadratic	inverse-2-2--3--3	EQ	54745000
PASS	quadratic	root-2-2--3--2	EQ	58156000
PASS	quadratic	sign-2-2--3--2	LT	21238000
PASS	quadratic	inverse-2-2--3--2	EQ	53365000
PASS	quadratic	root-2-2--3--1	EQ	57756000
PASS	quadratic	sign-2-2--3--1	LT	21358000
PASS	quadratic	inverse-2-2--3--1	EQ	54565000
PASS	quadratic	root-2-2--3-0	EQ	43006000
PASS	quadratic	sign-2-2--3-0	LT	18219000
PASS	quadratic	inverse-2-2--3-0	EQ	45516000
PASS	quadratic	root-2-2--3-1	EQ	66315000
PASS	quadratic	sign-2-2--3-1	LT	24638000
PASS	quadratic	inverse-2-2--3-1	EQ	61945000
PASS	quadratic	root-2-2--3-2	EQ	73864000
PASS	quadratic	sign-2-2--3-2	LT	28278000
PASS	quadratic	inverse-2-2--3-2	EQ	67584000
PASS	quadratic	root-2-2--3-3	EQ	77843000
PASS	quadratic	sign-2-2--3-3	GT	27328000
PASS	quadratic	inverse-2-2--3-3	EQ	68064000
PASS	quadratic	root-2-2--2--3	EQ	74494000
PASS	quadratic	sign-2-2--2--3	LT	26757000
PASS	quadratic	inverse-2-2--2--3	EQ	71894000
PASS	quadratic	root-2-2--2--2	EQ	71744000
PASS	quadratic	sign-2-2--2--2	LT	26838000
PASS	quadratic	inverse-2-2--2--2	EQ	66634000
PASS	quadratic	root-2-2--2--1	EQ	69814000
PASS	quadratic	sign-2-2--2--1	LT	26498000
PASS	quadratic	inverse-2-2--2--1	EQ	64894000
PASS	quadratic	root-2-2--2-0	EQ	52586000
PASS	quadratic	sign-2-2--2-0	LT	26607000
PASS	quadratic	inverse-2-2--2-0	EQ	53606000
PASS	quadratic	root-2-2--2-1	EQ	56045000
PASS	quadratic	sign-2-2--2-1	LT	25348000
PASS	quadratic	inverse-2-2--2-1	EQ	44816000
PASS	quadratic	root-2-2--2-2	EQ	45716000
PASS	quadratic	sign-2-2--2-2	GT	17098000
PASS	quadratic	inverse-2-2--2-2	EQ	42426000
PASS	quadratic	root-2-2--2-3	EQ	48686000
PASS	quadratic	sign-2-2--2-3	GT	19188000
PASS	quadratic	inverse-2-2--2-3	EQ	46866000
PASS	quadratic	root-2-2--1--3	EQ	73764000
PASS	quadratic	sign-2-2--1--3	LT	22998000
PASS	quadratic	inverse-2-2--1--3	EQ	52625000
PASS	quadratic	root-2-2--1--2	EQ	46426000
PASS	quadratic	sign-2-2--1--2	LT	17099000
PASS	quadratic	inverse-2-2--1--2	EQ	44176000
PASS	quadratic	root-2-2--1--1	EQ	47606000
PASS	quadratic	sign-2-2--1--1	LT	18019000
PASS	quadratic	inverse-2-2--1--1	EQ	44127000
PASS	quadratic	root-2-2--1-0	EQ	32677000
PASS	quadratic	sign-2-2--1-0	LT	13669000
PASS	quadratic	inverse-2-2--1-0	EQ	35507000
PASS	quadratic	root-2-2--1-1	EQ	47956000
PASS	quadratic	sign-2-2--1-1	GT	17309000
PASS	quadratic	inverse-2-2--1-1	EQ	42336000
PASS	quadratic	root-2-2--1-2	EQ	46307000
PASS	quadratic	sign-2-2--1-2	GT	17098000
PASS	quadratic	inverse-2-2--1-2	EQ	44016000
PASS	quadratic	root-2-2--1-3	EQ	50696000
PASS	quadratic	sign-2-2--1-3	GT	20098000
PASS	quadratic	inverse-2-2--1-3	EQ	47196000
PASS	quadratic	root-2-2-0--3	EQ	38027000
PASS	quadratic	sign-2-2-0--3	LT	15608000
PASS	quadratic	inverse-2-2-0--3	EQ	41067000
PASS	quadratic	root-2-2-0--2	EQ	35817000
PASS	quadratic	sign-2-2-0--2	LT	15268000
PASS	quadratic	inverse-2-2-0--2	EQ	39666000
PASS	quadratic	root-2-2-0--1	EQ	38057000
PASS	quadratic	sign-2-2-0--1	LT	15558000
PASS	quadratic	inverse-2-2-0--1	EQ	40356000
PASS	quadratic	root-2-2-0-0	EQ	25318000
PASS	quadratic	sign-2-2-0-0	EQ	11849000
PASS	quadratic	root-2-2-0-1	EQ	70354000
PASS	quadratic	sign-2-2-0-1	GT	14659000
PASS	quadratic	inverse-2-2-0-1	EQ	40527000
PASS	quadratic	root-2-2-0-2	EQ	35187000
PASS	quadratic	sign-2-2-0-2	GT	14039000
PASS	quadratic	inverse-2-2-0-2	EQ	41077000
PASS	quadratic	root-2-2-0-3	EQ	36917000
PASS	quadratic	sign-2-2-0-3	GT	14249000
PASS	quadratic	inverse-2-2-0-3	EQ	41886000
PASS	quadratic	root-2-2-1--3	EQ	59025000
PASS	quadratic	sign-2-2-1--3	LT	17858000
PASS	quadratic	inverse-2-2-1--3	EQ	48986000
PASS	quadratic	root-2-2-1--2	EQ	49236000
PASS	quadratic	sign-2-2-1--2	LT	17279000
PASS	quadratic	inverse-2-2-1--2	EQ	42757000
PASS	quadratic	root-2-2-1--1	EQ	49836000
PASS	quadratic	sign-2-2-1--1	LT	17758000
PASS	quadratic	inverse-2-2-1--1	EQ	42086000
PASS	quadratic	root-2-2-1-0	EQ	31398000
PASS	quadratic	sign-2-2-1-0	GT	12609000
PASS	quadratic	inverse-2-2-1-0	EQ	33058000
PASS	quadratic	root-2-2-1-1	EQ	48436000
PASS	quadratic	sign-2-2-1-1	GT	15189000
PASS	quadratic	inverse-2-2-1-1	EQ	41687000
PASS	quadratic	root-2-2-1-2	EQ	43166000
PASS	quadratic	sign-2-2-1-2	GT	14979000
PASS	quadratic	inverse-2-2-1-2	EQ	42487000
PASS	quadratic	root-2-2-1-3	EQ	43436000
PASS	quadratic	sign-2-2-1-3	GT	14738000
PASS	quadratic	inverse-2-2-1-3	EQ	42706000
PASS	quadratic	root-2-2-2--3	EQ	48256000
PASS	quadratic	sign-2-2-2--3	LT	17589000
PASS	quadratic	inverse-2-2-2--3	EQ	68395000
PASS	quadratic	root-2-2-2--2	EQ	48585000
PASS	quadratic	sign-2-2-2--2	LT	17469000
PASS	quadratic	inverse-2-2-2--2	EQ	41777000
PASS	quadratic	root-2-2-2--1	EQ	46686000
PASS	quadratic	sign-2-2-2--1	GT	17329000
PASS	quadratic	inverse-2-2-2--1	EQ	40167000
PASS	quadratic	root-2-2-2-0	EQ	30747000
PASS	quadratic	sign-2-2-2-0	GT	12119000
PASS	quadratic	inverse-2-2-2-0	EQ	32607000
PASS	quadratic	root-2-2-2-1	EQ	42796000
PASS	quadratic	sign-2-2-2-1	GT	15099000
PASS	quadratic	inverse-2-2-2-1	EQ	39777000
PASS	quadratic	root-2-2-2-2	EQ	41227000
PASS	quadratic	sign-2-2-2-2	GT	14369000
PASS	quadratic	inverse-2-2-2-2	EQ	40107000
PASS	quadratic	root-2-2-2-3	EQ	44946000
PASS	quadratic	sign-2-2-2-3	GT	14828000
PASS	quadratic	inverse-2-2-2-3	EQ	42837000
PASS	quadratic	root-2-2-3--3	EQ	49416000
PASS	quadratic	sign-2-2-3--3	LT	17618000
PASS	quadratic	inverse-2-2-3--3	EQ	43696000
PASS	quadratic	root-2-2-3--2	EQ	46306000
PASS	quadratic	sign-2-2-3--2	GT	17428000
PASS	quadratic	inverse-2-2-3--2	EQ	42067000
PASS	quadratic	root-2-2-3--1	EQ	48186000
PASS	quadratic	sign-2-2-3--1	GT	17918000
PASS	quadratic	inverse-2-2-3--1	EQ	41866000
PASS	quadratic	root-2-2-3-0	EQ	30238000
PASS	quadratic	sign-2-2-3-0	GT	12039000
PASS	quadratic	inverse-2-2-3-0	EQ	33338000
PASS	quadratic	root-2-2-3-1	EQ	43016000
PASS	quadratic	sign-2-2-3-1	GT	35457000
PASS	quadratic	inverse-2-2-3-1	EQ	44276000
PASS	quadratic	root-2-2-3-2	EQ	45517000
PASS	quadratic	sign-2-2-3-2	GT	15159000
PASS	quadratic	inverse-2-2-3-2	EQ	41156000
PASS	quadratic	root-2-2-3-3	EQ	46326000
PASS	quadratic	sign-2-2-3-3	GT	15179000
PASS	quadratic	inverse-2-2-3-3	EQ	44036000
PASS	quadratic	root-3-1--3--3	EQ	45186000
PASS	quadratic	sign-3-1--3--3	LT	16749000
PASS	quadratic	inverse-3-1--3--3	EQ	45717000
PASS	quadratic	root-3-1--3--2	EQ	47036000
PASS	quadratic	sign-3-1--3--2	LT	16799000
PASS	quadratic	inverse-3-1--3--2	EQ	44047000
PASS	quadratic	root-3-1--3--1	EQ	46796000
PASS	quadratic	sign-3-1--3--1	LT	18208000
PASS	quadratic	inverse-3-1--3--1	EQ	44097000
PASS	quadratic	root-3-1--3-0	EQ	32017000
PASS	quadratic	sign-3-1--3-0	LT	13799000
PASS	quadratic	inverse-3-1--3-0	EQ	35697000
PASS	quadratic	root-3-1--3-1	EQ	46656000
PASS	quadratic	sign-3-1--3-1	LT	20398000
PASS	quadratic	inverse-3-1--3-1	EQ	43356000
PASS	quadratic	root-3-1--3-2	EQ	46556000
PASS	quadratic	sign-3-1--3-2	GT	17268000
PASS	quadratic	inverse-3-1--3-2	EQ	43186000
PASS	quadratic	root-3-1--3-3	EQ	45426000
PASS	quadratic	sign-3-1--3-3	GT	16448000
PASS	quadratic	inverse-3-1--3-3	EQ	43376000
PASS	quadratic	root-3-1--2--3	EQ	45366000
PASS	quadratic	sign-3-1--2--3	LT	16738000
PASS	quadratic	inverse-3-1--2--3	EQ	60795000
PASS	quadratic	root-3-1--2--2	EQ	46456000
PASS	quadratic	sign-3-1--2--2	LT	16699000
PASS	quadratic	inverse-3-1--2--2	EQ	43916000
PASS	quadratic	root-3-1--2--1	EQ	44976000
PASS	quadratic	sign-3-1--2--1	LT	16808000
PASS	quadratic	inverse-3-1--2--1	EQ	43528000
PASS	quadratic	root-3-1--2-0	EQ	37006000
PASS	quadratic	sign-3-1--2-0	LT	19308000
PASS	quadratic	inverse-3-1--2-0	EQ	45246000
PASS	quadratic	root-3-1--2-1	EQ	46956000
PASS	quadratic	sign-3-1--2-1	LT	17478000
PASS	quadratic	inverse-3-1--2-1	EQ	42526000
PASS	quadratic	root-3-1--2-2	EQ	45866000
PASS	quadratic	sign-3-1--2-2	GT	16968000
PASS	quadratic	inverse-3-1--2-2	EQ	43496000
PASS	quadratic	root-3-1--2-3	EQ	46186000
PASS	quadratic	sign-3-1--2-3	GT	16498000
PASS	quadratic	inverse-3-1--2-3	EQ	44887000
PASS	quadratic	root-3-1--1--3	EQ	54755000
PASS	quadratic	sign-3-1--1--3	LT	17158000
PASS	quadratic	inverse-3-1--1--3	EQ	51886000
PASS	quadratic	root-3-1--1--2	EQ	44896000
PASS	quadratic	sign-3-1--1--2	LT	16518000
PASS	quadratic	inverse-3-1--1--2	EQ	45196000
PASS	quadratic	root-3-1--1--1	EQ	44926000
PASS	quadratic	sign-3-1--1--1	LT	16568000
PASS	quadratic	inverse-3-1--1--1	EQ	43527000
PASS	quadratic	root-3-1--1-0	EQ	35417000
PASS	quadratic	sign-3-1--1-0	LT	13748000
PASS	quadratic	inverse-3-1--1-0	EQ	34557000
PASS	quadratic	root-3-1--1-1	EQ	78373000
PASS	quadratic	sign-3-1--1-1	GT	16878000
PASS	quadratic	inverse-3-1--1-1	EQ	60115000
PASS	quadratic	root-3-1--1-2	EQ	48356000
PASS	quadratic	sign-3-1--1-2	GT	16968000
PASS	quadratic	inverse-3-1--1-2	EQ	44647000
PASS	quadratic	root-3-1--1-3	EQ	48246000
PASS	quadratic	sign-3-1--1-3	GT	18748000
PASS	quadratic	inverse-3-1--1-3	EQ	61044000
PASS	quadratic	root-3-1-0--3	EQ	38256000
PASS	quadratic	sign-3-1-0--3	LT	15838000
PASS	quadratic	inverse-3-1-0--3	EQ	41546000
PASS	quadratic	root-3-1-0--2	EQ	40587000
PASS	quadratic	sign-3-1-0--2	LT	16018000
PASS	quadratic	inverse-3-1-0--2	EQ	41546000
PASS	quadratic	root-3-1-0--1	EQ	36457000
PASS	quadratic	sign-3-1-0--1	LT	15109000
PASS	quadratic	inverse-3-1-0--1	EQ	40426000
PASS	quadratic	root-3-1-0-0	EQ	31057000
PASS	quadratic	sign-3-1-0-0	EQ	12369000
PASS	quadratic	root-3-1-0-1	EQ	34297000
PASS	quadratic	sign-3-1-0-1	GT	14279000
PASS	quadratic	inverse-3-1-0-1	EQ	49127000
PASS	quadratic	root-3-1-0-2	EQ	39017000
PASS	quadratic	sign-3-1-0-2	GT	14349000
PASS	quadratic	inverse-3-1-0-2	EQ	40827000
PASS	quadratic	root-3-1-0-3	EQ	34787000
PASS	quadratic	sign-3-1-0-3	GT	13959000
PASS	quadratic	inverse-3-1-0-3	EQ	40517000
PASS	quadratic	root-3-1-1--3	EQ	47486000
PASS	quadratic	sign-3-1-1--3	LT	16898000
PASS	quadratic	inverse-3-1-1--3	EQ	43236000
PASS	quadratic	root-3-1-1--2	EQ	69204000
PASS	quadratic	sign-3-1-1--2	LT	18078000
PASS	quadratic	inverse-3-1-1--2	EQ	43187000
PASS	quadratic	root-3-1-1--1	EQ	46376000
PASS	quadratic	sign-3-1-1--1	LT	16709000
PASS	quadratic	inverse-3-1-1--1	EQ	41637000
PASS	quadratic	root-3-1-1-0	EQ	30737000
PASS	quadratic	sign-3-1-1-0	GT	12139000
PASS	quadratic	inverse-3-1-1-0	EQ	32467000
PASS	quadratic	root-3-1-1-1	EQ	42256000
PASS	quadratic	sign-3-1-1-1	GT	16029000
PASS	quadratic	inverse-3-1-1-1	EQ	42406000
PASS	quadratic	root-3-1-1-2	EQ	42977000
PASS	quadratic	sign-3-1-1-2	GT	14969000
PASS	quadratic	inverse-3-1-1-2	EQ	42246000
PASS	quadratic	root-3-1-1-3	EQ	42556000
PASS	quadratic	sign-3-1-1-3	GT	14548000
PASS	quadratic	inverse-3-1-1-3	EQ	43406000
PASS	quadratic	root-3-1-2--3	EQ	46636000
PASS	quadratic	sign-3-1-2--3	LT	16858000
PASS	quadratic	inverse-3-1-2--3	EQ	42836000
PASS	quadratic	root-3-1-2--2	EQ	46566000
PASS	quadratic	sign-3-1-2--2	LT	17508000
PASS	quadratic	inverse-3-1-2--2	EQ	42047000
PASS	quadratic	root-3-1-2--1	EQ	45126000
PASS	quadratic	sign-3-1-2--1	GT	16808000
PASS	quadratic	inverse-3-1-2--1	EQ	39747000
PASS	quadratic	root-3-1-2-0	EQ	30058000
PASS	quadratic	sign-3-1-2-0	GT	12079000
PASS	quadratic	inverse-3-1-2-0	EQ	32507000
PASS	quadratic	root-3-1-2-1	EQ	40817000
PASS	quadratic	sign-3-1-2-1	GT	14539000
PASS	quadratic	inverse-3-1-2-1	EQ	39907000
PASS	quadratic	root-3-1-2-2	EQ	64115000
PASS	quadratic	sign-3-1-2-2	GT	15409000
PASS	quadratic	inverse-3-1-2-2	EQ	44277000
PASS	quadratic	root-3-1-2-3	EQ	43946000
PASS	quadratic	sign-3-1-2-3	GT	14798000
PASS	quadratic	inverse-3-1-2-3	EQ	43516000
PASS	quadratic	root-3-1-3--3	EQ	47566000
PASS	quadratic	sign-3-1-3--3	LT	26118000
PASS	quadratic	inverse-3-1-3--3	EQ	51746000
PASS	quadratic	root-3-1-3--2	EQ	47436000
PASS	quadratic	sign-3-1-3--2	LT	17069000
PASS	quadratic	inverse-3-1-3--2	EQ	54935000
PASS	quadratic	root-3-1-3--1	EQ	46086000
PASS	quadratic	sign-3-1-3--1	GT	17008000
PASS	quadratic	inverse-3-1-3--1	EQ	41187000
PASS	quadratic	root-3-1-3-0	EQ	31168000
PASS	quadratic	sign-3-1-3-0	GT	12269000
PASS	quadratic	inverse-3-1-3-0	EQ	42517000
PASS	quadratic	root-3-1-3-1	EQ	42366000
PASS	quadratic	sign-3-1-3-1	GT	14909000
PASS	quadratic	inverse-3-1-3-1	EQ	41676000
PASS	quadratic	root-3-1-3-2	EQ	45126000
PASS	quadratic	sign-3-1-3-2	GT	19839000
PASS	quadratic	inverse-3-1-3-2	EQ	47846000
PASS	quadratic	root-3-1-3-3	EQ	50936000
PASS	quadratic	sign-3-1-3-3	GT	16278000
PASS	quadratic	inverse-3-1-3-3	EQ	50386000
PASS	quadratic	root-3-2--3--3	EQ	48646000
PASS	quadratic	sign-3-2--3--3	LT	17419000
PASS	quadratic	inverse-3-2--3--3	EQ	45396000
PASS	quadratic	root-3-2--3--2	EQ	48136000
PASS	quadratic	sign-3-2--3--2	LT	16759000
PASS	quadratic	inverse-3-2--3--2	EQ	45796000
PASS	quadratic	root-3-2--3--1	EQ	49125000
PASS	quadratic	sign-3-2--3--1	LT	17788000
PASS	quadratic	inverse-3-2--3--1	EQ	44776000
PASS	quadratic	root-3-2--3-0	EQ	33877000
PASS	quadratic	sign-3-2--3-0	LT	14129000
PASS	quadratic	inverse-3-2--3-0	EQ	36906000
PASS	quadratic	root-3-2--3-1	EQ	48036000
PASS	quadratic	sign-3-2--3-1	LT	18318000
PASS	quadratic	inverse-3-2--3-1	EQ	44116000
PASS	quadratic	root-3-2--3-2	EQ	49156000
PASS	quadratic	sign-3-2--3-2	GT	19778000
PASS	quadratic	inverse-3-2--3-2	EQ	46167000
PASS	quadratic	root-3-2--3-3	EQ	49046000
PASS	quadratic	sign-3-2--3-3	GT	18088000
PASS	quadratic	inverse-3-2--3-3	EQ	45626000
PASS	quadratic	root-3-2--2--3	EQ	48346000
PASS	quadratic	sign-3-2--2--3	LT	17589000
PASS	quadratic	inverse-3-2--2--3	EQ	45876000
PASS	quadratic	root-3-2--2--2	EQ	45897000
PASS	quadratic	sign-3-2--2--2	LT	17168000
PASS	quadratic	inverse-3-2--2--2	EQ	44096000
PASS	quadratic	root-3-2--2--1	EQ	45726000
PASS	quadratic	sign-3-2--2--1	LT	17598000
PASS	quadratic	inverse-3-2--2--1	EQ	43806000
PASS	quadratic	root-3-2--2-0	EQ	32727000
PASS	quadratic	sign-3-2--2-0	LT	13849000
PASS	quadratic	inverse-3-2--2-0	EQ	35797000
PASS	quadratic	root-3-2--2-1	EQ	47026000
PASS	quadratic	sign-3-2--2-1	LT	17728000
PASS	quadratic	inverse-3-2--2-1	EQ	70734000
PASS	quadratic	root-3-2--2-2	EQ	48746000
PASS	quadratic	sign-3-2--2-2	GT	17639000
PASS	quadratic	inverse-3-2--2-2	EQ	44356000
PASS	quadratic	root-3-2--2-3	EQ	48496000
PASS	quadratic	sign-3-2--2-3	GT	17959000
PASS	quadratic	inverse-3-2--2-3	EQ	45736000
PASS	quadratic	root-3-2--1--3	EQ	47336000
PASS	quadratic	sign-3-2--1--3	LT	17358000
PASS	quadratic	inverse-3-2--1--3	EQ	44817000
PASS	quadratic	root-3-2--1--2	EQ	46576000
PASS	quadratic	sign-3-2--1--2	LT	17549000
PASS	quadratic	inverse-3-2--1--2	EQ	45206000
PASS	quadratic	root-3-2--1--1	EQ	46726000
PASS	quadratic	sign-3-2--1--1	LT	16839000
PASS	quadratic	inverse-3-2--1--1	EQ	43826000
PASS	quadratic	root-3-2--1-0	EQ	33907000
PASS	quadratic	sign-3-2--1-0	LT	13839000
PASS	quadratic	inverse-3-2--1-0	EQ	36927000
PASS	quadratic	root-3-2--1-1	EQ	48096000
PASS	quadratic	sign-3-2--1-1	GT	17859000
PASS	quadratic	inverse-3-2--1-1	EQ	43236000
PASS	quadratic	root-3-2--1-2	EQ	48106000
PASS	quadratic	sign-3-2--1-2	GT	17268000
PASS	quadratic	inverse-3-2--1-2	EQ	49586000
PASS	quadratic	root-3-2--1-3	EQ	50496000
PASS	quadratic	sign-3-2--1-3	GT	17639000
PASS	quadratic	inverse-3-2--1-3	EQ	45046000
PASS	quadratic	root-3-2-0--3	EQ	38427000
PASS	quadratic	sign-3-2-0--3	LT	15898000
PASS	quadratic	inverse-3-2-0--3	EQ	41337000
PASS	quadratic	root-3-2-0--2	EQ	60205000
PASS	quadratic	sign-3-2-0--2	LT	16448000
PASS	quadratic	inverse-3-2-0--2	EQ	41697000
PASS	quadratic	root-3-2-0--1	EQ	38357000
PASS	quadratic	sign-3-2-0--1	LT	15709000
PASS	quadratic	inverse-3-2-0--1	EQ	41397000
PASS	quadratic	root-3-2-0-0	EQ	26098000
PASS	quadratic	sign-3-2-0-0	EQ	12179000
PASS	quadratic	root-3-2-0-1	EQ	35407000
PASS	quadratic	sign-3-2-0-1	GT	14538000
PASS	quadratic	inverse-3-2-0-1	EQ	41976000
PASS	quadratic	root-3-2-0-2	EQ	35628000
PASS	quadratic	sign-3-2-0-2	GT	14859000
PASS	quadratic	inverse-3-2-0-2	EQ	40857000
PASS	quadratic	root-3-2-0-3	EQ	35737000
PASS	quadratic	sign-3-2-0-3	GT	14368000
PASS	quadratic	inverse-3-2-0-3	EQ	41886000
PASS	quadratic	root-3-2-1--3	EQ	50617000
PASS	quadratic	sign-3-2-1--3	LT	18088000
PASS	quadratic	inverse-3-2-1--3	EQ	43376000
PASS	quadratic	root-3-2-1--2	EQ	48866000
PASS	quadratic	sign-3-2-1--2	LT	17319000
PASS	quadratic	inverse-3-2-1--2	EQ	43917000
PASS	quadratic	root-3-2-1--1	EQ	48596000
PASS	quadratic	sign-3-2-1--1	LT	17619000
PASS	quadratic	inverse-3-2-1--1	EQ	41946000
PASS	quadratic	root-3-2-1-0	EQ	31087000
PASS	quadratic	sign-3-2-1-0	GT	12059000
PASS	quadratic	inverse-3-2-1-0	EQ	32557000
PASS	quadratic	root-3-2-1-1	EQ	44247000
PASS	quadratic	sign-3-2-1-1	GT	15029000
PASS	quadratic	inverse-3-2-1-1	EQ	41906000
PASS	quadratic	root-3-2-1-2	EQ	43646000
PASS	quadratic	sign-3-2-1-2	GT	14749000
PASS	quadratic	inverse-3-2-1-2	EQ	45216000
PASS	quadratic	root-3-2-1-3	EQ	45417000
PASS	quadratic	sign-3-2-1-3	GT	14909000
PASS	quadratic	inverse-3-2-1-3	EQ	44126000
PASS	quadratic	root-3-2-2--3	EQ	48776000
PASS	quadratic	sign-3-2-2--3	LT	17859000
PASS	quadratic	inverse-3-2-2--3	EQ	45776000
PASS	quadratic	root-3-2-2--2	EQ	47816000
PASS	quadratic	sign-3-2-2--2	LT	17449000
PASS	quadratic	inverse-3-2-2--2	EQ	42057000
PASS	quadratic	root-3-2-2--1	EQ	46476000
PASS	quadratic	sign-3-2-2--1	GT	17539000
PASS	quadratic	inverse-3-2-2--1	EQ	40607000
PASS	quadratic	root-3-2-2-0	EQ	30777000
PASS	quadratic	sign-3-2-2-0	GT	12419000
PASS	quadratic	inverse-3-2-2-0	EQ	32797000
PASS	quadratic	root-3-2-2-1	EQ	42487000
PASS	quadratic	sign-3-2-2-1	GT	14879000
PASS	quadratic	inverse-3-2-2-1	EQ	40597000
PASS	quadratic	root-3-2-2-2	EQ	41926000
PASS	quadratic	sign-3-2-2-2	GT	14659000
PASS	quadratic	inverse-3-2-2-2	EQ	41886000
PASS	quadratic	root-3-2-2-3	EQ	43936000
PASS	quadratic	sign-3-2-2-3	GT	18189000
PASS	quadratic	inverse-3-2-2-3	EQ	43786000
PASS	quadratic	root-3-2-3--3	EQ	48616000
PASS	quadratic	sign-3-2-3--3	LT	17558000
PASS	quadratic	inverse-3-2-3--3	EQ	42637000
PASS	quadratic	root-3-2-3--2	EQ	55135000
PASS	quadratic	sign-3-2-3--2	LT	20428000
PASS	quadratic	inverse-3-2-3--2	EQ	110850000
PASS	quadratic	root-3-2-3--1	EQ	73324000
PASS	quadratic	sign-3-2-3--1	GT	28608000
PASS	quadratic	inverse-3-2-3--1	EQ	65845000
PASS	quadratic	root-3-2-3-0	EQ	49556000
PASS	quadratic	sign-3-2-3-0	GT	20409000
PASS	quadratic	inverse-3-2-3-0	EQ	52955000
PASS	quadratic	root-3-2-3-1	EQ	68084000
PASS	quadratic	sign-3-2-3-1	GT	24148000
PASS	quadratic	inverse-3-2-3-1	EQ	65035000
PASS	quadratic	root-3-2-3-2	EQ	70294000
PASS	quadratic	sign-3-2-3-2	GT	23478000
PASS	quadratic	inverse-3-2-3-2	EQ	66634000
PASS	quadratic	root-3-2-3-3	EQ	71214000
PASS	quadratic	sign-3-2-3-3	GT	24928000
PASS	quadratic	inverse-3-2-3-3	EQ	67774000
PASS	quadratic	root-5-1--3--3	EQ	75584000
PASS	quadratic	sign-5-1--3--3	LT	27277000
PASS	quadratic	inverse-5-1--3--3	EQ	67624000
PASS	quadratic	root-5-1--3--2	EQ	55255000
PASS	quadratic	sign-5-1--3--2	LT	22729000
PASS	quadratic	inverse-5-1--3--2	EQ	62095000
PASS	quadratic	root-5-1--3--1	EQ	47056000
PASS	quadratic	sign-5-1--3--1	LT	17148000
PASS	quadratic	inverse-5-1--3--1	EQ	43956000
PASS	quadratic	root-5-1--3-0	EQ	32938000
PASS	quadratic	sign-5-1--3-0	LT	13309000
PASS	quadratic	inverse-5-1--3-0	EQ	35977000
PASS	quadratic	root-5-1--3-1	EQ	46096000
PASS	quadratic	sign-5-1--3-1	LT	17088000
PASS	quadratic	inverse-5-1--3-1	EQ	43476000
PASS	quadratic	root-5-1--3-2	EQ	46716000
PASS	quadratic	sign-5-1--3-2	GT	44376000
PASS	quadratic	inverse-5-1--3-2	EQ	46027000
PASS	quadratic	root-5-1--3-3	EQ	46896000
PASS	quadratic	sign-5-1--3-3	GT	17129000
PASS	quadratic	inverse-5-1--3-3	EQ	44366000
PASS	quadratic	root-5-1--2--3	EQ	45307000
PASS	quadratic	sign-5-1--2--3	LT	16499000
PASS	quadratic	inverse-5-1--2--3	EQ	44826000
PASS	quadratic	root-5-1--2--2	EQ	44607000
PASS	quadratic	sign-5-1--2--2	LT	16588000
PASS	quadratic	inverse-5-1--2--2	EQ	43966000
PASS	quadratic	root-5-1--2--1	EQ	45496000
PASS	quadratic	sign-5-1--2--1	LT	16329000
PASS	quadratic	inverse-5-1--2--1	EQ	42567000
PASS	quadratic	root-5-1--2-0	EQ	33077000
PASS	quadratic	sign-5-1--2-0	LT	13339000
PASS	quadratic	inverse-5-1--2-0	EQ	35517000
PASS	quadratic	root-5-1--2-1	EQ	45226000
PASS	quadratic	sign-5-1--2-1	GT	17099000
PASS	quadratic	inverse-5-1--2-1	EQ	42216000
PASS	quadratic	root-5-1--2-2	EQ	45636000
PASS	quadratic	sign-5-1--2-2	GT	16899000
PASS	quadratic	inverse-5-1--2-2	EQ	45466000
PASS	quadratic	root-5-1--2-3	EQ	46366000
PASS	quadratic	sign-5-1--2-3	GT	16549000
PASS	quadratic	inverse-5-1--2-3	EQ	47516000
PASS	quadratic	root-5-1--1--3	EQ	45897000
PASS	quadratic	sign-5-1--1--3	LT	16598000
PASS	quadratic	inverse-5-1--1--3	EQ	45856000
PASS	quadratic	root-5-1--1--2	EQ	44766000
PASS	quadratic	sign-5-1--1--2	LT	16628000
PASS	quadratic	inverse-5-1--1--2	EQ	65694000
PASS	quadratic	root-5-1--1--1	EQ	45247000
PASS	quadratic	sign-5-1--1--1	LT	16708000
PASS	quadratic	inverse-5-1--1--1	EQ	44046000
PASS	quadratic	root-5-1--1-0	EQ	32537000
PASS	quadratic	sign-5-1--1-0	LT	13319000
PASS	quadratic	inverse-5-1--1-0	EQ	35247000
PASS	quadratic	root-5-1--1-1	EQ	45506000
PASS	quadratic	sign-5-1--1-1	GT	16879000
PASS	quadratic	inverse-5-1--1-1	EQ	43107000
PASS	quadratic	root-5-1--1-2	EQ	45576000
PASS	quadratic	sign-5-1--1-2	GT	16709000
PASS	quadratic	inverse-5-1--1-2	EQ	44957000
PASS	quadratic	root-5-1--1-3	EQ	46296000
PASS	quadratic	sign-5-1--1-3	GT	16909000
PASS	quadratic	inverse-5-1--1-3	EQ	44557000
PASS	quadratic	root-5-1-0--3	EQ	35887000
PASS	quadratic	sign-5-1-0--3	LT	14969000
PASS	quadratic	inverse-5-1-0--3	EQ	40127000
PASS	quadratic	root-5-1-0--2	EQ	36027000
PASS	quadratic	sign-5-1-0--2	LT	15269000
PASS	quadratic	inverse-5-1-0--2	EQ	40257000
PASS	quadratic	root-5-1-0--1	EQ	35737000
PASS	quadratic	sign-5-1-0--1	LT	15119000
PASS	quadratic	inverse-5-1-0--1	EQ	40247000
PASS	quadratic	root-5-1-0-0	EQ	25258000
PASS	quadratic	sign-5-1-0-0	EQ	11659000
PASS	quadratic	root-5-1-0-1	EQ	33037000
PASS	quadratic	sign-5-1-0-1	GT	13838000
PASS	quadratic	inverse-5-1-0-1	EQ	39726000
PASS	quadratic	root-5-1-0-2	EQ	34477000
PASS	quadratic	sign-5-1-0-2	GT	13589000
PASS	quadratic	inverse-5-1-0-2	EQ	40627000
PASS	quadratic	root-5-1-0-3	EQ	35857000
PASS	quadratic	sign-5-1-0-3	GT	13699000
PASS	quadratic	inverse-5-1-0-3	EQ	41037000
PASS	quadratic	root-5-1-1--3	EQ	46216000
PASS	quadratic	sign-5-1-1--3	LT	16859000
PASS	quadratic	inverse-5-1-1--3	EQ	44097000
PASS	quadratic	root-5-1-1--2	EQ	46586000
PASS	quadratic	sign-5-1-1--2	LT	16668000
PASS	quadratic	inverse-5-1-1--2	EQ	42166000
PASS	quadratic	root-5-1-1--1	EQ	45046000
PASS	quadratic	sign-5-1-1--1	LT	16718000
PASS	quadratic	inverse-5-1-1--1	EQ	41356000
PASS	quadratic	root-5-1-1-0	EQ	29888000
PASS	quadratic	sign-5-1-1-0	GT	12109000
PASS	quadratic	inverse-5-1-1-0	EQ	31517000
PASS	quadratic	root-5-1-1-1	EQ	40987000
PASS	quadratic	sign-5-1-1-1	GT	14249000
PASS	quadratic	inverse-5-1-1-1	EQ	41297000
PASS	quadratic	root-5-1-1-2	EQ	41317000
PASS	quadratic	sign-5-1-1-2	GT	14299000
PASS	quadratic	inverse-5-1-1-2	EQ	42107000
PASS	quadratic	root-5-1-1-3	EQ	42427000
PASS	quadratic	sign-5-1-1-3	GT	14489000
PASS	quadratic	inverse-5-1-1-3	EQ	42187000
PASS	quadratic	root-5-1-2--3	EQ	47126000
PASS	quadratic	sign-5-1-2--3	LT	19739000
PASS	quadratic	inverse-5-1-2--3	EQ	42647000
PASS	quadratic	root-5-1-2--2	EQ	45696000
PASS	quadratic	sign-5-1-2--2	LT	16789000
PASS	quadratic	inverse-5-1-2--2	EQ	43186000
PASS	quadratic	root-5-1-2--1	EQ	46216000
PASS	quadratic	sign-5-1-2--1	LT	48006000
PASS	quadratic	inverse-5-1-2--1	EQ	43106000
PASS	quadratic	root-5-1-2-0	EQ	31478000
PASS	quadratic	sign-5-1-2-0	GT	12369000
PASS	quadratic	inverse-5-1-2-0	EQ	33238000
PASS	quadratic	root-5-1-2-1	EQ	41866000
PASS	quadratic	sign-5-1-2-1	GT	14529000
PASS	quadratic	inverse-5-1-2-1	EQ	40566000
PASS	quadratic	root-5-1-2-2	EQ	42106000
PASS	quadratic	sign-5-1-2-2	GT	14429000
PASS	quadratic	inverse-5-1-2-2	EQ	42246000
PASS	quadratic	root-5-1-2-3	EQ	42457000
PASS	quadratic	sign-5-1-2-3	GT	14249000
PASS	quadratic	inverse-5-1-2-3	EQ	42367000
PASS	quadratic	root-5-1-3--3	EQ	46356000
PASS	quadratic	sign-5-1-3--3	LT	19129000
PASS	quadratic	inverse-5-1-3--3	EQ	49025000
PASS	quadratic	root-5-1-3--2	EQ	48156000
PASS	quadratic	sign-5-1-3--2	LT	17709000
PASS	quadratic	inverse-5-1-3--2	EQ	43267000
PASS	quadratic	root-5-1-3--1	EQ	47096000
PASS	quadratic	sign-5-1-3--1	GT	17198000
PASS	quadratic	inverse-5-1-3--1	EQ	41256000
PASS	quadratic	root-5-1-3-0	EQ	30158000
PASS	quadratic	sign-5-1-3-0	GT	11979000
PASS	quadratic	inverse-5-1-3-0	EQ	32787000
PASS	quadratic	root-5-1-3-1	EQ	41357000
PASS	quadratic	sign-5-1-3-1	GT	14539000
PASS	quadratic	inverse-5-1-3-1	EQ	40827000
PASS	quadratic	root-5-1-3-2	EQ	42326000
PASS	quadratic	sign-5-1-3-2	GT	13878000
PASS	quadratic	inverse-5-1-3-2	EQ	42526000
PASS	quadratic	root-5-1-3-3	EQ	67025000
PASS	quadratic	sign-5-1-3-3	GT	14799000
PASS	quadratic	inverse-5-1-3-3	EQ	42207000
PASS	quadratic	root-5-2--3--3	EQ	47786000
PASS	quadratic	sign-5-2--3--3	LT	17079000
PASS	quadratic	inverse-5-2--3--3	EQ	44386000
PASS	quadratic	root-5-2--3--2	EQ	47097000
PASS	quadratic	sign-5-2--3--2	LT	17548000
PASS	quadratic	inverse-5-2--3--2	EQ	45166000
PASS	quadratic	root-5-2--3--1	EQ	46836000
PASS	quadratic	sign-5-2--3--1	LT	16969000
PASS	quadratic	inverse-5-2--3--1	EQ	45536000
PASS	quadratic	root-5-2--3-0	EQ	33327000
PASS	quadratic	sign-5-2--3-0	LT	15319000
PASS	quadratic	inverse-5-2--3-0	EQ	36017000
PASS	quadratic	root-5-2--3-1	EQ	48066000
PASS	quadratic	sign-5-2--3-1	LT	17468000
PASS	quadratic	inverse-5-2--3-1	EQ	42926000
PASS	quadratic	root-5-2--3-2	EQ	47666000
PASS	quadratic	sign-5-2--3-2	GT	17188000
PASS	quadratic	inverse-5-2--3-2	EQ	46007000
PASS	quadratic	root-5-2--3-3	EQ	48706000
PASS	quadratic	sign-5-2--3-3	GT	17448000
PASS	quadratic	inverse-5-2--3-3	EQ	45036000
PASS	quadratic	root-5-2--2--3	EQ	47206000
PASS	quadratic	sign-5-2--2--3	LT	16858000
PASS	quadratic	inverse-5-2--2--3	EQ	52256000
PASS	quadratic	root-5-2--2--2	EQ	46446000
PASS	quadratic	sign-5-2--2--2	LT	16478000
PASS	quadratic	inverse-5-2--2--2	EQ	44566000
PASS	quadratic	root-5-2--2--1	EQ	46836000
PASS	quadratic	sign-5-2--2--1	LT	36547000
PASS	quadratic	inverse-5-2--2--1	EQ	45585000
PASS	quadratic	root-5-2--2-0	EQ	34158000
PASS	quadratic	sign-5-2--2-0	LT	13519000
PASS	quadratic	inverse-5-2--2-0	EQ	35967000
PASS	quadratic	root-5-2--2-1	EQ	48006000
PASS	quadratic	sign-5-2--2-1	GT	17809000
PASS	quadratic	inverse-5-2--2-1	EQ	44056000
PASS	quadratic	root-5-2--2-2	EQ	46687000
PASS	quadratic	sign-5-2--2-2	GT	17278000
PASS	quadratic	inverse-5-2--2-2	EQ	44816000
PASS	quadratic	root-5-2--2-3	EQ	47976000
PASS	quadratic	sign-5-2--2-3	GT	17419000
PASS	quadratic	inverse-5-2--2-3	EQ	45176000
PASS	quadratic	root-5-2--1--3	EQ	47356000
PASS	quadratic	sign-5-2--1--3	LT	17529000
PASS	quadratic	inverse-5-2--1--3	EQ	45486000
PASS	quadratic	root-5-2--1--2	EQ	46136000
PASS	quadratic	sign-5-2--1--2	LT	16938000
PASS	quadratic	inverse-5-2--1--2	EQ	44836000
PASS	quadratic	root-5-2--1--1	EQ	46506000
PASS	quadratic	sign-5-2--1--1	LT	17029000
PASS	quadratic	inverse-5-2--1--1	EQ	44457000
PASS	quadratic	root-5-2--1-0	EQ	33927000
PASS	quadratic	sign-5-2--1-0	LT	15079000
PASS	quadratic	inverse-5-2--1-0	EQ	36487000
PASS	quadratic	root-5-2--1-1	EQ	48136000
PASS	quadratic	sign-5-2--1-1	GT	17878000
PASS	quadratic	inverse-5-2--1-1	EQ	46056000
PASS	quadratic	root-5-2--1-2	EQ	46656000
PASS	quadratic	sign-5-2--1-2	GT	16899000
PASS	quadratic	inverse-5-2--1-2	EQ	81643000
PASS	quadratic	root-5-2--1-3	EQ	47746000
PASS	quadratic	sign-5-2--1-3	GT	17419000
PASS	quadratic	inverse-5-2--1-3	EQ	44946000
PASS	quadratic	root-5-2-0--3	EQ	37147000
PASS	quadratic	sign-5-2-0--3	LT	15739000
PASS	quadratic	inverse-5-2-0--3	EQ	41287000
PASS	quadratic	root-5-2-0--2	EQ	36337000
PASS	quadratic	sign-5-2-0--2	LT	15419000
PASS	quadratic	inverse-5-2-0--2	EQ	40617000
PASS	quadratic	root-5-2-0--1	EQ	37237000
PASS	quadratic	sign-5-2-0--1	LT	15378000
PASS	quadratic	inverse-5-2-0--1	EQ	41537000
PASS	quadratic	root-5-2-0-0	EQ	25788000
PASS	quadratic	sign-5-2-0-0	EQ	11959000
PASS	quadratic	root-5-2-0-1	EQ	34457000
PASS	quadratic	sign-5-2-0-1	GT	15570000
PASS	quadratic	inverse-5-2-0-1	EQ	41396000
PASS	quadratic	root-5-2-0-2	EQ	34887000
PASS	quadratic	sign-5-2-0-2	GT	14079000
PASS	quadratic	inverse-5-2-0-2	EQ	49996000
PASS	quadratic	root-5-2-0-3	EQ	36327000
PASS	quadratic	sign-5-2-0-3	GT	14978000
PASS	quadratic	inverse-5-2-0-3	EQ	42406000
PASS	quadratic	root-5-2-1--3	EQ	49716000
PASS	quadratic	sign-5-2-1--3	LT	17639000
PASS	quadratic	inverse-5-2-1--3	EQ	43067000
PASS	quadratic	root-5-2-1--2	EQ	48806000
PASS	quadratic	sign-5-2-1--2	LT	20918000
PASS	quadratic	inverse-5-2-1--2	EQ	44456000
PASS	quadratic	root-5-2-1--1	EQ	48696000
PASS	quadratic	sign-5-2-1--1	LT	17549000
PASS	quadratic	inverse-5-2-1--1	EQ	70464000
PASS	quadratic	root-5-2-1-0	EQ	31557000
PASS	quadratic	sign-5-2-1-0	GT	12789000
PASS	quadratic	inverse-5-2-1-0	EQ	33098000
PASS	quadratic	root-5-2-1-1	EQ	44186000
PASS	quadratic	sign-5-2-1-1	GT	14928000
PASS	quadratic	inverse-5-2-1-1	EQ	42956000
PASS	quadratic	root-5-2-1-2	EQ	43416000
PASS	quadratic	sign-5-2-1-2	GT	15079000
PASS	quadratic	inverse-5-2-1-2	EQ	44257000
PASS	quadratic	root-5-2-1-3	EQ	44196000
PASS	quadratic	sign-5-2-1-3	GT	14899000
PASS	quadratic	inverse-5-2-1-3	EQ	43396000
PASS	quadratic	root-5-2-2--3	EQ	48216000
PASS	quadratic	sign-5-2-2--3	LT	17489000
PASS	quadratic	inverse-5-2-2--3	EQ	43876000
PASS	quadratic	root-5-2-2--2	EQ	47076000
PASS	quadratic	sign-5-2-2--2	LT	16968000
PASS	quadratic	inverse-5-2-2--2	EQ	42426000
PASS	quadratic	root-5-2-2--1	EQ	47616000
PASS	quadratic	sign-5-2-2--1	LT	17588000
PASS	quadratic	inverse-5-2-2--1	EQ	41477000
PASS	quadratic	root-5-2-2-0	EQ	30128000
PASS	quadratic	sign-5-2-2-0	GT	12059000
PASS	quadratic	inverse-5-2-2-0	EQ	32798000
PASS	quadratic	root-5-2-2-1	EQ	43856000
PASS	quadratic	sign-5-2-2-1	GT	14809000
PASS	quadratic	inverse-5-2-2-1	EQ	41777000
PASS	quadratic	root-5-2-2-2	EQ	42167000
PASS	quadratic	sign-5-2-2-2	GT	14369000
PASS	quadratic	inverse-5-2-2-2	EQ	43516000
PASS	quadratic	root-5-2-2-3	EQ	45576000
PASS	quadratic	sign-5-2-2-3	GT	14958000
PASS	quadratic	inverse-5-2-2-3	EQ	44656000
PASS	quadratic	root-5-2-3--3	EQ	48636000
PASS	quadratic	sign-5-2-3--3	LT	17479000
PASS	quadratic	inverse-5-2-3--3	EQ	43227000
PASS	quadratic	root-5-2-3--2	EQ	48456000
PASS	quadratic	sign-5-2-3--2	LT	17069000
PASS	quadratic	inverse-5-2-3--2	EQ	43366000
PASS	quadratic	root-5-2-3--1	EQ	48026000
PASS	quadratic	sign-5-2-3--1	GT	17569000
PASS	quadratic	inverse-5-2-3--1	EQ	41127000
PASS	quadratic	root-5-2-3-0	EQ	30917000
PASS	quadratic	sign-5-2-3-0	GT	12439000
PASS	quadratic	inverse-5-2-3-0	EQ	33767000
PASS	quadratic	root-5-2-3-1	EQ	42977000
PASS	quadratic	sign-5-2-3-1	GT	15009000
PASS	quadratic	inverse-5-2-3-1	EQ	41327000
PASS	quadratic	root-5-2-3-2	EQ	43826000
PASS	quadratic	sign-5-2-3-2	GT	14708000
PASS	quadratic	inverse-5-2-3-2	EQ	42996000
PASS	quadratic	root-5-2-3-3	EQ	47036000
PASS	quadratic	sign-5-2-3-3	GT	15809000
PASS	quadratic	inverse-5-2-3-3	EQ	43726000
PASS	quadratic	root-7-1--3--3	EQ	45606000
PASS	quadratic	sign-7-1--3--3	LT	16509000
PASS	quadratic	inverse-7-1--3--3	EQ	43646000
PASS	quadratic	root-7-1--3--2	EQ	45836000
PASS	quadratic	sign-7-1--3--2	LT	16719000
PASS	quadratic	inverse-7-1--3--2	EQ	47826000
PASS	quadratic	root-7-1--3--1	EQ	44136000
PASS	quadratic	sign-7-1--3--1	LT	16359000
PASS	quadratic	inverse-7-1--3--1	EQ	42727000
PASS	quadratic	root-7-1--3-0	EQ	34677000
PASS	quadratic	sign-7-1--3-0	LT	13469000
PASS	quadratic	inverse-7-1--3-0	EQ	35377000
PASS	quadratic	root-7-1--3-1	EQ	44977000
PASS	quadratic	sign-7-1--3-1	LT	16848000
PASS	quadratic	inverse-7-1--3-1	EQ	42526000
PASS	quadratic	root-7-1--3-2	EQ	46017000
PASS	quadratic	sign-7-1--3-2	GT	17088000
PASS	quadratic	inverse-7-1--3-2	EQ	44276000
PASS	quadratic	root-7-1--3-3	EQ	46316000
PASS	quadratic	sign-7-1--3-3	GT	16718000
PASS	quadratic	inverse-7-1--3-3	EQ	45417000
PASS	quadratic	root-7-1--2--3	EQ	46066000
PASS	quadratic	sign-7-1--2--3	LT	16848000
PASS	quadratic	inverse-7-1--2--3	EQ	43896000
PASS	quadratic	root-7-1--2--2	EQ	44686000
PASS	quadratic	sign-7-1--2--2	LT	16158000
PASS	quadratic	inverse-7-1--2--2	EQ	43436000
PASS	quadratic	root-7-1--2--1	EQ	44217000
PASS	quadratic	sign-7-1--2--1	LT	16528000
PASS	quadratic	inverse-7-1--2--1	EQ	43266000
PASS	quadratic	root-7-1--2-0	EQ	32278000
PASS	quadratic	sign-7-1--2-0	LT	12909000
PASS	quadratic	inverse-7-1--2-0	EQ	34887000
PASS	quadratic	root-7-1--2-1	EQ	45137000
PASS	quadratic	sign-7-1--2-1	GT	17178000
PASS	quadratic	inverse-7-1--2-1	EQ	43607000
PASS	quadratic	root-7-1--2-2	EQ	44946000
PASS	quadratic	sign-7-1--2-2	GT	16438000
PASS	quadratic	inverse-7-1--2-2	EQ	44117000
PASS	quadratic	root-7-1--2-3	EQ	80123000
PASS	quadratic	sign-7-1--2-3	GT	17638000
PASS	quadratic	inverse-7-1--2-3	EQ	45137000
PASS	quadratic	root-7-1--1--3	EQ	46776000
PASS	quadratic	sign-7-1--1--3	LT	17208000
PASS	quadratic	inverse-7-1--1--3	EQ	43956000
PASS	quadratic	root-7-1--1--2	EQ	44776000
PASS	quadratic	sign-7-1--1--2	LT	16468000
PASS	quadratic	inverse-7-1--1--2	EQ	44637000
PASS	quadratic	root-7-1--1--1	EQ	44426000
PASS	quadratic	sign-7-1--1--1	LT	16578000
PASS	quadratic	inverse-7-1--1--1	EQ	48956000
PASS	quadratic	root-7-1--1-0	EQ	33158000
PASS	quadratic	sign-7-1--1-0	LT	13539000
PASS	quadratic	inverse-7-1--1-0	EQ	35067000
PASS	quadratic	root-7-1--1-1	EQ	45737000
PASS	quadratic	sign-7-1--1-1	GT	16869000
PASS	quadratic	inverse-7-1--1-1	EQ	43566000
PASS	quadratic	root-7-1--1-2	EQ	45917000
PASS	quadratic	sign-7-1--1-2	GT	17749000
PASS	quadratic	inverse-7-1--1-2	EQ	44967000
PASS	quadratic	root-7-1--1-3	EQ	44866000
PASS	quadratic	sign-7-1--1-3	GT	16429000
PASS	quadratic	inverse-7-1--1-3	EQ	44176000
PASS	quadratic	root-7-1-0--3	EQ	36797000
PASS	quadratic	sign-7-1-0--3	LT	15489000
PASS	quadratic	inverse-7-1-0--3	EQ	45056000
PASS	quadratic	root-7-1-0--2	EQ	37477000
PASS	quadratic	sign-7-1-0--2	LT	15209000
PASS	quadratic	inverse-7-1-0--2	EQ	41056000
PASS	quadratic	root-7-1-0--1	EQ	39406000
PASS	quadratic	sign-7-1-0--1	LT	15758000
PASS	quadratic	inverse-7-1-0--1	EQ	70074000
PASS	quadratic	root-7-1-0-0	EQ	27198000
PASS	quadratic	sign-7-1-0-0	EQ	12179000
PASS	quadratic	root-7-1-0-1	EQ	34787000
PASS	quadratic	sign-7-1-0-1	GT	14489000
PASS	quadratic	inverse-7-1-0-1	EQ	42146000
PASS	quadratic	root-7-1-0-2	EQ	35917000
PASS	quadratic	sign-7-1-0-2	GT	14479000
PASS	quadratic	inverse-7-1-0-2	EQ	41477000
PASS	quadratic	root-7-1-0-3	EQ	36027000
PASS	quadratic	sign-7-1-0-3	GT	14149000
PASS	quadratic	inverse-7-1-0-3	EQ	41577000
PASS	quadratic	root-7-1-1--3	EQ	48066000
PASS	quadratic	sign-7-1-1--3	LT	17278000
PASS	quadratic	inverse-7-1-1--3	EQ	265359000
PASS	quadratic	root-7-1-1--2	EQ	47386000
PASS	quadratic	sign-7-1-1--2	LT	17269000
PASS	quadratic	inverse-7-1-1--2	EQ	43166000
PASS	quadratic	root-7-1-1--1	EQ	46286000
PASS	quadratic	sign-7-1-1--1	LT	16919000
PASS	quadratic	inverse-7-1-1--1	EQ	42886000
PASS	quadratic	root-7-1-1-0	EQ	30687000
PASS	quadratic	sign-7-1-1-0	GT	12279000
PASS	quadratic	inverse-7-1-1-0	EQ	41436000
PASS	quadratic	root-7-1-1-1	EQ	42927000
PASS	quadratic	sign-7-1-1-1	GT	14339000
PASS	quadratic	inverse-7-1-1-1	EQ	42787000
PASS	quadratic	root-7-1-1-2	EQ	42666000
PASS	quadratic	sign-7-1-1-2	GT	14588000
PASS	quadratic	inverse-7-1-1-2	EQ	43116000
PASS	quadratic	root-7-1-1-3	EQ	42597000
PASS	quadratic	sign-7-1-1-3	GT	15119000
PASS	quadratic	inverse-7-1-1-3	EQ	43416000
PASS	quadratic	root-7-1-2--3	EQ	68045000
PASS	quadratic	sign-7-1-2--3	LT	17539000
PASS	quadratic	inverse-7-1-2--3	EQ	44617000
PASS	quadratic	root-7-1-2--2	EQ	48386000
PASS	quadratic	sign-7-1-2--2	LT	17529000
PASS	quadratic	inverse-7-1-2--2	EQ	43177000
PASS	quadratic	root-7-1-2--1	EQ	47526000
PASS	quadratic	sign-7-1-2--1	LT	17099000
PASS	quadratic	inverse-7-1-2--1	EQ	42666000
PASS	quadratic	root-7-1-2-0	EQ	31047000
PASS	quadratic	sign-7-1-2-0	GT	12459000
PASS	quadratic	inverse-7-1-2-0	EQ	33677000
PASS	quadratic	root-7-1-2-1	EQ	42216000
PASS	quadratic	sign-7-1-2-1	GT	14849000
PASS	quadratic	inverse-7-1-2-1	EQ	42256000
PASS	quadratic	root-7-1-2-2	EQ	42087000
PASS	quadratic	sign-7-1-2-2	GT	14719000
PASS	quadratic	inverse-7-1-2-2	EQ	42837000
PASS	quadratic	root-7-1-2-3	EQ	42536000
PASS	quadratic	sign-7-1-2-3	GT	14749000
PASS	quadratic	inverse-7-1-2-3	EQ	43886000
PASS	quadratic	root-7-1-3--3	EQ	47036000
PASS	quadratic	sign-7-1-3--3	LT	17278000
PASS	quadratic	inverse-7-1-3--3	EQ	42386000
PASS	quadratic	root-7-1-3--2	EQ	47026000
PASS	quadratic	sign-7-1-3--2	LT	18098000
PASS	quadratic	inverse-7-1-3--2	EQ	55665000
PASS	quadratic	root-7-1-3--1	EQ	46916000
PASS	quadratic	sign-7-1-3--1	GT	17538000
PASS	quadratic	inverse-7-1-3--1	EQ	45966000
PASS	quadratic	root-7-1-3-0	EQ	31878000
PASS	quadratic	sign-7-1-3-0	GT	44506000
PASS	quadratic	inverse-7-1-3-0	EQ	35947000
PASS	quadratic	root-7-1-3-1	EQ	42446000
PASS	quadratic	sign-7-1-3-1	GT	15218000
PASS	quadratic	inverse-7-1-3-1	EQ	42376000
PASS	quadratic	root-7-1-3-2	EQ	43587000
PASS	quadratic	sign-7-1-3-2	GT	16889000
PASS	quadratic	inverse-7-1-3-2	EQ	51145000
PASS	quadratic	root-7-1-3-3	EQ	44456000
PASS	quadratic	sign-7-1-3-3	GT	15069000
PASS	quadratic	inverse-7-1-3-3	EQ	43047000
PASS	quadratic	root-7-2--3--3	EQ	48406000
PASS	quadratic	sign-7-2--3--3	LT	17159000
PASS	quadratic	inverse-7-2--3--3	EQ	45596000
PASS	quadratic	root-7-2--3--2	EQ	48236000
PASS	quadratic	sign-7-2--3--2	LT	17248000
PASS	quadratic	inverse-7-2--3--2	EQ	47366000
PASS	quadratic	root-7-2--3--1	EQ	47806000
PASS	quadratic	sign-7-2--3--1	LT	17229000
PASS	quadratic	inverse-7-2--3--1	EQ	65945000
PASS	quadratic	root-7-2--3-0	EQ	44816000
PASS	quadratic	sign-7-2--3-0	LT	21819000
PASS	quadratic	inverse-7-2--3-0	EQ	56825000
PASS	quadratic	root-7-2--3-1	EQ	75284000
PASS	quadratic	sign-7-2--3-1	LT	28517000
PASS	quadratic	inverse-7-2--3-1	EQ	67654000
PASS	quadratic	root-7-2--3-2	EQ	74774000
PASS	quadratic	sign-7-2--3-2	GT	26968000
PASS	quadratic	inverse-7-2--3-2	EQ	70594000
PASS	quadratic	root-7-2--3-3	EQ	75384000
PASS	quadratic	sign-7-2--3-3	GT	27548000
PASS	quadratic	inverse-7-2--3-3	EQ	71185000
PASS	quadratic	root-7-2--2--3	EQ	80593000
PASS	quadratic	sign-7-2--2--3	LT	27158000
PASS	quadratic	inverse-7-2--2--3	EQ	70594000
PASS	quadratic	root-7-2--2--2	EQ	71484000
PASS	quadratic	sign-7-2--2--2	LT	26518000
PASS	quadratic	inverse-7-2--2--2	EQ	70304000
PASS	quadratic	root-7-2--2--1	EQ	70084000
PASS	quadratic	sign-7-2--2--1	LT	19489000
PASS	quadratic	inverse-7-2--2--1	EQ	59335000
PASS	quadratic	root-7-2--2-0	EQ	43286000
PASS	quadratic	sign-7-2--2-0	LT	13829000
PASS	quadratic	inverse-7-2--2-0	EQ	36357000
PASS	quadratic	root-7-2--2-1	EQ	49405000
PASS	quadratic	sign-7-2--2-1	GT	17688000
PASS	quadratic	inverse-7-2--2-1	EQ	46186000
PASS	quadratic	root-7-2--2-2	EQ	48917000
PASS	quadratic	sign-7-2--2-2	GT	17879000
PASS	quadratic	inverse-7-2--2-2	EQ	45386000
PASS	quadratic	root-7-2--2-3	EQ	49106000
PASS	quadratic	sign-7-2--2-3	GT	17479000
PASS	quadratic	inverse-7-2--2-3	EQ	46366000
PASS	quadratic	root-7-2--1--3	EQ	47407000
PASS	quadratic	sign-7-2--1--3	LT	17888000
PASS	quadratic	inverse-7-2--1--3	EQ	45706000
PASS	quadratic	root-7-2--1--2	EQ	46686000
PASS	quadratic	sign-7-2--1--2	LT	16549000
PASS	quadratic	inverse-7-2--1--2	EQ	45286000
PASS	quadratic	root-7-2--1--1	EQ	47166000
PASS	quadratic	sign-7-2--1--1	LT	16869000
PASS	quadratic	inverse-7-2--1--1	EQ	44246000
PASS	quadratic	root-7-2--1-0	EQ	63375000
PASS	quadratic	sign-7-2--1-0	LT	15179000
PASS	quadratic	inverse-7-2--1-0	EQ	37087000
PASS	quadratic	root-7-2--1-1	EQ	49206000
PASS	quadratic	sign-7-2--1-1	GT	17869000
PASS	quadratic	inverse-7-2--1-1	EQ	43846000
PASS	quadratic	root-7-2--1-2	EQ	50186000
PASS	quadratic	sign-7-2--1-2	GT	18128000
PASS	quadratic	inverse-7-2--1-2	EQ	46686000
PASS	quadratic	root-7-2--1-3	EQ	47866000
PASS	quadratic	sign-7-2--1-3	GT	17099000
PASS	quadratic	inverse-7-2--1-3	EQ	44817000
PASS	quadratic	root-7-2-0--3	EQ	36717000
PASS	quadratic	sign-7-2-0--3	LT	15479000
PASS	quadratic	inverse-7-2-0--3	EQ	41047000
PASS	quadratic	root-7-2-0--2	EQ	35887000
PASS	quadratic	sign-7-2-0--2	LT	14979000
PASS	quadratic	inverse-7-2-0--2	EQ	40677000
PASS	quadratic	root-7-2-0--1	EQ	36877000
PASS	quadratic	sign-7-2-0--1	LT	15129000
PASS	quadratic	inverse-7-2-0--1	EQ	41017000
PASS	quadratic	root-7-2-0-0	EQ	26088000
PASS	quadratic	sign-7-2-0-0	EQ	11929000
PASS	quadratic	root-7-2-0-1	EQ	34578000
PASS	quadratic	sign-7-2-0-1	GT	14119000
PASS	quadratic	inverse-7-2-0-1	EQ	40427000
PASS	quadratic	root-7-2-0-2	EQ	34247000
PASS	quadratic	sign-7-2-0-2	GT	13839000
PASS	quadratic	inverse-7-2-0-2	EQ	40267000
PASS	quadratic	root-7-2-0-3	EQ	34747000
PASS	quadratic	sign-7-2-0-3	GT	13729000
PASS	quadratic	inverse-7-2-0-3	EQ	41086000
PASS	quadratic	root-7-2-1--3	EQ	50726000
PASS	quadratic	sign-7-2-1--3	LT	17599000
PASS	quadratic	inverse-7-2-1--3	EQ	45176000
PASS	quadratic	root-7-2-1--2	EQ	48206000
PASS	quadratic	sign-7-2-1--2	LT	17588000
PASS	quadratic	inverse-7-2-1--2	EQ	46816000
PASS	quadratic	root-7-2-1--1	EQ	48356000
PASS	quadratic	sign-7-2-1--1	LT	17709000
PASS	quadratic	inverse-7-2-1--1	EQ	42546000
PASS	quadratic	root-7-2-1-0	EQ	31547000
PASS	quadratic	sign-7-2-1-0	GT	12399000
PASS	quadratic	inverse-7-2-1-0	EQ	32908000
PASS	quadratic	root-7-2-1-1	EQ	51506000
PASS	quadratic	sign-7-2-1-1	GT	14829000
PASS	quadratic	inverse-7-2-1-1	EQ	42626000
PASS	quadratic	root-7-2-1-2	EQ	43306000
PASS	quadratic	sign-7-2-1-2	GT	14809000
PASS	quadratic	inverse-7-2-1-2	EQ	43447000
PASS	quadratic	root-7-2-1-3	EQ	44926000
PASS	quadratic	sign-7-2-1-3	GT	15019000
PASS	quadratic	inverse-7-2-1-3	EQ	43336000
PASS	quadratic	root-7-2-2--3	EQ	49526000
PASS	quadratic	sign-7-2-2--3	LT	17478000
PASS	quadratic	inverse-7-2-2--3	EQ	44326000
PASS	quadratic	root-7-2-2--2	EQ	46776000
PASS	quadratic	sign-7-2-2--2	LT	17158000
PASS	quadratic	inverse-7-2-2--2	EQ	42386000
PASS	quadratic	root-7-2-2--1	EQ	48196000
PASS	quadratic	sign-7-2-2--1	LT	16978000
PASS	quadratic	inverse-7-2-2--1	EQ	42506000
PASS	quadratic	root-7-2-2-0	EQ	31048000
PASS	quadratic	sign-7-2-2-0	GT	12499000
PASS	quadratic	inverse-7-2-2-0	EQ	36127000
PASS	quadratic	root-7-2-2-1	EQ	45956000
PASS	quadratic	sign-7-2-2-1	GT	14849000
PASS	quadratic	inverse-7-2-2-1	EQ	42187000
PASS	quadratic	root-7-2-2-2	EQ	41557000
PASS	quadratic	sign-7-2-2-2	GT	14329000
PASS	quadratic	inverse-7-2-2-2	EQ	42027000
PASS	quadratic	root-7-2-2-3	EQ	44696000
PASS	quadratic	sign-7-2-2-3	GT	14769000
PASS	quadratic	inverse-7-2-2-3	EQ	44296000
PASS	quadratic	root-7-2-3--3	EQ	48636000
PASS	quadratic	sign-7-2-3--3	LT	17318000
PASS	quadratic	inverse-7-2-3--3	EQ	42367000
PASS	quadratic	root-7-2-3--2	EQ	46726000
PASS	quadratic	sign-7-2-3--2	LT	19369000
PASS	quadratic	inverse-7-2-3--2	EQ	56975000
PASS	quadratic	root-7-2-3--1	EQ	67134000
PASS	quadratic	sign-7-2-3--1	GT	27278000
PASS	quadratic	inverse-7-2-3--1	EQ	63514000
PASS	quadratic	root-7-2-3-0	EQ	50786000
PASS	quadratic	sign-7-2-3-0	GT	20248000
PASS	quadratic	inverse-7-2-3-0	EQ	53526000
PASS	quadratic	root-7-2-3-1	EQ	69584000
PASS	quadratic	sign-7-2-3-1	GT	24168000
PASS	quadratic	inverse-7-2-3-1	EQ	64834000
PASS	quadratic	root-7-2-3-2	EQ	70694000
PASS	quadratic	sign-7-2-3-2	GT	25398000
PASS	quadratic	inverse-7-2-3-2	EQ	68405000
PASS	quadratic	root-7-2-3-3	EQ	71355000
PASS	quadratic	sign-7-2-3-3	GT	23958000
PASS	quadratic	inverse-7-2-3-3	EQ	67315000
PASS	tower-1	expanded--3--1	EQ	69924000
PASS	tower-1	inverse--3--1	EQ	129520000
PASS	tower-1	expanded--3-1	EQ	69274000
PASS	tower-1	inverse--3-1	EQ	58115000
PASS	tower-1	expanded--2--1	EQ	55505000
PASS	tower-1	inverse--2--1	EQ	48726000
PASS	tower-1	expanded--2-1	EQ	46236000
PASS	tower-1	inverse--2-1	EQ	48786000
PASS	tower-1	expanded--1--1	EQ	48596000
PASS	tower-1	inverse--1--1	EQ	48585000
PASS	tower-1	expanded--1-1	EQ	46026000
PASS	tower-1	inverse--1-1	EQ	47866000
PASS	tower-1	expanded-0--1	EQ	36877000
PASS	tower-1	inverse-0--1	EQ	45597000
PASS	tower-1	expanded-0-1	EQ	35387000
PASS	tower-1	inverse-0-1	EQ	45626000
PASS	tower-1	expanded-1--1	EQ	47077000
PASS	tower-1	inverse-1--1	EQ	45596000
PASS	tower-1	expanded-1-1	EQ	41827000
PASS	tower-1	inverse-1-1	EQ	44966000
PASS	tower-1	expanded-2--1	EQ	45046000
PASS	tower-1	inverse-2--1	EQ	46176000
PASS	tower-1	expanded-2-1	EQ	40637000
PASS	tower-1	inverse-2-1	EQ	49926000
PASS	tower-1	expanded-3--1	EQ	64855000
PASS	tower-1	inverse-3--1	EQ	84742000
PASS	tower-1	expanded-3-1	EQ	43407000
PASS	tower-1	inverse-3-1	EQ	48026000
PASS	tower-2	expanded--3--1	EQ	94942000
PASS	tower-2	inverse--3--1	EQ	102522000
PASS	tower-2	expanded--3-1	EQ	100882000
PASS	tower-2	inverse--3-1	EQ	100091000
PASS	tower-2	expanded--2--1	EQ	102202000
PASS	tower-2	inverse--2--1	EQ	115850000
PASS	tower-2	expanded--2-1	EQ	100762000
PASS	tower-2	inverse--2-1	EQ	97752000
PASS	tower-2	expanded--1--1	EQ	105381000
PASS	tower-2	inverse--1--1	EQ	94252000
PASS	tower-2	expanded--1-1	EQ	131949000
PASS	tower-2	inverse--1-1	EQ	94682000
PASS	tower-2	expanded-0--1	EQ	74524000
PASS	tower-2	inverse-0--1	EQ	85073000
PASS	tower-2	expanded-0-1	EQ	70904000
PASS	tower-2	inverse-0-1	EQ	84183000
PASS	tower-2	expanded-1--1	EQ	102093000
PASS	tower-2	inverse-1--1	EQ	91433000
PASS	tower-2	expanded-1-1	EQ	94032000
PASS	tower-2	inverse-1-1	EQ	92502000
PASS	tower-2	expanded-2--1	EQ	96932000
PASS	tower-2	inverse-2--1	EQ	91492000
PASS	tower-2	expanded-2-1	EQ	87443000
PASS	tower-2	inverse-2-1	EQ	127080000
PASS	tower-2	expanded-3--1	EQ	113530000
PASS	tower-2	inverse-3--1	EQ	99611000
PASS	tower-2	expanded-3-1	EQ	89683000
PASS	tower-2	inverse-3-1	EQ	107771000
PASS	tower-3	expanded--3--1	EQ	196384000
PASS	tower-3	inverse--3--1	EQ	220582000
PASS	tower-3	expanded--3-1	EQ	228342000
PASS	tower-3	inverse--3-1	EQ	225641000
PASS	tower-3	expanded--2--1	EQ	184015000
PASS	tower-3	inverse--2--1	EQ	195853000
PASS	tower-3	expanded--2-1	EQ	194344000
PASS	tower-3	inverse--2-1	EQ	196614000
PASS	tower-3	expanded--1--1	EQ	204083000
PASS	tower-3	inverse--1--1	EQ	192744000
PASS	tower-3	expanded--1-1	EQ	260749000
PASS	tower-3	inverse--1-1	EQ	196613000
PASS	tower-3	expanded-0--1	EQ	159247000
PASS	tower-3	inverse-0--1	EQ	182015000
PASS	tower-3	expanded-0-1	EQ	152007000
PASS	tower-3	inverse-0-1	EQ	180255000
PASS	tower-3	expanded-1--1	EQ	235531000
PASS	tower-3	inverse-1--1	EQ	201483000
PASS	tower-3	expanded-1-1	EQ	202233000
PASS	tower-3	inverse-1-1	EQ	193014000
PASS	tower-3	expanded-2--1	EQ	193594000
PASS	tower-3	inverse-2--1	EQ	193564000
PASS	tower-3	expanded-2-1	EQ	205383000
PASS	tower-3	inverse-2-1	EQ	198774000
PASS	tower-3	expanded-3--1	EQ	192624000
PASS	tower-3	inverse-3--1	EQ	208713000
PASS	tower-3	expanded-3-1	EQ	176925000
PASS	tower-3	inverse-3-1	EQ	210812000
PASS	tower-4	expanded--3--1	EQ	342201000
PASS	tower-4	inverse--3--1	EQ	511778000
PASS	tower-4	expanded--3-1	EQ	365520000
PASS	tower-4	inverse--3-1	EQ	537144000
PASS	tower-4	expanded--2--1	EQ	337672000
PASS	tower-4	inverse--2--1	EQ	399256000
PASS	tower-4	expanded--2-1	EQ	379698000
PASS	tower-4	inverse--2-1	EQ	395487000
PASS	tower-4	expanded--1--1	EQ	405466000
PASS	tower-4	inverse--1--1	EQ	409106000
PASS	tower-4	expanded--1-1	EQ	418086000
PASS	tower-4	inverse--1-1	EQ	389758000
PASS	tower-4	expanded-0--1	EQ	374749000
PASS	tower-4	inverse-0--1	EQ	364730000
PASS	tower-4	expanded-0-1	EQ	300505000
PASS	tower-4	inverse-0-1	EQ	355001000
PASS	tower-4	expanded-1--1	EQ	430073000
PASS	tower-4	inverse-1--1	EQ	397327000
PASS	tower-4	expanded-1-1	EQ	404196000
PASS	tower-4	inverse-1-1	EQ	414695000
PASS	tower-4	expanded-2--1	EQ	359821000
PASS	tower-4	inverse-2--1	EQ	396647000
PASS	tower-4	expanded-2-1	EQ	342881000
PASS	tower-4	inverse-2-1	EQ	393158000
PASS	tower-4	expanded-3--1	EQ	357481000
PASS	tower-4	inverse-3--1	EQ	512687000
PASS	tower-4	expanded-3-1	EQ	330443000
PASS	tower-4	inverse-3-1	EQ	471370000
PASS	tower-5	expanded--3--1	EQ	612280000
PASS	tower-5	inverse--3--1	EQ	1527715000
PASS	tower-5	expanded--3-1	EQ	637407000
PASS	tower-5	inverse--3-1	EQ	1653582000
PASS	tower-5	expanded--2--1	EQ	588042000
PASS	tower-5	inverse--2--1	EQ	809113000
PASS	tower-5	expanded--2-1	EQ	638157000
PASS	tower-5	inverse--2-1	EQ	754367000
PASS	tower-5	expanded--1--1	EQ	757867000
PASS	tower-5	inverse--1--1	EQ	751828000
PASS	tower-5	expanded--1-1	EQ	824241000
PASS	tower-5	inverse--1-1	EQ	964090000
PASS	tower-5	expanded-0--1	EQ	856349000
PASS	tower-5	inverse-0--1	EQ	711531000
PASS	tower-5	expanded-0-1	EQ	559073000
PASS	tower-5	inverse-0-1	EQ	732480000
PASS	tower-5	expanded-1--1	EQ	754668000
PASS	tower-5	inverse-1--1	EQ	763217000
PASS	tower-5	expanded-1-1	EQ	755037000
PASS	tower-5	inverse-1-1	EQ	750687000
PASS	tower-5	expanded-2--1	EQ	631747000
PASS	tower-5	inverse-2--1	EQ	768616000
PASS	tower-5	expanded-2-1	EQ	572352000
PASS	tower-5	inverse-2-1	EQ	775736000
PASS	tower-5	expanded-3--1	EQ	716130000
PASS	tower-5	inverse-3--1	EQ	1160153000
PASS	tower-5	expanded-3-1	EQ	593210000
PASS	tower-5	inverse-3-1	EQ	1172763000
PASS	independent	surd-2-3--1--1	EQ	89383000
PASS	independent	surd-2-3--1-1	EQ	73924000
PASS	independent	surd-2-3-1--1	EQ	70344000
PASS	independent	surd-2-3-1-1	EQ	65515000
PASS	independent	surd-2-5--1--1	EQ	96492000
PASS	independent	surd-2-5--1-1	EQ	76924000
PASS	independent	surd-2-5-1--1	EQ	75754000
PASS	independent	surd-2-5-1-1	EQ	71744000
PASS	independent	surd-3-7--1--1	EQ	75424000
PASS	independent	surd-3-7--1-1	EQ	76204000
PASS	independent	surd-3-7-1--1	EQ	75864000
PASS	independent	surd-3-7-1-1	EQ	71504000
PASS	independent	surd-5-7--1--1	EQ	73934000
PASS	independent	surd-5-7--1-1	EQ	91942000
PASS	independent	surd-5-7-1--1	EQ	91832000
PASS	independent	surd-5-7-1-1	EQ	72394000
SUMMARY	1324	1324
