PASS	quadratic	root-2-1--3--3	EQ	106461000
PASS	quadratic	sign-2-1--3--3	LT	29908000
PASS	quadratic	inverse-2-1--3--3	EQ	57856000
PASS	quadratic	root-2-1--3--2	EQ	53905000
PASS	quadratic	sign-2-1--3--2	LT	27248000
PASS	quadratic	inverse-2-1--3--2	EQ	51146000
PASS	quadratic	root-2-1--3--1	EQ	50976000
PASS	quadratic	sign-2-1--3--1	LT	28027000
PASS	quadratic	inverse-2-1--3--1	EQ	50586000
PASS	quadratic	root-2-1--3-0	EQ	46146000
PASS	quadratic	sign-2-1--3-0	LT	25298000
PASS	quadratic	inverse-2-1--3-0	EQ	47506000
PASS	quadratic	root-2-1--3-1	EQ	50366000
PASS	quadratic	sign-2-1--3-1	LT	28348000
PASS	quadratic	inverse-2-1--3-1	EQ	83933000
PASS	quadratic	root-2-1--3-2	EQ	64054000
PASS	quadratic	sign-2-1--3-2	LT	28467000
PASS	quadratic	inverse-2-1--3-2	EQ	55826000
PASS	quadratic	root-2-1--3-3	EQ	49576000
PASS	quadratic	sign-2-1--3-3	GT	22308000
PASS	quadratic	inverse-2-1--3-3	EQ	56186000
PASS	quadratic	root-2-1--2--3	EQ	49616000
PASS	quadratic	sign-2-1--2--3	LT	24418000
PASS	quadratic	inverse-2-1--2--3	EQ	53326000
PASS	quadratic	root-2-1--2--2	EQ	49076000
PASS	quadratic	sign-2-1--2--2	LT	28318000
PASS	quadratic	inverse-2-1--2--2	EQ	54855000
PASS	quadratic	root-2-1--2--1	EQ	48946000
PASS	quadratic	sign-2-1--2--1	LT	28128000
PASS	quadratic	inverse-2-1--2--1	EQ	53866000
PASS	quadratic	root-2-1--2-0	EQ	44627000
PASS	quadratic	sign-2-1--2-0	LT	22378000
PASS	quadratic	inverse-2-1--2-0	EQ	52786000
PASS	quadratic	root-2-1--2-1	EQ	50376000
PASS	quadratic	sign-2-1--2-1	LT	23338000
PASS	quadratic	inverse-2-1--2-1	EQ	54936000
PASS	quadratic	root-2-1--2-2	EQ	51906000
PASS	quadratic	sign-2-1--2-2	GT	24938000
PASS	quadratic	inverse-2-1--2-2	EQ	55976000
PASS	quadratic	root-2-1--2-3	EQ	54665000
PASS	quadratic	sign-2-1--2-3	GT	22968000
PASS	quadratic	inverse-2-1--2-3	EQ	55395000
PASS	quadratic	root-2-1--1--3	EQ	50165000
PASS	quadratic	sign-2-1--1--3	LT	24538000
PASS	quadratic	inverse-2-1--1--3	EQ	54765000
PASS	quadratic	root-2-1--1--2	EQ	69885000
PASS	quadratic	sign-2-1--1--2	LT	10169000
PASS	quadratic	inverse-2-1--1--2	EQ	21568000
PASS	quadratic	root-2-1--1--1	EQ	19948000
PASS	quadratic	sign-2-1--1--1	LT	12339000
PASS	quadratic	inverse-2-1--1--1	EQ	20828000
PASS	quadratic	root-2-1--1-0	EQ	17598000
PASS	quadratic	sign-2-1--1-0	LT	8809000
PASS	quadratic	inverse-2-1--1-0	EQ	18019000
PASS	quadratic	root-2-1--1-1	EQ	19399000
PASS	quadratic	sign-2-1--1-1	GT	11859000
PASS	quadratic	inverse-2-1--1-1	EQ	35388000
PASS	quadratic	root-2-1--1-2	EQ	32838000
PASS	quadratic	sign-2-1--1-2	GT	16338000
PASS	quadratic	inverse-2-1--1-2	EQ	25028000
PASS	quadratic	root-2-1--1-3	EQ	19448000
PASS	quadratic	sign-2-1--1-3	GT	8799000
PASS	quadratic	inverse-2-1--1-3	EQ	27248000
PASS	quadratic	root-2-1-0--3	EQ	18289000
PASS	quadratic	sign-2-1-0--3	LT	8910000
PASS	quadratic	inverse-2-1-0--3	EQ	18719000
PASS	quadratic	root-2-1-0--2	EQ	16699000
PASS	quadratic	sign-2-1-0--2	LT	8789000
PASS	quadratic	inverse-2-1-0--2	EQ	18478000
PASS	quadratic	root-2-1-0--1	EQ	16738000
PASS	quadratic	sign-2-1-0--1	LT	8499000
PASS	quadratic	inverse-2-1-0--1	EQ	17519000
PASS	quadratic	root-2-1-0-0	EQ	14469000
PASS	quadratic	sign-2-1-0-0	EQ	7250000
PASS	quadratic	root-2-1-0-1	EQ	14969000
PASS	quadratic	sign-2-1-0-1	GT	7540000
PASS	quadratic	inverse-2-1-0-1	EQ	17649000
PASS	quadratic	root-2-1-0-2	EQ	15439000
PASS	quadratic	sign-2-1-0-2	GT	7700000
PASS	quadratic	inverse-2-1-0-2	EQ	18279000
PASS	quadratic	root-2-1-0-3	EQ	15609000
PASS	quadratic	sign-2-1-0-3	GT	7580000
PASS	quadratic	inverse-2-1-0-3	EQ	18449000
PASS	quadratic	root-2-1-1--3	EQ	18788000
PASS	quadratic	sign-2-1-1--3	LT	8779000
PASS	quadratic	inverse-2-1-1--3	EQ	18448000
PASS	quadratic	root-2-1-1--2	EQ	18809000
PASS	quadratic	sign-2-1-1--2	LT	8770000
PASS	quadratic	inverse-2-1-1--2	EQ	18518000
PASS	quadratic	root-2-1-1--1	EQ	18568000
PASS	quadratic	sign-2-1-1--1	LT	8749000
PASS	quadratic	inverse-2-1-1--1	EQ	17828000
PASS	quadratic	root-2-1-1-0	EQ	50896000
PASS	quadratic	sign-2-1-1-0	GT	8349000
PASS	quadratic	inverse-2-1-1-0	EQ	15129000
PASS	quadratic	root-2-1-1-1	EQ	16929000
PASS	quadratic	sign-2-1-1-1	GT	7850000
PASS	quadratic	inverse-2-1-1-1	EQ	19299000
PASS	quadratic	root-2-1-1-2	EQ	17359000
PASS	quadratic	sign-2-1-1-2	GT	7719000
PASS	quadratic	inverse-2-1-1-2	EQ	18469000
PASS	quadratic	root-2-1-1-3	EQ	16619000
PASS	quadratic	sign-2-1-1-3	GT	7810000
PASS	quadratic	inverse-2-1-1-3	EQ	18739000
PASS	quadratic	root-2-1-2--3	EQ	19198000
PASS	quadratic	sign-2-1-2--3	LT	9079000
PASS	quadratic	inverse-2-1-2--3	EQ	18518000
PASS	quadratic	root-2-1-2--2	EQ	18689000
PASS	quadratic	sign-2-1-2--2	LT	8850000
PASS	quadratic	inverse-2-1-2--2	EQ	18189000
PASS	quadratic	root-2-1-2--1	EQ	18648000
PASS	quadratic	sign-2-1-2--1	GT	8879000
PASS	quadratic	inverse-2-1-2--1	EQ	17478000
PASS	quadratic	root-2-1-2-0	EQ	17618000
PASS	quadratic	sign-2-1-2-0	GT	7349000
PASS	quadratic	inverse-2-1-2-0	EQ	15529000
PASS	quadratic	root-2-1-2-1	EQ	16728000
PASS	quadratic	sign-2-1-2-1	GT	7849000
PASS	quadratic	inverse-2-1-2-1	EQ	17698000
PASS	quadratic	root-2-1-2-2	EQ	16859000
PASS	quadratic	sign-2-1-2-2	GT	7819000
PASS	quadratic	inverse-2-1-2-2	EQ	29598000
PASS	quadratic	root-2-1-2-3	EQ	31357000
PASS	quadratic	sign-2-1-2-3	GT	8529000
PASS	quadratic	inverse-2-1-2-3	EQ	19819000
PASS	quadratic	root-2-1-3--3	EQ	19698000
PASS	quadratic	sign-2-1-3--3	LT	9369000
PASS	quadratic	inverse-2-1-3--3	EQ	18228000
PASS	quadratic	root-2-1-3--2	EQ	19139000
PASS	quadratic	sign-2-1-3--2	GT	8630000
PASS	quadratic	inverse-2-1-3--2	EQ	17189000
PASS	quadratic	root-2-1-3--1	EQ	18459000
PASS	quadratic	sign-2-1-3--1	GT	9029000
PASS	quadratic	inverse-2-1-3--1	EQ	17388000
PASS	quadratic	root-2-1-3-0	EQ	15148000
PASS	quadratic	sign-2-1-3-0	GT	7409000
PASS	quadratic	inverse-2-1-3-0	EQ	17168000
PASS	quadratic	root-2-1-3-1	EQ	17149000
PASS	quadratic	sign-2-1-3-1	GT	7940000
PASS	quadratic	inverse-2-1-3-1	EQ	17919000
PASS	quadratic	root-2-1-3-2	EQ	151757000
PASS	quadratic	sign-2-1-3-2	GT	10149000
PASS	quadratic	inverse-2-1-3-2	EQ	18529000
PASS	quadratic	root-2-1-3-3	EQ	17519000
PASS	quadratic	sign-2-1-3-3	GT	7640000
PASS	quadratic	inverse-2-1-3-3	EQ	18669000
PASS	quadratic	root-2-2--3--3	EQ	20668000
PASS	quadratic	sign-2-2--3--3	LT	9829000
PASS	quadratic	inverse-2-2--3--3	EQ	20178000
PASS	quadratic	root-2-2--3--2	EQ	20058000
PASS	quadratic	sign-2-2--3--2	LT	9700000
PASS	quadratic	inverse-2-2--3--2	EQ	19208000
PASS	quadratic	root-2-2--3--1	EQ	19558000
PASS	quadratic	sign-2-2--3--1	LT	9370000
PASS	quadratic	inverse-2-2--3--1	EQ	19488000
PASS	quadratic	root-2-2--3-0	EQ	16498000
PASS	quadratic	sign-2-2--3-0	LT	8469000
PASS	quadratic	inverse-2-2--3-0	EQ	17238000
PASS	quadratic	root-2-2--3-1	EQ	19338000
PASS	quadratic	sign-2-2--3-1	LT	9069000
PASS	quadratic	inverse-2-2--3-1	EQ	19139000
PASS	quadratic	root-2-2--3-2	EQ	19658000
PASS	quadratic	sign-2-2--3-2	LT	8989000
PASS	quadratic	inverse-2-2--3-2	EQ	18898000
PASS	quadratic	root-2-2--3-3	EQ	19899000
PASS	quadratic	sign-2-2--3-3	GT	8960000
PASS	quadratic	inverse-2-2--3-3	EQ	20008000
PASS	quadratic	root-2-2--2--3	EQ	19678000
PASS	quadratic	sign-2-2--2--3	LT	9349000
PASS	quadratic	inverse-2-2--2--3	EQ	20129000
PASS	quadratic	root-2-2--2--2	EQ	18908000
PASS	quadratic	sign-2-2--2--2	LT	9330000
PASS	quadratic	inverse-2-2--2--2	EQ	19408000
PASS	quadratic	root-2-2--2--1	EQ	19038000
PASS	quadratic	sign-2-2--2--1	LT	14479000
PASS	quadratic	inverse-2-2--2--1	EQ	20298000
PASS	quadratic	root-2-2--2-0	EQ	16158000
PASS	quadratic	sign-2-2--2-0	LT	10969000
PASS	quadratic	inverse-2-2--2-0	EQ	17049000
PASS	quadratic	root-2-2--2-1	EQ	19179000
PASS	quadratic	sign-2-2--2-1	LT	9200000
PASS	quadratic	inverse-2-2--2-1	EQ	18808000
PASS	quadratic	root-2-2--2-2	EQ	18758000
PASS	quadratic	sign-2-2--2-2	GT	8799000
PASS	quadratic	inverse-2-2--2-2	EQ	18919000
PASS	quadratic	root-2-2--2-3	EQ	19839000
PASS	quadratic	sign-2-2--2-3	GT	8969000
PASS	quadratic	inverse-2-2--2-3	EQ	46896000
PASS	quadratic	root-2-2--1--3	EQ	19959000
PASS	quadratic	sign-2-2--1--3	LT	9409000
PASS	quadratic	inverse-2-2--1--3	EQ	20608000
PASS	quadratic	root-2-2--1--2	EQ	19428000
PASS	quadratic	sign-2-2--1--2	LT	9150000
PASS	quadratic	inverse-2-2--1--2	EQ	19958000
PASS	quadratic	root-2-2--1--1	EQ	19228000
PASS	quadratic	sign-2-2--1--1	LT	9159000
PASS	quadratic	inverse-2-2--1--1	EQ	20308000
PASS	quadratic	root-2-2--1-0	EQ	16569000
PASS	quadratic	sign-2-2--1-0	LT	8199000
PASS	quadratic	inverse-2-2--1-0	EQ	16968000
PASS	quadratic	root-2-2--1-1	EQ	19238000
PASS	quadratic	sign-2-2--1-1	GT	8809000
PASS	quadratic	inverse-2-2--1-1	EQ	19039000
PASS	quadratic	root-2-2--1-2	EQ	19159000
PASS	quadratic	sign-2-2--1-2	GT	9029000
PASS	quadratic	inverse-2-2--1-2	EQ	19448000
PASS	quadratic	root-2-2--1-3	EQ	19468000
PASS	quadratic	sign-2-2--1-3	GT	8849000
PASS	quadratic	inverse-2-2--1-3	EQ	19899000
PASS	quadratic	root-2-2-0--3	EQ	16909000
PASS	quadratic	sign-2-2-0--3	LT	8619000
PASS	quadratic	inverse-2-2-0--3	EQ	18438000
PASS	quadratic	root-2-2-0--2	EQ	16708000
PASS	quadratic	sign-2-2-0--2	LT	8679000
PASS	quadratic	inverse-2-2-0--2	EQ	18058000
PASS	quadratic	root-2-2-0--1	EQ	17129000
PASS	quadratic	sign-2-2-0--1	LT	8419000
PASS	quadratic	inverse-2-2-0--1	EQ	19268000
PASS	quadratic	root-2-2-0-0	EQ	14459000
PASS	quadratic	sign-2-2-0-0	EQ	7239000
PASS	quadratic	root-2-2-0-1	EQ	15759000
PASS	quadratic	sign-2-2-0-1	GT	7470000
PASS	quadratic	inverse-2-2-0-1	EQ	17879000
PASS	quadratic	root-2-2-0-2	EQ	15369000
PASS	quadratic	sign-2-2-0-2	GT	7650000
PASS	quadratic	inverse-2-2-0-2	EQ	17989000
PASS	quadratic	root-2-2-0-3	EQ	16039000
PASS	quadratic	sign-2-2-0-3	GT	7700000
PASS	quadratic	inverse-2-2-0-3	EQ	18698000
PASS	quadratic	root-2-2-1--3	EQ	19948000
PASS	quadratic	sign-2-2-1--3	LT	9179000
PASS	quadratic	inverse-2-2-1--3	EQ	18499000
PASS	quadratic	root-2-2-1--2	EQ	19669000
PASS	quadratic	sign-2-2-1--2	LT	9099000
PASS	quadratic	inverse-2-2-1--2	EQ	40876000
PASS	quadratic	root-2-2-1--1	EQ	20098000
PASS	quadratic	sign-2-2-1--1	LT	9179000
PASS	quadratic	inverse-2-2-1--1	EQ	18639000
PASS	quadratic	root-2-2-1-0	EQ	15459000
PASS	quadratic	sign-2-2-1-0	GT	7640000
PASS	quadratic	inverse-2-2-1-0	EQ	15349000
PASS	quadratic	root-2-2-1-1	EQ	20389000
PASS	quadratic	sign-2-2-1-1	GT	8049000
PASS	quadratic	inverse-2-2-1-1	EQ	18128000
PASS	quadratic	root-2-2-1-2	EQ	24518000
PASS	quadratic	sign-2-2-1-2	GT	16169000
PASS	quadratic	inverse-2-2-1-2	EQ	32497000
PASS	quadratic	root-2-2-1-3	EQ	30738000
PASS	quadratic	sign-2-2-1-3	GT	8359000
PASS	quadratic	inverse-2-2-1-3	EQ	19658000
PASS	quadratic	root-2-2-2--3	EQ	20329000
PASS	quadratic	sign-2-2-2--3	LT	9439000
PASS	quadratic	inverse-2-2-2--3	EQ	19068000
PASS	quadratic	root-2-2-2--2	EQ	19128000
PASS	quadratic	sign-2-2-2--2	LT	9019000
PASS	quadratic	inverse-2-2-2--2	EQ	18269000
PASS	quadratic	root-2-2-2--1	EQ	19029000
PASS	quadratic	sign-2-2-2--1	GT	8989000
PASS	quadratic	inverse-2-2-2--1	EQ	19048000
PASS	quadratic	root-2-2-2-0	EQ	15739000
PASS	quadratic	sign-2-2-2-0	GT	7280000
PASS	quadratic	inverse-2-2-2-0	EQ	15369000
PASS	quadratic	root-2-2-2-1	EQ	17169000
PASS	quadratic	sign-2-2-2-1	GT	7730000
PASS	quadratic	inverse-2-2-2-1	EQ	18279000
PASS	quadratic	root-2-2-2-2	EQ	17029000
PASS	quadratic	sign-2-2-2-2	GT	7490000
PASS	quadratic	inverse-2-2-2-2	EQ	17959000
PASS	quadratic	root-2-2-2-3	EQ	18178000
PASS	quadratic	sign-2-2-2-3	GT	7939000
PASS	quadratic	inverse-2-2-2-3	EQ	18969000
PASS	quadratic	root-2-2-3--3	EQ	19838000
PASS	quadratic	sign-2-2-3--3	LT	9039000
PASS	quadratic	inverse-2-2-3--3	EQ	18688000
PASS	quadratic	root-2-2-3--2	EQ	19229000
PASS	quadratic	sign-2-2-3--2	GT	9070000
PASS	quadratic	inverse-2-2-3--2	EQ	17509000
PASS	quadratic	root-2-2-3--1	EQ	18918000
PASS	quadratic	sign-2-2-3--1	GT	9259000
PASS	quadratic	inverse-2-2-3--1	EQ	17528000
PASS	quadratic	root-2-2-3-0	EQ	14898000
PASS	quadratic	sign-2-2-3-0	GT	7349000
PASS	quadratic	inverse-2-2-3-0	EQ	16889000
PASS	quadratic	root-2-2-3-1	EQ	17289000
PASS	quadratic	sign-2-2-3-1	GT	7829000
PASS	quadratic	inverse-2-2-3-1	EQ	17679000
PASS	quadratic	root-2-2-3-2	EQ	17469000
PASS	quadratic	sign-2-2-3-2	GT	7710000
PASS	quadratic	inverse-2-2-3-2	EQ	17249000
PASS	quadratic	root-2-2-3-3	EQ	17929000
PASS	quadratic	sign-2-2-3-3	GT	7979000
PASS	quadratic	inverse-2-2-3-3	EQ	18488000
PASS	quadratic	root-3-1--3--3	EQ	19078000
PASS	quadratic	sign-3-1--3--3	LT	9099000
PASS	quadratic	inverse-3-1--3--3	EQ	19769000
PASS	quadratic	root-3-1--3--2	EQ	18989000
PASS	quadratic	sign-3-1--3--2	LT	9459000
PASS	quadratic	inverse-3-1--3--2	EQ	19368000
PASS	quadratic	root-3-1--3--1	EQ	18209000
PASS	quadratic	sign-3-1--3--1	LT	9050000
PASS	quadratic	inverse-3-1--3--1	EQ	18648000
PASS	quadratic	root-3-1--3-0	EQ	15898000
PASS	quadratic	sign-3-1--3-0	LT	7989000
PASS	quadratic	inverse-3-1--3-0	EQ	18688000
PASS	quadratic	root-3-1--3-1	EQ	19289000
PASS	quadratic	sign-3-1--3-1	LT	11859000
PASS	quadratic	inverse-3-1--3-1	EQ	19028000
PASS	quadratic	root-3-1--3-2	EQ	19189000
PASS	quadratic	sign-3-1--3-2	GT	8740000
PASS	quadratic	inverse-3-1--3-2	EQ	19288000
PASS	quadratic	root-3-1--3-3	EQ	18918000
PASS	quadratic	sign-3-1--3-3	GT	8679000
PASS	quadratic	inverse-3-1--3-3	EQ	19519000
PASS	quadratic	root-3-1--2--3	EQ	19179000
PASS	quadratic	sign-3-1--2--3	LT	9159000
PASS	quadratic	inverse-3-1--2--3	EQ	19978000
PASS	quadratic	root-3-1--2--2	EQ	18229000
PASS	quadratic	sign-3-1--2--2	LT	9360000
PASS	quadratic	inverse-3-1--2--2	EQ	19529000
PASS	quadratic	root-3-1--2--1	EQ	18268000
PASS	quadratic	sign-3-1--2--1	LT	9069000
PASS	quadratic	inverse-3-1--2--1	EQ	18539000
PASS	quadratic	root-3-1--2-0	EQ	15769000
PASS	quadratic	sign-3-1--2-0	LT	8250000
PASS	quadratic	inverse-3-1--2-0	EQ	16939000
PASS	quadratic	root-3-1--2-1	EQ	20598000
PASS	quadratic	sign-3-1--2-1	LT	9529000
PASS	quadratic	inverse-3-1--2-1	EQ	18879000
PASS	quadratic	root-3-1--2-2	EQ	53106000
PASS	quadratic	sign-3-1--2-2	GT	9349000
PASS	quadratic	inverse-3-1--2-2	EQ	19908000
PASS	quadratic	root-3-1--2-3	EQ	19248000
PASS	quadratic	sign-3-1--2-3	GT	8950000
PASS	quadratic	inverse-3-1--2-3	EQ	20239000
PASS	quadratic	root-3-1--1--3	EQ	18938000
PASS	quadratic	sign-3-1--1--3	LT	9539000
PASS	quadratic	inverse-3-1--1--3	EQ	20219000
PASS	quadratic	root-3-1--1--2	EQ	18799000
PASS	quadratic	sign-3-1--1--2	LT	9279000
PASS	quadratic	inverse-3-1--1--2	EQ	19928000
PASS	quadratic	root-3-1--1--1	EQ	18458000
PASS	quadratic	sign-3-1--1--1	LT	14389000
PASS	quadratic	inverse-3-1--1--1	EQ	34658000
PASS	quadratic	root-3-1--1-0	EQ	24378000
PASS	quadratic	sign-3-1--1-0	LT	9179000
PASS	quadratic	inverse-3-1--1-0	EQ	17888000
PASS	quadratic	root-3-1--1-1	EQ	19788000
PASS	quadratic	sign-3-1--1-1	GT	9170000
PASS	quadratic	inverse-3-1--1-1	EQ	19608000
PASS	quadratic	root-3-1--1-2	EQ	18838000
PASS	quadratic	sign-3-1--1-2	GT	9009000
PASS	quadratic	inverse-3-1--1-2	EQ	20129000
PASS	quadratic	root-3-1--1-3	EQ	18509000
PASS	quadratic	sign-3-1--1-3	GT	8859000
PASS	quadratic	inverse-3-1--1-3	EQ	19738000
PASS	quadratic	root-3-1-0--3	EQ	17119000
PASS	quadratic	sign-3-1-0--3	LT	8799000
PASS	quadratic	inverse-3-1-0--3	EQ	18379000
PASS	quadratic	root-3-1-0--2	EQ	16869000
PASS	quadratic	sign-3-1-0--2	LT	8460000
PASS	quadratic	inverse-3-1-0--2	EQ	17999000
PASS	quadratic	root-3-1-0--1	EQ	16759000
PASS	quadratic	sign-3-1-0--1	LT	8589000
PASS	quadratic	inverse-3-1-0--1	EQ	17928000
PASS	quadratic	root-3-1-0-0	EQ	14218000
PASS	quadratic	sign-3-1-0-0	EQ	7139000
PASS	quadratic	root-3-1-0-1	EQ	15119000
PASS	quadratic	sign-3-1-0-1	GT	7569000
PASS	quadratic	inverse-3-1-0-1	EQ	18428000
PASS	quadratic	root-3-1-0-2	EQ	18799000
PASS	quadratic	sign-3-1-0-2	GT	7870000
PASS	quadratic	inverse-3-1-0-2	EQ	19248000
PASS	quadratic	root-3-1-0-3	EQ	27237000
PASS	quadratic	sign-3-1-0-3	GT	13008000
PASS	quadratic	inverse-3-1-0-3	EQ	33427000
PASS	quadratic	root-3-1-1--3	EQ	80023000
PASS	quadratic	sign-3-1-1--3	LT	17089000
PASS	quadratic	inverse-3-1-1--3	EQ	33477000
PASS	quadratic	root-3-1-1--2	EQ	35367000
PASS	quadratic	sign-3-1-1--2	LT	16159000
PASS	quadratic	inverse-3-1-1--2	EQ	35837000
PASS	quadratic	root-3-1-1--1	EQ	34267000
PASS	quadratic	sign-3-1-1--1	LT	15969000
PASS	quadratic	inverse-3-1-1--1	EQ	33107000
PASS	quadratic	root-3-1-1-0	EQ	27178000
PASS	quadratic	sign-3-1-1-0	GT	13639000
PASS	quadratic	inverse-3-1-1-0	EQ	27127000
PASS	quadratic	root-3-1-1-1	EQ	30298000
PASS	quadratic	sign-3-1-1-1	GT	14109000
PASS	quadratic	inverse-3-1-1-1	EQ	32257000
PASS	quadratic	root-3-1-1-2	EQ	27298000
PASS	quadratic	sign-3-1-1-2	GT	13599000
PASS	quadratic	inverse-3-1-1-2	EQ	22668000
PASS	quadratic	root-3-1-1-3	EQ	18258000
PASS	quadratic	sign-3-1-1-3	GT	8370000
PASS	quadratic	inverse-3-1-1-3	EQ	19449000
PASS	quadratic	root-3-1-2--3	EQ	19708000
PASS	quadratic	sign-3-1-2--3	LT	9399000
PASS	quadratic	inverse-3-1-2--3	EQ	25218000
PASS	quadratic	root-3-1-2--2	EQ	30768000
PASS	quadratic	sign-3-1-2--2	LT	13489000
PASS	quadratic	inverse-3-1-2--2	EQ	30328000
PASS	quadratic	root-3-1-2--1	EQ	30777000
PASS	quadratic	sign-3-1-2--1	GT	14689000
PASS	quadratic	inverse-3-1-2--1	EQ	28228000
PASS	quadratic	root-3-1-2-0	EQ	23798000
PASS	quadratic	sign-3-1-2-0	GT	11799000
PASS	quadratic	inverse-3-1-2-0	EQ	25288000
PASS	quadratic	root-3-1-2-1	EQ	28287000
PASS	quadratic	sign-3-1-2-1	GT	12089000
PASS	quadratic	inverse-3-1-2-1	EQ	29787000
PASS	quadratic	root-3-1-2-2	EQ	25668000
PASS	quadratic	sign-3-1-2-2	GT	7899000
PASS	quadratic	inverse-3-1-2-2	EQ	18858000
PASS	quadratic	root-3-1-2-3	EQ	17769000
PASS	quadratic	sign-3-1-2-3	GT	7740000
PASS	quadratic	inverse-3-1-2-3	EQ	18859000
PASS	quadratic	root-3-1-3--3	EQ	19158000
PASS	quadratic	sign-3-1-3--3	LT	9280000
PASS	quadratic	inverse-3-1-3--3	EQ	18329000
PASS	quadratic	root-3-1-3--2	EQ	18938000
PASS	quadratic	sign-3-1-3--2	LT	9169000
PASS	quadratic	inverse-3-1-3--2	EQ	18308000
PASS	quadratic	root-3-1-3--1	EQ	20798000
PASS	quadratic	sign-3-1-3--1	GT	8890000
PASS	quadratic	inverse-3-1-3--1	EQ	17199000
PASS	quadratic	root-3-1-3-0	EQ	14839000
PASS	quadratic	sign-3-1-3-0	GT	7480000
PASS	quadratic	inverse-3-1-3-0	EQ	14979000
PASS	quadratic	root-3-1-3-1	EQ	16389000
PASS	quadratic	sign-3-1-3-1	GT	7560000
PASS	quadratic	inverse-3-1-3-1	EQ	17639000
PASS	quadratic	root-3-1-3-2	EQ	17459000
PASS	quadratic	sign-3-1-3-2	GT	10219000
PASS	quadratic	inverse-3-1-3-2	EQ	18628000
PASS	quadratic	root-3-1-3-3	EQ	16968000
PASS	quadratic	sign-3-1-3-3	GT	7649000
PASS	quadratic	inverse-3-1-3-3	EQ	18378000
PASS	quadratic	root-3-2--3--3	EQ	19839000
PASS	quadratic	sign-3-2--3--3	LT	9269000
PASS	quadratic	inverse-3-2--3--3	EQ	19838000
PASS	quadratic	root-3-2--3--2	EQ	19528000
PASS	quadratic	sign-3-2--3--2	LT	9159000
PASS	quadratic	inverse-3-2--3--2	EQ	19868000
PASS	quadratic	root-3-2--3--1	EQ	18858000
PASS	quadratic	sign-3-2--3--1	LT	9260000
PASS	quadratic	inverse-3-2--3--1	EQ	19029000
PASS	quadratic	root-3-2--3-0	EQ	16219000
PASS	quadratic	sign-3-2--3-0	LT	8139000
PASS	quadratic	inverse-3-2--3-0	EQ	16988000
PASS	quadratic	root-3-2--3-1	EQ	19118000
PASS	quadratic	sign-3-2--3-1	LT	9119000
PASS	quadratic	inverse-3-2--3-1	EQ	19089000
PASS	quadratic	root-3-2--3-2	EQ	20928000
PASS	quadratic	sign-3-2--3-2	GT	9050000
PASS	quadratic	inverse-3-2--3-2	EQ	19938000
PASS	quadratic	root-3-2--3-3	EQ	19958000
PASS	quadratic	sign-3-2--3-3	GT	9139000
PASS	quadratic	inverse-3-2--3-3	EQ	19619000
PASS	quadratic	root-3-2--2--3	EQ	20288000
PASS	quadratic	sign-3-2--2--3	LT	9569000
PASS	quadratic	inverse-3-2--2--3	EQ	20008000
PASS	quadratic	root-3-2--2--2	EQ	19039000
PASS	quadratic	sign-3-2--2--2	LT	9479000
PASS	quadratic	inverse-3-2--2--2	EQ	19718000
PASS	quadratic	root-3-2--2--1	EQ	19128000
PASS	quadratic	sign-3-2--2--1	LT	9209000
PASS	quadratic	inverse-3-2--2--1	EQ	19668000
PASS	quadratic	root-3-2--2-0	EQ	16228000
PASS	quadratic	sign-3-2--2-0	LT	8229000
PASS	quadratic	inverse-3-2--2-0	EQ	18948000
PASS	quadratic	root-3-2--2-1	EQ	19459000
PASS	quadratic	sign-3-2--2-1	LT	8999000
PASS	quadratic	inverse-3-2--2-1	EQ	18938000
PASS	quadratic	root-3-2--2-2	EQ	19358000
PASS	quadratic	sign-3-2--2-2	GT	9179000
PASS	quadratic	inverse-3-2--2-2	EQ	19519000
PASS	quadratic	root-3-2--2-3	EQ	19748000
PASS	quadratic	sign-3-2--2-3	GT	8879000
PASS	quadratic	inverse-3-2--2-3	EQ	20178000
PASS	quadratic	root-3-2--1--3	EQ	19289000
PASS	quadratic	sign-3-2--1--3	LT	9219000
PASS	quadratic	inverse-3-2--1--3	EQ	20218000
PASS	quadratic	root-3-2--1--2	EQ	19058000
PASS	quadratic	sign-3-2--1--2	LT	9459000
PASS	quadratic	inverse-3-2--1--2	EQ	20099000
PASS	quadratic	root-3-2--1--1	EQ	18788000
PASS	quadratic	sign-3-2--1--1	LT	9109000
PASS	quadratic	inverse-3-2--1--1	EQ	19318000
PASS	quadratic	root-3-2--1-0	EQ	16189000
PASS	quadratic	sign-3-2--1-0	LT	8269000
PASS	quadratic	inverse-3-2--1-0	EQ	17338000
PASS	quadratic	root-3-2--1-1	EQ	19769000
PASS	quadratic	sign-3-2--1-1	GT	9089000
PASS	quadratic	inverse-3-2--1-1	EQ	19388000
PASS	quadratic	root-3-2--1-2	EQ	20028000
PASS	quadratic	sign-3-2--1-2	GT	9059000
PASS	quadratic	inverse-3-2--1-2	EQ	22889000
PASS	quadratic	root-3-2--1-3	EQ	19538000
PASS	quadratic	sign-3-2--1-3	GT	8899000
PASS	quadratic	inverse-3-2--1-3	EQ	28038000
PASS	quadratic	root-3-2-0--3	EQ	17549000
PASS	quadratic	sign-3-2-0--3	LT	8769000
PASS	quadratic	inverse-3-2-0--3	EQ	18859000
PASS	quadratic	root-3-2-0--2	EQ	16589000
PASS	quadratic	sign-3-2-0--2	LT	8739000
PASS	quadratic	inverse-3-2-0--2	EQ	18448000
PASS	quadratic	root-3-2-0--1	EQ	16818000
PASS	quadratic	sign-3-2-0--1	LT	8389000
PASS	quadratic	inverse-3-2-0--1	EQ	18098000
PASS	quadratic	root-3-2-0-0	EQ	14078000
PASS	quadratic	sign-3-2-0-0	EQ	7129000
PASS	quadratic	root-3-2-0-1	EQ	15328000
PASS	quadratic	sign-3-2-0-1	GT	7519000
PASS	quadratic	inverse-3-2-0-1	EQ	17818000
PASS	quadratic	root-3-2-0-2	EQ	15448000
PASS	quadratic	sign-3-2-0-2	GT	39226000
PASS	quadratic	inverse-3-2-0-2	EQ	19288000
PASS	quadratic	root-3-2-0-3	EQ	16189000
PASS	quadratic	sign-3-2-0-3	GT	7879000
PASS	quadratic	inverse-3-2-0-3	EQ	18589000
PASS	quadratic	root-3-2-1--3	EQ	19659000
PASS	quadratic	sign-3-2-1--3	LT	8989000
PASS	quadratic	inverse-3-2-1--3	EQ	18878000
PASS	quadratic	root-3-2-1--2	EQ	19218000
PASS	quadratic	sign-3-2-1--2	LT	8929000
PASS	quadratic	inverse-3-2-1--2	EQ	18709000
PASS	quadratic	root-3-2-1--1	EQ	19089000
PASS	quadratic	sign-3-2-1--1	LT	9089000
PASS	quadratic	inverse-3-2-1--1	EQ	18388000
PASS	quadratic	root-3-2-1-0	EQ	15018000
PASS	quadratic	sign-3-2-1-0	GT	7249000
PASS	quadratic	inverse-3-2-1-0	EQ	14858000
PASS	quadratic	root-3-2-1-1	EQ	16589000
PASS	quadratic	sign-3-2-1-1	GT	7459000
PASS	quadratic	inverse-3-2-1-1	EQ	18208000
PASS	quadratic	root-3-2-1-2	EQ	16608000
PASS	quadratic	sign-3-2-1-2	GT	7479000
PASS	quadratic	inverse-3-2-1-2	EQ	18618000
PASS	quadratic	root-3-2-1-3	EQ	20788000
PASS	quadratic	sign-3-2-1-3	GT	7619000
PASS	quadratic	inverse-3-2-1-3	EQ	19148000
PASS	quadratic	root-3-2-2--3	EQ	20128000
PASS	quadratic	sign-3-2-2--3	LT	9199000
PASS	quadratic	inverse-3-2-2--3	EQ	18429000
PASS	quadratic	root-3-2-2--2	EQ	19319000
PASS	quadratic	sign-3-2-2--2	LT	8859000
PASS	quadratic	inverse-3-2-2--2	EQ	18128000
PASS	quadratic	root-3-2-2--1	EQ	18918000
PASS	quadratic	sign-3-2-2--1	GT	8729000
PASS	quadratic	inverse-3-2-2--1	EQ	17329000
PASS	quadratic	root-3-2-2-0	EQ	14789000
PASS	quadratic	sign-3-2-2-0	GT	7249000
PASS	quadratic	inverse-3-2-2-0	EQ	15058000
PASS	quadratic	root-3-2-2-1	EQ	16678000
PASS	quadratic	sign-3-2-2-1	GT	7619000
PASS	quadratic	inverse-3-2-2-1	EQ	17218000
PASS	quadratic	root-3-2-2-2	EQ	16758000
PASS	quadratic	sign-3-2-2-2	GT	7869000
PASS	quadratic	inverse-3-2-2-2	EQ	18728000
PASS	quadratic	root-3-2-2-3	EQ	17849000
PASS	quadratic	sign-3-2-2-3	GT	10989000
PASS	quadratic	inverse-3-2-2-3	EQ	19028000
PASS	quadratic	root-3-2-3--3	EQ	19848000
PASS	quadratic	sign-3-2-3--3	LT	9109000
PASS	quadratic	inverse-3-2-3--3	EQ	34027000
PASS	quadratic	root-3-2-3--2	EQ	20229000
PASS	quadratic	sign-3-2-3--2	LT	9260000
PASS	quadratic	inverse-3-2-3--2	EQ	18518000
PASS	quadratic	root-3-2-3--1	EQ	19298000
PASS	quadratic	sign-3-2-3--1	GT	8999000
PASS	quadratic	inverse-3-2-3--1	EQ	17599000
PASS	quadratic	root-3-2-3-0	EQ	15459000
PASS	quadratic	sign-3-2-3-0	GT	7229000
PASS	quadratic	inverse-3-2-3-0	EQ	15679000
PASS	quadratic	root-3-2-3-1	EQ	17208000
PASS	quadratic	sign-3-2-3-1	GT	7409000
PASS	quadratic	inverse-3-2-3-1	EQ	17888000
PASS	quadratic	root-3-2-3-2	EQ	17879000
PASS	quadratic	sign-3-2-3-2	GT	7710000
PASS	quadratic	inverse-3-2-3-2	EQ	18689000
PASS	quadratic	root-3-2-3-3	EQ	17799000
PASS	quadratic	sign-3-2-3-3	GT	7690000
PASS	quadratic	inverse-3-2-3-3	EQ	19028000
PASS	quadratic	root-5-1--3--3	EQ	20149000
PASS	quadratic	sign-5-1--3--3	LT	9409000
PASS	quadratic	inverse-5-1--3--3	EQ	19578000
PASS	quadratic	root-5-1--3--2	EQ	18628000
PASS	quadratic	sign-5-1--3--2	LT	9200000
PASS	quadratic	inverse-5-1--3--2	EQ	19858000
PASS	quadratic	root-5-1--3--1	EQ	18739000
PASS	quadratic	sign-5-1--3--1	LT	9379000
PASS	quadratic	inverse-5-1--3--1	EQ	18659000
PASS	quadratic	root-5-1--3-0	EQ	15939000
PASS	quadratic	sign-5-1--3-0	LT	8140000
PASS	quadratic	inverse-5-1--3-0	EQ	16549000
PASS	quadratic	root-5-1--3-1	EQ	18359000
PASS	quadratic	sign-5-1--3-1	LT	8850000
PASS	quadratic	inverse-5-1--3-1	EQ	18498000
PASS	quadratic	root-5-1--3-2	EQ	18848000
PASS	quadratic	sign-5-1--3-2	GT	8709000
PASS	quadratic	inverse-5-1--3-2	EQ	19028000
PASS	quadratic	root-5-1--3-3	EQ	18169000
PASS	quadratic	sign-5-1--3-3	GT	8490000
PASS	quadratic	inverse-5-1--3-3	EQ	19218000
PASS	quadratic	root-5-1--2--3	EQ	18798000
PASS	quadratic	sign-5-1--2--3	LT	9089000
PASS	quadratic	inverse-5-1--2--3	EQ	19639000
PASS	quadratic	root-5-1--2--2	EQ	18139000
PASS	quadratic	sign-5-1--2--2	LT	8810000
PASS	quadratic	inverse-5-1--2--2	EQ	19348000
PASS	quadratic	root-5-1--2--1	EQ	34257000
PASS	quadratic	sign-5-1--2--1	LT	9540000
PASS	quadratic	inverse-5-1--2--1	EQ	19598000
PASS	quadratic	root-5-1--2-0	EQ	15949000
PASS	quadratic	sign-5-1--2-0	LT	8109000
PASS	quadratic	inverse-5-1--2-0	EQ	16549000
PASS	quadratic	root-5-1--2-1	EQ	18379000
PASS	quadratic	sign-5-1--2-1	GT	8730000
PASS	quadratic	inverse-5-1--2-1	EQ	19049000
PASS	quadratic	root-5-1--2-2	EQ	18358000
PASS	quadratic	sign-5-1--2-2	GT	8689000
PASS	quadratic	inverse-5-1--2-2	EQ	19218000
PASS	quadratic	root-5-1--2-3	EQ	18459000
PASS	quadratic	sign-5-1--2-3	GT	8750000
PASS	quadratic	inverse-5-1--2-3	EQ	26408000
PASS	quadratic	root-5-1--1--3	EQ	18099000
PASS	quadratic	sign-5-1--1--3	LT	8839000
PASS	quadratic	inverse-5-1--1--3	EQ	20488000
PASS	quadratic	root-5-1--1--2	EQ	18419000
PASS	quadratic	sign-5-1--1--2	LT	8909000
PASS	quadratic	inverse-5-1--1--2	EQ	19278000
PASS	quadratic	root-5-1--1--1	EQ	18588000
PASS	quadratic	sign-5-1--1--1	LT	9319000
PASS	quadratic	inverse-5-1--1--1	EQ	19229000
PASS	quadratic	root-5-1--1-0	EQ	15689000
PASS	quadratic	sign-5-1--1-0	LT	8120000
PASS	quadratic	inverse-5-1--1-0	EQ	16369000
PASS	quadratic	root-5-1--1-1	EQ	18429000
PASS	quadratic	sign-5-1--1-1	GT	8969000
PASS	quadratic	inverse-5-1--1-1	EQ	18769000
PASS	quadratic	root-5-1--1-2	EQ	18449000
PASS	quadratic	sign-5-1--1-2	GT	8609000
PASS	quadratic	inverse-5-1--1-2	EQ	19208000
PASS	quadratic	root-5-1--1-3	EQ	18298000
PASS	quadratic	sign-5-1--1-3	GT	8649000
PASS	quadratic	inverse-5-1--1-3	EQ	19489000
PASS	quadratic	root-5-1-0--3	EQ	16519000
PASS	quadratic	sign-5-1-0--3	LT	8440000
PASS	quadratic	inverse-5-1-0--3	EQ	17969000
PASS	quadratic	root-5-1-0--2	EQ	16499000
PASS	quadratic	sign-5-1-0--2	LT	8479000
PASS	quadratic	inverse-5-1-0--2	EQ	18088000
PASS	quadratic	root-5-1-0--1	EQ	16488000
PASS	quadratic	sign-5-1-0--1	LT	8699000
PASS	quadratic	inverse-5-1-0--1	EQ	17978000
PASS	quadratic	root-5-1-0-0	EQ	14568000
PASS	quadratic	sign-5-1-0-0	EQ	7229000
PASS	quadratic	root-5-1-0-1	EQ	34977000
PASS	quadratic	sign-5-1-0-1	GT	7900000
PASS	quadratic	inverse-5-1-0-1	EQ	18169000
PASS	quadratic	root-5-1-0-2	EQ	15299000
PASS	quadratic	sign-5-1-0-2	GT	7640000
PASS	quadratic	inverse-5-1-0-2	EQ	17929000
PASS	quadratic	root-5-1-0-3	EQ	15628000
PASS	quadratic	sign-5-1-0-3	GT	7669000
PASS	quadratic	inverse-5-1-0-3	EQ	17958000
PASS	quadratic	root-5-1-1--3	EQ	19359000
PASS	quadratic	sign-5-1-1--3	LT	8900000
PASS	quadratic	inverse-5-1-1--3	EQ	18179000
PASS	quadratic	root-5-1-1--2	EQ	18598000
PASS	quadratic	sign-5-1-1--2	LT	8809000
PASS	quadratic	inverse-5-1-1--2	EQ	18078000
PASS	quadratic	root-5-1-1--1	EQ	19709000
PASS	quadratic	sign-5-1-1--1	LT	9109000
PASS	quadratic	inverse-5-1-1--1	EQ	18218000
PASS	quadratic	root-5-1-1-0	EQ	14958000
PASS	quadratic	sign-5-1-1-0	GT	7099000
PASS	quadratic	inverse-5-1-1-0	EQ	14878000
PASS	quadratic	root-5-1-1-1	EQ	16538000
PASS	quadratic	sign-5-1-1-1	GT	7719000
PASS	quadratic	inverse-5-1-1-1	EQ	18248000
PASS	quadratic	root-5-1-1-2	EQ	16498000
PASS	quadratic	sign-5-1-1-2	GT	7719000
PASS	quadratic	inverse-5-1-1-2	EQ	18218000
PASS	quadratic	root-5-1-1-3	EQ	16378000
PASS	quadratic	sign-5-1-1-3	GT	7749000
PASS	quadratic	inverse-5-1-1-3	EQ	18018000
PASS	quadratic	root-5-1-2--3	EQ	19458000
PASS	quadratic	sign-5-1-2--3	LT	11459000
PASS	quadratic	inverse-5-1-2--3	EQ	19188000
PASS	quadratic	root-5-1-2--2	EQ	18988000
PASS	quadratic	sign-5-1-2--2	LT	8979000
PASS	quadratic	inverse-5-1-2--2	EQ	18549000
PASS	quadratic	root-5-1-2--1	EQ	19119000
PASS	quadratic	sign-5-1-2--1	LT	8839000
PASS	quadratic	inverse-5-1-2--1	EQ	17988000
PASS	quadratic	root-5-1-2-0	EQ	14948000
PASS	quadratic	sign-5-1-2-0	GT	7269000
PASS	quadratic	inverse-5-1-2-0	EQ	15049000
PASS	quadratic	root-5-1-2-1	EQ	16409000
PASS	quadratic	sign-5-1-2-1	GT	7560000
PASS	quadratic	inverse-5-1-2-1	EQ	17829000
PASS	quadratic	root-5-1-2-2	EQ	16179000
PASS	quadratic	sign-5-1-2-2	GT	7529000
PASS	quadratic	inverse-5-1-2-2	EQ	18478000
PASS	quadratic	root-5-1-2-3	EQ	38457000
PASS	quadratic	sign-5-1-2-3	GT	8049000
PASS	quadratic	inverse-5-1-2-3	EQ	18688000
PASS	quadratic	root-5-1-3--3	EQ	18778000
PASS	quadratic	sign-5-1-3--3	LT	8849000
PASS	quadratic	inverse-5-1-3--3	EQ	18289000
PASS	quadratic	root-5-1-3--2	EQ	18839000
PASS	quadratic	sign-5-1-3--2	LT	8979000
PASS	quadratic	inverse-5-1-3--2	EQ	18578000
PASS	quadratic	root-5-1-3--1	EQ	18459000
PASS	quadratic	sign-5-1-3--1	GT	8930000
PASS	quadratic	inverse-5-1-3--1	EQ	17049000
PASS	quadratic	root-5-1-3-0	EQ	15109000
PASS	quadratic	sign-5-1-3-0	GT	8379000
PASS	quadratic	inverse-5-1-3-0	EQ	15468000
PASS	quadratic	root-5-1-3-1	EQ	16588000
PASS	quadratic	sign-5-1-3-1	GT	7679000
PASS	quadratic	inverse-5-1-3-1	EQ	17628000
PASS	quadratic	root-5-1-3-2	EQ	17248000
PASS	quadratic	sign-5-1-3-2	GT	7439000
PASS	quadratic	inverse-5-1-3-2	EQ	18368000
PASS	quadratic	root-5-1-3-3	EQ	16948000
PASS	quadratic	sign-5-1-3-3	GT	7759000
PASS	quadratic	inverse-5-1-3-3	EQ	18329000
PASS	quadratic	root-5-2--3--3	EQ	19709000
PASS	quadratic	sign-5-2--3--3	LT	9309000
PASS	quadratic	inverse-5-2--3--3	EQ	20108000
PASS	quadratic	root-5-2--3--2	EQ	19748000
PASS	quadratic	sign-5-2--3--2	LT	9440000
PASS	quadratic	inverse-5-2--3--2	EQ	19918000
PASS	quadratic	root-5-2--3--1	EQ	19108000
PASS	quadratic	sign-5-2--3--1	LT	9059000
PASS	quadratic	inverse-5-2--3--1	EQ	18858000
PASS	quadratic	root-5-2--3-0	EQ	16288000
PASS	quadratic	sign-5-2--3-0	LT	8209000
PASS	quadratic	inverse-5-2--3-0	EQ	17198000
PASS	quadratic	root-5-2--3-1	EQ	20598000
PASS	quadratic	sign-5-2--3-1	LT	9179000
PASS	quadratic	inverse-5-2--3-1	EQ	19229000
PASS	quadratic	root-5-2--3-2	EQ	19908000
PASS	quadratic	sign-5-2--3-2	GT	9279000
PASS	quadratic	inverse-5-2--3-2	EQ	19828000
PASS	quadratic	root-5-2--3-3	EQ	20049000
PASS	quadratic	sign-5-2--3-3	GT	9249000
PASS	quadratic	inverse-5-2--3-3	EQ	19808000
PASS	quadratic	root-5-2--2--3	EQ	19689000
PASS	quadratic	sign-5-2--2--3	LT	9450000
PASS	quadratic	inverse-5-2--2--3	EQ	47296000
PASS	quadratic	root-5-2--2--2	EQ	19559000
PASS	quadratic	sign-5-2--2--2	LT	9150000
PASS	quadratic	inverse-5-2--2--2	EQ	19698000
PASS	quadratic	root-5-2--2--1	EQ	18848000
PASS	quadratic	sign-5-2--2--1	LT	9159000
PASS	quadratic	inverse-5-2--2--1	EQ	19579000
PASS	quadratic	root-5-2--2-0	EQ	16249000
PASS	quadratic	sign-5-2--2-0	LT	8010000
PASS	quadratic	inverse-5-2--2-0	EQ	18149000
PASS	quadratic	root-5-2--2-1	EQ	19779000
PASS	quadratic	sign-5-2--2-1	GT	8969000
PASS	quadratic	inverse-5-2--2-1	EQ	19458000
PASS	quadratic	root-5-2--2-2	EQ	18728000
PASS	quadratic	sign-5-2--2-2	GT	8890000
PASS	quadratic	inverse-5-2--2-2	EQ	19639000
PASS	quadratic	root-5-2--2-3	EQ	19558000
PASS	quadratic	sign-5-2--2-3	GT	9179000
PASS	quadratic	inverse-5-2--2-3	EQ	20169000
PASS	quadratic	root-5-2--1--3	EQ	19299000
PASS	quadratic	sign-5-2--1--3	LT	9219000
PASS	quadratic	inverse-5-2--1--3	EQ	20408000
PASS	quadratic	root-5-2--1--2	EQ	19069000
PASS	quadratic	sign-5-2--1--2	LT	9420000
PASS	quadratic	inverse-5-2--1--2	EQ	20028000
PASS	quadratic	root-5-2--1--1	EQ	18828000
PASS	quadratic	sign-5-2--1--1	LT	9079000
PASS	quadratic	inverse-5-2--1--1	EQ	19609000
PASS	quadratic	root-5-2--1-0	EQ	16149000
PASS	quadratic	sign-5-2--1-0	LT	8260000
PASS	quadratic	inverse-5-2--1-0	EQ	16909000
PASS	quadratic	root-5-2--1-1	EQ	18669000
PASS	quadratic	sign-5-2--1-1	GT	8829000
PASS	quadratic	inverse-5-2--1-1	EQ	19548000
PASS	quadratic	root-5-2--1-2	EQ	19238000
PASS	quadratic	sign-5-2--1-2	GT	9310000
PASS	quadratic	inverse-5-2--1-2	EQ	20028000
PASS	quadratic	root-5-2--1-3	EQ	18988000
PASS	quadratic	sign-5-2--1-3	GT	8989000
PASS	quadratic	inverse-5-2--1-3	EQ	19749000
PASS	quadratic	root-5-2-0--3	EQ	17239000
PASS	quadratic	sign-5-2-0--3	LT	8600000
PASS	quadratic	inverse-5-2-0--3	EQ	18708000
PASS	quadratic	root-5-2-0--2	EQ	16698000
PASS	quadratic	sign-5-2-0--2	LT	8539000
PASS	quadratic	inverse-5-2-0--2	EQ	17938000
PASS	quadratic	root-5-2-0--1	EQ	18408000
PASS	quadratic	sign-5-2-0--1	LT	8769000
PASS	quadratic	inverse-5-2-0--1	EQ	18479000
PASS	quadratic	root-5-2-0-0	EQ	14709000
PASS	quadratic	sign-5-2-0-0	EQ	7360000
PASS	quadratic	root-5-2-0-1	EQ	15379000
PASS	quadratic	sign-5-2-0-1	GT	7709000
PASS	quadratic	inverse-5-2-0-1	EQ	19428000
PASS	quadratic	root-5-2-0-2	EQ	20988000
PASS	quadratic	sign-5-2-0-2	GT	11649000
PASS	quadratic	inverse-5-2-0-2	EQ	25568000
PASS	quadratic	root-5-2-0-3	EQ	16088000
PASS	quadratic	sign-5-2-0-3	GT	7900000
PASS	quadratic	inverse-5-2-0-3	EQ	19219000
PASS	quadratic	root-5-2-1--3	EQ	20298000
PASS	quadratic	sign-5-2-1--3	LT	9259000
PASS	quadratic	inverse-5-2-1--3	EQ	18929000
PASS	quadratic	root-5-2-1--2	EQ	19359000
PASS	quadratic	sign-5-2-1--2	LT	12229000
PASS	quadratic	inverse-5-2-1--2	EQ	18798000
PASS	quadratic	root-5-2-1--1	EQ	19209000
PASS	quadratic	sign-5-2-1--1	LT	8910000
PASS	quadratic	inverse-5-2-1--1	EQ	18429000
PASS	quadratic	root-5-2-1-0	EQ	14969000
PASS	quadratic	sign-5-2-1-0	GT	7360000
PASS	quadratic	inverse-5-2-1-0	EQ	15149000
PASS	quadratic	root-5-2-1-1	EQ	17529000
PASS	quadratic	sign-5-2-1-1	GT	7570000
PASS	quadratic	inverse-5-2-1-1	EQ	18589000
PASS	quadratic	root-5-2-1-2	EQ	17119000
PASS	quadratic	sign-5-2-1-2	GT	7779000
PASS	quadratic	inverse-5-2-1-2	EQ	18888000
PASS	quadratic	root-5-2-1-3	EQ	17448000
PASS	quadratic	sign-5-2-1-3	GT	7759000
PASS	quadratic	inverse-5-2-1-3	EQ	19268000
PASS	quadratic	root-5-2-2--3	EQ	20399000
PASS	quadratic	sign-5-2-2--3	LT	8989000
PASS	quadratic	inverse-5-2-2--3	EQ	19298000
PASS	quadratic	root-5-2-2--2	EQ	19569000
PASS	quadratic	sign-5-2-2--2	LT	9139000
PASS	quadratic	inverse-5-2-2--2	EQ	18818000
PASS	quadratic	root-5-2-2--1	EQ	19548000
PASS	quadratic	sign-5-2-2--1	LT	9199000
PASS	quadratic	inverse-5-2-2--1	EQ	18679000
PASS	quadratic	root-5-2-2-0	EQ	14929000
PASS	quadratic	sign-5-2-2-0	GT	7340000
PASS	quadratic	inverse-5-2-2-0	EQ	15169000
PASS	quadratic	root-5-2-2-1	EQ	40227000
PASS	quadratic	sign-5-2-2-1	GT	8379000
PASS	quadratic	inverse-5-2-2-1	EQ	18769000
PASS	quadratic	root-5-2-2-2	EQ	16689000
PASS	quadratic	sign-5-2-2-2	GT	9279000
PASS	quadratic	inverse-5-2-2-2	EQ	19289000
PASS	quadratic	root-5-2-2-3	EQ	17909000
PASS	quadratic	sign-5-2-2-3	GT	7830000
PASS	quadratic	inverse-5-2-2-3	EQ	18838000
PASS	quadratic	root-5-2-3--3	EQ	20008000
PASS	quadratic	sign-5-2-3--3	LT	9299000
PASS	quadratic	inverse-5-2-3--3	EQ	18859000
PASS	quadratic	root-5-2-3--2	EQ	19729000
PASS	quadratic	sign-5-2-3--2	LT	8849000
PASS	quadratic	inverse-5-2-3--2	EQ	18958000
PASS	quadratic	root-5-2-3--1	EQ	19399000
PASS	quadratic	sign-5-2-3--1	GT	9289000
PASS	quadratic	inverse-5-2-3--1	EQ	19038000
PASS	quadratic	root-5-2-3-0	EQ	15478000
PASS	quadratic	sign-5-2-3-0	GT	7299000
PASS	quadratic	inverse-5-2-3-0	EQ	15278000
PASS	quadratic	root-5-2-3-1	EQ	17418000
PASS	quadratic	sign-5-2-3-1	GT	7479000
PASS	quadratic	inverse-5-2-3-1	EQ	17838000
PASS	quadratic	root-5-2-3-2	EQ	17828000
PASS	quadratic	sign-5-2-3-2	GT	7929000
PASS	quadratic	inverse-5-2-3-2	EQ	18919000
PASS	quadratic	root-5-2-3-3	EQ	17729000
PASS	quadratic	sign-5-2-3-3	GT	7720000
PASS	quadratic	inverse-5-2-3-3	EQ	18439000
PASS	quadratic	root-7-1--3--3	EQ	18898000
PASS	quadratic	sign-7-1--3--3	LT	9099000
PASS	quadratic	inverse-7-1--3--3	EQ	19618000
PASS	quadratic	root-7-1--3--2	EQ	18709000
PASS	quadratic	sign-7-1--3--2	LT	9040000
PASS	quadratic	inverse-7-1--3--2	EQ	22438000
PASS	quadratic	root-7-1--3--1	EQ	18538000
PASS	quadratic	sign-7-1--3--1	LT	9340000
PASS	quadratic	inverse-7-1--3--1	EQ	18729000
PASS	quadratic	root-7-1--3-0	EQ	16049000
PASS	quadratic	sign-7-1--3-0	LT	8210000
PASS	quadratic	inverse-7-1--3-0	EQ	17268000
PASS	quadratic	root-7-1--3-1	EQ	18678000
PASS	quadratic	sign-7-1--3-1	LT	8689000
PASS	quadratic	inverse-7-1--3-1	EQ	18748000
PASS	quadratic	root-7-1--3-2	EQ	19199000
PASS	quadratic	sign-7-1--3-2	GT	8780000
PASS	quadratic	inverse-7-1--3-2	EQ	19128000
PASS	quadratic	root-7-1--3-3	EQ	21688000
PASS	quadratic	sign-7-1--3-3	GT	9430000
PASS	quadratic	inverse-7-1--3-3	EQ	26848000
PASS	quadratic	root-7-1--2--3	EQ	19389000
PASS	quadratic	sign-7-1--2--3	LT	9379000
PASS	quadratic	inverse-7-1--2--3	EQ	20218000
PASS	quadratic	root-7-1--2--2	EQ	18409000
PASS	quadratic	sign-7-1--2--2	LT	9360000
PASS	quadratic	inverse-7-1--2--2	EQ	19818000
PASS	quadratic	root-7-1--2--1	EQ	18868000
PASS	quadratic	sign-7-1--2--1	LT	9239000
PASS	quadratic	inverse-7-1--2--1	EQ	19739000
PASS	quadratic	root-7-1--2-0	EQ	15959000
PASS	quadratic	sign-7-1--2-0	LT	8340000
PASS	quadratic	inverse-7-1--2-0	EQ	16819000
PASS	quadratic	root-7-1--2-1	EQ	18618000
PASS	quadratic	sign-7-1--2-1	GT	8899000
PASS	quadratic	inverse-7-1--2-1	EQ	19259000
PASS	quadratic	root-7-1--2-2	EQ	18399000
PASS	quadratic	sign-7-1--2-2	GT	8909000
PASS	quadratic	inverse-7-1--2-2	EQ	19468000
PASS	quadratic	root-7-1--2-3	EQ	18999000
PASS	quadratic	sign-7-1--2-3	GT	8650000
PASS	quadratic	inverse-7-1--2-3	EQ	19678000
PASS	quadratic	root-7-1--1--3	EQ	18148000
PASS	quadratic	sign-7-1--1--3	LT	9119000
PASS	quadratic	inverse-7-1--1--3	EQ	19878000
PASS	quadratic	root-7-1--1--2	EQ	18798000
PASS	quadratic	sign-7-1--1--2	LT	9189000
PASS	quadratic	inverse-7-1--1--2	EQ	19588000
PASS	quadratic	root-7-1--1--1	EQ	18329000
PASS	quadratic	sign-7-1--1--1	LT	9080000
PASS	quadratic	inverse-7-1--1--1	EQ	18978000
PASS	quadratic	root-7-1--1-0	EQ	16049000
PASS	quadratic	sign-7-1--1-0	LT	8239000
PASS	quadratic	inverse-7-1--1-0	EQ	16878000
PASS	quadratic	root-7-1--1-1	EQ	18638000
PASS	quadratic	sign-7-1--1-1	GT	8759000
PASS	quadratic	inverse-7-1--1-1	EQ	18979000
PASS	quadratic	root-7-1--1-2	EQ	18369000
PASS	quadratic	sign-7-1--1-2	GT	9069000
PASS	quadratic	inverse-7-1--1-2	EQ	20168000
PASS	quadratic	root-7-1--1-3	EQ	33098000
PASS	quadratic	sign-7-1--1-3	GT	15649000
PASS	quadratic	inverse-7-1--1-3	EQ	35987000
PASS	quadratic	root-7-1-0--3	EQ	80793000
PASS	quadratic	sign-7-1-0--3	LT	16379000
PASS	quadratic	inverse-7-1-0--3	EQ	34337000
PASS	quadratic	root-7-1-0--2	EQ	30447000
PASS	quadratic	sign-7-1-0--2	LT	15529000
PASS	quadratic	inverse-7-1-0--2	EQ	32657000
PASS	quadratic	root-7-1-0--1	EQ	34018000
PASS	quadratic	sign-7-1-0--1	LT	15738000
PASS	quadratic	inverse-7-1-0--1	EQ	32178000
PASS	quadratic	root-7-1-0-0	EQ	25897000
PASS	quadratic	sign-7-1-0-0	EQ	12389000
PASS	quadratic	root-7-1-0-1	EQ	27177000
PASS	quadratic	sign-7-1-0-1	GT	13879000
PASS	quadratic	inverse-7-1-0-1	EQ	32048000
PASS	quadratic	root-7-1-0-2	EQ	26828000
PASS	quadratic	sign-7-1-0-2	GT	12209000
PASS	quadratic	inverse-7-1-0-2	EQ	31297000
PASS	quadratic	root-7-1-0-3	EQ	16929000
PASS	quadratic	sign-7-1-0-3	GT	7649000
PASS	quadratic	inverse-7-1-0-3	EQ	18388000
PASS	quadratic	root-7-1-1--3	EQ	19829000
PASS	quadratic	sign-7-1-1--3	LT	8959000
PASS	quadratic	inverse-7-1-1--3	EQ	18678000
PASS	quadratic	root-7-1-1--2	EQ	30267000
PASS	quadratic	sign-7-1-1--2	LT	14119000
PASS	quadratic	inverse-7-1-1--2	EQ	27688000
PASS	quadratic	root-7-1-1--1	EQ	32167000
PASS	quadratic	sign-7-1-1--1	LT	15059000
PASS	quadratic	inverse-7-1-1--1	EQ	29677000
PASS	quadratic	root-7-1-1-0	EQ	23199000
PASS	quadratic	sign-7-1-1-0	GT	11589000
PASS	quadratic	inverse-7-1-1-0	EQ	24788000
PASS	quadratic	root-7-1-1-1	EQ	27408000
PASS	quadratic	sign-7-1-1-1	GT	11949000
PASS	quadratic	inverse-7-1-1-1	EQ	18589000
PASS	quadratic	root-7-1-1-2	EQ	16029000
PASS	quadratic	sign-7-1-1-2	GT	7340000
PASS	quadratic	inverse-7-1-1-2	EQ	18059000
PASS	quadratic	root-7-1-1-3	EQ	16309000
PASS	quadratic	sign-7-1-1-3	GT	7600000
PASS	quadratic	inverse-7-1-1-3	EQ	18279000
PASS	quadratic	root-7-1-2--3	EQ	18628000
PASS	quadratic	sign-7-1-2--3	LT	8479000
PASS	quadratic	inverse-7-1-2--3	EQ	18378000
PASS	quadratic	root-7-1-2--2	EQ	28007000
PASS	quadratic	sign-7-1-2--2	LT	15288000
PASS	quadratic	inverse-7-1-2--2	EQ	19399000
PASS	quadratic	root-7-1-2--1	EQ	18668000
PASS	quadratic	sign-7-1-2--1	LT	8729000
PASS	quadratic	inverse-7-1-2--1	EQ	20458000
PASS	quadratic	root-7-1-2-0	EQ	15149000
PASS	quadratic	sign-7-1-2-0	GT	7330000
PASS	quadratic	inverse-7-1-2-0	EQ	14969000
PASS	quadratic	root-7-1-2-1	EQ	16568000
PASS	quadratic	sign-7-1-2-1	GT	7539000
PASS	quadratic	inverse-7-1-2-1	EQ	17529000
PASS	quadratic	root-7-1-2-2	EQ	15849000
PASS	quadratic	sign-7-1-2-2	GT	9249000
PASS	quadratic	inverse-7-1-2-2	EQ	18159000
PASS	quadratic	root-7-1-2-3	EQ	16809000
PASS	quadratic	sign-7-1-2-3	GT	7640000
PASS	quadratic	inverse-7-1-2-3	EQ	18319000
PASS	quadratic	root-7-1-3--3	EQ	18628000
PASS	quadratic	sign-7-1-3--3	LT	8529000
PASS	quadratic	inverse-7-1-3--3	EQ	17758000
PASS	quadratic	root-7-1-3--2	EQ	22237000
PASS	quadratic	sign-7-1-3--2	LT	8720000
PASS	quadratic	inverse-7-1-3--2	EQ	18169000
PASS	quadratic	root-7-1-3--1	EQ	18099000
PASS	quadratic	sign-7-1-3--1	GT	8529000
PASS	quadratic	inverse-7-1-3--1	EQ	20989000
PASS	quadratic	root-7-1-3-0	EQ	14829000
PASS	quadratic	sign-7-1-3-0	GT	7120000
PASS	quadratic	inverse-7-1-3-0	EQ	14829000
PASS	quadratic	root-7-1-3-1	EQ	16139000
PASS	quadratic	sign-7-1-3-1	GT	7519000
PASS	quadratic	inverse-7-1-3-1	EQ	17449000
PASS	quadratic	root-7-1-3-2	EQ	16849000
PASS	quadratic	sign-7-1-3-2	GT	7620000
PASS	quadratic	inverse-7-1-3-2	EQ	18179000
PASS	quadratic	root-7-1-3-3	EQ	16449000
PASS	quadratic	sign-7-1-3-3	GT	7280000
PASS	quadratic	inverse-7-1-3-3	EQ	18469000
PASS	quadratic	root-7-2--3--3	EQ	19638000
PASS	quadratic	sign-7-2--3--3	LT	9029000
PASS	quadratic	inverse-7-2--3--3	EQ	19469000
PASS	quadratic	root-7-2--3--2	EQ	19189000
PASS	quadratic	sign-7-2--3--2	LT	8929000
PASS	quadratic	inverse-7-2--3--2	EQ	19428000
PASS	quadratic	root-7-2--3--1	EQ	18268000
PASS	quadratic	sign-7-2--3--1	LT	9039000
PASS	quadratic	inverse-7-2--3--1	EQ	18599000
PASS	quadratic	root-7-2--3-0	EQ	16219000
PASS	quadratic	sign-7-2--3-0	LT	8160000
PASS	quadratic	inverse-7-2--3-0	EQ	16968000
PASS	quadratic	root-7-2--3-1	EQ	19188000
PASS	quadratic	sign-7-2--3-1	LT	9919000
PASS	quadratic	inverse-7-2--3-1	EQ	19229000
PASS	quadratic	root-7-2--3-2	EQ	19149000
PASS	quadratic	sign-7-2--3-2	GT	8859000
PASS	quadratic	inverse-7-2--3-2	EQ	19598000
PASS	quadratic	root-7-2--3-3	EQ	19518000
PASS	quadratic	sign-7-2--3-3	GT	9100000
PASS	quadratic	inverse-7-2--3-3	EQ	19708000
PASS	quadratic	root-7-2--2--3	EQ	19178000
PASS	quadratic	sign-7-2--2--3	LT	9299000
PASS	quadratic	inverse-7-2--2--3	EQ	20069000
PASS	quadratic	root-7-2--2--2	EQ	18399000
PASS	quadratic	sign-7-2--2--2	LT	9019000
PASS	quadratic	inverse-7-2--2--2	EQ	19689000
PASS	quadratic	root-7-2--2--1	EQ	18678000
PASS	quadratic	sign-7-2--2--1	LT	8979000
PASS	quadratic	inverse-7-2--2--1	EQ	25827000
PASS	quadratic	root-7-2--2-0	EQ	26687000
PASS	quadratic	sign-7-2--2-0	LT	12539000
PASS	quadratic	inverse-7-2--2-0	EQ	26397000
PASS	quadratic	root-7-2--2-1	EQ	30977000
PASS	quadratic	sign-7-2--2-1	GT	14279000
PASS	quadratic	inverse-7-2--2-1	EQ	32597000
PASS	quadratic	root-7-2--2-2	EQ	25898000
PASS	quadratic	sign-7-2--2-2	GT	9679000
PASS	quadratic	inverse-7-2--2-2	EQ	29457000
PASS	quadratic	root-7-2--2-3	EQ	29148000
PASS	quadratic	sign-7-2--2-3	GT	14229000
PASS	quadratic	inverse-7-2--2-3	EQ	32667000
PASS	quadratic	root-7-2--1--3	EQ	27318000
PASS	quadratic	sign-7-2--1--3	LT	14129000
PASS	quadratic	inverse-7-2--1--3	EQ	30748000
PASS	quadratic	root-7-2--1--2	EQ	29667000
PASS	quadratic	sign-7-2--1--2	LT	14188000
PASS	quadratic	inverse-7-2--1--2	EQ	30277000
PASS	quadratic	root-7-2--1--1	EQ	26808000
PASS	quadratic	sign-7-2--1--1	LT	14189000
PASS	quadratic	inverse-7-2--1--1	EQ	28368000
PASS	quadratic	root-7-2--1-0	EQ	30017000
PASS	quadratic	sign-7-2--1-0	LT	11909000
PASS	quadratic	inverse-7-2--1-0	EQ	28807000
PASS	quadratic	root-7-2--1-1	EQ	30967000
PASS	quadratic	sign-7-2--1-1	GT	14299000
PASS	quadratic	inverse-7-2--1-1	EQ	31468000
PASS	quadratic	root-7-2--1-2	EQ	19978000
PASS	quadratic	sign-7-2--1-2	GT	8869000
PASS	quadratic	inverse-7-2--1-2	EQ	22208000
PASS	quadratic	root-7-2--1-3	EQ	19618000
PASS	quadratic	sign-7-2--1-3	GT	9210000
PASS	quadratic	inverse-7-2--1-3	EQ	20278000
PASS	quadratic	root-7-2-0--3	EQ	17228000
PASS	quadratic	sign-7-2-0--3	LT	8709000
PASS	quadratic	inverse-7-2-0--3	EQ	18359000
PASS	quadratic	root-7-2-0--2	EQ	17139000
PASS	quadratic	sign-7-2-0--2	LT	8590000
PASS	quadratic	inverse-7-2-0--2	EQ	19038000
PASS	quadratic	root-7-2-0--1	EQ	27827000
PASS	quadratic	sign-7-2-0--1	LT	13939000
PASS	quadratic	inverse-7-2-0--1	EQ	27818000
PASS	quadratic	root-7-2-0-0	EQ	21728000
PASS	quadratic	sign-7-2-0-0	EQ	11509000
PASS	quadratic	root-7-2-0-1	EQ	23908000
PASS	quadratic	sign-7-2-0-1	GT	13189000
PASS	quadratic	inverse-7-2-0-1	EQ	28488000
PASS	quadratic	root-7-2-0-2	EQ	23248000
PASS	quadratic	sign-7-2-0-2	GT	12379000
PASS	quadratic	inverse-7-2-0-2	EQ	31627000
PASS	quadratic	root-7-2-0-3	EQ	27108000
PASS	quadratic	sign-7-2-0-3	GT	13169000
PASS	quadratic	inverse-7-2-0-3	EQ	33127000
PASS	quadratic	root-7-2-1--3	EQ	30267000
PASS	quadratic	sign-7-2-1--3	LT	9489000
PASS	quadratic	inverse-7-2-1--3	EQ	19668000
PASS	quadratic	root-7-2-1--2	EQ	28387000
PASS	quadratic	sign-7-2-1--2	LT	15709000
PASS	quadratic	inverse-7-2-1--2	EQ	20159000
PASS	quadratic	root-7-2-1--1	EQ	20329000
PASS	quadratic	sign-7-2-1--1	LT	9019000
PASS	quadratic	inverse-7-2-1--1	EQ	18408000
PASS	quadratic	root-7-2-1-0	EQ	14968000
PASS	quadratic	sign-7-2-1-0	GT	7239000
PASS	quadratic	inverse-7-2-1-0	EQ	14938000
PASS	quadratic	root-7-2-1-1	EQ	17068000
PASS	quadratic	sign-7-2-1-1	GT	7619000
PASS	quadratic	inverse-7-2-1-1	EQ	18348000
PASS	quadratic	root-7-2-1-2	EQ	16958000
PASS	quadratic	sign-7-2-1-2	GT	7729000
PASS	quadratic	inverse-7-2-1-2	EQ	18609000
PASS	quadratic	root-7-2-1-3	EQ	17329000
PASS	quadratic	sign-7-2-1-3	GT	7800000
PASS	quadratic	inverse-7-2-1-3	EQ	18919000
PASS	quadratic	root-7-2-2--3	EQ	19768000
PASS	quadratic	sign-7-2-2--3	LT	10379000
PASS	quadratic	inverse-7-2-2--3	EQ	32277000
PASS	quadratic	root-7-2-2--2	EQ	41836000
PASS	quadratic	sign-7-2-2--2	LT	10189000
PASS	quadratic	inverse-7-2-2--2	EQ	20958000
PASS	quadratic	root-7-2-2--1	EQ	20298000
PASS	quadratic	sign-7-2-2--1	LT	9219000
PASS	quadratic	inverse-7-2-2--1	EQ	18989000
PASS	quadratic	root-7-2-2-0	EQ	15199000
PASS	quadratic	sign-7-2-2-0	GT	7480000
PASS	quadratic	inverse-7-2-2-0	EQ	27238000
PASS	quadratic	root-7-2-2-1	EQ	24978000
PASS	quadratic	sign-7-2-2-1	GT	8529000
PASS	quadratic	inverse-7-2-2-1	EQ	20128000
PASS	quadratic	root-7-2-2-2	EQ	17859000
PASS	quadratic	sign-7-2-2-2	GT	8080000
PASS	quadratic	inverse-7-2-2-2	EQ	19199000
PASS	quadratic	root-7-2-2-3	EQ	18278000
PASS	quadratic	sign-7-2-2-3	GT	7739000
PASS	quadratic	inverse-7-2-2-3	EQ	28957000
PASS	quadratic	root-7-2-3--3	EQ	19978000
PASS	quadratic	sign-7-2-3--3	LT	9099000
PASS	quadratic	inverse-7-2-3--3	EQ	19259000
PASS	quadratic	root-7-2-3--2	EQ	19878000
PASS	quadratic	sign-7-2-3--2	LT	10209000
PASS	quadratic	inverse-7-2-3--2	EQ	19578000
PASS	quadratic	root-7-2-3--1	EQ	19288000
PASS	quadratic	sign-7-2-3--1	GT	9099000
PASS	quadratic	inverse-7-2-3--1	EQ	17519000
PASS	quadratic	root-7-2-3-0	EQ	15748000
PASS	quadratic	sign-7-2-3-0	GT	7319000
PASS	quadratic	inverse-7-2-3-0	EQ	15778000
PASS	quadratic	root-7-2-3-1	EQ	17508000
PASS	quadratic	sign-7-2-3-1	GT	7739000
PASS	quadratic	inverse-7-2-3-1	EQ	18208000
PASS	quadratic	root-7-2-3-2	EQ	18098000
PASS	quadratic	sign-7-2-3-2	GT	7729000
PASS	quadratic	inverse-7-2-3-2	EQ	18999000
PASS	quadratic	root-7-2-3-3	EQ	17839000
PASS	quadratic	sign-7-2-3-3	GT	7860000
PASS	quadratic	inverse-7-2-3-3	EQ	18958000
PASS	tower-1	expanded--3--1	EQ	18098000
PASS	tower-1	inverse--3--1	EQ	22258000
PASS	tower-1	expanded--3-1	EQ	18858000
PASS	tower-1	inverse--3-1	EQ	22068000
PASS	tower-1	expanded--2--1	EQ	18299000
PASS	tower-1	inverse--2--1	EQ	21948000
PASS	tower-1	expanded--2-1	EQ	18318000
PASS	tower-1	inverse--2-1	EQ	23638000
PASS	tower-1	expanded--1--1	EQ	29607000
PASS	tower-1	inverse--1--1	EQ	31668000
PASS	tower-1	expanded--1-1	EQ	26988000
PASS	tower-1	inverse--1-1	EQ	33977000
PASS	tower-1	expanded-0--1	EQ	17059000
PASS	tower-1	inverse-0--1	EQ	20618000
PASS	tower-1	expanded-0-1	EQ	15228000
PASS	tower-1	inverse-0-1	EQ	20488000
PASS	tower-1	expanded-1--1	EQ	20178000
PASS	tower-1	inverse-1--1	EQ	20848000
PASS	tower-1	expanded-1-1	EQ	16769000
PASS	tower-1	inverse-1-1	EQ	21908000
PASS	tower-1	expanded-2--1	EQ	19218000
PASS	tower-1	inverse-2--1	EQ	20929000
PASS	tower-1	expanded-2-1	EQ	16629000
PASS	tower-1	inverse-2-1	EQ	21058000
PASS	tower-1	expanded-3--1	EQ	18688000
PASS	tower-1	inverse-3--1	EQ	20939000
PASS	tower-1	expanded-3-1	EQ	16629000
PASS	tower-1	inverse-3-1	EQ	20408000
PASS	tower-2	expanded--3--1	EQ	32047000
PASS	tower-2	inverse--3--1	EQ	36227000
PASS	tower-2	expanded--3-1	EQ	32668000
PASS	tower-2	inverse--3-1	EQ	35537000
PASS	tower-2	expanded--2--1	EQ	30418000
PASS	tower-2	inverse--2--1	EQ	38237000
PASS	tower-2	expanded--2-1	EQ	32247000
PASS	tower-2	inverse--2-1	EQ	34947000
PASS	tower-2	expanded--1--1	EQ	42766000
PASS	tower-2	inverse--1--1	EQ	38457000
PASS	tower-2	expanded--1-1	EQ	32248000
PASS	tower-2	inverse--1-1	EQ	64494000
PASS	tower-2	expanded-0--1	EQ	26988000
PASS	tower-2	inverse-0--1	EQ	32237000
PASS	tower-2	expanded-0-1	EQ	25138000
PASS	tower-2	inverse-0-1	EQ	32207000
PASS	tower-2	expanded-1--1	EQ	32258000
PASS	tower-2	inverse-1--1	EQ	33368000
PASS	tower-2	expanded-1-1	EQ	29278000
PASS	tower-2	inverse-1-1	EQ	32718000
PASS	tower-2	expanded-2--1	EQ	30877000
PASS	tower-2	inverse-2--1	EQ	32637000
PASS	tower-2	expanded-2-1	EQ	27808000
PASS	tower-2	inverse-2-1	EQ	32288000
PASS	tower-2	expanded-3--1	EQ	30917000
PASS	tower-2	inverse-3--1	EQ	33398000
PASS	tower-2	expanded-3-1	EQ	27698000
PASS	tower-2	inverse-3-1	EQ	32347000
PASS	tower-3	expanded--3--1	EQ	49856000
PASS	tower-3	inverse--3--1	EQ	59186000
PASS	tower-3	expanded--3-1	EQ	52615000
PASS	tower-3	inverse--3-1	EQ	58885000
PASS	tower-3	expanded--2--1	EQ	49876000
PASS	tower-3	inverse--2--1	EQ	59315000
PASS	tower-3	expanded--2-1	EQ	53845000
PASS	tower-3	inverse--2-1	EQ	94512000
PASS	tower-3	expanded--1--1	EQ	55396000
PASS	tower-3	inverse--1--1	EQ	56045000
PASS	tower-3	expanded--1-1	EQ	55326000
PASS	tower-3	inverse--1-1	EQ	56235000
PASS	tower-3	expanded-0--1	EQ	44487000
PASS	tower-3	inverse-0--1	EQ	51226000
PASS	tower-3	expanded-0-1	EQ	42076000
PASS	tower-3	inverse-0-1	EQ	51376000
PASS	tower-3	expanded-1--1	EQ	54926000
PASS	tower-3	inverse-1--1	EQ	73304000
PASS	tower-3	expanded-1-1	EQ	68545000
PASS	tower-3	inverse-1-1	EQ	55005000
PASS	tower-3	expanded-2--1	EQ	51956000
PASS	tower-3	inverse-2--1	EQ	55025000
PASS	tower-3	expanded-2-1	EQ	46896000
PASS	tower-3	inverse-2-1	EQ	55735000
PASS	tower-3	expanded-3--1	EQ	51646000
PASS	tower-3	inverse-3--1	EQ	57915000
PASS	tower-3	expanded-3-1	EQ	46976000
PASS	tower-3	inverse-3-1	EQ	84233000
PASS	tower-4	expanded--3--1	EQ	80943000
PASS	tower-4	inverse--3--1	EQ	135479000
PASS	tower-4	expanded--3-1	EQ	89753000
PASS	tower-4	inverse--3-1	EQ	111351000
PASS	tower-4	expanded--2--1	EQ	80503000
PASS	tower-4	inverse--2--1	EQ	115640000
PASS	tower-4	expanded--2-1	EQ	90472000
PASS	tower-4	inverse--2-1	EQ	97352000
PASS	tower-4	expanded--1--1	EQ	92733000
PASS	tower-4	inverse--1--1	EQ	95522000
PASS	tower-4	expanded--1-1	EQ	96002000
PASS	tower-4	inverse--1-1	EQ	95392000
PASS	tower-4	expanded-0--1	EQ	75014000
PASS	tower-4	inverse-0--1	EQ	153927000
PASS	tower-4	expanded-0-1	EQ	108901000
PASS	tower-4	inverse-0-1	EQ	90712000
PASS	tower-4	expanded-1--1	EQ	97212000
PASS	tower-4	inverse-1--1	EQ	94513000
PASS	tower-4	expanded-1-1	EQ	90272000
PASS	tower-4	inverse-1-1	EQ	94062000
PASS	tower-4	expanded-2--1	EQ	86163000
PASS	tower-4	inverse-2--1	EQ	93563000
PASS	tower-4	expanded-2-1	EQ	77463000
PASS	tower-4	inverse-2-1	EQ	95412000
PASS	tower-4	expanded-3--1	EQ	87174000
PASS	tower-4	inverse-3--1	EQ	145747000
PASS	tower-4	expanded-3-1	EQ	79384000
PASS	tower-4	inverse-3-1	EQ	108781000
PASS	tower-5	expanded--3--1	EQ	141388000
PASS	tower-5	inverse--3--1	EQ	256089000
PASS	tower-5	expanded--3-1	EQ	154277000
PASS	tower-5	inverse--3-1	EQ	288536000
PASS	tower-5	expanded--2--1	EQ	138199000
PASS	tower-5	inverse--2--1	EQ	181885000
PASS	tower-5	expanded--2-1	EQ	143708000
PASS	tower-5	inverse--2-1	EQ	181434000
PASS	tower-5	expanded--1--1	EQ	169256000
PASS	tower-5	inverse--1--1	EQ	178995000
PASS	tower-5	expanded--1-1	EQ	177425000
PASS	tower-5	inverse--1-1	EQ	175266000
PASS	tower-5	expanded-0--1	EQ	138118000
PASS	tower-5	inverse-0--1	EQ	161076000
PASS	tower-5	expanded-0-1	EQ	130919000
PASS	tower-5	inverse-0-1	EQ	161866000
PASS	tower-5	expanded-1--1	EQ	170976000
PASS	tower-5	inverse-1--1	EQ	214052000
PASS	tower-5	expanded-1-1	EQ	185325000
PASS	tower-5	inverse-1-1	EQ	193664000
PASS	tower-5	expanded-2--1	EQ	175535000
PASS	tower-5	inverse-2--1	EQ	175825000
PASS	tower-5	expanded-2-1	EQ	131359000
PASS	tower-5	inverse-2-1	EQ	175865000
PASS	tower-5	expanded-3--1	EQ	150808000
PASS	tower-5	inverse-3--1	EQ	251379000
PASS	tower-5	expanded-3-1	EQ	136888000
PASS	tower-5	inverse-3-1	EQ	246100000
PASS	independent	surd-2-3--1--1	EQ	24838000
PASS	independent	surd-2-3--1-1	EQ	22528000
PASS	independent	surd-2-3-1--1	EQ	23738000
PASS	independent	surd-2-3-1-1	EQ	20568000
PASS	independent	surd-2-5--1--1	EQ	24498000
PASS	independent	surd-2-5--1-1	EQ	23368000
PASS	independent	surd-2-5-1--1	EQ	23018000
PASS	independent	surd-2-5-1-1	EQ	20668000
PASS	independent	surd-3-7--1--1	EQ	23138000
PASS	independent	surd-3-7--1-1	EQ	22898000
PASS	independent	surd-3-7-1--1	EQ	47356000
PASS	independent	surd-3-7-1-1	EQ	22498000
PASS	independent	surd-5-7--1--1	EQ	23718000
PASS	independent	surd-5-7--1-1	EQ	22978000
PASS	independent	surd-5-7-1--1	EQ	22718000
PASS	independent	surd-5-7-1-1	EQ	20838000
SUMMARY	1324	1324
