close 0 -1 0 0 -978123315217917 5192296858534827628530496329220096 -1.8837969820815017e-19
close 0 1 0 0 978123315217917 5192296858534827628530496329220096 1.8837969820815017e-19
pell 1 -1 1 1 -7461808180621107 18014398509481984 -0.4142135623730951
pell 1 1 1 1 7461808180621107 18014398509481984 0.4142135623730951
pell 2 -1 3 2 6181564296479543 36028797018963968 0.1715728752538099
pell 2 1 3 2 -6181564296479543 36028797018963968 -0.1715728752538099
pell 3 -1 7 5 -5120975536566253 72057594037927936 -7.106781186547524e-2
pell 3 1 7 5 5120975536566253 72057594037927936 7.106781186547524e-2
pell 4 -1 17 12 4242355039653159 144115188075855872 2.9437251522859413e-2
pell 4 1 17 12 -4242355039653159 144115188075855872 -2.9437251522859413e-2
pell 5 -1 41 29 -439310248456547 36028797018963968 -1.2193308819756415e-2
pell 5 1 41 29 439310248456547 36028797018963968 1.2193308819756415e-2
pell 6 -1 99 70 2911492208003133 576460752303423488 5.050633883346584e-3
pell 6 1 99 70 -2911492208003133 576460752303423488 -5.050633883346584e-3
pell 7 -1 239 169 -602989779649243 288230376151711744 -2.0920410530632476e-3
pell 7 1 239 169 602989779649243 288230376151711744 2.0920410530632476e-3
pell 8 -1 577 408 7992529430498577 9223372036854775808 8.665517772200889e-4
pell 8 1 577 408 -7992529430498577 9223372036854775808 -8.665517772200889e-4
pell 9 -1 1393 985 -827653521944655 2305843009213693952 -3.5893749862306963e-4
pell 9 1 1393 985 827653521944655 2305843009213693952 3.5893749862306963e-4
pell 10 -1 3363 2378 5485205019765347 36893488147419103232 1.486767799739496e-4
pell 10 1 3363 2378 -5485205019765347 36893488147419103232 -1.486767799739496e-4
pell 11 -1 8119 5741 -4544092623167575 73786976294838206464 -6.158393867517049e-5
pell 11 1 8119 5741 4544092623167575 73786976294838206464 6.158393867517049e-5
pell 12 -1 19601 13860 7528899172782173 295147905179352825856 2.550890262360859e-5
pell 12 1 19601 13860 -7528899172782173 295147905179352825856 -2.550890262360859e-5
pell 13 -1 47321 33461 -6237144294211905 590295810358705651712 -1.0566133427953306e-5
pell 13 1 47321 33461 6237144294211905 590295810358705651712 1.0566133427953306e-5
pell 14 -1 114243 80782 2583509757140537 590295810358705651712 4.3766357677019815e-6
pell 14 1 114243 80782 -2583509757140537 590295810358705651712 -4.3766357677019815e-6
pell 15 -1 275807 195025 -2140249559861663 1180591620717411303424 -1.8128618925493435e-6
pell 15 1 275807 195025 2140249559861663 1180591620717411303424 1.8128618925493435e-6
pell 16 -1 665857 470832 7092163156461985 9444732965739290427392 7.509119826032946e-7
pell 16 1 665857 470832 -7092163156461985 9444732965739290427392 -7.509119826032946e-7
pell 17 -1 1607521 1136689 -2937670165969333 9444732965739290427392 -3.110379273427542e-7
pell 17 1 1607521 1136689 2937670165969333 9444732965739290427392 3.110379273427542e-7
pell 18 -1 3880899 2744210 4867291298093275 37778931862957161709568 1.2883612791778613e-7
pell 18 1 3880899 2744210 -4867291298093275 37778931862957161709568 -1.2883612791778613e-7
pell 19 -1 9369319 6625109 -8064392270763127 151115727451828646838272 -5.336567150718196e-8
pell 19 1 9369319 6625109 8064392270763127 151115727451828646838272 5.336567150718196e-8
pell 20 -1 22619537 15994428 26096723834741 1180591620717411303424 2.2104784903422216e-8
pell 20 1 22619537 15994428 -26096723834741 1180591620717411303424 -2.2104784903422216e-8
pell 21 -1 54608393 38613965 -5534523876277723 604462909807314587353088 -9.156101700337528e-9
pell 21 1 54608393 38613965 5534523876277723 604462909807314587353088 9.156101700337528e-9
pell 22 -1 131836323 93222358 4584949701663893 1208925819614629174706176 3.7925815027471605e-9
pell 22 1 131836323 93222358 -4584949701663893 1208925819614629174706176 -3.7925815027471605e-9
pell 23 -1 318281039 225058681 -7596593396910641 4835703278458516698824704 -1.5709386948432073e-9
pell 23 1 318281039 225058681 7596593396910641 4835703278458516698824704 1.5709386948432073e-9
pell 24 -1 768398401 543339720 196663250802143 302231454903657293676544 6.507041130607454e-10
pell 24 1 768398401 543339720 -196663250802143 302231454903657293676544 -6.507041130607454e-10
pell 25 -1 1855077841 1311738121 -2606738742484131 9671406556917033397649408 -2.6953046872171657e-10
pell 25 1 1855077841 1311738121 2606738742484131 9671406556917033397649408 2.6953046872171657e-10
pell 26 -1 4478554083 3166815962 539873270350157 4835703278458516698824704 1.116431756173123e-10
pell 26 1 4478554083 3166815962 -539873270350157 4835703278458516698824704 -1.116431756173123e-10
pell 27 -1 10812186007 7645370045 -3577965288668025 77371252455336267181195264 -4.624411748709199e-11
pell 27 1 10812186007 7645370045 3577965288668025 77371252455336267181195264 4.624411748709199e-11
pell 28 -1 26102926097 18457556052 741020874133231 38685626227668133590597632 1.9154940643128314e-11
pell 28 1 26102926097 18457556052 -741020874133231 38685626227668133590597632 -1.9154940643128314e-11
pell 29 -1 63018038201 44560482149 -613881792135101 77371252455336267181195264 -7.934236200835363e-12
pell 29 1 63018038201 44560482149 613881792135101 77371252455336267181195264 7.934236200835363e-12
pell 30 -1 152139002499 107578520350 63569540999065 19342813113834066795298816 3.286468241457587e-12
pell 30 1 152139002499 107578520350 -63569540999065 19342813113834066795298816 -3.286468241457587e-12
pell 31 -1 367296043199 259717522849 -1685207426281295 1237940039285380274899124224 -1.3612997179201883e-12
pell 31 1 367296043199 259717522849 1685207426281295 1237940039285380274899124224 1.3612997179201883e-12
pell 32 -1 886731088897 627013566048 5584286171020561 9903520314283042199192993792 5.638688056172106e-13
pell 32 1 886731088897 627013566048 -5584286171020561 9903520314283042199192993792 -5.638688056172106e-13
pell 33 -1 2140758220993 1513744654945 -4626174136418475 19807040628566084398385987584 -2.335621066857671e-13
pell 33 1 2140758220993 1513744654945 4626174136418475 19807040628566084398385987584 2.335621066857671e-13
pell 34 -1 5168247530883 3654502875938 1916224069204173 19807040628566084398385987584 9.674459224567646e-14
pell 34 1 5168247530883 3654502875938 -1916224069204173 19807040628566084398385987584 -9.674459224567646e-14
pell 35 -1 12477253282759 8822750406821 -3174903992040515 79228162514264337593543950336 -4.0072922194414156e-14
pell 35 1 12477253282759 8822750406821 3174903992040515 79228162514264337593543950336 4.0072922194414156e-14
pell 36 -1 30122754096401 21300003689580 5260353170942649 316912650057057350374175801344 1.6598747856848152e-14
pell 36 1 30122754096401 21300003689580 -5260353170942649 316912650057057350374175801344 -1.6598747856848152e-14
pell 37 -1 72722761475561 51422757785981 -8715638505107045 1267650600228229401496703205376 -6.87542648071785e-15
pell 37 1 72722761475561 51422757785981 8715638505107045 1267650600228229401496703205376 6.87542648071785e-15
pell 38 -1 175568277047523 124145519261542 1805067836778253 633825300114114700748351602688 2.8478948954124525e-15
pell 38 1 175568277047523 124145519261542 -1805067836778253 633825300114114700748351602688 -2.8478948954124525e-15
pell 39 -1 423859315570607 299713796309065 -5981468631976133 5070602400912917605986812821504 -1.1796366898929448e-15
pell 39 1 423859315570607 299713796309065 5981468631976133 5070602400912917605986812821504 1.1796366898929448e-15
pell 40 -1 1023286908188737 723573111879672 4955210860547515 10141204801825835211973625643008 4.886215156265627e-16
pell 40 1 1023286908188737 723573111879672 -4955210860547515 10141204801825835211973625643008 -4.886215156265627e-16
pell 41 -1 2470433131948081 1746860020068409 -8210062171428945 40564819207303340847894502572032 -2.0239365863981948e-16
pell 41 1 2470433131948081 1746860020068409 8210062171428945 40564819207303340847894502572032 2.0239365863981948e-16
pell 42 -1 5964153172084899 4217293152016490 6801438198664343 81129638414606681695789005144064 8.383419834692377e-17
pell 42 1 5964153172084899 4217293152016490 -6801438198664343 81129638414606681695789005144064 -8.383419834692377e-17
pell 43 -1 14398739476117879 10181446324101389 -5634495891058407 162259276829213363391578010288128 -3.4725261945971925e-17
pell 43 1 14398739476117879 10181446324101389 5634495891058407 162259276829213363391578010288128 3.4725261945971925e-17
pell 44 -1 34761632124320657 24580185800219268 4667769230423739 324518553658426726783156020576256 1.4383674454979908e-17
pell 44 1 34761632124320657 24580185800219268 -4667769230423739 324518553658426726783156020576256 -1.4383674454979908e-17
pell 45 -1 83922003724759193 59341817924539925 -7733813285077349 1298074214633706907132624082305024 -5.957913036012114e-18
pell 45 1 83922003724759193 59341817924539925 7733813285077349 1298074214633706907132624082305024 5.957913036012114e-18
pell 46 -1 202605639573839043 143263821649299118 1601725175770129 649037107316853453566312041152512 2.46784838295568e-18
pell 46 1 202605639573839043 143263821649299118 -1601725175770129 649037107316853453566312041152512 -2.46784838295568e-18
pell 47 -1 489133282872437279 345869461223138161 -663456290998417 649037107316853453566312041152512 -1.0222162701007544e-18
pell 47 1 489133282872437279 345869461223138161 663456290998417 649037107316853453566312041152512 1.0222162701007544e-18
pell 48 -1 1180872205318713601 835002744095575440 4397001500372721 10384593717069655257060992658440192 4.2341584275417136e-19
pell 48 1 1180872205318713601 835002744095575440 -4397001500372721 10384593717069655257060992658440192 -4.2341584275417136e-19
pell 49 -1 2850877693509864481 2015874949414289041 -7285190620916915 41538374868278621028243970633760768 -1.7538458459241158e-19
pell 49 1 2850877693509864481 2015874949414289041 7285190620916915 41538374868278621028243970633760768 1.7538458459241158e-19
pell 50 -1 6882627592338442563 4866752642924153522 6035249519314111 83076749736557242056487941267521536 7.264667356934824e-20
pell 50 1 6882627592338442563 4866752642924153522 -6035249519314111 83076749736557242056487941267521536 -7.264667356934824e-20
pell 51 -1 16616132878186749607 11749380235262596085 -4999764406411215 166153499473114484112975882535043072 -3.00912374537151e-20
pell 51 1 16616132878186749607 11749380235262596085 4999764406411215 166153499473114484112975882535043072 3.00912374537151e-20
pell 52 -1 40114893348711941777 28365513113449345692 8283880903223169 664613997892457936451903530140172288 1.2464198661918034e-20
pell 52 1 40114893348711941777 28365513113449345692 -8283880903223169 664613997892457936451903530140172288 -1.2464198661918034e-20
pell 53 -1 96845919575610633161 68480406462161287469 -3431295819198521 664613997892457936451903530140172288 -5.162840129879033e-21
pell 53 1 96845919575610633161 68480406462161287469 3431295819198521 664613997892457936451903530140172288 5.162840129879033e-21
pell 54 -1 233806732499933208099 165326326037771920630 1421289264826127 664613997892457936451903530140172288 2.1385184021599673e-21
pell 54 1 233806732499933208099 165326326037771920630 -1421289264826127 664613997892457936451903530140172288 -2.1385184021599673e-21
pell 55 -1 564459384575477049359 399133058537705128729 -4709738316370139 5316911983139663491615228241121378304 -8.858033255590992e-22
pell 55 1 564459384575477049359 399133058537705128729 4709738316370139 5316911983139663491615228241121378304 8.858033255590992e-22
pell 56 -1 1362725501650887306817 963592443113182178088 975418742934369 2658455991569831745807614120560689152 3.669117510417689e-22
pell 56 1 1362725501650887306817 963592443113182178088 -975418742934369 2658455991569831745807614120560689152 -3.669117510417689e-22
pell 57 -1 3289910387877251662993 2326317944764069484905 -6464506757061299 42535295865117307932921825928971026432 -1.5197982347556125e-22
pell 57 1 3289910387877251662993 2326317944764069484905 6464506757061299 42535295865117307932921825928971026432 1.5197982347556125e-22
pell 58 -1 7942546277405390632803 5616228332641321147898 2677686372827305 42535295865117307932921825928971026432 6.295210409064637e-23
pell 58 1 7942546277405390632803 5616228332641321147898 -2677686372827305 42535295865117307932921825928971026432 -6.295210409064637e-23
pell 59 -1 19175002942688032928599 13558774610046711780701 -8873072091253517 340282366920938463463374607431768211456 -2.6075615294268525e-23
pell 59 1 19175002942688032928599 13558774610046711780701 8873072091253517 340282366920938463463374607431768211456 2.6075615294268525e-23
pell 60 -1 46292552162781456490001 32733777552734744709300 3675346800111407 340282366920938463463374607431768211456 1.0800873502109325e-23
pell 60 1 46292552162781456490001 32733777552734744709300 -3675346800111407 340282366920938463463374607431768211456 -1.0800873502109325e-23
pell 61 -1 111760107268250945908601 79026329715516201199301 -3044756982061403 680564733841876926926749214863536422912 -4.47386829004987e-24
pell 61 1 111760107268250945908601 79026329715516201199301 3044756982061403 680564733841876926926749214863536422912 4.47386829004987e-24
pell 62 -1 269812766699283348307203 190786436983767147107902 5044718544400031 2722258935367507707706996859454145691648 1.8531369220095843e-24
pell 62 1 269812766699283348307203 190786436983767147107902 -5044718544400031 2722258935367507707706996859454145691648 -1.8531369220095843e-24
pell 63 -1 651385640666817642523007 460599203683050495415105 -8358363357782207 10889035741470030830827987437816582766592 -7.675944460307024e-25
pell 63 1 651385640666817642523007 460599203683050495415105 8358363357782207 10889035741470030830827987437816582766592 7.675944460307024e-25
pell 64 -1 1572584048032918633353217 1111984844349868137938112 13524013523577 42535295865117307932921825928971026432 3.1794802994817965e-25
pell 64 1 1572584048032918633353217 1111984844349868137938112 -13524013523577 42535295865117307932921825928971026432 -3.1794802994817965e-25
pell 65 -1 3796553736732654909229441 2684568892382786771291329 -717034216855391 5444517870735015415413993718908291383296 -1.31698386134343e-25
pell 65 1 3796553736732654909229441 2684568892382786771291329 717034216855391 5444517870735015415413993718908291383296 1.31698386134343e-25
pell 66 -1 9165691521498228451812099 6481122629115441680520770 2376042378456591 43556142965880123323311949751266331066368 5.455125767949364e-26
pell 66 1 9165691521498228451812099 6481122629115441680520770 -2376042378456591 43556142965880123323311949751266331066368 -5.455125767949364e-26
pell 67 -1 22127936779729111812853639 15646814150613670132332869 -7873511823439571 348449143727040986586495598010130648530944 -2.2595870775355722e-26
pell 67 1 22127936779729111812853639 15646814150613670132332869 7873511823439571 348449143727040986586495598010130648530944 2.2595870775355722e-26
pell 68 -1 53421565080956452077519377 37774750930342781945186508 815328845193397 87112285931760246646623899502532662132736 9.359516128782203e-27
pell 68 1 53421565080956452077519377 37774750930342781945186508 -815328845193397 87112285931760246646623899502532662132736 -9.359516128782203e-27
pell 69 -1 128971066941642015967892393 91196316011299234022705885 -5403524247569579 1393796574908163946345982392040522594123776 -3.876838517791316e-27
pell 69 1 128971066941642015967892393 91196316011299234022705885 5403524247569579 1393796574908163946345982392040522594123776 3.876838517791316e-27
pell 70 -1 311363698964240484013304163 220167382952941249990598278 4476426055910387 2787593149816327892691964784081045188247552 1.6058390931995707e-27
pell 70 1 311363698964240484013304163 220167382952941249990598278 -4476426055910387 2787593149816327892691964784081045188247552 -1.6058390931995707e-27
pell 71 -1 751698464870122983994500719 531531081917181734003902441 -7416785533273539 11150372599265311570767859136324180752990208 -6.651603313921747e-28
pell 71 1 751698464870122983994500719 531531081917181734003902441 7416785533273539 11150372599265311570767859136324180752990208 6.651603313921747e-28
pell 72 -1 1814760628704486452002305601 1283229546787304717998403160 768033289273617 2787593149816327892691964784081045188247552 2.755184304152211e-28
pell 72 1 1814760628704486452002305601 1283229546787304717998403160 -768033289273617 2787593149816327892691964784081045188247552 -2.755184304152211e-28
pell 73 -1 4381219722279095887999111921 3097990175491791170000708761 -5090076876338411 44601490397061246283071436545296723011960832 -1.1412347056173243e-28
pell 73 1 4381219722279095887999111921 3097990175491791170000708761 5090076876338411 44601490397061246283071436545296723011960832 1.1412347056173243e-28
pell 74 -1 10577200073262678228000529443 7479209897770887057999820682 4216757751402099 89202980794122492566142873090593446023921664 4.727148929175624e-29
pell 74 1 10577200073262678228000529443 7479209897770887057999820682 -4216757751402099 89202980794122492566142873090593446023921664 -4.727148929175624e-29
pell 75 -1 25535619868804452344000170807 18056409971033565286000350125 -6986552999490501 356811923176489970264571492362373784095686656 -1.9580491978219967e-29
pell 75 1 25535619868804452344000170807 18056409971033565286000350125 6986552999490501 356811923176489970264571492362373784095686656 1.9580491978219967e-29
pell 76 -1 61648439810871582916000871057 43592029839838017630000520932 2893925006627393 356811923176489970264571492362373784095686656 8.110505335316304e-30
pell 76 1 61648439810871582916000871057 43592029839838017630000520932 -2893925006627393 356811923176489970264571492362373784095686656 -8.110505335316304e-30
pell 77 -1 148832499490547618176001912921 105240469650709600546001391989 -1198702986235715 356811923176489970264571492362373784095686656 -3.3594813075873595e-30
pell 77 1 148832499490547618176001912921 105240469650709600546001391989 1198702986235715 356811923176489970264571492362373784095686656 3.3594813075873595e-30
pell 78 -1 359313438791966819268004696899 254072969141257218722003304910 1986076136623851 1427247692705959881058285969449495136382746624 1.391542720141584e-30
pell 78 1 359313438791966819268004696899 254072969141257218722003304910 -1986076136623851 1427247692705959881058285969449495136382746624 -1.391542720141584e-30
pell 79 -1 867459377074481256712011306719 613386407933224037990008001809 -6581277373561273 11417981541647679048466287755595961091061972992 -5.763958673041923e-31
pell 79 1 867459377074481256712011306719 613386407933224037990008001809 6581277373561273 11417981541647679048466287755595961091061972992 5.763958673041923e-31
pell 80 -1 2094232192940929332692027310337 1480845785007705294702019308528 2726054345868261 11417981541647679048466287755595961091061972992 2.3875098553319924e-31
pell 80 1 2094232192940929332692027310337 1480845785007705294702019308528 -2726054345868261 11417981541647679048466287755595961091061972992 -2.3875098553319924e-31
pell 81 -1 5055923762956339922096065927393 3575077977948634627394046618865 -4516674727298999 45671926166590716193865151022383844364247891968 -9.889389623779374e-32
pell 81 1 5055923762956339922096065927393 3575077977948634627394046618865 4516674727298999 45671926166590716193865151022383844364247891968 9.889389623779374e-32
pell 82 -1 12206079718853609176884159165123 8631001740904974549490112546258 935433964437523 22835963083295358096932575511191922182123945984 4.0963193057611766e-32
pell 82 1 12206079718853609176884159165123 8631001740904974549490112546258 -935433964437523 22835963083295358096932575511191922182123945984 -4.0963193057611766e-32
pell 83 -1 29468083200663558275864384257639 20837081459758583726374271711381 -6199510956391257 365375409332725729550921208179070754913983135744 -1.6967510122570208e-32
pell 83 1 29468083200663558275864384257639 20837081459758583726374271711381 6199510956391257 365375409332725729550921208179070754913983135744 1.6967510122570208e-32
pell 84 -1 71142246120180725728612927680401 50305164660422142002238655969020 20061886861077 2854495385411919762116571938898990272765493248 7.028172812471356e-33
pell 84 1 71142246120180725728612927680401 50305164660422142002238655969020 -20061886861077 2854495385411919762116571938898990272765493248 -7.028172812471356e-33
pell 85 -1 171752575441025009733090239618441 121447410780602867730851583649421 -8509343359644359 2923003274661805836407369665432566039311865085952 -2.911164497627495e-33
pell 85 1 171752575441025009733090239618441 121447410780602867730851583649421 8509343359644359 2923003274661805836407369665432566039311865085952 2.911164497627495e-33
pell 86 -1 414647397002230745194793406917283 293199986221627877463941823267862 7049370852908261 5846006549323611672814739330865132078623730171904 1.2058438172163662e-33
pell 86 1 414647397002230745194793406917283 293199986221627877463941823267862 -7049370852908261 5846006549323611672814739330865132078623730171904 -1.2058438172163662e-33
pell 87 -1 1001047369445486500122677053453007 707847383223858622658735230185145 -5839890026944389 11692013098647223345629478661730264157247460343808 -4.994768631947624e-34
pell 87 1 1001047369445486500122677053453007 707847383223858622658735230185145 5839890026944389 11692013098647223345629478661730264157247460343808 4.994768631947624e-34
pell 88 -1 2416742135893203745440147513823297 1708894752669345122781412283638152 2418961651927745 11692013098647223345629478661730264157247460343808 2.0689009082684154e-34
pell 88 1 2416742135893203745440147513823297 1708894752669345122781412283638152 -2418961651927745 11692013098647223345629478661730264157247460343808 -2.0689009082684154e-34
pell 89 -1 5834531641231893991002972081099601 4125636888562548868221559797461449 -4007866892355593 46768052394588893382517914646921056628989841375232 -8.569668154107924e-35
pell 89 1 5834531641231893991002972081099601 4125636888562548868221559797461449 4007866892355593 46768052394588893382517914646921056628989841375232 8.569668154107924e-35
pell 90 -1 14085805418356991727446091676022499 9960168529794442859224531878561050 415028205749949 11692013098647223345629478661730264157247460343808 3.549672774468309e-35
pell 90 1 14085805418356991727446091676022499 9960168529794442859224531878561050 -415028205749949 11692013098647223345629478661730264157247460343808 -3.549672774468309e-35
pell 91 -1 34006142477945877445895155433144599 24045973948151434586670623554583549 -2750564985424003 187072209578355573530071658587684226515959365500928 -1.470322605171306e-35
pell 91 1 34006142477945877445895155433144599 24045973948151434586670623554583549 2750564985424003 187072209578355573530071658587684226515959365500928 1.470322605171306e-35
pell 92 -1 82098090374248746619236402542311697 58052116426097312032565778987728148 4557285284604707 748288838313422294120286634350736906063837462003712 6.090275641256965e-36
pell 92 1 82098090374248746619236402542311697 58052116426097312032565778987728148 -4557285284604707 748288838313422294120286634350736906063837462003712 -6.090275641256965e-36
pell 93 -1 198202323226443370684367960517767993 140150206800346058651802181530039845 -7550757489946399 2993155353253689176481146537402947624255349848014848 -2.5226747691991328e-36
pell 93 1 198202323226443370684367960517767993 140150206800346058651802181530039845 7550757489946399 2993155353253689176481146537402947624255349848014848 2.5226747691991328e-36
pell 94 -1 478502736827135487987972323577847683 338352530026789429336170142047807838 3127626158526027 2993155353253689176481146537402947624255349848014848 1.044926102858698e-36
pell 94 1 478502736827135487987972323577847683 338352530026789429336170142047807838 -3127626158526027 2993155353253689176481146537402947624255349848014848 -1.044926102858698e-36
pell 95 -1 1155207796880714346660312607673463359 816855266853924917324142465625655521 -2591010345788689 5986310706507378352962293074805895248510699696029696 -4.328225634817366e-37
pell 95 1 1155207796880714346660312607673463359 816855266853924917324142465625655521 2591010345788689 5986310706507378352962293074805895248510699696029696 4.328225634817366e-37
pell 96 -1 2788918330588564181308597538924774401 1972063063734639263984455073299118880 2146463250949355 11972621413014756705924586149611790497021399392059392 1.7928097589522514e-37
pell 96 1 2788918330588564181308597538924774401 1972063063734639263984455073299118880 -2146463250949355 11972621413014756705924586149611790497021399392059392 -1.7928097589522514e-37
SUMMARY 194
