PASS	close	0	-1
PASS	close	0	1
PASS	pell	1	-1
PASS	pell	1	1
PASS	pell	2	-1
PASS	pell	2	1
PASS	pell	3	-1
PASS	pell	3	1
PASS	pell	4	-1
PASS	pell	4	1
PASS	pell	5	-1
PASS	pell	5	1
PASS	pell	6	-1
PASS	pell	6	1
PASS	pell	7	-1
PASS	pell	7	1
PASS	pell	8	-1
PASS	pell	8	1
PASS	pell	9	-1
PASS	pell	9	1
PASS	pell	10	-1
PASS	pell	10	1
PASS	pell	11	-1
PASS	pell	11	1
PASS	pell	12	-1
PASS	pell	12	1
PASS	pell	13	-1
PASS	pell	13	1
PASS	pell	14	-1
PASS	pell	14	1
PASS	pell	15	-1
PASS	pell	15	1
PASS	pell	16	-1
PASS	pell	16	1
PASS	pell	17	-1
PASS	pell	17	1
PASS	pell	18	-1
PASS	pell	18	1
PASS	pell	19	-1
PASS	pell	19	1
PASS	pell	20	-1
PASS	pell	20	1
PASS	pell	21	-1
PASS	pell	21	1
PASS	pell	22	-1
PASS	pell	22	1
PASS	pell	23	-1
PASS	pell	23	1
PASS	pell	24	-1
PASS	pell	24	1
PASS	pell	25	-1
PASS	pell	25	1
PASS	pell	26	-1
PASS	pell	26	1
PASS	pell	27	-1
PASS	pell	27	1
PASS	pell	28	-1
PASS	pell	28	1
PASS	pell	29	-1
PASS	pell	29	1
PASS	pell	30	-1
PASS	pell	30	1
PASS	pell	31	-1
PASS	pell	31	1
PASS	pell	32	-1
PASS	pell	32	1
PASS	pell	33	-1
PASS	pell	33	1
PASS	pell	34	-1
PASS	pell	34	1
PASS	pell	35	-1
PASS	pell	35	1
PASS	pell	36	-1
PASS	pell	36	1
PASS	pell	37	-1
PASS	pell	37	1
PASS	pell	38	-1
PASS	pell	38	1
PASS	pell	39	-1
PASS	pell	39	1
PASS	pell	40	-1
PASS	pell	40	1
PASS	pell	41	-1
PASS	pell	41	1
PASS	pell	42	-1
PASS	pell	42	1
PASS	pell	43	-1
PASS	pell	43	1
PASS	pell	44	-1
PASS	pell	44	1
PASS	pell	45	-1
PASS	pell	45	1
PASS	pell	46	-1
PASS	pell	46	1
PASS	pell	47	-1
PASS	pell	47	1
PASS	pell	48	-1
PASS	pell	48	1
PASS	pell	49	-1
PASS	pell	49	1
PASS	pell	50	-1
PASS	pell	50	1
PASS	pell	51	-1
PASS	pell	51	1
PASS	pell	52	-1
PASS	pell	52	1
PASS	pell	53	-1
PASS	pell	53	1
PASS	pell	54	-1
PASS	pell	54	1
PASS	pell	55	-1
PASS	pell	55	1
PASS	pell	56	-1
PASS	pell	56	1
PASS	pell	57	-1
PASS	pell	57	1
PASS	pell	58	-1
PASS	pell	58	1
PASS	pell	59	-1
PASS	pell	59	1
PASS	pell	60	-1
PASS	pell	60	1
PASS	pell	61	-1
PASS	pell	61	1
PASS	pell	62	-1
PASS	pell	62	1
PASS	pell	63	-1
PASS	pell	63	1
PASS	pell	64	-1
PASS	pell	64	1
PASS	pell	65	-1
PASS	pell	65	1
PASS	pell	66	-1
PASS	pell	66	1
PASS	pell	67	-1
PASS	pell	67	1
PASS	pell	68	-1
PASS	pell	68	1
PASS	pell	69	-1
PASS	pell	69	1
PASS	pell	70	-1
PASS	pell	70	1
PASS	pell	71	-1
PASS	pell	71	1
PASS	pell	72	-1
PASS	pell	72	1
PASS	pell	73	-1
PASS	pell	73	1
PASS	pell	74	-1
PASS	pell	74	1
PASS	pell	75	-1
PASS	pell	75	1
PASS	pell	76	-1
PASS	pell	76	1
PASS	pell	77	-1
PASS	pell	77	1
PASS	pell	78	-1
PASS	pell	78	1
PASS	pell	79	-1
PASS	pell	79	1
PASS	pell	80	-1
PASS	pell	80	1
PASS	pell	81	-1
PASS	pell	81	1
PASS	pell	82	-1
PASS	pell	82	1
PASS	pell	83	-1
PASS	pell	83	1
PASS	pell	84	-1
PASS	pell	84	1
PASS	pell	85	-1
PASS	pell	85	1
PASS	pell	86	-1
PASS	pell	86	1
PASS	pell	87	-1
PASS	pell	87	1
PASS	pell	88	-1
PASS	pell	88	1
PASS	pell	89	-1
PASS	pell	89	1
PASS	pell	90	-1
PASS	pell	90	1
PASS	pell	91	-1
PASS	pell	91	1
PASS	pell	92	-1
PASS	pell	92	1
PASS	pell	93	-1
PASS	pell	93	1
PASS	pell	94	-1
PASS	pell	94	1
PASS	pell	95	-1
PASS	pell	95	1
PASS	pell	96	-1
PASS	pell	96	1
SUMMARY	194	582
