PASS	tower-5	expanded--3--1	EQ	255133
UNKNOWN	tower-5	inverse--3--1	UNKNOWN	775197
PASS	tower-5	expanded--3-1	EQ	173518
UNKNOWN	tower-5	inverse--3-1	UNKNOWN	641926
PASS	tower-5	expanded--2--1	EQ	133491
PASS	tower-5	inverse--2--1	EQ	528523
PASS	tower-5	expanded--2-1	EQ	141690
PASS	tower-5	inverse--2-1	EQ	531713
PASS	tower-5	expanded--1--1	EQ	118722
PASS	tower-5	inverse--1--1	EQ	563471
PASS	tower-5	expanded--1-1	EQ	117062
PASS	tower-5	inverse--1-1	EQ	565422
PASS	tower-5	expanded-0--1	EQ	16269
PASS	tower-5	inverse-0--1	EQ	382604
PASS	tower-5	expanded-0-1	EQ	13769
PASS	tower-5	inverse-0-1	EQ	374754
PASS	tower-5	expanded-1--1	EQ	118472
PASS	tower-5	inverse-1--1	EQ	525544
PASS	tower-5	expanded-1-1	EQ	107433
PASS	tower-5	inverse-1-1	EQ	529264
PASS	tower-5	expanded-2--1	EQ	142220
PASS	tower-5	inverse-2--1	EQ	525424
PASS	tower-5	expanded-2-1	EQ	135350
PASS	tower-5	inverse-2-1	EQ	524784
PASS	tower-5	expanded-3--1	EQ	136011
UNKNOWN	tower-5	inverse-3--1	UNKNOWN	575261
PASS	tower-5	expanded-3-1	EQ	136241
UNKNOWN	tower-5	inverse-3-1	UNKNOWN	635966
SUMMARY	24	4	0	28
