PASS	tower-5	expanded--3--1	EQ	2501898
PASS	tower-5	inverse--3--1	EQ	14319008
PASS	tower-5	expanded--3-1	EQ	2312261
PASS	tower-5	inverse--3-1	EQ	14571411
PASS	tower-5	expanded--2--1	EQ	2445793
PASS	tower-5	inverse--2--1	EQ	9797778
PASS	tower-5	expanded--2-1	EQ	2450122
PASS	tower-5	inverse--2-1	EQ	9400305
PASS	tower-5	expanded--1--1	EQ	1922288
PASS	tower-5	inverse--1--1	EQ	9315141
PASS	tower-5	expanded--1-1	EQ	1815895
PASS	tower-5	inverse--1-1	EQ	9149003
PASS	tower-5	expanded-0--1	EQ	209826
PASS	tower-5	inverse-0--1	EQ	6654114
PASS	tower-5	expanded-0-1	EQ	178027
PASS	tower-5	inverse-0-1	EQ	6411450
PASS	tower-5	expanded-1--1	EQ	1830474
PASS	tower-5	inverse-1--1	EQ	9259535
PASS	tower-5	expanded-1-1	EQ	1807766
PASS	tower-5	inverse-1-1	EQ	9401405
PASS	tower-5	expanded-2--1	EQ	2495079
PASS	tower-5	inverse-2--1	EQ	9410785
PASS	tower-5	expanded-2-1	EQ	2131084
PASS	tower-5	inverse-2-1	EQ	9315101
PASS	tower-5	expanded-3--1	EQ	2246446
PASS	tower-5	inverse-3--1	EQ	13952303
PASS	tower-5	expanded-3-1	EQ	2261155
PASS	tower-5	inverse-3-1	EQ	14394423
SUMMARY	28	0	0	28
