PASS	fraction--1-2
PASS	fraction--1-3
PASS	fraction--1-5
PASS	fraction--1-7
PASS	fraction--1-10
PASS	fraction-1-2
PASS	fraction-1-3
PASS	fraction-1-5
PASS	fraction-1-7
PASS	fraction-1-10
PASS	scaled-identity-0
PASS	scaled-finite-0
PASS	scaled-exact-128-0
PASS	scaled-identity-100
PASS	scaled-finite-100
PASS	scaled-exact-128-100
PASS	scaled-identity-154
PASS	scaled-finite-154
PASS	scaled-exact-128-154
PASS	scaled-identity-155
PASS	scaled-finite-155
PASS	scaled-exact-128-155
PASS	scaled-identity-160
PASS	scaled-finite-160
PASS	scaled-exact-128-160
PASS	scaled-identity-200
PASS	scaled-finite-200
PASS	scaled-exact-128-200
PASS	scaled-identity-500
PASS	scaled-finite-500
PASS	scaled-exact-128-500
SUMMARY	31	31
