PASS	quadratic	root-2-1--3--3	EQ	174388
PASS	quadratic	sign-2-1--3--3	LT	15139
PASS	quadratic	inverse-2-1--3--3	EQ	93043
PASS	quadratic	root-2-1--3--2	EQ	77745
PASS	quadratic	sign-2-1--3--2	LT	11899
PASS	quadratic	inverse-2-1--3--2	EQ	58856
PASS	quadratic	root-2-1--3--1	EQ	56026
PASS	quadratic	sign-2-1--3--1	LT	10350
PASS	quadratic	inverse-2-1--3--1	EQ	62095
PASS	quadratic	root-2-1--3-0	EQ	15149
PASS	quadratic	sign-2-1--3-0	LT	5179
PASS	quadratic	inverse-2-1--3-0	EQ	12629
PASS	quadratic	root-2-1--3-1	EQ	91394
PASS	quadratic	sign-2-1--3-1	LT	15709
PASS	quadratic	inverse-2-1--3-1	EQ	53097
PASS	quadratic	root-2-1--3-2	EQ	101373
PASS	quadratic	sign-2-1--3-2	LT	32958
PASS	quadratic	inverse-2-1--3-2	EQ	65856
PASS	quadratic	root-2-1--3-3	EQ	128681
PASS	quadratic	sign-2-1--3-3	GT	28328
PASS	quadratic	inverse-2-1--3-3	EQ	79844
PASS	quadratic	root-2-1--2--3	EQ	72045
PASS	quadratic	sign-2-1--2--3	LT	10580
PASS	quadratic	inverse-2-1--2--3	EQ	71455
PASS	quadratic	root-2-1--2--2	EQ	68285
PASS	quadratic	sign-2-1--2--2	LT	11509
PASS	quadratic	inverse-2-1--2--2	EQ	63396
PASS	quadratic	root-2-1--2--1	EQ	62926
PASS	quadratic	sign-2-1--2--1	LT	10929
PASS	quadratic	inverse-2-1--2--1	EQ	49857
PASS	quadratic	root-2-1--2-0	EQ	14529
PASS	quadratic	sign-2-1--2-0	LT	5160
PASS	quadratic	inverse-2-1--2-0	EQ	12579
PASS	quadratic	root-2-1--2-1	EQ	71295
PASS	quadratic	sign-2-1--2-1	LT	15099
PASS	quadratic	inverse-2-1--2-1	EQ	49597
PASS	quadratic	root-2-1--2-2	EQ	92374
PASS	quadratic	sign-2-1--2-2	GT	20058
PASS	quadratic	inverse-2-1--2-2	EQ	51536
PASS	quadratic	root-2-1--2-3	EQ	84344
PASS	quadratic	sign-2-1--2-3	GT	20358
PASS	quadratic	inverse-2-1--2-3	EQ	54476
PASS	quadratic	root-2-1--1--3	EQ	62576
PASS	quadratic	sign-2-1--1--3	LT	10230
PASS	quadratic	inverse-2-1--1--3	EQ	63186
PASS	quadratic	root-2-1--1--2	EQ	66165
PASS	quadratic	sign-2-1--1--2	LT	11569
PASS	quadratic	inverse-2-1--1--2	EQ	57846
PASS	quadratic	root-2-1--1--1	EQ	62856
PASS	quadratic	sign-2-1--1--1	LT	10759
PASS	quadratic	inverse-2-1--1--1	EQ	38807
PASS	quadratic	root-2-1--1-0	EQ	13289
PASS	quadratic	sign-2-1--1-0	LT	5230
PASS	quadratic	inverse-2-1--1-0	EQ	11409
PASS	quadratic	root-2-1--1-1	EQ	60336
PASS	quadratic	sign-2-1--1-1	GT	14050
PASS	quadratic	inverse-2-1--1-1	EQ	36818
PASS	quadratic	root-2-1--1-2	EQ	84495
PASS	quadratic	sign-2-1--1-2	GT	19279
PASS	quadratic	inverse-2-1--1-2	EQ	62565
PASS	quadratic	root-2-1--1-3	EQ	85234
PASS	quadratic	sign-2-1--1-3	GT	20048
PASS	quadratic	inverse-2-1--1-3	EQ	54956
PASS	quadratic	root-2-1-0--3	EQ	16559
PASS	quadratic	sign-2-1-0--3	LT	5579
PASS	quadratic	inverse-2-1-0--3	EQ	13529
PASS	quadratic	root-2-1-0--2	EQ	11249
PASS	quadratic	sign-2-1-0--2	LT	5410
PASS	quadratic	inverse-2-1-0--2	EQ	11850
PASS	quadratic	root-2-1-0--1	EQ	11470
PASS	quadratic	sign-2-1-0--1	LT	5959
PASS	quadratic	inverse-2-1-0--1	EQ	13269
PASS	quadratic	root-2-1-0-0	EQ	8509
PASS	quadratic	sign-2-1-0-0	EQ	3940
PASS	quadratic	root-2-1-0-1	EQ	10569
PASS	quadratic	sign-2-1-0-1	GT	5659
PASS	quadratic	inverse-2-1-0-1	EQ	12119
PASS	quadratic	root-2-1-0-2	EQ	10740
PASS	quadratic	sign-2-1-0-2	GT	5400
PASS	quadratic	inverse-2-1-0-2	EQ	12489
PASS	quadratic	root-2-1-0-3	EQ	10529
PASS	quadratic	sign-2-1-0-3	GT	5240
PASS	quadratic	inverse-2-1-0-3	EQ	12150
PASS	quadratic	root-2-1-1--3	EQ	65126
PASS	quadratic	sign-2-1-1--3	LT	14979
PASS	quadratic	inverse-2-1-1--3	EQ	48647
PASS	quadratic	root-2-1-1--2	EQ	70505
PASS	quadratic	sign-2-1-1--2	LT	16189
PASS	quadratic	inverse-2-1-1--2	EQ	43547
PASS	quadratic	root-2-1-1--1	EQ	54316
PASS	quadratic	sign-2-1-1--1	LT	12129
PASS	quadratic	inverse-2-1-1--1	EQ	28178
PASS	quadratic	root-2-1-1-0	EQ	9940
PASS	quadratic	sign-2-1-1-0	GT	4209
PASS	quadratic	inverse-2-1-1-0	EQ	9050
PASS	quadratic	root-2-1-1-1	EQ	29948
PASS	quadratic	sign-2-1-1-1	GT	6530
PASS	quadratic	inverse-2-1-1-1	EQ	29068
PASS	quadratic	root-2-1-1-2	EQ	50297
PASS	quadratic	sign-2-1-1-2	GT	8760
PASS	quadratic	inverse-2-1-1-2	EQ	42797
PASS	quadratic	root-2-1-1-3	EQ	51487
PASS	quadratic	sign-2-1-1-3	GT	8549
PASS	quadratic	inverse-2-1-1-3	EQ	42047
PASS	quadratic	root-2-1-2--3	EQ	64215
PASS	quadratic	sign-2-1-2--3	LT	15929
PASS	quadratic	inverse-2-1-2--3	EQ	45587
PASS	quadratic	root-2-1-2--2	EQ	66945
PASS	quadratic	sign-2-1-2--2	LT	16969
PASS	quadratic	inverse-2-1-2--2	EQ	42187
PASS	quadratic	root-2-1-2--1	EQ	37708
PASS	quadratic	sign-2-1-2--1	GT	13669
PASS	quadratic	inverse-2-1-2--1	EQ	38577
PASS	quadratic	root-2-1-2-0	EQ	10659
PASS	quadratic	sign-2-1-2-0	GT	4080
PASS	quadratic	inverse-2-1-2-0	EQ	10690
PASS	quadratic	root-2-1-2-1	EQ	29268
PASS	quadratic	sign-2-1-2-1	GT	6980
PASS	quadratic	inverse-2-1-2-1	EQ	41728
PASS	quadratic	root-2-1-2-2	EQ	52167
PASS	quadratic	sign-2-1-2-2	GT	8600
PASS	quadratic	inverse-2-1-2-2	EQ	42187
PASS	quadratic	root-2-1-2-3	EQ	52707
PASS	quadratic	sign-2-1-2-3	GT	8739
PASS	quadratic	inverse-2-1-2-3	EQ	43117
PASS	quadratic	root-2-1-3--3	EQ	63786
PASS	quadratic	sign-2-1-3--3	LT	15729
PASS	quadratic	inverse-2-1-3--3	EQ	41857
PASS	quadratic	root-2-1-3--2	EQ	71395
PASS	quadratic	sign-2-1-3--2	GT	17369
PASS	quadratic	inverse-2-1-3--2	EQ	41007
PASS	quadratic	root-2-1-3--1	EQ	38497
PASS	quadratic	sign-2-1-3--1	GT	13849
PASS	quadratic	inverse-2-1-3--1	EQ	41668
PASS	quadratic	root-2-1-3-0	EQ	10670
PASS	quadratic	sign-2-1-3-0	GT	4070
PASS	quadratic	inverse-2-1-3-0	EQ	10889
PASS	quadratic	root-2-1-3-1	EQ	42077
PASS	quadratic	sign-2-1-3-1	GT	7189
PASS	quadratic	inverse-2-1-3-1	EQ	42357
PASS	quadratic	root-2-1-3-2	EQ	55496
PASS	quadratic	sign-2-1-3-2	GT	8989
PASS	quadratic	inverse-2-1-3-2	EQ	45507
PASS	quadratic	root-2-1-3-3	EQ	64035
PASS	quadratic	sign-2-1-3-3	GT	9409
PASS	quadratic	inverse-2-1-3-3	EQ	43697
PASS	quadratic	root-2-2--3--3	EQ	55356
PASS	quadratic	sign-2-2--3--3	LT	8560
PASS	quadratic	inverse-2-2--3--3	EQ	46356
PASS	quadratic	root-2-2--3--2	EQ	45107
PASS	quadratic	sign-2-2--3--2	LT	9059
PASS	quadratic	inverse-2-2--3--2	EQ	40777
PASS	quadratic	root-2-2--3--1	EQ	70755
PASS	quadratic	sign-2-2--3--1	LT	10219
PASS	quadratic	inverse-2-2--3--1	EQ	52396
PASS	quadratic	root-2-2--3-0	EQ	12219
PASS	quadratic	sign-2-2--3-0	LT	4329
PASS	quadratic	inverse-2-2--3-0	EQ	10230
PASS	quadratic	root-2-2--3-1	EQ	70166
PASS	quadratic	sign-2-2--3-1	LT	16349
PASS	quadratic	inverse-2-2--3-1	EQ	47957
PASS	quadratic	root-2-2--3-2	EQ	59826
PASS	quadratic	sign-2-2--3-2	LT	13249
PASS	quadratic	inverse-2-2--3-2	EQ	43057
PASS	quadratic	root-2-2--3-3	EQ	71355
PASS	quadratic	sign-2-2--3-3	GT	15619
PASS	quadratic	inverse-2-2--3-3	EQ	40477
PASS	quadratic	root-2-2--2--3	EQ	52916
PASS	quadratic	sign-2-2--2--3	LT	11339
PASS	quadratic	inverse-2-2--2--3	EQ	50117
PASS	quadratic	root-2-2--2--2	EQ	43087
PASS	quadratic	sign-2-2--2--2	LT	9109
PASS	quadratic	inverse-2-2--2--2	EQ	38497
PASS	quadratic	root-2-2--2--1	EQ	52897
PASS	quadratic	sign-2-2--2--1	LT	10609
PASS	quadratic	inverse-2-2--2--1	EQ	47947
PASS	quadratic	root-2-2--2-0	EQ	12529
PASS	quadratic	sign-2-2--2-0	LT	4559
PASS	quadratic	inverse-2-2--2-0	EQ	9689
PASS	quadratic	root-2-2--2-1	EQ	66566
PASS	quadratic	sign-2-2--2-1	LT	16849
PASS	quadratic	inverse-2-2--2-1	EQ	46517
PASS	quadratic	root-2-2--2-2	EQ	51236
PASS	quadratic	sign-2-2--2-2	GT	12149
PASS	quadratic	inverse-2-2--2-2	EQ	35507
PASS	quadratic	root-2-2--2-3	EQ	69785
PASS	quadratic	sign-2-2--2-3	GT	16819
PASS	quadratic	inverse-2-2--2-3	EQ	44947
PASS	quadratic	root-2-2--1--3	EQ	53226
PASS	quadratic	sign-2-2--1--3	LT	8779
PASS	quadratic	inverse-2-2--1--3	EQ	51707
PASS	quadratic	root-2-2--1--2	EQ	43677
PASS	quadratic	sign-2-2--1--2	LT	8979
PASS	quadratic	inverse-2-2--1--2	EQ	45507
PASS	quadratic	root-2-2--1--1	EQ	64035
PASS	quadratic	sign-2-2--1--1	LT	10639
PASS	quadratic	inverse-2-2--1--1	EQ	43937
PASS	quadratic	root-2-2--1-0	EQ	12150
PASS	quadratic	sign-2-2--1-0	LT	4280
PASS	quadratic	inverse-2-2--1-0	EQ	10119
PASS	quadratic	root-2-2--1-1	EQ	76865
PASS	quadratic	sign-2-2--1-1	GT	17938
PASS	quadratic	inverse-2-2--1-1	EQ	41927
PASS	quadratic	root-2-2--1-2	EQ	49196
PASS	quadratic	sign-2-2--1-2	GT	12339
PASS	quadratic	inverse-2-2--1-2	EQ	41797
PASS	quadratic	root-2-2--1-3	EQ	66695
PASS	quadratic	sign-2-2--1-3	GT	15789
PASS	quadratic	inverse-2-2--1-3	EQ	41767
PASS	quadratic	root-2-2-0--3	EQ	13569
PASS	quadratic	sign-2-2-0--3	LT	5810
PASS	quadratic	inverse-2-2-0--3	EQ	14109
PASS	quadratic	root-2-2-0--2	EQ	13199
PASS	quadratic	sign-2-2-0--2	LT	6480
PASS	quadratic	inverse-2-2-0--2	EQ	13979
PASS	quadratic	root-2-2-0--1	EQ	13499
PASS	quadratic	sign-2-2-0--1	LT	5660
PASS	quadratic	inverse-2-2-0--1	EQ	11219
PASS	quadratic	root-2-2-0-0	EQ	8479
PASS	quadratic	sign-2-2-0-0	EQ	4040
PASS	quadratic	root-2-2-0-1	EQ	12589
PASS	quadratic	sign-2-2-0-1	GT	5629
PASS	quadratic	inverse-2-2-0-1	EQ	11329
PASS	quadratic	root-2-2-0-2	EQ	11749
PASS	quadratic	sign-2-2-0-2	GT	6050
PASS	quadratic	inverse-2-2-0-2	EQ	12329
PASS	quadratic	root-2-2-0-3	EQ	11009
PASS	quadratic	sign-2-2-0-3	GT	5529
PASS	quadratic	inverse-2-2-0-3	EQ	12199
PASS	quadratic	root-2-2-1--3	EQ	64026
PASS	quadratic	sign-2-2-1--3	LT	15399
PASS	quadratic	inverse-2-2-1--3	EQ	41287
PASS	quadratic	root-2-2-1--2	EQ	56226
PASS	quadratic	sign-2-2-1--2	LT	17649
PASS	quadratic	inverse-2-2-1--2	EQ	42437
PASS	quadratic	root-2-2-1--1	EQ	69026
PASS	quadratic	sign-2-2-1--1	LT	17599
PASS	quadratic	inverse-2-2-1--1	EQ	42327
PASS	quadratic	root-2-2-1-0	EQ	10929
PASS	quadratic	sign-2-2-1-0	GT	4269
PASS	quadratic	inverse-2-2-1-0	EQ	10220
PASS	quadratic	root-2-2-1-1	EQ	53967
PASS	quadratic	sign-2-2-1-1	GT	9420
PASS	quadratic	inverse-2-2-1-1	EQ	42538
PASS	quadratic	root-2-2-1-2	EQ	32218
PASS	quadratic	sign-2-2-1-2	GT	7459
PASS	quadratic	inverse-2-2-1-2	EQ	43957
PASS	quadratic	root-2-2-1-3	EQ	52616
PASS	quadratic	sign-2-2-1-3	GT	9179
PASS	quadratic	inverse-2-2-1-3	EQ	43397
PASS	quadratic	root-2-2-2--3	EQ	65555
PASS	quadratic	sign-2-2-2--3	LT	15639
PASS	quadratic	inverse-2-2-2--3	EQ	42947
PASS	quadratic	root-2-2-2--2	EQ	57956
PASS	quadratic	sign-2-2-2--2	LT	12899
PASS	quadratic	inverse-2-2-2--2	EQ	34607
PASS	quadratic	root-2-2-2--1	EQ	68525
PASS	quadratic	sign-2-2-2--1	GT	17899
PASS	quadratic	inverse-2-2-2--1	EQ	46826
PASS	quadratic	root-2-2-2-0	EQ	11859
PASS	quadratic	sign-2-2-2-0	GT	5169
PASS	quadratic	inverse-2-2-2-0	EQ	9969
PASS	quadratic	root-2-2-2-1	EQ	54376
PASS	quadratic	sign-2-2-2-1	GT	9919
PASS	quadratic	inverse-2-2-2-1	EQ	47177
PASS	quadratic	root-2-2-2-2	EQ	33557
PASS	quadratic	sign-2-2-2-2	GT	7360
PASS	quadratic	inverse-2-2-2-2	EQ	38738
PASS	quadratic	root-2-2-2-3	EQ	54397
PASS	quadratic	sign-2-2-2-3	GT	9340
PASS	quadratic	inverse-2-2-2-3	EQ	45176
PASS	quadratic	root-2-2-3--3	EQ	63256
PASS	quadratic	sign-2-2-3--3	LT	15089
PASS	quadratic	inverse-2-2-3--3	EQ	40227
PASS	quadratic	root-2-2-3--2	EQ	39007
PASS	quadratic	sign-2-2-3--2	GT	17949
PASS	quadratic	inverse-2-2-3--2	EQ	52317
PASS	quadratic	root-2-2-3--1	EQ	86984
PASS	quadratic	sign-2-2-3--1	GT	27368
PASS	quadratic	inverse-2-2-3--1	EQ	68655
PASS	quadratic	root-2-2-3-0	EQ	16808
PASS	quadratic	sign-2-2-3-0	GT	7970
PASS	quadratic	inverse-2-2-3-0	EQ	19579
PASS	quadratic	root-2-2-3-1	EQ	60926
PASS	quadratic	sign-2-2-3-1	GT	9600
PASS	quadratic	inverse-2-2-3-1	EQ	57017
PASS	quadratic	root-2-2-3-2	EQ	33768
PASS	quadratic	sign-2-2-3-2	GT	7510
PASS	quadratic	inverse-2-2-3-2	EQ	43097
PASS	quadratic	root-2-2-3-3	EQ	53137
PASS	quadratic	sign-2-2-3-3	GT	8930
PASS	quadratic	inverse-2-2-3-3	EQ	43187
PASS	quadratic	root-3-1--3--3	EQ	47217
PASS	quadratic	sign-3-1--3--3	LT	8239
PASS	quadratic	inverse-3-1--3--3	EQ	54186
PASS	quadratic	root-3-1--3--2	EQ	46937
PASS	quadratic	sign-3-1--3--2	LT	8930
PASS	quadratic	inverse-3-1--3--2	EQ	44597
PASS	quadratic	root-3-1--3--1	EQ	41377
PASS	quadratic	sign-3-1--3--1	LT	8060
PASS	quadratic	inverse-3-1--3--1	EQ	41498
PASS	quadratic	root-3-1--3-0	EQ	11109
PASS	quadratic	sign-3-1--3-0	LT	4000
PASS	quadratic	inverse-3-1--3-0	EQ	9589
PASS	quadratic	root-3-1--3-1	EQ	63646
PASS	quadratic	sign-3-1--3-1	LT	12370
PASS	quadratic	inverse-3-1--3-1	EQ	41438
PASS	quadratic	root-3-1--3-2	EQ	58216
PASS	quadratic	sign-3-1--3-2	GT	15129
PASS	quadratic	inverse-3-1--3-2	EQ	42997
PASS	quadratic	root-3-1--3-3	EQ	73315
PASS	quadratic	sign-3-1--3-3	GT	15649
PASS	quadratic	inverse-3-1--3-3	EQ	49656
PASS	quadratic	root-3-1--2--3	EQ	47517
PASS	quadratic	sign-3-1--2--3	LT	7980
PASS	quadratic	inverse-3-1--2--3	EQ	57796
PASS	quadratic	root-3-1--2--2	EQ	46387
PASS	quadratic	sign-3-1--2--2	LT	8929
PASS	quadratic	inverse-3-1--2--2	EQ	51186
PASS	quadratic	root-3-1--2--1	EQ	43197
PASS	quadratic	sign-3-1--2--1	LT	8089
PASS	quadratic	inverse-3-1--2--1	EQ	33867
PASS	quadratic	root-3-1--2-0	EQ	11119
PASS	quadratic	sign-3-1--2-0	LT	4040
PASS	quadratic	inverse-3-1--2-0	EQ	9939
PASS	quadratic	root-3-1--2-1	EQ	58166
PASS	quadratic	sign-3-1--2-1	LT	12199
PASS	quadratic	inverse-3-1--2-1	EQ	32967
PASS	quadratic	root-3-1--2-2	EQ	56056
PASS	quadratic	sign-3-1--2-2	GT	14619
PASS	quadratic	inverse-3-1--2-2	EQ	42307
PASS	quadratic	root-3-1--2-3	EQ	57036
PASS	quadratic	sign-3-1--2-3	GT	15279
PASS	quadratic	inverse-3-1--2-3	EQ	44787
PASS	quadratic	root-3-1--1--3	EQ	43717
PASS	quadratic	sign-3-1--1--3	LT	7960
PASS	quadratic	inverse-3-1--1--3	EQ	52916
PASS	quadratic	root-3-1--1--2	EQ	45967
PASS	quadratic	sign-3-1--1--2	LT	8960
PASS	quadratic	inverse-3-1--1--2	EQ	56567
PASS	quadratic	root-3-1--1--1	EQ	43837
PASS	quadratic	sign-3-1--1--1	LT	8520
PASS	quadratic	inverse-3-1--1--1	EQ	38097
PASS	quadratic	root-3-1--1-0	EQ	11049
PASS	quadratic	sign-3-1--1-0	LT	3990
PASS	quadratic	inverse-3-1--1-0	EQ	8900
PASS	quadratic	root-3-1--1-1	EQ	48336
PASS	quadratic	sign-3-1--1-1	GT	11139
PASS	quadratic	inverse-3-1--1-1	EQ	36398
PASS	quadratic	root-3-1--1-2	EQ	56556
PASS	quadratic	sign-3-1--1-2	GT	14579
PASS	quadratic	inverse-3-1--1-2	EQ	45597
PASS	quadratic	root-3-1--1-3	EQ	56307
PASS	quadratic	sign-3-1--1-3	GT	14939
PASS	quadratic	inverse-3-1--1-3	EQ	48987
PASS	quadratic	root-3-1-0--3	EQ	13489
PASS	quadratic	sign-3-1-0--3	LT	5550
PASS	quadratic	inverse-3-1-0--3	EQ	12259
PASS	quadratic	root-3-1-0--2	EQ	11029
PASS	quadratic	sign-3-1-0--2	LT	5649
PASS	quadratic	inverse-3-1-0--2	EQ	11449
PASS	quadratic	root-3-1-0--1	EQ	11149
PASS	quadratic	sign-3-1-0--1	LT	5770
PASS	quadratic	inverse-3-1-0--1	EQ	12999
PASS	quadratic	root-3-1-0-0	EQ	8279
PASS	quadratic	sign-3-1-0-0	EQ	3860
PASS	quadratic	root-3-1-0-1	EQ	10270
PASS	quadratic	sign-3-1-0-1	GT	5519
PASS	quadratic	inverse-3-1-0-1	EQ	11869
PASS	quadratic	root-3-1-0-2	EQ	10629
PASS	quadratic	sign-3-1-0-2	GT	5290
PASS	quadratic	inverse-3-1-0-2	EQ	11319
PASS	quadratic	root-3-1-0-3	EQ	10429
PASS	quadratic	sign-3-1-0-3	GT	5120
PASS	quadratic	inverse-3-1-0-3	EQ	12270
PASS	quadratic	root-3-1-1--3	EQ	64366
PASS	quadratic	sign-3-1-1--3	LT	14829
PASS	quadratic	inverse-3-1-1--3	EQ	41758
PASS	quadratic	root-3-1-1--2	EQ	63896
PASS	quadratic	sign-3-1-1--2	LT	15619
PASS	quadratic	inverse-3-1-1--2	EQ	51247
PASS	quadratic	root-3-1-1--1	EQ	57516
PASS	quadratic	sign-3-1-1--1	LT	11749
PASS	quadratic	inverse-3-1-1--1	EQ	33978
PASS	quadratic	root-3-1-1-0	EQ	9980
PASS	quadratic	sign-3-1-1-0	GT	3930
PASS	quadratic	inverse-3-1-1-0	EQ	8909
PASS	quadratic	root-3-1-1-1	EQ	30518
PASS	quadratic	sign-3-1-1-1	GT	6519
PASS	quadratic	inverse-3-1-1-1	EQ	36668
PASS	quadratic	root-3-1-1-2	EQ	34738
PASS	quadratic	sign-3-1-1-2	GT	7249
PASS	quadratic	inverse-3-1-1-2	EQ	43167
PASS	quadratic	root-3-1-1-3	EQ	35207
PASS	quadratic	sign-3-1-1-3	GT	7450
PASS	quadratic	inverse-3-1-1-3	EQ	42237
PASS	quadratic	root-3-1-2--3	EQ	64556
PASS	quadratic	sign-3-1-2--3	LT	15759
PASS	quadratic	inverse-3-1-2--3	EQ	43077
PASS	quadratic	root-3-1-2--2	EQ	65056
PASS	quadratic	sign-3-1-2--2	LT	16499
PASS	quadratic	inverse-3-1-2--2	EQ	42997
PASS	quadratic	root-3-1-2--1	EQ	38677
PASS	quadratic	sign-3-1-2--1	GT	13659
PASS	quadratic	inverse-3-1-2--1	EQ	34147
PASS	quadratic	root-3-1-2-0	EQ	10369
PASS	quadratic	sign-3-1-2-0	GT	3920
PASS	quadratic	inverse-3-1-2-0	EQ	9929
PASS	quadratic	root-3-1-2-1	EQ	27818
PASS	quadratic	sign-3-1-2-1	GT	6669
PASS	quadratic	inverse-3-1-2-1	EQ	34638
PASS	quadratic	root-3-1-2-2	EQ	34248
PASS	quadratic	sign-3-1-2-2	GT	7499
PASS	quadratic	inverse-3-1-2-2	EQ	53636
PASS	quadratic	root-3-1-2-3	EQ	37087
PASS	quadratic	sign-3-1-2-3	GT	7670
PASS	quadratic	inverse-3-1-2-3	EQ	44997
PASS	quadratic	root-3-1-3--3	EQ	65006
PASS	quadratic	sign-3-1-3--3	LT	22199
PASS	quadratic	inverse-3-1-3--3	EQ	43727
PASS	quadratic	root-3-1-3--2	EQ	64856
PASS	quadratic	sign-3-1-3--2	LT	16719
PASS	quadratic	inverse-3-1-3--2	EQ	42987
PASS	quadratic	root-3-1-3--1	EQ	38197
PASS	quadratic	sign-3-1-3--1	GT	15329
PASS	quadratic	inverse-3-1-3--1	EQ	42537
PASS	quadratic	root-3-1-3-0	EQ	10359
PASS	quadratic	sign-3-1-3-0	GT	3960
PASS	quadratic	inverse-3-1-3-0	EQ	9709
PASS	quadratic	root-3-1-3-1	EQ	27308
PASS	quadratic	sign-3-1-3-1	GT	6619
PASS	quadratic	inverse-3-1-3-1	EQ	40447
PASS	quadratic	root-3-1-3-2	EQ	35048
PASS	quadratic	sign-3-1-3-2	GT	7630
PASS	quadratic	inverse-3-1-3-2	EQ	43797
PASS	quadratic	root-3-1-3-3	EQ	34578
PASS	quadratic	sign-3-1-3-3	GT	7699
PASS	quadratic	inverse-3-1-3-3	EQ	42857
PASS	quadratic	root-3-2--3--3	EQ	46866
PASS	quadratic	sign-3-2--3--3	LT	8160
PASS	quadratic	inverse-3-2--3--3	EQ	44257
PASS	quadratic	root-3-2--3--2	EQ	42007
PASS	quadratic	sign-3-2--3--2	LT	16289
PASS	quadratic	inverse-3-2--3--2	EQ	47957
PASS	quadratic	root-3-2--3--1	EQ	49926
PASS	quadratic	sign-3-2--3--1	LT	9499
PASS	quadratic	inverse-3-2--3--1	EQ	47927
PASS	quadratic	root-3-2--3-0	EQ	11640
PASS	quadratic	sign-3-2--3-0	LT	4150
PASS	quadratic	inverse-3-2--3-0	EQ	9909
PASS	quadratic	root-3-2--3-1	EQ	74595
PASS	quadratic	sign-3-2--3-1	LT	15449
PASS	quadratic	inverse-3-2--3-1	EQ	46467
PASS	quadratic	root-3-2--3-2	EQ	50876
PASS	quadratic	sign-3-2--3-2	GT	12359
PASS	quadratic	inverse-3-2--3-2	EQ	42687
PASS	quadratic	root-3-2--3-3	EQ	56756
PASS	quadratic	sign-3-2--3-3	GT	14079
PASS	quadratic	inverse-3-2--3-3	EQ	41038
PASS	quadratic	root-3-2--2--3	EQ	46307
PASS	quadratic	sign-3-2--2--3	LT	8919
PASS	quadratic	inverse-3-2--2--3	EQ	46997
PASS	quadratic	root-3-2--2--2	EQ	41867
PASS	quadratic	sign-3-2--2--2	LT	8710
PASS	quadratic	inverse-3-2--2--2	EQ	42377
PASS	quadratic	root-3-2--2--1	EQ	45107
PASS	quadratic	sign-3-2--2--1	LT	9859
PASS	quadratic	inverse-3-2--2--1	EQ	43977
PASS	quadratic	root-3-2--2-0	EQ	12339
PASS	quadratic	sign-3-2--2-0	LT	4509
PASS	quadratic	inverse-3-2--2-0	EQ	9439
PASS	quadratic	root-3-2--2-1	EQ	73595
PASS	quadratic	sign-3-2--2-1	LT	17178
PASS	quadratic	inverse-3-2--2-1	EQ	44477
PASS	quadratic	root-3-2--2-2	EQ	50456
PASS	quadratic	sign-3-2--2-2	GT	11999
PASS	quadratic	inverse-3-2--2-2	EQ	38957
PASS	quadratic	root-3-2--2-3	EQ	57466
PASS	quadratic	sign-3-2--2-3	GT	15499
PASS	quadratic	inverse-3-2--2-3	EQ	44677
PASS	quadratic	root-3-2--1--3	EQ	45227
PASS	quadratic	sign-3-2--1--3	LT	8479
PASS	quadratic	inverse-3-2--1--3	EQ	46877
PASS	quadratic	root-3-2--1--2	EQ	39768
PASS	quadratic	sign-3-2--1--2	LT	8960
PASS	quadratic	inverse-3-2--1--2	EQ	49426
PASS	quadratic	root-3-2--1--1	EQ	49206
PASS	quadratic	sign-3-2--1--1	LT	9719
PASS	quadratic	inverse-3-2--1--1	EQ	43567
PASS	quadratic	root-3-2--1-0	EQ	11509
PASS	quadratic	sign-3-2--1-0	LT	4130
PASS	quadratic	inverse-3-2--1-0	EQ	9689
PASS	quadratic	root-3-2--1-1	EQ	57706
PASS	quadratic	sign-3-2--1-1	GT	15369
PASS	quadratic	inverse-3-2--1-1	EQ	41267
PASS	quadratic	root-3-2--1-2	EQ	46607
PASS	quadratic	sign-3-2--1-2	GT	12469
PASS	quadratic	inverse-3-2--1-2	EQ	53137
PASS	quadratic	root-3-2--1-3	EQ	80605
PASS	quadratic	sign-3-2--1-3	GT	22309
PASS	quadratic	inverse-3-2--1-3	EQ	61756
PASS	quadratic	root-3-2-0--3	EQ	20008
PASS	quadratic	sign-3-2-0--3	LT	10819
PASS	quadratic	inverse-3-2-0--3	EQ	22498
PASS	quadratic	root-3-2-0--2	EQ	13539
PASS	quadratic	sign-3-2-0--2	LT	6590
PASS	quadratic	inverse-3-2-0--2	EQ	14010
PASS	quadratic	root-3-2-0--1	EQ	12289
PASS	quadratic	sign-3-2-0--1	LT	5910
PASS	quadratic	inverse-3-2-0--1	EQ	12549
PASS	quadratic	root-3-2-0-0	EQ	8239
PASS	quadratic	sign-3-2-0-0	EQ	3890
PASS	quadratic	root-3-2-0-1	EQ	11019
PASS	quadratic	sign-3-2-0-1	GT	5639
PASS	quadratic	inverse-3-2-0-1	EQ	11909
PASS	quadratic	root-3-2-0-2	EQ	11499
PASS	quadratic	sign-3-2-0-2	GT	5950
PASS	quadratic	inverse-3-2-0-2	EQ	12029
PASS	quadratic	root-3-2-0-3	EQ	11039
PASS	quadratic	sign-3-2-0-3	GT	5459
PASS	quadratic	inverse-3-2-0-3	EQ	12439
PASS	quadratic	root-3-2-1--3	EQ	65366
PASS	quadratic	sign-3-2-1--3	LT	15239
PASS	quadratic	inverse-3-2-1--3	EQ	46777
PASS	quadratic	root-3-2-1--2	EQ	56576
PASS	quadratic	sign-3-2-1--2	LT	15029
PASS	quadratic	inverse-3-2-1--2	EQ	40317
PASS	quadratic	root-3-2-1--1	EQ	67775
PASS	quadratic	sign-3-2-1--1	LT	17449
PASS	quadratic	inverse-3-2-1--1	EQ	42067
PASS	quadratic	root-3-2-1-0	EQ	11259
PASS	quadratic	sign-3-2-1-0	GT	4060
PASS	quadratic	inverse-3-2-1-0	EQ	9960
PASS	quadratic	root-3-2-1-1	EQ	37747
PASS	quadratic	sign-3-2-1-1	GT	8099
PASS	quadratic	inverse-3-2-1-1	EQ	43687
PASS	quadratic	root-3-2-1-2	EQ	33718
PASS	quadratic	sign-3-2-1-2	GT	7670
PASS	quadratic	inverse-3-2-1-2	EQ	45547
PASS	quadratic	root-3-2-1-3	EQ	36338
PASS	quadratic	sign-3-2-1-3	GT	7770
PASS	quadratic	inverse-3-2-1-3	EQ	44887
PASS	quadratic	root-3-2-2--3	EQ	63276
PASS	quadratic	sign-3-2-2--3	LT	15009
PASS	quadratic	inverse-3-2-2--3	EQ	41967
PASS	quadratic	root-3-2-2--2	EQ	57416
PASS	quadratic	sign-3-2-2--2	LT	12869
PASS	quadratic	inverse-3-2-2--2	EQ	37717
PASS	quadratic	root-3-2-2--1	EQ	40117
PASS	quadratic	sign-3-2-2--1	GT	16459
PASS	quadratic	inverse-3-2-2--1	EQ	43517
PASS	quadratic	root-3-2-2-0	EQ	11429
PASS	quadratic	sign-3-2-2-0	GT	4360
PASS	quadratic	inverse-3-2-2-0	EQ	9479
PASS	quadratic	root-3-2-2-1	EQ	30458
PASS	quadratic	sign-3-2-2-1	GT	7909
PASS	quadratic	inverse-3-2-2-1	EQ	43827
PASS	quadratic	root-3-2-2-2	EQ	33147
PASS	quadratic	sign-3-2-2-2	GT	7270
PASS	quadratic	inverse-3-2-2-2	EQ	43087
PASS	quadratic	root-3-2-2-3	EQ	37637
PASS	quadratic	sign-3-2-2-3	GT	7770
PASS	quadratic	inverse-3-2-2-3	EQ	44997
PASS	quadratic	root-3-2-3--3	EQ	61886
PASS	quadratic	sign-3-2-3--3	LT	14899
PASS	quadratic	inverse-3-2-3--3	EQ	62536
PASS	quadratic	root-3-2-3--2	EQ	57666
PASS	quadratic	sign-3-2-3--2	LT	14469
PASS	quadratic	inverse-3-2-3--2	EQ	41327
PASS	quadratic	root-3-2-3--1	EQ	42297
PASS	quadratic	sign-3-2-3--1	GT	16819
PASS	quadratic	inverse-3-2-3--1	EQ	45897
PASS	quadratic	root-3-2-3-0	EQ	10639
PASS	quadratic	sign-3-2-3-0	GT	4069
PASS	quadratic	inverse-3-2-3-0	EQ	9770
PASS	quadratic	root-3-2-3-1	EQ	32358
PASS	quadratic	sign-3-2-3-1	GT	7829
PASS	quadratic	inverse-3-2-3-1	EQ	46657
PASS	quadratic	root-3-2-3-2	EQ	32987
PASS	quadratic	sign-3-2-3-2	GT	7180
PASS	quadratic	inverse-3-2-3-2	EQ	43657
PASS	quadratic	root-3-2-3-3	EQ	35478
PASS	quadratic	sign-3-2-3-3	GT	7470
PASS	quadratic	inverse-3-2-3-3	EQ	43647
PASS	quadratic	root-5-1--3--3	EQ	45117
PASS	quadratic	sign-5-1--3--3	LT	8169
PASS	quadratic	inverse-5-1--3--3	EQ	53797
PASS	quadratic	root-5-1--3--2	EQ	46457
PASS	quadratic	sign-5-1--3--2	LT	9079
PASS	quadratic	inverse-5-1--3--2	EQ	46217
PASS	quadratic	root-5-1--3--1	EQ	47667
PASS	quadratic	sign-5-1--3--1	LT	8039
PASS	quadratic	inverse-5-1--3--1	EQ	41867
PASS	quadratic	root-5-1--3-0	EQ	11189
PASS	quadratic	sign-5-1--3-0	LT	4080
PASS	quadratic	inverse-5-1--3-0	EQ	9859
PASS	quadratic	root-5-1--3-1	EQ	80584
PASS	quadratic	sign-5-1--3-1	LT	12889
PASS	quadratic	inverse-5-1--3-1	EQ	42807
PASS	quadratic	root-5-1--3-2	EQ	57616
PASS	quadratic	sign-5-1--3-2	GT	14969
PASS	quadratic	inverse-5-1--3-2	EQ	44807
PASS	quadratic	root-5-1--3-3	EQ	58246
PASS	quadratic	sign-5-1--3-3	GT	15429
PASS	quadratic	inverse-5-1--3-3	EQ	42427
PASS	quadratic	root-5-1--2--3	EQ	43337
PASS	quadratic	sign-5-1--2--3	LT	8070
PASS	quadratic	inverse-5-1--2--3	EQ	70095
PASS	quadratic	root-5-1--2--2	EQ	54377
PASS	quadratic	sign-5-1--2--2	LT	9120
PASS	quadratic	inverse-5-1--2--2	EQ	55436
PASS	quadratic	root-5-1--2--1	EQ	42288
PASS	quadratic	sign-5-1--2--1	LT	8190
PASS	quadratic	inverse-5-1--2--1	EQ	33478
PASS	quadratic	root-5-1--2-0	EQ	11119
PASS	quadratic	sign-5-1--2-0	LT	4040
PASS	quadratic	inverse-5-1--2-0	EQ	10049
PASS	quadratic	root-5-1--2-1	EQ	51056
PASS	quadratic	sign-5-1--2-1	GT	11829
PASS	quadratic	inverse-5-1--2-1	EQ	33128
PASS	quadratic	root-5-1--2-2	EQ	55377
PASS	quadratic	sign-5-1--2-2	GT	14779
PASS	quadratic	inverse-5-1--2-2	EQ	52026
PASS	quadratic	root-5-1--2-3	EQ	58836
PASS	quadratic	sign-5-1--2-3	GT	15469
PASS	quadratic	inverse-5-1--2-3	EQ	44777
PASS	quadratic	root-5-1--1--3	EQ	43897
PASS	quadratic	sign-5-1--1--3	LT	8119
PASS	quadratic	inverse-5-1--1--3	EQ	57346
PASS	quadratic	root-5-1--1--2	EQ	46456
PASS	quadratic	sign-5-1--1--2	LT	9090
PASS	quadratic	inverse-5-1--1--2	EQ	47047
PASS	quadratic	root-5-1--1--1	EQ	39837
PASS	quadratic	sign-5-1--1--1	LT	7989
PASS	quadratic	inverse-5-1--1--1	EQ	41517
PASS	quadratic	root-5-1--1-0	EQ	11399
PASS	quadratic	sign-5-1--1-0	LT	4320
PASS	quadratic	inverse-5-1--1-0	EQ	9129
PASS	quadratic	root-5-1--1-1	EQ	50877
PASS	quadratic	sign-5-1--1-1	GT	11130
PASS	quadratic	inverse-5-1--1-1	EQ	36828
PASS	quadratic	root-5-1--1-2	EQ	55446
PASS	quadratic	sign-5-1--1-2	GT	14290
PASS	quadratic	inverse-5-1--1-2	EQ	45457
PASS	quadratic	root-5-1--1-3	EQ	56526
PASS	quadratic	sign-5-1--1-3	GT	15019
PASS	quadratic	inverse-5-1--1-3	EQ	44247
PASS	quadratic	root-5-1-0--3	EQ	12829
PASS	quadratic	sign-5-1-0--3	LT	5500
PASS	quadratic	inverse-5-1-0--3	EQ	13380
PASS	quadratic	root-5-1-0--2	EQ	10900
PASS	quadratic	sign-5-1-0--2	LT	5540
PASS	quadratic	inverse-5-1-0--2	EQ	12459
PASS	quadratic	root-5-1-0--1	EQ	19649
PASS	quadratic	sign-5-1-0--1	LT	6310
PASS	quadratic	inverse-5-1-0--1	EQ	14309
PASS	quadratic	root-5-1-0-0	EQ	8440
PASS	quadratic	sign-5-1-0-0	EQ	3859
PASS	quadratic	root-5-1-0-1	EQ	10270
PASS	quadratic	sign-5-1-0-1	GT	5510
PASS	quadratic	inverse-5-1-0-1	EQ	12299
PASS	quadratic	root-5-1-0-2	EQ	11039
PASS	quadratic	sign-5-1-0-2	GT	5460
PASS	quadratic	inverse-5-1-0-2	EQ	12500
PASS	quadratic	root-5-1-0-3	EQ	10430
PASS	quadratic	sign-5-1-0-3	GT	5210
PASS	quadratic	inverse-5-1-0-3	EQ	12349
PASS	quadratic	root-5-1-1--3	EQ	65975
PASS	quadratic	sign-5-1-1--3	LT	14679
PASS	quadratic	inverse-5-1-1--3	EQ	42547
PASS	quadratic	root-5-1-1--2	EQ	63545
PASS	quadratic	sign-5-1-1--2	LT	15779
PASS	quadratic	inverse-5-1-1--2	EQ	43307
PASS	quadratic	root-5-1-1--1	EQ	53717
PASS	quadratic	sign-5-1-1--1	LT	11720
PASS	quadratic	inverse-5-1-1--1	EQ	33558
PASS	quadratic	root-5-1-1-0	EQ	10099
PASS	quadratic	sign-5-1-1-0	GT	3990
PASS	quadratic	inverse-5-1-1-0	EQ	8809
PASS	quadratic	root-5-1-1-1	EQ	30478
PASS	quadratic	sign-5-1-1-1	GT	6490
PASS	quadratic	inverse-5-1-1-1	EQ	36447
PASS	quadratic	root-5-1-1-2	EQ	33878
PASS	quadratic	sign-5-1-1-2	GT	7170
PASS	quadratic	inverse-5-1-1-2	EQ	43537
PASS	quadratic	root-5-1-1-3	EQ	35348
PASS	quadratic	sign-5-1-1-3	GT	7519
PASS	quadratic	inverse-5-1-1-3	EQ	42567
PASS	quadratic	root-5-1-2--3	EQ	70495
PASS	quadratic	sign-5-1-2--3	LT	15769
PASS	quadratic	inverse-5-1-2--3	EQ	43637
PASS	quadratic	root-5-1-2--2	EQ	74015
PASS	quadratic	sign-5-1-2--2	LT	17398
PASS	quadratic	inverse-5-1-2--2	EQ	43627
PASS	quadratic	root-5-1-2--1	EQ	57326
PASS	quadratic	sign-5-1-2--1	LT	13579
PASS	quadratic	inverse-5-1-2--1	EQ	33258
PASS	quadratic	root-5-1-2-0	EQ	10239
PASS	quadratic	sign-5-1-2-0	GT	3980
PASS	quadratic	inverse-5-1-2-0	EQ	10009
PASS	quadratic	root-5-1-2-1	EQ	31848
PASS	quadratic	sign-5-1-2-1	GT	6640
PASS	quadratic	inverse-5-1-2-1	EQ	34567
PASS	quadratic	root-5-1-2-2	EQ	33528
PASS	quadratic	sign-5-1-2-2	GT	7400
PASS	quadratic	inverse-5-1-2-2	EQ	43197
PASS	quadratic	root-5-1-2-3	EQ	35097
PASS	quadratic	sign-5-1-2-3	GT	7649
PASS	quadratic	inverse-5-1-2-3	EQ	43927
PASS	quadratic	root-5-1-3--3	EQ	63416
PASS	quadratic	sign-5-1-3--3	LT	15769
PASS	quadratic	inverse-5-1-3--3	EQ	42297
PASS	quadratic	root-5-1-3--2	EQ	63075
PASS	quadratic	sign-5-1-3--2	LT	19729
PASS	quadratic	inverse-5-1-3--2	EQ	45507
PASS	quadratic	root-5-1-3--1	EQ	38207
PASS	quadratic	sign-5-1-3--1	GT	13979
PASS	quadratic	inverse-5-1-3--1	EQ	42557
PASS	quadratic	root-5-1-3-0	EQ	10429
PASS	quadratic	sign-5-1-3-0	GT	4020
PASS	quadratic	inverse-5-1-3-0	EQ	9830
PASS	quadratic	root-5-1-3-1	EQ	38577
PASS	quadratic	sign-5-1-3-1	GT	7429
PASS	quadratic	inverse-5-1-3-1	EQ	45117
PASS	quadratic	root-5-1-3-2	EQ	35158
PASS	quadratic	sign-5-1-3-2	GT	7529
PASS	quadratic	inverse-5-1-3-2	EQ	44747
PASS	quadratic	root-5-1-3-3	EQ	35157
PASS	quadratic	sign-5-1-3-3	GT	7729
PASS	quadratic	inverse-5-1-3-3	EQ	42857
PASS	quadratic	root-5-2--3--3	EQ	46297
PASS	quadratic	sign-5-2--3--3	LT	8049
PASS	quadratic	inverse-5-2--3--3	EQ	43707
PASS	quadratic	root-5-2--3--2	EQ	42257
PASS	quadratic	sign-5-2--3--2	LT	8750
PASS	quadratic	inverse-5-2--3--2	EQ	43107
PASS	quadratic	root-5-2--3--1	EQ	49257
PASS	quadratic	sign-5-2--3--1	LT	9459
PASS	quadratic	inverse-5-2--3--1	EQ	47666
PASS	quadratic	root-5-2--3-0	EQ	11539
PASS	quadratic	sign-5-2--3-0	LT	4200
PASS	quadratic	inverse-5-2--3-0	EQ	9959
PASS	quadratic	root-5-2--3-1	EQ	65795
PASS	quadratic	sign-5-2--3-1	LT	17618
PASS	quadratic	inverse-5-2--3-1	EQ	45197
PASS	quadratic	root-5-2--3-2	EQ	50276
PASS	quadratic	sign-5-2--3-2	GT	12279
PASS	quadratic	inverse-5-2--3-2	EQ	40547
PASS	quadratic	root-5-2--3-3	EQ	54056
PASS	quadratic	sign-5-2--3-3	GT	14339
PASS	quadratic	inverse-5-2--3-3	EQ	49426
PASS	quadratic	root-5-2--2--3	EQ	47016
PASS	quadratic	sign-5-2--2--3	LT	8779
PASS	quadratic	inverse-5-2--2--3	EQ	51537
PASS	quadratic	root-5-2--2--2	EQ	43347
PASS	quadratic	sign-5-2--2--2	LT	8840
PASS	quadratic	inverse-5-2--2--2	EQ	42877
PASS	quadratic	root-5-2--2--1	EQ	45097
PASS	quadratic	sign-5-2--2--1	LT	9899
PASS	quadratic	inverse-5-2--2--1	EQ	41767
PASS	quadratic	root-5-2--2-0	EQ	11919
PASS	quadratic	sign-5-2--2-0	LT	4389
PASS	quadratic	inverse-5-2--2-0	EQ	9500
PASS	quadratic	root-5-2--2-1	EQ	54817
PASS	quadratic	sign-5-2--2-1	GT	15739
PASS	quadratic	inverse-5-2--2-1	EQ	41957
PASS	quadratic	root-5-2--2-2	EQ	50256
PASS	quadratic	sign-5-2--2-2	GT	12019
PASS	quadratic	inverse-5-2--2-2	EQ	38847
PASS	quadratic	root-5-2--2-3	EQ	56936
PASS	quadratic	sign-5-2--2-3	GT	15359
PASS	quadratic	inverse-5-2--2-3	EQ	44147
PASS	quadratic	root-5-2--1--3	EQ	44367
PASS	quadratic	sign-5-2--1--3	LT	8239
PASS	quadratic	inverse-5-2--1--3	EQ	45707
PASS	quadratic	root-5-2--1--2	EQ	39537
PASS	quadratic	sign-5-2--1--2	LT	8979
PASS	quadratic	inverse-5-2--1--2	EQ	44617
PASS	quadratic	root-5-2--1--1	EQ	59686
PASS	quadratic	sign-5-2--1--1	LT	10279
PASS	quadratic	inverse-5-2--1--1	EQ	46337
PASS	quadratic	root-5-2--1-0	EQ	11890
PASS	quadratic	sign-5-2--1-0	LT	4170
PASS	quadratic	inverse-5-2--1-0	EQ	9909
PASS	quadratic	root-5-2--1-1	EQ	60776
PASS	quadratic	sign-5-2--1-1	GT	21959
PASS	quadratic	inverse-5-2--1-1	EQ	60616
PASS	quadratic	root-5-2--1-2	EQ	67635
PASS	quadratic	sign-5-2--1-2	GT	17449
PASS	quadratic	inverse-5-2--1-2	EQ	67045
PASS	quadratic	root-5-2--1-3	EQ	58216
PASS	quadratic	sign-5-2--1-3	GT	14619
PASS	quadratic	inverse-5-2--1-3	EQ	47877
PASS	quadratic	root-5-2-0--3	EQ	13929
PASS	quadratic	sign-5-2-0--3	LT	5770
PASS	quadratic	inverse-5-2-0--3	EQ	13439
PASS	quadratic	root-5-2-0--2	EQ	12800
PASS	quadratic	sign-5-2-0--2	LT	6390
PASS	quadratic	inverse-5-2-0--2	EQ	13509
PASS	quadratic	root-5-2-0--1	EQ	11659
PASS	quadratic	sign-5-2-0--1	LT	5779
PASS	quadratic	inverse-5-2-0--1	EQ	12459
PASS	quadratic	root-5-2-0-0	EQ	8360
PASS	quadratic	sign-5-2-0-0	EQ	3900
PASS	quadratic	root-5-2-0-1	EQ	11139
PASS	quadratic	sign-5-2-0-1	GT	5600
PASS	quadratic	inverse-5-2-0-1	EQ	12729
PASS	quadratic	root-5-2-0-2	EQ	11710
PASS	quadratic	sign-5-2-0-2	GT	5979
PASS	quadratic	inverse-5-2-0-2	EQ	11899
PASS	quadratic	root-5-2-0-3	EQ	10789
PASS	quadratic	sign-5-2-0-3	GT	5320
PASS	quadratic	inverse-5-2-0-3	EQ	12490
PASS	quadratic	root-5-2-1--3	EQ	60656
PASS	quadratic	sign-5-2-1--3	LT	15269
PASS	quadratic	inverse-5-2-1--3	EQ	42017
PASS	quadratic	root-5-2-1--2	EQ	59046
PASS	quadratic	sign-5-2-1--2	LT	14929
PASS	quadratic	inverse-5-2-1--2	EQ	40627
PASS	quadratic	root-5-2-1--1	EQ	67385
PASS	quadratic	sign-5-2-1--1	LT	17419
PASS	quadratic	inverse-5-2-1--1	EQ	45077
PASS	quadratic	root-5-2-1-0	EQ	10849
PASS	quadratic	sign-5-2-1-0	GT	4090
PASS	quadratic	inverse-5-2-1-0	EQ	9949
PASS	quadratic	root-5-2-1-1	EQ	35848
PASS	quadratic	sign-5-2-1-1	GT	8120
PASS	quadratic	inverse-5-2-1-1	EQ	46366
PASS	quadratic	root-5-2-1-2	EQ	31078
PASS	quadratic	sign-5-2-1-2	GT	7369
PASS	quadratic	inverse-5-2-1-2	EQ	43737
PASS	quadratic	root-5-2-1-3	EQ	34857
PASS	quadratic	sign-5-2-1-3	GT	7729
PASS	quadratic	inverse-5-2-1-3	EQ	44637
PASS	quadratic	root-5-2-2--3	EQ	233254
PASS	quadratic	sign-5-2-2--3	LT	15379
PASS	quadratic	inverse-5-2-2--3	EQ	42467
PASS	quadratic	root-5-2-2--2	EQ	58506
PASS	quadratic	sign-5-2-2--2	LT	12899
PASS	quadratic	inverse-5-2-2--2	EQ	46897
PASS	quadratic	root-5-2-2--1	EQ	101273
PASS	quadratic	sign-5-2-2--1	LT	17498
PASS	quadratic	inverse-5-2-2--1	EQ	41337
PASS	quadratic	root-5-2-2-0	EQ	11549
PASS	quadratic	sign-5-2-2-0	GT	4400
PASS	quadratic	inverse-5-2-2-0	EQ	9449
PASS	quadratic	root-5-2-2-1	EQ	33927
PASS	quadratic	sign-5-2-2-1	GT	8190
PASS	quadratic	inverse-5-2-2-1	EQ	42417
PASS	quadratic	root-5-2-2-2	EQ	35437
PASS	quadratic	sign-5-2-2-2	GT	7300
PASS	quadratic	inverse-5-2-2-2	EQ	43777
PASS	quadratic	root-5-2-2-3	EQ	37588
PASS	quadratic	sign-5-2-2-3	GT	7780
PASS	quadratic	inverse-5-2-2-3	EQ	44846
PASS	quadratic	root-5-2-3--3	EQ	59986
PASS	quadratic	sign-5-2-3--3	LT	15079
PASS	quadratic	inverse-5-2-3--3	EQ	40648
PASS	quadratic	root-5-2-3--2	EQ	56526
PASS	quadratic	sign-5-2-3--2	LT	14759
PASS	quadratic	inverse-5-2-3--2	EQ	40317
PASS	quadratic	root-5-2-3--1	EQ	40467
PASS	quadratic	sign-5-2-3--1	GT	16728
PASS	quadratic	inverse-5-2-3--1	EQ	46747
PASS	quadratic	root-5-2-3-0	EQ	10869
PASS	quadratic	sign-5-2-3-0	GT	4069
PASS	quadratic	inverse-5-2-3-0	EQ	9940
PASS	quadratic	root-5-2-3-1	EQ	38368
PASS	quadratic	sign-5-2-3-1	GT	8730
PASS	quadratic	inverse-5-2-3-1	EQ	49296
PASS	quadratic	root-5-2-3-2	EQ	33838
PASS	quadratic	sign-5-2-3-2	GT	7200
PASS	quadratic	inverse-5-2-3-2	EQ	43567
PASS	quadratic	root-5-2-3-3	EQ	34588
PASS	quadratic	sign-5-2-3-3	GT	7509
PASS	quadratic	inverse-5-2-3-3	EQ	43257
PASS	quadratic	root-7-1--3--3	EQ	50196
PASS	quadratic	sign-7-1--3--3	LT	8169
PASS	quadratic	inverse-7-1--3--3	EQ	52996
PASS	quadratic	root-7-1--3--2	EQ	47117
PASS	quadratic	sign-7-1--3--2	LT	9029
PASS	quadratic	inverse-7-1--3--2	EQ	46567
PASS	quadratic	root-7-1--3--1	EQ	42347
PASS	quadratic	sign-7-1--3--1	LT	8150
PASS	quadratic	inverse-7-1--3--1	EQ	41358
PASS	quadratic	root-7-1--3-0	EQ	11399
PASS	quadratic	sign-7-1--3-0	LT	4070
PASS	quadratic	inverse-7-1--3-0	EQ	9879
PASS	quadratic	root-7-1--3-1	EQ	58186
PASS	quadratic	sign-7-1--3-1	LT	12289
PASS	quadratic	inverse-7-1--3-1	EQ	40797
PASS	quadratic	root-7-1--3-2	EQ	57246
PASS	quadratic	sign-7-1--3-2	GT	14839
PASS	quadratic	inverse-7-1--3-2	EQ	44487
PASS	quadratic	root-7-1--3-3	EQ	63625
PASS	quadratic	sign-7-1--3-3	GT	15469
PASS	quadratic	inverse-7-1--3-3	EQ	53506
PASS	quadratic	root-7-1--2--3	EQ	45007
PASS	quadratic	sign-7-1--2--3	LT	8070
PASS	quadratic	inverse-7-1--2--3	EQ	59865
PASS	quadratic	root-7-1--2--2	EQ	45927
PASS	quadratic	sign-7-1--2--2	LT	9009
PASS	quadratic	inverse-7-1--2--2	EQ	46357
PASS	quadratic	root-7-1--2--1	EQ	39718
PASS	quadratic	sign-7-1--2--1	LT	8040
PASS	quadratic	inverse-7-1--2--1	EQ	37717
PASS	quadratic	root-7-1--2-0	EQ	11399
PASS	quadratic	sign-7-1--2-0	LT	4029
PASS	quadratic	inverse-7-1--2-0	EQ	9870
PASS	quadratic	root-7-1--2-1	EQ	50446
PASS	quadratic	sign-7-1--2-1	GT	11899
PASS	quadratic	inverse-7-1--2-1	EQ	39127
PASS	quadratic	root-7-1--2-2	EQ	55936
PASS	quadratic	sign-7-1--2-2	GT	14779
PASS	quadratic	inverse-7-1--2-2	EQ	44397
PASS	quadratic	root-7-1--2-3	EQ	57516
PASS	quadratic	sign-7-1--2-3	GT	15449
PASS	quadratic	inverse-7-1--2-3	EQ	44246
PASS	quadratic	root-7-1--1--3	EQ	48797
PASS	quadratic	sign-7-1--1--3	LT	8099
PASS	quadratic	inverse-7-1--1--3	EQ	46427
PASS	quadratic	root-7-1--1--2	EQ	44197
PASS	quadratic	sign-7-1--1--2	LT	9029
PASS	quadratic	inverse-7-1--1--2	EQ	55606
PASS	quadratic	root-7-1--1--1	EQ	43047
PASS	quadratic	sign-7-1--1--1	LT	7869
PASS	quadratic	inverse-7-1--1--1	EQ	38277
PASS	quadratic	root-7-1--1-0	EQ	10809
PASS	quadratic	sign-7-1--1-0	LT	4070
PASS	quadratic	inverse-7-1--1-0	EQ	8879
PASS	quadratic	root-7-1--1-1	EQ	48497
PASS	quadratic	sign-7-1--1-1	GT	11109
PASS	quadratic	inverse-7-1--1-1	EQ	36478
PASS	quadratic	root-7-1--1-2	EQ	56217
PASS	quadratic	sign-7-1--1-2	GT	14789
PASS	quadratic	inverse-7-1--1-2	EQ	45387
PASS	quadratic	root-7-1--1-3	EQ	56856
PASS	quadratic	sign-7-1--1-3	GT	15349
PASS	quadratic	inverse-7-1--1-3	EQ	43967
PASS	quadratic	root-7-1-0--3	EQ	12949
PASS	quadratic	sign-7-1-0--3	LT	5499
PASS	quadratic	inverse-7-1-0--3	EQ	13479
PASS	quadratic	root-7-1-0--2	EQ	10989
PASS	quadratic	sign-7-1-0--2	LT	5710
PASS	quadratic	inverse-7-1-0--2	EQ	11539
PASS	quadratic	root-7-1-0--1	EQ	11179
PASS	quadratic	sign-7-1-0--1	LT	5829
PASS	quadratic	inverse-7-1-0--1	EQ	13009
PASS	quadratic	root-7-1-0-0	EQ	8299
PASS	quadratic	sign-7-1-0-0	EQ	3890
PASS	quadratic	root-7-1-0-1	EQ	10199
PASS	quadratic	sign-7-1-0-1	GT	5560
PASS	quadratic	inverse-7-1-0-1	EQ	12010
PASS	quadratic	root-7-1-0-2	EQ	10620
PASS	quadratic	sign-7-1-0-2	GT	5770
PASS	quadratic	inverse-7-1-0-2	EQ	12379
PASS	quadratic	root-7-1-0-3	EQ	10459
PASS	quadratic	sign-7-1-0-3	GT	5229
PASS	quadratic	inverse-7-1-0-3	EQ	12119
PASS	quadratic	root-7-1-1--3	EQ	70605
PASS	quadratic	sign-7-1-1--3	LT	14949
PASS	quadratic	inverse-7-1-1--3	EQ	42517
PASS	quadratic	root-7-1-1--2	EQ	63505
PASS	quadratic	sign-7-1-1--2	LT	15699
PASS	quadratic	inverse-7-1-1--2	EQ	55156
PASS	quadratic	root-7-1-1--1	EQ	56206
PASS	quadratic	sign-7-1-1--1	LT	11579
PASS	quadratic	inverse-7-1-1--1	EQ	33748
PASS	quadratic	root-7-1-1-0	EQ	9960
PASS	quadratic	sign-7-1-1-0	GT	3989
PASS	quadratic	inverse-7-1-1-0	EQ	8910
PASS	quadratic	root-7-1-1-1	EQ	31268
PASS	quadratic	sign-7-1-1-1	GT	6470
PASS	quadratic	inverse-7-1-1-1	EQ	36698
PASS	quadratic	root-7-1-1-2	EQ	34347
PASS	quadratic	sign-7-1-1-2	GT	7180
PASS	quadratic	inverse-7-1-1-2	EQ	42837
PASS	quadratic	root-7-1-1-3	EQ	35618
PASS	quadratic	sign-7-1-1-3	GT	7400
PASS	quadratic	inverse-7-1-1-3	EQ	42007
PASS	quadratic	root-7-1-2--3	EQ	64925
PASS	quadratic	sign-7-1-2--3	LT	15749
PASS	quadratic	inverse-7-1-2--3	EQ	43647
PASS	quadratic	root-7-1-2--2	EQ	64556
PASS	quadratic	sign-7-1-2--2	LT	16819
PASS	quadratic	inverse-7-1-2--2	EQ	44737
PASS	quadratic	root-7-1-2--1	EQ	56836
PASS	quadratic	sign-7-1-2--1	LT	13770
PASS	quadratic	inverse-7-1-2--1	EQ	37278
PASS	quadratic	root-7-1-2-0	EQ	10540
PASS	quadratic	sign-7-1-2-0	GT	4069
PASS	quadratic	inverse-7-1-2-0	EQ	9939
PASS	quadratic	root-7-1-2-1	EQ	31418
PASS	quadratic	sign-7-1-2-1	GT	6779
PASS	quadratic	inverse-7-1-2-1	EQ	38618
PASS	quadratic	root-7-1-2-2	EQ	42487
PASS	quadratic	sign-7-1-2-2	GT	8009
PASS	quadratic	inverse-7-1-2-2	EQ	46777
PASS	quadratic	root-7-1-2-3	EQ	35897
PASS	quadratic	sign-7-1-2-3	GT	7909
PASS	quadratic	inverse-7-1-2-3	EQ	43737
PASS	quadratic	root-7-1-3--3	EQ	63146
PASS	quadratic	sign-7-1-3--3	LT	15359
PASS	quadratic	inverse-7-1-3--3	EQ	42517
PASS	quadratic	root-7-1-3--2	EQ	63466
PASS	quadratic	sign-7-1-3--2	LT	16569
PASS	quadratic	inverse-7-1-3--2	EQ	43937
PASS	quadratic	root-7-1-3--1	EQ	37797
PASS	quadratic	sign-7-1-3--1	GT	13599
PASS	quadratic	inverse-7-1-3--1	EQ	41927
PASS	quadratic	root-7-1-3-0	EQ	10400
PASS	quadratic	sign-7-1-3-0	GT	3990
PASS	quadratic	inverse-7-1-3-0	EQ	9909
PASS	quadratic	root-7-1-3-1	EQ	27808
PASS	quadratic	sign-7-1-3-1	GT	13349
PASS	quadratic	inverse-7-1-3-1	EQ	48086
PASS	quadratic	root-7-1-3-2	EQ	57346
PASS	quadratic	sign-7-1-3-2	GT	11079
PASS	quadratic	inverse-7-1-3-2	EQ	64925
PASS	quadratic	root-7-1-3-3	EQ	56666
PASS	quadratic	sign-7-1-3-3	GT	7879
PASS	quadratic	inverse-7-1-3-3	EQ	45897
PASS	quadratic	root-7-2--3--3	EQ	56357
PASS	quadratic	sign-7-2--3--3	LT	8669
PASS	quadratic	inverse-7-2--3--3	EQ	46947
PASS	quadratic	root-7-2--3--2	EQ	43297
PASS	quadratic	sign-7-2--3--2	LT	8860
PASS	quadratic	inverse-7-2--3--2	EQ	43727
PASS	quadratic	root-7-2--3--1	EQ	49387
PASS	quadratic	sign-7-2--3--1	LT	9489
PASS	quadratic	inverse-7-2--3--1	EQ	48736
PASS	quadratic	root-7-2--3-0	EQ	11819
PASS	quadratic	sign-7-2--3-0	LT	4130
PASS	quadratic	inverse-7-2--3-0	EQ	10129
PASS	quadratic	root-7-2--3-1	EQ	68855
PASS	quadratic	sign-7-2--3-1	LT	16199
PASS	quadratic	inverse-7-2--3-1	EQ	48957
PASS	quadratic	root-7-2--3-2	EQ	51496
PASS	quadratic	sign-7-2--3-2	GT	12199
PASS	quadratic	inverse-7-2--3-2	EQ	41567
PASS	quadratic	root-7-2--3-3	EQ	56516
PASS	quadratic	sign-7-2--3-3	GT	14419
PASS	quadratic	inverse-7-2--3-3	EQ	40387
PASS	quadratic	root-7-2--2--3	EQ	45817
PASS	quadratic	sign-7-2--2--3	LT	8789
PASS	quadratic	inverse-7-2--2--3	EQ	47117
PASS	quadratic	root-7-2--2--2	EQ	42387
PASS	quadratic	sign-7-2--2--2	LT	8829
PASS	quadratic	inverse-7-2--2--2	EQ	44057
PASS	quadratic	root-7-2--2--1	EQ	54906
PASS	quadratic	sign-7-2--2--1	LT	10609
PASS	quadratic	inverse-7-2--2--1	EQ	48126
PASS	quadratic	root-7-2--2-0	EQ	12389
PASS	quadratic	sign-7-2--2-0	LT	4470
PASS	quadratic	inverse-7-2--2-0	EQ	9729
PASS	quadratic	root-7-2--2-1	EQ	55906
PASS	quadratic	sign-7-2--2-1	GT	16069
PASS	quadratic	inverse-7-2--2-1	EQ	47027
PASS	quadratic	root-7-2--2-2	EQ	51586
PASS	quadratic	sign-7-2--2-2	GT	12169
PASS	quadratic	inverse-7-2--2-2	EQ	40947
PASS	quadratic	root-7-2--2-3	EQ	60046
PASS	quadratic	sign-7-2--2-3	GT	15709
PASS	quadratic	inverse-7-2--2-3	EQ	45057
PASS	quadratic	root-7-2--1--3	EQ	45297
PASS	quadratic	sign-7-2--1--3	LT	8329
PASS	quadratic	inverse-7-2--1--3	EQ	55806
PASS	quadratic	root-7-2--1--2	EQ	41267
PASS	quadratic	sign-7-2--1--2	LT	9009
PASS	quadratic	inverse-7-2--1--2	EQ	44957
PASS	quadratic	root-7-2--1--1	EQ	47947
PASS	quadratic	sign-7-2--1--1	LT	9769
PASS	quadratic	inverse-7-2--1--1	EQ	46047
PASS	quadratic	root-7-2--1-0	EQ	11919
PASS	quadratic	sign-7-2--1-0	LT	4109
PASS	quadratic	inverse-7-2--1-0	EQ	9869
PASS	quadratic	root-7-2--1-1	EQ	59576
PASS	quadratic	sign-7-2--1-1	GT	15399
PASS	quadratic	inverse-7-2--1-1	EQ	61985
PASS	quadratic	root-7-2--1-2	EQ	48506
PASS	quadratic	sign-7-2--1-2	GT	12679
PASS	quadratic	inverse-7-2--1-2	EQ	68115
PASS	quadratic	root-7-2--1-3	EQ	59966
PASS	quadratic	sign-7-2--1-3	GT	14559
PASS	quadratic	inverse-7-2--1-3	EQ	43237
PASS	quadratic	root-7-2-0--3	EQ	13289
PASS	quadratic	sign-7-2-0--3	LT	5769
PASS	quadratic	inverse-7-2-0--3	EQ	13509
PASS	quadratic	root-7-2-0--2	EQ	12859
PASS	quadratic	sign-7-2-0--2	LT	6220
PASS	quadratic	inverse-7-2-0--2	EQ	13439
PASS	quadratic	root-7-2-0--1	EQ	11740
PASS	quadratic	sign-7-2-0--1	LT	5840
PASS	quadratic	inverse-7-2-0--1	EQ	12299
PASS	quadratic	root-7-2-0-0	EQ	8289
PASS	quadratic	sign-7-2-0-0	EQ	3910
PASS	quadratic	root-7-2-0-1	EQ	10999
PASS	quadratic	sign-7-2-0-1	GT	5519
PASS	quadratic	inverse-7-2-0-1	EQ	12739
PASS	quadratic	root-7-2-0-2	EQ	11479
PASS	quadratic	sign-7-2-0-2	GT	5960
PASS	quadratic	inverse-7-2-0-2	EQ	12119
PASS	quadratic	root-7-2-0-3	EQ	10869
PASS	quadratic	sign-7-2-0-3	GT	5399
PASS	quadratic	inverse-7-2-0-3	EQ	12439
PASS	quadratic	root-7-2-1--3	EQ	63386
PASS	quadratic	sign-7-2-1--3	LT	15409
PASS	quadratic	inverse-7-2-1--3	EQ	42077
PASS	quadratic	root-7-2-1--2	EQ	54496
PASS	quadratic	sign-7-2-1--2	LT	15079
PASS	quadratic	inverse-7-2-1--2	EQ	40267
PASS	quadratic	root-7-2-1--1	EQ	68966
PASS	quadratic	sign-7-2-1--1	LT	17669
PASS	quadratic	inverse-7-2-1--1	EQ	45747
PASS	quadratic	root-7-2-1-0	EQ	10980
PASS	quadratic	sign-7-2-1-0	GT	4119
PASS	quadratic	inverse-7-2-1-0	EQ	17089
PASS	quadratic	root-7-2-1-1	EQ	39507
PASS	quadratic	sign-7-2-1-1	GT	8009
PASS	quadratic	inverse-7-2-1-1	EQ	48577
PASS	quadratic	root-7-2-1-2	EQ	30858
PASS	quadratic	sign-7-2-1-2	GT	7329
PASS	quadratic	inverse-7-2-1-2	EQ	43517
PASS	quadratic	root-7-2-1-3	EQ	36267
PASS	quadratic	sign-7-2-1-3	GT	7750
PASS	quadratic	inverse-7-2-1-3	EQ	44887
PASS	quadratic	root-7-2-2--3	EQ	62946
PASS	quadratic	sign-7-2-2--3	LT	15119
PASS	quadratic	inverse-7-2-2--3	EQ	42227
PASS	quadratic	root-7-2-2--2	EQ	57756
PASS	quadratic	sign-7-2-2--2	LT	12690
PASS	quadratic	inverse-7-2-2--2	EQ	39278
PASS	quadratic	root-7-2-2--1	EQ	63016
PASS	quadratic	sign-7-2-2--1	LT	17199
PASS	quadratic	inverse-7-2-2--1	EQ	45847
PASS	quadratic	root-7-2-2-0	EQ	11409
PASS	quadratic	sign-7-2-2-0	GT	4400
PASS	quadratic	inverse-7-2-2-0	EQ	9610
PASS	quadratic	root-7-2-2-1	EQ	33687
PASS	quadratic	sign-7-2-2-1	GT	8179
PASS	quadratic	inverse-7-2-2-1	EQ	46817
PASS	quadratic	root-7-2-2-2	EQ	33677
PASS	quadratic	sign-7-2-2-2	GT	7220
PASS	quadratic	inverse-7-2-2-2	EQ	44587
PASS	quadratic	root-7-2-2-3	EQ	37398
PASS	quadratic	sign-7-2-2-3	GT	7920
PASS	quadratic	inverse-7-2-2-3	EQ	59855
PASS	quadratic	root-7-2-3--3	EQ	63636
PASS	quadratic	sign-7-2-3--3	LT	14909
PASS	quadratic	inverse-7-2-3--3	EQ	40127
PASS	quadratic	root-7-2-3--2	EQ	56076
PASS	quadratic	sign-7-2-3--2	LT	14629
PASS	quadratic	inverse-7-2-3--2	EQ	40038
PASS	quadratic	root-7-2-3--1	EQ	41407
PASS	quadratic	sign-7-2-3--1	GT	16879
PASS	quadratic	inverse-7-2-3--1	EQ	46557
PASS	quadratic	root-7-2-3-0	EQ	10799
PASS	quadratic	sign-7-2-3-0	GT	4110
PASS	quadratic	inverse-7-2-3-0	EQ	10079
PASS	quadratic	root-7-2-3-1	EQ	31568
PASS	quadratic	sign-7-2-3-1	GT	7659
PASS	quadratic	inverse-7-2-3-1	EQ	45657
PASS	quadratic	root-7-2-3-2	EQ	33318
PASS	quadratic	sign-7-2-3-2	GT	7139
PASS	quadratic	inverse-7-2-3-2	EQ	43157
PASS	quadratic	root-7-2-3-3	EQ	35397
PASS	quadratic	sign-7-2-3-3	GT	7560
PASS	quadratic	inverse-7-2-3-3	EQ	44347
PASS	tower-1	expanded--3--1	EQ	41547
PASS	tower-1	inverse--3--1	EQ	42387
PASS	tower-1	expanded--3-1	EQ	57186
PASS	tower-1	inverse--3-1	EQ	43047
PASS	tower-1	expanded--2--1	EQ	47757
PASS	tower-1	inverse--2--1	EQ	43387
PASS	tower-1	expanded--2-1	EQ	57186
PASS	tower-1	inverse--2-1	EQ	42597
PASS	tower-1	expanded--1--1	EQ	39358
PASS	tower-1	inverse--1--1	EQ	33278
PASS	tower-1	expanded--1-1	EQ	46727
PASS	tower-1	inverse--1-1	EQ	32868
PASS	tower-1	expanded-0--1	EQ	12369
PASS	tower-1	inverse-0--1	EQ	16199
PASS	tower-1	expanded-0-1	EQ	10769
PASS	tower-1	inverse-0-1	EQ	13659
PASS	tower-1	expanded-1--1	EQ	53967
PASS	tower-1	inverse-1--1	EQ	31808
PASS	tower-1	expanded-1-1	EQ	29808
PASS	tower-1	inverse-1-1	EQ	31808
PASS	tower-1	expanded-2--1	EQ	38918
PASS	tower-1	inverse-2--1	EQ	42157
PASS	tower-1	expanded-2-1	EQ	27878
PASS	tower-1	inverse-2-1	EQ	42777
PASS	tower-1	expanded-3--1	EQ	38927
PASS	tower-1	inverse-3--1	EQ	42897
PASS	tower-1	expanded-3-1	EQ	28378
PASS	tower-1	inverse-3-1	EQ	42407
PASS	tower-2	expanded--3--1	EQ	257253
PASS	tower-2	inverse--3--1	EQ	282140
PASS	tower-2	expanded--3-1	EQ	233414
PASS	tower-2	inverse--3-1	EQ	303190
PASS	tower-2	expanded--2--1	EQ	217615
PASS	tower-2	inverse--2--1	EQ	223604
PASS	tower-2	expanded--2-1	EQ	226364
PASS	tower-2	inverse--2-1	EQ	240303
PASS	tower-2	expanded--1--1	EQ	224524
PASS	tower-2	inverse--1--1	EQ	233064
PASS	tower-2	expanded--1-1	EQ	225555
PASS	tower-2	inverse--1-1	EQ	295720
PASS	tower-2	expanded-0--1	EQ	73985
PASS	tower-2	inverse-0--1	EQ	202016
PASS	tower-2	expanded-0-1	EQ	44647
PASS	tower-2	inverse-0-1	EQ	163159
PASS	tower-2	expanded-1--1	EQ	227375
PASS	tower-2	inverse-1--1	EQ	239554
PASS	tower-2	expanded-1-1	EQ	214136
PASS	tower-2	inverse-1-1	EQ	226944
PASS	tower-2	expanded-2--1	EQ	226214
PASS	tower-2	inverse-2--1	EQ	234794
PASS	tower-2	expanded-2-1	EQ	213436
PASS	tower-2	inverse-2-1	EQ	218165
PASS	tower-2	expanded-3--1	EQ	233853
PASS	tower-2	inverse-3--1	EQ	275271
PASS	tower-2	expanded-3-1	EQ	221804
PASS	tower-2	inverse-3-1	EQ	259342
PASS	tower-3	expanded--3--1	EQ	347827
PASS	tower-3	inverse--3--1	EQ	663964
PASS	tower-3	expanded--3-1	EQ	360395
PASS	tower-3	inverse--3-1	EQ	671344
PASS	tower-3	expanded--2--1	EQ	335047
PASS	tower-3	inverse--2--1	EQ	566681
PASS	tower-3	expanded--2-1	EQ	347147
PASS	tower-3	inverse--2-1	EQ	537993
PASS	tower-3	expanded--1--1	EQ	428161
PASS	tower-3	inverse--1--1	EQ	552722
PASS	tower-3	expanded--1-1	EQ	343866
PASS	tower-3	inverse--1-1	EQ	539473
PASS	tower-3	expanded-0--1	EQ	64756
PASS	tower-3	inverse-0--1	EQ	345317
PASS	tower-3	expanded-0-1	EQ	61866
PASS	tower-3	inverse-0-1	EQ	349986
PASS	tower-3	expanded-1--1	EQ	348016
PASS	tower-3	inverse-1--1	EQ	537204
PASS	tower-3	expanded-1-1	EQ	335177
PASS	tower-3	inverse-1-1	EQ	537713
PASS	tower-3	expanded-2--1	EQ	353116
PASS	tower-3	inverse-2--1	EQ	524254
PASS	tower-3	expanded-2-1	EQ	333978
PASS	tower-3	inverse-2-1	EQ	519564
PASS	tower-3	expanded-3--1	EQ	360455
PASS	tower-3	inverse-3--1	EQ	654925
PASS	tower-3	expanded-3-1	EQ	335647
PASS	tower-3	inverse-3-1	EQ	644356
PASS	tower-4	expanded--3--1	EQ	619598
PASS	tower-4	inverse--3--1	EQ	2506718
PASS	tower-4	expanded--3-1	EQ	650756
PASS	tower-4	inverse--3-1	EQ	2236816
PASS	tower-4	expanded--2--1	EQ	705531
PASS	tower-4	inverse--2--1	EQ	1421383
PASS	tower-4	expanded--2-1	EQ	719691
PASS	tower-4	inverse--2-1	EQ	1462600
PASS	tower-4	expanded--1--1	EQ	585610
PASS	tower-4	inverse--1--1	EQ	1449721
PASS	tower-4	expanded--1-1	EQ	596329
PASS	tower-4	inverse--1-1	EQ	1424463
PASS	tower-4	expanded-0--1	EQ	84064
PASS	tower-4	inverse-0--1	EQ	1030569
PASS	tower-4	expanded-0-1	EQ	82515
PASS	tower-4	inverse-0-1	EQ	1027690
PASS	tower-4	expanded-1--1	EQ	602029
PASS	tower-4	inverse-1--1	EQ	1579621
PASS	tower-4	expanded-1-1	EQ	590069
PASS	tower-4	inverse-1-1	EQ	1524196
PASS	tower-4	expanded-2--1	EQ	712231
PASS	tower-4	inverse-2--1	EQ	1457250
PASS	tower-4	expanded-2-1	EQ	619368
PASS	tower-4	inverse-2-1	EQ	1509297
PASS	tower-4	expanded-3--1	EQ	686933
PASS	tower-4	inverse-3--1	EQ	2182681
PASS	tower-4	expanded-3-1	EQ	617977
PASS	tower-4	inverse-3-1	EQ	2281703
PASS	tower-5	expanded--3--1	EQ	1238625
UNKNOWN	tower-5	inverse--3--1	UNKNOWN	3930171
PASS	tower-5	expanded--3-1	EQ	1241634
UNKNOWN	tower-5	inverse--3-1	UNKNOWN	3939789
PASS	tower-5	expanded--2--1	EQ	1305070
UNKNOWN	tower-5	inverse--2--1	UNKNOWN	4189572
PASS	tower-5	expanded--2-1	EQ	1291802
UNKNOWN	tower-5	inverse--2-1	UNKNOWN	4678039
PASS	tower-5	expanded--1--1	EQ	1004631
UNKNOWN	tower-5	inverse--1--1	UNKNOWN	3829318
PASS	tower-5	expanded--1-1	EQ	1120083
UNKNOWN	tower-5	inverse--1-1	UNKNOWN	3813389
PASS	tower-5	expanded-0--1	EQ	109102
UNKNOWN	tower-5	inverse-0--1	UNKNOWN	3594703
PASS	tower-5	expanded-0-1	EQ	104663
UNKNOWN	tower-5	inverse-0-1	UNKNOWN	3858895
PASS	tower-5	expanded-1--1	EQ	1026850
UNKNOWN	tower-5	inverse-1--1	UNKNOWN	3846336
PASS	tower-5	expanded-1-1	EQ	974674
UNKNOWN	tower-5	inverse-1-1	UNKNOWN	3814168
PASS	tower-5	expanded-2--1	EQ	1289862
UNKNOWN	tower-5	inverse-2--1	UNKNOWN	3916831
PASS	tower-5	expanded-2-1	EQ	1211077
UNKNOWN	tower-5	inverse-2-1	UNKNOWN	3743124
PASS	tower-5	expanded-3--1	EQ	1362426
UNKNOWN	tower-5	inverse-3--1	UNKNOWN	4353862
PASS	tower-5	expanded-3-1	EQ	2167412
UNKNOWN	tower-5	inverse-3-1	UNKNOWN	6382762
PASS	independent	surd-2-3--1--1	EQ	205826
PASS	independent	surd-2-3--1-1	EQ	72575
PASS	independent	surd-2-3-1--1	EQ	165458
PASS	independent	surd-2-3-1-1	EQ	43347
PASS	independent	surd-2-5--1--1	EQ	121282
PASS	independent	surd-2-5--1-1	EQ	58836
PASS	independent	surd-2-5-1--1	EQ	131651
PASS	independent	surd-2-5-1-1	EQ	38087
PASS	independent	surd-3-7--1--1	EQ	113172
PASS	independent	surd-3-7--1-1	EQ	57066
PASS	independent	surd-3-7-1--1	EQ	125802
PASS	independent	surd-3-7-1-1	EQ	36958
PASS	independent	surd-5-7--1--1	EQ	113522
PASS	independent	surd-5-7--1-1	EQ	64926
PASS	independent	surd-5-7-1--1	EQ	131651
PASS	independent	surd-5-7-1-1	EQ	37027
SUMMARY	1310	14	0	1324
