PASS	quadratic	root-2-1--3--3	EQ	64096
PASS	quadratic	sign-2-1--3--3	LT	1850
PASS	quadratic	inverse-2-1--3--3	EQ	24548
PASS	quadratic	root-2-1--3--2	EQ	11410
PASS	quadratic	sign-2-1--3--2	LT	1360
PASS	quadratic	inverse-2-1--3--2	EQ	7310
PASS	quadratic	root-2-1--3--1	EQ	7599
PASS	quadratic	sign-2-1--3--1	LT	1220
PASS	quadratic	inverse-2-1--3--1	EQ	15399
PASS	quadratic	root-2-1--3-0	EQ	1770
PASS	quadratic	sign-2-1--3-0	LT	610
PASS	quadratic	inverse-2-1--3-0	EQ	1440
PASS	quadratic	root-2-1--3-1	EQ	16129
PASS	quadratic	sign-2-1--3-1	LT	1709
PASS	quadratic	inverse-2-1--3-1	EQ	7170
PASS	quadratic	root-2-1--3-2	EQ	20098
PASS	quadratic	sign-2-1--3-2	LT	1930
PASS	quadratic	inverse-2-1--3-2	EQ	6150
PASS	quadratic	root-2-1--3-3	EQ	11250
PASS	quadratic	sign-2-1--3-3	GT	2110
PASS	quadratic	inverse-2-1--3-3	EQ	6890
PASS	quadratic	root-2-1--2--3	EQ	9799
PASS	quadratic	sign-2-1--2--3	LT	1130
PASS	quadratic	inverse-2-1--2--3	EQ	12829
PASS	quadratic	root-2-1--2--2	EQ	7839
PASS	quadratic	sign-2-1--2--2	LT	1100
PASS	quadratic	inverse-2-1--2--2	EQ	9659
PASS	quadratic	root-2-1--2--1	EQ	6319
PASS	quadratic	sign-2-1--2--1	LT	1140
PASS	quadratic	inverse-2-1--2--1	EQ	6070
PASS	quadratic	root-2-1--2-0	EQ	1409
PASS	quadratic	sign-2-1--2-0	LT	540
PASS	quadratic	inverse-2-1--2-0	EQ	1300
PASS	quadratic	root-2-1--2-1	EQ	8619
PASS	quadratic	sign-2-1--2-1	LT	1550
PASS	quadratic	inverse-2-1--2-1	EQ	5680
PASS	quadratic	root-2-1--2-2	EQ	12389
PASS	quadratic	sign-2-1--2-2	GT	1859
PASS	quadratic	inverse-2-1--2-2	EQ	5680
PASS	quadratic	root-2-1--2-3	EQ	9469
PASS	quadratic	sign-2-1--2-3	GT	1970
PASS	quadratic	inverse-2-1--2-3	EQ	6179
PASS	quadratic	root-2-1--1--3	EQ	7190
PASS	quadratic	sign-2-1--1--3	LT	1060
PASS	quadratic	inverse-2-1--1--3	EQ	9980
PASS	quadratic	root-2-1--1--2	EQ	6889
PASS	quadratic	sign-2-1--1--2	LT	1090
PASS	quadratic	inverse-2-1--1--2	EQ	6249
PASS	quadratic	root-2-1--1--1	EQ	5500
PASS	quadratic	sign-2-1--1--1	LT	1090
PASS	quadratic	inverse-2-1--1--1	EQ	4699
PASS	quadratic	root-2-1--1-0	EQ	1430
PASS	quadratic	sign-2-1--1-0	LT	540
PASS	quadratic	inverse-2-1--1-0	EQ	1250
PASS	quadratic	root-2-1--1-1	EQ	7179
PASS	quadratic	sign-2-1--1-1	GT	1460
PASS	quadratic	inverse-2-1--1-1	EQ	4079
PASS	quadratic	root-2-1--1-2	EQ	9040
PASS	quadratic	sign-2-1--1-2	GT	1689
PASS	quadratic	inverse-2-1--1-2	EQ	8720
PASS	quadratic	root-2-1--1-3	EQ	9339
PASS	quadratic	sign-2-1--1-3	GT	1960
PASS	quadratic	inverse-2-1--1-3	EQ	5909
PASS	quadratic	root-2-1-0--3	EQ	1650
PASS	quadratic	sign-2-1-0--3	LT	800
PASS	quadratic	inverse-2-1-0--3	EQ	2309
PASS	quadratic	root-2-1-0--2	EQ	1400
PASS	quadratic	sign-2-1-0--2	LT	730
PASS	quadratic	inverse-2-1-0--2	EQ	1660
PASS	quadratic	root-2-1-0--1	EQ	1500
PASS	quadratic	sign-2-1-0--1	LT	789
PASS	quadratic	inverse-2-1-0--1	EQ	2010
PASS	quadratic	root-2-1-0-0	EQ	1080
PASS	quadratic	sign-2-1-0-0	EQ	530
PASS	quadratic	root-2-1-0-1	EQ	1380
PASS	quadratic	sign-2-1-0-1	GT	749
PASS	quadratic	inverse-2-1-0-1	EQ	1880
PASS	quadratic	root-2-1-0-2	EQ	1360
PASS	quadratic	sign-2-1-0-2	GT	680
PASS	quadratic	inverse-2-1-0-2	EQ	1870
PASS	quadratic	root-2-1-0-3	EQ	1310
PASS	quadratic	sign-2-1-0-3	GT	640
PASS	quadratic	inverse-2-1-0-3	EQ	1750
PASS	quadratic	root-2-1-1--3	EQ	8859
PASS	quadratic	sign-2-1-1--3	LT	1890
PASS	quadratic	inverse-2-1-1--3	EQ	6209
PASS	quadratic	root-2-1-1--2	EQ	8900
PASS	quadratic	sign-2-1-1--2	LT	1909
PASS	quadratic	inverse-2-1-1--2	EQ	5600
PASS	quadratic	root-2-1-1--1	EQ	7609
PASS	quadratic	sign-2-1-1--1	LT	1600
PASS	quadratic	inverse-2-1-1--1	EQ	4140
PASS	quadratic	root-2-1-1-0	EQ	1159
PASS	quadratic	sign-2-1-1-0	GT	520
PASS	quadratic	inverse-2-1-1-0	EQ	1190
PASS	quadratic	root-2-1-1-1	EQ	4350
PASS	quadratic	sign-2-1-1-1	GT	940
PASS	quadratic	inverse-2-1-1-1	EQ	3990
PASS	quadratic	root-2-1-1-2	EQ	6740
PASS	quadratic	sign-2-1-1-2	GT	940
PASS	quadratic	inverse-2-1-1-2	EQ	5930
PASS	quadratic	root-2-1-1-3	EQ	6779
PASS	quadratic	sign-2-1-1-3	GT	1010
PASS	quadratic	inverse-2-1-1-3	EQ	5480
PASS	quadratic	root-2-1-2--3	EQ	8760
PASS	quadratic	sign-2-1-2--3	LT	1950
PASS	quadratic	inverse-2-1-2--3	EQ	13120
PASS	quadratic	root-2-1-2--2	EQ	8780
PASS	quadratic	sign-2-1-2--2	LT	2110
PASS	quadratic	inverse-2-1-2--2	EQ	5999
PASS	quadratic	root-2-1-2--1	EQ	5430
PASS	quadratic	sign-2-1-2--1	GT	1930
PASS	quadratic	inverse-2-1-2--1	EQ	5569
PASS	quadratic	root-2-1-2-0	EQ	1180
PASS	quadratic	sign-2-1-2-0	GT	540
PASS	quadratic	inverse-2-1-2-0	EQ	1250
PASS	quadratic	root-2-1-2-1	EQ	3479
PASS	quadratic	sign-2-1-2-1	GT	920
PASS	quadratic	inverse-2-1-2-1	EQ	5570
PASS	quadratic	root-2-1-2-2	EQ	6979
PASS	quadratic	sign-2-1-2-2	GT	980
PASS	quadratic	inverse-2-1-2-2	EQ	5649
PASS	quadratic	root-2-1-2-3	EQ	6880
PASS	quadratic	sign-2-1-2-3	GT	1060
PASS	quadratic	inverse-2-1-2-3	EQ	6070
PASS	quadratic	root-2-1-3--3	EQ	8139
PASS	quadratic	sign-2-1-3--3	LT	1880
PASS	quadratic	inverse-2-1-3--3	EQ	5680
PASS	quadratic	root-2-1-3--2	EQ	9600
PASS	quadratic	sign-2-1-3--2	GT	1960
PASS	quadratic	inverse-2-1-3--2	EQ	5760
PASS	quadratic	root-2-1-3--1	EQ	5060
PASS	quadratic	sign-2-1-3--1	GT	1810
PASS	quadratic	inverse-2-1-3--1	EQ	5920
PASS	quadratic	root-2-1-3-0	EQ	1130
PASS	quadratic	sign-2-1-3-0	GT	520
PASS	quadratic	inverse-2-1-3-0	EQ	1200
PASS	quadratic	root-2-1-3-1	EQ	3630
PASS	quadratic	sign-2-1-3-1	GT	860
PASS	quadratic	inverse-2-1-3-1	EQ	5409
PASS	quadratic	root-2-1-3-2	EQ	7120
PASS	quadratic	sign-2-1-3-2	GT	970
PASS	quadratic	inverse-2-1-3-2	EQ	8320
PASS	quadratic	root-2-1-3-3	EQ	6919
PASS	quadratic	sign-2-1-3-3	GT	1070
PASS	quadratic	inverse-2-1-3-3	EQ	5959
PASS	quadratic	root-2-2--3--3	EQ	8820
PASS	quadratic	sign-2-2--3--3	LT	1039
PASS	quadratic	inverse-2-2--3--3	EQ	6940
PASS	quadratic	root-2-2--3--2	EQ	10609
PASS	quadratic	sign-2-2--3--2	LT	1250
PASS	quadratic	inverse-2-2--3--2	EQ	6189
PASS	quadratic	root-2-2--3--1	EQ	10629
PASS	quadratic	sign-2-2--3--1	LT	1200
PASS	quadratic	inverse-2-2--3--1	EQ	7629
PASS	quadratic	root-2-2--3-0	EQ	1370
PASS	quadratic	sign-2-2--3-0	LT	520
PASS	quadratic	inverse-2-2--3-0	EQ	1340
PASS	quadratic	root-2-2--3-1	EQ	10309
PASS	quadratic	sign-2-2--3-1	LT	1950
PASS	quadratic	inverse-2-2--3-1	EQ	6959
PASS	quadratic	root-2-2--3-2	EQ	8570
PASS	quadratic	sign-2-2--3-2	LT	1510
PASS	quadratic	inverse-2-2--3-2	EQ	7830
PASS	quadratic	root-2-2--3-3	EQ	10579
PASS	quadratic	sign-2-2--3-3	GT	1890
PASS	quadratic	inverse-2-2--3-3	EQ	6090
PASS	quadratic	root-2-2--2--3	EQ	7069
PASS	quadratic	sign-2-2--2--3	LT	1130
PASS	quadratic	inverse-2-2--2--3	EQ	6820
PASS	quadratic	root-2-2--2--2	EQ	5940
PASS	quadratic	sign-2-2--2--2	LT	1100
PASS	quadratic	inverse-2-2--2--2	EQ	5309
PASS	quadratic	root-2-2--2--1	EQ	6880
PASS	quadratic	sign-2-2--2--1	LT	1210
PASS	quadratic	inverse-2-2--2--1	EQ	6840
PASS	quadratic	root-2-2--2-0	EQ	1410
PASS	quadratic	sign-2-2--2-0	LT	550
PASS	quadratic	inverse-2-2--2-0	EQ	1310
PASS	quadratic	root-2-2--2-1	EQ	8870
PASS	quadratic	sign-2-2--2-1	LT	1909
PASS	quadratic	inverse-2-2--2-1	EQ	6220
PASS	quadratic	root-2-2--2-2	EQ	7189
PASS	quadratic	sign-2-2--2-2	GT	1480
PASS	quadratic	inverse-2-2--2-2	EQ	4720
PASS	quadratic	root-2-2--2-3	EQ	9810
PASS	quadratic	sign-2-2--2-3	GT	1969
PASS	quadratic	inverse-2-2--2-3	EQ	6180
PASS	quadratic	root-2-2--1--3	EQ	7179
PASS	quadratic	sign-2-2--1--3	LT	1040
PASS	quadratic	inverse-2-2--1--3	EQ	12479
PASS	quadratic	root-2-2--1--2	EQ	6370
PASS	quadratic	sign-2-2--1--2	LT	1110
PASS	quadratic	inverse-2-2--1--2	EQ	6610
PASS	quadratic	root-2-2--1--1	EQ	7879
PASS	quadratic	sign-2-2--1--1	LT	1140
PASS	quadratic	inverse-2-2--1--1	EQ	5959
PASS	quadratic	root-2-2--1-0	EQ	1410
PASS	quadratic	sign-2-2--1-0	LT	550
PASS	quadratic	inverse-2-2--1-0	EQ	1400
PASS	quadratic	root-2-2--1-1	EQ	12799
PASS	quadratic	sign-2-2--1-1	GT	2020
PASS	quadratic	inverse-2-2--1-1	EQ	5830
PASS	quadratic	root-2-2--1-2	EQ	7289
PASS	quadratic	sign-2-2--1-2	GT	1580
PASS	quadratic	inverse-2-2--1-2	EQ	5930
PASS	quadratic	root-2-2--1-3	EQ	9560
PASS	quadratic	sign-2-2--1-3	GT	1960
PASS	quadratic	inverse-2-2--1-3	EQ	6030
PASS	quadratic	root-2-2-0--3	EQ	1760
PASS	quadratic	sign-2-2-0--3	LT	800
PASS	quadratic	inverse-2-2-0--3	EQ	2070
PASS	quadratic	root-2-2-0--2	EQ	1680
PASS	quadratic	sign-2-2-0--2	LT	850
PASS	quadratic	inverse-2-2-0--2	EQ	2040
PASS	quadratic	root-2-2-0--1	EQ	1629
PASS	quadratic	sign-2-2-0--1	LT	770
PASS	quadratic	inverse-2-2-0--1	EQ	1710
PASS	quadratic	root-2-2-0-0	EQ	1000
PASS	quadratic	sign-2-2-0-0	EQ	530
PASS	quadratic	root-2-2-0-1	EQ	1690
PASS	quadratic	sign-2-2-0-1	GT	740
PASS	quadratic	inverse-2-2-0-1	EQ	1770
PASS	quadratic	root-2-2-0-2	EQ	1520
PASS	quadratic	sign-2-2-0-2	GT	820
PASS	quadratic	inverse-2-2-0-2	EQ	1700
PASS	quadratic	root-2-2-0-3	EQ	1360
PASS	quadratic	sign-2-2-0-3	GT	680
PASS	quadratic	inverse-2-2-0-3	EQ	1790
PASS	quadratic	root-2-2-1--3	EQ	8620
PASS	quadratic	sign-2-2-1--3	LT	1900
PASS	quadratic	inverse-2-2-1--3	EQ	6080
PASS	quadratic	root-2-2-1--2	EQ	7539
PASS	quadratic	sign-2-2-1--2	LT	1830
PASS	quadratic	inverse-2-2-1--2	EQ	5540
PASS	quadratic	root-2-2-1--1	EQ	9059
PASS	quadratic	sign-2-2-1--1	LT	2100
PASS	quadratic	inverse-2-2-1--1	EQ	5519
PASS	quadratic	root-2-2-1-0	EQ	1280
PASS	quadratic	sign-2-2-1-0	GT	540
PASS	quadratic	inverse-2-2-1-0	EQ	1400
PASS	quadratic	root-2-2-1-1	EQ	7140
PASS	quadratic	sign-2-2-1-1	GT	1130
PASS	quadratic	inverse-2-2-1-1	EQ	5799
PASS	quadratic	root-2-2-1-2	EQ	4330
PASS	quadratic	sign-2-2-1-2	GT	960
PASS	quadratic	inverse-2-2-1-2	EQ	5829
PASS	quadratic	root-2-2-1-3	EQ	6980
PASS	quadratic	sign-2-2-1-3	GT	1060
PASS	quadratic	inverse-2-2-1-3	EQ	6030
PASS	quadratic	root-2-2-2--3	EQ	9039
PASS	quadratic	sign-2-2-2--3	LT	1850
PASS	quadratic	inverse-2-2-2--3	EQ	6249
PASS	quadratic	root-2-2-2--2	EQ	8190
PASS	quadratic	sign-2-2-2--2	LT	1750
PASS	quadratic	inverse-2-2-2--2	EQ	4820
PASS	quadratic	root-2-2-2--1	EQ	9749
PASS	quadratic	sign-2-2-2--1	GT	1990
PASS	quadratic	inverse-2-2-2--1	EQ	6409
PASS	quadratic	root-2-2-2-0	EQ	1270
PASS	quadratic	sign-2-2-2-0	GT	560
PASS	quadratic	inverse-2-2-2-0	EQ	1250
PASS	quadratic	root-2-2-2-1	EQ	6819
PASS	quadratic	sign-2-2-2-1	GT	1110
PASS	quadratic	inverse-2-2-2-1	EQ	6209
PASS	quadratic	root-2-2-2-2	EQ	4400
PASS	quadratic	sign-2-2-2-2	GT	970
PASS	quadratic	inverse-2-2-2-2	EQ	5019
PASS	quadratic	root-2-2-2-3	EQ	7030
PASS	quadratic	sign-2-2-2-3	GT	1079
PASS	quadratic	inverse-2-2-2-3	EQ	6190
PASS	quadratic	root-2-2-3--3	EQ	18618
PASS	quadratic	sign-2-2-3--3	LT	3610
PASS	quadratic	inverse-2-2-3--3	EQ	9179
PASS	quadratic	root-2-2-3--2	EQ	6119
PASS	quadratic	sign-2-2-3--2	GT	1960
PASS	quadratic	inverse-2-2-3--2	EQ	9529
PASS	quadratic	root-2-2-3--1	EQ	10540
PASS	quadratic	sign-2-2-3--1	GT	2100
PASS	quadratic	inverse-2-2-3--1	EQ	7080
PASS	quadratic	root-2-2-3-0	EQ	1979
PASS	quadratic	sign-2-2-3-0	GT	1070
PASS	quadratic	inverse-2-2-3-0	EQ	2430
PASS	quadratic	root-2-2-3-1	EQ	10319
PASS	quadratic	sign-2-2-3-1	GT	1070
PASS	quadratic	inverse-2-2-3-1	EQ	7199
PASS	quadratic	root-2-2-3-2	EQ	4060
PASS	quadratic	sign-2-2-3-2	GT	1010
PASS	quadratic	inverse-2-2-3-2	EQ	5530
PASS	quadratic	root-2-2-3-3	EQ	7119
PASS	quadratic	sign-2-2-3-3	GT	1060
PASS	quadratic	inverse-2-2-3-3	EQ	6050
PASS	quadratic	root-3-1--3--3	EQ	7859
PASS	quadratic	sign-3-1--3--3	LT	1060
PASS	quadratic	inverse-3-1--3--3	EQ	6939
PASS	quadratic	root-3-1--3--2	EQ	6110
PASS	quadratic	sign-3-1--3--2	LT	1059
PASS	quadratic	inverse-3-1--3--2	EQ	6140
PASS	quadratic	root-3-1--3--1	EQ	5829
PASS	quadratic	sign-3-1--3--1	LT	1030
PASS	quadratic	inverse-3-1--3--1	EQ	6040
PASS	quadratic	root-3-1--3-0	EQ	1269
PASS	quadratic	sign-3-1--3-0	LT	510
PASS	quadratic	inverse-3-1--3-0	EQ	1230
PASS	quadratic	root-3-1--3-1	EQ	11829
PASS	quadratic	sign-3-1--3-1	LT	1630
PASS	quadratic	inverse-3-1--3-1	EQ	6179
PASS	quadratic	root-3-1--3-2	EQ	8370
PASS	quadratic	sign-3-1--3-2	GT	1739
PASS	quadratic	inverse-3-1--3-2	EQ	6030
PASS	quadratic	root-3-1--3-3	EQ	7909
PASS	quadratic	sign-3-1--3-3	GT	1920
PASS	quadratic	inverse-3-1--3-3	EQ	5839
PASS	quadratic	root-3-1--2--3	EQ	5940
PASS	quadratic	sign-3-1--2--3	LT	990
PASS	quadratic	inverse-3-1--2--3	EQ	13309
PASS	quadratic	root-3-1--2--2	EQ	5949
PASS	quadratic	sign-3-1--2--2	LT	1080
PASS	quadratic	inverse-3-1--2--2	EQ	13109
PASS	quadratic	root-3-1--2--1	EQ	6139
PASS	quadratic	sign-3-1--2--1	LT	1040
PASS	quadratic	inverse-3-1--2--1	EQ	5080
PASS	quadratic	root-3-1--2-0	EQ	1300
PASS	quadratic	sign-3-1--2-0	LT	540
PASS	quadratic	inverse-3-1--2-0	EQ	1230
PASS	quadratic	root-3-1--2-1	EQ	8369
PASS	quadratic	sign-3-1--2-1	LT	1510
PASS	quadratic	inverse-3-1--2-1	EQ	4710
PASS	quadratic	root-3-1--2-2	EQ	7580
PASS	quadratic	sign-3-1--2-2	GT	1760
PASS	quadratic	inverse-3-1--2-2	EQ	5449
PASS	quadratic	root-3-1--2-3	EQ	7650
PASS	quadratic	sign-3-1--2-3	GT	1870
PASS	quadratic	inverse-3-1--2-3	EQ	6080
PASS	quadratic	root-3-1--1--3	EQ	6029
PASS	quadratic	sign-3-1--1--3	LT	1040
PASS	quadratic	inverse-3-1--1--3	EQ	9889
PASS	quadratic	root-3-1--1--2	EQ	6130
PASS	quadratic	sign-3-1--1--2	LT	1049
PASS	quadratic	inverse-3-1--1--2	EQ	6160
PASS	quadratic	root-3-1--1--1	EQ	4949
PASS	quadratic	sign-3-1--1--1	LT	1030
PASS	quadratic	inverse-3-1--1--1	EQ	4900
PASS	quadratic	root-3-1--1-0	EQ	1330
PASS	quadratic	sign-3-1--1-0	LT	489
PASS	quadratic	inverse-3-1--1-0	EQ	1190
PASS	quadratic	root-3-1--1-1	EQ	6360
PASS	quadratic	sign-3-1--1-1	GT	1430
PASS	quadratic	inverse-3-1--1-1	EQ	4750
PASS	quadratic	root-3-1--1-2	EQ	7149
PASS	quadratic	sign-3-1--1-2	GT	1730
PASS	quadratic	inverse-3-1--1-2	EQ	5870
PASS	quadratic	root-3-1--1-3	EQ	7729
PASS	quadratic	sign-3-1--1-3	GT	1970
PASS	quadratic	inverse-3-1--1-3	EQ	8609
PASS	quadratic	root-3-1-0--3	EQ	1720
PASS	quadratic	sign-3-1-0--3	LT	730
PASS	quadratic	inverse-3-1-0--3	EQ	1929
PASS	quadratic	root-3-1-0--2	EQ	1390
PASS	quadratic	sign-3-1-0--2	LT	680
PASS	quadratic	inverse-3-1-0--2	EQ	1610
PASS	quadratic	root-3-1-0--1	EQ	1470
PASS	quadratic	sign-3-1-0--1	LT	759
PASS	quadratic	inverse-3-1-0--1	EQ	2040
PASS	quadratic	root-3-1-0-0	EQ	1010
PASS	quadratic	sign-3-1-0-0	EQ	520
PASS	quadratic	root-3-1-0-1	EQ	1340
PASS	quadratic	sign-3-1-0-1	GT	750
PASS	quadratic	inverse-3-1-0-1	EQ	1890
PASS	quadratic	root-3-1-0-2	EQ	1340
PASS	quadratic	sign-3-1-0-2	GT	700
PASS	quadratic	inverse-3-1-0-2	EQ	1760
PASS	quadratic	root-3-1-0-3	EQ	1320
PASS	quadratic	sign-3-1-0-3	GT	650
PASS	quadratic	inverse-3-1-0-3	EQ	1760
PASS	quadratic	root-3-1-1--3	EQ	8759
PASS	quadratic	sign-3-1-1--3	LT	1830
PASS	quadratic	inverse-3-1-1--3	EQ	6020
PASS	quadratic	root-3-1-1--2	EQ	8240
PASS	quadratic	sign-3-1-1--2	LT	1780
PASS	quadratic	inverse-3-1-1--2	EQ	5589
PASS	quadratic	root-3-1-1--1	EQ	7220
PASS	quadratic	sign-3-1-1--1	LT	1520
PASS	quadratic	inverse-3-1-1--1	EQ	4420
PASS	quadratic	root-3-1-1-0	EQ	1180
PASS	quadratic	sign-3-1-1-0	GT	500
PASS	quadratic	inverse-3-1-1-0	EQ	1140
PASS	quadratic	root-3-1-1-1	EQ	4010
PASS	quadratic	sign-3-1-1-1	GT	890
PASS	quadratic	inverse-3-1-1-1	EQ	4919
PASS	quadratic	root-3-1-1-2	EQ	4280
PASS	quadratic	sign-3-1-1-2	GT	900
PASS	quadratic	inverse-3-1-1-2	EQ	5609
PASS	quadratic	root-3-1-1-3	EQ	4520
PASS	quadratic	sign-3-1-1-3	GT	960
PASS	quadratic	inverse-3-1-1-3	EQ	5439
PASS	quadratic	root-3-1-2--3	EQ	8689
PASS	quadratic	sign-3-1-2--3	LT	1890
PASS	quadratic	inverse-3-1-2--3	EQ	5880
PASS	quadratic	root-3-1-2--2	EQ	8199
PASS	quadratic	sign-3-1-2--2	LT	1920
PASS	quadratic	inverse-3-1-2--2	EQ	5409
PASS	quadratic	root-3-1-2--1	EQ	4830
PASS	quadratic	sign-3-1-2--1	GT	1840
PASS	quadratic	inverse-3-1-2--1	EQ	4800
PASS	quadratic	root-3-1-2-0	EQ	1190
PASS	quadratic	sign-3-1-2-0	GT	480
PASS	quadratic	inverse-3-1-2-0	EQ	1210
PASS	quadratic	root-3-1-2-1	EQ	3440
PASS	quadratic	sign-3-1-2-1	GT	900
PASS	quadratic	inverse-3-1-2-1	EQ	4480
PASS	quadratic	root-3-1-2-2	EQ	4269
PASS	quadratic	sign-3-1-2-2	GT	910
PASS	quadratic	inverse-3-1-2-2	EQ	5450
PASS	quadratic	root-3-1-2-3	EQ	4640
PASS	quadratic	sign-3-1-2-3	GT	1060
PASS	quadratic	inverse-3-1-2-3	EQ	6039
PASS	quadratic	root-3-1-3--3	EQ	8650
PASS	quadratic	sign-3-1-3--3	LT	1959
PASS	quadratic	inverse-3-1-3--3	EQ	5740
PASS	quadratic	root-3-1-3--2	EQ	8029
PASS	quadratic	sign-3-1-3--2	LT	1920
PASS	quadratic	inverse-3-1-3--2	EQ	5499
PASS	quadratic	root-3-1-3--1	EQ	5010
PASS	quadratic	sign-3-1-3--1	GT	1800
PASS	quadratic	inverse-3-1-3--1	EQ	5969
PASS	quadratic	root-3-1-3-0	EQ	1250
PASS	quadratic	sign-3-1-3-0	GT	500
PASS	quadratic	inverse-3-1-3-0	EQ	1170
PASS	quadratic	root-3-1-3-1	EQ	3689
PASS	quadratic	sign-3-1-3-1	GT	860
PASS	quadratic	inverse-3-1-3-1	EQ	5260
PASS	quadratic	root-3-1-3-2	EQ	4489
PASS	quadratic	sign-3-1-3-2	GT	890
PASS	quadratic	inverse-3-1-3-2	EQ	5849
PASS	quadratic	root-3-1-3-3	EQ	4520
PASS	quadratic	sign-3-1-3-3	GT	940
PASS	quadratic	inverse-3-1-3-3	EQ	5789
PASS	quadratic	root-3-2--3--3	EQ	6840
PASS	quadratic	sign-3-2--3--3	LT	990
PASS	quadratic	inverse-3-2--3--3	EQ	6200
PASS	quadratic	root-3-2--3--2	EQ	5769
PASS	quadratic	sign-3-2--3--2	LT	7250
PASS	quadratic	inverse-3-2--3--2	EQ	7670
PASS	quadratic	root-3-2--3--1	EQ	7279
PASS	quadratic	sign-3-2--3--1	LT	1110
PASS	quadratic	inverse-3-2--3--1	EQ	6929
PASS	quadratic	root-3-2--3-0	EQ	1250
PASS	quadratic	sign-3-2--3-0	LT	500
PASS	quadratic	inverse-3-2--3-0	EQ	1220
PASS	quadratic	root-3-2--3-1	EQ	13299
PASS	quadratic	sign-3-2--3-1	LT	1900
PASS	quadratic	inverse-3-2--3-1	EQ	6380
PASS	quadratic	root-3-2--3-2	EQ	7529
PASS	quadratic	sign-3-2--3-2	GT	1510
PASS	quadratic	inverse-3-2--3-2	EQ	5930
PASS	quadratic	root-3-2--3-3	EQ	8319
PASS	quadratic	sign-3-2--3-3	GT	1900
PASS	quadratic	inverse-3-2--3-3	EQ	5979
PASS	quadratic	root-3-2--2--3	EQ	6510
PASS	quadratic	sign-3-2--2--3	LT	1110
PASS	quadratic	inverse-3-2--2--3	EQ	6890
PASS	quadratic	root-3-2--2--2	EQ	5549
PASS	quadratic	sign-3-2--2--2	LT	1090
PASS	quadratic	inverse-3-2--2--2	EQ	5680
PASS	quadratic	root-3-2--2--1	EQ	6010
PASS	quadratic	sign-3-2--2--1	LT	1110
PASS	quadratic	inverse-3-2--2--1	EQ	6109
PASS	quadratic	root-3-2--2-0	EQ	1350
PASS	quadratic	sign-3-2--2-0	LT	540
PASS	quadratic	inverse-3-2--2-0	EQ	1320
PASS	quadratic	root-3-2--2-1	EQ	9029
PASS	quadratic	sign-3-2--2-1	LT	2010
PASS	quadratic	inverse-3-2--2-1	EQ	6129
PASS	quadratic	root-3-2--2-2	EQ	6870
PASS	quadratic	sign-3-2--2-2	GT	1520
PASS	quadratic	inverse-3-2--2-2	EQ	5170
PASS	quadratic	root-3-2--2-3	EQ	8029
PASS	quadratic	sign-3-2--2-3	GT	1980
PASS	quadratic	inverse-3-2--2-3	EQ	6059
PASS	quadratic	root-3-2--1--3	EQ	6280
PASS	quadratic	sign-3-2--1--3	LT	1000
PASS	quadratic	inverse-3-2--1--3	EQ	6949
PASS	quadratic	root-3-2--1--2	EQ	5580
PASS	quadratic	sign-3-2--1--2	LT	1160
PASS	quadratic	inverse-3-2--1--2	EQ	9010
PASS	quadratic	root-3-2--1--1	EQ	6629
PASS	quadratic	sign-3-2--1--1	LT	1150
PASS	quadratic	inverse-3-2--1--1	EQ	5819
PASS	quadratic	root-3-2--1-0	EQ	1260
PASS	quadratic	sign-3-2--1-0	LT	500
PASS	quadratic	inverse-3-2--1-0	EQ	1310
PASS	quadratic	root-3-2--1-1	EQ	8449
PASS	quadratic	sign-3-2--1-1	GT	1870
PASS	quadratic	inverse-3-2--1-1	EQ	5489
PASS	quadratic	root-3-2--1-2	EQ	6230
PASS	quadratic	sign-3-2--1-2	GT	1410
PASS	quadratic	inverse-3-2--1-2	EQ	5280
PASS	quadratic	root-3-2--1-3	EQ	7289
PASS	quadratic	sign-3-2--1-3	GT	1700
PASS	quadratic	inverse-3-2--1-3	EQ	5660
PASS	quadratic	root-3-2-0--3	EQ	1520
PASS	quadratic	sign-3-2-0--3	LT	710
PASS	quadratic	inverse-3-2-0--3	EQ	1820
PASS	quadratic	root-3-2-0--2	EQ	1530
PASS	quadratic	sign-3-2-0--2	LT	790
PASS	quadratic	inverse-3-2-0--2	EQ	1770
PASS	quadratic	root-3-2-0--1	EQ	1440
PASS	quadratic	sign-3-2-0--1	LT	660
PASS	quadratic	inverse-3-2-0--1	EQ	1690
PASS	quadratic	root-3-2-0-0	EQ	920
PASS	quadratic	sign-3-2-0-0	EQ	460
PASS	quadratic	root-3-2-0-1	EQ	1419
PASS	quadratic	sign-3-2-0-1	GT	710
PASS	quadratic	inverse-3-2-0-1	EQ	1740
PASS	quadratic	root-3-2-0-2	EQ	1420
PASS	quadratic	sign-3-2-0-2	GT	730
PASS	quadratic	inverse-3-2-0-2	EQ	1619
PASS	quadratic	root-3-2-0-3	EQ	1350
PASS	quadratic	sign-3-2-0-3	GT	650
PASS	quadratic	inverse-3-2-0-3	EQ	1720
PASS	quadratic	root-3-2-1--3	EQ	7889
PASS	quadratic	sign-3-2-1--3	LT	1770
PASS	quadratic	inverse-3-2-1--3	EQ	8029
PASS	quadratic	root-3-2-1--2	EQ	7340
PASS	quadratic	sign-3-2-1--2	LT	1749
PASS	quadratic	inverse-3-2-1--2	EQ	5420
PASS	quadratic	root-3-2-1--1	EQ	8629
PASS	quadratic	sign-3-2-1--1	LT	1950
PASS	quadratic	inverse-3-2-1--1	EQ	5400
PASS	quadratic	root-3-2-1-0	EQ	1150
PASS	quadratic	sign-3-2-1-0	GT	470
PASS	quadratic	inverse-3-2-1-0	EQ	1240
PASS	quadratic	root-3-2-1-1	EQ	4690
PASS	quadratic	sign-3-2-1-1	GT	1000
PASS	quadratic	inverse-3-2-1-1	EQ	5870
PASS	quadratic	root-3-2-1-2	EQ	3870
PASS	quadratic	sign-3-2-1-2	GT	890
PASS	quadratic	inverse-3-2-1-2	EQ	5460
PASS	quadratic	root-3-2-1-3	EQ	4749
PASS	quadratic	sign-3-2-1-3	GT	1020
PASS	quadratic	inverse-3-2-1-3	EQ	5910
PASS	quadratic	root-3-2-2--3	EQ	8760
PASS	quadratic	sign-3-2-2--3	LT	1779
PASS	quadratic	inverse-3-2-2--3	EQ	5850
PASS	quadratic	root-3-2-2--2	EQ	7699
PASS	quadratic	sign-3-2-2--2	LT	1580
PASS	quadratic	inverse-3-2-2--2	EQ	4920
PASS	quadratic	root-3-2-2--1	EQ	5229
PASS	quadratic	sign-3-2-2--1	GT	2070
PASS	quadratic	inverse-3-2-2--1	EQ	5859
PASS	quadratic	root-3-2-2-0	EQ	1270
PASS	quadratic	sign-3-2-2-0	GT	550
PASS	quadratic	inverse-3-2-2-0	EQ	1270
PASS	quadratic	root-3-2-2-1	EQ	4089
PASS	quadratic	sign-3-2-2-1	GT	1010
PASS	quadratic	inverse-3-2-2-1	EQ	5700
PASS	quadratic	root-3-2-2-2	EQ	5569
PASS	quadratic	sign-3-2-2-2	GT	1710
PASS	quadratic	inverse-3-2-2-2	EQ	10109
PASS	quadratic	root-3-2-2-3	EQ	5550
PASS	quadratic	sign-3-2-2-3	GT	940
PASS	quadratic	inverse-3-2-2-3	EQ	6300
PASS	quadratic	root-3-2-3--3	EQ	8639
PASS	quadratic	sign-3-2-3--3	LT	1680
PASS	quadratic	inverse-3-2-3--3	EQ	5499
PASS	quadratic	root-3-2-3--2	EQ	10020
PASS	quadratic	sign-3-2-3--2	LT	1809
PASS	quadratic	inverse-3-2-3--2	EQ	5420
PASS	quadratic	root-3-2-3--1	EQ	5289
PASS	quadratic	sign-3-2-3--1	GT	2020
PASS	quadratic	inverse-3-2-3--1	EQ	6110
PASS	quadratic	root-3-2-3-0	EQ	1150
PASS	quadratic	sign-3-2-3-0	GT	500
PASS	quadratic	inverse-3-2-3-0	EQ	1120
PASS	quadratic	root-3-2-3-1	EQ	3860
PASS	quadratic	sign-3-2-3-1	GT	970
PASS	quadratic	inverse-3-2-3-1	EQ	5920
PASS	quadratic	root-3-2-3-2	EQ	4200
PASS	quadratic	sign-3-2-3-2	GT	899
PASS	quadratic	inverse-3-2-3-2	EQ	5380
PASS	quadratic	root-3-2-3-3	EQ	4550
PASS	quadratic	sign-3-2-3-3	GT	930
PASS	quadratic	inverse-3-2-3-3	EQ	5550
PASS	quadratic	root-5-1--3--3	EQ	6369
PASS	quadratic	sign-5-1--3--3	LT	960
PASS	quadratic	inverse-5-1--3--3	EQ	14269
PASS	quadratic	root-5-1--3--2	EQ	6209
PASS	quadratic	sign-5-1--3--2	LT	990
PASS	quadratic	inverse-5-1--3--2	EQ	7020
PASS	quadratic	root-5-1--3--1	EQ	13569
PASS	quadratic	sign-5-1--3--1	LT	1120
PASS	quadratic	inverse-5-1--3--1	EQ	6620
PASS	quadratic	root-5-1--3-0	EQ	1270
PASS	quadratic	sign-5-1--3-0	LT	480
PASS	quadratic	inverse-5-1--3-0	EQ	1210
PASS	quadratic	root-5-1--3-1	EQ	9729
PASS	quadratic	sign-5-1--3-1	LT	2690
PASS	quadratic	inverse-5-1--3-1	EQ	10339
PASS	quadratic	root-5-1--3-2	EQ	8839
PASS	quadratic	sign-5-1--3-2	GT	1670
PASS	quadratic	inverse-5-1--3-2	EQ	6030
PASS	quadratic	root-5-1--3-3	EQ	10219
PASS	quadratic	sign-5-1--3-3	GT	3419
PASS	quadratic	inverse-5-1--3-3	EQ	10530
PASS	quadratic	root-5-1--2--3	EQ	10190
PASS	quadratic	sign-5-1--2--3	LT	1000
PASS	quadratic	inverse-5-1--2--3	EQ	14099
PASS	quadratic	root-5-1--2--2	EQ	13979
PASS	quadratic	sign-5-1--2--2	LT	1400
PASS	quadratic	inverse-5-1--2--2	EQ	6939
PASS	quadratic	root-5-1--2--1	EQ	6000
PASS	quadratic	sign-5-1--2--1	LT	1010
PASS	quadratic	inverse-5-1--2--1	EQ	4630
PASS	quadratic	root-5-1--2-0	EQ	1340
PASS	quadratic	sign-5-1--2-0	LT	500
PASS	quadratic	inverse-5-1--2-0	EQ	1220
PASS	quadratic	root-5-1--2-1	EQ	6850
PASS	quadratic	sign-5-1--2-1	GT	1470
PASS	quadratic	inverse-5-1--2-1	EQ	4429
PASS	quadratic	root-5-1--2-2	EQ	6890
PASS	quadratic	sign-5-1--2-2	GT	1580
PASS	quadratic	inverse-5-1--2-2	EQ	5060
PASS	quadratic	root-5-1--2-3	EQ	7489
PASS	quadratic	sign-5-1--2-3	GT	1770
PASS	quadratic	inverse-5-1--2-3	EQ	5750
PASS	quadratic	root-5-1--1--3	EQ	5659
PASS	quadratic	sign-5-1--1--3	LT	930
PASS	quadratic	inverse-5-1--1--3	EQ	12289
PASS	quadratic	root-5-1--1--2	EQ	5660
PASS	quadratic	sign-5-1--1--2	LT	970
PASS	quadratic	inverse-5-1--1--2	EQ	5960
PASS	quadratic	root-5-1--1--1	EQ	4869
PASS	quadratic	sign-5-1--1--1	LT	980
PASS	quadratic	inverse-5-1--1--1	EQ	7260
PASS	quadratic	root-5-1--1-0	EQ	1229
PASS	quadratic	sign-5-1--1-0	LT	500
PASS	quadratic	inverse-5-1--1-0	EQ	1160
PASS	quadratic	root-5-1--1-1	EQ	6190
PASS	quadratic	sign-5-1--1-1	GT	1450
PASS	quadratic	inverse-5-1--1-1	EQ	4840
PASS	quadratic	root-5-1--1-2	EQ	6779
PASS	quadratic	sign-5-1--1-2	GT	1680
PASS	quadratic	inverse-5-1--1-2	EQ	5550
PASS	quadratic	root-5-1--1-3	EQ	7189
PASS	quadratic	sign-5-1--1-3	GT	1860
PASS	quadratic	inverse-5-1--1-3	EQ	5599
PASS	quadratic	root-5-1-0--3	EQ	1540
PASS	quadratic	sign-5-1-0--3	LT	710
PASS	quadratic	inverse-5-1-0--3	EQ	2030
PASS	quadratic	root-5-1-0--2	EQ	1380
PASS	quadratic	sign-5-1-0--2	LT	660
PASS	quadratic	inverse-5-1-0--2	EQ	1810
PASS	quadratic	root-5-1-0--1	EQ	1350
PASS	quadratic	sign-5-1-0--1	LT	709
PASS	quadratic	inverse-5-1-0--1	EQ	2180
PASS	quadratic	root-5-1-0-0	EQ	960
PASS	quadratic	sign-5-1-0-0	EQ	470
PASS	quadratic	root-5-1-0-1	EQ	1300
PASS	quadratic	sign-5-1-0-1	GT	680
PASS	quadratic	inverse-5-1-0-1	EQ	1850
PASS	quadratic	root-5-1-0-2	EQ	1290
PASS	quadratic	sign-5-1-0-2	GT	640
PASS	quadratic	inverse-5-1-0-2	EQ	1770
PASS	quadratic	root-5-1-0-3	EQ	1200
PASS	quadratic	sign-5-1-0-3	GT	590
PASS	quadratic	inverse-5-1-0-3	EQ	1800
PASS	quadratic	root-5-1-1--3	EQ	8580
PASS	quadratic	sign-5-1-1--3	LT	1750
PASS	quadratic	inverse-5-1-1--3	EQ	5660
PASS	quadratic	root-5-1-1--2	EQ	8079
PASS	quadratic	sign-5-1-1--2	LT	1770
PASS	quadratic	inverse-5-1-1--2	EQ	5219
PASS	quadratic	root-5-1-1--1	EQ	6940
PASS	quadratic	sign-5-1-1--1	LT	1530
PASS	quadratic	inverse-5-1-1--1	EQ	4280
PASS	quadratic	root-5-1-1-0	EQ	1080
PASS	quadratic	sign-5-1-1-0	GT	480
PASS	quadratic	inverse-5-1-1-0	EQ	1090
PASS	quadratic	root-5-1-1-1	EQ	3869
PASS	quadratic	sign-5-1-1-1	GT	860
PASS	quadratic	inverse-5-1-1-1	EQ	4600
PASS	quadratic	root-5-1-1-2	EQ	4099
PASS	quadratic	sign-5-1-1-2	GT	860
PASS	quadratic	inverse-5-1-1-2	EQ	5290
PASS	quadratic	root-5-1-1-3	EQ	4399
PASS	quadratic	sign-5-1-1-3	GT	860
PASS	quadratic	inverse-5-1-1-3	EQ	5080
PASS	quadratic	root-5-1-2--3	EQ	11169
PASS	quadratic	sign-5-1-2--3	LT	1839
PASS	quadratic	inverse-5-1-2--3	EQ	5990
PASS	quadratic	root-5-1-2--2	EQ	7889
PASS	quadratic	sign-5-1-2--2	LT	1910
PASS	quadratic	inverse-5-1-2--2	EQ	5330
PASS	quadratic	root-5-1-2--1	EQ	7240
PASS	quadratic	sign-5-1-2--1	LT	1640
PASS	quadratic	inverse-5-1-2--1	EQ	4389
PASS	quadratic	root-5-1-2-0	EQ	1130
PASS	quadratic	sign-5-1-2-0	GT	470
PASS	quadratic	inverse-5-1-2-0	EQ	1190
PASS	quadratic	root-5-1-2-1	EQ	3839
PASS	quadratic	sign-5-1-2-1	GT	840
PASS	quadratic	inverse-5-1-2-1	EQ	4330
PASS	quadratic	root-5-1-2-2	EQ	4059
PASS	quadratic	sign-5-1-2-2	GT	920
PASS	quadratic	inverse-5-1-2-2	EQ	5150
PASS	quadratic	root-5-1-2-3	EQ	4389
PASS	quadratic	sign-5-1-2-3	GT	940
PASS	quadratic	inverse-5-1-2-3	EQ	5630
PASS	quadratic	root-5-1-3--3	EQ	7889
PASS	quadratic	sign-5-1-3--3	LT	1860
PASS	quadratic	inverse-5-1-3--3	EQ	5519
PASS	quadratic	root-5-1-3--2	EQ	7850
PASS	quadratic	sign-5-1-3--2	LT	1809
PASS	quadratic	inverse-5-1-3--2	EQ	5510
PASS	quadratic	root-5-1-3--1	EQ	4820
PASS	quadratic	sign-5-1-3--1	GT	1670
PASS	quadratic	inverse-5-1-3--1	EQ	5760
PASS	quadratic	root-5-1-3-0	EQ	1080
PASS	quadratic	sign-5-1-3-0	GT	449
PASS	quadratic	inverse-5-1-3-0	EQ	1120
PASS	quadratic	root-5-1-3-1	EQ	3450
PASS	quadratic	sign-5-1-3-1	GT	850
PASS	quadratic	inverse-5-1-3-1	EQ	5439
PASS	quadratic	root-5-1-3-2	EQ	4300
PASS	quadratic	sign-5-1-3-2	GT	910
PASS	quadratic	inverse-5-1-3-2	EQ	5679
PASS	quadratic	root-5-1-3-3	EQ	4360
PASS	quadratic	sign-5-1-3-3	GT	960
PASS	quadratic	inverse-5-1-3-3	EQ	5459
PASS	quadratic	root-5-2--3--3	EQ	6500
PASS	quadratic	sign-5-2--3--3	LT	1000
PASS	quadratic	inverse-5-2--3--3	EQ	6960
PASS	quadratic	root-5-2--3--2	EQ	8849
PASS	quadratic	sign-5-2--3--2	LT	1820
PASS	quadratic	inverse-5-2--3--2	EQ	6629
PASS	quadratic	root-5-2--3--1	EQ	6660
PASS	quadratic	sign-5-2--3--1	LT	1040
PASS	quadratic	inverse-5-2--3--1	EQ	10110
PASS	quadratic	root-5-2--3-0	EQ	1960
PASS	quadratic	sign-5-2--3-0	LT	750
PASS	quadratic	inverse-5-2--3-0	EQ	1870
PASS	quadratic	root-5-2--3-1	EQ	12799
PASS	quadratic	sign-5-2--3-1	LT	2639
PASS	quadratic	inverse-5-2--3-1	EQ	8580
PASS	quadratic	root-5-2--3-2	EQ	9390
PASS	quadratic	sign-5-2--3-2	GT	2130
PASS	quadratic	inverse-5-2--3-2	EQ	7760
PASS	quadratic	root-5-2--3-3	EQ	10269
PASS	quadratic	sign-5-2--3-3	GT	2680
PASS	quadratic	inverse-5-2--3-3	EQ	8120
PASS	quadratic	root-5-2--2--3	EQ	8759
PASS	quadratic	sign-5-2--2--3	LT	1520
PASS	quadratic	inverse-5-2--2--3	EQ	13019
PASS	quadratic	root-5-2--2--2	EQ	7839
PASS	quadratic	sign-5-2--2--2	LT	1560
PASS	quadratic	inverse-5-2--2--2	EQ	7499
PASS	quadratic	root-5-2--2--1	EQ	7869
PASS	quadratic	sign-5-2--2--1	LT	1640
PASS	quadratic	inverse-5-2--2--1	EQ	8279
PASS	quadratic	root-5-2--2-0	EQ	1970
PASS	quadratic	sign-5-2--2-0	LT	860
PASS	quadratic	inverse-5-2--2-0	EQ	1810
PASS	quadratic	root-5-2--2-1	EQ	11049
PASS	quadratic	sign-5-2--2-1	GT	2710
PASS	quadratic	inverse-5-2--2-1	EQ	7729
PASS	quadratic	root-5-2--2-2	EQ	9150
PASS	quadratic	sign-5-2--2-2	GT	2110
PASS	quadratic	inverse-5-2--2-2	EQ	6680
PASS	quadratic	root-5-2--2-3	EQ	10689
PASS	quadratic	sign-5-2--2-3	GT	3069
PASS	quadratic	inverse-5-2--2-3	EQ	8210
PASS	quadratic	root-5-2--1--3	EQ	8549
PASS	quadratic	sign-5-2--1--3	LT	1410
PASS	quadratic	inverse-5-2--1--3	EQ	9199
PASS	quadratic	root-5-2--1--2	EQ	7589
PASS	quadratic	sign-5-2--1--2	LT	1620
PASS	quadratic	inverse-5-2--1--2	EQ	9050
PASS	quadratic	root-5-2--1--1	EQ	8550
PASS	quadratic	sign-5-2--1--1	LT	1530
PASS	quadratic	inverse-5-2--1--1	EQ	8590
PASS	quadratic	root-5-2--1-0	EQ	1840
PASS	quadratic	sign-5-2--1-0	LT	750
PASS	quadratic	inverse-5-2--1-0	EQ	1790
PASS	quadratic	root-5-2--1-1	EQ	10659
PASS	quadratic	sign-5-2--1-1	GT	2600
PASS	quadratic	inverse-5-2--1-1	EQ	8559
PASS	quadratic	root-5-2--1-2	EQ	8379
PASS	quadratic	sign-5-2--1-2	GT	2210
PASS	quadratic	inverse-5-2--1-2	EQ	7449
PASS	quadratic	root-5-2--1-3	EQ	9760
PASS	quadratic	sign-5-2--1-3	GT	2550
PASS	quadratic	inverse-5-2--1-3	EQ	12419
PASS	quadratic	root-5-2-0--3	EQ	2670
PASS	quadratic	sign-5-2-0--3	LT	1050
PASS	quadratic	inverse-5-2-0--3	EQ	2920
PASS	quadratic	root-5-2-0--2	EQ	2430
PASS	quadratic	sign-5-2-0--2	LT	1180
PASS	quadratic	inverse-5-2-0--2	EQ	2989
PASS	quadratic	root-5-2-0--1	EQ	2220
PASS	quadratic	sign-5-2-0--1	LT	1190
PASS	quadratic	inverse-5-2-0--1	EQ	2899
PASS	quadratic	root-5-2-0-0	EQ	1440
PASS	quadratic	sign-5-2-0-0	EQ	720
PASS	quadratic	root-5-2-0-1	EQ	2050
PASS	quadratic	sign-5-2-0-1	GT	1070
PASS	quadratic	inverse-5-2-0-1	EQ	2980
PASS	quadratic	root-5-2-0-2	EQ	2180
PASS	quadratic	sign-5-2-0-2	GT	1070
PASS	quadratic	inverse-5-2-0-2	EQ	2629
PASS	quadratic	root-5-2-0-3	EQ	2030
PASS	quadratic	sign-5-2-0-3	GT	1000
PASS	quadratic	inverse-5-2-0-3	EQ	2660
PASS	quadratic	root-5-2-1--3	EQ	11850
PASS	quadratic	sign-5-2-1--3	LT	2930
PASS	quadratic	inverse-5-2-1--3	EQ	8039
PASS	quadratic	root-5-2-1--2	EQ	9860
PASS	quadratic	sign-5-2-1--2	LT	2520
PASS	quadratic	inverse-5-2-1--2	EQ	7790
PASS	quadratic	root-5-2-1--1	EQ	11860
PASS	quadratic	sign-5-2-1--1	LT	2880
PASS	quadratic	inverse-5-2-1--1	EQ	8709
PASS	quadratic	root-5-2-1-0	EQ	1670
PASS	quadratic	sign-5-2-1-0	GT	760
PASS	quadratic	inverse-5-2-1-0	EQ	1740
PASS	quadratic	root-5-2-1-1	EQ	6719
PASS	quadratic	sign-5-2-1-1	GT	1490
PASS	quadratic	inverse-5-2-1-1	EQ	8899
PASS	quadratic	root-5-2-1-2	EQ	5300
PASS	quadratic	sign-5-2-1-2	GT	1430
PASS	quadratic	inverse-5-2-1-2	EQ	8140
PASS	quadratic	root-5-2-1-3	EQ	6330
PASS	quadratic	sign-5-2-1-3	GT	1450
PASS	quadratic	inverse-5-2-1-3	EQ	9029
PASS	quadratic	root-5-2-2--3	EQ	12899
PASS	quadratic	sign-5-2-2--3	LT	2890
PASS	quadratic	inverse-5-2-2--3	EQ	9260
PASS	quadratic	root-5-2-2--2	EQ	11719
PASS	quadratic	sign-5-2-2--2	LT	1660
PASS	quadratic	inverse-5-2-2--2	EQ	5280
PASS	quadratic	root-5-2-2--1	EQ	8319
PASS	quadratic	sign-5-2-2--1	LT	1880
PASS	quadratic	inverse-5-2-2--1	EQ	5210
PASS	quadratic	root-5-2-2-0	EQ	1199
PASS	quadratic	sign-5-2-2-0	GT	520
PASS	quadratic	inverse-5-2-2-0	EQ	1230
PASS	quadratic	root-5-2-2-1	EQ	4550
PASS	quadratic	sign-5-2-2-1	GT	980
PASS	quadratic	inverse-5-2-2-1	EQ	5070
PASS	quadratic	root-5-2-2-2	EQ	3980
PASS	quadratic	sign-5-2-2-2	GT	869
PASS	quadratic	inverse-5-2-2-2	EQ	5160
PASS	quadratic	root-5-2-2-3	EQ	4810
PASS	quadratic	sign-5-2-2-3	GT	980
PASS	quadratic	inverse-5-2-2-3	EQ	5750
PASS	quadratic	root-5-2-3--3	EQ	8079
PASS	quadratic	sign-5-2-3--3	LT	1710
PASS	quadratic	inverse-5-2-3--3	EQ	5419
PASS	quadratic	root-5-2-3--2	EQ	7150
PASS	quadratic	sign-5-2-3--2	LT	1760
PASS	quadratic	inverse-5-2-3--2	EQ	5379
PASS	quadratic	root-5-2-3--1	EQ	4880
PASS	quadratic	sign-5-2-3--1	GT	1979
PASS	quadratic	inverse-5-2-3--1	EQ	6090
PASS	quadratic	root-5-2-3-0	EQ	1160
PASS	quadratic	sign-5-2-3-0	GT	470
PASS	quadratic	inverse-5-2-3-0	EQ	1160
PASS	quadratic	root-5-2-3-1	EQ	3880
PASS	quadratic	sign-5-2-3-1	GT	1000
PASS	quadratic	inverse-5-2-3-1	EQ	6080
PASS	quadratic	root-5-2-3-2	EQ	4330
PASS	quadratic	sign-5-2-3-2	GT	900
PASS	quadratic	inverse-5-2-3-2	EQ	5390
PASS	quadratic	root-5-2-3-3	EQ	4259
PASS	quadratic	sign-5-2-3-3	GT	890
PASS	quadratic	inverse-5-2-3-3	EQ	5530
PASS	quadratic	root-7-1--3--3	EQ	9539
PASS	quadratic	sign-7-1--3--3	LT	1080
PASS	quadratic	inverse-7-1--3--3	EQ	10089
PASS	quadratic	root-7-1--3--2	EQ	6159
PASS	quadratic	sign-7-1--3--2	LT	970
PASS	quadratic	inverse-7-1--3--2	EQ	5960
PASS	quadratic	root-7-1--3--1	EQ	5649
PASS	quadratic	sign-7-1--3--1	LT	1030
PASS	quadratic	inverse-7-1--3--1	EQ	5430
PASS	quadratic	root-7-1--3-0	EQ	1200
PASS	quadratic	sign-7-1--3-0	LT	470
PASS	quadratic	inverse-7-1--3-0	EQ	1140
PASS	quadratic	root-7-1--3-1	EQ	7809
PASS	quadratic	sign-7-1--3-1	LT	1560
PASS	quadratic	inverse-7-1--3-1	EQ	5420
PASS	quadratic	root-7-1--3-2	EQ	7679
PASS	quadratic	sign-7-1--3-2	GT	1760
PASS	quadratic	inverse-7-1--3-2	EQ	5699
PASS	quadratic	root-7-1--3-3	EQ	9890
PASS	quadratic	sign-7-1--3-3	GT	1930
PASS	quadratic	inverse-7-1--3-3	EQ	5810
PASS	quadratic	root-7-1--2--3	EQ	5709
PASS	quadratic	sign-7-1--2--3	LT	970
PASS	quadratic	inverse-7-1--2--3	EQ	11459
PASS	quadratic	root-7-1--2--2	EQ	5830
PASS	quadratic	sign-7-1--2--2	LT	1029
PASS	quadratic	inverse-7-1--2--2	EQ	5950
PASS	quadratic	root-7-1--2--1	EQ	4870
PASS	quadratic	sign-7-1--2--1	LT	980
PASS	quadratic	inverse-7-1--2--1	EQ	4880
PASS	quadratic	root-7-1--2-0	EQ	1180
PASS	quadratic	sign-7-1--2-0	LT	460
PASS	quadratic	inverse-7-1--2-0	EQ	1150
PASS	quadratic	root-7-1--2-1	EQ	6290
PASS	quadratic	sign-7-1--2-1	GT	1480
PASS	quadratic	inverse-7-1--2-1	EQ	5099
PASS	quadratic	root-7-1--2-2	EQ	6710
PASS	quadratic	sign-7-1--2-2	GT	1650
PASS	quadratic	inverse-7-1--2-2	EQ	5400
PASS	quadratic	root-7-1--2-3	EQ	7029
PASS	quadratic	sign-7-1--2-3	GT	1760
PASS	quadratic	inverse-7-1--2-3	EQ	5340
PASS	quadratic	root-7-1--1--3	EQ	7980
PASS	quadratic	sign-7-1--1--3	LT	940
PASS	quadratic	inverse-7-1--1--3	EQ	12859
PASS	quadratic	root-7-1--1--2	EQ	5649
PASS	quadratic	sign-7-1--1--2	LT	1000
PASS	quadratic	inverse-7-1--1--2	EQ	6339
PASS	quadratic	root-7-1--1--1	EQ	4720
PASS	quadratic	sign-7-1--1--1	LT	960
PASS	quadratic	inverse-7-1--1--1	EQ	4819
PASS	quadratic	root-7-1--1-0	EQ	1200
PASS	quadratic	sign-7-1--1-0	LT	500
PASS	quadratic	inverse-7-1--1-0	EQ	1160
PASS	quadratic	root-7-1--1-1	EQ	5979
PASS	quadratic	sign-7-1--1-1	GT	1380
PASS	quadratic	inverse-7-1--1-1	EQ	4590
PASS	quadratic	root-7-1--1-2	EQ	6809
PASS	quadratic	sign-7-1--1-2	GT	1630
PASS	quadratic	inverse-7-1--1-2	EQ	10749
PASS	quadratic	root-7-1--1-3	EQ	7609
PASS	quadratic	sign-7-1--1-3	GT	1870
PASS	quadratic	inverse-7-1--1-3	EQ	5800
PASS	quadratic	root-7-1-0--3	EQ	1510
PASS	quadratic	sign-7-1-0--3	LT	740
PASS	quadratic	inverse-7-1-0--3	EQ	1990
PASS	quadratic	root-7-1-0--2	EQ	1310
PASS	quadratic	sign-7-1-0--2	LT	670
PASS	quadratic	inverse-7-1-0--2	EQ	1550
PASS	quadratic	root-7-1-0--1	EQ	1440
PASS	quadratic	sign-7-1-0--1	LT	740
PASS	quadratic	inverse-7-1-0--1	EQ	1920
PASS	quadratic	root-7-1-0-0	EQ	970
PASS	quadratic	sign-7-1-0-0	EQ	469
PASS	quadratic	root-7-1-0-1	EQ	1300
PASS	quadratic	sign-7-1-0-1	GT	690
PASS	quadratic	inverse-7-1-0-1	EQ	1700
PASS	quadratic	root-7-1-0-2	EQ	1280
PASS	quadratic	sign-7-1-0-2	GT	610
PASS	quadratic	inverse-7-1-0-2	EQ	1670
PASS	quadratic	root-7-1-0-3	EQ	1220
PASS	quadratic	sign-7-1-0-3	GT	590
PASS	quadratic	inverse-7-1-0-3	EQ	1700
PASS	quadratic	root-7-1-1--3	EQ	11189
PASS	quadratic	sign-7-1-1--3	LT	1830
PASS	quadratic	inverse-7-1-1--3	EQ	5769
PASS	quadratic	root-7-1-1--2	EQ	8089
PASS	quadratic	sign-7-1-1--2	LT	1780
PASS	quadratic	inverse-7-1-1--2	EQ	5340
PASS	quadratic	root-7-1-1--1	EQ	6859
PASS	quadratic	sign-7-1-1--1	LT	1570
PASS	quadratic	inverse-7-1-1--1	EQ	4470
PASS	quadratic	root-7-1-1-0	EQ	1130
PASS	quadratic	sign-7-1-1-0	GT	490
PASS	quadratic	inverse-7-1-1-0	EQ	1120
PASS	quadratic	root-7-1-1-1	EQ	4020
PASS	quadratic	sign-7-1-1-1	GT	869
PASS	quadratic	inverse-7-1-1-1	EQ	4740
PASS	quadratic	root-7-1-1-2	EQ	4120
PASS	quadratic	sign-7-1-1-2	GT	939
PASS	quadratic	inverse-7-1-1-2	EQ	5800
PASS	quadratic	root-7-1-1-3	EQ	4559
PASS	quadratic	sign-7-1-1-3	GT	920
PASS	quadratic	inverse-7-1-1-3	EQ	5410
PASS	quadratic	root-7-1-2--3	EQ	8450
PASS	quadratic	sign-7-1-2--3	LT	1940
PASS	quadratic	inverse-7-1-2--3	EQ	5839
PASS	quadratic	root-7-1-2--2	EQ	7790
PASS	quadratic	sign-7-1-2--2	LT	1800
PASS	quadratic	inverse-7-1-2--2	EQ	5390
PASS	quadratic	root-7-1-2--1	EQ	6959
PASS	quadratic	sign-7-1-2--1	LT	1630
PASS	quadratic	inverse-7-1-2--1	EQ	4690
PASS	quadratic	root-7-1-2-0	EQ	1110
PASS	quadratic	sign-7-1-2-0	GT	460
PASS	quadratic	inverse-7-1-2-0	EQ	1210
PASS	quadratic	root-7-1-2-1	EQ	3750
PASS	quadratic	sign-7-1-2-1	GT	870
PASS	quadratic	inverse-7-1-2-1	EQ	4820
PASS	quadratic	root-7-1-2-2	EQ	3940
PASS	quadratic	sign-7-1-2-2	GT	870
PASS	quadratic	inverse-7-1-2-2	EQ	5300
PASS	quadratic	root-7-1-2-3	EQ	4430
PASS	quadratic	sign-7-1-2-3	GT	889
PASS	quadratic	inverse-7-1-2-3	EQ	5270
PASS	quadratic	root-7-1-3--3	EQ	7949
PASS	quadratic	sign-7-1-3--3	LT	1890
PASS	quadratic	inverse-7-1-3--3	EQ	5280
PASS	quadratic	root-7-1-3--2	EQ	7640
PASS	quadratic	sign-7-1-3--2	LT	1860
PASS	quadratic	inverse-7-1-3--2	EQ	5269
PASS	quadratic	root-7-1-3--1	EQ	4680
PASS	quadratic	sign-7-1-3--1	GT	1690
PASS	quadratic	inverse-7-1-3--1	EQ	5450
PASS	quadratic	root-7-1-3-0	EQ	1050
PASS	quadratic	sign-7-1-3-0	GT	460
PASS	quadratic	inverse-7-1-3-0	EQ	1140
PASS	quadratic	root-7-1-3-1	EQ	3459
PASS	quadratic	sign-7-1-3-1	GT	840
PASS	quadratic	inverse-7-1-3-1	EQ	5110
PASS	quadratic	root-7-1-3-2	EQ	4069
PASS	quadratic	sign-7-1-3-2	GT	880
PASS	quadratic	inverse-7-1-3-2	EQ	5300
PASS	quadratic	root-7-1-3-3	EQ	4150
PASS	quadratic	sign-7-1-3-3	GT	910
PASS	quadratic	inverse-7-1-3-3	EQ	5530
PASS	quadratic	root-7-2--3--3	EQ	6410
PASS	quadratic	sign-7-2--3--3	LT	940
PASS	quadratic	inverse-7-2--3--3	EQ	6159
PASS	quadratic	root-7-2--3--2	EQ	5520
PASS	quadratic	sign-7-2--3--2	LT	1110
PASS	quadratic	inverse-7-2--3--2	EQ	5720
PASS	quadratic	root-7-2--3--1	EQ	6529
PASS	quadratic	sign-7-2--3--1	LT	1020
PASS	quadratic	inverse-7-2--3--1	EQ	6370
PASS	quadratic	root-7-2--3-0	EQ	1170
PASS	quadratic	sign-7-2--3-0	LT	480
PASS	quadratic	inverse-7-2--3-0	EQ	1170
PASS	quadratic	root-7-2--3-1	EQ	9159
PASS	quadratic	sign-7-2--3-1	LT	1890
PASS	quadratic	inverse-7-2--3-1	EQ	8670
PASS	quadratic	root-7-2--3-2	EQ	6940
PASS	quadratic	sign-7-2--3-2	GT	1400
PASS	quadratic	inverse-7-2--3-2	EQ	5149
PASS	quadratic	root-7-2--3-3	EQ	7630
PASS	quadratic	sign-7-2--3-3	GT	1750
PASS	quadratic	inverse-7-2--3-3	EQ	5420
PASS	quadratic	root-7-2--2--3	EQ	5899
PASS	quadratic	sign-7-2--2--3	LT	1040
PASS	quadratic	inverse-7-2--2--3	EQ	6510
PASS	quadratic	root-7-2--2--2	EQ	5210
PASS	quadratic	sign-7-2--2--2	LT	1080
PASS	quadratic	inverse-7-2--2--2	EQ	5579
PASS	quadratic	root-7-2--2--1	EQ	5560
PASS	quadratic	sign-7-2--2--1	LT	1140
PASS	quadratic	inverse-7-2--2--1	EQ	5809
PASS	quadratic	root-7-2--2-0	EQ	1240
PASS	quadratic	sign-7-2--2-0	LT	490
PASS	quadratic	inverse-7-2--2-0	EQ	1190
PASS	quadratic	root-7-2--2-1	EQ	7189
PASS	quadratic	sign-7-2--2-1	GT	1880
PASS	quadratic	inverse-7-2--2-1	EQ	5829
PASS	quadratic	root-7-2--2-2	EQ	6230
PASS	quadratic	sign-7-2--2-2	GT	1400
PASS	quadratic	inverse-7-2--2-2	EQ	4980
PASS	quadratic	root-7-2--2-3	EQ	7309
PASS	quadratic	sign-7-2--2-3	GT	1780
PASS	quadratic	inverse-7-2--2-3	EQ	5490
PASS	quadratic	root-7-2--1--3	EQ	5739
PASS	quadratic	sign-7-2--1--3	LT	950
PASS	quadratic	inverse-7-2--1--3	EQ	12389
PASS	quadratic	root-7-2--1--2	EQ	5430
PASS	quadratic	sign-7-2--1--2	LT	1070
PASS	quadratic	inverse-7-2--1--2	EQ	5890
PASS	quadratic	root-7-2--1--1	EQ	5849
PASS	quadratic	sign-7-2--1--1	LT	1060
PASS	quadratic	inverse-7-2--1--1	EQ	5640
PASS	quadratic	root-7-2--1-0	EQ	1239
PASS	quadratic	sign-7-2--1-0	LT	470
PASS	quadratic	inverse-7-2--1-0	EQ	1220
PASS	quadratic	root-7-2--1-1	EQ	7520
PASS	quadratic	sign-7-2--1-1	GT	1670
PASS	quadratic	inverse-7-2--1-1	EQ	8070
PASS	quadratic	root-7-2--1-2	EQ	5909
PASS	quadratic	sign-7-2--1-2	GT	1400
PASS	quadratic	inverse-7-2--1-2	EQ	5039
PASS	quadratic	root-7-2--1-3	EQ	7110
PASS	quadratic	sign-7-2--1-3	GT	1620
PASS	quadratic	inverse-7-2--1-3	EQ	5800
PASS	quadratic	root-7-2-0--3	EQ	1560
PASS	quadratic	sign-7-2-0--3	LT	680
PASS	quadratic	inverse-7-2-0--3	EQ	1900
PASS	quadratic	root-7-2-0--2	EQ	1540
PASS	quadratic	sign-7-2-0--2	LT	800
PASS	quadratic	inverse-7-2-0--2	EQ	1850
PASS	quadratic	root-7-2-0--1	EQ	1380
PASS	quadratic	sign-7-2-0--1	LT	680
PASS	quadratic	inverse-7-2-0--1	EQ	1610
PASS	quadratic	root-7-2-0-0	EQ	940
PASS	quadratic	sign-7-2-0-0	EQ	500
PASS	quadratic	root-7-2-0-1	EQ	1350
PASS	quadratic	sign-7-2-0-1	GT	700
PASS	quadratic	inverse-7-2-0-1	EQ	1940
PASS	quadratic	root-7-2-0-2	EQ	1430
PASS	quadratic	sign-7-2-0-2	GT	740
PASS	quadratic	inverse-7-2-0-2	EQ	1610
PASS	quadratic	root-7-2-0-3	EQ	1290
PASS	quadratic	sign-7-2-0-3	GT	650
PASS	quadratic	inverse-7-2-0-3	EQ	1770
PASS	quadratic	root-7-2-1--3	EQ	8029
PASS	quadratic	sign-7-2-1--3	LT	1730
PASS	quadratic	inverse-7-2-1--3	EQ	5590
PASS	quadratic	root-7-2-1--2	EQ	6640
PASS	quadratic	sign-7-2-1--2	LT	1750
PASS	quadratic	inverse-7-2-1--2	EQ	5179
PASS	quadratic	root-7-2-1--1	EQ	8340
PASS	quadratic	sign-7-2-1--1	LT	1940
PASS	quadratic	inverse-7-2-1--1	EQ	5400
PASS	quadratic	root-7-2-1-0	EQ	1140
PASS	quadratic	sign-7-2-1-0	GT	470
PASS	quadratic	inverse-7-2-1-0	EQ	1280
PASS	quadratic	root-7-2-1-1	EQ	4690
PASS	quadratic	sign-7-2-1-1	GT	990
PASS	quadratic	inverse-7-2-1-1	EQ	5769
PASS	quadratic	root-7-2-1-2	EQ	3680
PASS	quadratic	sign-7-2-1-2	GT	910
PASS	quadratic	inverse-7-2-1-2	EQ	5199
PASS	quadratic	root-7-2-1-3	EQ	4520
PASS	quadratic	sign-7-2-1-3	GT	930
PASS	quadratic	inverse-7-2-1-3	EQ	5700
PASS	quadratic	root-7-2-2--3	EQ	8349
PASS	quadratic	sign-7-2-2--3	LT	1730
PASS	quadratic	inverse-7-2-2--3	EQ	5470
PASS	quadratic	root-7-2-2--2	EQ	7019
PASS	quadratic	sign-7-2-2--2	LT	6480
PASS	quadratic	inverse-7-2-2--2	EQ	5510
PASS	quadratic	root-7-2-2--1	EQ	8389
PASS	quadratic	sign-7-2-2--1	LT	1890
PASS	quadratic	inverse-7-2-2--1	EQ	5549
PASS	quadratic	root-7-2-2-0	EQ	1160
PASS	quadratic	sign-7-2-2-0	GT	530
PASS	quadratic	inverse-7-2-2-0	EQ	1250
PASS	quadratic	root-7-2-2-1	EQ	4310
PASS	quadratic	sign-7-2-2-1	GT	960
PASS	quadratic	inverse-7-2-2-1	EQ	6000
PASS	quadratic	root-7-2-2-2	EQ	4059
PASS	quadratic	sign-7-2-2-2	GT	890
PASS	quadratic	inverse-7-2-2-2	EQ	5530
PASS	quadratic	root-7-2-2-3	EQ	4809
PASS	quadratic	sign-7-2-2-3	GT	1020
PASS	quadratic	inverse-7-2-2-3	EQ	8979
PASS	quadratic	root-7-2-3--3	EQ	8480
PASS	quadratic	sign-7-2-3--3	LT	1829
PASS	quadratic	inverse-7-2-3--3	EQ	5600
PASS	quadratic	root-7-2-3--2	EQ	7529
PASS	quadratic	sign-7-2-3--2	LT	1850
PASS	quadratic	inverse-7-2-3--2	EQ	5270
PASS	quadratic	root-7-2-3--1	EQ	5349
PASS	quadratic	sign-7-2-3--1	GT	2220
PASS	quadratic	inverse-7-2-3--1	EQ	6379
PASS	quadratic	root-7-2-3-0	EQ	1170
PASS	quadratic	sign-7-2-3-0	GT	500
PASS	quadratic	inverse-7-2-3-0	EQ	1170
PASS	quadratic	root-7-2-3-1	EQ	4059
PASS	quadratic	sign-7-2-3-1	GT	980
PASS	quadratic	inverse-7-2-3-1	EQ	6070
PASS	quadratic	root-7-2-3-2	EQ	4239
PASS	quadratic	sign-7-2-3-2	GT	910
PASS	quadratic	inverse-7-2-3-2	EQ	5560
PASS	quadratic	root-7-2-3-3	EQ	4609
PASS	quadratic	sign-7-2-3-3	GT	900
PASS	quadratic	inverse-7-2-3-3	EQ	5720
PASS	tower-1	expanded--3--1	EQ	5640
PASS	tower-1	inverse--3--1	EQ	5839
PASS	tower-1	expanded--3-1	EQ	7560
PASS	tower-1	inverse--3-1	EQ	5589
PASS	tower-1	expanded--2--1	EQ	4970
PASS	tower-1	inverse--2--1	EQ	5029
PASS	tower-1	expanded--2-1	EQ	7080
PASS	tower-1	inverse--2-1	EQ	5249
PASS	tower-1	expanded--1--1	EQ	4990
PASS	tower-1	inverse--1--1	EQ	4469
PASS	tower-1	expanded--1-1	EQ	6190
PASS	tower-1	inverse--1-1	EQ	4279
PASS	tower-1	expanded-0--1	EQ	1550
PASS	tower-1	inverse-0--1	EQ	2340
PASS	tower-1	expanded-0-1	EQ	1250
PASS	tower-1	inverse-0-1	EQ	1940
PASS	tower-1	expanded-1--1	EQ	7050
PASS	tower-1	inverse-1--1	EQ	4310
PASS	tower-1	expanded-1-1	EQ	3670
PASS	tower-1	inverse-1-1	EQ	4010
PASS	tower-1	expanded-2--1	EQ	4779
PASS	tower-1	inverse-2--1	EQ	5360
PASS	tower-1	expanded-2-1	EQ	3230
PASS	tower-1	inverse-2-1	EQ	5230
PASS	tower-1	expanded-3--1	EQ	4830
PASS	tower-1	inverse-3--1	EQ	5460
PASS	tower-1	expanded-3-1	EQ	3480
PASS	tower-1	inverse-3-1	EQ	5159
PASS	tower-2	expanded--3--1	EQ	52086
PASS	tower-2	inverse--3--1	EQ	36008
PASS	tower-2	expanded--3-1	EQ	26998
PASS	tower-2	inverse--3-1	EQ	32477
PASS	tower-2	expanded--2--1	EQ	23958
PASS	tower-2	inverse--2--1	EQ	24859
PASS	tower-2	expanded--2-1	EQ	24479
PASS	tower-2	inverse--2-1	EQ	25688
PASS	tower-2	expanded--1--1	EQ	22998
PASS	tower-2	inverse--1--1	EQ	24948
PASS	tower-2	expanded--1-1	EQ	24628
PASS	tower-2	inverse--1-1	EQ	24499
PASS	tower-2	expanded-0--1	EQ	5240
PASS	tower-2	inverse-0--1	EQ	18669
PASS	tower-2	expanded-0-1	EQ	4750
PASS	tower-2	inverse-0-1	EQ	17279
PASS	tower-2	expanded-1--1	EQ	24568
PASS	tower-2	inverse-1--1	EQ	24768
PASS	tower-2	expanded-1-1	EQ	22479
PASS	tower-2	inverse-1-1	EQ	23619
PASS	tower-2	expanded-2--1	EQ	24088
PASS	tower-2	inverse-2--1	EQ	24658
PASS	tower-2	expanded-2-1	EQ	21518
PASS	tower-2	inverse-2-1	EQ	24438
PASS	tower-2	expanded-3--1	EQ	25368
PASS	tower-2	inverse-3--1	EQ	28708
PASS	tower-2	expanded-3-1	EQ	22118
PASS	tower-2	inverse-3-1	EQ	26728
PASS	tower-3	expanded--3--1	EQ	41057
PASS	tower-3	inverse--3--1	EQ	75825
PASS	tower-3	expanded--3-1	EQ	38757
PASS	tower-3	inverse--3-1	EQ	74775
PASS	tower-3	expanded--2--1	EQ	36597
PASS	tower-3	inverse--2--1	EQ	57676
PASS	tower-3	expanded--2-1	EQ	36677
PASS	tower-3	inverse--2-1	EQ	58736
PASS	tower-3	expanded--1--1	EQ	37027
PASS	tower-3	inverse--1--1	EQ	57836
PASS	tower-3	expanded--1-1	EQ	36548
PASS	tower-3	inverse--1-1	EQ	56287
PASS	tower-3	expanded-0--1	EQ	8060
PASS	tower-3	inverse-0--1	EQ	37677
PASS	tower-3	expanded-0-1	EQ	7260
PASS	tower-3	inverse-0-1	EQ	36658
PASS	tower-3	expanded-1--1	EQ	37627
PASS	tower-3	inverse-1--1	EQ	55826
PASS	tower-3	expanded-1-1	EQ	40757
PASS	tower-3	inverse-1-1	EQ	58796
PASS	tower-3	expanded-2--1	EQ	37777
PASS	tower-3	inverse-2--1	EQ	56196
PASS	tower-3	expanded-2-1	EQ	34737
PASS	tower-3	inverse-2-1	EQ	54787
PASS	tower-3	expanded-3--1	EQ	38358
PASS	tower-3	inverse-3--1	EQ	68855
PASS	tower-3	expanded-3-1	EQ	34787
PASS	tower-3	inverse-3-1	EQ	67786
PASS	tower-4	expanded--3--1	EQ	68526
PASS	tower-4	inverse--3--1	EQ	258403
PASS	tower-4	expanded--3-1	EQ	73285
PASS	tower-4	inverse--3-1	EQ	245373
PASS	tower-4	expanded--2--1	EQ	67095
PASS	tower-4	inverse--2--1	EQ	157349
PASS	tower-4	expanded--2-1	EQ	66116
PASS	tower-4	inverse--2-1	EQ	158620
PASS	tower-4	expanded--1--1	EQ	63296
PASS	tower-4	inverse--1--1	EQ	160419
PASS	tower-4	expanded--1-1	EQ	64975
PASS	tower-4	inverse--1-1	EQ	160099
PASS	tower-4	expanded-0--1	EQ	10949
PASS	tower-4	inverse-0--1	EQ	114072
PASS	tower-4	expanded-0-1	EQ	9719
PASS	tower-4	inverse-0-1	EQ	111842
PASS	tower-4	expanded-1--1	EQ	66565
PASS	tower-4	inverse-1--1	EQ	157050
PASS	tower-4	expanded-1-1	EQ	62276
PASS	tower-4	inverse-1-1	EQ	156939
PASS	tower-4	expanded-2--1	EQ	66505
PASS	tower-4	inverse-2--1	EQ	178438
PASS	tower-4	expanded-2-1	EQ	70566
PASS	tower-4	inverse-2-1	EQ	157200
PASS	tower-4	expanded-3--1	EQ	68916
PASS	tower-4	inverse-3--1	EQ	249002
PASS	tower-4	expanded-3-1	EQ	72845
PASS	tower-4	inverse-3-1	EQ	250133
PASS	tower-5	expanded--3--1	EQ	141980
UNKNOWN	tower-5	inverse--3--1	UNKNOWN	416432
PASS	tower-5	expanded--3-1	EQ	138840
UNKNOWN	tower-5	inverse--3-1	UNKNOWN	413431
PASS	tower-5	expanded--2--1	EQ	138441
UNKNOWN	tower-5	inverse--2--1	UNKNOWN	414512
PASS	tower-5	expanded--2-1	EQ	145700
UNKNOWN	tower-5	inverse--2-1	UNKNOWN	466558
PASS	tower-5	expanded--1--1	EQ	117002
UNKNOWN	tower-5	inverse--1--1	UNKNOWN	528653
PASS	tower-5	expanded--1-1	EQ	188017
UNKNOWN	tower-5	inverse--1-1	UNKNOWN	606188
PASS	tower-5	expanded-0--1	EQ	15249
UNKNOWN	tower-5	inverse-0--1	UNKNOWN	395643
PASS	tower-5	expanded-0-1	EQ	14019
UNKNOWN	tower-5	inverse-0-1	UNKNOWN	381824
PASS	tower-5	expanded-1--1	EQ	111403
UNKNOWN	tower-5	inverse-1--1	UNKNOWN	416132
PASS	tower-5	expanded-1-1	EQ	169619
UNKNOWN	tower-5	inverse-1-1	UNKNOWN	616758
PASS	tower-5	expanded-2--1	EQ	173518
UNKNOWN	tower-5	inverse-2--1	UNKNOWN	441580
PASS	tower-5	expanded-2-1	EQ	153030
UNKNOWN	tower-5	inverse-2-1	UNKNOWN	415331
PASS	tower-5	expanded-3--1	EQ	140830
UNKNOWN	tower-5	inverse-3--1	UNKNOWN	444349
PASS	tower-5	expanded-3-1	EQ	152539
UNKNOWN	tower-5	inverse-3-1	UNKNOWN	422831
PASS	independent	surd-2-3--1--1	EQ	20199
PASS	independent	surd-2-3--1-1	EQ	9369
PASS	independent	surd-2-3-1--1	EQ	14689
PASS	independent	surd-2-3-1-1	EQ	4519
PASS	independent	surd-2-5--1--1	EQ	17699
PASS	independent	surd-2-5--1-1	EQ	12409
PASS	independent	surd-2-5-1--1	EQ	18008
PASS	independent	surd-2-5-1-1	EQ	4200
PASS	independent	surd-3-7--1--1	EQ	12439
PASS	independent	surd-3-7--1-1	EQ	6499
PASS	independent	surd-3-7-1--1	EQ	13179
PASS	independent	surd-3-7-1-1	EQ	3940
PASS	independent	surd-5-7--1--1	EQ	12369
PASS	independent	surd-5-7--1-1	EQ	6189
PASS	independent	surd-5-7-1--1	EQ	13479
PASS	independent	surd-5-7-1-1	EQ	3800
SUMMARY	1310	14	0	1324
