PASS	tower-5	expanded--3--1	EQ	278331
PASS	tower-5	inverse--3--1	EQ	1098635
PASS	tower-5	expanded--3-1	EQ	176078
PASS	tower-5	inverse--3-1	EQ	967184
PASS	tower-5	expanded--2--1	EQ	165589
PASS	tower-5	inverse--2--1	EQ	650485
PASS	tower-5	expanded--2-1	EQ	145230
PASS	tower-5	inverse--2-1	EQ	534164
PASS	tower-5	expanded--1--1	EQ	110353
PASS	tower-5	inverse--1--1	EQ	540352
PASS	tower-5	expanded--1-1	EQ	111992
PASS	tower-5	inverse--1-1	EQ	527944
PASS	tower-5	expanded-0--1	EQ	15098
PASS	tower-5	inverse-0--1	EQ	384524
PASS	tower-5	expanded-0-1	EQ	13729
PASS	tower-5	inverse-0-1	EQ	377464
PASS	tower-5	expanded-1--1	EQ	115972
PASS	tower-5	inverse-1--1	EQ	523834
PASS	tower-5	expanded-1-1	EQ	107663
PASS	tower-5	inverse-1-1	EQ	537234
PASS	tower-5	expanded-2--1	EQ	143620
PASS	tower-5	inverse-2--1	EQ	529164
PASS	tower-5	expanded-2-1	EQ	138151
PASS	tower-5	inverse-2-1	EQ	529353
PASS	tower-5	expanded-3--1	EQ	137141
PASS	tower-5	inverse-3--1	EQ	797856
PASS	tower-5	expanded-3-1	EQ	140441
PASS	tower-5	inverse-3-1	EQ	833423
SUMMARY	28	0	0	28
