   Compiling ppv-lite86 v0.2.21
   Compiling ahash v0.8.12
   Compiling libmimalloc-sys v0.1.47
   Compiling anyhow v1.0.102
   Compiling num-bigint v0.4.6
   Compiling rand_chacha v0.9.0
   Compiling itertools v0.14.0
   Compiling rand v0.9.4
   Compiling smartstring v1.0.1
   Compiling half v2.7.1
   Compiling tracing-attributes v0.1.31
   Compiling lazy_static v1.5.0
   Compiling dyn-clone v1.0.20
   Compiling colored v3.1.1
   Compiling bitflags v1.3.2
   Compiling fixedbitset v0.5.7
   Compiling log v0.4.29
   Compiling pin-project-lite v0.2.17
   Compiling clap_builder v4.6.0
   Compiling petgraph v0.8.3
   Compiling numerica v1.4.3
   Compiling tracing v0.1.44
   Compiling tracing-log v0.2.0
   Compiling region v3.0.2
   Compiling ciborium-ll v0.2.2
   Compiling sharded-slab v0.1.7
   Compiling num-rational v0.4.2
   Compiling wasmtime-jit-icache-coherence v34.0.2
   Compiling brotli-decompressor v5.0.0
   Compiling matchers v0.2.0
   Compiling itertools v0.13.0
   Compiling thread_local v1.1.9
   Compiling symbolica v1.5.1
   Compiling spec_math v0.1.6
   Compiling nu-ansi-term v0.50.3
   Compiling static_assertions v1.1.0
   Compiling tracing-subscriber v0.3.23
   Compiling symjit v2.14.9
   Compiling brotli v8.0.2
   Compiling criterion-plot v0.6.0
   Compiling num v0.4.3
   Compiling graphica v1.2.1
   Compiling mimalloc v0.1.50
   Compiling clap v4.6.1
   Compiling ciborium v0.2.2
   Compiling tinytemplate v1.2.1
   Compiling regex v1.12.3
   Compiling libloading v0.9.0
   Compiling bytes v1.11.1
   Compiling append-only-vec v0.1.8
   Compiling byteorder v1.5.0
   Compiling tinyjson v2.5.1
   Compiling self_cell v1.2.2
   Compiling criterion v0.7.0
   Compiling proptest v1.11.0
   Compiling hyperreal v0.13.1 (/home/tim/Documents/GitHub/workspace/hyperreal)
   Compiling hyperlattice v0.6.1 (/home/tim/Documents/GitHub/workspace/hyperlattice)
    Finished `test` profile [unoptimized + debuginfo] target(s) in 28.23s
     Running unittests src/lib.rs (.audit-targets/ireal-derivative-18555/debug/deps/hyperlattice-8f15e1f41831c0be)

running 19 tests
test algebra2::tests::displacement2_builds_coordinate_difference ... ok
test algebra2::tests::product_sum_facts_track_structurally_zero_terms ... ok
test algebra2::tests::product_sum_helpers_preserve_short_exact_expressions ... ok
test algebra2::tests::squared_distance2_avoids_square_root ... ok
test algebra2::tests::displacement2_facts_expose_axis_and_zero_masks ... ok
test algebra2::tests::squared_norm2_reuses_cached_displacement ... ok
test algebra2::tests::orient2_expr_facts_track_axis_collinear_and_perpendicular_cases ... ok
test algebra2::tests::orient2_expr_matches_counter_clockwise_triangle ... ok
test algebra2::tests::wedge2_builds_signed_area_expression ... ok
test matrix::core::fact_layout_tests::immediate_matrix_facts_retain_one_exact_set_summary ... ok
test point::tests::point_centroid_weighted_sum_and_lerp_stay_in_real_coordinates ... ok
test point::tests::point_boundary_arrays_reject_nonfinite_values ... ok
test projective::tests::nonsparse_or_symbolic_rows_use_the_expanded_fallback ... ok
test projective::tests::parallel_planes_produce_point_at_infinity_without_affine_division ... ok
test projective::tests::sparse_intersection_handles_multiple_sparse_and_degenerate_rows ... ok
test projective::tests::three_plane_intersection_preserves_homogeneous_point ... ok
test projective::tests::two_plane_line_and_line_plane_match_three_plane_intersection ... ok
test projective::tests::wide_dyadic_affine_point_matches_independent_exact_division ... ok
test projective::tests::sparse_exact_row_matches_expanded_cofactors_for_every_position ... ok

test result: ok. 19 passed; 0 failed; 0 ignored; 0 measured; 0 filtered out; finished in 0.00s

